# cmsearch :: search CM(s) against a sequence database
# INFERNAL 1.1.5 (Sep 2023)
# Copyright (C) 2023 Howard Hughes Medical Institute.
# Freely distributed under the BSD open source license.
# - - - - - - - - - - - - - - - - - - - - - - - - - - - - - - - - - - - -
# query CM file:                         A7_analysis/patent.cm
# target sequence database:              /tmp/tmplof_sfyc/queries.fa
# output directed to file:               optimization_a7/100gen/_workspace/cmsearch_logs/gen_0077/patent_cmsearch.out
# MSA of significant hits saved to file: optimization_a7/100gen/_workspace/cmsearch_logs/gen_0077/patent_cmsearch.sto
# tabular output of hits:                optimization_a7/100gen/_workspace/cmsearch_logs/gen_0077/patent_cmsearch.tblout
# max ASCII text line length:            unlimited
# sequence reporting threshold:          E-value <= 1000
# number of worker threads:              4
# - - - - - - - - - - - - - - - - - - - - - - - - - - - - - - - - - - - -

Query:       patent_aligned  [CLEN=36]
Hit scores:
 rank     E-value  score  bias  sequence        start    end   mdl trunc   gc  description
 ----   --------- ------ -----  -------------- ------ ------   --- ----- ----  -----------
  (1) !   2.4e-10   43.7   0.0  ind_0077_00000    147    182 +  cm    no 0.78  -
  (2) !   2.4e-10   43.7   0.0  ind_0077_00001    147    182 +  cm    no 0.78  -
  (3) !   2.4e-10   43.7   0.0  ind_0077_00002    147    182 +  cm    no 0.78  -
  (4) !   2.4e-10   43.7   0.0  ind_0077_00003    147    182 +  cm    no 0.78  -
  (5) !   2.4e-10   43.7   0.0  ind_0077_00004    147    182 +  cm    no 0.78  -
  (6) !   2.4e-10   43.7   0.0  ind_0077_00005    147    182 +  cm    no 0.78  -
  (7) !   2.4e-10   43.7   0.0  ind_0077_00006    147    182 +  cm    no 0.78  -
  (8) !   2.4e-10   43.7   0.0  ind_0077_00007    147    182 +  cm    no 0.78  -
  (9) !   2.4e-10   43.7   0.0  ind_0077_00008    147    182 +  cm    no 0.78  -
 (10) !   2.4e-10   43.7   0.0  ind_0077_00009    147    182 +  cm    no 0.78  -
 (11) !   2.4e-10   43.7   0.0  ind_0077_00011    147    182 +  cm    no 0.78  -
 (12) !   2.4e-10   43.7   0.0  ind_0077_00012    147    182 +  cm    no 0.78  -
 (13) !   2.4e-10   43.7   0.0  ind_0077_00013    147    182 +  cm    no 0.78  -
 (14) !   2.4e-10   43.7   0.0  ind_0077_00016    147    182 +  cm    no 0.78  -
 (15) !   2.4e-10   43.7   0.0  ind_0077_00018    147    182 +  cm    no 0.78  -
 (16) !   2.4e-10   43.7   0.0  ind_0077_00020    147    182 +  cm    no 0.78  -
 (17) !   2.4e-10   43.7   0.0  ind_0077_00022    147    182 +  cm    no 0.78  -
 (18) !   2.4e-10   43.7   0.0  ind_0077_00023    147    182 +  cm    no 0.78  -
 (19) !   2.4e-10   43.7   0.0  ind_0077_00024    147    182 +  cm    no 0.78  -
 (20) !   2.4e-10   43.7   0.0  ind_0077_00025    147    182 +  cm    no 0.78  -
 (21) !   2.4e-10   43.7   0.0  ind_0077_00026    147    182 +  cm    no 0.78  -
 (22) !   2.4e-10   43.7   0.0  ind_0077_00027    147    182 +  cm    no 0.78  -
 (23) !   2.4e-10   43.7   0.0  ind_0077_00028    147    182 +  cm    no 0.78  -
 (24) !   2.4e-10   43.7   0.0  ind_0077_00029    147    182 +  cm    no 0.78  -
 (25) !   2.4e-10   43.7   0.0  ind_0077_00030    147    182 +  cm    no 0.78  -
 (26) !   2.4e-10   43.7   0.0  ind_0077_00031    147    182 +  cm    no 0.78  -
 (27) !   2.4e-10   43.7   0.0  ind_0077_00033    147    182 +  cm    no 0.78  -
 (28) !   2.4e-10   43.7   0.0  ind_0077_00034    147    182 +  cm    no 0.78  -
 (29) !   2.4e-10   43.7   0.0  ind_0077_00035    147    182 +  cm    no 0.78  -
 (30) !   2.4e-10   43.7   0.0  ind_0077_00036    147    182 +  cm    no 0.78  -
 (31) !   2.4e-10   43.7   0.0  ind_0077_00037    147    182 +  cm    no 0.78  -
 (32) !   2.4e-10   43.7   0.0  ind_0077_00038    147    182 +  cm    no 0.78  -
 (33) !   2.4e-10   43.7   0.0  ind_0077_00040    147    182 +  cm    no 0.78  -
 (34) !   2.4e-10   43.7   0.0  ind_0077_00041    147    182 +  cm    no 0.78  -
 (35) !   2.4e-10   43.7   0.0  ind_0077_00042    147    182 +  cm    no 0.78  -
 (36) !   2.4e-10   43.7   0.0  ind_0077_00043    147    182 +  cm    no 0.78  -
 (37) !   2.4e-10   43.7   0.0  ind_0077_00044    147    182 +  cm    no 0.78  -
 (38) !   2.4e-10   43.7   0.0  ind_0077_00045    147    182 +  cm    no 0.78  -
 (39) !   2.4e-10   43.7   0.0  ind_0077_00046    147    182 +  cm    no 0.78  -
 (40) !   2.4e-10   43.7   0.0  ind_0077_00047    147    182 +  cm    no 0.78  -
 (41) !   2.4e-10   43.7   0.0  ind_0077_00048    147    182 +  cm    no 0.78  -
 (42) !   5.7e-10   42.3   0.0  ind_0077_00049    147    182 +  cm    no 0.81  -
 (43) !   3.7e-09   39.2   0.0  ind_0077_00014    147    181 +  cm    no 0.80  -
 (44) !   5.8e-09   38.5   0.0  ind_0077_00032    147    182 +  cm    no 0.78  -
 (45) !   7.8e-09   38.0   0.0  ind_0077_00019    147    182 +  cm    no 0.75  -
 (46) !     1e-08   37.6   0.0  ind_0077_00039    147    182 +  cm    no 0.75  -
 (47) !   6.1e-08   34.6   0.0  ind_0077_00010    147    182 +  cm    no 0.78  -
 (48) !   6.8e-08   34.4   0.0  ind_0077_00021    147    182 +  cm    no 0.78  -
 (49) !   7.3e-08   34.3   0.0  ind_0077_00017    147    182 +  cm    no 0.78  -
 (50) !   8.5e-08   34.1   0.0  ind_0077_00015    147    182 +  cm    no 0.78  -


Hit alignments:
>> ind_0077_00000  
 rank     E-value  score  bias mdl mdl from   mdl to       seq from      seq to       acc trunc   gc
 ----   --------- ------ ----- --- -------- --------    ----------- -----------      ---- ----- ----
  (1) !   2.4e-10   43.7   0.0  cm        1       36 []         147         182 + .. 1.00    no 0.78

                                                          NC
                     :::::<<<--<<<<<<_________>>>>>>-->>> CS
  patent_aligned   1 GGUCAGACCCUGGUCCGGGGCAAUGGGACCACUGUU 36 
                     GGUC GACCC GG CCG GGCAA GGG CC CUGUU
  ind_0077_00000 147 GGUCGGACCCCGGCCCGAGGCAACGGGGCCGCUGUU 182
                     ************************************ PP

>> ind_0077_00001  
 rank     E-value  score  bias mdl mdl from   mdl to       seq from      seq to       acc trunc   gc
 ----   --------- ------ ----- --- -------- --------    ----------- -----------      ---- ----- ----
  (2) !   2.4e-10   43.7   0.0  cm        1       36 []         147         182 + .. 1.00    no 0.78

                                                          NC
                     :::::<<<--<<<<<<_________>>>>>>-->>> CS
  patent_aligned   1 GGUCAGACCCUGGUCCGGGGCAAUGGGACCACUGUU 36 
                     GGUC GACCC GG CCG GGCAA GGG CC CUGUU
  ind_0077_00001 147 GGUCGGACCCCGGCCCGAGGCAACGGGGCCGCUGUU 182
                     ************************************ PP

>> ind_0077_00002  
 rank     E-value  score  bias mdl mdl from   mdl to       seq from      seq to       acc trunc   gc
 ----   --------- ------ ----- --- -------- --------    ----------- -----------      ---- ----- ----
  (3) !   2.4e-10   43.7   0.0  cm        1       36 []         147         182 + .. 1.00    no 0.78

                                                          NC
                     :::::<<<--<<<<<<_________>>>>>>-->>> CS
  patent_aligned   1 GGUCAGACCCUGGUCCGGGGCAAUGGGACCACUGUU 36 
                     GGUC GACCC GG CCG GGCAA GGG CC CUGUU
  ind_0077_00002 147 GGUCGGACCCCGGCCCGAGGCAACGGGGCCGCUGUU 182
                     ************************************ PP

>> ind_0077_00003  
 rank     E-value  score  bias mdl mdl from   mdl to       seq from      seq to       acc trunc   gc
 ----   --------- ------ ----- --- -------- --------    ----------- -----------      ---- ----- ----
  (4) !   2.4e-10   43.7   0.0  cm        1       36 []         147         182 + .. 1.00    no 0.78

                                                          NC
                     :::::<<<--<<<<<<_________>>>>>>-->>> CS
  patent_aligned   1 GGUCAGACCCUGGUCCGGGGCAAUGGGACCACUGUU 36 
                     GGUC GACCC GG CCG GGCAA GGG CC CUGUU
  ind_0077_00003 147 GGUCGGACCCCGGCCCGAGGCAACGGGGCCGCUGUU 182
                     ************************************ PP

>> ind_0077_00004  
 rank     E-value  score  bias mdl mdl from   mdl to       seq from      seq to       acc trunc   gc
 ----   --------- ------ ----- --- -------- --------    ----------- -----------      ---- ----- ----
  (5) !   2.4e-10   43.7   0.0  cm        1       36 []         147         182 + .. 1.00    no 0.78

                                                          NC
                     :::::<<<--<<<<<<_________>>>>>>-->>> CS
  patent_aligned   1 GGUCAGACCCUGGUCCGGGGCAAUGGGACCACUGUU 36 
                     GGUC GACCC GG CCG GGCAA GGG CC CUGUU
  ind_0077_00004 147 GGUCGGACCCCGGCCCGAGGCAACGGGGCCGCUGUU 182
                     ************************************ PP

>> ind_0077_00005  
 rank     E-value  score  bias mdl mdl from   mdl to       seq from      seq to       acc trunc   gc
 ----   --------- ------ ----- --- -------- --------    ----------- -----------      ---- ----- ----
  (6) !   2.4e-10   43.7   0.0  cm        1       36 []         147         182 + .. 1.00    no 0.78

                                                          NC
                     :::::<<<--<<<<<<_________>>>>>>-->>> CS
  patent_aligned   1 GGUCAGACCCUGGUCCGGGGCAAUGGGACCACUGUU 36 
                     GGUC GACCC GG CCG GGCAA GGG CC CUGUU
  ind_0077_00005 147 GGUCGGACCCCGGCCCGAGGCAACGGGGCCGCUGUU 182
                     ************************************ PP

>> ind_0077_00006  
 rank     E-value  score  bias mdl mdl from   mdl to       seq from      seq to       acc trunc   gc
 ----   --------- ------ ----- --- -------- --------    ----------- -----------      ---- ----- ----
  (7) !   2.4e-10   43.7   0.0  cm        1       36 []         147         182 + .. 1.00    no 0.78

                                                          NC
                     :::::<<<--<<<<<<_________>>>>>>-->>> CS
  patent_aligned   1 GGUCAGACCCUGGUCCGGGGCAAUGGGACCACUGUU 36 
                     GGUC GACCC GG CCG GGCAA GGG CC CUGUU
  ind_0077_00006 147 GGUCGGACCCCGGCCCGAGGCAACGGGGCCGCUGUU 182
                     ************************************ PP

>> ind_0077_00007  
 rank     E-value  score  bias mdl mdl from   mdl to       seq from      seq to       acc trunc   gc
 ----   --------- ------ ----- --- -------- --------    ----------- -----------      ---- ----- ----
  (8) !   2.4e-10   43.7   0.0  cm        1       36 []         147         182 + .. 1.00    no 0.78

                                                          NC
                     :::::<<<--<<<<<<_________>>>>>>-->>> CS
  patent_aligned   1 GGUCAGACCCUGGUCCGGGGCAAUGGGACCACUGUU 36 
                     GGUC GACCC GG CCG GGCAA GGG CC CUGUU
  ind_0077_00007 147 GGUCGGACCCCGGCCCGAGGCAACGGGGCCGCUGUU 182
                     ************************************ PP

>> ind_0077_00008  
 rank     E-value  score  bias mdl mdl from   mdl to       seq from      seq to       acc trunc   gc
 ----   --------- ------ ----- --- -------- --------    ----------- -----------      ---- ----- ----
  (9) !   2.4e-10   43.7   0.0  cm        1       36 []         147         182 + .. 1.00    no 0.78

                                                          NC
                     :::::<<<--<<<<<<_________>>>>>>-->>> CS
  patent_aligned   1 GGUCAGACCCUGGUCCGGGGCAAUGGGACCACUGUU 36 
                     GGUC GACCC GG CCG GGCAA GGG CC CUGUU
  ind_0077_00008 147 GGUCGGACCCCGGCCCGAGGCAACGGGGCCGCUGUU 182
                     ************************************ PP

>> ind_0077_00009  
 rank     E-value  score  bias mdl mdl from   mdl to       seq from      seq to       acc trunc   gc
 ----   --------- ------ ----- --- -------- --------    ----------- -----------      ---- ----- ----
 (10) !   2.4e-10   43.7   0.0  cm        1       36 []         147         182 + .. 1.00    no 0.78

                                                          NC
                     :::::<<<--<<<<<<_________>>>>>>-->>> CS
  patent_aligned   1 GGUCAGACCCUGGUCCGGGGCAAUGGGACCACUGUU 36 
                     GGUC GACCC GG CCG GGCAA GGG CC CUGUU
  ind_0077_00009 147 GGUCGGACCCCGGCCCGAGGCAACGGGGCCGCUGUU 182
                     ************************************ PP

>> ind_0077_00011  
 rank     E-value  score  bias mdl mdl from   mdl to       seq from      seq to       acc trunc   gc
 ----   --------- ------ ----- --- -------- --------    ----------- -----------      ---- ----- ----
 (11) !   2.4e-10   43.7   0.0  cm        1       36 []         147         182 + .. 1.00    no 0.78

                                                          NC
                     :::::<<<--<<<<<<_________>>>>>>-->>> CS
  patent_aligned   1 GGUCAGACCCUGGUCCGGGGCAAUGGGACCACUGUU 36 
                     GGUC GACCC GG CCG GGCAA GGG CC CUGUU
  ind_0077_00011 147 GGUCGGACCCCGGCCCGAGGCAACGGGGCCGCUGUU 182
                     ************************************ PP

>> ind_0077_00012  
 rank     E-value  score  bias mdl mdl from   mdl to       seq from      seq to       acc trunc   gc
 ----   --------- ------ ----- --- -------- --------    ----------- -----------      ---- ----- ----
 (12) !   2.4e-10   43.7   0.0  cm        1       36 []         147         182 + .. 1.00    no 0.78

                                                          NC
                     :::::<<<--<<<<<<_________>>>>>>-->>> CS
  patent_aligned   1 GGUCAGACCCUGGUCCGGGGCAAUGGGACCACUGUU 36 
                     GGUC GACCC GG CCG GGCAA GGG CC CUGUU
  ind_0077_00012 147 GGUCGGACCCCGGCCCGAGGCAACGGGGCCGCUGUU 182
                     ************************************ PP

>> ind_0077_00013  
 rank     E-value  score  bias mdl mdl from   mdl to       seq from      seq to       acc trunc   gc
 ----   --------- ------ ----- --- -------- --------    ----------- -----------      ---- ----- ----
 (13) !   2.4e-10   43.7   0.0  cm        1       36 []         147         182 + .. 1.00    no 0.78

                                                          NC
                     :::::<<<--<<<<<<_________>>>>>>-->>> CS
  patent_aligned   1 GGUCAGACCCUGGUCCGGGGCAAUGGGACCACUGUU 36 
                     GGUC GACCC GG CCG GGCAA GGG CC CUGUU
  ind_0077_00013 147 GGUCGGACCCCGGCCCGAGGCAACGGGGCCGCUGUU 182
                     ************************************ PP

>> ind_0077_00016  
 rank     E-value  score  bias mdl mdl from   mdl to       seq from      seq to       acc trunc   gc
 ----   --------- ------ ----- --- -------- --------    ----------- -----------      ---- ----- ----
 (14) !   2.4e-10   43.7   0.0  cm        1       36 []         147         182 + .. 1.00    no 0.78

                                                          NC
                     :::::<<<--<<<<<<_________>>>>>>-->>> CS
  patent_aligned   1 GGUCAGACCCUGGUCCGGGGCAAUGGGACCACUGUU 36 
                     GGUC GACCC GG CCG GGCAA GGG CC CUGUU
  ind_0077_00016 147 GGUCGGACCCCGGCCCGAGGCAACGGGGCCGCUGUU 182
                     ************************************ PP

>> ind_0077_00018  
 rank     E-value  score  bias mdl mdl from   mdl to       seq from      seq to       acc trunc   gc
 ----   --------- ------ ----- --- -------- --------    ----------- -----------      ---- ----- ----
 (15) !   2.4e-10   43.7   0.0  cm        1       36 []         147         182 + .. 1.00    no 0.78

                                                          NC
                     :::::<<<--<<<<<<_________>>>>>>-->>> CS
  patent_aligned   1 GGUCAGACCCUGGUCCGGGGCAAUGGGACCACUGUU 36 
                     GGUC GACCC GG CCG GGCAA GGG CC CUGUU
  ind_0077_00018 147 GGUCGGACCCCGGCCCGAGGCAACGGGGCCGCUGUU 182
                     ************************************ PP

>> ind_0077_00020  
 rank     E-value  score  bias mdl mdl from   mdl to       seq from      seq to       acc trunc   gc
 ----   --------- ------ ----- --- -------- --------    ----------- -----------      ---- ----- ----
 (16) !   2.4e-10   43.7   0.0  cm        1       36 []         147         182 + .. 1.00    no 0.78

                                                          NC
                     :::::<<<--<<<<<<_________>>>>>>-->>> CS
  patent_aligned   1 GGUCAGACCCUGGUCCGGGGCAAUGGGACCACUGUU 36 
                     GGUC GACCC GG CCG GGCAA GGG CC CUGUU
  ind_0077_00020 147 GGUCGGACCCCGGCCCGAGGCAACGGGGCCGCUGUU 182
                     ************************************ PP

>> ind_0077_00022  
 rank     E-value  score  bias mdl mdl from   mdl to       seq from      seq to       acc trunc   gc
 ----   --------- ------ ----- --- -------- --------    ----------- -----------      ---- ----- ----
 (17) !   2.4e-10   43.7   0.0  cm        1       36 []         147         182 + .. 1.00    no 0.78

                                                          NC
                     :::::<<<--<<<<<<_________>>>>>>-->>> CS
  patent_aligned   1 GGUCAGACCCUGGUCCGGGGCAAUGGGACCACUGUU 36 
                     GGUC GACCC GG CCG GGCAA GGG CC CUGUU
  ind_0077_00022 147 GGUCGGACCCCGGCCCGAGGCAACGGGGCCGCUGUU 182
                     ************************************ PP

>> ind_0077_00023  
 rank     E-value  score  bias mdl mdl from   mdl to       seq from      seq to       acc trunc   gc
 ----   --------- ------ ----- --- -------- --------    ----------- -----------      ---- ----- ----
 (18) !   2.4e-10   43.7   0.0  cm        1       36 []         147         182 + .. 1.00    no 0.78

                                                          NC
                     :::::<<<--<<<<<<_________>>>>>>-->>> CS
  patent_aligned   1 GGUCAGACCCUGGUCCGGGGCAAUGGGACCACUGUU 36 
                     GGUC GACCC GG CCG GGCAA GGG CC CUGUU
  ind_0077_00023 147 GGUCGGACCCCGGCCCGAGGCAACGGGGCCGCUGUU 182
                     ************************************ PP

>> ind_0077_00024  
 rank     E-value  score  bias mdl mdl from   mdl to       seq from      seq to       acc trunc   gc
 ----   --------- ------ ----- --- -------- --------    ----------- -----------      ---- ----- ----
 (19) !   2.4e-10   43.7   0.0  cm        1       36 []         147         182 + .. 1.00    no 0.78

                                                          NC
                     :::::<<<--<<<<<<_________>>>>>>-->>> CS
  patent_aligned   1 GGUCAGACCCUGGUCCGGGGCAAUGGGACCACUGUU 36 
                     GGUC GACCC GG CCG GGCAA GGG CC CUGUU
  ind_0077_00024 147 GGUCGGACCCCGGCCCGAGGCAACGGGGCCGCUGUU 182
                     ************************************ PP

>> ind_0077_00025  
 rank     E-value  score  bias mdl mdl from   mdl to       seq from      seq to       acc trunc   gc
 ----   --------- ------ ----- --- -------- --------    ----------- -----------      ---- ----- ----
 (20) !   2.4e-10   43.7   0.0  cm        1       36 []         147         182 + .. 1.00    no 0.78

                                                          NC
                     :::::<<<--<<<<<<_________>>>>>>-->>> CS
  patent_aligned   1 GGUCAGACCCUGGUCCGGGGCAAUGGGACCACUGUU 36 
                     GGUC GACCC GG CCG GGCAA GGG CC CUGUU
  ind_0077_00025 147 GGUCGGACCCCGGCCCGAGGCAACGGGGCCGCUGUU 182
                     ************************************ PP

>> ind_0077_00026  
 rank     E-value  score  bias mdl mdl from   mdl to       seq from      seq to       acc trunc   gc
 ----   --------- ------ ----- --- -------- --------    ----------- -----------      ---- ----- ----
 (21) !   2.4e-10   43.7   0.0  cm        1       36 []         147         182 + .. 1.00    no 0.78

                                                          NC
                     :::::<<<--<<<<<<_________>>>>>>-->>> CS
  patent_aligned   1 GGUCAGACCCUGGUCCGGGGCAAUGGGACCACUGUU 36 
                     GGUC GACCC GG CCG GGCAA GGG CC CUGUU
  ind_0077_00026 147 GGUCGGACCCCGGCCCGAGGCAACGGGGCCGCUGUU 182
                     ************************************ PP

>> ind_0077_00027  
 rank     E-value  score  bias mdl mdl from   mdl to       seq from      seq to       acc trunc   gc
 ----   --------- ------ ----- --- -------- --------    ----------- -----------      ---- ----- ----
 (22) !   2.4e-10   43.7   0.0  cm        1       36 []         147         182 + .. 1.00    no 0.78

                                                          NC
                     :::::<<<--<<<<<<_________>>>>>>-->>> CS
  patent_aligned   1 GGUCAGACCCUGGUCCGGGGCAAUGGGACCACUGUU 36 
                     GGUC GACCC GG CCG GGCAA GGG CC CUGUU
  ind_0077_00027 147 GGUCGGACCCCGGCCCGAGGCAACGGGGCCGCUGUU 182
                     ************************************ PP

>> ind_0077_00028  
 rank     E-value  score  bias mdl mdl from   mdl to       seq from      seq to       acc trunc   gc
 ----   --------- ------ ----- --- -------- --------    ----------- -----------      ---- ----- ----
 (23) !   2.4e-10   43.7   0.0  cm        1       36 []         147         182 + .. 1.00    no 0.78

                                                          NC
                     :::::<<<--<<<<<<_________>>>>>>-->>> CS
  patent_aligned   1 GGUCAGACCCUGGUCCGGGGCAAUGGGACCACUGUU 36 
                     GGUC GACCC GG CCG GGCAA GGG CC CUGUU
  ind_0077_00028 147 GGUCGGACCCCGGCCCGAGGCAACGGGGCCGCUGUU 182
                     ************************************ PP

>> ind_0077_00029  
 rank     E-value  score  bias mdl mdl from   mdl to       seq from      seq to       acc trunc   gc
 ----   --------- ------ ----- --- -------- --------    ----------- -----------      ---- ----- ----
 (24) !   2.4e-10   43.7   0.0  cm        1       36 []         147         182 + .. 1.00    no 0.78

                                                          NC
                     :::::<<<--<<<<<<_________>>>>>>-->>> CS
  patent_aligned   1 GGUCAGACCCUGGUCCGGGGCAAUGGGACCACUGUU 36 
                     GGUC GACCC GG CCG GGCAA GGG CC CUGUU
  ind_0077_00029 147 GGUCGGACCCCGGCCCGAGGCAACGGGGCCGCUGUU 182
                     ************************************ PP

>> ind_0077_00030  
 rank     E-value  score  bias mdl mdl from   mdl to       seq from      seq to       acc trunc   gc
 ----   --------- ------ ----- --- -------- --------    ----------- -----------      ---- ----- ----
 (25) !   2.4e-10   43.7   0.0  cm        1       36 []         147         182 + .. 1.00    no 0.78

                                                          NC
                     :::::<<<--<<<<<<_________>>>>>>-->>> CS
  patent_aligned   1 GGUCAGACCCUGGUCCGGGGCAAUGGGACCACUGUU 36 
                     GGUC GACCC GG CCG GGCAA GGG CC CUGUU
  ind_0077_00030 147 GGUCGGACCCCGGCCCGAGGCAACGGGGCCGCUGUU 182
                     ************************************ PP

>> ind_0077_00031  
 rank     E-value  score  bias mdl mdl from   mdl to       seq from      seq to       acc trunc   gc
 ----   --------- ------ ----- --- -------- --------    ----------- -----------      ---- ----- ----
 (26) !   2.4e-10   43.7   0.0  cm        1       36 []         147         182 + .. 1.00    no 0.78

                                                          NC
                     :::::<<<--<<<<<<_________>>>>>>-->>> CS
  patent_aligned   1 GGUCAGACCCUGGUCCGGGGCAAUGGGACCACUGUU 36 
                     GGUC GACCC GG CCG GGCAA GGG CC CUGUU
  ind_0077_00031 147 GGUCGGACCCCGGCCCGAGGCAACGGGGCCGCUGUU 182
                     ************************************ PP

>> ind_0077_00033  
 rank     E-value  score  bias mdl mdl from   mdl to       seq from      seq to       acc trunc   gc
 ----   --------- ------ ----- --- -------- --------    ----------- -----------      ---- ----- ----
 (27) !   2.4e-10   43.7   0.0  cm        1       36 []         147         182 + .. 1.00    no 0.78

                                                          NC
                     :::::<<<--<<<<<<_________>>>>>>-->>> CS
  patent_aligned   1 GGUCAGACCCUGGUCCGGGGCAAUGGGACCACUGUU 36 
                     GGUC GACCC GG CCG GGCAA GGG CC CUGUU
  ind_0077_00033 147 GGUCGGACCCCGGCCCGAGGCAACGGGGCCGCUGUU 182
                     ************************************ PP

>> ind_0077_00034  
 rank     E-value  score  bias mdl mdl from   mdl to       seq from      seq to       acc trunc   gc
 ----   --------- ------ ----- --- -------- --------    ----------- -----------      ---- ----- ----
 (28) !   2.4e-10   43.7   0.0  cm        1       36 []         147         182 + .. 1.00    no 0.78

                                                          NC
                     :::::<<<--<<<<<<_________>>>>>>-->>> CS
  patent_aligned   1 GGUCAGACCCUGGUCCGGGGCAAUGGGACCACUGUU 36 
                     GGUC GACCC GG CCG GGCAA GGG CC CUGUU
  ind_0077_00034 147 GGUCGGACCCCGGCCCGAGGCAACGGGGCCGCUGUU 182
                     ************************************ PP

>> ind_0077_00035  
 rank     E-value  score  bias mdl mdl from   mdl to       seq from      seq to       acc trunc   gc
 ----   --------- ------ ----- --- -------- --------    ----------- -----------      ---- ----- ----
 (29) !   2.4e-10   43.7   0.0  cm        1       36 []         147         182 + .. 1.00    no 0.78

                                                          NC
                     :::::<<<--<<<<<<_________>>>>>>-->>> CS
  patent_aligned   1 GGUCAGACCCUGGUCCGGGGCAAUGGGACCACUGUU 36 
                     GGUC GACCC GG CCG GGCAA GGG CC CUGUU
  ind_0077_00035 147 GGUCGGACCCCGGCCCGAGGCAACGGGGCCGCUGUU 182
                     ************************************ PP

>> ind_0077_00036  
 rank     E-value  score  bias mdl mdl from   mdl to       seq from      seq to       acc trunc   gc
 ----   --------- ------ ----- --- -------- --------    ----------- -----------      ---- ----- ----
 (30) !   2.4e-10   43.7   0.0  cm        1       36 []         147         182 + .. 1.00    no 0.78

                                                          NC
                     :::::<<<--<<<<<<_________>>>>>>-->>> CS
  patent_aligned   1 GGUCAGACCCUGGUCCGGGGCAAUGGGACCACUGUU 36 
                     GGUC GACCC GG CCG GGCAA GGG CC CUGUU
  ind_0077_00036 147 GGUCGGACCCCGGCCCGAGGCAACGGGGCCGCUGUU 182
                     ************************************ PP

>> ind_0077_00037  
 rank     E-value  score  bias mdl mdl from   mdl to       seq from      seq to       acc trunc   gc
 ----   --------- ------ ----- --- -------- --------    ----------- -----------      ---- ----- ----
 (31) !   2.4e-10   43.7   0.0  cm        1       36 []         147         182 + .. 1.00    no 0.78

                                                          NC
                     :::::<<<--<<<<<<_________>>>>>>-->>> CS
  patent_aligned   1 GGUCAGACCCUGGUCCGGGGCAAUGGGACCACUGUU 36 
                     GGUC GACCC GG CCG GGCAA GGG CC CUGUU
  ind_0077_00037 147 GGUCGGACCCCGGCCCGAGGCAACGGGGCCGCUGUU 182
                     ************************************ PP

>> ind_0077_00038  
 rank     E-value  score  bias mdl mdl from   mdl to       seq from      seq to       acc trunc   gc
 ----   --------- ------ ----- --- -------- --------    ----------- -----------      ---- ----- ----
 (32) !   2.4e-10   43.7   0.0  cm        1       36 []         147         182 + .. 1.00    no 0.78

                                                          NC
                     :::::<<<--<<<<<<_________>>>>>>-->>> CS
  patent_aligned   1 GGUCAGACCCUGGUCCGGGGCAAUGGGACCACUGUU 36 
                     GGUC GACCC GG CCG GGCAA GGG CC CUGUU
  ind_0077_00038 147 GGUCGGACCCCGGCCCGAGGCAACGGGGCCGCUGUU 182
                     ************************************ PP

>> ind_0077_00040  
 rank     E-value  score  bias mdl mdl from   mdl to       seq from      seq to       acc trunc   gc
 ----   --------- ------ ----- --- -------- --------    ----------- -----------      ---- ----- ----
 (33) !   2.4e-10   43.7   0.0  cm        1       36 []         147         182 + .. 1.00    no 0.78

                                                          NC
                     :::::<<<--<<<<<<_________>>>>>>-->>> CS
  patent_aligned   1 GGUCAGACCCUGGUCCGGGGCAAUGGGACCACUGUU 36 
                     GGUC GACCC GG CCG GGCAA GGG CC CUGUU
  ind_0077_00040 147 GGUCGGACCCCGGCCCGAGGCAACGGGGCCGCUGUU 182
                     ************************************ PP

>> ind_0077_00041  
 rank     E-value  score  bias mdl mdl from   mdl to       seq from      seq to       acc trunc   gc
 ----   --------- ------ ----- --- -------- --------    ----------- -----------      ---- ----- ----
 (34) !   2.4e-10   43.7   0.0  cm        1       36 []         147         182 + .. 1.00    no 0.78

                                                          NC
                     :::::<<<--<<<<<<_________>>>>>>-->>> CS
  patent_aligned   1 GGUCAGACCCUGGUCCGGGGCAAUGGGACCACUGUU 36 
                     GGUC GACCC GG CCG GGCAA GGG CC CUGUU
  ind_0077_00041 147 GGUCGGACCCCGGCCCGAGGCAACGGGGCCGCUGUU 182
                     ************************************ PP

>> ind_0077_00042  
 rank     E-value  score  bias mdl mdl from   mdl to       seq from      seq to       acc trunc   gc
 ----   --------- ------ ----- --- -------- --------    ----------- -----------      ---- ----- ----
 (35) !   2.4e-10   43.7   0.0  cm        1       36 []         147         182 + .. 1.00    no 0.78

                                                          NC
                     :::::<<<--<<<<<<_________>>>>>>-->>> CS
  patent_aligned   1 GGUCAGACCCUGGUCCGGGGCAAUGGGACCACUGUU 36 
                     GGUC GACCC GG CCG GGCAA GGG CC CUGUU
  ind_0077_00042 147 GGUCGGACCCCGGCCCGAGGCAACGGGGCCGCUGUU 182
                     ************************************ PP

>> ind_0077_00043  
 rank     E-value  score  bias mdl mdl from   mdl to       seq from      seq to       acc trunc   gc
 ----   --------- ------ ----- --- -------- --------    ----------- -----------      ---- ----- ----
 (36) !   2.4e-10   43.7   0.0  cm        1       36 []         147         182 + .. 1.00    no 0.78

                                                          NC
                     :::::<<<--<<<<<<_________>>>>>>-->>> CS
  patent_aligned   1 GGUCAGACCCUGGUCCGGGGCAAUGGGACCACUGUU 36 
                     GGUC GACCC GG CCG GGCAA GGG CC CUGUU
  ind_0077_00043 147 GGUCGGACCCCGGCCCGAGGCAACGGGGCCGCUGUU 182
                     ************************************ PP

>> ind_0077_00044  
 rank     E-value  score  bias mdl mdl from   mdl to       seq from      seq to       acc trunc   gc
 ----   --------- ------ ----- --- -------- --------    ----------- -----------      ---- ----- ----
 (37) !   2.4e-10   43.7   0.0  cm        1       36 []         147         182 + .. 1.00    no 0.78

                                                          NC
                     :::::<<<--<<<<<<_________>>>>>>-->>> CS
  patent_aligned   1 GGUCAGACCCUGGUCCGGGGCAAUGGGACCACUGUU 36 
                     GGUC GACCC GG CCG GGCAA GGG CC CUGUU
  ind_0077_00044 147 GGUCGGACCCCGGCCCGAGGCAACGGGGCCGCUGUU 182
                     ************************************ PP

>> ind_0077_00045  
 rank     E-value  score  bias mdl mdl from   mdl to       seq from      seq to       acc trunc   gc
 ----   --------- ------ ----- --- -------- --------    ----------- -----------      ---- ----- ----
 (38) !   2.4e-10   43.7   0.0  cm        1       36 []         147         182 + .. 1.00    no 0.78

                                                          NC
                     :::::<<<--<<<<<<_________>>>>>>-->>> CS
  patent_aligned   1 GGUCAGACCCUGGUCCGGGGCAAUGGGACCACUGUU 36 
                     GGUC GACCC GG CCG GGCAA GGG CC CUGUU
  ind_0077_00045 147 GGUCGGACCCCGGCCCGAGGCAACGGGGCCGCUGUU 182
                     ************************************ PP

>> ind_0077_00046  
 rank     E-value  score  bias mdl mdl from   mdl to       seq from      seq to       acc trunc   gc
 ----   --------- ------ ----- --- -------- --------    ----------- -----------      ---- ----- ----
 (39) !   2.4e-10   43.7   0.0  cm        1       36 []         147         182 + .. 1.00    no 0.78

                                                          NC
                     :::::<<<--<<<<<<_________>>>>>>-->>> CS
  patent_aligned   1 GGUCAGACCCUGGUCCGGGGCAAUGGGACCACUGUU 36 
                     GGUC GACCC GG CCG GGCAA GGG CC CUGUU
  ind_0077_00046 147 GGUCGGACCCCGGCCCGAGGCAACGGGGCCGCUGUU 182
                     ************************************ PP

>> ind_0077_00047  
 rank     E-value  score  bias mdl mdl from   mdl to       seq from      seq to       acc trunc   gc
 ----   --------- ------ ----- --- -------- --------    ----------- -----------      ---- ----- ----
 (40) !   2.4e-10   43.7   0.0  cm        1       36 []         147         182 + .. 1.00    no 0.78

                                                          NC
                     :::::<<<--<<<<<<_________>>>>>>-->>> CS
  patent_aligned   1 GGUCAGACCCUGGUCCGGGGCAAUGGGACCACUGUU 36 
                     GGUC GACCC GG CCG GGCAA GGG CC CUGUU
  ind_0077_00047 147 GGUCGGACCCCGGCCCGAGGCAACGGGGCCGCUGUU 182
                     ************************************ PP

>> ind_0077_00048  
 rank     E-value  score  bias mdl mdl from   mdl to       seq from      seq to       acc trunc   gc
 ----   --------- ------ ----- --- -------- --------    ----------- -----------      ---- ----- ----
 (41) !   2.4e-10   43.7   0.0  cm        1       36 []         147         182 + .. 1.00    no 0.78

                                                          NC
                     :::::<<<--<<<<<<_________>>>>>>-->>> CS
  patent_aligned   1 GGUCAGACCCUGGUCCGGGGCAAUGGGACCACUGUU 36 
                     GGUC GACCC GG CCG GGCAA GGG CC CUGUU
  ind_0077_00048 147 GGUCGGACCCCGGCCCGAGGCAACGGGGCCGCUGUU 182
                     ************************************ PP

>> ind_0077_00049  
 rank     E-value  score  bias mdl mdl from   mdl to       seq from      seq to       acc trunc   gc
 ----   --------- ------ ----- --- -------- --------    ----------- -----------      ---- ----- ----
 (42) !   5.7e-10   42.3   0.0  cm        1       36 []         147         182 + .. 1.00    no 0.81

                                                          NC
                     :::::<<<--<<<<<<_________>>>>>>-->>> CS
  patent_aligned   1 GGUCAGACCCUGGUCCGGGGCAAUGGGACCACUGUU 36 
                     GGUC GACCC GG CCG GGCAA GGG CC CUGUU
  ind_0077_00049 147 GGUCGGACCCCGGCCCGCGGCAACGGGGCCGCUGUU 182
                     ************************************ PP

>> ind_0077_00014  
 rank     E-value  score  bias mdl mdl from   mdl to       seq from      seq to       acc trunc   gc
 ----   --------- ------ ----- --- -------- --------    ----------- -----------      ---- ----- ----
 (43) !   3.7e-09   39.2   0.0  cm        1       36 []         147         181 + .. 1.00    no 0.80

                          v                             v NC
                     :::::<<<--<<<<<<_________>>>>>>-->>> CS
  patent_aligned   1 GGUCAGACCCUGGUCCGGGGCAAUGGGACCACUGUU 36 
                     GGUC GACCC GG CCG GGCAA GGG CC CUGU 
  ind_0077_00014 147 GGUCGGACCCCGGCCCGAGGCAACGGGGCCGCUGU- 181
                     ***********************************. PP

>> ind_0077_00032  
 rank     E-value  score  bias mdl mdl from   mdl to       seq from      seq to       acc trunc   gc
 ----   --------- ------ ----- --- -------- --------    ----------- -----------      ---- ----- ----
 (44) !   5.8e-09   38.5   0.0  cm        1       36 []         147         182 + .. 1.00    no 0.78

                                                          NC
                     :::::<<<--<<<<<<_________>>>>>>-->>> CS
  patent_aligned   1 GGUCAGACCCUGGUCCGGGGCAAUGGGACCACUGUU 36 
                      GUC GACCC GG CCG GGCAA GGG CC CUGUU
  ind_0077_00032 147 CGUCGGACCCCGGCCCGAGGCAACGGGGCCGCUGUU 182
                     ************************************ PP

>> ind_0077_00019  
 rank     E-value  score  bias mdl mdl from   mdl to       seq from      seq to       acc trunc   gc
 ----   --------- ------ ----- --- -------- --------    ----------- -----------      ---- ----- ----
 (45) !   7.8e-09   38.0   0.0  cm        1       36 []         147         182 + .. 1.00    no 0.75

                                  v             v         NC
                     :::::<<<--<<<<<<_________>>>>>>-->>> CS
  patent_aligned   1 GGUCAGACCCUGGUCCGGGGCAAUGGGACCACUGUU 36 
                     GGUC GACCC GG CCG GGCAA GGG CC CUGUU
  ind_0077_00019 147 GGUCGGACCCCGGACCGAGGCAACGGGGCCGCUGUU 182
                     ************************************ PP

>> ind_0077_00039  
 rank     E-value  score  bias mdl mdl from   mdl to       seq from      seq to       acc trunc   gc
 ----   --------- ------ ----- --- -------- --------    ----------- -----------      ---- ----- ----
 (46) !     1e-08   37.6   0.0  cm        1       36 []         147         182 + .. 1.00    no 0.75

                          v                             v NC
                     :::::<<<--<<<<<<_________>>>>>>-->>> CS
  patent_aligned   1 GGUCAGACCCUGGUCCGGGGCAAUGGGACCACUGUU 36 
                     GGUC  ACCC GG CCG GGCAA GGG CC CUGU 
  ind_0077_00039 147 GGUCGUACCCCGGCCCGAGGCAACGGGGCCGCUGUU 182
                     ************************************ PP

>> ind_0077_00010  
 rank     E-value  score  bias mdl mdl from   mdl to       seq from      seq to       acc trunc   gc
 ----   --------- ------ ----- --- -------- --------    ----------- -----------      ---- ----- ----
 (47) !   6.1e-08   34.6   0.0  cm        1       36 []         147         182 + .. 1.00    no 0.78

                                 v               v        NC
                     :::::<<<--<<<<<<_________>>>>>>-->>> CS
  patent_aligned   1 GGUCAGACCCUGGUCCGGGGCAAUGGGACCACUGUU 36 
                     GGUC GACCC G  CCG GGCAA GGG  C CUGUU
  ind_0077_00010 147 GGUCGGACCCCGCCCCGAGGCAACGGGGCCGCUGUU 182
                     ************************************ PP

>> ind_0077_00021  
 rank     E-value  score  bias mdl mdl from   mdl to       seq from      seq to       acc trunc   gc
 ----   --------- ------ ----- --- -------- --------    ----------- -----------      ---- ----- ----
 (48) !   6.8e-08   34.4   0.0  cm        1       36 []         147         182 + .. 1.00    no 0.78

                                v                 v       NC
                     :::::<<<--<<<<<<_________>>>>>>-->>> CS
  patent_aligned   1 GGUCAGACCCUGGUCCGGGGCAAUGGGACCACUGUU 36 
                     GGUC GACCC  G CCG GGCAA GGG C  CUGUU
  ind_0077_00021 147 GGUCGGACCCCGGCCCGAGGCAACGGGGCGGCUGUU 182
                     ************************************ PP

>> ind_0077_00017  
 rank     E-value  score  bias mdl mdl from   mdl to       seq from      seq to       acc trunc   gc
 ----   --------- ------ ----- --- -------- --------    ----------- -----------      ---- ----- ----
 (49) !   7.3e-08   34.3   0.0  cm        1       36 []         147         182 + .. 1.00    no 0.78

                            v                         v   NC
                     :::::<<<--<<<<<<_________>>>>>>-->>> CS
  patent_aligned   1 GGUCAGACCCUGGUCCGGGGCAAUGGGACCACUGUU 36 
                     GGUC GA CC GG CCG GGCAA GGG CC CU UU
  ind_0077_00017 147 GGUCGGACCCCGGCCCGAGGCAACGGGGCCGCUCUU 182
                     ************************************ PP

>> ind_0077_00015  
 rank     E-value  score  bias mdl mdl from   mdl to       seq from      seq to       acc trunc   gc
 ----   --------- ------ ----- --- -------- --------    ----------- -----------      ---- ----- ----
 (50) !   8.5e-08   34.1   0.0  cm        1       36 []         147         182 + .. 1.00    no 0.78

                                    v         v           NC
                     :::::<<<--<<<<<<_________>>>>>>-->>> CS
  patent_aligned   1 GGUCAGACCCUGGUCCGGGGCAAUGGGACCACUGUU 36 
                     GGUC GACCC GG C G GGCAA G G CC CUGUU
  ind_0077_00015 147 GGUCGGACCCCGGCCCGAGGCAACGCGGCCGCUGUU 182
                     ************************************ PP



Internal CM pipeline statistics summary:
----------------------------------------
Query model(s):                                                  1  (36 consensus positions)
Target sequences:                                               50  (19700 residues searched)
Target sequences re-searched for truncated hits:                50  (10200 residues re-searched)
Windows   passing  local HMM SSV           filter:             252  (0.4711); expected (0.35)
Windows   passing  local HMM Viterbi       filter:                  (off)
Windows   passing  local HMM Viterbi  bias filter:                  (off)
Windows   passing  local HMM Forward       filter:             102  (0.1662); expected (0.02)
Windows   passing  local HMM Forward  bias filter:             102  (0.1662); expected (0.02)
Windows   passing glocal HMM Forward       filter:              52  (0.09254); expected (0.02)
Windows   passing glocal HMM Forward  bias filter:              51  (0.08913); expected (0.02)
Envelopes passing glocal HMM envelope defn filter:              51  (0.06191); expected (0.02)
Envelopes passing  local CM  CYK           filter:              51  (0.06191); expected (0.0001)
Total CM hits reported:                                         50  (0.06017); includes 0 truncated hit(s)

# CPU time: 0.07u 0.00s 00:00:00.07 Elapsed: 00:00:00.07
# Alignment of 50 hits satisfying inclusion thresholds saved to: optimization_a7/100gen/_workspace/cmsearch_logs/gen_0077/patent_cmsearch.sto
//
[ok]
