# cmsearch :: search CM(s) against a sequence database
# INFERNAL 1.1.5 (Sep 2023)
# Copyright (C) 2023 Howard Hughes Medical Institute.
# Freely distributed under the BSD open source license.
# - - - - - - - - - - - - - - - - - - - - - - - - - - - - - - - - - - - -
# query CM file:                         A7_analysis/patent.cm
# target sequence database:              /tmp/tmpx4rm2dk7/queries.fa
# output directed to file:               optimization_a7/100gen/_workspace/cmsearch_logs/gen_0009/patent_cmsearch.out
# MSA of significant hits saved to file: optimization_a7/100gen/_workspace/cmsearch_logs/gen_0009/patent_cmsearch.sto
# tabular output of hits:                optimization_a7/100gen/_workspace/cmsearch_logs/gen_0009/patent_cmsearch.tblout
# max ASCII text line length:            unlimited
# sequence reporting threshold:          E-value <= 1000
# number of worker threads:              4
# - - - - - - - - - - - - - - - - - - - - - - - - - - - - - - - - - - - -

Query:       patent_aligned  [CLEN=36]
Hit scores:
 rank     E-value  score  bias  sequence        start    end   mdl trunc   gc  description
 ----   --------- ------ -----  -------------- ------ ------   --- ----- ----  -----------
  (1) !   4.3e-06   27.7   0.0  ind_0009_00000    147    182 +  cm    no 0.58  -
  (2) !   4.8e-06   27.5   0.0  ind_0009_00034    147    182 +  cm    no 0.61  -
  (3) !   1.2e-05   26.0   0.0  ind_0009_00046    147    182 +  cm    no 0.56  -
  (4) !   1.3e-05   25.9   0.0  ind_0009_00027    147    182 +  cm    no 0.50  -
  (5) !   1.7e-05   25.4   0.0  ind_0009_00001    147    182 +  cm    no 0.56  -
  (6) !   1.9e-05   25.2   0.0  ind_0009_00035    147    182 +  cm    no 0.56  -
  (7) !   3.1e-05   24.4   0.0  ind_0009_00004    147    182 +  cm    no 0.50  -
  (8) !   3.1e-05   24.4   0.0  ind_0009_00041    147    182 +  cm    no 0.50  -
  (9) !   3.1e-05   24.4   0.0  ind_0009_00047    147    182 +  cm    no 0.50  -
 (10) !   4.4e-05   23.8   0.0  ind_0009_00002    147    182 +  cm    no 0.61  -
 (11) !   4.4e-05   23.8   0.0  ind_0009_00003    147    182 +  cm    no 0.61  -
 (12) !     7e-05   23.1   0.0  ind_0009_00009    147    179 +  cm    no 0.55  -
 (13) !   0.00026   20.9   0.0  ind_0009_00013    147    182 +  cm    no 0.64  -
 (14) !   0.00046   20.0   0.0  ind_0009_00024    147    182 +  cm    no 0.50  -
 (15) !    0.0014   18.2   0.0  ind_0009_00048    147    182 +  cm    no 0.58  -
 (16) !    0.0014   18.2   0.0  ind_0009_00020    147    182 +  cm    no 0.56  -
 (17) !    0.0019   17.7   0.0  ind_0009_00016    147    182 +  cm    no 0.61  -
 (18) !    0.0022   17.5   0.0  ind_0009_00043    147    182 +  cm    no 0.61  -
 (19) !    0.0026   17.2   0.0  ind_0009_00029    147    182 +  cm    no 0.56  -
 (20) !    0.0031   16.9   0.0  ind_0009_00045    147    182 +  cm    no 0.53  -
 (21) !    0.0044   16.3   0.0  ind_0009_00006    147    182 +  cm    no 0.53  -
 (22) !    0.0045   16.3   0.0  ind_0009_00010    147    182 +  cm    no 0.47  -
 (23) !    0.0055   16.0   0.0  ind_0009_00036    147    182 +  cm    no 0.61  -
 (24) !    0.0062   15.8   0.0  ind_0009_00028    147    182 +  cm    no 0.53  -
 (25) !    0.0081   15.3   0.0  ind_0009_00021    147    182 +  cm    no 0.61  -
 (26) !    0.0083   15.3   0.0  ind_0009_00008    147    182 +  cm    no 0.56  -
 ------ inclusion threshold ------
 (27) ?     0.015   14.4   0.0  ind_0009_00007    147    182 +  cm    no 0.61  -
 (28) ?     0.017   14.1   0.0  ind_0009_00022    147    182 +  cm    no 0.53  -
 (29) ?      0.02   13.8   0.0  ind_0009_00025    147    182 +  cm    no 0.56  -
 (30) ?     0.022   13.7   0.0  ind_0009_00037    147    182 +  cm    no 0.53  -
 (31) ?     0.025   13.5   0.0  ind_0009_00018    147    182 +  cm    no 0.47  -
 (32) ?     0.033   13.0   0.0  ind_0009_00005    147    180 +  cm    no 0.50  -
 (33) ?     0.036   12.9   0.0  ind_0009_00032    147    182 +  cm    no 0.61  -
 (34) ?     0.048   12.4   0.0  ind_0009_00011    147    182 +  cm    no 0.47  -
 (35) ?     0.065   11.9   0.0  ind_0009_00019    147    182 +  cm    no 0.56  -
 (36) ?      0.17   10.3   0.0  ind_0009_00030    147    161 +  cm    no 0.60  -
 (37) ?      0.26    9.7   0.0  ind_0009_00038    147    172 +  cm    no 0.46  -
 (38) ?      0.37    9.1   0.0  ind_0009_00044    147    182 +  cm    no 0.53  -
 (39) ?   3.5e+02   -2.1   0.0  ind_0009_00030    170    179 +  cm    no 0.80  -
 (40) ?   6.4e+02   -3.1   0.0  ind_0009_00028    143    146 +  cm    no 0.50  -


Hit alignments:
>> ind_0009_00000  
 rank     E-value  score  bias mdl mdl from   mdl to       seq from      seq to       acc trunc   gc
 ----   --------- ------ ----- --- -------- --------    ----------- -----------      ---- ----- ----
  (1) !   4.3e-06   27.7   0.0  cm        1       36 []         147         182 + .. 0.99    no 0.58

                                                          NC
                     :::::<<<--<<<<<<_________>>>>>>-->>> CS
  patent_aligned   1 GGUCAGACCCUGGUCCGGGGCAAUGGGACCACUGUU 36 
                     GGUCAGACC  G  CC  G CAAUGGG  C CUGUU
  ind_0009_00000 147 GGUCAGACCAUGGUCCAAGCCAAUGGGGUCGCUGUU 182
                     ****************99999*************** PP

>> ind_0009_00034  
 rank     E-value  score  bias mdl mdl from   mdl to       seq from      seq to       acc trunc   gc
 ----   --------- ------ ----- --- -------- --------    ----------- -----------      ---- ----- ----
  (2) !   4.8e-06   27.5   0.0  cm        1       36 []         147         182 + .. 0.99    no 0.61

                          v      v               v      v NC
                     :::::<<<--<<<<<<_________>>>>>>-->>> CS
  patent_aligned   1 GGUCAGACCCUGGUCCGGGGCAAUGGGACCACUGUU 36 
                     GGUCA ACC UG UCC G  CAAUGGGA CACUGU 
  ind_0009_00034 147 GGUCAAACCGUGGUCCCGACCAAUGGGAGCACUGUC 182
                     ****************99999*************** PP

>> ind_0009_00046  
 rank     E-value  score  bias mdl mdl from   mdl to       seq from      seq to       acc trunc   gc
 ----   --------- ------ ----- --- -------- --------    ----------- -----------      ---- ----- ----
  (3) !   1.2e-05   26.0   0.0  cm        1       36 []         147         182 + .. 0.99    no 0.56

                                                          NC
                     :::::<<<--<<<<<<_________>>>>>>-->>> CS
  patent_aligned   1 GGUCAGACCCUGGUCCGGGGCAAUGGGACCACUGUU 36 
                     GGUCAGACC  G  CC  G CAAUGGG  C CUGUU
  ind_0009_00046 147 GGUCAGACCAUGUUCCUAGCCAAUGGGGACGCUGUU 182
                     ****************99999*************** PP

>> ind_0009_00027  
 rank     E-value  score  bias mdl mdl from   mdl to       seq from      seq to       acc trunc   gc
 ----   --------- ------ ----- --- -------- --------    ----------- -----------      ---- ----- ----
  (4) !   1.3e-05   25.9   0.0  cm        1       36 []         147         182 + .. 0.99    no 0.50

                                   v           v          NC
                     :::::<<<--<<<<<<_________>>>>>>-->>> CS
  patent_aligned   1 GGUCAGACCCUGGUCCGGGGCAAUGGGACCACUGUU 36 
                      GUCAGACC UG U CG   CAAUGG A CACUGUU
  ind_0009_00027 147 AGUCAGACCAUGGUGCGAACCAAUGGGAUCACUGUU 182
                     *****************9999*************** PP

>> ind_0009_00001  
 rank     E-value  score  bias mdl mdl from   mdl to       seq from      seq to       acc trunc   gc
 ----   --------- ------ ----- --- -------- --------    ----------- -----------      ---- ----- ----
  (5) !   1.7e-05   25.4   0.0  cm        1       36 []         147         182 + .. 0.99    no 0.56

                                  v             v         NC
                     :::::<<<--<<<<<<_________>>>>>>-->>> CS
  patent_aligned   1 GGUCAGACCCUGGUCCGGGGCAAUGGGACCACUGUU 36 
                     GGUCAGACC  G  CC  G CAAUGGG  C CUGUU
  ind_0009_00001 147 GGUCAGACCAUGGUCCAAGCCAAUGGGUUCGCUGUU 182
                     ****************99999*************** PP

>> ind_0009_00035  
 rank     E-value  score  bias mdl mdl from   mdl to       seq from      seq to       acc trunc   gc
 ----   --------- ------ ----- --- -------- --------    ----------- -----------      ---- ----- ----
  (6) !   1.9e-05   25.2   0.0  cm        1       36 []         147         182 + .. 0.99    no 0.56

                                                          NC
                     :::::<<<--<<<<<<_________>>>>>>-->>> CS
  patent_aligned   1 GGUCAGACCCUGGUCCGGGGCAAUGGGACCACUGUU 36 
                     GGUCA:ACC  G  CC  G CAAUGGG  C CUGU:
  ind_0009_00035 147 GGUCAAACCAUGGUCCAAGCCAAUGGGGUCGCUGUU 182
                     ****************99999*************** PP

>> ind_0009_00004  
 rank     E-value  score  bias mdl mdl from   mdl to       seq from      seq to       acc trunc   gc
 ----   --------- ------ ----- --- -------- --------    ----------- -----------      ---- ----- ----
  (7) !   3.1e-05   24.4   0.0  cm        1       36 []         147         182 + .. 0.99    no 0.50

                            v                         v   NC
                     :::::<<<--<<<<<<_________>>>>>>-->>> CS
  patent_aligned   1 GGUCAGACCCUGGUCCGGGGCAAUGGGACCACUGUU 36 
                      GUCA:A C UG U CGG  CAAUGG A CACU U:
  ind_0009_00004 147 AGUCAAACCUUGCUGCGGACCAAUGGCAGCACUAUU 182
                     ******************999*************** PP

>> ind_0009_00041  
 rank     E-value  score  bias mdl mdl from   mdl to       seq from      seq to       acc trunc   gc
 ----   --------- ------ ----- --- -------- --------    ----------- -----------      ---- ----- ----
  (8) !   3.1e-05   24.4   0.0  cm        1       36 []         147         182 + .. 0.99    no 0.50

                            v                         v   NC
                     :::::<<<--<<<<<<_________>>>>>>-->>> CS
  patent_aligned   1 GGUCAGACCCUGGUCCGGGGCAAUGGGACCACUGUU 36 
                      GUCA:A C UG U CGG  CAAUGG A CACU U:
  ind_0009_00041 147 AGUCAAACCUUGCUGCGGACCAAUGGCAGCACUAUU 182
                     ******************999*************** PP

>> ind_0009_00047  
 rank     E-value  score  bias mdl mdl from   mdl to       seq from      seq to       acc trunc   gc
 ----   --------- ------ ----- --- -------- --------    ----------- -----------      ---- ----- ----
  (9) !   3.1e-05   24.4   0.0  cm        1       36 []         147         182 + .. 0.99    no 0.50

                            v                         v   NC
                     :::::<<<--<<<<<<_________>>>>>>-->>> CS
  patent_aligned   1 GGUCAGACCCUGGUCCGGGGCAAUGGGACCACUGUU 36 
                      GUCA:A C UG U CGG  CAAUGG A CACU U:
  ind_0009_00047 147 AGUCAAACCUUGCUGCGGACCAAUGGCAGCACUAUU 182
                     ******************999*************** PP

>> ind_0009_00002  
 rank     E-value  score  bias mdl mdl from   mdl to       seq from      seq to       acc trunc   gc
 ----   --------- ------ ----- --- -------- --------    ----------- -----------      ---- ----- ----
 (10) !   4.4e-05   23.8   0.0  cm        1       36 []         147         182 + .. 0.99    no 0.61

                                 v               v        NC
                     :::::<<<--<<<<<<_________>>>>>>-->>> CS
  patent_aligned   1 GGUCAGACCCUGGUCCGGGGCAAUGGGACCACUGUU 36 
                     GGUCAGACC  G  CC  G CAAUGGG  C CUGUU
  ind_0009_00002 147 GGUCAGACCAUGGUCCAAGCCAAUGGGGGCGCUGUU 182
                     ****************99999*************** PP

>> ind_0009_00003  
 rank     E-value  score  bias mdl mdl from   mdl to       seq from      seq to       acc trunc   gc
 ----   --------- ------ ----- --- -------- --------    ----------- -----------      ---- ----- ----
 (11) !   4.4e-05   23.8   0.0  cm        1       36 []         147         182 + .. 0.99    no 0.61

                                 v               v        NC
                     :::::<<<--<<<<<<_________>>>>>>-->>> CS
  patent_aligned   1 GGUCAGACCCUGGUCCGGGGCAAUGGGACCACUGUU 36 
                     GGUCAGACC  G  CC  G CAAUGGG  C CUGUU
  ind_0009_00003 147 GGUCAGACCAUGGUCCAAGCCAAUGGGGGCGCUGUU 182
                     ****************99999*************** PP

>> ind_0009_00009  
 rank     E-value  score  bias mdl mdl from   mdl to       seq from      seq to       acc trunc   gc
 ----   --------- ------ ----- --- -------- --------    ----------- -----------      ---- ----- ----
 (12) !     7e-05   23.1   0.0  cm        1       36 []         147         179 + .. 0.99    no 0.55

                          vvv                         vvv NC
                     :::::<<<--<<<<<<_________>>>>>>-->>> CS
  patent_aligned   1 GGUCAGACCCUGGUCCGGGGCAAUGGGACCACUGUU 36 
                     GGUCA ACC UG U CGG  CAAUGG A CACU   
  ind_0009_00009 147 GGUCAAACCUUGUUGCGGACCAAUGGCAGCACU--- 179
                     ******************999************... PP

>> ind_0009_00013  
 rank     E-value  score  bias mdl mdl from   mdl to       seq from      seq to       acc trunc   gc
 ----   --------- ------ ----- --- -------- --------    ----------- -----------      ---- ----- ----
 (13) !   0.00026   20.9   0.0  cm        1       36 []         147         182 + .. 0.97    no 0.64

                                 v v           v v        NC
                     :::::<<<--<<<<<<_________>>>>>>-->>> CS
  patent_aligned   1 GGUCAGACCCUGGUCCGGGGCAAUGGGACCACUGUU 36 
                     GGU AGACC UG   C GGGCAAUGG   CAC GUU
  ind_0009_00013 147 GGUGAGACCAUGGUCCAGGGCAAUGGCGGCACCGUU 182
                     ************************99888******* PP

>> ind_0009_00024  
 rank     E-value  score  bias mdl mdl from   mdl to       seq from      seq to       acc trunc   gc
 ----   --------- ------ ----- --- -------- --------    ----------- -----------      ---- ----- ----
 (14) !   0.00046   20.0   0.0  cm        1       36 []         147         182 + .. 0.98    no 0.50

                            v                         v   NC
                     :::::<<<--<<<<<<_________>>>>>>-->>> CS
  patent_aligned   1 GGUCAGACCCUGGUCCGGGGCAAUGGGACCACUGUU 36 
                     GGUCA:A C UG U CGG  CAAU G A CACU U:
  ind_0009_00024 147 GGUCAAACCUUGUUGCGGACCAAUCGCAGCACUAUU 182
                     *****************99999999*********** PP

>> ind_0009_00048  
 rank     E-value  score  bias mdl mdl from   mdl to       seq from      seq to       acc trunc   gc
 ----   --------- ------ ----- --- -------- --------    ----------- -----------      ---- ----- ----
 (15) !    0.0014   18.2   0.0  cm        1       36 []         147         182 + .. 0.97    no 0.58

                                 v               v        NC
                     :::::<<<--<<<<<<_________>>>>>>-->>> CS
  patent_aligned   1 GGUCAGACCCUGGUCCGGGGCAAUGGGACCACUGUU 36 
                     GGUCAGACC  G   C  G CAAUGG   C CUGUU
  ind_0009_00048 147 GGUCAGACCAUGGUUCAAGCCAAUGGGGGCGCUGUU 182
                     ****************99999*************** PP

>> ind_0009_00020  
 rank     E-value  score  bias mdl mdl from   mdl to       seq from      seq to       acc trunc   gc
 ----   --------- ------ ----- --- -------- --------    ----------- -----------      ---- ----- ----
 (16) !    0.0014   18.2   0.0  cm        1       36 []         147         182 + .. 0.82    no 0.56

                                 v v           v v        NC
                     :::::<<<--<<<<<<_________>>>>>>-->>> CS
  patent_aligned   1 GGUCAGACCCUGGUCCGGGGCAAUGGGACCACUGUU 36 
                      GUCAGACC UG   CG   CAAUGG   CACUGUU
  ind_0009_00020 147 AGUCAGACCUUGGUCCGAACCAAUGGCGGCACUGUU 182
                     ************88887655566665555******* PP

>> ind_0009_00016  
 rank     E-value  score  bias mdl mdl from   mdl to       seq from      seq to       acc trunc   gc
 ----   --------- ------ ----- --- -------- --------    ----------- -----------      ---- ----- ----
 (17) !    0.0019   17.7   0.0  cm        1       36 []         147         182 + .. 0.96    no 0.61

                                 v               v        NC
                     :::::<<<--<<<<<<_________>>>>>>-->>> CS
  patent_aligned   1 GGUCAGACCCUGGUCCGGGGCAAUGGGACCACUGUU 36 
                     GGUCAGACC  G   C  G CAAUGG   C CUGUU
  ind_0009_00016 147 GGUCAGACCAUGGUGCAAGCCAAUGGCGGCGCUGUU 182
                     ************99999999999999999******* PP

>> ind_0009_00043  
 rank     E-value  score  bias mdl mdl from   mdl to       seq from      seq to       acc trunc   gc
 ----   --------- ------ ----- --- -------- --------    ----------- -----------      ---- ----- ----
 (18) !    0.0022   17.5   0.0  cm        1       36 []         147         182 + .. 0.99    no 0.61

                                 v               v        NC
                     :::::<<<--<<<<<<_________>>>>>>-->>> CS
  patent_aligned   1 GGUCAGACCCUGGUCCGGGGCAAUGGGACCACUGUU 36 
                     GG CAGACC  G  CC  G CAAUGGG  C CUGUU
  ind_0009_00043 147 GGGCAGACCAUGAUCCAAGCCAAUGGGGGCGCUGUU 182
                     ****************99999*************** PP

>> ind_0009_00029  
 rank     E-value  score  bias mdl mdl from   mdl to       seq from      seq to       acc trunc   gc
 ----   --------- ------ ----- --- -------- --------    ----------- -----------      ---- ----- ----
 (19) !    0.0026   17.2   0.0  cm        1       36 []         147         182 + .. 0.96    no 0.56

                               v                   v      NC
                     :::::<<<--<<<<<<_________>>>>>>-->>> CS
  patent_aligned   1 GGUCAGACCCUGGUCCGGGGCAAUGGGACCACUGUU 36 
                     GGUCAGACC  G  CC  G CAAU GG  C CUGUU
  ind_0009_00029 147 GGUCAGACCAAGGGCCAAGCCAAUAGGUUCGCUGUU 182
                     ****************999889999*********** PP

>> ind_0009_00045  
 rank     E-value  score  bias mdl mdl from   mdl to       seq from      seq to       acc trunc   gc
 ----   --------- ------ ----- --- -------- --------    ----------- -----------      ---- ----- ----
 (20) !    0.0031   16.9   0.0  cm        1       36 []         147         182 + .. 0.92    no 0.53

                                  v v         v v         NC
                     :::::<<<--<<<<<<_________>>>>>>-->>> CS
  patent_aligned   1 GGUCAGACCCUGGUCCGGGGCAAUGGGACCACUGUU 36 
                     GGUCAGACC  G  C   G CAAUG G  C CUGUU
  ind_0009_00045 147 GGUCAGACCAUGGUCCAAGCCAAUGUGUUCGCUGUU 182
                     ************99988877799998999******* PP

>> ind_0009_00006  
 rank     E-value  score  bias mdl mdl from   mdl to       seq from      seq to       acc trunc   gc
 ----   --------- ------ ----- --- -------- --------    ----------- -----------      ---- ----- ----
 (21) !    0.0044   16.3   0.0  cm        1       36 []         147         182 + .. 0.98    no 0.53

                                                          NC
                     :::::<<<--<<<<<<_________>>>>>>-->>> CS
  patent_aligned   1 GGUCAGACCCUGGUCCGGGGCAAUGGGACCACUGUU 36 
                      GUCAGACC  G  CC  G CAAU GG  C CUGUU
  ind_0009_00006 147 UGUCAGACCAUGGGCCAAGCCAAUAGGUUCGCUGUU 182
                     ****************99999***9*********** PP

>> ind_0009_00010  
 rank     E-value  score  bias mdl mdl from   mdl to       seq from      seq to       acc trunc   gc
 ----   --------- ------ ----- --- -------- --------    ----------- -----------      ---- ----- ----
 (22) !    0.0045   16.3   0.0  cm        1       36 []         147         182 + .. 0.99    no 0.47

                            v    v               v    v   NC
                     :::::<<<--<<<<<<_________>>>>>>-->>> CS
  patent_aligned   1 GGUCAGACCCUGGUCCGGGGCAAUGGGACCACUGUU 36 
                      GU A:A CCUG U C G  CAAUGG A CACU U:
  ind_0009_00010 147 AGUUAAACCCUGGUGCAGACCAAUGGCAGCACUAUU 182
                     *****************9999*************** PP

>> ind_0009_00036  
 rank     E-value  score  bias mdl mdl from   mdl to       seq from      seq to       acc trunc   gc
 ----   --------- ------ ----- --- -------- --------    ----------- -----------      ---- ----- ----
 (23) !    0.0055   16.0   0.0  cm        1       36 []         147         182 + .. 0.81    no 0.61

                                               NC
                     :::::<<<--<<~~~~~~>>-->>> CS
  patent_aligned   1 GGUCAGACCCUG*[17]*CACUGUU 36 
                     GGUCAGACC  G      C CUGUU
  ind_0009_00036 147 GGUCAGACCACG*[17]*CGCUGUU 182
                     **********99...6..99***** PP

>> ind_0009_00028  
 rank     E-value  score  bias mdl mdl from   mdl to       seq from      seq to       acc trunc   gc
 ----   --------- ------ ----- --- -------- --------    ----------- -----------      ---- ----- ----
 (24) !    0.0062   15.8   0.0  cm        1       36 []         147         182 + .. 1.00    no 0.53

                               v                   v      NC
                     :::::<<<--<<<<<<_________>>>>>>-->>> CS
  patent_aligned   1 GGUCAGACCCUGGUCCGGGGCAAUGGGACCACUGUU 36 
                      GU AGACC  G U  GG GCAAUG  A C C GUU
  ind_0009_00028 147 UGUGAGACCUUGCUUUGGCGCAAUGGAAGCUCCGUU 182
                     ************************************ PP

>> ind_0009_00021  
 rank     E-value  score  bias mdl mdl from   mdl to       seq from      seq to       acc trunc   gc
 ----   --------- ------ ----- --- -------- --------    ----------- -----------      ---- ----- ----
 (25) !    0.0081   15.3   0.0  cm        1       36 []         147         182 + .. 0.80    no 0.61

                                 v v           v v        NC
                     :::::<<<--<<<<<<_________>>>>>>-->>> CS
  patent_aligned   1 GGUCAGACCCUGGUCCGGGGCAAUGGGACCACUGUU 36 
                     GGUCAGACC  G   C  G CAAUGG   C CUGUU
  ind_0009_00021 147 GGUCAGACCAUGGUCCAAGCCAAUGGCGGCGCUGUU 182
                     **********9977776666677765555999**** PP

>> ind_0009_00008  
 rank     E-value  score  bias mdl mdl from   mdl to       seq from      seq to       acc trunc   gc
 ----   --------- ------ ----- --- -------- --------    ----------- -----------      ---- ----- ----
 (26) !    0.0083   15.3   0.0  cm        1       36 []         147         182 + .. 0.98    no 0.56

                                               NC
                     :::::<<<--<<~~~~~~>>-->>> CS
  patent_aligned   1 GGUCAGACCCUG*[17]*CACUGUU 36 
                     GGUCAGACC UG      CAC GUU
  ind_0009_00008 147 GGUCAGACCUUG*[17]*CACCGUU 182
                     ***********9...*..9****** PP

>> ind_0009_00007  
 rank     E-value  score  bias mdl mdl from   mdl to       seq from      seq to       acc trunc   gc
 ----   --------- ------ ----- --- -------- --------    ----------- -----------      ---- ----- ----
 (27) ?     0.015   14.4   0.0  cm        1       36 []         147         182 + .. 0.90    no 0.61

                                 v               v        NC
                     :::::<<<--<<<<<<_________>>>>>>-->>> CS
  patent_aligned   1 GGUCAGACCCUGGUCCGGGGCAAUGGGACCACUGUU 36 
                     GGUCAGACC  G  CC  G CA UGGG  C  UGUU
  ind_0009_00007 147 GGUCAGACCAUGGUCCAAGCCAGUGGGGGCGUUGUU 182
                     *********999999988888888899999999*** PP

>> ind_0009_00022  
 rank     E-value  score  bias mdl mdl from   mdl to       seq from      seq to       acc trunc   gc
 ----   --------- ------ ----- --- -------- --------    ----------- -----------      ---- ----- ----
 (28) ?     0.017   14.1   0.0  cm        1       36 []         147         182 + .. 0.99    no 0.53

                            v                         v   NC
                     :::::<<<--<<<<<<_________>>>>>>-->>> CS
  patent_aligned   1 GGUCAGACCCUGGUCCGGGGCAAUGGGACCACUGUU 36 
                     GGUCAGA    G  CC  G CAAUGGG  C CU UU
  ind_0009_00022 147 GGUCAGAAUAUGGUCCAAGCCAAUGGGGUCGCUGUU 182
                     ****************99999*************** PP

>> ind_0009_00025  
 rank     E-value  score  bias mdl mdl from   mdl to       seq from      seq to       acc trunc   gc
 ----   --------- ------ ----- --- -------- --------    ----------- -----------      ---- ----- ----
 (29) ?      0.02   13.8   0.0  cm        1       36 []         147         182 + .. 0.99    no 0.56

                          v       v             v       v NC
                     :::::<<<--<<<<<<_________>>>>>>-->>> CS
  patent_aligned   1 GGUCAGACCCUGGUCCGGGGCAAUGGGACCACUGUU 36 
                     GGU A AC  UG  CC GG CAA GGG  CACUGU 
  ind_0009_00025 147 GGUUACACGUUGGUCCUGGCCAACGGGUUCACUGUU 182
                     *****************9999*************** PP

>> ind_0009_00037  
 rank     E-value  score  bias mdl mdl from   mdl to       seq from      seq to       acc trunc   gc
 ----   --------- ------ ----- --- -------- --------    ----------- -----------      ---- ----- ----
 (30) ?     0.022   13.7   0.0  cm        1       36 []         147         182 + .. 0.88    no 0.53

                            v    v                v    v   NC
                     :::::<<<--<<<<<.<_________>>>>>>-->>> CS
  patent_aligned   1 GGUCAGACCCUGGUC.CGGGGCAAUGGGACCACUGUU 36 
                     GGUCAGA CCUG U  CGG  CAAUGG A CA U+UU
  ind_0009_00037 147 GGUCAGA-CCUGGUUgCGGACCAAUGGGAGCAUUAUU 182
                     *******.78887764877777************9** PP

>> ind_0009_00018  
 rank     E-value  score  bias mdl mdl from   mdl to       seq from      seq to       acc trunc   gc
 ----   --------- ------ ----- --- -------- --------    ----------- -----------      ---- ----- ----
 (31) ?     0.025   13.5   0.0  cm        1       36 []         147         182 + .. 0.99    no 0.47

                            v     vv           vv     v   NC
                     :::::<<<--<<<<<<_________>>>>>>-->>> CS
  patent_aligned   1 GGUCAGACCCUGGUCCGGGGCAAUGGGACCACUGUU 36 
                      GUCA:A C UG   CG G CAAUGG   CACU U:
  ind_0009_00018 147 AGUCAAACCUUGGUGCGAGCCAAUGGGUUCACUAUU 182
                     *****************9999*************** PP

>> ind_0009_00005  
 rank     E-value  score  bias mdl mdl from   mdl to       seq from      seq to       acc trunc   gc
 ----   --------- ------ ----- --- -------- --------    ----------- -----------      ---- ----- ----
 (32) ?     0.033   13.0   0.0  cm        1       36 []         147         180 + .. 0.97    no 0.50

                          v      vvv           vvv       v NC
                     :::::<<<--<<<<<<_________>>>>>>.-->>> CS
  patent_aligned   1 GGUCAGACCCUGGUCCGGGGCAAUGGGACCA.CUGUU 36 
                     GGUCA ACC UG+U+CGG  CAAUGG   CA CUGU 
  ind_0009_00005 147 GGUCAAACCUUGUUACGGACCAAUGG---CAgCUGUA 180
                     *****************9999*****...988***** PP

>> ind_0009_00032  
 rank     E-value  score  bias mdl mdl from   mdl to       seq from      seq to       acc trunc   gc
 ----   --------- ------ ----- --- -------- --------    ----------- -----------      ---- ----- ----
 (33) ?     0.036   12.9   0.0  cm        1       36 []         147         182 + .. 0.96    no 0.61

                           v    v v             v v    v  NC
                     :::::<<<--<<<<<<_________>>>>>>-->>> CS
  patent_aligned   1 GGUCAGACCCUGGUCCGGGGCAAUGGGACCACUGUU 36 
                     GGUCAG CC U G CC  G CAA GGG C ACUG U
  ind_0009_00032 147 GGUCAGCCCAUGGACCUAGCCAACGGGGCAACUGUU 182
                     ****************998889999*********** PP

>> ind_0009_00011  
 rank     E-value  score  bias mdl mdl from   mdl to       seq from      seq to       acc trunc   gc
 ----   --------- ------ ----- --- -------- --------    ----------- -----------      ---- ----- ----
 (34) ?     0.048   12.4   0.0  cm        1       36 []         147         182 + .. 0.91    no 0.47

                                v      v       NC
                     :::::<<<--<<~~~~~~>>-->>> CS
  patent_aligned   1 GGUCAGACCCUG*[17]*CACUGUU 36 
                     GGU AGACC U        ACUGUU
  ind_0009_00011 147 GGUUAGACCUUG*[17]*AACUGUU 182
                     ********9995...9..59***** PP

>> ind_0009_00019  
 rank     E-value  score  bias mdl mdl from   mdl to       seq from      seq to       acc trunc   gc
 ----   --------- ------ ----- --- -------- --------    ----------- -----------      ---- ----- ----
 (35) ?     0.065   11.9   0.0  cm        1       36 []         147         182 + .. 0.99    no 0.56

                          v                  v NC
                     :::::<<<--<<~~~~~~>>-->>> CS
  patent_aligned   1 GGUCAGACCCUG*[17]*CACUGUU 36 
                     GGUCA ACC UG      CACUGU 
  ind_0009_00019 147 GGUCAUACCGUG*[17]*CACUGUU 182
                     ***********9...*..9****** PP

>> ind_0009_00030  
 rank     E-value  score  bias mdl mdl from   mdl to       seq from      seq to       acc trunc   gc
 ----   --------- ------ ----- --- -------- --------    ----------- -----------      ---- ----- ----
 (36) ?      0.17   10.3   0.0  cm        1       36 []         147         161 + .. 0.96    no 0.60

                                        NC
                     :::::<<<-~~~~~~>>> CS
  patent_aligned   1 GGUCAGACC*[24]*GUU 36 
                     GGUCA:ACC      GU:
  ind_0009_00030 147 GGUCAGACC*[ 3]*GUC 161
                     ********8...9..*** PP

>> ind_0009_00038  
 rank     E-value  score  bias mdl mdl from   mdl to       seq from      seq to       acc trunc   gc
 ----   --------- ------ ----- --- -------- --------    ----------- -----------      ---- ----- ----
 (37) ?      0.26    9.7   0.0  cm        1       36 []         147         172 + .. 0.97    no 0.46

                          v                    v NC
                     :::::<<<--<<<~~~~~~>>>-->>> CS
  patent_aligned   1 GGUCAGACCCUGG*[15]*CCACUGUU 36 
                     GGU AGACC UGG      CCA UGU 
  ind_0009_00038 147 GGUUAGACCAUGG*[ 6]*CCAAUGU- 172
                     ************9...9..9******. PP

>> ind_0009_00044  
 rank     E-value  score  bias mdl mdl from   mdl to       seq from      seq to       acc trunc   gc
 ----   --------- ------ ----- --- -------- --------    ----------- -----------      ---- ----- ----
 (38) ?      0.37    9.1   0.0  cm        1       36 []         147         182 + .. 0.83    no 0.53

                                       NC
                     :::::<<<~~~~~~>>> CS
  patent_aligned   1 GGUCAGAC*[25]*GUU 36 
                     GGUCAGAC      GUU
  ind_0009_00044 147 GGUCAGAC*[25]*GUU 182
                     ********...8..*** PP

>> ind_0009_00030  
 rank     E-value  score  bias mdl mdl from   mdl to       seq from      seq to       acc trunc   gc
 ----   --------- ------ ----- --- -------- --------    ----------- -----------      ---- ----- ----
 (39) ?   3.5e+02   -2.1   0.0  cm        1       36 []         170         179 + .. 0.92    no 0.80

                                   NC
                     :::::<~~~~~~> CS
  patent_aligned   1 GGUCAG*[29]*U 36 
                     GG CAG      U
  ind_0009_00030 170 GGGCAG*[ 3]*U 179
                     **9998...*..8 PP

>> ind_0009_00028  
 rank     E-value  score  bias mdl mdl from   mdl to       seq from      seq to       acc trunc   gc
 ----   --------- ------ ----- --- -------- --------    ----------- -----------      ---- ----- ----
 (40) ?   6.4e+02   -3.1   0.0  cm        1       36 []         143         146 + .. 0.90    no 0.50

                               NC
                     :::~~~~~~ CS
  patent_aligned   1 GGU*[33]* 36 
                     GGU      
  ind_0009_00028 143 GGU*[ 1]* 146
                     **8...9.. PP



Internal CM pipeline statistics summary:
----------------------------------------
Query model(s):                                                  1  (36 consensus positions)
Target sequences:                                               50  (19700 residues searched)
Target sequences re-searched for truncated hits:                50  (10200 residues re-searched)
Windows   passing  local HMM SSV           filter:             181  (0.3613); expected (0.35)
Windows   passing  local HMM Viterbi       filter:                  (off)
Windows   passing  local HMM Viterbi  bias filter:                  (off)
Windows   passing  local HMM Forward       filter:             102  (0.1977); expected (0.02)
Windows   passing  local HMM Forward  bias filter:             102  (0.1977); expected (0.02)
Windows   passing glocal HMM Forward       filter:              61  (0.1488); expected (0.02)
Windows   passing glocal HMM Forward  bias filter:              61  (0.1488); expected (0.02)
Envelopes passing glocal HMM envelope defn filter:              61  (0.08161); expected (0.02)
Envelopes passing  local CM  CYK           filter:              54  (0.07338); expected (0.0001)
Total CM hits reported:                                         40  (0.04502); includes 0 truncated hit(s)

# CPU time: 0.33u 0.00s 00:00:00.33 Elapsed: 00:00:00.34
# Alignment of 26 hits satisfying inclusion thresholds saved to: optimization_a7/100gen/_workspace/cmsearch_logs/gen_0009/patent_cmsearch.sto
//
[ok]
