# cmsearch :: search CM(s) against a sequence database
# INFERNAL 1.1.5 (Sep 2023)
# Copyright (C) 2023 Howard Hughes Medical Institute.
# Freely distributed under the BSD open source license.
# - - - - - - - - - - - - - - - - - - - - - - - - - - - - - - - - - - - -
# query CM file:                         A7_analysis/patent.cm
# target sequence database:              /tmp/tmp2f7ml2a5/queries.fa
# output directed to file:               optimization_a7/38gen/_workspace/cmsearch_logs/gen_0015/patent_cmsearch.out
# MSA of significant hits saved to file: optimization_a7/38gen/_workspace/cmsearch_logs/gen_0015/patent_cmsearch.sto
# tabular output of hits:                optimization_a7/38gen/_workspace/cmsearch_logs/gen_0015/patent_cmsearch.tblout
# max ASCII text line length:            unlimited
# sequence reporting threshold:          E-value <= 1000
# number of worker threads:              4
# - - - - - - - - - - - - - - - - - - - - - - - - - - - - - - - - - - - -

Query:       patent_aligned  [CLEN=36]
Hit scores:
 rank     E-value  score  bias  sequence        start    end   mdl trunc   gc  description
 ----   --------- ------ -----  -------------- ------ ------   --- ----- ----  -----------
  (1) !   2.8e-14   58.5   0.0  ind_0015_00048    147    182 +  cm    no 0.64  -
  (2) !   3.1e-13   54.6   0.0  ind_0015_00036    147    182 +  cm    no 0.61  -
  (3) !   4.4e-12   50.2   0.0  ind_0015_00015    147    182 +  cm    no 0.64  -
  (4) !   4.7e-12   50.1   0.0  ind_0015_00039    147    182 +  cm    no 0.58  -
  (5) !   5.8e-12   49.8   0.0  ind_0015_00023    147    182 +  cm    no 0.67  -
  (6) !   1.1e-11   48.8   0.0  ind_0015_00018    147    182 +  cm    no 0.61  -
  (7) !   1.2e-11   48.6   0.0  ind_0015_00009    147    182 +  cm    no 0.64  -
  (8) !   1.2e-10   44.9   0.0  ind_0015_00000    147    182 +  cm    no 0.61  -
  (9) !   1.2e-10   44.9   0.0  ind_0015_00003    147    182 +  cm    no 0.61  -
 (10) !   1.2e-10   44.9   0.0  ind_0015_00011    147    182 +  cm    no 0.61  -
 (11) !   1.2e-10   44.9   0.0  ind_0015_00019    147    182 +  cm    no 0.61  -
 (12) !   1.2e-10   44.9   0.0  ind_0015_00021    147    182 +  cm    no 0.61  -
 (13) !   1.2e-10   44.9   0.0  ind_0015_00032    147    182 +  cm    no 0.61  -
 (14) !   1.2e-10   44.9   0.0  ind_0015_00040    147    182 +  cm    no 0.61  -
 (15) !   1.2e-10   44.9   0.0  ind_0015_00042    147    182 +  cm    no 0.61  -
 (16) !   1.2e-10   44.9   0.0  ind_0015_00044    147    182 +  cm    no 0.61  -
 (17) !   1.2e-10   44.9   0.0  ind_0015_00045    147    182 +  cm    no 0.61  -
 (18) !   1.2e-10   44.9   0.0  ind_0015_00046    147    182 +  cm    no 0.61  -
 (19) !   1.2e-10   44.9   0.0  ind_0015_00047    147    182 +  cm    no 0.61  -
 (20) !   1.2e-10   44.9   0.0  ind_0015_00049    147    182 +  cm    no 0.61  -
 (21) !   1.2e-10   44.9   0.0  ind_0015_00033    147    182 +  cm    no 0.61  -
 (22) !   1.2e-10   44.8   0.0  ind_0015_00001    147    182 +  cm    no 0.61  -
 (23) !   1.8e-10   44.1   0.0  ind_0015_00027    147    182 +  cm    no 0.64  -
 (24) !   2.2e-10   43.8   0.0  ind_0015_00008    147    181 +  cm    no 0.63  -
 (25) !     5e-10   42.5   0.0  ind_0015_00002    147    182 +  cm    no 0.64  -
 (26) !     5e-10   42.5   0.0  ind_0015_00030    147    182 +  cm    no 0.67  -
 (27) !   5.5e-10   42.3   0.0  ind_0015_00031    147    182 +  cm    no 0.58  -
 (28) !   6.8e-10   42.0   0.0  ind_0015_00006    147    182 +  cm    no 0.64  -
 (29) !   8.1e-10   41.7   0.0  ind_0015_00004    147    180 +  cm    no 0.71  -
 (30) !   8.1e-10   41.7   0.0  ind_0015_00037    147    180 +  cm    no 0.71  -
 (31) !   1.1e-09   41.2   0.0  ind_0015_00020    147    182 +  cm    no 0.64  -
 (32) !   3.4e-09   39.3   0.0  ind_0015_00017    147    182 +  cm    no 0.64  -
 (33) !   3.4e-09   39.3   0.0  ind_0015_00041    147    182 +  cm    no 0.64  -
 (34) !   4.3e-09   39.0   0.0  ind_0015_00026    147    182 +  cm    no 0.64  -
 (35) !   6.3e-09   38.4   0.0  ind_0015_00025    147    182 +  cm    no 0.64  -
 (36) !   1.7e-08   36.7   0.0  ind_0015_00013    147    182 +  cm    no 0.64  -
 (37) !   3.1e-08   35.7   0.0  ind_0015_00034    147    182 +  cm    no 0.58  -
 (38) !   4.7e-08   35.1   0.0  ind_0015_00016    147    181 +  cm    no 0.69  -
 (39) !   5.2e-08   34.9   0.0  ind_0015_00012    147    182 +  cm    no 0.61  -
 (40) !   5.5e-08   34.8   0.0  ind_0015_00029    147    182 +  cm    no 0.64  -
 (41) !   6.6e-08   34.5   0.0  ind_0015_00022    147    182 +  cm    no 0.61  -
 (42) !   7.2e-08   34.4   0.0  ind_0015_00043    147    182 +  cm    no 0.64  -
 (43) !   7.7e-08   34.3   0.0  ind_0015_00028    147    182 +  cm    no 0.69  -
 (44) !   8.4e-08   34.1   0.0  ind_0015_00024    147    182 +  cm    no 0.67  -
 (45) !   1.1e-07   33.7   0.0  ind_0015_00010    147    182 +  cm    no 0.61  -
 (46) !     2e-07   32.7   0.0  ind_0015_00014    147    180 +  cm    no 0.68  -
 (47) !   2.4e-07   32.4   0.0  ind_0015_00005    147    182 +  cm    no 0.56  -
 (48) !   7.8e-07   30.5   0.0  ind_0015_00035    147    181 +  cm    no 0.60  -
 (49) !   2.8e-06   28.4   0.0  ind_0015_00007    147    182 +  cm    no 0.61  -
 (50) !     3e-06   28.2   0.0  ind_0015_00038    147    182 +  cm    no 0.56  -
 ------ inclusion threshold ------
 (51) ?      0.09   11.4   0.0  ind_0015_00028    155    128 -  cm    no 0.46  -
 (52) ?       0.2   10.1   0.0  ind_0015_00023    155    140 -  cm    no 0.69  -
 (53) ?       8.8    3.9   0.0  ind_0015_00028    127    112 -  cm    no 0.44  -
 (54) ?   7.9e+02   -3.5   0.0  ind_0015_00028    197    197 +  cm    3' 1.00  -


Hit alignments:
>> ind_0015_00048  
 rank     E-value  score  bias mdl mdl from   mdl to       seq from      seq to       acc trunc   gc
 ----   --------- ------ ----- --- -------- --------    ----------- -----------      ---- ----- ----
  (1) !   2.8e-14   58.5   0.0  cm        1       36 []         147         182 + .. 1.00    no 0.64

                                                          NC
                     :::::<<<--<<<<<<_________>>>>>>-->>> CS
  patent_aligned   1 GGUCAGACCCUGGUCCGGGGCAAUGGGACCACUGUU 36 
                     GGUCA:ACCCUGGUCCGGGG AAUGGGACCACUGU:
  ind_0015_00048 147 GGUCAGACCCUGGUCCGGGGAAAUGGGACCACUGUC 182
                     ************************************ PP

>> ind_0015_00036  
 rank     E-value  score  bias mdl mdl from   mdl to       seq from      seq to       acc trunc   gc
 ----   --------- ------ ----- --- -------- --------    ----------- -----------      ---- ----- ----
  (2) !   3.1e-13   54.6   0.0  cm        1       36 []         147         182 + .. 1.00    no 0.61

                                                          NC
                     :::::<<<--<<<<<<_________>>>>>>-->>> CS
  patent_aligned   1 GGUCAGACCCUGGUCCGGGGCAAUGGGACCACUGUU 36 
                     GGUCAGACCCUGGUCCG GG AAUGGGACCACUGUU
  ind_0015_00036 147 GGUCAGACCCUGGUCCGCGGAAAUGGGACCACUGUU 182
                     ************************************ PP

>> ind_0015_00015  
 rank     E-value  score  bias mdl mdl from   mdl to       seq from      seq to       acc trunc   gc
 ----   --------- ------ ----- --- -------- --------    ----------- -----------      ---- ----- ----
  (3) !   4.4e-12   50.2   0.0  cm        1       36 []         147         182 + .. 1.00    no 0.64

                                                          NC
                     :::::<<<--<<<<<<_________>>>>>>-->>> CS
  patent_aligned   1 GGUCAGACCCUGGUCCGGGGCAAUGGGACCACUGUU 36 
                     GGUC GACC UGGUCCG GGCAAUGGGACCACUGUU
  ind_0015_00015 147 GGUCGGACCUUGGUCCGCGGCAAUGGGACCACUGUU 182
                     ************************************ PP

>> ind_0015_00039  
 rank     E-value  score  bias mdl mdl from   mdl to       seq from      seq to       acc trunc   gc
 ----   --------- ------ ----- --- -------- --------    ----------- -----------      ---- ----- ----
  (4) !   4.7e-12   50.1   0.0  cm        1       36 []         147         182 + .. 1.00    no 0.58

                                                          NC
                     :::::<<<--<<<<<<_________>>>>>>-->>> CS
  patent_aligned   1 GGUCAGACCCUGGUCCGGGGCAAUGGGACCACUGUU 36 
                     GGUCAGACC UGGUCCG GG AAUGGGACCACUGUU
  ind_0015_00039 147 GGUCAGACCUUGGUCCGCGGAAAUGGGACCACUGUU 182
                     ************************************ PP

>> ind_0015_00023  
 rank     E-value  score  bias mdl mdl from   mdl to       seq from      seq to       acc trunc   gc
 ----   --------- ------ ----- --- -------- --------    ----------- -----------      ---- ----- ----
  (5) !   5.8e-12   49.8   0.0  cm        1       36 []         147         182 + .. 1.00    no 0.67

                                                          NC
                     :::::<<<--<<<<<<_________>>>>>>-->>> CS
  patent_aligned   1 GGUCAGACCCUGGUCCGGGGCAAUGGGACCACUGUU 36 
                     GGUC GACC UGG CCGGGGCAAUGGG CCACUGUU
  ind_0015_00023 147 GGUCGGACCAUGGUCCGGGGCAAUGGGGCCACUGUU 182
                     ************************************ PP

>> ind_0015_00018  
 rank     E-value  score  bias mdl mdl from   mdl to       seq from      seq to       acc trunc   gc
 ----   --------- ------ ----- --- -------- --------    ----------- -----------      ---- ----- ----
  (6) !   1.1e-11   48.8   0.0  cm        1       36 []         147         182 + .. 1.00    no 0.61

                                                          NC
                     :::::<<<--<<<<<<_________>>>>>>-->>> CS
  patent_aligned   1 GGUCAGACCCUGGUCCGGGGCAAUGGGACCACUGUU 36 
                     G UCAGACCCUGGUCCG GG AAUGGGACCACUGUU
  ind_0015_00018 147 GUUCAGACCCUGGUCCGCGGGAAUGGGACCACUGUU 182
                     ************************************ PP

>> ind_0015_00009  
 rank     E-value  score  bias mdl mdl from   mdl to       seq from      seq to       acc trunc   gc
 ----   --------- ------ ----- --- -------- --------    ----------- -----------      ---- ----- ----
  (7) !   1.2e-11   48.6   0.0  cm        1       36 []         147         182 + .. 0.99    no 0.64

                                                          NC
                     :::::<<<--<<<<<<_________>>>>>>-->>> CS
  patent_aligned   1 GGUCAGACCCUGGUCCGGGGCAAUGGGACCACUGUU 36 
                     GGUCAGACCCUGGUCCG GG  AUGGGACCACUGUU
  ind_0015_00009 147 GGUCAGACCCUGGUCCGCGGGUAUGGGACCACUGUU 182
                     *****************99999************** PP

>> ind_0015_00000  
 rank     E-value  score  bias mdl mdl from   mdl to       seq from      seq to       acc trunc   gc
 ----   --------- ------ ----- --- -------- --------    ----------- -----------      ---- ----- ----
  (8) !   1.2e-10   44.9   0.0  cm        1       36 []         147         182 + .. 1.00    no 0.61

                                                          NC
                     :::::<<<--<<<<<<_________>>>>>>-->>> CS
  patent_aligned   1 GGUCAGACCCUGGUCCGGGGCAAUGGGACCACUGUU 36 
                     GGUC GACC UGGUCCG GG AAUGGGACCACUGUU
  ind_0015_00000 147 GGUCGGACCUUGGUCCGCGGAAAUGGGACCACUGUU 182
                     ************************************ PP

>> ind_0015_00003  
 rank     E-value  score  bias mdl mdl from   mdl to       seq from      seq to       acc trunc   gc
 ----   --------- ------ ----- --- -------- --------    ----------- -----------      ---- ----- ----
  (9) !   1.2e-10   44.9   0.0  cm        1       36 []         147         182 + .. 1.00    no 0.61

                                                          NC
                     :::::<<<--<<<<<<_________>>>>>>-->>> CS
  patent_aligned   1 GGUCAGACCCUGGUCCGGGGCAAUGGGACCACUGUU 36 
                     GGUC GACC UGGUCCG GG AAUGGGACCACUGUU
  ind_0015_00003 147 GGUCGGACCUUGGUCCGCGGAAAUGGGACCACUGUU 182
                     ************************************ PP

>> ind_0015_00011  
 rank     E-value  score  bias mdl mdl from   mdl to       seq from      seq to       acc trunc   gc
 ----   --------- ------ ----- --- -------- --------    ----------- -----------      ---- ----- ----
 (10) !   1.2e-10   44.9   0.0  cm        1       36 []         147         182 + .. 1.00    no 0.61

                                                          NC
                     :::::<<<--<<<<<<_________>>>>>>-->>> CS
  patent_aligned   1 GGUCAGACCCUGGUCCGGGGCAAUGGGACCACUGUU 36 
                     GGUC GACC UGGUCCG GG AAUGGGACCACUGUU
  ind_0015_00011 147 GGUCGGACCUUGGUCCGCGGAAAUGGGACCACUGUU 182
                     ************************************ PP

>> ind_0015_00019  
 rank     E-value  score  bias mdl mdl from   mdl to       seq from      seq to       acc trunc   gc
 ----   --------- ------ ----- --- -------- --------    ----------- -----------      ---- ----- ----
 (11) !   1.2e-10   44.9   0.0  cm        1       36 []         147         182 + .. 1.00    no 0.61

                                                          NC
                     :::::<<<--<<<<<<_________>>>>>>-->>> CS
  patent_aligned   1 GGUCAGACCCUGGUCCGGGGCAAUGGGACCACUGUU 36 
                     GGUC GACC UGGUCCG GG AAUGGGACCACUGUU
  ind_0015_00019 147 GGUCGGACCUUGGUCCGCGGAAAUGGGACCACUGUU 182
                     ************************************ PP

>> ind_0015_00021  
 rank     E-value  score  bias mdl mdl from   mdl to       seq from      seq to       acc trunc   gc
 ----   --------- ------ ----- --- -------- --------    ----------- -----------      ---- ----- ----
 (12) !   1.2e-10   44.9   0.0  cm        1       36 []         147         182 + .. 1.00    no 0.61

                                                          NC
                     :::::<<<--<<<<<<_________>>>>>>-->>> CS
  patent_aligned   1 GGUCAGACCCUGGUCCGGGGCAAUGGGACCACUGUU 36 
                     GGUC GACC UGGUCCG GG AAUGGGACCACUGUU
  ind_0015_00021 147 GGUCGGACCUUGGUCCGCGGAAAUGGGACCACUGUU 182
                     ************************************ PP

>> ind_0015_00032  
 rank     E-value  score  bias mdl mdl from   mdl to       seq from      seq to       acc trunc   gc
 ----   --------- ------ ----- --- -------- --------    ----------- -----------      ---- ----- ----
 (13) !   1.2e-10   44.9   0.0  cm        1       36 []         147         182 + .. 1.00    no 0.61

                                                          NC
                     :::::<<<--<<<<<<_________>>>>>>-->>> CS
  patent_aligned   1 GGUCAGACCCUGGUCCGGGGCAAUGGGACCACUGUU 36 
                     GGUC GACC UGGUCCG GG AAUGGGACCACUGUU
  ind_0015_00032 147 GGUCGGACCUUGGUCCGCGGAAAUGGGACCACUGUU 182
                     ************************************ PP

>> ind_0015_00040  
 rank     E-value  score  bias mdl mdl from   mdl to       seq from      seq to       acc trunc   gc
 ----   --------- ------ ----- --- -------- --------    ----------- -----------      ---- ----- ----
 (14) !   1.2e-10   44.9   0.0  cm        1       36 []         147         182 + .. 1.00    no 0.61

                                                          NC
                     :::::<<<--<<<<<<_________>>>>>>-->>> CS
  patent_aligned   1 GGUCAGACCCUGGUCCGGGGCAAUGGGACCACUGUU 36 
                     GGUC GACC UGGUCCG GG AAUGGGACCACUGUU
  ind_0015_00040 147 GGUCGGACCUUGGUCCGCGGAAAUGGGACCACUGUU 182
                     ************************************ PP

>> ind_0015_00042  
 rank     E-value  score  bias mdl mdl from   mdl to       seq from      seq to       acc trunc   gc
 ----   --------- ------ ----- --- -------- --------    ----------- -----------      ---- ----- ----
 (15) !   1.2e-10   44.9   0.0  cm        1       36 []         147         182 + .. 1.00    no 0.61

                                                          NC
                     :::::<<<--<<<<<<_________>>>>>>-->>> CS
  patent_aligned   1 GGUCAGACCCUGGUCCGGGGCAAUGGGACCACUGUU 36 
                     GGUC GACC UGGUCCG GG AAUGGGACCACUGUU
  ind_0015_00042 147 GGUCGGACCUUGGUCCGCGGAAAUGGGACCACUGUU 182
                     ************************************ PP

>> ind_0015_00044  
 rank     E-value  score  bias mdl mdl from   mdl to       seq from      seq to       acc trunc   gc
 ----   --------- ------ ----- --- -------- --------    ----------- -----------      ---- ----- ----
 (16) !   1.2e-10   44.9   0.0  cm        1       36 []         147         182 + .. 1.00    no 0.61

                                                          NC
                     :::::<<<--<<<<<<_________>>>>>>-->>> CS
  patent_aligned   1 GGUCAGACCCUGGUCCGGGGCAAUGGGACCACUGUU 36 
                     GGUC GACC UGGUCCG GG AAUGGGACCACUGUU
  ind_0015_00044 147 GGUCGGACCUUGGUCCGCGGAAAUGGGACCACUGUU 182
                     ************************************ PP

>> ind_0015_00045  
 rank     E-value  score  bias mdl mdl from   mdl to       seq from      seq to       acc trunc   gc
 ----   --------- ------ ----- --- -------- --------    ----------- -----------      ---- ----- ----
 (17) !   1.2e-10   44.9   0.0  cm        1       36 []         147         182 + .. 1.00    no 0.61

                                                          NC
                     :::::<<<--<<<<<<_________>>>>>>-->>> CS
  patent_aligned   1 GGUCAGACCCUGGUCCGGGGCAAUGGGACCACUGUU 36 
                     GGUC GACC UGGUCCG GG AAUGGGACCACUGUU
  ind_0015_00045 147 GGUCGGACCUUGGUCCGCGGAAAUGGGACCACUGUU 182
                     ************************************ PP

>> ind_0015_00046  
 rank     E-value  score  bias mdl mdl from   mdl to       seq from      seq to       acc trunc   gc
 ----   --------- ------ ----- --- -------- --------    ----------- -----------      ---- ----- ----
 (18) !   1.2e-10   44.9   0.0  cm        1       36 []         147         182 + .. 1.00    no 0.61

                                                          NC
                     :::::<<<--<<<<<<_________>>>>>>-->>> CS
  patent_aligned   1 GGUCAGACCCUGGUCCGGGGCAAUGGGACCACUGUU 36 
                     GGUC GACC UGGUCCG GG AAUGGGACCACUGUU
  ind_0015_00046 147 GGUCGGACCUUGGUCCGCGGAAAUGGGACCACUGUU 182
                     ************************************ PP

>> ind_0015_00047  
 rank     E-value  score  bias mdl mdl from   mdl to       seq from      seq to       acc trunc   gc
 ----   --------- ------ ----- --- -------- --------    ----------- -----------      ---- ----- ----
 (19) !   1.2e-10   44.9   0.0  cm        1       36 []         147         182 + .. 1.00    no 0.61

                                                          NC
                     :::::<<<--<<<<<<_________>>>>>>-->>> CS
  patent_aligned   1 GGUCAGACCCUGGUCCGGGGCAAUGGGACCACUGUU 36 
                     GGUC GACC UGGUCCG GG AAUGGGACCACUGUU
  ind_0015_00047 147 GGUCGGACCUUGGUCCGCGGAAAUGGGACCACUGUU 182
                     ************************************ PP

>> ind_0015_00049  
 rank     E-value  score  bias mdl mdl from   mdl to       seq from      seq to       acc trunc   gc
 ----   --------- ------ ----- --- -------- --------    ----------- -----------      ---- ----- ----
 (20) !   1.2e-10   44.9   0.0  cm        1       36 []         147         182 + .. 1.00    no 0.61

                                                          NC
                     :::::<<<--<<<<<<_________>>>>>>-->>> CS
  patent_aligned   1 GGUCAGACCCUGGUCCGGGGCAAUGGGACCACUGUU 36 
                     GGUC GACC UGGUCCG GG AAUGGGACCACUGUU
  ind_0015_00049 147 GGUCGGACCUUGGUCCGCGGAAAUGGGACCACUGUU 182
                     ************************************ PP

>> ind_0015_00033  
 rank     E-value  score  bias mdl mdl from   mdl to       seq from      seq to       acc trunc   gc
 ----   --------- ------ ----- --- -------- --------    ----------- -----------      ---- ----- ----
 (21) !   1.2e-10   44.9   0.0  cm        1       36 []         147         182 + .. 1.00    no 0.61

                                                          NC
                     :::::<<<--<<<<<<_________>>>>>>-->>> CS
  patent_aligned   1 GGUCAGACCCUGGUCCGGGGCAAUGGGACCACUGUU 36 
                     GGUC GAC CUGGUCCG GG AAUGGGACCACUGUU
  ind_0015_00033 147 GGUCGGACUCUGGUCCGCGGAAAUGGGACCACUGUU 182
                     ************************************ PP

>> ind_0015_00001  
 rank     E-value  score  bias mdl mdl from   mdl to       seq from      seq to       acc trunc   gc
 ----   --------- ------ ----- --- -------- --------    ----------- -----------      ---- ----- ----
 (22) !   1.2e-10   44.8   0.0  cm        1       36 []         147         182 + .. 1.00    no 0.61

                                                          NC
                     :::::<<<--<<<<<<_________>>>>>>-->>> CS
  patent_aligned   1 GGUCAGACCCUGGUCCGGGGCAAUGGGACCACUGUU 36 
                     GGUC GACC UGGUCCG GG AAUGGGACCACUGUU
  ind_0015_00001 147 GGUCGGACCUUGGUCCGUGGGAAUGGGACCACUGUU 182
                     ************************************ PP

>> ind_0015_00027  
 rank     E-value  score  bias mdl mdl from   mdl to       seq from      seq to       acc trunc   gc
 ----   --------- ------ ----- --- -------- --------    ----------- -----------      ---- ----- ----
 (23) !   1.8e-10   44.1   0.0  cm        1       36 []         147         182 + .. 1.00    no 0.64

                                                          NC
                     :::::<<<--<<<<<<_________>>>>>>-->>> CS
  patent_aligned   1 GGUCAGACCCUGGUCCGGGGCAAUGGGACCACUGUU 36 
                     GGUC GACC UGGUCCG GG AAUGGGACCACUGUU
  ind_0015_00027 147 GGUCGGACCUUGGUCCGCGGGAAUGGGACCACUGUU 182
                     ************************************ PP

>> ind_0015_00008  
 rank     E-value  score  bias mdl mdl from   mdl to       seq from      seq to       acc trunc   gc
 ----   --------- ------ ----- --- -------- --------    ----------- -----------      ---- ----- ----
 (24) !   2.2e-10   43.8   0.0  cm        1       36 []         147         181 + .. 0.99    no 0.63

                          v                             v NC
                     :::::<<<--<<<<<<_________>>>>>>-->>> CS
  patent_aligned   1 GGUCAGACCCUGGUCCGGGGCAAUGGGACCACUGUU 36 
                     GGUCAGACCCUGGUCCG GG AAU GGACCACUGU 
  ind_0015_00008 147 GGUCAGACCCUGGUCCGCGGGAAUUGGACCACUGU- 181
                     ************************9**********. PP

>> ind_0015_00002  
 rank     E-value  score  bias mdl mdl from   mdl to       seq from      seq to       acc trunc   gc
 ----   --------- ------ ----- --- -------- --------    ----------- -----------      ---- ----- ----
 (25) !     5e-10   42.5   0.0  cm        1       36 []         147         182 + .. 1.00    no 0.64

                          v                             v NC
                     :::::<<<--<<<<<<_________>>>>>>-->>> CS
  patent_aligned   1 GGUCAGACCCUGGUCCGGGGCAAUGGGACCACUGUU 36 
                     GGUC  ACCCUGGUCCG GG AAUGGGACCACUGU 
  ind_0015_00002 147 GGUCGUACCCUGGUCCGCGGGAAUGGGACCACUGUU 182
                     ************************************ PP

>> ind_0015_00030  
 rank     E-value  score  bias mdl mdl from   mdl to       seq from      seq to       acc trunc   gc
 ----   --------- ------ ----- --- -------- --------    ----------- -----------      ---- ----- ----
 (26) !     5e-10   42.5   0.0  cm        1       36 []         147         182 + .. 1.00    no 0.67

                                                          NC
                     :::::<<<--<<<<<<_________>>>>>>-->>> CS
  patent_aligned   1 GGUCAGACCCUGGUCCGGGGCAAUGGGACCACUGUU 36 
                     GGUC GACC UGGUCCG GG AAUGGGACCACUGUU
  ind_0015_00030 147 GGUCGGACCGUGGUCCGCGGGAAUGGGACCACUGUU 182
                     ************************************ PP

>> ind_0015_00031  
 rank     E-value  score  bias mdl mdl from   mdl to       seq from      seq to       acc trunc   gc
 ----   --------- ------ ----- --- -------- --------    ----------- -----------      ---- ----- ----
 (27) !   5.5e-10   42.3   0.0  cm        1       36 []         147         182 + .. 1.00    no 0.58

                                   v           v          NC
                     :::::<<<--<<<<<<_________>>>>>>-->>> CS
  patent_aligned   1 GGUCAGACCCUGGUCCGGGGCAAUGGGACCACUGUU 36 
                     GGUC GACCCU GU CGGGG AAUGG AC ACUGUU
  ind_0015_00031 147 GGUCGGACCCUGGUCCGGGGAAAUGGAACUACUGUU 182
                     ************************************ PP

>> ind_0015_00006  
 rank     E-value  score  bias mdl mdl from   mdl to       seq from      seq to       acc trunc   gc
 ----   --------- ------ ----- --- -------- --------    ----------- -----------      ---- ----- ----
 (28) !   6.8e-10   42.0   0.0  cm        1       36 []         147         182 + .. 1.00    no 0.64

                                   v           v          NC
                     :::::<<<--<<<<<<_________>>>>>>-->>> CS
  patent_aligned   1 GGUCAGACCCUGGUCCGGGGCAAUGGGACCACUGUU 36 
                     GGUCAGACC UGG  CGGGG AAUGG  CCACUGUU
  ind_0015_00006 147 GGUCAGACCAUGGCCCGGGGAAAUGGCGCCACUGUU 182
                     ************************************ PP

>> ind_0015_00004  
 rank     E-value  score  bias mdl mdl from   mdl to       seq from      seq to       acc trunc   gc
 ----   --------- ------ ----- --- -------- --------    ----------- -----------      ---- ----- ----
 (29) !   8.1e-10   41.7   0.0  cm        1       36 []         147         180 + .. 1.00    no 0.71

                          vv                           vv NC
                     :::::<<<--<<<<<<_________>>>>>>-->>> CS
  patent_aligned   1 GGUCAGACCCUGGUCCGGGGCAAUGGGACCACUGUU 36 
                     GGUC GACCCUGGUCCG GG AAUGGGACCACUG  
  ind_0015_00004 147 GGUCGGACCCUGGUCCGCGGGAAUGGGACCACUG-- 180
                     **********************************.. PP

>> ind_0015_00037  
 rank     E-value  score  bias mdl mdl from   mdl to       seq from      seq to       acc trunc   gc
 ----   --------- ------ ----- --- -------- --------    ----------- -----------      ---- ----- ----
 (30) !   8.1e-10   41.7   0.0  cm        1       36 []         147         180 + .. 1.00    no 0.71

                          vv                           vv NC
                     :::::<<<--<<<<<<_________>>>>>>-->>> CS
  patent_aligned   1 GGUCAGACCCUGGUCCGGGGCAAUGGGACCACUGUU 36 
                     GGUC GACCCUGGUCCG GG AAUGGGACCACUG  
  ind_0015_00037 147 GGUCGGACCCUGGUCCGCGGGAAUGGGACCACUG-- 180
                     **********************************.. PP

>> ind_0015_00020  
 rank     E-value  score  bias mdl mdl from   mdl to       seq from      seq to       acc trunc   gc
 ----   --------- ------ ----- --- -------- --------    ----------- -----------      ---- ----- ----
 (31) !   1.1e-09   41.2   0.0  cm        1       36 []         147         182 + .. 1.00    no 0.64

                                 v               v        NC
                     :::::<<<--<<<<<<_________>>>>>>-->>> CS
  patent_aligned   1 GGUCAGACCCUGGUCCGGGGCAAUGGGACCACUGUU 36 
                     GGUC GACC UG UCCG GGCAAUGGGA CACUGUU
  ind_0015_00020 147 GGUCGGACCUUGCUCCGCGGCAAUGGGACCACUGUU 182
                     ************************************ PP

>> ind_0015_00017  
 rank     E-value  score  bias mdl mdl from   mdl to       seq from      seq to       acc trunc   gc
 ----   --------- ------ ----- --- -------- --------    ----------- -----------      ---- ----- ----
 (32) !   3.4e-09   39.3   0.0  cm        1       36 []         147         182 + .. 1.00    no 0.64

                                                          NC
                     :::::<<<--<<<<<<_________>>>>>>-->>> CS
  patent_aligned   1 GGUCAGACCCUGGUCCGGGGCAAUGGGACCACUGUU 36 
                     GGUC GACC UGGUCCG GG AAUGGGACCAC GUU
  ind_0015_00017 147 GGUCGGACCUUGGUCCGCGGAAAUGGGACCACGGUU 182
                     ************************************ PP

>> ind_0015_00041  
 rank     E-value  score  bias mdl mdl from   mdl to       seq from      seq to       acc trunc   gc
 ----   --------- ------ ----- --- -------- --------    ----------- -----------      ---- ----- ----
 (33) !   3.4e-09   39.3   0.0  cm        1       36 []         147         182 + .. 1.00    no 0.64

                                                          NC
                     :::::<<<--<<<<<<_________>>>>>>-->>> CS
  patent_aligned   1 GGUCAGACCCUGGUCCGGGGCAAUGGGACCACUGUU 36 
                     GGUC GACC UGGUCCG GG AAUGGGACCAC GUU
  ind_0015_00041 147 GGUCGGACCUUGGUCCGCGGAAAUGGGACCACGGUU 182
                     ************************************ PP

>> ind_0015_00026  
 rank     E-value  score  bias mdl mdl from   mdl to       seq from      seq to       acc trunc   gc
 ----   --------- ------ ----- --- -------- --------    ----------- -----------      ---- ----- ----
 (34) !   4.3e-09   39.0   0.0  cm        1       36 []         147         182 + .. 1.00    no 0.64

                                   v           v          NC
                     :::::<<<--<<<<<<_________>>>>>>-->>> CS
  patent_aligned   1 GGUCAGACCCUGGUCCGGGGCAAUGGGACCACUGUU 36 
                     GGUCAGACCCUGG  CG GG AAUGG  CCACUGUU
  ind_0015_00026 147 GGUCAGACCCUGGUCCGUGGGAAUGGCGCCACUGUU 182
                     ************************************ PP

>> ind_0015_00025  
 rank     E-value  score  bias mdl mdl from   mdl to       seq from      seq to       acc trunc   gc
 ----   --------- ------ ----- --- -------- --------    ----------- -----------      ---- ----- ----
 (35) !   6.3e-09   38.4   0.0  cm        1       36 []         147         182 + .. 0.96    no 0.64

                                                          NC
                     :::::<<<--<<<<<<_________>>>>>>-->>> CS
  patent_aligned   1 GGUCAGACCCUGGUCCGGGGCAAUGGGACCACUGUU 36 
                     GGUC GACC UGGUCCG  G AAUGGGACCACUGUU
  ind_0015_00025 147 GGUCGGACCUUGGUCCGCCGGAAUGGGACCACUGUU 182
                     ****************87777*************** PP

>> ind_0015_00013  
 rank     E-value  score  bias mdl mdl from   mdl to       seq from      seq to       acc trunc   gc
 ----   --------- ------ ----- --- -------- --------    ----------- -----------      ---- ----- ----
 (36) !   1.7e-08   36.7   0.0  cm        1       36 []         147         182 + .. 0.99    no 0.64

                           v                           v  NC
                     :::::<<<--<<<<<<_________>>>>>>-->>> CS
  patent_aligned   1 GGUCAGACCCUGGUCCGGGGCAAUGGGACCACUGUU 36 
                     GGUC G CC UGGUCCG GG AAUGGGACCACUG U
  ind_0015_00013 147 GGUCGGCCCUUGGUCCGCGGAAAUGGGACCACUGUU 182
                     ************************************ PP

>> ind_0015_00034  
 rank     E-value  score  bias mdl mdl from   mdl to       seq from      seq to       acc trunc   gc
 ----   --------- ------ ----- --- -------- --------    ----------- -----------      ---- ----- ----
 (37) !   3.1e-08   35.7   0.0  cm        1       36 []         147         182 + .. 1.00    no 0.58

                            v                         v   NC
                     :::::<<<--<<<<<<_________>>>>>>-->>> CS
  patent_aligned   1 GGUCAGACCCUGGUCCGGGGCAAUGGGACCACUGUU 36 
                     GGUC GA C UGGUCCG GG AAUGGGACCACU UU
  ind_0015_00034 147 GGUCGGAACUUGGUCCGCGGAAAUGGGACCACUGUU 182
                     ************************************ PP

>> ind_0015_00016  
 rank     E-value  score  bias mdl mdl from   mdl to       seq from      seq to       acc trunc   gc
 ----   --------- ------ ----- --- -------- --------    ----------- -----------      ---- ----- ----
 (38) !   4.7e-08   35.1   0.0  cm        1       36 []         147         181 + .. 1.00    no 0.69

                          v     v                 v     v NC
                     :::::<<<--<<<<<<_________>>>>>>-->>> CS
  patent_aligned   1 GGUCAGACCCUGGUCCGGGGCAAUGGGACCACUGUU 36 
                     GGUC GACCCU GUCCG GG AAUGGGAC ACUGU 
  ind_0015_00016 147 GGUCGGACCCUCGUCCGCGGGAAUGGGACCACUGU- 181
                     ***********************************. PP

>> ind_0015_00012  
 rank     E-value  score  bias mdl mdl from   mdl to       seq from      seq to       acc trunc   gc
 ----   --------- ------ ----- --- -------- --------    ----------- -----------      ---- ----- ----
 (39) !   5.2e-08   34.9   0.0  cm        1       36 []         147         182 + .. 1.00    no 0.61

                               v                   v      NC
                     :::::<<<--<<<<<<_________>>>>>>-->>> CS
  patent_aligned   1 GGUCAGACCCUGGUCCGGGGCAAUGGGACCACUGUU 36 
                     GGUC GACC  GGUCCG GG AAUGGGACC CUGUU
  ind_0015_00012 147 GGUCGGACCUAGGUCCGCGGAAAUGGGACCACUGUU 182
                     ************************************ PP

>> ind_0015_00029  
 rank     E-value  score  bias mdl mdl from   mdl to       seq from      seq to       acc trunc   gc
 ----   --------- ------ ----- --- -------- --------    ----------- -----------      ---- ----- ----
 (40) !   5.5e-08   34.8   0.0  cm        1       36 []         147         182 + .. 1.00    no 0.64

                               v                   v      NC
                     :::::<<<--<<<<<<_________>>>>>>-->>> CS
  patent_aligned   1 GGUCAGACCCUGGUCCGGGGCAAUGGGACCACUGUU 36 
                     GGUC GACC  GGUCCG GG AAUGGGACC CUGUU
  ind_0015_00029 147 GGUCGGACCUUGGUCCGCGGAAAUGGGACCCCUGUU 182
                     ************************************ PP

>> ind_0015_00022  
 rank     E-value  score  bias mdl mdl from   mdl to       seq from      seq to       acc trunc   gc
 ----   --------- ------ ----- --- -------- --------    ----------- -----------      ---- ----- ----
 (41) !   6.6e-08   34.5   0.0  cm        1       36 []         147         182 + .. 0.99    no 0.61

                                                          NC
                     :::::<<<--<<<<<<_________>>>>>>-->>> CS
  patent_aligned   1 GGUCAGACCCUGGUCCGGGGCAAUGGGACCACUGUU 36 
                     GGUC GACC UGGUCCG  G AAUGGGACCAC GUU
  ind_0015_00022 147 GGUCGGACCUUGGUCCGCAGAAAUGGGACCACGGUU 182
                     *****************9999*************** PP

>> ind_0015_00043  
 rank     E-value  score  bias mdl mdl from   mdl to       seq from      seq to       acc trunc   gc
 ----   --------- ------ ----- --- -------- --------    ----------- -----------      ---- ----- ----
 (42) !   7.2e-08   34.4   0.0  cm        1       36 []         147         182 + .. 0.91    no 0.64

                                                          NC
                     :::::<<<--<<<<<<____~~~~~>>>>>>-->>> CS
  patent_aligned   1 GGUCAGACCCUGGUCCGGGG*[5]*GGACCACUGUU 36 
                     GGUC GACC UGGUCCG GG     GGACCACUGUU
  ind_0015_00043 147 GGUCGGACCUUGGUCCGCGG*[5]*GGACCACUGUU 182
                     ****************9776..6..*********** PP

>> ind_0015_00028  
 rank     E-value  score  bias mdl mdl from   mdl to       seq from      seq to       acc trunc   gc
 ----   --------- ------ ----- --- -------- --------    ----------- -----------      ---- ----- ----
 (43) !   7.7e-08   34.3   0.0  cm        1       36 []         147         182 + .. 1.00    no 0.69

                                  v             v         NC
                     :::::<<<--<<<<<<_________>>>>>>-->>> CS
  patent_aligned   1 GGUCAGACCCUGGUCCGGGGCAAUGGGACCACUGUU 36 
                     GGUC GACCCUGG CCG GG AAUGGG CCAC GUU
  ind_0015_00028 147 GGUCUGACCCUGGGCCGCGGGAAUGGGACCACCGUU 182
                     ************************************ PP

>> ind_0015_00024  
 rank     E-value  score  bias mdl mdl from   mdl to       seq from      seq to       acc trunc   gc
 ----   --------- ------ ----- --- -------- --------    ----------- -----------      ---- ----- ----
 (44) !   8.4e-08   34.1   0.0  cm        1       36 []         147         182 + .. 1.00    no 0.67

                                                          NC
                     :::::<<<--<<<<<<_________>>>>>>-->>> CS
  patent_aligned   1 GGUCAGACCCUGGUCCGGGGCAAUGGGACCACUGUU 36 
                     GGUC GACC UGGUCCG GG A UGGGACCAC GUU
  ind_0015_00024 147 GGUCGGACCUUGGUCCGCGGAAGUGGGACCACGGUU 182
                     ************************************ PP

>> ind_0015_00010  
 rank     E-value  score  bias mdl mdl from   mdl to       seq from      seq to       acc trunc   gc
 ----   --------- ------ ----- --- -------- --------    ----------- -----------      ---- ----- ----
 (45) !   1.1e-07   33.7   0.0  cm        1       36 []         147         182 + .. 0.99    no 0.61

                                                          NC
                     :::::<<<--<<<<<<_________>>>>>>-->>> CS
  patent_aligned   1 GGUCAGACCCUGGUCCGGGGCAAUGGGACCACUGUU 36 
                     GGUC GACC UGGUC G GG AA G GACCACUGUU
  ind_0015_00010 147 GGUCGGACCUUGGUCUGCGGGAAAGGGACCACUGUU 182
                     ********************9*************** PP

>> ind_0015_00014  
 rank     E-value  score  bias mdl mdl from   mdl to       seq from      seq to       acc trunc   gc
 ----   --------- ------ ----- --- -------- --------    ----------- -----------      ---- ----- ----
 (46) !     2e-07   32.7   0.0  cm        1       36 []         147         180 + .. 1.00    no 0.68

                          vv     v               v     vv NC
                     :::::<<<--<<<<<<_________>>>>>>-->>> CS
  patent_aligned   1 GGUCAGACCCUGGUCCGGGGCAAUGGGACCACUGUU 36 
                     GGUC GACCCUG UCCG GG AAUGGGA CACUG  
  ind_0015_00014 147 GGUCGGACCCUGGUCCGCGGGAAUGGGAACACUG-- 180
                     **********************************.. PP

>> ind_0015_00005  
 rank     E-value  score  bias mdl mdl from   mdl to       seq from      seq to       acc trunc   gc
 ----   --------- ------ ----- --- -------- --------    ----------- -----------      ---- ----- ----
 (47) !   2.4e-07   32.4   0.0  cm        1       36 []         147         182 + .. 0.99    no 0.56

                                 v               v        NC
                     :::::<<<--<<<<<<_________>>>>>>-->>> CS
  patent_aligned   1 GGUCAGACCCUGGUCCGGGGCAAUGGGACCACUGUU 36 
                     GGUC GACC UG UCCG G  AAUGGGA CACUGUU
  ind_0015_00005 147 GGUCGGACCUUGAUCCGCGAAAAUGGGACCACUGUU 182
                     *****************9999*************** PP

>> ind_0015_00035  
 rank     E-value  score  bias mdl mdl from   mdl to       seq from      seq to       acc trunc   gc
 ----   --------- ------ ----- --- -------- --------    ----------- -----------      ---- ----- ----
 (48) !   7.8e-07   30.5   0.0  cm        1       36 []         147         181 + .. 1.00    no 0.60

                          v                             v NC
                     :::::<<<--<<<<<<_________>>>>>>-->>> CS
  patent_aligned   1 GGUCAGACCCUGGUCCGGGGCAAUGGGACCACUGUU 36 
                     GGUC  ACC UGGUCCG GG AAUGGGACCA UGU 
  ind_0015_00035 147 GGUCGCACCUUGGUCCGUGGAAAUGGGACCAGUGU- 181
                     ***********************************. PP

>> ind_0015_00007  
 rank     E-value  score  bias mdl mdl from   mdl to       seq from      seq to       acc trunc   gc
 ----   --------- ------ ----- --- -------- --------    ----------- -----------      ---- ----- ----
 (49) !   2.8e-06   28.4   0.0  cm        1       36 []         147         182 + .. 0.98    no 0.61

                          v        v           v        v NC
                     :::::<<<--<<<<<<_________>>>>>>-->>> CS
  patent_aligned   1 GGUCAGACCCUGGUCCGGGGCAAUGGGACCACUGUU 36 
                     GGUC  ACCCUGGU CG GG AA GG ACCACUGU 
  ind_0015_00007 147 GGUCGUACCCUGGUACGCGGGAAAGGGACCACUGUU 182
                     ********************99999*********** PP

>> ind_0015_00038  
 rank     E-value  score  bias mdl mdl from   mdl to       seq from      seq to       acc trunc   gc
 ----   --------- ------ ----- --- -------- --------    ----------- -----------      ---- ----- ----
 (50) !     3e-06   28.2   0.0  cm        1       36 []         147         182 + .. 1.00    no 0.56

                            v      v           v      v   NC
                     :::::<<<--<<<<<<_________>>>>>>-->>> CS
  patent_aligned   1 GGUCAGACCCUGGUCCGGGGCAAUGGGACCACUGUU 36 
                     GGUC GA C UGGU CG GG AAUGG ACCACU UU
  ind_0015_00038 147 GGUCGGACCUUGGUCCGUGGGAAUGGUACCACUAUU 182
                     ************************************ PP

>> ind_0015_00028  
 rank     E-value  score  bias mdl mdl from   mdl to       seq from      seq to       acc trunc   gc
 ----   --------- ------ ----- --- -------- --------    ----------- -----------      ---- ----- ----
 (51) ?      0.09   11.4   0.0  cm        1       36 []         155         128 - .. 0.99    no 0.46

                                        NC
                     :::::<<<-~~~~~~>>> CS
  patent_aligned   1 GGUCAGACC*[24]*GUU 36 
                     GGUCAGACC      GUU
  ind_0015_00028 155 GGUCAGACC*[16]*GUU 128
                     ********8...*..*** PP

>> ind_0015_00023  
 rank     E-value  score  bias mdl mdl from   mdl to       seq from      seq to       acc trunc   gc
 ----   --------- ------ ----- --- -------- --------    ----------- -----------      ---- ----- ----
 (52) ?       0.2   10.1   0.0  cm        1       36 []         155         140 - .. 0.98    no 0.69

                                           NC
                     :::::<<<--~~~~~~-->>> CS
  patent_aligned   1 GGUCAGACCC*[21]*CUGUU 36 
                     GGUC :ACCC      CUGU:
  ind_0015_00023 155 GGUCCGACCC*[ 1]*CUGUC 140
                     **********...*..79*** PP

>> ind_0015_00028  
 rank     E-value  score  bias mdl mdl from   mdl to       seq from      seq to       acc trunc   gc
 ----   --------- ------ ----- --- -------- --------    ----------- -----------      ---- ----- ----
 (53) ?       8.8    3.9   0.0  cm        1       36 []         127         112 - .. 0.88    no 0.44

                                        NC
                     :::::<<<-~~~~~~>>> CS
  patent_aligned   1 GGUCAGACC*[24]*GUU 36 
                     GGUCA A C       U 
  ind_0015_00028 127 GGUCACAAC*[ 4]*UUG 112
                     *****9966...9..699 PP

>> ind_0015_00028  
 rank     E-value  score  bias mdl mdl from   mdl to       seq from      seq to       acc trunc   gc
 ----   --------- ------ ----- --- -------- --------    ----------- -----------      ---- ----- ----
 (54) ?   7.9e+02   -3.5   0.0  cm        1        1 [~         197         197 + .~ 0.99    3' 1.00

                             NC
                     :~~~~~~ CS
  patent_aligned   1 G*[35]> 36 
                     G      
  ind_0015_00028 197 G*[ 0]> 197
                     *...... PP



Internal CM pipeline statistics summary:
----------------------------------------
Query model(s):                                                  1  (36 consensus positions)
Target sequences:                                               50  (19700 residues searched)
Target sequences re-searched for truncated hits:                50  (10200 residues re-searched)
Windows   passing  local HMM SSV           filter:             260  (0.5203); expected (0.35)
Windows   passing  local HMM Viterbi       filter:                  (off)
Windows   passing  local HMM Viterbi  bias filter:                  (off)
Windows   passing  local HMM Forward       filter:             132  (0.2771); expected (0.02)
Windows   passing  local HMM Forward  bias filter:             127  (0.2607); expected (0.02)
Windows   passing glocal HMM Forward       filter:              96  (0.2353); expected (0.02)
Windows   passing glocal HMM Forward  bias filter:              96  (0.2353); expected (0.02)
Envelopes passing glocal HMM envelope defn filter:              96  (0.1376); expected (0.02)
Envelopes passing  local CM  CYK           filter:              92  (0.1307); expected (0.0001)
Total CM hits reported:                                         54  (0.06197); includes 1 truncated hit(s)

# CPU time: 0.41u 0.00s 00:00:00.41 Elapsed: 00:00:00.41
# Alignment of 50 hits satisfying inclusion thresholds saved to: optimization_a7/38gen/_workspace/cmsearch_logs/gen_0015/patent_cmsearch.sto
//
[ok]
