# cmsearch :: search CM(s) against a sequence database
# INFERNAL 1.1.5 (Sep 2023)
# Copyright (C) 2023 Howard Hughes Medical Institute.
# Freely distributed under the BSD open source license.
# - - - - - - - - - - - - - - - - - - - - - - - - - - - - - - - - - - - -
# query CM file:                         A7_analysis/patent.cm
# target sequence database:              /tmp/tmpyvlbbvq1/queries.fa
# output directed to file:               optimization_a7/38gen/_workspace/cmsearch_logs/gen_0020/patent_cmsearch.out
# MSA of significant hits saved to file: optimization_a7/38gen/_workspace/cmsearch_logs/gen_0020/patent_cmsearch.sto
# tabular output of hits:                optimization_a7/38gen/_workspace/cmsearch_logs/gen_0020/patent_cmsearch.tblout
# max ASCII text line length:            unlimited
# sequence reporting threshold:          E-value <= 1000
# number of worker threads:              4
# - - - - - - - - - - - - - - - - - - - - - - - - - - - - - - - - - - - -

Query:       patent_aligned  [CLEN=36]
Hit scores:
 rank     E-value  score  bias  sequence        start    end   mdl trunc   gc  description
 ----   --------- ------ -----  -------------- ------ ------   --- ----- ----  -----------
  (1) !   9.3e-14   56.5   0.0  ind_0020_00000    147    182 +  cm    no 0.64  -
  (2) !   9.3e-14   56.5   0.0  ind_0020_00003    147    182 +  cm    no 0.64  -
  (3) !   9.3e-14   56.5   0.0  ind_0020_00006    147    182 +  cm    no 0.64  -
  (4) !   9.3e-14   56.5   0.0  ind_0020_00010    147    182 +  cm    no 0.64  -
  (5) !   9.3e-14   56.5   0.0  ind_0020_00012    147    182 +  cm    no 0.64  -
  (6) !   9.3e-14   56.5   0.0  ind_0020_00025    147    182 +  cm    no 0.64  -
  (7) !   1.3e-13   56.0   0.0  ind_0020_00008    147    182 +  cm    no 0.64  -
  (8) !   1.6e-13   55.7   0.0  ind_0020_00004    147    182 +  cm    no 0.64  -
  (9) !   1.6e-13   55.7   0.0  ind_0020_00024    147    182 +  cm    no 0.64  -
 (10) !   1.6e-13   55.7   0.0  ind_0020_00043    147    182 +  cm    no 0.64  -
 (11) !   1.6e-13   55.7   0.0  ind_0020_00046    147    182 +  cm    no 0.64  -
 (12) !   2.3e-13   55.0   0.0  ind_0020_00001    147    182 +  cm    no 0.64  -
 (13) !   2.3e-13   55.0   0.0  ind_0020_00035    147    182 +  cm    no 0.64  -
 (14) !   2.3e-13   55.0   0.0  ind_0020_00049    147    182 +  cm    no 0.64  -
 (15) !   2.4e-12   51.2   0.0  ind_0020_00018    147    182 +  cm    no 0.61  -
 (16) !   2.5e-12   51.2   0.0  ind_0020_00020    147    182 +  cm    no 0.61  -
 (17) !     3e-12   50.9   0.0  ind_0020_00041    147    182 +  cm    no 0.61  -
 (18) !   3.9e-12   50.4   0.0  ind_0020_00042    147    182 +  cm    no 0.64  -
 (19) !   4.4e-12   50.2   0.0  ind_0020_00015    147    182 +  cm    no 0.64  -
 (20) !   4.4e-12   50.2   0.0  ind_0020_00030    147    182 +  cm    no 0.64  -
 (21) !   5.8e-12   49.8   0.0  ind_0020_00002    147    182 +  cm    no 0.67  -
 (22) !   5.8e-12   49.8   0.0  ind_0020_00005    147    182 +  cm    no 0.67  -
 (23) !   5.8e-12   49.8   0.0  ind_0020_00028    147    182 +  cm    no 0.67  -
 (24) !   5.8e-12   49.8   0.0  ind_0020_00034    147    182 +  cm    no 0.67  -
 (25) !   5.8e-12   49.8   0.0  ind_0020_00036    147    182 +  cm    no 0.67  -
 (26) !   5.8e-12   49.8   0.0  ind_0020_00045    147    182 +  cm    no 0.67  -
 (27) !   5.8e-12   49.8   0.0  ind_0020_00048    147    182 +  cm    no 0.67  -
 (28) !   7.5e-12   49.4   0.0  ind_0020_00016    147    182 +  cm    no 0.61  -
 (29) !   1.5e-11   48.2   0.0  ind_0020_00026    147    180 +  cm    no 0.74  -
 (30) !   7.3e-11   45.6   0.0  ind_0020_00038    147    182 +  cm    no 0.69  -
 (31) !   1.1e-10   45.0   0.0  ind_0020_00022    147    182 +  cm    no 0.69  -
 (32) !   1.2e-10   44.8   0.0  ind_0020_00037    147    182 +  cm    no 0.64  -
 (33) !   1.2e-10   44.8   0.0  ind_0020_00032    147    180 +  cm    no 0.74  -
 (34) !   1.4e-10   44.5   0.0  ind_0020_00007    147    182 +  cm    no 0.64  -
 (35) !   1.5e-10   44.4   0.0  ind_0020_00047    147    182 +  cm    no 0.64  -
 (36) !   1.6e-10   44.3   0.0  ind_0020_00017    147    182 +  cm    no 0.64  -
 (37) !   1.8e-10   44.1   0.0  ind_0020_00019    147    182 +  cm    no 0.64  -
 (38) !     2e-10   44.0   0.0  ind_0020_00021    147    182 +  cm    no 0.61  -
 (39) !   2.3e-10   43.8   0.0  ind_0020_00009    147    180 +  cm    no 0.71  -
 (40) !   2.8e-10   43.5   0.0  ind_0020_00029    147    182 +  cm    no 0.67  -
 (41) !   3.9e-10   42.9   0.0  ind_0020_00027    147    180 +  cm    no 0.71  -
 (42) !   6.5e-10   42.1   0.0  ind_0020_00014    147    182 +  cm    no 0.64  -
 (43) !   1.3e-09   40.9   0.0  ind_0020_00039    147    182 +  cm    no 0.64  -
 (44) !   1.6e-09   40.6   0.0  ind_0020_00033    147    182 +  cm    no 0.64  -
 (45) !   2.4e-09   39.9   0.0  ind_0020_00013    147    182 +  cm    no 0.64  -
 (46) !   2.7e-09   39.7   0.0  ind_0020_00040    147    182 +  cm    no 0.64  -
 (47) !   1.4e-08   37.0   0.0  ind_0020_00023    147    180 +  cm    no 0.74  -
 (48) !   3.1e-08   35.8   0.0  ind_0020_00031    147    182 +  cm    no 0.64  -
 (49) !   7.8e-08   34.2   0.0  ind_0020_00011    147    182 +  cm    no 0.58  -
 (50) !   7.8e-07   30.5   0.0  ind_0020_00044    147    182 +  cm    no 0.61  -
 ------ inclusion threshold ------
 (51) ?      0.18   10.3   0.0  ind_0020_00021    155    132 -  cm    no 0.67  -
 (52) ?       0.2   10.1   0.0  ind_0020_00023    155    140 -  cm    no 0.75  -
 (53) ?       0.2   10.1   0.0  ind_0020_00002    155    140 -  cm    no 0.69  -
 (54) ?       0.2   10.1   0.0  ind_0020_00004    155    140 -  cm    no 0.69  -
 (55) ?       0.2   10.1   0.0  ind_0020_00005    155    140 -  cm    no 0.69  -
 (56) ?       0.2   10.1   0.0  ind_0020_00024    155    140 -  cm    no 0.69  -
 (57) ?       0.2   10.1   0.0  ind_0020_00028    155    140 -  cm    no 0.69  -
 (58) ?       0.2   10.1   0.0  ind_0020_00034    155    140 -  cm    no 0.69  -
 (59) ?       0.2   10.1   0.0  ind_0020_00039    155    140 -  cm    no 0.69  -
 (60) ?       0.2   10.1   0.0  ind_0020_00043    155    140 -  cm    no 0.69  -
 (61) ?       0.2   10.1   0.0  ind_0020_00045    155    140 -  cm    no 0.69  -
 (62) ?       0.2   10.1   0.0  ind_0020_00046    155    140 -  cm    no 0.69  -
 (63) ?       0.2   10.1   0.0  ind_0020_00047    155    140 -  cm    no 0.69  -
 (64) ?       0.2   10.1   0.0  ind_0020_00048    155    140 -  cm    no 0.69  -
 (65) ?       0.2   10.1   0.0  ind_0020_00032    155    140 -  cm    no 0.69  -
 (66) ?      0.22    9.9   0.0  ind_0020_00029    155    132 -  cm    no 0.62  -
 (67) ?      0.53    8.5   0.0  ind_0020_00038    187    152 -  cm    no 0.69  -
 (68) ?      0.72    8.0   0.0  ind_0020_00036    155    132 -  cm    no 0.71  -
 (69) ?       0.9    7.6   0.0  ind_0020_00017    187    152 -  cm    no 0.64  -
 (70) ?   1.9e+02   -1.2   0.0  ind_0020_00017    143    132 -  cm    no 0.58  -
 (71) ?     3e+02   -1.9   0.0  ind_0020_00038    150    140 -  cm    no 0.64  -
 (72) ?   7.5e+02   -3.4   0.0  ind_0020_00029    130    128 -  cm    no 0.33  -


Hit alignments:
>> ind_0020_00000  
 rank     E-value  score  bias mdl mdl from   mdl to       seq from      seq to       acc trunc   gc
 ----   --------- ------ ----- --- -------- --------    ----------- -----------      ---- ----- ----
  (1) !   9.3e-14   56.5   0.0  cm        1       36 []         147         182 + .. 1.00    no 0.64

                                                          NC
                     :::::<<<--<<<<<<_________>>>>>>-->>> CS
  patent_aligned   1 GGUCAGACCCUGGUCCGGGGCAAUGGGACCACUGUU 36 
                     GGUC GACC UGGUCCGGGGCAAUGGGACCACUGUU
  ind_0020_00000 147 GGUCGGACCUUGGUCCGGGGCAAUGGGACCACUGUU 182
                     ************************************ PP

>> ind_0020_00003  
 rank     E-value  score  bias mdl mdl from   mdl to       seq from      seq to       acc trunc   gc
 ----   --------- ------ ----- --- -------- --------    ----------- -----------      ---- ----- ----
  (2) !   9.3e-14   56.5   0.0  cm        1       36 []         147         182 + .. 1.00    no 0.64

                                                          NC
                     :::::<<<--<<<<<<_________>>>>>>-->>> CS
  patent_aligned   1 GGUCAGACCCUGGUCCGGGGCAAUGGGACCACUGUU 36 
                     GGUC GACC UGGUCCGGGGCAAUGGGACCACUGUU
  ind_0020_00003 147 GGUCGGACCUUGGUCCGGGGCAAUGGGACCACUGUU 182
                     ************************************ PP

>> ind_0020_00006  
 rank     E-value  score  bias mdl mdl from   mdl to       seq from      seq to       acc trunc   gc
 ----   --------- ------ ----- --- -------- --------    ----------- -----------      ---- ----- ----
  (3) !   9.3e-14   56.5   0.0  cm        1       36 []         147         182 + .. 1.00    no 0.64

                                                          NC
                     :::::<<<--<<<<<<_________>>>>>>-->>> CS
  patent_aligned   1 GGUCAGACCCUGGUCCGGGGCAAUGGGACCACUGUU 36 
                     GGUC GACC UGGUCCGGGGCAAUGGGACCACUGUU
  ind_0020_00006 147 GGUCGGACCUUGGUCCGGGGCAAUGGGACCACUGUU 182
                     ************************************ PP

>> ind_0020_00010  
 rank     E-value  score  bias mdl mdl from   mdl to       seq from      seq to       acc trunc   gc
 ----   --------- ------ ----- --- -------- --------    ----------- -----------      ---- ----- ----
  (4) !   9.3e-14   56.5   0.0  cm        1       36 []         147         182 + .. 1.00    no 0.64

                                                          NC
                     :::::<<<--<<<<<<_________>>>>>>-->>> CS
  patent_aligned   1 GGUCAGACCCUGGUCCGGGGCAAUGGGACCACUGUU 36 
                     GGUC GACC UGGUCCGGGGCAAUGGGACCACUGUU
  ind_0020_00010 147 GGUCGGACCUUGGUCCGGGGCAAUGGGACCACUGUU 182
                     ************************************ PP

>> ind_0020_00012  
 rank     E-value  score  bias mdl mdl from   mdl to       seq from      seq to       acc trunc   gc
 ----   --------- ------ ----- --- -------- --------    ----------- -----------      ---- ----- ----
  (5) !   9.3e-14   56.5   0.0  cm        1       36 []         147         182 + .. 1.00    no 0.64

                                                          NC
                     :::::<<<--<<<<<<_________>>>>>>-->>> CS
  patent_aligned   1 GGUCAGACCCUGGUCCGGGGCAAUGGGACCACUGUU 36 
                     GGUC GACC UGGUCCGGGGCAAUGGGACCACUGUU
  ind_0020_00012 147 GGUCGGACCUUGGUCCGGGGCAAUGGGACCACUGUU 182
                     ************************************ PP

>> ind_0020_00025  
 rank     E-value  score  bias mdl mdl from   mdl to       seq from      seq to       acc trunc   gc
 ----   --------- ------ ----- --- -------- --------    ----------- -----------      ---- ----- ----
  (6) !   9.3e-14   56.5   0.0  cm        1       36 []         147         182 + .. 1.00    no 0.64

                                                          NC
                     :::::<<<--<<<<<<_________>>>>>>-->>> CS
  patent_aligned   1 GGUCAGACCCUGGUCCGGGGCAAUGGGACCACUGUU 36 
                     GGUC GACC UGGUCCGGGGCAAUGGGACCACUGUU
  ind_0020_00025 147 GGUCGGACCUUGGUCCGGGGCAAUGGGACCACUGUU 182
                     ************************************ PP

>> ind_0020_00008  
 rank     E-value  score  bias mdl mdl from   mdl to       seq from      seq to       acc trunc   gc
 ----   --------- ------ ----- --- -------- --------    ----------- -----------      ---- ----- ----
  (7) !   1.3e-13   56.0   0.0  cm        1       36 []         147         182 + .. 1.00    no 0.64

                                                          NC
                     :::::<<<--<<<<<<_________>>>>>>-->>> CS
  patent_aligned   1 GGUCAGACCCUGGUCCGGGGCAAUGGGACCACUGUU 36 
                     GGUC GACC UGGUCCGGGGCAAUGGGACCACUGUU
  ind_0020_00008 147 GGUCCGACCUUGGUCCGGGGCAAUGGGACCACUGUU 182
                     ************************************ PP

>> ind_0020_00004  
 rank     E-value  score  bias mdl mdl from   mdl to       seq from      seq to       acc trunc   gc
 ----   --------- ------ ----- --- -------- --------    ----------- -----------      ---- ----- ----
  (8) !   1.6e-13   55.7   0.0  cm        1       36 []         147         182 + .. 1.00    no 0.64

                                                          NC
                     :::::<<<--<<<<<<_________>>>>>>-->>> CS
  patent_aligned   1 GGUCAGACCCUGGUCCGGGGCAAUGGGACCACUGUU 36 
                     GGUC GACC UGGUCCGGGGCAAUGGGACCACUGUU
  ind_0020_00004 147 GGUCGGACCAUGGUCCGGGGCAAUGGGACCACUGUU 182
                     ************************************ PP

>> ind_0020_00024  
 rank     E-value  score  bias mdl mdl from   mdl to       seq from      seq to       acc trunc   gc
 ----   --------- ------ ----- --- -------- --------    ----------- -----------      ---- ----- ----
  (9) !   1.6e-13   55.7   0.0  cm        1       36 []         147         182 + .. 1.00    no 0.64

                                                          NC
                     :::::<<<--<<<<<<_________>>>>>>-->>> CS
  patent_aligned   1 GGUCAGACCCUGGUCCGGGGCAAUGGGACCACUGUU 36 
                     GGUC GACC UGGUCCGGGGCAAUGGGACCACUGUU
  ind_0020_00024 147 GGUCGGACCAUGGUCCGGGGCAAUGGGACCACUGUU 182
                     ************************************ PP

>> ind_0020_00043  
 rank     E-value  score  bias mdl mdl from   mdl to       seq from      seq to       acc trunc   gc
 ----   --------- ------ ----- --- -------- --------    ----------- -----------      ---- ----- ----
 (10) !   1.6e-13   55.7   0.0  cm        1       36 []         147         182 + .. 1.00    no 0.64

                                                          NC
                     :::::<<<--<<<<<<_________>>>>>>-->>> CS
  patent_aligned   1 GGUCAGACCCUGGUCCGGGGCAAUGGGACCACUGUU 36 
                     GGUC GACC UGGUCCGGGGCAAUGGGACCACUGUU
  ind_0020_00043 147 GGUCGGACCAUGGUCCGGGGCAAUGGGACCACUGUU 182
                     ************************************ PP

>> ind_0020_00046  
 rank     E-value  score  bias mdl mdl from   mdl to       seq from      seq to       acc trunc   gc
 ----   --------- ------ ----- --- -------- --------    ----------- -----------      ---- ----- ----
 (11) !   1.6e-13   55.7   0.0  cm        1       36 []         147         182 + .. 1.00    no 0.64

                                                          NC
                     :::::<<<--<<<<<<_________>>>>>>-->>> CS
  patent_aligned   1 GGUCAGACCCUGGUCCGGGGCAAUGGGACCACUGUU 36 
                     GGUC GACC UGGUCCGGGGCAAUGGGACCACUGUU
  ind_0020_00046 147 GGUCGGACCAUGGUCCGGGGCAAUGGGACCACUGUU 182
                     ************************************ PP

>> ind_0020_00001  
 rank     E-value  score  bias mdl mdl from   mdl to       seq from      seq to       acc trunc   gc
 ----   --------- ------ ----- --- -------- --------    ----------- -----------      ---- ----- ----
 (12) !   2.3e-13   55.0   0.0  cm        1       36 []         147         182 + .. 1.00    no 0.64

                                                          NC
                     :::::<<<--<<<<<<_________>>>>>>-->>> CS
  patent_aligned   1 GGUCAGACCCUGGUCCGGGGCAAUGGGACCACUGUU 36 
                     GGUCAGACC UGG CCGGGGCAAUGGG CCACUGUU
  ind_0020_00001 147 GGUCAGACCAUGGUCCGGGGCAAUGGGGCCACUGUU 182
                     ************************************ PP

>> ind_0020_00035  
 rank     E-value  score  bias mdl mdl from   mdl to       seq from      seq to       acc trunc   gc
 ----   --------- ------ ----- --- -------- --------    ----------- -----------      ---- ----- ----
 (13) !   2.3e-13   55.0   0.0  cm        1       36 []         147         182 + .. 1.00    no 0.64

                                                          NC
                     :::::<<<--<<<<<<_________>>>>>>-->>> CS
  patent_aligned   1 GGUCAGACCCUGGUCCGGGGCAAUGGGACCACUGUU 36 
                     GGUCAGACC UGG CCGGGGCAAUGGG CCACUGUU
  ind_0020_00035 147 GGUCAGACCAUGGUCCGGGGCAAUGGGGCCACUGUU 182
                     ************************************ PP

>> ind_0020_00049  
 rank     E-value  score  bias mdl mdl from   mdl to       seq from      seq to       acc trunc   gc
 ----   --------- ------ ----- --- -------- --------    ----------- -----------      ---- ----- ----
 (14) !   2.3e-13   55.0   0.0  cm        1       36 []         147         182 + .. 1.00    no 0.64

                                                          NC
                     :::::<<<--<<<<<<_________>>>>>>-->>> CS
  patent_aligned   1 GGUCAGACCCUGGUCCGGGGCAAUGGGACCACUGUU 36 
                     GGUCAGACC UGG CCGGGGCAAUGGG CCACUGUU
  ind_0020_00049 147 GGUCAGACCAUGGUCCGGGGCAAUGGGGCCACUGUU 182
                     ************************************ PP

>> ind_0020_00018  
 rank     E-value  score  bias mdl mdl from   mdl to       seq from      seq to       acc trunc   gc
 ----   --------- ------ ----- --- -------- --------    ----------- -----------      ---- ----- ----
 (15) !   2.4e-12   51.2   0.0  cm        1       36 []         147         182 + .. 1.00    no 0.61

                                                          NC
                     :::::<<<--<<<<<<_________>>>>>>-->>> CS
  patent_aligned   1 GGUCAGACCCUGGUCCGGGGCAAUGGGACCACUGUU 36 
                     GGUC GAC  UGGUCCGGGGCAAUGGGACCACUGUU
  ind_0020_00018 147 GGUCGGACAUUGGUCCGGGGCAAUGGGACCACUGUU 182
                     ************************************ PP

>> ind_0020_00020  
 rank     E-value  score  bias mdl mdl from   mdl to       seq from      seq to       acc trunc   gc
 ----   --------- ------ ----- --- -------- --------    ----------- -----------      ---- ----- ----
 (16) !   2.5e-12   51.2   0.0  cm        1       36 []         147         182 + .. 1.00    no 0.61

                                                          NC
                     :::::<<<--<<<<<<_________>>>>>>-->>> CS
  patent_aligned   1 GGUCAGACCCUGGUCCGGGGCAAUGGGACCACUGUU 36 
                     GGUC GACC UGGUCCGGGG AAUGGGACCACUGUU
  ind_0020_00020 147 GGUCGGACCUUGGUCCGGGGAAAUGGGACCACUGUU 182
                     ************************************ PP

>> ind_0020_00041  
 rank     E-value  score  bias mdl mdl from   mdl to       seq from      seq to       acc trunc   gc
 ----   --------- ------ ----- --- -------- --------    ----------- -----------      ---- ----- ----
 (17) !     3e-12   50.9   0.0  cm        1       36 []         147         182 + .. 1.00    no 0.61

                                                          NC
                     :::::<<<--<<<<<<_________>>>>>>-->>> CS
  patent_aligned   1 GGUCAGACCCUGGUCCGGGGCAAUGGGACCACUGUU 36 
                     GGUC GACC UGGUCCG GGCAAUGGGACCACUGUU
  ind_0020_00041 147 GGUCGGACCUUGGUCCGUGGCAAUGGGACCACUGUU 182
                     ************************************ PP

>> ind_0020_00042  
 rank     E-value  score  bias mdl mdl from   mdl to       seq from      seq to       acc trunc   gc
 ----   --------- ------ ----- --- -------- --------    ----------- -----------      ---- ----- ----
 (18) !   3.9e-12   50.4   0.0  cm        1       36 []         147         182 + .. 1.00    no 0.64

                                                          NC
                     :::::<<<--<<<<<<_________>>>>>>-->>> CS
  patent_aligned   1 GGUCAGACCCUGGUCCGGGGCAAUGGGACCACUGUU 36 
                     GGUC GACC UGGUCCGGGG AAUGGGACCACUGUU
  ind_0020_00042 147 GGUCGGACCUUGGUCCGGGGGAAUGGGACCACUGUU 182
                     ************************************ PP

>> ind_0020_00015  
 rank     E-value  score  bias mdl mdl from   mdl to       seq from      seq to       acc trunc   gc
 ----   --------- ------ ----- --- -------- --------    ----------- -----------      ---- ----- ----
 (19) !   4.4e-12   50.2   0.0  cm        1       36 []         147         182 + .. 1.00    no 0.64

                                                          NC
                     :::::<<<--<<<<<<_________>>>>>>-->>> CS
  patent_aligned   1 GGUCAGACCCUGGUCCGGGGCAAUGGGACCACUGUU 36 
                     GGUC GACC UGGUCCG GGCAAUGGGACCACUGUU
  ind_0020_00015 147 GGUCGGACCUUGGUCCGCGGCAAUGGGACCACUGUU 182
                     ************************************ PP

>> ind_0020_00030  
 rank     E-value  score  bias mdl mdl from   mdl to       seq from      seq to       acc trunc   gc
 ----   --------- ------ ----- --- -------- --------    ----------- -----------      ---- ----- ----
 (20) !   4.4e-12   50.2   0.0  cm        1       36 []         147         182 + .. 1.00    no 0.64

                                                          NC
                     :::::<<<--<<<<<<_________>>>>>>-->>> CS
  patent_aligned   1 GGUCAGACCCUGGUCCGGGGCAAUGGGACCACUGUU 36 
                     GGUC GACC UGGUCCG GGCAAUGGGACCACUGUU
  ind_0020_00030 147 GGUCGGACCUUGGUCCGCGGCAAUGGGACCACUGUU 182
                     ************************************ PP

>> ind_0020_00002  
 rank     E-value  score  bias mdl mdl from   mdl to       seq from      seq to       acc trunc   gc
 ----   --------- ------ ----- --- -------- --------    ----------- -----------      ---- ----- ----
 (21) !   5.8e-12   49.8   0.0  cm        1       36 []         147         182 + .. 1.00    no 0.67

                                                          NC
                     :::::<<<--<<<<<<_________>>>>>>-->>> CS
  patent_aligned   1 GGUCAGACCCUGGUCCGGGGCAAUGGGACCACUGUU 36 
                     GGUC GACC UGG CCGGGGCAAUGGG CCACUGUU
  ind_0020_00002 147 GGUCGGACCAUGGUCCGGGGCAAUGGGGCCACUGUU 182
                     ************************************ PP

>> ind_0020_00005  
 rank     E-value  score  bias mdl mdl from   mdl to       seq from      seq to       acc trunc   gc
 ----   --------- ------ ----- --- -------- --------    ----------- -----------      ---- ----- ----
 (22) !   5.8e-12   49.8   0.0  cm        1       36 []         147         182 + .. 1.00    no 0.67

                                                          NC
                     :::::<<<--<<<<<<_________>>>>>>-->>> CS
  patent_aligned   1 GGUCAGACCCUGGUCCGGGGCAAUGGGACCACUGUU 36 
                     GGUC GACC UGG CCGGGGCAAUGGG CCACUGUU
  ind_0020_00005 147 GGUCGGACCAUGGUCCGGGGCAAUGGGGCCACUGUU 182
                     ************************************ PP

>> ind_0020_00028  
 rank     E-value  score  bias mdl mdl from   mdl to       seq from      seq to       acc trunc   gc
 ----   --------- ------ ----- --- -------- --------    ----------- -----------      ---- ----- ----
 (23) !   5.8e-12   49.8   0.0  cm        1       36 []         147         182 + .. 1.00    no 0.67

                                                          NC
                     :::::<<<--<<<<<<_________>>>>>>-->>> CS
  patent_aligned   1 GGUCAGACCCUGGUCCGGGGCAAUGGGACCACUGUU 36 
                     GGUC GACC UGG CCGGGGCAAUGGG CCACUGUU
  ind_0020_00028 147 GGUCGGACCAUGGUCCGGGGCAAUGGGGCCACUGUU 182
                     ************************************ PP

>> ind_0020_00034  
 rank     E-value  score  bias mdl mdl from   mdl to       seq from      seq to       acc trunc   gc
 ----   --------- ------ ----- --- -------- --------    ----------- -----------      ---- ----- ----
 (24) !   5.8e-12   49.8   0.0  cm        1       36 []         147         182 + .. 1.00    no 0.67

                                                          NC
                     :::::<<<--<<<<<<_________>>>>>>-->>> CS
  patent_aligned   1 GGUCAGACCCUGGUCCGGGGCAAUGGGACCACUGUU 36 
                     GGUC GACC UGG CCGGGGCAAUGGG CCACUGUU
  ind_0020_00034 147 GGUCGGACCAUGGUCCGGGGCAAUGGGGCCACUGUU 182
                     ************************************ PP

>> ind_0020_00036  
 rank     E-value  score  bias mdl mdl from   mdl to       seq from      seq to       acc trunc   gc
 ----   --------- ------ ----- --- -------- --------    ----------- -----------      ---- ----- ----
 (25) !   5.8e-12   49.8   0.0  cm        1       36 []         147         182 + .. 1.00    no 0.67

                                                          NC
                     :::::<<<--<<<<<<_________>>>>>>-->>> CS
  patent_aligned   1 GGUCAGACCCUGGUCCGGGGCAAUGGGACCACUGUU 36 
                     GGUC GACC UGG CCGGGGCAAUGGG CCACUGUU
  ind_0020_00036 147 GGUCGGACCAUGGUCCGGGGCAAUGGGGCCACUGUU 182
                     ************************************ PP

>> ind_0020_00045  
 rank     E-value  score  bias mdl mdl from   mdl to       seq from      seq to       acc trunc   gc
 ----   --------- ------ ----- --- -------- --------    ----------- -----------      ---- ----- ----
 (26) !   5.8e-12   49.8   0.0  cm        1       36 []         147         182 + .. 1.00    no 0.67

                                                          NC
                     :::::<<<--<<<<<<_________>>>>>>-->>> CS
  patent_aligned   1 GGUCAGACCCUGGUCCGGGGCAAUGGGACCACUGUU 36 
                     GGUC GACC UGG CCGGGGCAAUGGG CCACUGUU
  ind_0020_00045 147 GGUCGGACCAUGGUCCGGGGCAAUGGGGCCACUGUU 182
                     ************************************ PP

>> ind_0020_00048  
 rank     E-value  score  bias mdl mdl from   mdl to       seq from      seq to       acc trunc   gc
 ----   --------- ------ ----- --- -------- --------    ----------- -----------      ---- ----- ----
 (27) !   5.8e-12   49.8   0.0  cm        1       36 []         147         182 + .. 1.00    no 0.67

                                                          NC
                     :::::<<<--<<<<<<_________>>>>>>-->>> CS
  patent_aligned   1 GGUCAGACCCUGGUCCGGGGCAAUGGGACCACUGUU 36 
                     GGUC GACC UGG CCGGGGCAAUGGG CCACUGUU
  ind_0020_00048 147 GGUCGGACCAUGGUCCGGGGCAAUGGGGCCACUGUU 182
                     ************************************ PP

>> ind_0020_00016  
 rank     E-value  score  bias mdl mdl from   mdl to       seq from      seq to       acc trunc   gc
 ----   --------- ------ ----- --- -------- --------    ----------- -----------      ---- ----- ----
 (28) !   7.5e-12   49.4   0.0  cm        1       36 []         147         182 + .. 1.00    no 0.61

                                                          NC
                     :::::<<<--<<<<<<_________>>>>>>-->>> CS
  patent_aligned   1 GGUCAGACCCUGGUCCGGGGCAAUGGGACCACUGUU 36 
                     GGUCAGACC UGG CC GGGCAAUGGG CCACUGUU
  ind_0020_00016 147 GGUCAGACCAUGGUCCUGGGCAAUGGGGCCACUGUU 182
                     ************************************ PP

>> ind_0020_00026  
 rank     E-value  score  bias mdl mdl from   mdl to       seq from      seq to       acc trunc   gc
 ----   --------- ------ ----- --- -------- --------    ----------- -----------      ---- ----- ----
 (29) !   1.5e-11   48.2   0.0  cm        1       36 []         147         180 + .. 1.00    no 0.74

                          vv                           vv NC
                     :::::<<<--<<<<<<_________>>>>>>-->>> CS
  patent_aligned   1 GGUCAGACCCUGGUCCGGGGCAAUGGGACCACUGUU 36 
                     GGUC GACCCUGG CCGGGGCAAUGGG CCACUG  
  ind_0020_00026 147 GGUCGGACCCUGGUCCGGGGCAAUGGGGCCACUG-- 180
                     **********************************.. PP

>> ind_0020_00038  
 rank     E-value  score  bias mdl mdl from   mdl to       seq from      seq to       acc trunc   gc
 ----   --------- ------ ----- --- -------- --------    ----------- -----------      ---- ----- ----
 (30) !   7.3e-11   45.6   0.0  cm        1       36 []         147         182 + .. 1.00    no 0.69

                                                          NC
                     :::::<<<--<<<<<<_________>>>>>>-->>> CS
  patent_aligned   1 GGUCAGACCCUGGUCCGGGGCAAUGGGACCACUGUU 36 
                     GGUC GAC  UGG CCGGGGCAAUGGG CCACUGUU
  ind_0020_00038 147 GGUCGGACAGUGGCCCGGGGCAAUGGGGCCACUGUU 182
                     ************************************ PP

>> ind_0020_00022  
 rank     E-value  score  bias mdl mdl from   mdl to       seq from      seq to       acc trunc   gc
 ----   --------- ------ ----- --- -------- --------    ----------- -----------      ---- ----- ----
 (31) !   1.1e-10   45.0   0.0  cm        1       36 []         147         182 + .. 1.00    no 0.69

                                                          NC
                     :::::<<<--<<<<<<_________>>>>>>-->>> CS
  patent_aligned   1 GGUCAGACCCUGGUCCGGGGCAAUGGGACCACUGUU 36 
                     GGUC GACC UGG CCGGGGC AUGGG CCACUGUU
  ind_0020_00022 147 GGUCGGACCUUGGUCCGGGGCCAUGGGGCCACUGUU 182
                     *********************9************** PP

>> ind_0020_00037  
 rank     E-value  score  bias mdl mdl from   mdl to       seq from      seq to       acc trunc   gc
 ----   --------- ------ ----- --- -------- --------    ----------- -----------      ---- ----- ----
 (32) !   1.2e-10   44.8   0.0  cm        1       36 []         147         182 + .. 1.00    no 0.64

                                                          NC
                     :::::<<<--<<<<<<_________>>>>>>-->>> CS
  patent_aligned   1 GGUCAGACCCUGGUCCGGGGCAAUGGGACCACUGUU 36 
                     GGUC GACC UGG CCGG GCAAUGGG CCACUGUU
  ind_0020_00037 147 GGUCGGACCAUGGUCCGGAGCAAUGGGGCCACUGUU 182
                     ************************************ PP

>> ind_0020_00032  
 rank     E-value  score  bias mdl mdl from   mdl to       seq from      seq to       acc trunc   gc
 ----   --------- ------ ----- --- -------- --------    ----------- -----------      ---- ----- ----
 (33) !   1.2e-10   44.8   0.0  cm        1       36 []         147         180 + .. 1.00    no 0.74

                          vv                           vv NC
                     :::::<<<--<<<<<<_________>>>>>>-->>> CS
  patent_aligned   1 GGUCAGACCCUGGUCCGGGGCAAUGGGACCACUGUU 36 
                     GGUC GACC UGG CCGGGGCAAUGGG CCACUG  
  ind_0020_00032 147 GGUCGGACCAUGGCCCGGGGCAAUGGGGCCACUG-- 180
                     **********************************.. PP

>> ind_0020_00007  
 rank     E-value  score  bias mdl mdl from   mdl to       seq from      seq to       acc trunc   gc
 ----   --------- ------ ----- --- -------- --------    ----------- -----------      ---- ----- ----
 (34) !   1.4e-10   44.5   0.0  cm        1       36 []         147         182 + .. 1.00    no 0.64

                                                          NC
                     :::::<<<--<<<<<<_________>>>>>>-->>> CS
  patent_aligned   1 GGUCAGACCCUGGUCCGGGGCAAUGGGACCACUGUU 36 
                     G UC GACC UGGUCCG GGCAAUGGGACCACUGUU
  ind_0020_00007 147 GCUCGGACCUUGGUCCGCGGCAAUGGGACCACUGUU 182
                     ************************************ PP

>> ind_0020_00047  
 rank     E-value  score  bias mdl mdl from   mdl to       seq from      seq to       acc trunc   gc
 ----   --------- ------ ----- --- -------- --------    ----------- -----------      ---- ----- ----
 (35) !   1.5e-10   44.4   0.0  cm        1       36 []         147         182 + .. 1.00    no 0.64

                                                          NC
                     :::::<<<--<<<<<<_________>>>>>>-->>> CS
  patent_aligned   1 GGUCAGACCCUGGUCCGGGGCAAUGGGACCACUGUU 36 
                     GGUC GACC UGG CCGGGG AAUGGG CCACUGUU
  ind_0020_00047 147 GGUCGGACCAUGGUCCGGGGAAAUGGGGCCACUGUU 182
                     ************************************ PP

>> ind_0020_00017  
 rank     E-value  score  bias mdl mdl from   mdl to       seq from      seq to       acc trunc   gc
 ----   --------- ------ ----- --- -------- --------    ----------- -----------      ---- ----- ----
 (36) !   1.6e-10   44.3   0.0  cm        1       36 []         147         182 + .. 1.00    no 0.64

                                                          NC
                     :::::<<<--<<<<<<_________>>>>>>-->>> CS
  patent_aligned   1 GGUCAGACCCUGGUCCGGGGCAAUGGGACCACUGUU 36 
                     GGUC GACC UGGUCCGGGG AAUGGGACCA UGUU
  ind_0020_00017 147 GGUCGGACCUUGGUCCGGGGGAAUGGGACCAGUGUU 182
                     ************************************ PP

>> ind_0020_00019  
 rank     E-value  score  bias mdl mdl from   mdl to       seq from      seq to       acc trunc   gc
 ----   --------- ------ ----- --- -------- --------    ----------- -----------      ---- ----- ----
 (37) !   1.8e-10   44.1   0.0  cm        1       36 []         147         182 + .. 1.00    no 0.64

                                                          NC
                     :::::<<<--<<<<<<_________>>>>>>-->>> CS
  patent_aligned   1 GGUCAGACCCUGGUCCGGGGCAAUGGGACCACUGUU 36 
                     GGUC GACC UGGUCCG GG AAUGGGACCACUGUU
  ind_0020_00019 147 GGUCGGACCUUGGUCCGCGGGAAUGGGACCACUGUU 182
                     ************************************ PP

>> ind_0020_00021  
 rank     E-value  score  bias mdl mdl from   mdl to       seq from      seq to       acc trunc   gc
 ----   --------- ------ ----- --- -------- --------    ----------- -----------      ---- ----- ----
 (38) !     2e-10   44.0   0.0  cm        1       36 []         147         182 + .. 1.00    no 0.61

                                                          NC
                     :::::<<<--<<<<<<_________>>>>>>-->>> CS
  patent_aligned   1 GGUCAGACCCUGGUCCGGGGCAAUGGGACCACUGUU 36 
                     GGUC GACC UGGUCCG GG AAUGGGACCACUGUU
  ind_0020_00021 147 GGUCGGACCAUGGUCCGCGGAAAUGGGACCACUGUU 182
                     ************************************ PP

>> ind_0020_00009  
 rank     E-value  score  bias mdl mdl from   mdl to       seq from      seq to       acc trunc   gc
 ----   --------- ------ ----- --- -------- --------    ----------- -----------      ---- ----- ----
 (39) !   2.3e-10   43.8   0.0  cm        1       36 []         147         180 + .. 1.00    no 0.71

                          vv                           vv NC
                     :::::<<<--<<<<<<_________>>>>>>-->>> CS
  patent_aligned   1 GGUCAGACCCUGGUCCGGGGCAAUGGGACCACUGUU 36 
                     GGUC GACC UGG CCGGGGCAAUGGG CCACUG  
  ind_0020_00009 147 GGUCGGACCUUGGUCCGGGGCAAUGGGGCCACUG-- 180
                     **********************************.. PP

>> ind_0020_00029  
 rank     E-value  score  bias mdl mdl from   mdl to       seq from      seq to       acc trunc   gc
 ----   --------- ------ ----- --- -------- --------    ----------- -----------      ---- ----- ----
 (40) !   2.8e-10   43.5   0.0  cm        1       36 []         147         182 + .. 1.00    no 0.67

                                                          NC
                     :::::<<<--<<<<<<_________>>>>>>-->>> CS
  patent_aligned   1 GGUCAGACCCUGGUCCGGGGCAAUGGGACCACUGUU 36 
                     GGUC GACC UGG CCG GGCAAUGGG CCACUGUU
  ind_0020_00029 147 GGUCGGACCAUGGUCCGCGGCAAUGGGGCCACUGUU 182
                     ************************************ PP

>> ind_0020_00027  
 rank     E-value  score  bias mdl mdl from   mdl to       seq from      seq to       acc trunc   gc
 ----   --------- ------ ----- --- -------- --------    ----------- -----------      ---- ----- ----
 (41) !   3.9e-10   42.9   0.0  cm        1       36 []         147         180 + .. 1.00    no 0.71

                          vv                           vv NC
                     :::::<<<--<<<<<<_________>>>>>>-->>> CS
  patent_aligned   1 GGUCAGACCCUGGUCCGGGGCAAUGGGACCACUGUU 36 
                     GGUC GACC UGG CCGGGGCAAUGGG CCACUG  
  ind_0020_00027 147 GGUCGGACCAUGGUCCGGGGCAAUGGGGCCACUG-- 180
                     **********************************.. PP

>> ind_0020_00014  
 rank     E-value  score  bias mdl mdl from   mdl to       seq from      seq to       acc trunc   gc
 ----   --------- ------ ----- --- -------- --------    ----------- -----------      ---- ----- ----
 (42) !   6.5e-10   42.1   0.0  cm        1       36 []         147         182 + .. 1.00    no 0.64

                                  v             v         NC
                     :::::<<<--<<<<<<_________>>>>>>-->>> CS
  patent_aligned   1 GGUCAGACCCUGGUCCGGGGCAAUGGGACCACUGUU 36 
                     GGUC GAC  UGG CCGGGGCAAUGGG CCACUGUU
  ind_0020_00014 147 GGUCGGACAAUGGCCCGGGGCAAUGGGACCACUGUU 182
                     ************************************ PP

>> ind_0020_00039  
 rank     E-value  score  bias mdl mdl from   mdl to       seq from      seq to       acc trunc   gc
 ----   --------- ------ ----- --- -------- --------    ----------- -----------      ---- ----- ----
 (43) !   1.3e-09   40.9   0.0  cm        1       36 []         147         182 + .. 1.00    no 0.64

                                    v         v           NC
                     :::::<<<--<<<<<<_________>>>>>>-->>> CS
  patent_aligned   1 GGUCAGACCCUGGUCCGGGGCAAUGGGACCACUGUU 36 
                     GGUC GACC UGG C GGGGCAAUG G CCACUGUU
  ind_0020_00039 147 GGUCGGACCAUGGUCCGGGGCAAUGUGGCCACUGUU 182
                     ************************************ PP

>> ind_0020_00033  
 rank     E-value  score  bias mdl mdl from   mdl to       seq from      seq to       acc trunc   gc
 ----   --------- ------ ----- --- -------- --------    ----------- -----------      ---- ----- ----
 (44) !   1.6e-09   40.6   0.0  cm        1       36 []         147         182 + .. 1.00    no 0.64

                                                          NC
                     :::::<<<--<<<<<<_________>>>>>>-->>> CS
  patent_aligned   1 GGUCAGACCCUGGUCCGGGGCAAUGGGACCACUGUU 36 
                     GG C GACC UGGUCCGGGG A UGGGACCACUGUU
  ind_0020_00033 147 GGACGGACCAUGGUCCGGGGAAGUGGGACCACUGUU 182
                     ************************************ PP

>> ind_0020_00013  
 rank     E-value  score  bias mdl mdl from   mdl to       seq from      seq to       acc trunc   gc
 ----   --------- ------ ----- --- -------- --------    ----------- -----------      ---- ----- ----
 (45) !   2.4e-09   39.9   0.0  cm        1       36 []         147         182 + .. 1.00    no 0.64

                                                          NC
                     :::::<<<--<<<<<<_________>>>>>>-->>> CS
  patent_aligned   1 GGUCAGACCCUGGUCCGGGGCAAUGGGACCACUGUU 36 
                     GGUC GAC  UGG CCGGGGCAAU GG CCACUGUU
  ind_0020_00013 147 GGUCGGACUUUGGUCCGGGGCAAUCGGGCCACUGUU 182
                     ************************9*********** PP

>> ind_0020_00040  
 rank     E-value  score  bias mdl mdl from   mdl to       seq from      seq to       acc trunc   gc
 ----   --------- ------ ----- --- -------- --------    ----------- -----------      ---- ----- ----
 (46) !   2.7e-09   39.7   0.0  cm        1       36 []         147         182 + .. 1.00    no 0.64

                                                          NC
                     :::::<<<--<<<<<<_________>>>>>>-->>> CS
  patent_aligned   1 GGUCAGACCCUGGUCCGGGGCAAUGGGACCACUGUU 36 
                     GGUC G CC UGGUCCG GG AAUGGGACCACUG U
  ind_0020_00040 147 GGUCCGGCCUUGGUCCGUGGGAAUGGGACCACUGUU 182
                     ************************************ PP

>> ind_0020_00023  
 rank     E-value  score  bias mdl mdl from   mdl to       seq from      seq to       acc trunc   gc
 ----   --------- ------ ----- --- -------- --------    ----------- -----------      ---- ----- ----
 (47) !   1.4e-08   37.0   0.0  cm        1       36 []         147         180 + .. 1.00    no 0.74

                          vv                           vv NC
                     :::::<<<--<<<<<<_________>>>>>>-->>> CS
  patent_aligned   1 GGUCAGACCCUGGUCCGGGGCAAUGGGACCACUGUU 36 
                     GGUC GACC  GG CCGGGGCAAUGGG CC CUG  
  ind_0020_00023 147 GGUCGGACCAUGGUCCGGGGCAAUGGGGCCGCUG-- 180
                     **********************************.. PP

>> ind_0020_00031  
 rank     E-value  score  bias mdl mdl from   mdl to       seq from      seq to       acc trunc   gc
 ----   --------- ------ ----- --- -------- --------    ----------- -----------      ---- ----- ----
 (48) !   3.1e-08   35.8   0.0  cm        1       36 []         147         182 + .. 1.00    no 0.64

                               v                   v      NC
                     :::::<<<--<<<<<<_________>>>>>>-->>> CS
  patent_aligned   1 GGUCAGACCCUGGUCCGGGGCAAUGGGACCACUGUU 36 
                     GGUC GACC  GG CCG GGCAAUGGG CC CUGUU
  ind_0020_00031 147 GGUCGGACCUAGGUCCGAGGCAAUGGGGCCACUGUU 182
                     ************************************ PP

>> ind_0020_00011  
 rank     E-value  score  bias mdl mdl from   mdl to       seq from      seq to       acc trunc   gc
 ----   --------- ------ ----- --- -------- --------    ----------- -----------      ---- ----- ----
 (49) !   7.8e-08   34.2   0.0  cm        1       36 []         147         182 + .. 1.00    no 0.58

                                                          NC
                     :::::<<<--<<<<<<_________>>>>>>-->>> CS
  patent_aligned   1 GGUCAGACCCUGGUCCGGGGCAAUGGGACCACUGUU 36 
                     GGUC GA   UGGUCCG GG AAUGGGACCACU UU
  ind_0020_00011 147 GGUCGGAUUUUGGUCCGCGGGAAUGGGACCACUGUU 182
                     ************************************ PP

>> ind_0020_00044  
 rank     E-value  score  bias mdl mdl from   mdl to       seq from      seq to       acc trunc   gc
 ----   --------- ------ ----- --- -------- --------    ----------- -----------      ---- ----- ----
 (50) !   7.8e-07   30.5   0.0  cm        1       36 []         147         182 + .. 1.00    no 0.61

                                 v               v        NC
                     :::::<<<--<<<<<<_________>>>>>>-->>> CS
  patent_aligned   1 GGUCAGACCCUGGUCCGGGGCAAUGGGACCACUGUU 36 
                     GGUC GACC UG  CCG GG AAUGGG  CACUGUU
  ind_0020_00044 147 GGUCGGACCAUGAUCCGCGGAAAUGGGGCCACUGUU 182
                     ************************************ PP

>> ind_0020_00021  
 rank     E-value  score  bias mdl mdl from   mdl to       seq from      seq to       acc trunc   gc
 ----   --------- ------ ----- --- -------- --------    ----------- -----------      ---- ----- ----
 (51) ?      0.18   10.3   0.0  cm        1       36 []         155         132 - .. 0.95    no 0.67

                                          NC
                     :::::<<<--~~~~~~->>> CS
  patent_aligned   1 GGUCAGACCC*[22]*UGUU 36 
                     GGUC GACCC      UGUU
  ind_0020_00021 155 GGUCCGACCC*[10]*UGUU 132
                     *********9...9..8*** PP

>> ind_0020_00023  
 rank     E-value  score  bias mdl mdl from   mdl to       seq from      seq to       acc trunc   gc
 ----   --------- ------ ----- --- -------- --------    ----------- -----------      ---- ----- ----
 (52) ?       0.2   10.1   0.0  cm        1       36 []         155         140 - .. 0.98    no 0.75

                                           NC
                     :::::<<<--~~~~~~-->>> CS
  patent_aligned   1 GGUCAGACCC*[21]*CUGUU 36 
                     GGUC :ACCC      CUGU:
  ind_0020_00023 155 GGUCCGACCC*[ 1]*CUGUC 140
                     **********...*..79*** PP

>> ind_0020_00002  
 rank     E-value  score  bias mdl mdl from   mdl to       seq from      seq to       acc trunc   gc
 ----   --------- ------ ----- --- -------- --------    ----------- -----------      ---- ----- ----
 (53) ?       0.2   10.1   0.0  cm        1       36 []         155         140 - .. 0.98    no 0.69

                                           NC
                     :::::<<<--~~~~~~-->>> CS
  patent_aligned   1 GGUCAGACCC*[21]*CUGUU 36 
                     GGUC :ACCC      CUGU:
  ind_0020_00002 155 GGUCCGACCC*[ 1]*CUGUC 140
                     **********...*..79*** PP

>> ind_0020_00004  
 rank     E-value  score  bias mdl mdl from   mdl to       seq from      seq to       acc trunc   gc
 ----   --------- ------ ----- --- -------- --------    ----------- -----------      ---- ----- ----
 (54) ?       0.2   10.1   0.0  cm        1       36 []         155         140 - .. 0.98    no 0.69

                                           NC
                     :::::<<<--~~~~~~-->>> CS
  patent_aligned   1 GGUCAGACCC*[21]*CUGUU 36 
                     GGUC :ACCC      CUGU:
  ind_0020_00004 155 GGUCCGACCC*[ 1]*CUGUC 140
                     **********...*..79*** PP

>> ind_0020_00005  
 rank     E-value  score  bias mdl mdl from   mdl to       seq from      seq to       acc trunc   gc
 ----   --------- ------ ----- --- -------- --------    ----------- -----------      ---- ----- ----
 (55) ?       0.2   10.1   0.0  cm        1       36 []         155         140 - .. 0.98    no 0.69

                                           NC
                     :::::<<<--~~~~~~-->>> CS
  patent_aligned   1 GGUCAGACCC*[21]*CUGUU 36 
                     GGUC :ACCC      CUGU:
  ind_0020_00005 155 GGUCCGACCC*[ 1]*CUGUC 140
                     **********...*..79*** PP

>> ind_0020_00024  
 rank     E-value  score  bias mdl mdl from   mdl to       seq from      seq to       acc trunc   gc
 ----   --------- ------ ----- --- -------- --------    ----------- -----------      ---- ----- ----
 (56) ?       0.2   10.1   0.0  cm        1       36 []         155         140 - .. 0.98    no 0.69

                                           NC
                     :::::<<<--~~~~~~-->>> CS
  patent_aligned   1 GGUCAGACCC*[21]*CUGUU 36 
                     GGUC :ACCC      CUGU:
  ind_0020_00024 155 GGUCCGACCC*[ 1]*CUGUC 140
                     **********...*..79*** PP

>> ind_0020_00028  
 rank     E-value  score  bias mdl mdl from   mdl to       seq from      seq to       acc trunc   gc
 ----   --------- ------ ----- --- -------- --------    ----------- -----------      ---- ----- ----
 (57) ?       0.2   10.1   0.0  cm        1       36 []         155         140 - .. 0.98    no 0.69

                                           NC
                     :::::<<<--~~~~~~-->>> CS
  patent_aligned   1 GGUCAGACCC*[21]*CUGUU 36 
                     GGUC :ACCC      CUGU:
  ind_0020_00028 155 GGUCCGACCC*[ 1]*CUGUC 140
                     **********...*..79*** PP

>> ind_0020_00034  
 rank     E-value  score  bias mdl mdl from   mdl to       seq from      seq to       acc trunc   gc
 ----   --------- ------ ----- --- -------- --------    ----------- -----------      ---- ----- ----
 (58) ?       0.2   10.1   0.0  cm        1       36 []         155         140 - .. 0.98    no 0.69

                                           NC
                     :::::<<<--~~~~~~-->>> CS
  patent_aligned   1 GGUCAGACCC*[21]*CUGUU 36 
                     GGUC :ACCC      CUGU:
  ind_0020_00034 155 GGUCCGACCC*[ 1]*CUGUC 140
                     **********...*..79*** PP

>> ind_0020_00039  
 rank     E-value  score  bias mdl mdl from   mdl to       seq from      seq to       acc trunc   gc
 ----   --------- ------ ----- --- -------- --------    ----------- -----------      ---- ----- ----
 (59) ?       0.2   10.1   0.0  cm        1       36 []         155         140 - .. 0.98    no 0.69

                                           NC
                     :::::<<<--~~~~~~-->>> CS
  patent_aligned   1 GGUCAGACCC*[21]*CUGUU 36 
                     GGUC :ACCC      CUGU:
  ind_0020_00039 155 GGUCCGACCC*[ 1]*CUGUC 140
                     **********...*..79*** PP

>> ind_0020_00043  
 rank     E-value  score  bias mdl mdl from   mdl to       seq from      seq to       acc trunc   gc
 ----   --------- ------ ----- --- -------- --------    ----------- -----------      ---- ----- ----
 (60) ?       0.2   10.1   0.0  cm        1       36 []         155         140 - .. 0.98    no 0.69

                                           NC
                     :::::<<<--~~~~~~-->>> CS
  patent_aligned   1 GGUCAGACCC*[21]*CUGUU 36 
                     GGUC :ACCC      CUGU:
  ind_0020_00043 155 GGUCCGACCC*[ 1]*CUGUC 140
                     **********...*..79*** PP

>> ind_0020_00045  
 rank     E-value  score  bias mdl mdl from   mdl to       seq from      seq to       acc trunc   gc
 ----   --------- ------ ----- --- -------- --------    ----------- -----------      ---- ----- ----
 (61) ?       0.2   10.1   0.0  cm        1       36 []         155         140 - .. 0.98    no 0.69

                                           NC
                     :::::<<<--~~~~~~-->>> CS
  patent_aligned   1 GGUCAGACCC*[21]*CUGUU 36 
                     GGUC :ACCC      CUGU:
  ind_0020_00045 155 GGUCCGACCC*[ 1]*CUGUC 140
                     **********...*..79*** PP

>> ind_0020_00046  
 rank     E-value  score  bias mdl mdl from   mdl to       seq from      seq to       acc trunc   gc
 ----   --------- ------ ----- --- -------- --------    ----------- -----------      ---- ----- ----
 (62) ?       0.2   10.1   0.0  cm        1       36 []         155         140 - .. 0.98    no 0.69

                                           NC
                     :::::<<<--~~~~~~-->>> CS
  patent_aligned   1 GGUCAGACCC*[21]*CUGUU 36 
                     GGUC :ACCC      CUGU:
  ind_0020_00046 155 GGUCCGACCC*[ 1]*CUGUC 140
                     **********...*..79*** PP

>> ind_0020_00047  
 rank     E-value  score  bias mdl mdl from   mdl to       seq from      seq to       acc trunc   gc
 ----   --------- ------ ----- --- -------- --------    ----------- -----------      ---- ----- ----
 (63) ?       0.2   10.1   0.0  cm        1       36 []         155         140 - .. 0.98    no 0.69

                                           NC
                     :::::<<<--~~~~~~-->>> CS
  patent_aligned   1 GGUCAGACCC*[21]*CUGUU 36 
                     GGUC :ACCC      CUGU:
  ind_0020_00047 155 GGUCCGACCC*[ 1]*CUGUC 140
                     **********...*..79*** PP

>> ind_0020_00048  
 rank     E-value  score  bias mdl mdl from   mdl to       seq from      seq to       acc trunc   gc
 ----   --------- ------ ----- --- -------- --------    ----------- -----------      ---- ----- ----
 (64) ?       0.2   10.1   0.0  cm        1       36 []         155         140 - .. 0.98    no 0.69

                                           NC
                     :::::<<<--~~~~~~-->>> CS
  patent_aligned   1 GGUCAGACCC*[21]*CUGUU 36 
                     GGUC :ACCC      CUGU:
  ind_0020_00048 155 GGUCCGACCC*[ 1]*CUGUC 140
                     **********...*..79*** PP

>> ind_0020_00032  
 rank     E-value  score  bias mdl mdl from   mdl to       seq from      seq to       acc trunc   gc
 ----   --------- ------ ----- --- -------- --------    ----------- -----------      ---- ----- ----
 (65) ?       0.2   10.1   0.0  cm        1       36 []         155         140 - .. 0.98    no 0.69

                                           NC
                     :::::<<<--~~~~~~-->>> CS
  patent_aligned   1 GGUCAGACCC*[21]*CUGUU 36 
                     GGUC :ACCC      CUGU:
  ind_0020_00032 155 GGUCCGACCC*[ 1]*CUGUC 140
                     **********...*..79*** PP

>> ind_0020_00029  
 rank     E-value  score  bias mdl mdl from   mdl to       seq from      seq to       acc trunc   gc
 ----   --------- ------ ----- --- -------- --------    ----------- -----------      ---- ----- ----
 (66) ?      0.22    9.9   0.0  cm        1       36 []         155         132 - .. 0.97    no 0.62

                                          NC
                     :::::<<<--~~~~~~->>> CS
  patent_aligned   1 GGUCAGACCC*[22]*UGUU 36 
                     GGUC GACCC      UGUU
  ind_0020_00029 155 GGUCCGACCC*[10]*UGUU 132
                     *********9...*..8*** PP

>> ind_0020_00038  
 rank     E-value  score  bias mdl mdl from   mdl to       seq from      seq to       acc trunc   gc
 ----   --------- ------ ----- --- -------- --------    ----------- -----------      ---- ----- ----
 (67) ?      0.53    8.5   0.0  cm        1       36 []         187         152 - .. 0.99    no 0.69

                          v                         v NC
                     :::::<<<--<<<<<<~~~~~>>>>>>-->>> CS
  patent_aligned   1 GGUCAGACCCUGGUCC*[9]*GGACCACUGUU 36 
                     GG  A AC  UGG CC     GG CCACUGU 
  ind_0020_00038 187 GGCGAAACAGUGGCCC*[9]*GGGCCACUGUC 152
                     ***************9..*..9********** PP

>> ind_0020_00036  
 rank     E-value  score  bias mdl mdl from   mdl to       seq from      seq to       acc trunc   gc
 ----   --------- ------ ----- --- -------- --------    ----------- -----------      ---- ----- ----
 (68) ?      0.72    8.0   0.0  cm        1       36 []         155         132 - .. 0.98    no 0.71

                                         NC
                     :::::<<<--~~~~~~>>> CS
  patent_aligned   1 GGUCAGACCC*[23]*GUU 36 
                     GGUC GACCC      GUU
  ind_0020_00036 155 GGUCCGACCC*[11]*GUU 132
                     ********98...*..*** PP

>> ind_0020_00017  
 rank     E-value  score  bias mdl mdl from   mdl to       seq from      seq to       acc trunc   gc
 ----   --------- ------ ----- --- -------- --------    ----------- -----------      ---- ----- ----
 (69) ?       0.9    7.6   0.0  cm        1       36 []         187         152 - .. 0.99    no 0.64

                          v                         v NC
                     :::::<<<--<<<<<<~~~~~>>>>>>-->>> CS
  patent_aligned   1 GGUCAGACCCUGGUCC*[9]*GGACCACUGUU 36 
                     GG  A AC CUGGUCC     GGACCA  GU 
  ind_0020_00017 187 GGCGAAACACUGGUCC*[9]*GGACCAAGGUC 152
                     ***************9..*..9********** PP

>> ind_0020_00017  
 rank     E-value  score  bias mdl mdl from   mdl to       seq from      seq to       acc trunc   gc
 ----   --------- ------ ----- --- -------- --------    ----------- -----------      ---- ----- ----
 (70) ?   1.9e+02   -1.2   0.0  cm        1       36 []         143         132 - .. 0.92    no 0.58

                                   NC
                     :::::<~~~~~~> CS
  patent_aligned   1 GGUCAG*[29]*U 36 
                      GUCAG      U
  ind_0020_00017 143 UGUCAG*[ 5]*U 132
                     *****9...8..9 PP

>> ind_0020_00038  
 rank     E-value  score  bias mdl mdl from   mdl to       seq from      seq to       acc trunc   gc
 ----   --------- ------ ----- --- -------- --------    ----------- -----------      ---- ----- ----
 (71) ?     3e+02   -1.9   0.0  cm        6       36 .]         150         140 - .. 0.95    no 0.64

                                      NC
                     <<<--~~~~~~-->>> CS
  patent_aligned   6 GACCC*[21]*CUGUU 36 
                     :ACCC      CUGU:
  ind_0020_00038 150 GACCC*[ 1]*CUGUC 140
                     *****...*..79*** PP

>> ind_0020_00029  
 rank     E-value  score  bias mdl mdl from   mdl to       seq from      seq to       acc trunc   gc
 ----   --------- ------ ----- --- -------- --------    ----------- -----------      ---- ----- ----
 (72) ?   7.5e+02   -3.4   0.0  cm       23       25 ..         130         128 - .. 0.99    no 0.33

                         NC
                     ___ CS
  patent_aligned  23 AUG 25 
                     AUG
  ind_0020_00029 130 AUG 128
                     *** PP



Internal CM pipeline statistics summary:
----------------------------------------
Query model(s):                                                  1  (36 consensus positions)
Target sequences:                                               50  (19700 residues searched)
Target sequences re-searched for truncated hits:                50  (10200 residues re-searched)
Windows   passing  local HMM SSV           filter:             309  (0.6018); expected (0.35)
Windows   passing  local HMM Viterbi       filter:                  (off)
Windows   passing  local HMM Viterbi  bias filter:                  (off)
Windows   passing  local HMM Forward       filter:             164  (0.3086); expected (0.02)
Windows   passing  local HMM Forward  bias filter:             164  (0.3086); expected (0.02)
Windows   passing glocal HMM Forward       filter:              78  (0.1898); expected (0.02)
Windows   passing glocal HMM Forward  bias filter:              78  (0.1898); expected (0.02)
Envelopes passing glocal HMM envelope defn filter:              78  (0.09656); expected (0.02)
Envelopes passing  local CM  CYK           filter:              74  (0.08498); expected (0.0001)
Total CM hits reported:                                         72  (0.07304); includes 0 truncated hit(s)

# CPU time: 0.17u 0.00s 00:00:00.17 Elapsed: 00:00:00.17
# Alignment of 50 hits satisfying inclusion thresholds saved to: optimization_a7/38gen/_workspace/cmsearch_logs/gen_0020/patent_cmsearch.sto
//
[ok]
