# cmsearch :: search CM(s) against a sequence database
# INFERNAL 1.1.5 (Sep 2023)
# Copyright (C) 2023 Howard Hughes Medical Institute.
# Freely distributed under the BSD open source license.
# - - - - - - - - - - - - - - - - - - - - - - - - - - - - - - - - - - - -
# query CM file:                         A7_analysis/patent.cm
# target sequence database:              /tmp/tmpi6gty7lz/queries.fa
# output directed to file:               optimization_a7/100gen/_workspace/cmsearch_logs/gen_0016/patent_cmsearch.out
# MSA of significant hits saved to file: optimization_a7/100gen/_workspace/cmsearch_logs/gen_0016/patent_cmsearch.sto
# tabular output of hits:                optimization_a7/100gen/_workspace/cmsearch_logs/gen_0016/patent_cmsearch.tblout
# max ASCII text line length:            unlimited
# sequence reporting threshold:          E-value <= 1000
# number of worker threads:              4
# - - - - - - - - - - - - - - - - - - - - - - - - - - - - - - - - - - - -

Query:       patent_aligned  [CLEN=36]
Hit scores:
 rank     E-value  score  bias  sequence        start    end   mdl trunc   gc  description
 ----   --------- ------ -----  -------------- ------ ------   --- ----- ----  -----------
  (1) !   1.6e-09   40.6   0.0  ind_0016_00047    147    182 +  cm    no 0.56  -
  (2) !   3.9e-09   39.1   0.0  ind_0016_00044    147    182 +  cm    no 0.58  -
  (3) !   9.5e-07   30.1   0.0  ind_0016_00048    147    182 +  cm    no 0.64  -
  (4) !   1.6e-06   29.3   0.0  ind_0016_00005    147    182 +  cm    no 0.64  -
  (5) !   2.8e-06   28.4   0.0  ind_0016_00004    147    182 +  cm    no 0.61  -
  (6) !     6e-06   27.1   0.0  ind_0016_00000    147    182 +  cm    no 0.58  -
  (7) !   7.2e-06   26.8   0.0  ind_0016_00001    147    182 +  cm    no 0.61  -
  (8) !     1e-05   26.3   0.0  ind_0016_00002    147    182 +  cm    no 0.64  -
  (9) !     1e-05   26.3   0.0  ind_0016_00013    147    182 +  cm    no 0.64  -
 (10) !   1.8e-05   25.3   0.0  ind_0016_00032    147    182 +  cm    no 0.53  -
 (11) !   2.7e-05   24.7   0.0  ind_0016_00042    147    182 +  cm    no 0.56  -
 (12) !   3.5e-05   24.2   0.0  ind_0016_00003    147    182 +  cm    no 0.67  -
 (13) !   7.5e-05   23.0   0.0  ind_0016_00021    147    182 +  cm    no 0.56  -
 (14) !   7.9e-05   22.9   0.0  ind_0016_00024    147    182 +  cm    no 0.61  -
 (15) !     9e-05   22.7   0.0  ind_0016_00027    147    182 +  cm    no 0.58  -
 (16) !   9.7e-05   22.6   0.0  ind_0016_00009    147    182 +  cm    no 0.50  -
 (17) !    0.0001   22.5   0.0  ind_0016_00020    147    182 +  cm    no 0.50  -
 (18) !   0.00016   21.7   0.0  ind_0016_00015    147    182 +  cm    no 0.58  -
 (19) !   0.00026   21.0   0.0  ind_0016_00018    147    182 +  cm    no 0.58  -
 (20) !   0.00026   20.9   0.0  ind_0016_00028    147    182 +  cm    no 0.58  -
 (21) !    0.0004   20.3   0.0  ind_0016_00029    147    182 +  cm    no 0.58  -
 (22) !   0.00055   19.7   0.0  ind_0016_00041    147    182 +  cm    no 0.56  -
 (23) !   0.00082   19.1   0.0  ind_0016_00043    147    182 +  cm    no 0.50  -
 (24) !   0.00084   19.0   0.0  ind_0016_00037    147    182 +  cm    no 0.58  -
 (25) !    0.0009   18.9   0.0  ind_0016_00006    147    182 +  cm    no 0.64  -
 (26) !    0.0011   18.6   0.0  ind_0016_00010    147    182 +  cm    no 0.56  -
 (27) !    0.0013   18.3   0.0  ind_0016_00008    147    182 +  cm    no 0.50  -
 (28) !    0.0018   17.8   0.0  ind_0016_00049    147    182 +  cm    no 0.61  -
 (29) !    0.0022   17.5   0.0  ind_0016_00011    147    182 +  cm    no 0.58  -
 (30) !    0.0037   16.6   0.0  ind_0016_00045    147    181 +  cm    no 0.60  -
 (31) !    0.0054   16.0   0.0  ind_0016_00014    147    182 +  cm    no 0.47  -
 (32) !    0.0055   16.0   0.0  ind_0016_00030    147    182 +  cm    no 0.50  -
 (33) !    0.0085   15.3   0.0  ind_0016_00033    147    182 +  cm    no 0.67  -
 (34) !    0.0093   15.1   0.0  ind_0016_00012    147    179 +  cm    no 0.64  -
 ------ inclusion threshold ------
 (35) ?     0.012   14.7   0.0  ind_0016_00040    147    181 +  cm    no 0.63  -
 (36) ?     0.014   14.5   0.0  ind_0016_00039    149    182 +  cm    no 0.59  -
 (37) ?     0.015   14.3   0.0  ind_0016_00019    147    182 +  cm    no 0.64  -
 (38) ?     0.015   14.3   0.0  ind_0016_00016    147    182 +  cm    no 0.53  -
 (39) ?     0.019   13.9   0.0  ind_0016_00025    147    182 +  cm    no 0.61  -
 (40) ?     0.022   13.7   0.0  ind_0016_00035    147    182 +  cm    no 0.56  -
 (41) ?     0.053   12.3   0.0  ind_0016_00026    147    182 +  cm    no 0.47  -
 (42) ?     0.063   12.0   0.0  ind_0016_00046    149    182 +  cm    no 0.62  -
 (43) ?     0.081   11.6   0.0  ind_0016_00022    147    182 +  cm    no 0.64  -
 (44) ?      0.23    9.9   0.0  ind_0016_00007    147    182 +  cm    no 0.58  -
 (45) ?      0.44    8.8   0.0  ind_0016_00023    149    182 +  cm    no 0.68  -
 (46) ?        21    2.5   0.0  ind_0016_00036    147    197 +  cm    3' 0.59  -
 (47) ?   6.5e+02   -3.1   0.0  ind_0016_00004    194    197 +  cm    3' 0.75  -
 (48) ?   6.5e+02   -3.1   0.0  ind_0016_00042    194    197 +  cm    3' 0.75  -
 (49) ?   6.5e+02   -3.1   0.0  ind_0016_00018    194    197 +  cm    3' 0.75  -
 (50) ?   6.5e+02   -3.1   0.0  ind_0016_00000    194    197 +  cm    3' 0.75  -
 (51) ?   7.9e+02   -3.5   0.0  ind_0016_00020    197    197 +  cm    3' 1.00  -


Hit alignments:
>> ind_0016_00047  
 rank     E-value  score  bias mdl mdl from   mdl to       seq from      seq to       acc trunc   gc
 ----   --------- ------ ----- --- -------- --------    ----------- -----------      ---- ----- ----
  (1) !   1.6e-09   40.6   0.0  cm        1       36 []         147         182 + .. 0.95    no 0.56

                                                           NC
                     :::::<<<--<<<<<<_____.____>>>>>>-->>> CS
  patent_aligned   1 GGUCAGACCCUGGUCCGGGGC.AAUGGGACCACUGUU 36 
                     GGUCAGACC UG UCCG  GC AAUGGGA CACUGUU
  ind_0016_00047 147 GGUCAGACCAUGCUCCGA-GCuAAUGGGAGCACUGUU 182
                     ****************86.566*************** PP

>> ind_0016_00044  
 rank     E-value  score  bias mdl mdl from   mdl to       seq from      seq to       acc trunc   gc
 ----   --------- ------ ----- --- -------- --------    ----------- -----------      ---- ----- ----
  (2) !   3.9e-09   39.1   0.0  cm        1       36 []         147         182 + .. 1.00    no 0.58

                                                          NC
                     :::::<<<--<<<<<<_________>>>>>>-->>> CS
  patent_aligned   1 GGUCAGACCCUGGUCCGGGGCAAUGGGACCACUGUU 36 
                     GGUCAGACC  G UCC  GGCAAUGGGA C CUGUU
  ind_0016_00044 147 GGUCAGACCAUGCUCCAAGGCAAUGGGAGCGCUGUU 182
                     ************************************ PP

>> ind_0016_00048  
 rank     E-value  score  bias mdl mdl from   mdl to       seq from      seq to       acc trunc   gc
 ----   --------- ------ ----- --- -------- --------    ----------- -----------      ---- ----- ----
  (3) !   9.5e-07   30.1   0.0  cm        1       36 []         147         182 + .. 0.98    no 0.64

                                  v             v         NC
                     :::::<<<--<<<<<<_________>>>>>>-->>> CS
  patent_aligned   1 GGUCAGACCCUGGUCCGGGGCAAUGGGACCACUGUU 36 
                     GGUCAGACC UGG CC   GCAA GGG CCACUGUU
  ind_0016_00048 147 GGUCAGACCGUGGUCCACCGCAACGGGUCCACUGUU 182
                     ****************999999999*********** PP

>> ind_0016_00005  
 rank     E-value  score  bias mdl mdl from   mdl to       seq from      seq to       acc trunc   gc
 ----   --------- ------ ----- --- -------- --------    ----------- -----------      ---- ----- ----
  (4) !   1.6e-06   29.3   0.0  cm        1       36 []         147         182 + .. 1.00    no 0.64

                                                          NC
                     :::::<<<--<<<<<<_________>>>>>>-->>> CS
  patent_aligned   1 GGUCAGACCCUGGUCCGGGGCAAUGGGACCACUGUU 36 
                     GGUC GACC  GG CC  GGCAA GGG CC CUGUU
  ind_0016_00005 147 GGUCUGACCAUGGUCCAAGGCAACGGGGCCGCUGUU 182
                     ************************************ PP

>> ind_0016_00004  
 rank     E-value  score  bias mdl mdl from   mdl to       seq from      seq to       acc trunc   gc
 ----   --------- ------ ----- --- -------- --------    ----------- -----------      ---- ----- ----
  (5) !   2.8e-06   28.4   0.0  cm        1       36 []         147         182 + .. 0.99    no 0.61

                                                          NC
                     :::::<<<--<<<<<<_________>>>>>>-->>> CS
  patent_aligned   1 GGUCAGACCCUGGUCCGGGGCAAUGGGACCACUGUU 36 
                     GGUCAGACC  G UCC   GCAA GGGA C CUGUU
  ind_0016_00004 147 GGUCAGACCAUGCUCCAACGCAACGGGAGCGCUGUU 182
                     *****************9****************** PP

>> ind_0016_00000  
 rank     E-value  score  bias mdl mdl from   mdl to       seq from      seq to       acc trunc   gc
 ----   --------- ------ ----- --- -------- --------    ----------- -----------      ---- ----- ----
  (6) !     6e-06   27.1   0.0  cm        1       36 []         147         182 + .. 1.00    no 0.58

                                  v             v         NC
                     :::::<<<--<<<<<<_________>>>>>>-->>> CS
  patent_aligned   1 GGUCAGACCCUGGUCCGGGGCAAUGGGACCACUGUU 36 
                     GGUCAGACC  G  CC  GGCAA GGG  C CUGUU
  ind_0016_00000 147 GGUCAGACCAUGGUCCAAGGCAACGGGUUCGCUGUU 182
                     ************************************ PP

>> ind_0016_00001  
 rank     E-value  score  bias mdl mdl from   mdl to       seq from      seq to       acc trunc   gc
 ----   --------- ------ ----- --- -------- --------    ----------- -----------      ---- ----- ----
  (7) !   7.2e-06   26.8   0.0  cm        1       36 []         147         182 + .. 1.00    no 0.61

                                                          NC
                     :::::<<<--<<<<<<_________>>>>>>-->>> CS
  patent_aligned   1 GGUCAGACCCUGGUCCGGGGCAAUGGGACCACUGUU 36 
                     G UCAGACC  G  CCG G CAAUGGG  C CUGUU
  ind_0016_00001 147 GCUCAGACCAUGCUCCGAGUCAAUGGGGGCGCUGUU 182
                     ************************************ PP

>> ind_0016_00002  
 rank     E-value  score  bias mdl mdl from   mdl to       seq from      seq to       acc trunc   gc
 ----   --------- ------ ----- --- -------- --------    ----------- -----------      ---- ----- ----
  (8) !     1e-05   26.3   0.0  cm        1       36 []         147         182 + .. 0.99    no 0.64

                                                          NC
                     :::::<<<--<<<<<<_________>>>>>>-->>> CS
  patent_aligned   1 GGUCAGACCCUGGUCCGGGGCAAUGGGACCACUGUU 36 
                     G UCAGACC  G  CCG G CAAUGGG  C CUGUU
  ind_0016_00002 147 GCUCAGACCAUGCUCCGAGCCAAUGGGGGCGCUGUU 182
                     ******************999*************** PP

>> ind_0016_00013  
 rank     E-value  score  bias mdl mdl from   mdl to       seq from      seq to       acc trunc   gc
 ----   --------- ------ ----- --- -------- --------    ----------- -----------      ---- ----- ----
  (9) !     1e-05   26.3   0.0  cm        1       36 []         147         182 + .. 0.99    no 0.64

                                                          NC
                     :::::<<<--<<<<<<_________>>>>>>-->>> CS
  patent_aligned   1 GGUCAGACCCUGGUCCGGGGCAAUGGGACCACUGUU 36 
                     G UCAGACC  G  CCG G CAAUGGG  C CUGUU
  ind_0016_00013 147 GCUCAGACCAUGCUCCGAGCCAAUGGGGGCGCUGUU 182
                     ******************999*************** PP

>> ind_0016_00032  
 rank     E-value  score  bias mdl mdl from   mdl to       seq from      seq to       acc trunc   gc
 ----   --------- ------ ----- --- -------- --------    ----------- -----------      ---- ----- ----
 (10) !   1.8e-05   25.3   0.0  cm        1       36 []         147         182 + .. 0.98    no 0.53

                                    v         v           NC
                     :::::<<<--<<<<<<_________>>>>>>-->>> CS
  patent_aligned   1 GGUCAGACCCUGGUCCGGGGCAAUGGGACCACUGUU 36 
                     G UCAGACC UG UC   G CAAUG GA CACUGUU
  ind_0016_00032 147 GCUCAGACCAUGCUCCAAGCCAAUGAGAGCACUGUU 182
                     ****************99999*************** PP

>> ind_0016_00042  
 rank     E-value  score  bias mdl mdl from   mdl to       seq from      seq to       acc trunc   gc
 ----   --------- ------ ----- --- -------- --------    ----------- -----------      ---- ----- ----
 (11) !   2.7e-05   24.7   0.0  cm        1       36 []         147         182 + .. 1.00    no 0.56

                                  v             v         NC
                     :::::<<<--<<<<<<_________>>>>>>-->>> CS
  patent_aligned   1 GGUCAGACCCUGGUCCGGGGCAAUGGGACCACUGUU 36 
                     GGUCA:ACC  G  CC  GGCAA GGG  C CUGU:
  ind_0016_00042 147 GGUCAAACCAUGGUCCAAGGCAACGGGUUCGCUGUU 182
                     ************************************ PP

>> ind_0016_00003  
 rank     E-value  score  bias mdl mdl from   mdl to       seq from      seq to       acc trunc   gc
 ----   --------- ------ ----- --- -------- --------    ----------- -----------      ---- ----- ----
 (12) !   3.5e-05   24.2   0.0  cm        1       36 []         147         182 + .. 0.98    no 0.67

                                  v             v         NC
                     :::::<<<--<<<<<<_________>>>>>>-->>> CS
  patent_aligned   1 GGUCAGACCCUGGUCCGGGGCAAUGGGACCACUGUU 36 
                     GGUCAGACC  GG CC   GCAA GGG CC CUGUU
  ind_0016_00003 147 GGUCAGACCGUGGUCCACCGCAACGGGUCCGCUGUU 182
                     ****************999999999*********** PP

>> ind_0016_00021  
 rank     E-value  score  bias mdl mdl from   mdl to       seq from      seq to       acc trunc   gc
 ----   --------- ------ ----- --- -------- --------    ----------- -----------      ---- ----- ----
 (13) !   7.5e-05   23.0   0.0  cm        1       36 []         147         182 + .. 0.95    no 0.56

                           v                            v  NC
                     :::::<<<--<<<<<<_____.____>>>>>>-->>> CS
  patent_aligned   1 GGUCAGACCCUGGUCCGGGGC.AAUGGGACCACUGUU 36 
                     GGUCAG CC UG  CC   GC AAUGGG  CACUG U
  ind_0016_00021 147 GGUCAGUCCAUGCUCCAA-GCuAAUGGGGGCACUGUU 182
                     ****************65.677*************** PP

>> ind_0016_00024  
 rank     E-value  score  bias mdl mdl from   mdl to       seq from      seq to       acc trunc   gc
 ----   --------- ------ ----- --- -------- --------    ----------- -----------      ---- ----- ----
 (14) !   7.9e-05   22.9   0.0  cm        1       36 []         147         182 + .. 0.94    no 0.61

                                  v             v         NC
                     :::::<<<--<<<<<<_________>>>>>>-->>> CS
  patent_aligned   1 GGUCAGACCCUGGUCCGGGGCAAUGGGACCACUGUU 36 
                     GGUCAGACC  G  CC  G CAAUGGG  C CUGUU
  ind_0016_00024 147 GGUCAGACCAUGGACCCAGCCAAUGGGGUCGCUGUU 182
                     ***********9888877777*************** PP

>> ind_0016_00027  
 rank     E-value  score  bias mdl mdl from   mdl to       seq from      seq to       acc trunc   gc
 ----   --------- ------ ----- --- -------- --------    ----------- -----------      ---- ----- ----
 (15) !     9e-05   22.7   0.0  cm        1       36 []         147         182 + .. 0.98    no 0.58

                                    v         v           NC
                     :::::<<<--<<<<<<_________>>>>>>-->>> CS
  patent_aligned   1 GGUCAGACCCUGGUCCGGGGCAAUGGGACCACUGUU 36 
                     GGUCA:ACC  G UC   G CAAUG GA C CUGU:
  ind_0016_00027 147 GGUCAGACCAUGCUCCAAGCCAAUGAGAGCGCUGUC 182
                     ****************99999*************** PP

>> ind_0016_00009  
 rank     E-value  score  bias mdl mdl from   mdl to       seq from      seq to       acc trunc   gc
 ----   --------- ------ ----- --- -------- --------    ----------- -----------      ---- ----- ----
 (16) !   9.7e-05   22.6   0.0  cm        1       36 []         147         182 + .. 0.99    no 0.50

                                                          NC
                     :::::<<<--<<<<<<_________>>>>>>-->>> CS
  patent_aligned   1 GGUCAGACCCUGGUCCGGGGCAAUGGGACCACUGUU 36 
                     G UCAGACC  G UCC  G CAAUGGGA C  UGUU
  ind_0016_00009 147 GCUCAGACCAUGAUCCUAGCCAAUGGGAUCGAUGUU 182
                     ****************99999*************** PP

>> ind_0016_00020  
 rank     E-value  score  bias mdl mdl from   mdl to       seq from      seq to       acc trunc   gc
 ----   --------- ------ ----- --- -------- --------    ----------- -----------      ---- ----- ----
 (17) !    0.0001   22.5   0.0  cm        1       36 []         147         182 + .. 0.99    no 0.50

                                                          NC
                     :::::<<<--<<<<<<_________>>>>>>-->>> CS
  patent_aligned   1 GGUCAGACCCUGGUCCGGGGCAAUGGGACCACUGUU 36 
                     G UCAGA C  G UCC  G CAAUGGGA C CU UU
  ind_0016_00020 147 GCUCAGAUCAUGAUCCUAGCCAAUGGGAUCGCUGUU 182
                     ****************99999*************** PP

>> ind_0016_00015  
 rank     E-value  score  bias mdl mdl from   mdl to       seq from      seq to       acc trunc   gc
 ----   --------- ------ ----- --- -------- --------    ----------- -----------      ---- ----- ----
 (18) !   0.00016   21.7   0.0  cm        1       36 []         147         182 + .. 0.97    no 0.58

                                                          NC
                     :::::<<<--<<<<<<_________>>>>>>-->>> CS
  patent_aligned   1 GGUCAGACCCUGGUCCGGGGCAAUGGGACCACUGUU 36 
                     G UCAGACC  G UCC  G CAA GGGA C CUGUU
  ind_0016_00015 147 GCUCAGACCAUGGUCCUAGCCAAGGGGAUCGCUGUU 182
                     ****************998889999*********** PP

>> ind_0016_00018  
 rank     E-value  score  bias mdl mdl from   mdl to       seq from      seq to       acc trunc   gc
 ----   --------- ------ ----- --- -------- --------    ----------- -----------      ---- ----- ----
 (19) !   0.00026   21.0   0.0  cm        1       36 []         147         182 + .. 0.98    no 0.58

                                  v             v         NC
                     :::::<<<--<<<<<<_________>>>>>>-->>> CS
  patent_aligned   1 GGUCAGACCCUGGUCCGGGGCAAUGGGACCACUGUU 36 
                     GGUCAGACC  G  CC  G CAA GGG  C CUGUU
  ind_0016_00018 147 GGUCAGACCAUGGUCCAAGCCAACGGGUUCGCUGUU 182
                     ****************99999*************** PP

>> ind_0016_00028  
 rank     E-value  score  bias mdl mdl from   mdl to       seq from      seq to       acc trunc   gc
 ----   --------- ------ ----- --- -------- --------    ----------- -----------      ---- ----- ----
 (20) !   0.00026   20.9   0.0  cm        1       36 []         147         182 + .. 1.00    no 0.58

                                  v             v         NC
                     :::::<<<--<<<<<<_________>>>>>>-->>> CS
  patent_aligned   1 GGUCAGACCCUGGUCCGGGGCAAUGGGACCACUGUU 36 
                     GGUCAGA C  G  CC  GGCAA GGG  C CU UU
  ind_0016_00028 147 GGUCAGAUCGUGGUCCAAGGCAACGGGUUCGCUGUU 182
                     ************************************ PP

>> ind_0016_00029  
 rank     E-value  score  bias mdl mdl from   mdl to       seq from      seq to       acc trunc   gc
 ----   --------- ------ ----- --- -------- --------    ----------- -----------      ---- ----- ----
 (21) !    0.0004   20.3   0.0  cm        1       36 []         147         182 + .. 0.98    no 0.58

                                 v               v        NC
                     :::::<<<--<<<<<<_________>>>>>>-->>> CS
  patent_aligned   1 GGUCAGACCCUGGUCCGGGGCAAUGGGACCACUGUU 36 
                     G UCAGACC  G UCC  G C AUGGGA C CUGUU
  ind_0016_00029 147 GAUCAGACCAUGGUCCAAGCCGAUGGGAGCGCUGUU 182
                     ****************999999************** PP

>> ind_0016_00041  
 rank     E-value  score  bias mdl mdl from   mdl to       seq from      seq to       acc trunc   gc
 ----   --------- ------ ----- --- -------- --------    ----------- -----------      ---- ----- ----
 (22) !   0.00055   19.7   0.0  cm        1       36 []         147         182 + .. 0.93    no 0.56

                                   v           v          NC
                     :::::<<<--<<<<<<_________>>>>>>-->>> CS
  patent_aligned   1 GGUCAGACCCUGGUCCGGGGCAAUGGGACCACUGUU 36 
                     GGUCAGACC  G U C  G CAA GG A C CUGUU
  ind_0016_00041 147 GGUCAGACCAUGGUCCUAGCCAAGGGAAUCGCUGUU 182
                     **************9988877888899********* PP

>> ind_0016_00043  
 rank     E-value  score  bias mdl mdl from   mdl to       seq from      seq to       acc trunc   gc
 ----   --------- ------ ----- --- -------- --------    ----------- -----------      ---- ----- ----
 (23) !   0.00082   19.1   0.0  cm        1       36 []         147         182 + .. 0.91    no 0.50

                                   vv         vv          NC
                     :::::<<<--<<<<<<_________>>>>>>-->>> CS
  patent_aligned   1 GGUCAGACCCUGGUCCGGGGCAAUGGGACCACUGUU 36 
                      GUCAGACC  GGU    G CAAUG  ACC CUGUU
  ind_0016_00043 147 UGUCAGACCAUGGUCCAAGCCAAUGAAACCGCUGUU 182
                     **************8777777888888********* PP

>> ind_0016_00037  
 rank     E-value  score  bias mdl mdl from   mdl to       seq from      seq to       acc trunc   gc
 ----   --------- ------ ----- --- -------- --------    ----------- -----------      ---- ----- ----
 (24) !   0.00084   19.0   0.0  cm        1       36 []         147         182 + .. 0.97    no 0.58

                                   v           v          NC
                     :::::<<<--<<<<<<_________>>>>>>-->>> CS
  patent_aligned   1 GGUCAGACCCUGGUCCGGGGCAAUGGGACCACUGUU 36 
                     GGUCAGACC  G   CG G CAA GG   C CUGUU
  ind_0016_00037 147 GGUCAGACCAUGGUCCGAGCCAAAGGUGUCGCUGUU 182
                     ****************999999999*********** PP

>> ind_0016_00006  
 rank     E-value  score  bias mdl mdl from   mdl to       seq from      seq to       acc trunc   gc
 ----   --------- ------ ----- --- -------- --------    ----------- -----------      ---- ----- ----
 (25) !    0.0009   18.9   0.0  cm        1       36 []         147         182 + .. 0.99    no 0.64

                               v                   v      NC
                     :::::<<<--<<<<<<_________>>>>>>-->>> CS
  patent_aligned   1 GGUCAGACCCUGGUCCGGGGCAAUGGGACCACUGUU 36 
                     GG CAGACC  G UCC   GCAA GGGA C CUGUU
  ind_0016_00006 147 GGGCAGACCAUGCUCCAACGCAACGGGAGCCCUGUU 182
                     *****************99***************** PP

>> ind_0016_00010  
 rank     E-value  score  bias mdl mdl from   mdl to       seq from      seq to       acc trunc   gc
 ----   --------- ------ ----- --- -------- --------    ----------- -----------      ---- ----- ----
 (26) !    0.0011   18.6   0.0  cm        1       36 []         147         182 + .. 0.98    no 0.56

                                                          NC
                     :::::<<<--<<<<<<_________>>>>>>-->>> CS
  patent_aligned   1 GGUCAGACCCUGGUCCGGGGCAAUGGGACCACUGUU 36 
                      GUCA:ACC  G  CC  G CAAUGGG  C CUGU:
  ind_0016_00010 147 CGUCAAACCAUGGUCCUUGCCAAUGGGGUCGCUGUU 182
                     ****************99999*************** PP

>> ind_0016_00008  
 rank     E-value  score  bias mdl mdl from   mdl to       seq from      seq to       acc trunc   gc
 ----   --------- ------ ----- --- -------- --------    ----------- -----------      ---- ----- ----
 (27) !    0.0013   18.3   0.0  cm        1       36 []         147         182 + .. 0.97    no 0.50

                               v v  v         v  v v      NC
                     :::::<<<--<<<<<<_________>>>>>>-->>> CS
  patent_aligned   1 GGUCAGACCCUGGUCCGGGGCAAUGGGACCACUGUU 36 
                     GGUCAGACC  G UC   G CAAUG GA C CUGUU
  ind_0016_00008 147 GGUCAGACCAUGCUCCAAGCCAAUGAGAUCUCUGUU 182
                     ***************999989*************** PP

>> ind_0016_00049  
 rank     E-value  score  bias mdl mdl from   mdl to       seq from      seq to       acc trunc   gc
 ----   --------- ------ ----- --- -------- --------    ----------- -----------      ---- ----- ----
 (28) !    0.0018   17.8   0.0  cm        1       36 []         147         182 + .. 0.99    no 0.61

                            v  v  v             v  v  v   NC
                     :::::<<<--<<<<<<_________>>>>>>-->>> CS
  patent_aligned   1 GGUCAGACCCUGGUCCGGGGCAAUGGGACCACUGUU 36 
                     GGUCA:A C  GG CCG G CAAUGGG CC CU U:
  ind_0016_00049 147 GGUCAAAGCAGGGACCGUGCCAAUGGGGCCGCUAUU 182
                     *****************9999*************** PP

>> ind_0016_00011  
 rank     E-value  score  bias mdl mdl from   mdl to       seq from      seq to       acc trunc   gc
 ----   --------- ------ ----- --- -------- --------    ----------- -----------      ---- ----- ----
 (29) !    0.0022   17.5   0.0  cm        1       36 []         147         182 + .. 0.99    no 0.58

                                   v           v          NC
                     :::::<<<--<<<<<<_________>>>>>>-->>> CS
  patent_aligned   1 GGUCAGACCCUGGUCCGGGGCAAUGGGACCACUGUU 36 
                     GGU  GACC  G U C GG CAAUGG A C CUGUU
  ind_0016_00011 147 GGUGUGACCAUGCUCCAGGCCAAUGGUAGCGCUGUU 182
                     *****************9999*************** PP

>> ind_0016_00045  
 rank     E-value  score  bias mdl mdl from   mdl to       seq from      seq to       acc trunc   gc
 ----   --------- ------ ----- --- -------- --------    ----------- -----------      ---- ----- ----
 (30) !    0.0037   16.6   0.0  cm        1       36 []         147         181 + .. 0.99    no 0.60

                          v       v             v       v NC
                     :::::<<<--<<<<<<_________>>>>>>-->>> CS
  patent_aligned   1 GGUCAGACCCUGGUCCGGGGCAAUGGGACCACUGUU 36 
                     GGUCAGACC  G  CC  GG AA GGG  C CUGU 
  ind_0016_00045 147 GGUCAGACCAUGGUCCAAGGGAACGGGUUCGCUGU- 181
                     ********************9**************. PP

>> ind_0016_00014  
 rank     E-value  score  bias mdl mdl from   mdl to       seq from      seq to       acc trunc   gc
 ----   --------- ------ ----- --- -------- --------    ----------- -----------      ---- ----- ----
 (31) !    0.0054   16.0   0.0  cm        1       36 []         147         182 + .. 0.73    no 0.47

                                vv          vv       NC
                     :::::<<<--<<<<<~~~~~~>>>>>-->>> CS
  patent_aligned   1 GGUCAGACCCUGGUC*[11]*GACCACUGUU 36 
                     GGUCAGACC U  UC      GA  ACUGUU
  ind_0016_00014 147 GGUCAGACCAUGCUC*[11]*GAAGACUGUU 182
                     **********95555...5..55559***** PP

>> ind_0016_00030  
 rank     E-value  score  bias mdl mdl from   mdl to       seq from      seq to       acc trunc   gc
 ----   --------- ------ ----- --- -------- --------    ----------- -----------      ---- ----- ----
 (32) !    0.0055   16.0   0.0  cm        1       36 []         147         182 + .. 0.94    no 0.50

                                                          NC
                     :::::<<<--<<<<<<_________>>>>>>-->>> CS
  patent_aligned   1 GGUCAGACCCUGGUCCGGGGCAAUGGGACCACUGUU 36 
                     G UCAGACC  G UCC    CAAUGGGA C  UGUU
  ind_0016_00030 147 GCUCAGACCAUGAUCCUUUCCAAUGGGAUCGGUGUU 182
                     ****************766679999*********** PP

>> ind_0016_00033  
 rank     E-value  score  bias mdl mdl from   mdl to       seq from      seq to       acc trunc   gc
 ----   --------- ------ ----- --- -------- --------    ----------- -----------      ---- ----- ----
 (33) !    0.0085   15.3   0.0  cm        1       36 []         147         182 + .. 0.99    no 0.67

                            v                         v   NC
                     :::::<<<--<<<<<<_________>>>>>>-->>> CS
  patent_aligned   1 GGUCAGACCCUGGUCCGGGGCAAUGGGACCACUGUU 36 
                     GGUC GA C  GG CC  GGC A GGG CC CU UU
  ind_0016_00033 147 GGUCGGAACAUGGUCCAAGGCGACGGGGCCGCUGUU 182
                     *********************99************* PP

>> ind_0016_00012  
 rank     E-value  score  bias mdl mdl from   mdl to       seq from      seq to       acc trunc   gc
 ----   --------- ------ ----- --- -------- --------    ----------- -----------      ---- ----- ----
 (34) !    0.0093   15.1   0.0  cm        1       36 []         147         179 + .. 1.00    no 0.64

                          vvv    v               v    vvv NC
                     :::::<<<--<<<<<<_________>>>>>>-->>> CS
  patent_aligned   1 GGUCAGACCCUGGUCCGGGGCAAUGGGACCACUGUU 36 
                     GGUCA ACC  G  CCG G CAAUGGG  C CU   
  ind_0016_00012 147 GGUCACACCAUGCUCCGAGUCAAUGGGGCCGCU--- 179
                     *********************************... PP

>> ind_0016_00040  
 rank     E-value  score  bias mdl mdl from   mdl to       seq from      seq to       acc trunc   gc
 ----   --------- ------ ----- --- -------- --------    ----------- -----------      ---- ----- ----
 (35) ?     0.012   14.7   0.0  cm        1       36 []         147         181 + .. 0.98    no 0.63

                          v     v                 v     v NC
                     :::::<<<--<<<<<<_________>>>>>>-->>> CS
  patent_aligned   1 GGUCAGACCCUGGUCCGGGGCAAUGGGACCACUGUU 36 
                     GGUCAGACC    UCC   GCAA GGGA   CUGU 
  ind_0016_00040 147 GGUCAGACCAUGCUCCAACGCAACGGGAGGGCUGU- 181
                     ****************999****************. PP

>> ind_0016_00039  
 rank     E-value  score  bias mdl mdl from   mdl to       seq from      seq to       acc trunc   gc
 ----   --------- ------ ----- --- -------- --------    ----------- -----------      ---- ----- ----
 (36) ?     0.014   14.5   0.0  cm        3       36 .]         149         182 + .. 0.99    no 0.59

                                                        NC
                     :::<<<--<<<<<<_________>>>>>>-->>> CS
  patent_aligned   3 UCAGACCCUGGUCCGGGGCAAUGGGACCACUGUU 36 
                     UCAGACC  G  CC  G CAAUGGG  C CUGUU
  ind_0016_00039 149 UCAGACCAUGCUCCAAGCCAAUGGGGGCGCUGUU 182
                     9*************99999*************** PP

>> ind_0016_00019  
 rank     E-value  score  bias mdl mdl from   mdl to       seq from      seq to       acc trunc   gc
 ----   --------- ------ ----- --- -------- --------    ----------- -----------      ---- ----- ----
 (37) ?     0.015   14.3   0.0  cm        1       36 []         147         182 + .. 0.99    no 0.64

                           v                           v  NC
                     :::::<<<--<<<<<<_________>>>>>>-->>> CS
  patent_aligned   1 GGUCAGACCCUGGUCCGGGGCAAUGGGACCACUGUU 36 
                     GG  AG CC  G  CC GG CAAUGGG  C CUG U
  ind_0016_00019 147 GGAGAGUCCAUGCUCCAGGCCAAUGGGGGCGCUGUU 182
                     ******************999*************** PP

>> ind_0016_00016  
 rank     E-value  score  bias mdl mdl from   mdl to       seq from      seq to       acc trunc   gc
 ----   --------- ------ ----- --- -------- --------    ----------- -----------      ---- ----- ----
 (38) ?     0.015   14.3   0.0  cm        1       36 []         147         182 + .. 0.98    no 0.53

                            v                         v   NC
                     :::::<<<--<<<<<<_________>>>>>>-->>> CS
  patent_aligned   1 GGUCAGACCCUGGUCCGGGGCAAUGGGACCACUGUU 36 
                     GGUCA:A C  GG C   G CAAUG G CC CU U:
  ind_0016_00016 147 GGUCAAAGCAUGGUCUUUGCCAAUGGGGCCGCUAUU 182
                     ****************99999*************** PP

>> ind_0016_00025  
 rank     E-value  score  bias mdl mdl from   mdl to       seq from      seq to       acc trunc   gc
 ----   --------- ------ ----- --- -------- --------    ----------- -----------      ---- ----- ----
 (39) ?     0.019   13.9   0.0  cm        1       36 []         147         182 + .. 0.95    no 0.61

                                 vv             vv        NC
                     :::::<<<--<<<<<<_________>>>>>>-->>> CS
  patent_aligned   1 GGUCAGACCCUGGUCCGGGGCAAUGGGACCACUGUU 36 
                     GGUCAGAC   G  CCG G CAA GGG  C CUGUU
  ind_0016_00025 147 GGUCAGACAAUGCACCGAGCCAACGGGGUCGCUGUU 182
                     ************99**9999999999999******* PP

>> ind_0016_00035  
 rank     E-value  score  bias mdl mdl from   mdl to       seq from      seq to       acc trunc   gc
 ----   --------- ------ ----- --- -------- --------    ----------- -----------      ---- ----- ----
 (40) ?     0.022   13.7   0.0  cm        1       36 []         147         182 + .. 0.90    no 0.56

                                               NC
                     :::::<<<--<<~~~~~~>>-->>> CS
  patent_aligned   1 GGUCAGACCCUG*[17]*CACUGUU 36 
                     GGUCAGACC  G      C CUGUU
  ind_0016_00035 147 GGUCAGACCAUG*[17]*CGCUGUU 182
                     *********977...9..7789*** PP

>> ind_0016_00026  
 rank     E-value  score  bias mdl mdl from   mdl to       seq from      seq to       acc trunc   gc
 ----   --------- ------ ----- --- -------- --------    ----------- -----------      ---- ----- ----
 (41) ?     0.053   12.3   0.0  cm        1       36 []         147         182 + .. 0.92    no 0.47

                                           NC
                     :::::<<<--~~~~~~-->>> CS
  patent_aligned   1 GGUCAGACCC*[21]*CUGUU 36 
                     GGUCAGACC       CUGUU
  ind_0016_00026 147 GGUCAGACCA*[21]*CUGUU 182
                     ********96...9..67*** PP

>> ind_0016_00046  
 rank     E-value  score  bias mdl mdl from   mdl to       seq from      seq to       acc trunc   gc
 ----   --------- ------ ----- --- -------- --------    ----------- -----------      ---- ----- ----
 (42) ?     0.063   12.0   0.0  cm        3       36 .]         149         182 + .. 0.99    no 0.62

                               v               v        NC
                     :::<<<--<<<<<<_________>>>>>>-->>> CS
  patent_aligned   3 UCAGACCCUGGUCCGGGGCAAUGGGACCACUGUU 36 
                     UCAGACC  G  CC  GGC AUGGG  C CUGUU
  ind_0016_00046 149 UCAGACCAUGCUCCAAGGCCAUGGGGCCGCUGUU 182
                     9******************9************** PP

>> ind_0016_00022  
 rank     E-value  score  bias mdl mdl from   mdl to       seq from      seq to       acc trunc   gc
 ----   --------- ------ ----- --- -------- --------    ----------- -----------      ---- ----- ----
 (43) ?     0.081   11.6   0.0  cm        1       36 []         147         182 + .. 0.98    no 0.64

                                v                 v       NC
                     :::::<<<--<<<<<<_________>>>>>>-->>> CS
  patent_aligned   1 GGUCAGACCCUGGUCCGGGGCAAUGGGACCACUGUU 36 
                     GGU AGA C   GUCC   GCAA GGGAC  CU UU
  ind_0016_00022 147 GGUGAGAUCGUGGUCCACCGCAACGGGACGGCUGUU 182
                     ****************999999999*********** PP

>> ind_0016_00007  
 rank     E-value  score  bias mdl mdl from   mdl to       seq from      seq to       acc trunc   gc
 ----   --------- ------ ----- --- -------- --------    ----------- -----------      ---- ----- ----
 (44) ?      0.23    9.9   0.0  cm        1       36 []         147         182 + .. 1.00    no 0.58

                                  v             v         NC
                     :::::<<<--<<<<<<_________>>>>>>-->>> CS
  patent_aligned   1 GGUCAGACCCUGGUCCGGGGCAAUGGGACCACUGUU 36 
                     GGU AG C   G  CC  GGCAA GGG  C CUG U
  ind_0016_00007 147 GGUGAGUCUAUGGUCCAAGGCAACGGGUUCGCUGGU 182
                     ************************************ PP

>> ind_0016_00023  
 rank     E-value  score  bias mdl mdl from   mdl to       seq from      seq to       acc trunc   gc
 ----   --------- ------ ----- --- -------- --------    ----------- -----------      ---- ----- ----
 (45) ?      0.44    8.8   0.0  cm        3       36 .]         149         182 + .. 0.90    no 0.68

                                                        NC
                     :::<<<--<<<<<<_________>>>>>>-->>> CS
  patent_aligned   3 UCAGACCCUGGUCCGGGGCAAUGGGACCACUGUU 36 
                     UCAGACC  G  CCG G C  UGGG  C CUGUU
  ind_0016_00023 149 UCAGACCAUGCUCCGAGCCCCUGGGGGCGCUGUU 182
                     9*************977665666*********** PP

>> ind_0016_00036  
 rank     E-value  score  bias mdl mdl from   mdl to       seq from      seq to       acc trunc   gc
 ----   --------- ------ ----- --- -------- --------    ----------- -----------      ---- ----- ----
 (46) ?        21    2.5   0.0  cm        1       25 [~         147         197 + .~ 0.64    3' 0.59

                          ???  ??????                     NC
                     :::::<<<--<<<<<<________~~~~~~~~~~~~ CS
  patent_aligned   1 GGUCAGACCCUGGUCCGGGGCAAU*[ 1]**[11]> 36 
                     G UCAG CC UGGUCCG G CAAU            
  ind_0016_00036 147 GCUCAGUCCAUGGUCCGAGCCAAU*[27]**[ 0]> 197
                     ****************54433433...5........ PP

>> ind_0016_00004  
 rank     E-value  score  bias mdl mdl from   mdl to       seq from      seq to       acc trunc   gc
 ----   --------- ------ ----- --- -------- --------    ----------- -----------      ---- ----- ----
 (47) ?   6.5e+02   -3.1   0.0  cm        1        4 [~         194         197 + .~ 1.00    3' 0.75

                                NC
                     ::::~~~~~~ CS
  patent_aligned   1 GGUC*[32]> 36 
                      GUC      
  ind_0016_00004 194 CGUC*[ 0]> 197
                     ****...... PP

>> ind_0016_00042  
 rank     E-value  score  bias mdl mdl from   mdl to       seq from      seq to       acc trunc   gc
 ----   --------- ------ ----- --- -------- --------    ----------- -----------      ---- ----- ----
 (48) ?   6.5e+02   -3.1   0.0  cm        1        4 [~         194         197 + .~ 1.00    3' 0.75

                                NC
                     ::::~~~~~~ CS
  patent_aligned   1 GGUC*[32]> 36 
                      GUC      
  ind_0016_00042 194 CGUC*[ 0]> 197
                     ****...... PP

>> ind_0016_00018  
 rank     E-value  score  bias mdl mdl from   mdl to       seq from      seq to       acc trunc   gc
 ----   --------- ------ ----- --- -------- --------    ----------- -----------      ---- ----- ----
 (49) ?   6.5e+02   -3.1   0.0  cm        1        4 [~         194         197 + .~ 1.00    3' 0.75

                                NC
                     ::::~~~~~~ CS
  patent_aligned   1 GGUC*[32]> 36 
                      GUC      
  ind_0016_00018 194 CGUC*[ 0]> 197
                     ****...... PP

>> ind_0016_00000  
 rank     E-value  score  bias mdl mdl from   mdl to       seq from      seq to       acc trunc   gc
 ----   --------- ------ ----- --- -------- --------    ----------- -----------      ---- ----- ----
 (50) ?   6.5e+02   -3.1   0.0  cm        1        4 [~         194         197 + .~ 1.00    3' 0.75

                                NC
                     ::::~~~~~~ CS
  patent_aligned   1 GGUC*[32]> 36 
                      GUC      
  ind_0016_00000 194 CGUC*[ 0]> 197
                     ****...... PP

>> ind_0016_00020  
 rank     E-value  score  bias mdl mdl from   mdl to       seq from      seq to       acc trunc   gc
 ----   --------- ------ ----- --- -------- --------    ----------- -----------      ---- ----- ----
 (51) ?   7.9e+02   -3.5   0.0  cm        1        1 [~         197         197 + .~ 0.88    3' 1.00

                             NC
                     :~~~~~~ CS
  patent_aligned   1 G*[35]> 36 
                     G      
  ind_0016_00020 197 G*[ 0]> 197
                     9...... PP



Internal CM pipeline statistics summary:
----------------------------------------
Query model(s):                                                  1  (36 consensus positions)
Target sequences:                                               50  (19700 residues searched)
Target sequences re-searched for truncated hits:                50  (10200 residues re-searched)
Windows   passing  local HMM SSV           filter:             177  (0.3532); expected (0.35)
Windows   passing  local HMM Viterbi       filter:                  (off)
Windows   passing  local HMM Viterbi  bias filter:                  (off)
Windows   passing  local HMM Forward       filter:             101  (0.1991); expected (0.02)
Windows   passing  local HMM Forward  bias filter:             101  (0.1991); expected (0.02)
Windows   passing glocal HMM Forward       filter:              80  (0.1659); expected (0.02)
Windows   passing glocal HMM Forward  bias filter:              80  (0.1659); expected (0.02)
Envelopes passing glocal HMM envelope defn filter:              80  (0.1123); expected (0.02)
Envelopes passing  local CM  CYK           filter:              76  (0.107); expected (0.0001)
Total CM hits reported:                                         51  (0.05836); includes 6 truncated hit(s)

# CPU time: 0.62u 0.00s 00:00:00.62 Elapsed: 00:00:00.62
# Alignment of 34 hits satisfying inclusion thresholds saved to: optimization_a7/100gen/_workspace/cmsearch_logs/gen_0016/patent_cmsearch.sto
//
[ok]
