# cmsearch :: search CM(s) against a sequence database
# INFERNAL 1.1.5 (Sep 2023)
# Copyright (C) 2023 Howard Hughes Medical Institute.
# Freely distributed under the BSD open source license.
# - - - - - - - - - - - - - - - - - - - - - - - - - - - - - - - - - - - -
# query CM file:                         A7_analysis/patent.cm
# target sequence database:              /tmp/tmpjn9iv171/queries.fa
# output directed to file:               optimization_a7/100gen/_workspace/cmsearch_logs/gen_0017/patent_cmsearch.out
# MSA of significant hits saved to file: optimization_a7/100gen/_workspace/cmsearch_logs/gen_0017/patent_cmsearch.sto
# tabular output of hits:                optimization_a7/100gen/_workspace/cmsearch_logs/gen_0017/patent_cmsearch.tblout
# max ASCII text line length:            unlimited
# sequence reporting threshold:          E-value <= 1000
# number of worker threads:              4
# - - - - - - - - - - - - - - - - - - - - - - - - - - - - - - - - - - - -

Query:       patent_aligned  [CLEN=36]
Hit scores:
 rank     E-value  score  bias  sequence        start    end   mdl trunc   gc  description
 ----   --------- ------ -----  -------------- ------ ------   --- ----- ----  -----------
  (1) !     5e-15   61.3   0.0  ind_0017_00017    147    182 +  cm    no 0.61  -
  (2) !   2.4e-13   55.0   0.0  ind_0017_00000    147    182 +  cm    no 0.61  -
  (3) !   2.4e-13   55.0   0.0  ind_0017_00009    147    182 +  cm    no 0.61  -
  (4) !   2.4e-13   55.0   0.0  ind_0017_00023    147    182 +  cm    no 0.61  -
  (5) !   2.4e-13   55.0   0.0  ind_0017_00046    147    182 +  cm    no 0.61  -
  (6) !     2e-12   51.5   0.0  ind_0017_00037    147    182 +  cm    no 0.58  -
  (7) !   2.1e-12   51.4   0.0  ind_0017_00012    147    182 +  cm    no 0.58  -
  (8) !   2.2e-12   51.4   0.0  ind_0017_00002    147    182 +  cm    no 0.64  -
  (9) !   1.2e-11   48.6   0.0  ind_0017_00019    147    182 +  cm    no 0.64  -
 (10) !   1.6e-11   48.1   0.0  ind_0017_00001    147    182 +  cm    no 0.64  -
 (11) !   1.6e-11   48.1   0.0  ind_0017_00040    147    182 +  cm    no 0.64  -
 (12) !   1.6e-11   48.1   0.0  ind_0017_00044    147    182 +  cm    no 0.64  -
 (13) !   3.4e-11   46.9   0.0  ind_0017_00022    147    182 +  cm    no 0.67  -
 (14) !   5.6e-11   46.1   0.0  ind_0017_00028    147    182 +  cm    no 0.58  -
 (15) !   5.8e-11   46.0   0.0  ind_0017_00006    147    182 +  cm    no 0.61  -
 (16) !   7.8e-11   45.5   0.0  ind_0017_00004    147    182 +  cm    no 0.64  -
 (17) !   7.8e-11   45.5   0.0  ind_0017_00020    147    182 +  cm    no 0.64  -
 (18) !   7.8e-11   45.5   0.0  ind_0017_00027    147    182 +  cm    no 0.64  -
 (19) !   8.5e-11   45.4   0.0  ind_0017_00021    147    182 +  cm    no 0.64  -
 (20) !     1e-10   45.1   0.0  ind_0017_00047    147    179 +  cm    no 0.64  -
 (21) !   1.9e-10   44.0   0.0  ind_0017_00049    147    182 +  cm    no 0.67  -
 (22) !   2.7e-10   43.5   0.0  ind_0017_00033    147    182 +  cm    no 0.61  -
 (23) !   2.9e-10   43.4   0.0  ind_0017_00003    147    182 +  cm    no 0.67  -
 (24) !   2.9e-10   43.4   0.0  ind_0017_00036    147    182 +  cm    no 0.64  -
 (25) !   3.5e-10   43.1   0.0  ind_0017_00013    147    182 +  cm    no 0.56  -
 (26) !   4.4e-10   42.7   0.0  ind_0017_00015    147    182 +  cm    no 0.58  -
 (27) !   5.1e-10   42.4   0.0  ind_0017_00008    147    182 +  cm    no 0.67  -
 (28) !   1.2e-09   41.0   0.0  ind_0017_00030    147    182 +  cm    no 0.61  -
 (29) !   3.6e-09   39.2   0.0  ind_0017_00024    147    179 +  cm    no 0.61  -
 (30) !   4.2e-09   39.0   0.0  ind_0017_00039    147    182 +  cm    no 0.61  -
 (31) !   4.2e-09   39.0   0.0  ind_0017_00014    147    182 +  cm    no 0.61  -
 (32) !   1.1e-08   37.4   0.0  ind_0017_00018    147    182 +  cm    no 0.64  -
 (33) !   1.1e-08   37.4   0.0  ind_0017_00034    147    182 +  cm    no 0.64  -
 (34) !   1.1e-08   37.4   0.0  ind_0017_00045    147    182 +  cm    no 0.64  -
 (35) !   2.2e-08   36.3   0.0  ind_0017_00007    147    182 +  cm    no 0.61  -
 (36) !   3.5e-08   35.5   0.0  ind_0017_00010    147    182 +  cm    no 0.56  -
 (37) !   4.1e-08   35.3   0.0  ind_0017_00026    147    182 +  cm    no 0.67  -
 (38) !   4.9e-08   35.0   0.0  ind_0017_00029    147    182 +  cm    no 0.67  -
 (39) !   1.4e-07   33.3   0.0  ind_0017_00025    147    182 +  cm    no 0.67  -
 (40) !     5e-07   31.2   0.0  ind_0017_00035    147    182 +  cm    no 0.61  -
 (41) !   8.5e-07   30.3   0.0  ind_0017_00005    147    182 +  cm    no 0.58  -
 (42) !   8.6e-06   26.5   0.0  ind_0017_00016    147    182 +  cm    no 0.58  -
 (43) !     9e-06   26.5   0.0  ind_0017_00043    147    180 +  cm    no 0.65  -
 (44) !     1e-05   26.3   0.0  ind_0017_00042    147    182 +  cm    no 0.56  -
 (45) !   1.3e-05   25.9   0.0  ind_0017_00038    147    182 +  cm    no 0.58  -
 (46) !   3.4e-05   24.3   0.0  ind_0017_00041    147    182 +  cm    no 0.69  -
 (47) !   4.8e-05   23.7   0.0  ind_0017_00011    147    182 +  cm    no 0.67  -
 (48) !     5e-05   23.7   0.0  ind_0017_00032    147    182 +  cm    no 0.67  -
 (49) !   0.00048   20.0   0.0  ind_0017_00048    147    182 +  cm    no 0.58  -
 ------ inclusion threshold ------
 (50) ?     0.011   14.8   0.0  ind_0017_00031    147    182 +  cm    no 0.61  -
 (51) ?       0.1   11.2   0.0  ind_0017_00014    155    140 -  cm    no 0.62  -
 (52) ?      0.39    9.0   0.0  ind_0017_00002    155    113 -  cm    no 0.49  -
 (53) ?      0.39    9.0   0.0  ind_0017_00033    155    113 -  cm    no 0.49  -
 (54) ?        13    3.3   0.0  ind_0017_00033    191    197 +  cm    3' 0.43  -
 (55) ?   7.6e+02   -3.4   0.0  ind_0017_00035    186    197 +  cm    3' 0.50  -
 (56) ?   7.7e+02   -3.4   0.0  ind_0017_00004    186    197 +  cm    3' 0.50  -
 (57) ?   7.7e+02   -3.4   0.0  ind_0017_00020    186    197 +  cm    3' 0.50  -
 (58) ?   7.7e+02   -3.4   0.0  ind_0017_00027    186    197 +  cm    3' 0.50  -


Hit alignments:
>> ind_0017_00017  
 rank     E-value  score  bias mdl mdl from   mdl to       seq from      seq to       acc trunc   gc
 ----   --------- ------ ----- --- -------- --------    ----------- -----------      ---- ----- ----
  (1) !     5e-15   61.3   0.0  cm        1       36 []         147         182 + .. 1.00    no 0.61

                                                          NC
                     :::::<<<--<<<<<<_________>>>>>>-->>> CS
  patent_aligned   1 GGUCAGACCCUGGUCCGGGGCAAUGGGACCACUGUU 36 
                     GGUCAGACCCUGGUCCGGG CAAUGGGACCACUGUU
  ind_0017_00017 147 GGUCAGACCCUGGUCCGGGACAAUGGGACCACUGUU 182
                     ************************************ PP

>> ind_0017_00000  
 rank     E-value  score  bias mdl mdl from   mdl to       seq from      seq to       acc trunc   gc
 ----   --------- ------ ----- --- -------- --------    ----------- -----------      ---- ----- ----
  (2) !   2.4e-13   55.0   0.0  cm        1       36 []         147         182 + .. 1.00    no 0.61

                                                          NC
                     :::::<<<--<<<<<<_________>>>>>>-->>> CS
  patent_aligned   1 GGUCAGACCCUGGUCCGGGGCAAUGGGACCACUGUU 36 
                     GGUCAGACCCUGGUCC GG CAAUGGGACCACUGUU
  ind_0017_00000 147 GGUCAGACCCUGGUCCCGGACAAUGGGACCACUGUU 182
                     ************************************ PP

>> ind_0017_00009  
 rank     E-value  score  bias mdl mdl from   mdl to       seq from      seq to       acc trunc   gc
 ----   --------- ------ ----- --- -------- --------    ----------- -----------      ---- ----- ----
  (3) !   2.4e-13   55.0   0.0  cm        1       36 []         147         182 + .. 1.00    no 0.61

                                                          NC
                     :::::<<<--<<<<<<_________>>>>>>-->>> CS
  patent_aligned   1 GGUCAGACCCUGGUCCGGGGCAAUGGGACCACUGUU 36 
                     GGUCAGACCCUGGUCC GG CAAUGGGACCACUGUU
  ind_0017_00009 147 GGUCAGACCCUGGUCCCGGACAAUGGGACCACUGUU 182
                     ************************************ PP

>> ind_0017_00023  
 rank     E-value  score  bias mdl mdl from   mdl to       seq from      seq to       acc trunc   gc
 ----   --------- ------ ----- --- -------- --------    ----------- -----------      ---- ----- ----
  (4) !   2.4e-13   55.0   0.0  cm        1       36 []         147         182 + .. 1.00    no 0.61

                                                          NC
                     :::::<<<--<<<<<<_________>>>>>>-->>> CS
  patent_aligned   1 GGUCAGACCCUGGUCCGGGGCAAUGGGACCACUGUU 36 
                     GGUCAGACCCUGGUCC GG CAAUGGGACCACUGUU
  ind_0017_00023 147 GGUCAGACCCUGGUCCCGGACAAUGGGACCACUGUU 182
                     ************************************ PP

>> ind_0017_00046  
 rank     E-value  score  bias mdl mdl from   mdl to       seq from      seq to       acc trunc   gc
 ----   --------- ------ ----- --- -------- --------    ----------- -----------      ---- ----- ----
  (5) !   2.4e-13   55.0   0.0  cm        1       36 []         147         182 + .. 1.00    no 0.61

                                                          NC
                     :::::<<<--<<<<<<_________>>>>>>-->>> CS
  patent_aligned   1 GGUCAGACCCUGGUCCGGGGCAAUGGGACCACUGUU 36 
                     GGUCAGACCCUGGUCC GG CAAUGGGACCACUGUU
  ind_0017_00046 147 GGUCAGACCCUGGUCCCGGACAAUGGGACCACUGUU 182
                     ************************************ PP

>> ind_0017_00037  
 rank     E-value  score  bias mdl mdl from   mdl to       seq from      seq to       acc trunc   gc
 ----   --------- ------ ----- --- -------- --------    ----------- -----------      ---- ----- ----
  (6) !     2e-12   51.5   0.0  cm        1       36 []         147         182 + .. 1.00    no 0.58

                                                          NC
                     :::::<<<--<<<<<<_________>>>>>>-->>> CS
  patent_aligned   1 GGUCAGACCCUGGUCCGGGGCAAUGGGACCACUGUU 36 
                     GG CAGACCCUGGUCCGGG CAAUGGGACCA UGUU
  ind_0017_00037 147 GGACAGACCCUGGUCCGGGACAAUGGGACCAAUGUU 182
                     ************************************ PP

>> ind_0017_00012  
 rank     E-value  score  bias mdl mdl from   mdl to       seq from      seq to       acc trunc   gc
 ----   --------- ------ ----- --- -------- --------    ----------- -----------      ---- ----- ----
  (7) !   2.1e-12   51.4   0.0  cm        1       36 []         147         182 + .. 1.00    no 0.58

                                                          NC
                     :::::<<<--<<<<<<_________>>>>>>-->>> CS
  patent_aligned   1 GGUCAGACCCUGGUCCGGGGCAAUGGGACCACUGUU 36 
                     GG CAGA CCUGGUCCGGG CAAUGGGACCACU UU
  ind_0017_00012 147 GGACAGAUCCUGGUCCGGGACAAUGGGACCACUGUU 182
                     ************************************ PP

>> ind_0017_00002  
 rank     E-value  score  bias mdl mdl from   mdl to       seq from      seq to       acc trunc   gc
 ----   --------- ------ ----- --- -------- --------    ----------- -----------      ---- ----- ----
  (8) !   2.2e-12   51.4   0.0  cm        1       36 []         147         182 + .. 1.00    no 0.64

                                                          NC
                     :::::<<<--<<<<<<_________>>>>>>-->>> CS
  patent_aligned   1 GGUCAGACCCUGGUCCGGGGCAAUGGGACCACUGUU 36 
                     GGUC GACCCUGGUCCGGG CAA GGGACCACUGUU
  ind_0017_00002 147 GGUCUGACCCUGGUCCGGGACAACGGGACCACUGUU 182
                     ************************************ PP

>> ind_0017_00019  
 rank     E-value  score  bias mdl mdl from   mdl to       seq from      seq to       acc trunc   gc
 ----   --------- ------ ----- --- -------- --------    ----------- -----------      ---- ----- ----
  (9) !   1.2e-11   48.6   0.0  cm        1       36 []         147         182 + .. 1.00    no 0.64

                                                          NC
                     :::::<<<--<<<<<<_________>>>>>>-->>> CS
  patent_aligned   1 GGUCAGACCCUGGUCCGGGGCAAUGGGACCACUGUU 36 
                     GG CA:ACC UGGUCC GGGCAAUGGGACCACUGU:
  ind_0017_00019 147 GGACAGACCUUGGUCCCGGGCAAUGGGACCACUGUC 182
                     ************************************ PP

>> ind_0017_00001  
 rank     E-value  score  bias mdl mdl from   mdl to       seq from      seq to       acc trunc   gc
 ----   --------- ------ ----- --- -------- --------    ----------- -----------      ---- ----- ----
 (10) !   1.6e-11   48.1   0.0  cm        1       36 []         147         182 + .. 1.00    no 0.64

                                                          NC
                     :::::<<<--<<<<<<_________>>>>>>-->>> CS
  patent_aligned   1 GGUCAGACCCUGGUCCGGGGCAAUGGGACCACUGUU 36 
                     GG CA:ACCCUGGUCC GG CAAUGGGACCACUGU:
  ind_0017_00001 147 GGACAGACCCUGGUCCCGGACAAUGGGACCACUGUC 182
                     ************************************ PP

>> ind_0017_00040  
 rank     E-value  score  bias mdl mdl from   mdl to       seq from      seq to       acc trunc   gc
 ----   --------- ------ ----- --- -------- --------    ----------- -----------      ---- ----- ----
 (11) !   1.6e-11   48.1   0.0  cm        1       36 []         147         182 + .. 1.00    no 0.64

                                                          NC
                     :::::<<<--<<<<<<_________>>>>>>-->>> CS
  patent_aligned   1 GGUCAGACCCUGGUCCGGGGCAAUGGGACCACUGUU 36 
                     GG CA:ACCCUGGUCC GG CAAUGGGACCACUGU:
  ind_0017_00040 147 GGACAGACCCUGGUCCCGGACAAUGGGACCACUGUC 182
                     ************************************ PP

>> ind_0017_00044  
 rank     E-value  score  bias mdl mdl from   mdl to       seq from      seq to       acc trunc   gc
 ----   --------- ------ ----- --- -------- --------    ----------- -----------      ---- ----- ----
 (12) !   1.6e-11   48.1   0.0  cm        1       36 []         147         182 + .. 1.00    no 0.64

                                                          NC
                     :::::<<<--<<<<<<_________>>>>>>-->>> CS
  patent_aligned   1 GGUCAGACCCUGGUCCGGGGCAAUGGGACCACUGUU 36 
                     GG CA:ACCCUGGUCC GG CAAUGGGACCACUGU:
  ind_0017_00044 147 GGACAGACCCUGGUCCCGGACAAUGGGACCACUGUC 182
                     ************************************ PP

>> ind_0017_00022  
 rank     E-value  score  bias mdl mdl from   mdl to       seq from      seq to       acc trunc   gc
 ----   --------- ------ ----- --- -------- --------    ----------- -----------      ---- ----- ----
 (13) !   3.4e-11   46.9   0.0  cm        1       36 []         147         182 + .. 1.00    no 0.67

                                                          NC
                     :::::<<<--<<<<<<_________>>>>>>-->>> CS
  patent_aligned   1 GGUCAGACCCUGGUCCGGGGCAAUGGGACCACUGUU 36 
                     GGUCA:A CCUGGUCC GGGC AUGGGACCACU U:
  ind_0017_00022 147 GGUCAGAUCCUGGUCCCGGGCGAUGGGACCACUGUC 182
                     ************************************ PP

>> ind_0017_00028  
 rank     E-value  score  bias mdl mdl from   mdl to       seq from      seq to       acc trunc   gc
 ----   --------- ------ ----- --- -------- --------    ----------- -----------      ---- ----- ----
 (14) !   5.6e-11   46.1   0.0  cm        1       36 []         147         182 + .. 1.00    no 0.58

                                                          NC
                     :::::<<<--<<<<<<_________>>>>>>-->>> CS
  patent_aligned   1 GGUCAGACCCUGGUCCGGGGCAAUGGGACCACUGUU 36 
                     GG CAGACC UGGUCC GG CAAUGGGACCACUGUU
  ind_0017_00028 147 GGACAGACCUUGGUCCCGGACAAUGGGACCACUGUU 182
                     ************************************ PP

>> ind_0017_00006  
 rank     E-value  score  bias mdl mdl from   mdl to       seq from      seq to       acc trunc   gc
 ----   --------- ------ ----- --- -------- --------    ----------- -----------      ---- ----- ----
 (15) !   5.8e-11   46.0   0.0  cm        1       36 []         147         182 + .. 1.00    no 0.61

                                                          NC
                     :::::<<<--<<<<<<_________>>>>>>-->>> CS
  patent_aligned   1 GGUCAGACCCUGGUCCGGGGCAAUGGGACCACUGUU 36 
                     GG CAGACCCUGGUCCGGG CAA GGGACCA UGUU
  ind_0017_00006 147 GGACAGACCCUGGUCCGGGACAAGGGGACCAAUGUU 182
                     ************************************ PP

>> ind_0017_00004  
 rank     E-value  score  bias mdl mdl from   mdl to       seq from      seq to       acc trunc   gc
 ----   --------- ------ ----- --- -------- --------    ----------- -----------      ---- ----- ----
 (16) !   7.8e-11   45.5   0.0  cm        1       36 []         147         182 + .. 1.00    no 0.64

                           v                           v  NC
                     :::::<<<--<<<<<<_________>>>>>>-->>> CS
  patent_aligned   1 GGUCAGACCCUGGUCCGGGGCAAUGGGACCACUGUU 36 
                     GGUCA: CCCUGGUCC GG CAAUGGGACCACUG :
  ind_0017_00004 147 GGUCAGUCCCUGGUCCCGGACAAUGGGACCACUGUC 182
                     ************************************ PP

>> ind_0017_00020  
 rank     E-value  score  bias mdl mdl from   mdl to       seq from      seq to       acc trunc   gc
 ----   --------- ------ ----- --- -------- --------    ----------- -----------      ---- ----- ----
 (17) !   7.8e-11   45.5   0.0  cm        1       36 []         147         182 + .. 1.00    no 0.64

                           v                           v  NC
                     :::::<<<--<<<<<<_________>>>>>>-->>> CS
  patent_aligned   1 GGUCAGACCCUGGUCCGGGGCAAUGGGACCACUGUU 36 
                     GGUCA: CCCUGGUCC GG CAAUGGGACCACUG :
  ind_0017_00020 147 GGUCAGUCCCUGGUCCCGGACAAUGGGACCACUGUC 182
                     ************************************ PP

>> ind_0017_00027  
 rank     E-value  score  bias mdl mdl from   mdl to       seq from      seq to       acc trunc   gc
 ----   --------- ------ ----- --- -------- --------    ----------- -----------      ---- ----- ----
 (18) !   7.8e-11   45.5   0.0  cm        1       36 []         147         182 + .. 1.00    no 0.64

                           v                           v  NC
                     :::::<<<--<<<<<<_________>>>>>>-->>> CS
  patent_aligned   1 GGUCAGACCCUGGUCCGGGGCAAUGGGACCACUGUU 36 
                     GGUCA: CCCUGGUCC GG CAAUGGGACCACUG :
  ind_0017_00027 147 GGUCAGUCCCUGGUCCCGGACAAUGGGACCACUGUC 182
                     ************************************ PP

>> ind_0017_00021  
 rank     E-value  score  bias mdl mdl from   mdl to       seq from      seq to       acc trunc   gc
 ----   --------- ------ ----- --- -------- --------    ----------- -----------      ---- ----- ----
 (19) !   8.5e-11   45.4   0.0  cm        1       36 []         147         182 + .. 1.00    no 0.64

                                  v             v         NC
                     :::::<<<--<<<<<<_________>>>>>>-->>> CS
  patent_aligned   1 GGUCAGACCCUGGUCCGGGGCAAUGGGACCACUGUU 36 
                     GGUCAGACCCUGG CC GG CAAUGGG CCACUGUU
  ind_0017_00021 147 GGUCAGACCCUGGGCCCGGACAAUGGGACCACUGUU 182
                     ************************************ PP

>> ind_0017_00047  
 rank     E-value  score  bias mdl mdl from   mdl to       seq from      seq to       acc trunc   gc
 ----   --------- ------ ----- --- -------- --------    ----------- -----------      ---- ----- ----
 (20) !     1e-10   45.1   0.0  cm        1       36 []         147         179 + .. 1.00    no 0.64

                          vvv                         vvv NC
                     :::::<<<--<<<<<<_________>>>>>>-->>> CS
  patent_aligned   1 GGUCAGACCCUGGUCCGGGGCAAUGGGACCACUGUU 36 
                     GGUCAGACCCUGGUCC GG CAAUGGGACCACU   
  ind_0017_00047 147 GGUCAGACCCUGGUCCCGGACAAUGGGACCACU--- 179
                     *********************************... PP

>> ind_0017_00049  
 rank     E-value  score  bias mdl mdl from   mdl to       seq from      seq to       acc trunc   gc
 ----   --------- ------ ----- --- -------- --------    ----------- -----------      ---- ----- ----
 (21) !   1.9e-10   44.0   0.0  cm        1       36 []         147         182 + .. 1.00    no 0.67

                                                          NC
                     :::::<<<--<<<<<<_________>>>>>>-->>> CS
  patent_aligned   1 GGUCAGACCCUGGUCCGGGGCAAUGGGACCACUGUU 36 
                     GG CA: CC UGGUCC GGGCAAUGGGACCACUG :
  ind_0017_00049 147 GGACAGGCCUUGGUCCCGGGCAAUGGGACCACUGUC 182
                     ************************************ PP

>> ind_0017_00033  
 rank     E-value  score  bias mdl mdl from   mdl to       seq from      seq to       acc trunc   gc
 ----   --------- ------ ----- --- -------- --------    ----------- -----------      ---- ----- ----
 (22) !   2.7e-10   43.5   0.0  cm        1       36 []         147         182 + .. 1.00    no 0.61

                                    v         v           NC
                     :::::<<<--<<<<<<_________>>>>>>-->>> CS
  patent_aligned   1 GGUCAGACCCUGGUCCGGGGCAAUGGGACCACUGUU 36 
                     GGUC GACCCUGGUC GGG CAA G GACCACUGUU
  ind_0017_00033 147 GGUCUGACCCUGGUCCGGGACAACGAGACCACUGUU 182
                     ************************************ PP

>> ind_0017_00003  
 rank     E-value  score  bias mdl mdl from   mdl to       seq from      seq to       acc trunc   gc
 ----   --------- ------ ----- --- -------- --------    ----------- -----------      ---- ----- ----
 (23) !   2.9e-10   43.4   0.0  cm        1       36 []         147         182 + .. 1.00    no 0.67

                                                          NC
                     :::::<<<--<<<<<<_________>>>>>>-->>> CS
  patent_aligned   1 GGUCAGACCCUGGUCCGGGGCAAUGGGACCACUGUU 36 
                     GG CA:ACC UGGUCC GGGC AUGGGACCACUGU:
  ind_0017_00003 147 GGACAGACCUUGGUCCCGGGCGAUGGGACCACUGUC 182
                     ************************************ PP

>> ind_0017_00036  
 rank     E-value  score  bias mdl mdl from   mdl to       seq from      seq to       acc trunc   gc
 ----   --------- ------ ----- --- -------- --------    ----------- -----------      ---- ----- ----
 (24) !   2.9e-10   43.4   0.0  cm        1       36 []         147         182 + .. 1.00    no 0.64

                                                          NC
                     :::::<<<--<<<<<<_________>>>>>>-->>> CS
  patent_aligned   1 GGUCAGACCCUGGUCCGGGGCAAUGGGACCACUGUU 36 
                     GG CA:ACCCUGGUCC GG CAA GGGACCACUGU:
  ind_0017_00036 147 GGACAGACCCUGGUCCCGGACAAAGGGACCACUGUC 182
                     ************************************ PP

>> ind_0017_00013  
 rank     E-value  score  bias mdl mdl from   mdl to       seq from      seq to       acc trunc   gc
 ----   --------- ------ ----- --- -------- --------    ----------- -----------      ---- ----- ----
 (25) !   3.5e-10   43.1   0.0  cm        1       36 []         147         182 + .. 1.00    no 0.56

                                                          NC
                     :::::<<<--<<<<<<_________>>>>>>-->>> CS
  patent_aligned   1 GGUCAGACCCUGGUCCGGGGCAAUGGGACCACUGUU 36 
                     G  CA:ACCCUGGUCC GG CAAUGGGACCACUGU:
  ind_0017_00013 147 GUACAAACCCUGGUCCCGGACAAUGGGACCACUGUU 182
                     ************************************ PP

>> ind_0017_00015  
 rank     E-value  score  bias mdl mdl from   mdl to       seq from      seq to       acc trunc   gc
 ----   --------- ------ ----- --- -------- --------    ----------- -----------      ---- ----- ----
 (26) !   4.4e-10   42.7   0.0  cm        1       36 []         147         182 + .. 1.00    no 0.58

                                                          NC
                     :::::<<<--<<<<<<_________>>>>>>-->>> CS
  patent_aligned   1 GGUCAGACCCUGGUCCGGGGCAAUGGGACCACUGUU 36 
                     GG CA:ACCCUGGUCC GG CA UGGGACCACUGU:
  ind_0017_00015 147 GGACAAACCCUGGUCCCGGACAUUGGGACCACUGUU 182
                     ************************************ PP

>> ind_0017_00008  
 rank     E-value  score  bias mdl mdl from   mdl to       seq from      seq to       acc trunc   gc
 ----   --------- ------ ----- --- -------- --------    ----------- -----------      ---- ----- ----
 (27) !   5.1e-10   42.4   0.0  cm        1       36 []         147         182 + .. 1.00    no 0.67

                                                          NC
                     :::::<<<--<<<<<<_________>>>>>>-->>> CS
  patent_aligned   1 GGUCAGACCCUGGUCCGGGGCAAUGGGACCACUGUU 36 
                     GG CA:A CCUGGUCC GGGC AUGGGACCACU U:
  ind_0017_00008 147 GGACAGAUCCUGGUCCCGGGCGAUGGGACCACUGUC 182
                     ************************************ PP

>> ind_0017_00030  
 rank     E-value  score  bias mdl mdl from   mdl to       seq from      seq to       acc trunc   gc
 ----   --------- ------ ----- --- -------- --------    ----------- -----------      ---- ----- ----
 (28) !   1.2e-09   41.0   0.0  cm        1       36 []         147         182 + .. 0.99    no 0.61

                               v                   v      NC
                     :::::<<<--<<<<<<_________>>>>>>-->>> CS
  patent_aligned   1 GGUCAGACCCUGGUCCGGGGCAAUGGGACCACUGUU 36 
                     GGUCAGACC  GGUCC GG CAAUGGGACC CUGUU
  ind_0017_00030 147 GGUCAGACCUGGGUCCCGGACAAUGGGACCACUGUU 182
                     ********9999************************ PP

>> ind_0017_00024  
 rank     E-value  score  bias mdl mdl from   mdl to       seq from      seq to       acc trunc   gc
 ----   --------- ------ ----- --- -------- --------    ----------- -----------      ---- ----- ----
 (29) !   3.6e-09   39.2   0.0  cm        1       36 []         147         179 + .. 1.00    no 0.61

                          vvv                         vvv NC
                     :::::<<<--<<<<<<_________>>>>>>-->>> CS
  patent_aligned   1 GGUCAGACCCUGGUCCGGGGCAAUGGGACCACUGUU 36 
                     GG CAGA CCUGGUCC GG CAAUGGGACCACU   
  ind_0017_00024 147 GGACAGAACCUGGUCCCGGACAAUGGGACCACU--- 179
                     *********************************... PP

>> ind_0017_00039  
 rank     E-value  score  bias mdl mdl from   mdl to       seq from      seq to       acc trunc   gc
 ----   --------- ------ ----- --- -------- --------    ----------- -----------      ---- ----- ----
 (30) !   4.2e-09   39.0   0.0  cm        1       36 []         147         182 + .. 1.00    no 0.61

                                                          NC
                     :::::<<<--<<<<<<_________>>>>>>-->>> CS
  patent_aligned   1 GGUCAGACCCUGGUCCGGGGCAAUGGGACCACUGUU 36 
                      GUCA:ACC UGGUCC GG C AUGGGACCACUGU:
  ind_0017_00039 147 AGUCAGACCUUGGUCCCGGACGAUGGGACCACUGUC 182
                     ************************************ PP

>> ind_0017_00014  
 rank     E-value  score  bias mdl mdl from   mdl to       seq from      seq to       acc trunc   gc
 ----   --------- ------ ----- --- -------- --------    ----------- -----------      ---- ----- ----
 (31) !   4.2e-09   39.0   0.0  cm        1       36 []         147         182 + .. 0.99    no 0.61

                                                          NC
                     :::::<<<--<<<<<<_________>>>>>>-->>> CS
  patent_aligned   1 GGUCAGACCCUGGUCCGGGGCAAUGGGACCACUGUU 36 
                     GGUC :ACC UGGUCCGGG C AU GGACCACUGU:
  ind_0017_00014 147 GGUCUGACCUUGGUCCGGGACGAUAGGACCACUGUC 182
                     *********************9999*********** PP

>> ind_0017_00018  
 rank     E-value  score  bias mdl mdl from   mdl to       seq from      seq to       acc trunc   gc
 ----   --------- ------ ----- --- -------- --------    ----------- -----------      ---- ----- ----
 (32) !   1.1e-08   37.4   0.0  cm        1       36 []         147         182 + .. 1.00    no 0.64

                           v   v                   v   v  NC
                     :::::<<<--<<<<<<_________>>>>>>-->>> CS
  patent_aligned   1 GGUCAGACCCUGGUCCGGGGCAAUGGGACCACUGUU 36 
                     GGUCA: CCC GGUCC GG CAAUGGGACC CUG :
  ind_0017_00018 147 GGUCAGUCCCUGGUCCCGGACAAUGGGACCUCUGUC 182
                     ************************************ PP

>> ind_0017_00034  
 rank     E-value  score  bias mdl mdl from   mdl to       seq from      seq to       acc trunc   gc
 ----   --------- ------ ----- --- -------- --------    ----------- -----------      ---- ----- ----
 (33) !   1.1e-08   37.4   0.0  cm        1       36 []         147         182 + .. 1.00    no 0.64

                           v   v                   v   v  NC
                     :::::<<<--<<<<<<_________>>>>>>-->>> CS
  patent_aligned   1 GGUCAGACCCUGGUCCGGGGCAAUGGGACCACUGUU 36 
                     GGUCA: CCC GGUCC GG CAAUGGGACC CUG :
  ind_0017_00034 147 GGUCAGUCCCUGGUCCCGGACAAUGGGACCUCUGUC 182
                     ************************************ PP

>> ind_0017_00045  
 rank     E-value  score  bias mdl mdl from   mdl to       seq from      seq to       acc trunc   gc
 ----   --------- ------ ----- --- -------- --------    ----------- -----------      ---- ----- ----
 (34) !   1.1e-08   37.4   0.0  cm        1       36 []         147         182 + .. 1.00    no 0.64

                           v   v                   v   v  NC
                     :::::<<<--<<<<<<_________>>>>>>-->>> CS
  patent_aligned   1 GGUCAGACCCUGGUCCGGGGCAAUGGGACCACUGUU 36 
                     GGUCA: CCC GGUCC GG CAAUGGGACC CUG :
  ind_0017_00045 147 GGUCAGUCCCUGGUCCCGGACAAUGGGACCUCUGUC 182
                     ************************************ PP

>> ind_0017_00007  
 rank     E-value  score  bias mdl mdl from   mdl to       seq from      seq to       acc trunc   gc
 ----   --------- ------ ----- --- -------- --------    ----------- -----------      ---- ----- ----
 (35) !   2.2e-08   36.3   0.0  cm        1       36 []         147         182 + .. 1.00    no 0.61

                           v    v                 v    v  NC
                     :::::<<<--<<<<<<_________>>>>>>-->>> CS
  patent_aligned   1 GGUCAGACCCUGGUCCGGGGCAAUGGGACCACUGUU 36 
                     GGUCA: CCCU GUCC GG CAAUGGGAC ACUG :
  ind_0017_00007 147 GGUCAGUCCCUUGUCCCGGACAAUGGGACCACUGUC 182
                     ************************************ PP

>> ind_0017_00010  
 rank     E-value  score  bias mdl mdl from   mdl to       seq from      seq to       acc trunc   gc
 ----   --------- ------ ----- --- -------- --------    ----------- -----------      ---- ----- ----
 (36) !   3.5e-08   35.5   0.0  cm        1       36 []         147         182 + .. 1.00    no 0.56

                                v                 v       NC
                     :::::<<<--<<<<<<_________>>>>>>-->>> CS
  patent_aligned   1 GGUCAGACCCUGGUCCGGGGCAAUGGGACCACUGUU 36 
                     G UCAGACCCU GUCC GG CAAUGGGAC A UGUU
  ind_0017_00010 147 GUUCAGACCCUCGUCCCGGACAAUGGGACCAAUGUU 182
                     ************************************ PP

>> ind_0017_00026  
 rank     E-value  score  bias mdl mdl from   mdl to       seq from      seq to       acc trunc   gc
 ----   --------- ------ ----- --- -------- --------    ----------- -----------      ---- ----- ----
 (37) !   4.1e-08   35.3   0.0  cm        1       36 []         147         182 + .. 0.99    no 0.67

                           v                           v  NC
                     :::::<<<--<<<<<<_________>>>>>>-->>> CS
  patent_aligned   1 GGUCAGACCCUGGUCCGGGGCAAUGGGACCACUGUU 36 
                     GG CA: CCCUGGUCC GG  AAUGGGACCACUG :
  ind_0017_00026 147 GGCCAGUCCCUGGUCCCGGAGAAUGGGACCACUGUC 182
                     ****************99999*************** PP

>> ind_0017_00029  
 rank     E-value  score  bias mdl mdl from   mdl to       seq from      seq to       acc trunc   gc
 ----   --------- ------ ----- --- -------- --------    ----------- -----------      ---- ----- ----
 (38) !   4.9e-08   35.0   0.0  cm        1       36 []         147         182 + .. 0.98    no 0.67

                          v                             v NC
                     :::::<<<--<<<<<<_________>>>>>>-->>> CS
  patent_aligned   1 GGUCAGACCCUGGUCCGGGGCAAUGGGACCACUGUU 36 
                     GG CA ACCCUGGUCC GG C A GGGACCACUGU 
  ind_0017_00029 147 GGACAAACCCUGGUCCCGGACGACGGGACCACUGUC 182
                     *******************999999*********** PP

>> ind_0017_00025  
 rank     E-value  score  bias mdl mdl from   mdl to       seq from      seq to       acc trunc   gc
 ----   --------- ------ ----- --- -------- --------    ----------- -----------      ---- ----- ----
 (39) !   1.4e-07   33.3   0.0  cm        1       36 []         147         182 + .. 0.99    no 0.67

                                   v           v          NC
                     :::::<<<--<<<<<<_________>>>>>>-->>> CS
  patent_aligned   1 GGUCAGACCCUGGUCCGGGGCAAUGGGACCACUGUU 36 
                     GG CA:ACCCUGGU C GG C AUGG ACCACUGU:
  ind_0017_00025 147 GGACAGACCCUGGUCCCGGACGAUGGCACCACUGUC 182
                     *********************9************** PP

>> ind_0017_00035  
 rank     E-value  score  bias mdl mdl from   mdl to       seq from      seq to       acc trunc   gc
 ----   --------- ------ ----- --- -------- --------    ----------- -----------      ---- ----- ----
 (40) !     5e-07   31.2   0.0  cm        1       36 []         147         182 + .. 1.00    no 0.61

                           v                           v  NC
                     :::::<<<--<<<<<<_________>>>>>>-->>> CS
  patent_aligned   1 GGUCAGACCCUGGUCCGGGGCAAUGGGACCACUGUU 36 
                     GGU A: CC UGGUCC GG CAA GGGACCACUG :
  ind_0017_00035 147 GGUAAGUCCUUGGUCCCGGACAACGGGACCACUGUC 182
                     ************************************ PP

>> ind_0017_00005  
 rank     E-value  score  bias mdl mdl from   mdl to       seq from      seq to       acc trunc   gc
 ----   --------- ------ ----- --- -------- --------    ----------- -----------      ---- ----- ----
 (41) !   8.5e-07   30.3   0.0  cm        1       36 []         147         182 + .. 1.00    no 0.58

                          v                             v NC
                     :::::<<<--<<<<<<_________>>>>>>-->>> CS
  patent_aligned   1 GGUCAGACCCUGGUCCGGGGCAAUGGGACCACUGUU 36 
                      G CA ACC UGGUCC GG C AUGGGACCACUGU 
  ind_0017_00005 147 UGACAAACCUUGGUCCCGGACGAUGGGACCACUGUC 182
                     ************************************ PP

>> ind_0017_00016  
 rank     E-value  score  bias mdl mdl from   mdl to       seq from      seq to       acc trunc   gc
 ----   --------- ------ ----- --- -------- --------    ----------- -----------      ---- ----- ----
 (42) !   8.6e-06   26.5   0.0  cm        1       36 []         147         182 + .. 0.93    no 0.58

                                                         NC
                     :::::<<<--<<<<<<___~~~~~>>>>>>-->>> CS
  patent_aligned   1 GGUCAGACCCUGGUCCGGG*[6]*GGACCACUGUU 36 
                      G CA:ACC UGGUCC GG     GGACCACUGU:
  ind_0017_00016 147 UGACAGACCUUGGUCCAGG*[6]*GGACCACUGUC 182
                     ****************887..7..*********** PP

>> ind_0017_00043  
 rank     E-value  score  bias mdl mdl from   mdl to       seq from      seq to       acc trunc   gc
 ----   --------- ------ ----- --- -------- --------    ----------- -----------      ---- ----- ----
 (43) !     9e-06   26.5   0.0  cm        1       36 []         147         180 + .. 0.99    no 0.65

                          vv    vv               vv    vv NC
                     :::::<<<--<<<<<<_________>>>>>>-->>> CS
  patent_aligned   1 GGUCAGACCCUGGUCCGGGGCAAUGGGACCACUGUU 36 
                     GG CAGACCCU  UCCGGG C AUGGGA  ACUG  
  ind_0017_00043 147 GGACAGACCCUGUUCCGGGACGAUGGGACGACUG-- 180
                     **********************************.. PP

>> ind_0017_00042  
 rank     E-value  score  bias mdl mdl from   mdl to       seq from      seq to       acc trunc   gc
 ----   --------- ------ ----- --- -------- --------    ----------- -----------      ---- ----- ----
 (44) !     1e-05   26.3   0.0  cm        1       36 []         147         182 + .. 1.00    no 0.56

                                v                 v       NC
                     :::::<<<--<<<<<<_________>>>>>>-->>> CS
  patent_aligned   1 GGUCAGACCCUGGUCCGGGGCAAUGGGACCACUGUU 36 
                      G CA:ACC U GUCC GG C AUGGGAC ACUGU:
  ind_0017_00042 147 UGACAGACCUUGGUCCAGGACGAUGGGACAACUGUC 182
                     ************************************ PP

>> ind_0017_00038  
 rank     E-value  score  bias mdl mdl from   mdl to       seq from      seq to       acc trunc   gc
 ----   --------- ------ ----- --- -------- --------    ----------- -----------      ---- ----- ----
 (45) !   1.3e-05   25.9   0.0  cm        1       36 []         147         182 + .. 1.00    no 0.58

                            v                         v   NC
                     :::::<<<--<<<<<<_________>>>>>>-->>> CS
  patent_aligned   1 GGUCAGACCCUGGUCCGGGGCAAUGGGACCACUGUU 36 
                      G CA:A C UGGUCC GG C AUGGGACCACU U:
  ind_0017_00038 147 UGACAGAGCUUGGUCCAGGACGAUGGGACCACUGUC 182
                     ************************************ PP

>> ind_0017_00041  
 rank     E-value  score  bias mdl mdl from   mdl to       seq from      seq to       acc trunc   gc
 ----   --------- ------ ----- --- -------- --------    ----------- -----------      ---- ----- ----
 (46) !   3.4e-05   24.3   0.0  cm        1       36 []         147         182 + .. 0.99    no 0.69

                                 v               v        NC
                     :::::<<<--<<<<<<_________>>>>>>-->>> CS
  patent_aligned   1 GGUCAGACCCUGGUCCGGGGCAAUGGGACCACUGUU 36 
                     GG CA:A CC G UCCGGG C A GGGA C CU U:
  ind_0017_00041 147 GGACAGAUCCUGGUCCGGGACGACGGGAGCGCUGUC 182
                     *********************9999*********** PP

>> ind_0017_00011  
 rank     E-value  score  bias mdl mdl from   mdl to       seq from      seq to       acc trunc   gc
 ----   --------- ------ ----- --- -------- --------    ----------- -----------      ---- ----- ----
 (47) !   4.8e-05   23.7   0.0  cm        1       36 []         147         182 + .. 0.97    no 0.67

                          v                             v NC
                     :::::<<<--<<<<<<_________>>>>>>-->>> CS
  patent_aligned   1 GGUCAGACCCUGGUCCGGGGCAAUGGGACCACUGUU 36 
                     GG CA ACCC GGUCCG G C A GGGACC  UGU 
  ind_0017_00011 147 GGACAAACCCUGGUCCGUGACGACGGGACCGGUGUC 182
                     *****************99998999*********** PP

>> ind_0017_00032  
 rank     E-value  score  bias mdl mdl from   mdl to       seq from      seq to       acc trunc   gc
 ----   --------- ------ ----- --- -------- --------    ----------- -----------      ---- ----- ----
 (48) !     5e-05   23.7   0.0  cm        1       36 []         147         182 + .. 1.00    no 0.67

                          v    v                   v    v NC
                     :::::<<<--<<<<<<_________>>>>>>-->>> CS
  patent_aligned   1 GGUCAGACCCUGGUCCGGGGCAAUGGGACCACUGUU 36 
                     GG CA AC   GGUCC GGGC AUGGGACC CUGU 
  ind_0017_00032 147 GGACAAACGUUGGUCCCGGGCGAUGGGACCCCUGUC 182
                     ************************************ PP

>> ind_0017_00048  
 rank     E-value  score  bias mdl mdl from   mdl to       seq from      seq to       acc trunc   gc
 ----   --------- ------ ----- --- -------- --------    ----------- -----------      ---- ----- ----
 (49) !   0.00048   20.0   0.0  cm        1       36 []         147         182 + .. 0.97    no 0.58

                          v      v               v      v NC
                     :::::<<<--<<<<<<_________>>>>>>-->>> CS
  patent_aligned   1 GGUCAGACCCUGGUCCGGGGCAAUGGGACCACUGUU 36 
                      G CA ACCCUG UCCGGG C A GGGA CA UGU 
  ind_0017_00048 147 UGACACACCCUGUUCCGGGACGAAGGGACCAGUGUU 182
                     *********************7789*********** PP

>> ind_0017_00031  
 rank     E-value  score  bias mdl mdl from   mdl to       seq from      seq to       acc trunc   gc
 ----   --------- ------ ----- --- -------- --------    ----------- -----------      ---- ----- ----
 (50) ?     0.011   14.8   0.0  cm        1       36 []         147         182 + .. 0.99    no 0.61

                          v    v   v           v   v    v NC
                     :::::<<<--<<<<<<_________>>>>>>-->>> CS
  patent_aligned   1 GGUCAGACCCUGGUCCGGGGCAAUGGGACCACUGUU 36 
                     GG CA A C  GGU C GGGC AUGG ACC CU U 
  ind_0017_00031 147 GGACAAAUCUAGGUCCCGGGCGAUGGCACCACUGUC 182
                     ************************************ PP

>> ind_0017_00014  
 rank     E-value  score  bias mdl mdl from   mdl to       seq from      seq to       acc trunc   gc
 ----   --------- ------ ----- --- -------- --------    ----------- -----------      ---- ----- ----
 (51) ?       0.1   11.2   0.0  cm        1       36 []         155         140 - .. 0.97    no 0.62

                          vv            vv NC
                     :::::<<<--~~~~~~-->>> CS
  patent_aligned   1 GGUCAGACCC*[21]*CUGUU 36 
                     GGUCAGACCC      CUG  
  ind_0017_00014 155 GGUCAGACCC*[ 3]*CUG-- 140
                     **********...*..79*.. PP

>> ind_0017_00002  
 rank     E-value  score  bias mdl mdl from   mdl to       seq from      seq to       acc trunc   gc
 ----   --------- ------ ----- --- -------- --------    ----------- -----------      ---- ----- ----
 (52) ?      0.39    9.0   0.0  cm        1       36 []         155         113 - .. 0.98    no 0.49

                          vv            vv NC
                     :::::<<<--~~~~~~-->>> CS
  patent_aligned   1 GGUCAGACCC*[21]*CUGUU 36 
                     GGUCAGACCC      CUG  
  ind_0017_00002 155 GGUCAGACCC*[30]*CUG-- 113
                     **********...*..89*.. PP

>> ind_0017_00033  
 rank     E-value  score  bias mdl mdl from   mdl to       seq from      seq to       acc trunc   gc
 ----   --------- ------ ----- --- -------- --------    ----------- -----------      ---- ----- ----
 (53) ?      0.39    9.0   0.0  cm        1       36 []         155         113 - .. 0.98    no 0.49

                          vv            vv NC
                     :::::<<<--~~~~~~-->>> CS
  patent_aligned   1 GGUCAGACCC*[21]*CUGUU 36 
                     GGUCAGACCC      CUG  
  ind_0017_00033 155 GGUCAGACCC*[30]*CUG-- 113
                     **********...*..89*.. PP

>> ind_0017_00033  
 rank     E-value  score  bias mdl mdl from   mdl to       seq from      seq to       acc trunc   gc
 ----   --------- ------ ----- --- -------- --------    ----------- -----------      ---- ----- ----
 (54) ?        13    3.3   0.0  cm        1        7 [~         191         197 + .~ 1.00    3' 0.43

                          ??       NC
                     :::::<<~~~~~~ CS
  patent_aligned   1 GGUCAGA*[29]> 36 
                      GUCAGA      
  ind_0017_00033 191 AGUCAGA*[ 0]> 197
                     *******...... PP

>> ind_0017_00035  
 rank     E-value  score  bias mdl mdl from   mdl to       seq from      seq to       acc trunc   gc
 ----   --------- ------ ----- --- -------- --------    ----------- -----------      ---- ----- ----
 (55) ?   7.6e+02   -3.4   0.0  cm        1       12 [~         186         197 + .~ 0.97    3' 0.50

                          ???  ??       NC
                     :::::<<<--<<~~~~~~ CS
  patent_aligned   1 GGUCAGACCCUG*[24]> 36 
                      GUCA   CCU       
  ind_0017_00035 186 CGUCAACUCCUA*[ 0]> 197
                     **********99...... PP

>> ind_0017_00004  
 rank     E-value  score  bias mdl mdl from   mdl to       seq from      seq to       acc trunc   gc
 ----   --------- ------ ----- --- -------- --------    ----------- -----------      ---- ----- ----
 (56) ?   7.7e+02   -3.4   0.0  cm        1       12 [~         186         197 + .~ 0.97    3' 0.50

                          ???  ??       NC
                     :::::<<<--<<~~~~~~ CS
  patent_aligned   1 GGUCAGACCCUG*[24]> 36 
                      GUCA   CCU       
  ind_0017_00004 186 CGUCAACUCCUA*[ 0]> 197
                     **********99...... PP

>> ind_0017_00020  
 rank     E-value  score  bias mdl mdl from   mdl to       seq from      seq to       acc trunc   gc
 ----   --------- ------ ----- --- -------- --------    ----------- -----------      ---- ----- ----
 (57) ?   7.7e+02   -3.4   0.0  cm        1       12 [~         186         197 + .~ 0.97    3' 0.50

                          ???  ??       NC
                     :::::<<<--<<~~~~~~ CS
  patent_aligned   1 GGUCAGACCCUG*[24]> 36 
                      GUCA   CCU       
  ind_0017_00020 186 CGUCAACUCCUA*[ 0]> 197
                     **********99...... PP

>> ind_0017_00027  
 rank     E-value  score  bias mdl mdl from   mdl to       seq from      seq to       acc trunc   gc
 ----   --------- ------ ----- --- -------- --------    ----------- -----------      ---- ----- ----
 (58) ?   7.7e+02   -3.4   0.0  cm        1       12 [~         186         197 + .~ 0.97    3' 0.50

                          ???  ??       NC
                     :::::<<<--<<~~~~~~ CS
  patent_aligned   1 GGUCAGACCCUG*[24]> 36 
                      GUCA   CCU       
  ind_0017_00027 186 CGUCAACUCCUA*[ 0]> 197
                     **********99...... PP



Internal CM pipeline statistics summary:
----------------------------------------
Query model(s):                                                  1  (36 consensus positions)
Target sequences:                                               50  (19700 residues searched)
Target sequences re-searched for truncated hits:                50  (10200 residues re-searched)
Windows   passing  local HMM SSV           filter:             235  (0.4778); expected (0.35)
Windows   passing  local HMM Viterbi       filter:                  (off)
Windows   passing  local HMM Viterbi  bias filter:                  (off)
Windows   passing  local HMM Forward       filter:             146  (0.2905); expected (0.02)
Windows   passing  local HMM Forward  bias filter:             139  (0.2747); expected (0.02)
Windows   passing glocal HMM Forward       filter:              98  (0.2186); expected (0.02)
Windows   passing glocal HMM Forward  bias filter:              98  (0.2186); expected (0.02)
Envelopes passing glocal HMM envelope defn filter:              98  (0.133); expected (0.02)
Envelopes passing  local CM  CYK           filter:              84  (0.1166); expected (0.0001)
Total CM hits reported:                                         58  (0.06702); includes 5 truncated hit(s)

# CPU time: 0.31u 0.00s 00:00:00.31 Elapsed: 00:00:00.31
# Alignment of 49 hits satisfying inclusion thresholds saved to: optimization_a7/100gen/_workspace/cmsearch_logs/gen_0017/patent_cmsearch.sto
//
[ok]
