# cmsearch :: search CM(s) against a sequence database
# INFERNAL 1.1.5 (Sep 2023)
# Copyright (C) 2023 Howard Hughes Medical Institute.
# Freely distributed under the BSD open source license.
# - - - - - - - - - - - - - - - - - - - - - - - - - - - - - - - - - - - -
# query CM file:                         A7_analysis/patent.cm
# target sequence database:              /tmp/tmpofd76jab/queries.fa
# output directed to file:               optimization_a7/38gen/_workspace/cmsearch_logs/gen_0014/patent_cmsearch.out
# MSA of significant hits saved to file: optimization_a7/38gen/_workspace/cmsearch_logs/gen_0014/patent_cmsearch.sto
# tabular output of hits:                optimization_a7/38gen/_workspace/cmsearch_logs/gen_0014/patent_cmsearch.tblout
# max ASCII text line length:            unlimited
# sequence reporting threshold:          E-value <= 1000
# number of worker threads:              4
# - - - - - - - - - - - - - - - - - - - - - - - - - - - - - - - - - - - -

Query:       patent_aligned  [CLEN=36]
Hit scores:
 rank     E-value  score  bias  sequence        start    end   mdl trunc   gc  description
 ----   --------- ------ -----  -------------- ------ ------   --- ----- ----  -----------
  (1) !   2.8e-14   58.5   0.0  ind_0014_00003    147    182 +  cm    no 0.64  -
  (2) !   4.8e-13   53.8   0.0  ind_0014_00021    147    182 +  cm    no 0.64  -
  (3) !   4.8e-13   53.8   0.0  ind_0014_00034    147    182 +  cm    no 0.64  -
  (4) !   4.8e-13   53.8   0.0  ind_0014_00038    147    182 +  cm    no 0.64  -
  (5) !   4.4e-12   50.2   0.0  ind_0014_00045    147    182 +  cm    no 0.64  -
  (6) !   7.4e-12   49.4   0.0  ind_0014_00015    147    181 +  cm    no 0.66  -
  (7) !   8.1e-12   49.2   0.0  ind_0014_00010    147    182 +  cm    no 0.58  -
  (8) !   1.1e-11   48.8   0.0  ind_0014_00008    147    182 +  cm    no 0.61  -
  (9) !   1.6e-11   48.1   0.0  ind_0014_00005    147    182 +  cm    no 0.64  -
 (10) !   2.3e-11   47.6   0.0  ind_0014_00043    147    182 +  cm    no 0.64  -
 (11) !   3.6e-11   46.8   0.0  ind_0014_00024    147    181 +  cm    no 0.66  -
 (12) !   1.2e-10   44.9   0.0  ind_0014_00000    147    182 +  cm    no 0.61  -
 (13) !   1.2e-10   44.9   0.0  ind_0014_00001    147    182 +  cm    no 0.61  -
 (14) !   1.2e-10   44.9   0.0  ind_0014_00002    147    182 +  cm    no 0.61  -
 (15) !   1.2e-10   44.9   0.0  ind_0014_00006    147    182 +  cm    no 0.61  -
 (16) !   1.2e-10   44.9   0.0  ind_0014_00011    147    182 +  cm    no 0.61  -
 (17) !   1.2e-10   44.9   0.0  ind_0014_00028    147    182 +  cm    no 0.61  -
 (18) !   1.2e-10   44.9   0.0  ind_0014_00033    147    182 +  cm    no 0.61  -
 (19) !   1.2e-10   44.8   0.0  ind_0014_00016    147    182 +  cm    no 0.61  -
 (20) !   3.2e-10   43.2   0.0  ind_0014_00018    147    182 +  cm    no 0.64  -
 (21) !     4e-10   42.8   0.0  ind_0014_00025    147    182 +  cm    no 0.61  -
 (22) !   4.2e-10   42.8   0.0  ind_0014_00023    147    182 +  cm    no 0.56  -
 (23) !     5e-10   42.5   0.0  ind_0014_00009    147    182 +  cm    no 0.64  -
 (24) !   6.8e-10   42.0   0.0  ind_0014_00017    147    182 +  cm    no 0.64  -
 (25) !   7.8e-10   41.7   0.0  ind_0014_00027    147    182 +  cm    no 0.64  -
 (26) !   7.8e-10   41.7   0.0  ind_0014_00041    147    182 +  cm    no 0.64  -
 (27) !   8.1e-10   41.7   0.0  ind_0014_00029    147    180 +  cm    no 0.71  -
 (28) !   1.4e-09   40.8   0.0  ind_0014_00007    147    182 +  cm    no 0.56  -
 (29) !   1.8e-09   40.4   0.0  ind_0014_00039    147    182 +  cm    no 0.58  -
 (30) !   1.9e-09   40.3   0.0  ind_0014_00040    147    182 +  cm    no 0.69  -
 (31) !   2.7e-09   39.7   0.0  ind_0014_00022    147    182 +  cm    no 0.64  -
 (32) !   3.3e-09   39.4   0.0  ind_0014_00020    147    182 +  cm    no 0.64  -
 (33) !   3.4e-09   39.3   0.0  ind_0014_00004    147    182 +  cm    no 0.64  -
 (34) !   3.4e-09   39.3   0.0  ind_0014_00036    147    182 +  cm    no 0.64  -
 (35) !   4.3e-09   39.0   0.0  ind_0014_00048    147    182 +  cm    no 0.64  -
 (36) !   1.3e-08   37.2   0.0  ind_0014_00030    147    182 +  cm    no 0.58  -
 (37) !   1.5e-08   37.0   0.0  ind_0014_00012    147    182 +  cm    no 0.61  -
 (38) !   1.9e-08   36.6   0.0  ind_0014_00035    147    181 +  cm    no 0.60  -
 (39) !   6.5e-08   34.5   0.0  ind_0014_00013    147    182 +  cm    no 0.61  -
 (40) !   7.5e-08   34.3   0.0  ind_0014_00046    147    182 +  cm    no 0.64  -
 (41) !   7.7e-08   34.3   0.0  ind_0014_00042    147    182 +  cm    no 0.69  -
 (42) !   3.6e-07   31.7   0.0  ind_0014_00014    147    182 +  cm    no 0.56  -
 (43) !   4.9e-07   31.2   0.0  ind_0014_00031    147    182 +  cm    no 0.58  -
 (44) !   4.9e-07   31.2   0.0  ind_0014_00026    147    181 +  cm    no 0.60  -
 (45) !   5.6e-07   31.0   0.0  ind_0014_00019    147    182 +  cm    no 0.53  -
 (46) !     6e-07   30.9   0.0  ind_0014_00049    147    182 +  cm    no 0.61  -
 (47) !   1.1e-06   29.9   0.0  ind_0014_00047    147    182 +  cm    no 0.61  -
 (48) !   9.3e-06   26.4   0.0  ind_0014_00037    147    182 +  cm    no 0.56  -
 (49) !   5.3e-05   23.6   0.0  ind_0014_00044    147    182 +  cm    no 0.64  -
 (50) !   0.00053   19.8   0.0  ind_0014_00032    147    182 +  cm    no 0.64  -
 ------ inclusion threshold ------
 (51) ?      0.09   11.4   0.0  ind_0014_00042    155    128 -  cm    no 0.46  -
 (52) ?       8.8    3.9   0.0  ind_0014_00042    127    112 -  cm    no 0.44  -
 (53) ?   4.2e+02   -2.4   0.0  ind_0014_00015    187    197 +  cm    3' 0.45  -
 (54) ?   7.9e+02   -3.5   0.0  ind_0014_00037    197    197 +  cm    3' 1.00  -


Hit alignments:
>> ind_0014_00003  
 rank     E-value  score  bias mdl mdl from   mdl to       seq from      seq to       acc trunc   gc
 ----   --------- ------ ----- --- -------- --------    ----------- -----------      ---- ----- ----
  (1) !   2.8e-14   58.5   0.0  cm        1       36 []         147         182 + .. 1.00    no 0.64

                                                          NC
                     :::::<<<--<<<<<<_________>>>>>>-->>> CS
  patent_aligned   1 GGUCAGACCCUGGUCCGGGGCAAUGGGACCACUGUU 36 
                     GGUCA:ACCCUGGUCCGGGG AAUGGGACCACUGU:
  ind_0014_00003 147 GGUCAGACCCUGGUCCGGGGAAAUGGGACCACUGUC 182
                     ************************************ PP

>> ind_0014_00021  
 rank     E-value  score  bias mdl mdl from   mdl to       seq from      seq to       acc trunc   gc
 ----   --------- ------ ----- --- -------- --------    ----------- -----------      ---- ----- ----
  (2) !   4.8e-13   53.8   0.0  cm        1       36 []         147         182 + .. 1.00    no 0.64

                                                          NC
                     :::::<<<--<<<<<<_________>>>>>>-->>> CS
  patent_aligned   1 GGUCAGACCCUGGUCCGGGGCAAUGGGACCACUGUU 36 
                     GGUCAGACCCUGGUCCG GG AAUGGGACCACUGUU
  ind_0014_00021 147 GGUCAGACCCUGGUCCGCGGGAAUGGGACCACUGUU 182
                     ************************************ PP

>> ind_0014_00034  
 rank     E-value  score  bias mdl mdl from   mdl to       seq from      seq to       acc trunc   gc
 ----   --------- ------ ----- --- -------- --------    ----------- -----------      ---- ----- ----
  (3) !   4.8e-13   53.8   0.0  cm        1       36 []         147         182 + .. 1.00    no 0.64

                                                          NC
                     :::::<<<--<<<<<<_________>>>>>>-->>> CS
  patent_aligned   1 GGUCAGACCCUGGUCCGGGGCAAUGGGACCACUGUU 36 
                     GGUCAGACCCUGGUCCG GG AAUGGGACCACUGUU
  ind_0014_00034 147 GGUCAGACCCUGGUCCGCGGGAAUGGGACCACUGUU 182
                     ************************************ PP

>> ind_0014_00038  
 rank     E-value  score  bias mdl mdl from   mdl to       seq from      seq to       acc trunc   gc
 ----   --------- ------ ----- --- -------- --------    ----------- -----------      ---- ----- ----
  (4) !   4.8e-13   53.8   0.0  cm        1       36 []         147         182 + .. 1.00    no 0.64

                                                          NC
                     :::::<<<--<<<<<<_________>>>>>>-->>> CS
  patent_aligned   1 GGUCAGACCCUGGUCCGGGGCAAUGGGACCACUGUU 36 
                     GGUCAGACCCUGGUCCG GG AAUGGGACCACUGUU
  ind_0014_00038 147 GGUCAGACCCUGGUCCGCGGGAAUGGGACCACUGUU 182
                     ************************************ PP

>> ind_0014_00045  
 rank     E-value  score  bias mdl mdl from   mdl to       seq from      seq to       acc trunc   gc
 ----   --------- ------ ----- --- -------- --------    ----------- -----------      ---- ----- ----
  (5) !   4.4e-12   50.2   0.0  cm        1       36 []         147         182 + .. 1.00    no 0.64

                                                          NC
                     :::::<<<--<<<<<<_________>>>>>>-->>> CS
  patent_aligned   1 GGUCAGACCCUGGUCCGGGGCAAUGGGACCACUGUU 36 
                     GGUC GACC UGGUCCG GGCAAUGGGACCACUGUU
  ind_0014_00045 147 GGUCGGACCUUGGUCCGCGGCAAUGGGACCACUGUU 182
                     ************************************ PP

>> ind_0014_00015  
 rank     E-value  score  bias mdl mdl from   mdl to       seq from      seq to       acc trunc   gc
 ----   --------- ------ ----- --- -------- --------    ----------- -----------      ---- ----- ----
  (6) !   7.4e-12   49.4   0.0  cm        1       36 []         147         181 + .. 1.00    no 0.66

                          v                             v NC
                     :::::<<<--<<<<<<_________>>>>>>-->>> CS
  patent_aligned   1 GGUCAGACCCUGGUCCGGGGCAAUGGGACCACUGUU 36 
                     GGUCAGACCCUGGUCCG GG AAUGGGACCACUGU 
  ind_0014_00015 147 GGUCAGACCCUGGUCCGCGGGAAUGGGACCACUGU- 181
                     ***********************************. PP

>> ind_0014_00010  
 rank     E-value  score  bias mdl mdl from   mdl to       seq from      seq to       acc trunc   gc
 ----   --------- ------ ----- --- -------- --------    ----------- -----------      ---- ----- ----
  (7) !   8.1e-12   49.2   0.0  cm        1       36 []         147         182 + .. 1.00    no 0.58

                                                          NC
                     :::::<<<--<<<<<<_________>>>>>>-->>> CS
  patent_aligned   1 GGUCAGACCCUGGUCCGGGGCAAUGGGACCACUGUU 36 
                     GGUCAGACC UGGUCCG GG AAUGGGACCACUGUU
  ind_0014_00010 147 GGUCAGACCAUGGUCCGCGGAAAUGGGACCACUGUU 182
                     ************************************ PP

>> ind_0014_00008  
 rank     E-value  score  bias mdl mdl from   mdl to       seq from      seq to       acc trunc   gc
 ----   --------- ------ ----- --- -------- --------    ----------- -----------      ---- ----- ----
  (8) !   1.1e-11   48.8   0.0  cm        1       36 []         147         182 + .. 1.00    no 0.61

                                                          NC
                     :::::<<<--<<<<<<_________>>>>>>-->>> CS
  patent_aligned   1 GGUCAGACCCUGGUCCGGGGCAAUGGGACCACUGUU 36 
                     G UCAGACCCUGGUCCG GG AAUGGGACCACUGUU
  ind_0014_00008 147 GUUCAGACCCUGGUCCGCGGGAAUGGGACCACUGUU 182
                     ************************************ PP

>> ind_0014_00005  
 rank     E-value  score  bias mdl mdl from   mdl to       seq from      seq to       acc trunc   gc
 ----   --------- ------ ----- --- -------- --------    ----------- -----------      ---- ----- ----
  (9) !   1.6e-11   48.1   0.0  cm        1       36 []         147         182 + .. 0.96    no 0.64

                                                          NC
                     :::::<<<--<<<<<<_________>>>>>>-->>> CS
  patent_aligned   1 GGUCAGACCCUGGUCCGGGGCAAUGGGACCACUGUU 36 
                     GGUCAGACCCUGGUCCG  G AAUGGGACCACUGUU
  ind_0014_00005 147 GGUCAGACCCUGGUCCGCCGGAAUGGGACCACUGUU 182
                     ****************87777*************** PP

>> ind_0014_00043  
 rank     E-value  score  bias mdl mdl from   mdl to       seq from      seq to       acc trunc   gc
 ----   --------- ------ ----- --- -------- --------    ----------- -----------      ---- ----- ----
 (10) !   2.3e-11   47.6   0.0  cm        1       36 []         147         182 + .. 1.00    no 0.64

                                                          NC
                     :::::<<<--<<<<<<_________>>>>>>-->>> CS
  patent_aligned   1 GGUCAGACCCUGGUCCGGGGCAAUGGGACCACUGUU 36 
                     GGUC :ACCCUGGUCCG GG AAUGGGACCACUGU:
  ind_0014_00043 147 GGUCGGACCCUGGUCCGUGGAAAUGGGACCACUGUC 182
                     ************************************ PP

>> ind_0014_00024  
 rank     E-value  score  bias mdl mdl from   mdl to       seq from      seq to       acc trunc   gc
 ----   --------- ------ ----- --- -------- --------    ----------- -----------      ---- ----- ----
 (11) !   3.6e-11   46.8   0.0  cm        1       36 []         147         181 + .. 1.00    no 0.66

                          v       v             v       v NC
                     :::::<<<--<<<<<<_________>>>>>>-->>> CS
  patent_aligned   1 GGUCAGACCCUGGUCCGGGGCAAUGGGACCACUGUU 36 
                     GGUCAGACCCUGG CCGGGG AAUGGG CCACUGU 
  ind_0014_00024 147 GGUCAGACCCUGGGCCGGGGAAAUGGGACCACUGU- 181
                     ***********************************. PP

>> ind_0014_00000  
 rank     E-value  score  bias mdl mdl from   mdl to       seq from      seq to       acc trunc   gc
 ----   --------- ------ ----- --- -------- --------    ----------- -----------      ---- ----- ----
 (12) !   1.2e-10   44.9   0.0  cm        1       36 []         147         182 + .. 1.00    no 0.61

                                                          NC
                     :::::<<<--<<<<<<_________>>>>>>-->>> CS
  patent_aligned   1 GGUCAGACCCUGGUCCGGGGCAAUGGGACCACUGUU 36 
                     GGUC GACC UGGUCCG GG AAUGGGACCACUGUU
  ind_0014_00000 147 GGUCGGACCUUGGUCCGCGGAAAUGGGACCACUGUU 182
                     ************************************ PP

>> ind_0014_00001  
 rank     E-value  score  bias mdl mdl from   mdl to       seq from      seq to       acc trunc   gc
 ----   --------- ------ ----- --- -------- --------    ----------- -----------      ---- ----- ----
 (13) !   1.2e-10   44.9   0.0  cm        1       36 []         147         182 + .. 1.00    no 0.61

                                                          NC
                     :::::<<<--<<<<<<_________>>>>>>-->>> CS
  patent_aligned   1 GGUCAGACCCUGGUCCGGGGCAAUGGGACCACUGUU 36 
                     GGUC GACC UGGUCCG GG AAUGGGACCACUGUU
  ind_0014_00001 147 GGUCGGACCUUGGUCCGCGGAAAUGGGACCACUGUU 182
                     ************************************ PP

>> ind_0014_00002  
 rank     E-value  score  bias mdl mdl from   mdl to       seq from      seq to       acc trunc   gc
 ----   --------- ------ ----- --- -------- --------    ----------- -----------      ---- ----- ----
 (14) !   1.2e-10   44.9   0.0  cm        1       36 []         147         182 + .. 1.00    no 0.61

                                                          NC
                     :::::<<<--<<<<<<_________>>>>>>-->>> CS
  patent_aligned   1 GGUCAGACCCUGGUCCGGGGCAAUGGGACCACUGUU 36 
                     GGUC GACC UGGUCCG GG AAUGGGACCACUGUU
  ind_0014_00002 147 GGUCGGACCUUGGUCCGCGGAAAUGGGACCACUGUU 182
                     ************************************ PP

>> ind_0014_00006  
 rank     E-value  score  bias mdl mdl from   mdl to       seq from      seq to       acc trunc   gc
 ----   --------- ------ ----- --- -------- --------    ----------- -----------      ---- ----- ----
 (15) !   1.2e-10   44.9   0.0  cm        1       36 []         147         182 + .. 1.00    no 0.61

                                                          NC
                     :::::<<<--<<<<<<_________>>>>>>-->>> CS
  patent_aligned   1 GGUCAGACCCUGGUCCGGGGCAAUGGGACCACUGUU 36 
                     GGUC GACC UGGUCCG GG AAUGGGACCACUGUU
  ind_0014_00006 147 GGUCGGACCUUGGUCCGCGGAAAUGGGACCACUGUU 182
                     ************************************ PP

>> ind_0014_00011  
 rank     E-value  score  bias mdl mdl from   mdl to       seq from      seq to       acc trunc   gc
 ----   --------- ------ ----- --- -------- --------    ----------- -----------      ---- ----- ----
 (16) !   1.2e-10   44.9   0.0  cm        1       36 []         147         182 + .. 1.00    no 0.61

                                                          NC
                     :::::<<<--<<<<<<_________>>>>>>-->>> CS
  patent_aligned   1 GGUCAGACCCUGGUCCGGGGCAAUGGGACCACUGUU 36 
                     GGUC GACC UGGUCCG GG AAUGGGACCACUGUU
  ind_0014_00011 147 GGUCGGACCUUGGUCCGCGGAAAUGGGACCACUGUU 182
                     ************************************ PP

>> ind_0014_00028  
 rank     E-value  score  bias mdl mdl from   mdl to       seq from      seq to       acc trunc   gc
 ----   --------- ------ ----- --- -------- --------    ----------- -----------      ---- ----- ----
 (17) !   1.2e-10   44.9   0.0  cm        1       36 []         147         182 + .. 1.00    no 0.61

                                                          NC
                     :::::<<<--<<<<<<_________>>>>>>-->>> CS
  patent_aligned   1 GGUCAGACCCUGGUCCGGGGCAAUGGGACCACUGUU 36 
                     GGUC GACC UGGUCCG GG AAUGGGACCACUGUU
  ind_0014_00028 147 GGUCGGACCUUGGUCCGCGGAAAUGGGACCACUGUU 182
                     ************************************ PP

>> ind_0014_00033  
 rank     E-value  score  bias mdl mdl from   mdl to       seq from      seq to       acc trunc   gc
 ----   --------- ------ ----- --- -------- --------    ----------- -----------      ---- ----- ----
 (18) !   1.2e-10   44.9   0.0  cm        1       36 []         147         182 + .. 1.00    no 0.61

                                                          NC
                     :::::<<<--<<<<<<_________>>>>>>-->>> CS
  patent_aligned   1 GGUCAGACCCUGGUCCGGGGCAAUGGGACCACUGUU 36 
                     GGUC GACC UGGUCCG GG AAUGGGACCACUGUU
  ind_0014_00033 147 GGUCGGACCUUGGUCCGCGGAAAUGGGACCACUGUU 182
                     ************************************ PP

>> ind_0014_00016  
 rank     E-value  score  bias mdl mdl from   mdl to       seq from      seq to       acc trunc   gc
 ----   --------- ------ ----- --- -------- --------    ----------- -----------      ---- ----- ----
 (19) !   1.2e-10   44.8   0.0  cm        1       36 []         147         182 + .. 1.00    no 0.61

                                                          NC
                     :::::<<<--<<<<<<_________>>>>>>-->>> CS
  patent_aligned   1 GGUCAGACCCUGGUCCGGGGCAAUGGGACCACUGUU 36 
                     GGUC GACC UGGUCCG GG AAUGGGACCACUGUU
  ind_0014_00016 147 GGUCGGACCUUGGUCCGUGGGAAUGGGACCACUGUU 182
                     ************************************ PP

>> ind_0014_00018  
 rank     E-value  score  bias mdl mdl from   mdl to       seq from      seq to       acc trunc   gc
 ----   --------- ------ ----- --- -------- --------    ----------- -----------      ---- ----- ----
 (20) !   3.2e-10   43.2   0.0  cm        1       36 []         147         182 + .. 1.00    no 0.64

                                                          NC
                     :::::<<<--<<<<<<_________>>>>>>-->>> CS
  patent_aligned   1 GGUCAGACCCUGGUCCGGGGCAAUGGGACCACUGUU 36 
                     GGU  GACCCUGGUCCG GG AAUGGGACCACUGUU
  ind_0014_00018 147 GGUGGGACCCUGGUCCGCGGAAAUGGGACCACUGUU 182
                     ************************************ PP

>> ind_0014_00025  
 rank     E-value  score  bias mdl mdl from   mdl to       seq from      seq to       acc trunc   gc
 ----   --------- ------ ----- --- -------- --------    ----------- -----------      ---- ----- ----
 (21) !     4e-10   42.8   0.0  cm        1       36 []         147         182 + .. 0.99    no 0.61

                                                          NC
                     :::::<<<--<<<<<<_________>>>>>>-->>> CS
  patent_aligned   1 GGUCAGACCCUGGUCCGGGGCAAUGGGACCACUGUU 36 
                     GGU AGACCCUGGUCCG GG AAU GGACCACUGUU
  ind_0014_00025 147 GGUGAGACCCUGGUCCGCGGGAAUAGGACCACUGUU 182
                     ************************************ PP

>> ind_0014_00023  
 rank     E-value  score  bias mdl mdl from   mdl to       seq from      seq to       acc trunc   gc
 ----   --------- ------ ----- --- -------- --------    ----------- -----------      ---- ----- ----
 (22) !   4.2e-10   42.8   0.0  cm        1       36 []         147         182 + .. 0.99    no 0.56

                          v                             v NC
                     :::::<<<--<<<<<<_________>>>>>>-->>> CS
  patent_aligned   1 GGUCAGACCCUGGUCCGGGGCAAUGGGACCACUGUU 36 
                     GGUCA ACCCUGGUCCG  G AAUGGGACCACUGU 
  ind_0014_00023 147 GGUCAUACCCUGGUCCGUUGGAAUGGGACCACUGUU 182
                     ******************9*9*************** PP

>> ind_0014_00009  
 rank     E-value  score  bias mdl mdl from   mdl to       seq from      seq to       acc trunc   gc
 ----   --------- ------ ----- --- -------- --------    ----------- -----------      ---- ----- ----
 (23) !     5e-10   42.5   0.0  cm        1       36 []         147         182 + .. 1.00    no 0.64

                          v                             v NC
                     :::::<<<--<<<<<<_________>>>>>>-->>> CS
  patent_aligned   1 GGUCAGACCCUGGUCCGGGGCAAUGGGACCACUGUU 36 
                     GGUC  ACCCUGGUCCG GG AAUGGGACCACUGU 
  ind_0014_00009 147 GGUCGUACCCUGGUCCGCGGGAAUGGGACCACUGUU 182
                     ************************************ PP

>> ind_0014_00017  
 rank     E-value  score  bias mdl mdl from   mdl to       seq from      seq to       acc trunc   gc
 ----   --------- ------ ----- --- -------- --------    ----------- -----------      ---- ----- ----
 (24) !   6.8e-10   42.0   0.0  cm        1       36 []         147         182 + .. 1.00    no 0.64

                                   v           v          NC
                     :::::<<<--<<<<<<_________>>>>>>-->>> CS
  patent_aligned   1 GGUCAGACCCUGGUCCGGGGCAAUGGGACCACUGUU 36 
                     GGUCAGACC UGG  CGGGG AAUGG  CCACUGUU
  ind_0014_00017 147 GGUCAGACCAUGGCCCGGGGAAAUGGCGCCACUGUU 182
                     ************************************ PP

>> ind_0014_00027  
 rank     E-value  score  bias mdl mdl from   mdl to       seq from      seq to       acc trunc   gc
 ----   --------- ------ ----- --- -------- --------    ----------- -----------      ---- ----- ----
 (25) !   7.8e-10   41.7   0.0  cm        1       36 []         147         182 + .. 1.00    no 0.64

                               v                   v      NC
                     :::::<<<--<<<<<<_________>>>>>>-->>> CS
  patent_aligned   1 GGUCAGACCCUGGUCCGGGGCAAUGGGACCACUGUU 36 
                     GG CAGACCC GGUCCG GG AAUGGGACC CUGUU
  ind_0014_00027 147 GGGCAGACCCCGGUCCGUGGAAAUGGGACCACUGUU 182
                     ************************************ PP

>> ind_0014_00041  
 rank     E-value  score  bias mdl mdl from   mdl to       seq from      seq to       acc trunc   gc
 ----   --------- ------ ----- --- -------- --------    ----------- -----------      ---- ----- ----
 (26) !   7.8e-10   41.7   0.0  cm        1       36 []         147         182 + .. 1.00    no 0.64

                               v                   v      NC
                     :::::<<<--<<<<<<_________>>>>>>-->>> CS
  patent_aligned   1 GGUCAGACCCUGGUCCGGGGCAAUGGGACCACUGUU 36 
                     GG CAGACCC GGUCCG GG AAUGGGACC CUGUU
  ind_0014_00041 147 GGGCAGACCCCGGUCCGUGGAAAUGGGACCACUGUU 182
                     ************************************ PP

>> ind_0014_00029  
 rank     E-value  score  bias mdl mdl from   mdl to       seq from      seq to       acc trunc   gc
 ----   --------- ------ ----- --- -------- --------    ----------- -----------      ---- ----- ----
 (27) !   8.1e-10   41.7   0.0  cm        1       36 []         147         180 + .. 1.00    no 0.71

                          vv                           vv NC
                     :::::<<<--<<<<<<_________>>>>>>-->>> CS
  patent_aligned   1 GGUCAGACCCUGGUCCGGGGCAAUGGGACCACUGUU 36 
                     GGUC GACCCUGGUCCG GG AAUGGGACCACUG  
  ind_0014_00029 147 GGUCGGACCCUGGUCCGCGGGAAUGGGACCACUG-- 180
                     **********************************.. PP

>> ind_0014_00007  
 rank     E-value  score  bias mdl mdl from   mdl to       seq from      seq to       acc trunc   gc
 ----   --------- ------ ----- --- -------- --------    ----------- -----------      ---- ----- ----
 (28) !   1.4e-09   40.8   0.0  cm        1       36 []         147         182 + .. 1.00    no 0.56

                                   v           v          NC
                     :::::<<<--<<<<<<_________>>>>>>-->>> CS
  patent_aligned   1 GGUCAGACCCUGGUCCGGGGCAAUGGGACCACUGUU 36 
                     GGUCAGACCCUGGU CG GG AAU G ACCACUGUU
  ind_0014_00007 147 GGUCAGACCCUGGUCCGCGGAAAUAGUACCACUGUU 182
                     ************************************ PP

>> ind_0014_00039  
 rank     E-value  score  bias mdl mdl from   mdl to       seq from      seq to       acc trunc   gc
 ----   --------- ------ ----- --- -------- --------    ----------- -----------      ---- ----- ----
 (29) !   1.8e-09   40.4   0.0  cm        1       36 []         147         182 + .. 1.00    no 0.58

                                                          NC
                     :::::<<<--<<<<<<_________>>>>>>-->>> CS
  patent_aligned   1 GGUCAGACCCUGGUCCGGGGCAAUGGGACCACUGUU 36 
                     GGU  GACC UGGUCCG GG AAUGGGACCACUGUU
  ind_0014_00039 147 GGUUGGACCUUGGUCCGCGGAAAUGGGACCACUGUU 182
                     ************************************ PP

>> ind_0014_00040  
 rank     E-value  score  bias mdl mdl from   mdl to       seq from      seq to       acc trunc   gc
 ----   --------- ------ ----- --- -------- --------    ----------- -----------      ---- ----- ----
 (30) !   1.9e-09   40.3   0.0  cm        1       36 []         147         182 + .. 1.00    no 0.69

                                   v           v          NC
                     :::::<<<--<<<<<<_________>>>>>>-->>> CS
  patent_aligned   1 GGUCAGACCCUGGUCCGGGGCAAUGGGACCACUGUU 36 
                     GGUCAGACCCUGG  CG GG AAUGG  CCACUGUU
  ind_0014_00040 147 GGUCAGACCCUGGCCCGCGGGAAUGGCGCCACUGUU 182
                     ************************************ PP

>> ind_0014_00022  
 rank     E-value  score  bias mdl mdl from   mdl to       seq from      seq to       acc trunc   gc
 ----   --------- ------ ----- --- -------- --------    ----------- -----------      ---- ----- ----
 (31) !   2.7e-09   39.7   0.0  cm        1       36 []         147         182 + .. 1.00    no 0.64

                                    v         v           NC
                     :::::<<<--<<<<<<_________>>>>>>-->>> CS
  patent_aligned   1 GGUCAGACCCUGGUCCGGGGCAAUGGGACCACUGUU 36 
                     GGUC GACCCUGGUC G GG AAUG GACCACUGUU
  ind_0014_00022 147 GGUCGGACCCUGGUCCGCGGGAAUGUGACCACUGUU 182
                     ************************************ PP

>> ind_0014_00020  
 rank     E-value  score  bias mdl mdl from   mdl to       seq from      seq to       acc trunc   gc
 ----   --------- ------ ----- --- -------- --------    ----------- -----------      ---- ----- ----
 (32) !   3.3e-09   39.4   0.0  cm        1       36 []         147         182 + .. 0.99    no 0.64

                                                          NC
                     :::::<<<--<<<<<<_________>>>>>>-->>> CS
  patent_aligned   1 GGUCAGACCCUGGUCCGGGGCAAUGGGACCACUGUU 36 
                     GGUC GACC UGGUCCG GG AA GGGACCACUGUU
  ind_0014_00020 147 GGUCGGACCUUGGUCCGCGGGAAAGGGACCACUGUU 182
                     ************************************ PP

>> ind_0014_00004  
 rank     E-value  score  bias mdl mdl from   mdl to       seq from      seq to       acc trunc   gc
 ----   --------- ------ ----- --- -------- --------    ----------- -----------      ---- ----- ----
 (33) !   3.4e-09   39.3   0.0  cm        1       36 []         147         182 + .. 1.00    no 0.64

                                                          NC
                     :::::<<<--<<<<<<_________>>>>>>-->>> CS
  patent_aligned   1 GGUCAGACCCUGGUCCGGGGCAAUGGGACCACUGUU 36 
                     GGUC GACC UGGUCCG GG AAUGGGACCAC GUU
  ind_0014_00004 147 GGUCGGACCUUGGUCCGCGGAAAUGGGACCACGGUU 182
                     ************************************ PP

>> ind_0014_00036  
 rank     E-value  score  bias mdl mdl from   mdl to       seq from      seq to       acc trunc   gc
 ----   --------- ------ ----- --- -------- --------    ----------- -----------      ---- ----- ----
 (34) !   3.4e-09   39.3   0.0  cm        1       36 []         147         182 + .. 1.00    no 0.64

                                                          NC
                     :::::<<<--<<<<<<_________>>>>>>-->>> CS
  patent_aligned   1 GGUCAGACCCUGGUCCGGGGCAAUGGGACCACUGUU 36 
                     GGUC GACC UGGUCCG GG AAUGGGACCAC GUU
  ind_0014_00036 147 GGUCGGACCUUGGUCCGCGGAAAUGGGACCACGGUU 182
                     ************************************ PP

>> ind_0014_00048  
 rank     E-value  score  bias mdl mdl from   mdl to       seq from      seq to       acc trunc   gc
 ----   --------- ------ ----- --- -------- --------    ----------- -----------      ---- ----- ----
 (35) !   4.3e-09   39.0   0.0  cm        1       36 []         147         182 + .. 1.00    no 0.64

                                                          NC
                     :::::<<<--<<<<<<_________>>>>>>-->>> CS
  patent_aligned   1 GGUCAGACCCUGGUCCGGGGCAAUGGGACCACUGUU 36 
                     GGUC GACC UGG CCG GG AAUGGG CCACUGUU
  ind_0014_00048 147 GGUCGGACCUUGGUCCGCGGAAAUGGGGCCACUGUU 182
                     ************************************ PP

>> ind_0014_00030  
 rank     E-value  score  bias mdl mdl from   mdl to       seq from      seq to       acc trunc   gc
 ----   --------- ------ ----- --- -------- --------    ----------- -----------      ---- ----- ----
 (36) !   1.3e-08   37.2   0.0  cm        1       36 []         147         182 + .. 1.00    no 0.58

                                 v               v        NC
                     :::::<<<--<<<<<<_________>>>>>>-->>> CS
  patent_aligned   1 GGUCAGACCCUGGUCCGGGGCAAUGGGACCACUGUU 36 
                     GGUC GACC UG UCCG GG AAUGGGA CACUGUU
  ind_0014_00030 147 GGUCGGACCUUGAUCCGCGGAAAUGGGACCACUGUU 182
                     ************************************ PP

>> ind_0014_00012  
 rank     E-value  score  bias mdl mdl from   mdl to       seq from      seq to       acc trunc   gc
 ----   --------- ------ ----- --- -------- --------    ----------- -----------      ---- ----- ----
 (37) !   1.5e-08   37.0   0.0  cm        1       36 []         147         182 + .. 1.00    no 0.61

                          v                             v NC
                     :::::<<<--<<<<<<_________>>>>>>-->>> CS
  patent_aligned   1 GGUCAGACCCUGGUCCGGGGCAAUGGGACCACUGUU 36 
                     GGUC  ACC UGGUCCG GGCAA GGGACCACUGU 
  ind_0014_00012 147 GGUCUCACCAUGGUCCGCGGCAAAGGGACCACUGUU 182
                     ************************************ PP

>> ind_0014_00035  
 rank     E-value  score  bias mdl mdl from   mdl to       seq from      seq to       acc trunc   gc
 ----   --------- ------ ----- --- -------- --------    ----------- -----------      ---- ----- ----
 (38) !   1.9e-08   36.6   0.0  cm        1       36 []         147         181 + .. 1.00    no 0.60

                          v                             v NC
                     :::::<<<--<<<<<<_________>>>>>>-->>> CS
  patent_aligned   1 GGUCAGACCCUGGUCCGGGGCAAUGGGACCACUGUU 36 
                     GGUC  ACC UGGUCCG GG AAUGGGACCACUGU 
  ind_0014_00035 147 GGUCGCACCUUGGUCCGUGGAAAUGGGACCACUGU- 181
                     ***********************************. PP

>> ind_0014_00013  
 rank     E-value  score  bias mdl mdl from   mdl to       seq from      seq to       acc trunc   gc
 ----   --------- ------ ----- --- -------- --------    ----------- -----------      ---- ----- ----
 (39) !   6.5e-08   34.5   0.0  cm        1       36 []         147         182 + .. 0.99    no 0.61

                                                          NC
                     :::::<<<--<<<<<<_________>>>>>>-->>> CS
  patent_aligned   1 GGUCAGACCCUGGUCCGGGGCAAUGGGACCACUGUU 36 
                     GGUC GACC UGGUCCG G  AAUGGGACCAC GUU
  ind_0014_00013 147 GGUCGGACCUUGGUCCGCGAAAAUGGGACCACGGUU 182
                     *****************9999*************** PP

>> ind_0014_00046  
 rank     E-value  score  bias mdl mdl from   mdl to       seq from      seq to       acc trunc   gc
 ----   --------- ------ ----- --- -------- --------    ----------- -----------      ---- ----- ----
 (40) !   7.5e-08   34.3   0.0  cm        1       36 []         147         182 + .. 1.00    no 0.64

                                  v             v         NC
                     :::::<<<--<<<<<<_________>>>>>>-->>> CS
  patent_aligned   1 GGUCAGACCCUGGUCCGGGGCAAUGGGACCACUGUU 36 
                     GGUC GACC UGG CCG GG AAUGGG CCACUGUU
  ind_0014_00046 147 GGUCUGACCUUGGGCCGCGGGAAUGGGACCACUGUU 182
                     ************************************ PP

>> ind_0014_00042  
 rank     E-value  score  bias mdl mdl from   mdl to       seq from      seq to       acc trunc   gc
 ----   --------- ------ ----- --- -------- --------    ----------- -----------      ---- ----- ----
 (41) !   7.7e-08   34.3   0.0  cm        1       36 []         147         182 + .. 1.00    no 0.69

                                  v             v         NC
                     :::::<<<--<<<<<<_________>>>>>>-->>> CS
  patent_aligned   1 GGUCAGACCCUGGUCCGGGGCAAUGGGACCACUGUU 36 
                     GGUC GACCCUGG CCG GG AAUGGG CCAC GUU
  ind_0014_00042 147 GGUCUGACCCUGGGCCGCGGGAAUGGGACCACCGUU 182
                     ************************************ PP

>> ind_0014_00014  
 rank     E-value  score  bias mdl mdl from   mdl to       seq from      seq to       acc trunc   gc
 ----   --------- ------ ----- --- -------- --------    ----------- -----------      ---- ----- ----
 (42) !   3.6e-07   31.7   0.0  cm        1       36 []         147         182 + .. 0.99    no 0.56

                                                          NC
                     :::::<<<--<<<<<<_________>>>>>>-->>> CS
  patent_aligned   1 GGUCAGACCCUGGUCCGGGGCAAUGGGACCACUGUU 36 
                     GGU AGA CCUGGUC G GG AAU  GACCACU UU
  ind_0014_00014 147 GGUGAGAUCCUGGUCUGCGGGAAUAGGACCACUGUU 182
                     ************************9*********** PP

>> ind_0014_00031  
 rank     E-value  score  bias mdl mdl from   mdl to       seq from      seq to       acc trunc   gc
 ----   --------- ------ ----- --- -------- --------    ----------- -----------      ---- ----- ----
 (43) !   4.9e-07   31.2   0.0  cm        1       36 []         147         182 + .. 0.99    no 0.58

                            v                         v   NC
                     :::::<<<--<<<<<<_________>>>>>>-->>> CS
  patent_aligned   1 GGUCAGACCCUGGUCCGGGGCAAUGGGACCACUGUU 36 
                     GGUC GA C UGGUCCG GG  AUGGGACCACU UU
  ind_0014_00031 147 GGUCGGAACUUGGUCCGUGGAGAUGGGACCACUGUU 182
                     *********************9************** PP

>> ind_0014_00026  
 rank     E-value  score  bias mdl mdl from   mdl to       seq from      seq to       acc trunc   gc
 ----   --------- ------ ----- --- -------- --------    ----------- -----------      ---- ----- ----
 (44) !   4.9e-07   31.2   0.0  cm        1       36 []         147         181 + .. 0.99    no 0.60

                          v       v             v       v NC
                     :::::<<<--<<<<<<_________>>>>>>-->>> CS
  patent_aligned   1 GGUCAGACCCUGGUCCGGGGCAAUGGGACCACUGUU 36 
                     GGUCAGAC CUGG CC  GG AAUGGG CCACUGU 
  ind_0014_00026 147 GGUCAGACUCUGGUCCUCGGGAAUGGGUCCACUGU- 181
                     ****************99999**************. PP

>> ind_0014_00019  
 rank     E-value  score  bias mdl mdl from   mdl to       seq from      seq to       acc trunc   gc
 ----   --------- ------ ----- --- -------- --------    ----------- -----------      ---- ----- ----
 (45) !   5.6e-07   31.0   0.0  cm        1       36 []         147         182 + .. 1.00    no 0.53

                            v                         v   NC
                     :::::<<<--<<<<<<_________>>>>>>-->>> CS
  patent_aligned   1 GGUCAGACCCUGGUCCGGGGCAAUGGGACCACUGUU 36 
                     GGUC GA C UGGUCCG GG AAUGGGACCA U UU
  ind_0014_00019 147 GGUCGGAACUUGGUCCGUGGAAAUGGGACCAAUGUU 182
                     ************************************ PP

>> ind_0014_00049  
 rank     E-value  score  bias mdl mdl from   mdl to       seq from      seq to       acc trunc   gc
 ----   --------- ------ ----- --- -------- --------    ----------- -----------      ---- ----- ----
 (46) !     6e-07   30.9   0.0  cm        1       36 []         147         182 + .. 0.99    no 0.61

                          v                             v NC
                     :::::<<<--<<<<<<_________>>>>>>-->>> CS
  patent_aligned   1 GGUCAGACCCUGGUCCGGGGCAAUGGGACCACUGUU 36 
                     GGUC  ACC UGGUCCG GG AA GGGACCACUGU 
  ind_0014_00049 147 GGUCUCACCAUGGUCCGCGGGAAAGGGACCACUGUU 182
                     ************************************ PP

>> ind_0014_00047  
 rank     E-value  score  bias mdl mdl from   mdl to       seq from      seq to       acc trunc   gc
 ----   --------- ------ ----- --- -------- --------    ----------- -----------      ---- ----- ----
 (47) !   1.1e-06   29.9   0.0  cm        1       36 []         147         182 + .. 1.00    no 0.61

                                 v               v        NC
                     :::::<<<--<<<<<<_________>>>>>>-->>> CS
  patent_aligned   1 GGUCAGACCCUGGUCCGGGGCAAUGGGACCACUGUU 36 
                     G UC GACC UG UCCG GG AAUGGGA CACUGUU
  ind_0014_00047 147 GCUCGGACCUUGGUCCGCGGAAAUGGGAGCACUGUU 182
                     ************************************ PP

>> ind_0014_00037  
 rank     E-value  score  bias mdl mdl from   mdl to       seq from      seq to       acc trunc   gc
 ----   --------- ------ ----- --- -------- --------    ----------- -----------      ---- ----- ----
 (48) !   9.3e-06   26.4   0.0  cm        1       36 []         147         182 + .. 1.00    no 0.56

                            v                         v   NC
                     :::::<<<--<<<<<<_________>>>>>>-->>> CS
  patent_aligned   1 GGUCAGACCCUGGUCCGGGGCAAUGGGACCACUGUU 36 
                      GUC GA C UGGUCCG GG AA GGGACCACU UU
  ind_0014_00037 147 UGUCGGAACUUGGUCCGCGGAAAAGGGACCACUGUU 182
                     ************************************ PP

>> ind_0014_00044  
 rank     E-value  score  bias mdl mdl from   mdl to       seq from      seq to       acc trunc   gc
 ----   --------- ------ ----- --- -------- --------    ----------- -----------      ---- ----- ----
 (49) !   5.3e-05   23.6   0.0  cm        1       36 []         147         182 + .. 0.90    no 0.64

                                                 NC
                     :::::<<<--<<<~~~~~~>>>-->>> CS
  patent_aligned   1 GGUCAGACCCUGG*[15]*CCACUGUU 36 
                     GGUC GACCCUGG      CCACUGUU
  ind_0014_00044 147 GGUCGGACCCUGG*[15]*CCACUGUU 182
                     *************...8..******** PP

>> ind_0014_00032  
 rank     E-value  score  bias mdl mdl from   mdl to       seq from      seq to       acc trunc   gc
 ----   --------- ------ ----- --- -------- --------    ----------- -----------      ---- ----- ----
 (50) !   0.00053   19.8   0.0  cm        1       36 []         147         182 + .. 0.89    no 0.64

                                v  v         v  v       NC
                     :::::<<<--<<<<<<__~~~~~>>>>>>-->>> CS
  patent_aligned   1 GGUCAGACCCUGGUCCGG*[7]*GGACCACUGUU 36 
                     GGUC :ACCCU GU CGG     G AC ACUGU:
  ind_0014_00032 147 GGUCGGACCCUCGUCCGG*[7]*GCACCACUGUC 182
                     **************9997..6..77********* PP

>> ind_0014_00042  
 rank     E-value  score  bias mdl mdl from   mdl to       seq from      seq to       acc trunc   gc
 ----   --------- ------ ----- --- -------- --------    ----------- -----------      ---- ----- ----
 (51) ?      0.09   11.4   0.0  cm        1       36 []         155         128 - .. 0.99    no 0.46

                                        NC
                     :::::<<<-~~~~~~>>> CS
  patent_aligned   1 GGUCAGACC*[24]*GUU 36 
                     GGUCAGACC      GUU
  ind_0014_00042 155 GGUCAGACC*[16]*GUU 128
                     ********8...*..*** PP

>> ind_0014_00042  
 rank     E-value  score  bias mdl mdl from   mdl to       seq from      seq to       acc trunc   gc
 ----   --------- ------ ----- --- -------- --------    ----------- -----------      ---- ----- ----
 (52) ?       8.8    3.9   0.0  cm        1       36 []         127         112 - .. 0.88    no 0.44

                                        NC
                     :::::<<<-~~~~~~>>> CS
  patent_aligned   1 GGUCAGACC*[24]*GUU 36 
                     GGUCA A C       U 
  ind_0014_00042 127 GGUCACAAC*[ 4]*UUG 112
                     *****9966...9..699 PP

>> ind_0014_00015  
 rank     E-value  score  bias mdl mdl from   mdl to       seq from      seq to       acc trunc   gc
 ----   --------- ------ ----- --- -------- --------    ----------- -----------      ---- ----- ----
 (53) ?   4.2e+02   -2.4   0.0  cm        1       11 [~         187         197 + .~ 1.00    3' 0.45

                          ???  ?       NC
                     :::::<<<--<~~~~~~ CS
  patent_aligned   1 GGUCAGACCCU*[25]> 36 
                     G UCA  CC U      
  ind_0014_00015 187 GCUCAAUCCUU*[ 0]> 197
                     ***********...... PP

>> ind_0014_00037  
 rank     E-value  score  bias mdl mdl from   mdl to       seq from      seq to       acc trunc   gc
 ----   --------- ------ ----- --- -------- --------    ----------- -----------      ---- ----- ----
 (54) ?   7.9e+02   -3.5   0.0  cm        1        1 [~         197         197 + .~ 0.88    3' 1.00

                             NC
                     :~~~~~~ CS
  patent_aligned   1 G*[35]> 36 
                     G      
  ind_0014_00037 197 G*[ 0]> 197
                     9...... PP



Internal CM pipeline statistics summary:
----------------------------------------
Query model(s):                                                  1  (36 consensus positions)
Target sequences:                                               50  (19700 residues searched)
Target sequences re-searched for truncated hits:                50  (10200 residues re-searched)
Windows   passing  local HMM SSV           filter:             256  (0.5154); expected (0.35)
Windows   passing  local HMM Viterbi       filter:                  (off)
Windows   passing  local HMM Viterbi  bias filter:                  (off)
Windows   passing  local HMM Forward       filter:             127  (0.2613); expected (0.02)
Windows   passing  local HMM Forward  bias filter:             124  (0.2512); expected (0.02)
Windows   passing glocal HMM Forward       filter:              91  (0.2277); expected (0.02)
Windows   passing glocal HMM Forward  bias filter:              91  (0.2277); expected (0.02)
Envelopes passing glocal HMM envelope defn filter:              91  (0.1307); expected (0.02)
Envelopes passing  local CM  CYK           filter:              89  (0.1267); expected (0.0001)
Total CM hits reported:                                         54  (0.06227); includes 2 truncated hit(s)

# CPU time: 0.40u 0.00s 00:00:00.40 Elapsed: 00:00:00.41
# Alignment of 50 hits satisfying inclusion thresholds saved to: optimization_a7/38gen/_workspace/cmsearch_logs/gen_0014/patent_cmsearch.sto
//
[ok]
