# cmsearch :: search CM(s) against a sequence database
# INFERNAL 1.1.5 (Sep 2023)
# Copyright (C) 2023 Howard Hughes Medical Institute.
# Freely distributed under the BSD open source license.
# - - - - - - - - - - - - - - - - - - - - - - - - - - - - - - - - - - - -
# query CM file:                         A7_analysis/patent.cm
# target sequence database:              /tmp/tmpixv69poj/queries.fa
# output directed to file:               optimization_a7/100gen/_workspace/cmsearch_logs/gen_0054/patent_cmsearch.out
# MSA of significant hits saved to file: optimization_a7/100gen/_workspace/cmsearch_logs/gen_0054/patent_cmsearch.sto
# tabular output of hits:                optimization_a7/100gen/_workspace/cmsearch_logs/gen_0054/patent_cmsearch.tblout
# max ASCII text line length:            unlimited
# sequence reporting threshold:          E-value <= 1000
# number of worker threads:              4
# - - - - - - - - - - - - - - - - - - - - - - - - - - - - - - - - - - - -

Query:       patent_aligned  [CLEN=36]
Hit scores:
 rank     E-value  score  bias  sequence        start    end   mdl trunc   gc  description
 ----   --------- ------ -----  -------------- ------ ------   --- ----- ----  -----------
  (1) !   1.2e-11   48.6   0.0  ind_0054_00022    147    182 +  cm    no 0.81  -
  (2) !   1.2e-11   48.6   0.0  ind_0054_00047    147    182 +  cm    no 0.81  -
  (3) !   2.1e-10   43.9   0.0  ind_0054_00019    147    182 +  cm    no 0.72  -
  (4) !   2.4e-10   43.7   0.0  ind_0054_00002    147    182 +  cm    no 0.78  -
  (5) !   2.4e-10   43.7   0.0  ind_0054_00023    147    182 +  cm    no 0.78  -
  (6) !   2.4e-10   43.7   0.0  ind_0054_00000    147    182 +  cm    no 0.78  -
  (7) !   2.4e-10   43.7   0.0  ind_0054_00001    147    182 +  cm    no 0.78  -
  (8) !   2.4e-10   43.7   0.0  ind_0054_00003    147    182 +  cm    no 0.78  -
  (9) !   2.4e-10   43.7   0.0  ind_0054_00004    147    182 +  cm    no 0.78  -
 (10) !   2.4e-10   43.7   0.0  ind_0054_00006    147    182 +  cm    no 0.78  -
 (11) !   2.4e-10   43.7   0.0  ind_0054_00009    147    182 +  cm    no 0.78  -
 (12) !   2.4e-10   43.7   0.0  ind_0054_00012    147    182 +  cm    no 0.78  -
 (13) !   2.4e-10   43.7   0.0  ind_0054_00013    147    182 +  cm    no 0.78  -
 (14) !   2.4e-10   43.7   0.0  ind_0054_00015    147    182 +  cm    no 0.78  -
 (15) !   2.4e-10   43.7   0.0  ind_0054_00017    147    182 +  cm    no 0.78  -
 (16) !   2.4e-10   43.7   0.0  ind_0054_00020    147    182 +  cm    no 0.78  -
 (17) !   2.4e-10   43.7   0.0  ind_0054_00026    147    182 +  cm    no 0.78  -
 (18) !   2.4e-10   43.7   0.0  ind_0054_00027    147    182 +  cm    no 0.78  -
 (19) !   2.4e-10   43.7   0.0  ind_0054_00028    147    182 +  cm    no 0.78  -
 (20) !   2.4e-10   43.7   0.0  ind_0054_00030    147    182 +  cm    no 0.78  -
 (21) !   2.4e-10   43.7   0.0  ind_0054_00032    147    182 +  cm    no 0.78  -
 (22) !   2.4e-10   43.7   0.0  ind_0054_00033    147    182 +  cm    no 0.78  -
 (23) !   2.4e-10   43.7   0.0  ind_0054_00034    147    182 +  cm    no 0.78  -
 (24) !   2.4e-10   43.7   0.0  ind_0054_00036    147    182 +  cm    no 0.78  -
 (25) !   2.4e-10   43.7   0.0  ind_0054_00037    147    182 +  cm    no 0.78  -
 (26) !   2.4e-10   43.7   0.0  ind_0054_00038    147    182 +  cm    no 0.78  -
 (27) !   2.4e-10   43.7   0.0  ind_0054_00040    147    182 +  cm    no 0.78  -
 (28) !   2.4e-10   43.7   0.0  ind_0054_00042    147    182 +  cm    no 0.78  -
 (29) !   2.4e-10   43.7   0.0  ind_0054_00046    147    182 +  cm    no 0.78  -
 (30) !   2.4e-10   43.7   0.0  ind_0054_00049    147    182 +  cm    no 0.78  -
 (31) !   2.7e-10   43.5   0.0  ind_0054_00008    147    182 +  cm    no 0.75  -
 (32) !   3.2e-10   43.2   0.0  ind_0054_00045    147    182 +  cm    no 0.78  -
 (33) !   4.1e-10   42.8   0.0  ind_0054_00016    147    182 +  cm    no 0.75  -
 (34) !   1.1e-09   41.3   0.0  ind_0054_00014    147    182 +  cm    no 0.75  -
 (35) !   3.5e-09   39.3   0.0  ind_0054_00011    147    182 +  cm    no 0.75  -
 (36) !   3.7e-09   39.2   0.0  ind_0054_00025    147    181 +  cm    no 0.80  -
 (37) !   4.8e-09   38.8   0.0  ind_0054_00018    147    182 +  cm    no 0.75  -
 (38) !   4.8e-09   38.8   0.0  ind_0054_00035    147    182 +  cm    no 0.75  -
 (39) !   6.1e-09   38.4   0.0  ind_0054_00041    147    182 +  cm    no 0.78  -
 (40) !   6.5e-09   38.3   0.0  ind_0054_00005    147    182 +  cm    no 0.75  -
 (41) !   7.1e-09   38.1   0.0  ind_0054_00048    147    182 +  cm    no 0.81  -
 (42) !   7.4e-09   38.1   0.0  ind_0054_00039    147    182 +  cm    no 0.81  -
 (43) !   7.8e-09   38.0   0.0  ind_0054_00007    147    182 +  cm    no 0.75  -
 (44) !     5e-08   34.9   0.0  ind_0054_00031    147    182 +  cm    no 0.72  -
 (45) !   7.4e-08   34.3   0.0  ind_0054_00010    147    181 +  cm    no 0.77  -
 (46) !   8.1e-08   34.2   0.0  ind_0054_00021    147    182 +  cm    no 0.72  -
 (47) !   8.5e-08   34.1   0.0  ind_0054_00043    147    182 +  cm    no 0.78  -
 (48) !   1.2e-07   33.6   0.0  ind_0054_00024    147    182 +  cm    no 0.75  -
 (49) !   7.3e-07   30.6   0.0  ind_0054_00044    147    182 +  cm    no 0.78  -
 (50) !   2.6e-05   24.7   0.0  ind_0054_00029    147    182 +  cm    no 0.72  -
 ------ inclusion threshold ------
 (51) ?     0.068   11.8   0.0  ind_0054_00031    155    119 -  cm    no 0.46  -
 (52) ?      0.97    7.5   0.0  ind_0054_00023    155    132 -  cm    no 0.54  -


Hit alignments:
>> ind_0054_00022  
 rank     E-value  score  bias mdl mdl from   mdl to       seq from      seq to       acc trunc   gc
 ----   --------- ------ ----- --- -------- --------    ----------- -----------      ---- ----- ----
  (1) !   1.2e-11   48.6   0.0  cm        1       36 []         147         182 + .. 1.00    no 0.81

                                                          NC
                     :::::<<<--<<<<<<_________>>>>>>-->>> CS
  patent_aligned   1 GGUCAGACCCUGGUCCGGGGCAAUGGGACCACUGUU 36 
                     GGUC GACCC GG CCGGGGCAA GGG CC CUGUU
  ind_0054_00022 147 GGUCGGACCCCGGCCCGGGGCAACGGGGCCGCUGUU 182
                     ************************************ PP

>> ind_0054_00047  
 rank     E-value  score  bias mdl mdl from   mdl to       seq from      seq to       acc trunc   gc
 ----   --------- ------ ----- --- -------- --------    ----------- -----------      ---- ----- ----
  (2) !   1.2e-11   48.6   0.0  cm        1       36 []         147         182 + .. 1.00    no 0.81

                                                          NC
                     :::::<<<--<<<<<<_________>>>>>>-->>> CS
  patent_aligned   1 GGUCAGACCCUGGUCCGGGGCAAUGGGACCACUGUU 36 
                     GGUC GACCC GG CCGGGGCAA GGG CC CUGUU
  ind_0054_00047 147 GGUCGGACCCCGGCCCGGGGCAACGGGGCCGCUGUU 182
                     ************************************ PP

>> ind_0054_00019  
 rank     E-value  score  bias mdl mdl from   mdl to       seq from      seq to       acc trunc   gc
 ----   --------- ------ ----- --- -------- --------    ----------- -----------      ---- ----- ----
  (3) !   2.1e-10   43.9   0.0  cm        1       36 []         147         182 + .. 1.00    no 0.72

                               v                   v      NC
                     :::::<<<--<<<<<<_________>>>>>>-->>> CS
  patent_aligned   1 GGUCAGACCCUGGUCCGGGGCAAUGGGACCACUGUU 36 
                     GGUC GACCC GG CCG GGCAAUGGG CC CUGUU
  ind_0054_00019 147 GGUCGGACCCCGGCCCGAGGCAAUGGGGCCACUGUU 182
                     ************************************ PP

>> ind_0054_00002  
 rank     E-value  score  bias mdl mdl from   mdl to       seq from      seq to       acc trunc   gc
 ----   --------- ------ ----- --- -------- --------    ----------- -----------      ---- ----- ----
  (4) !   2.4e-10   43.7   0.0  cm        1       36 []         147         182 + .. 1.00    no 0.78

                                                          NC
                     :::::<<<--<<<<<<_________>>>>>>-->>> CS
  patent_aligned   1 GGUCAGACCCUGGUCCGGGGCAAUGGGACCACUGUU 36 
                     GGUC GACCC GG CC GGGCAA GGG CC CUGUU
  ind_0054_00002 147 GGUCGGACCCCGGCCCAGGGCAACGGGGCCGCUGUU 182
                     ************************************ PP

>> ind_0054_00023  
 rank     E-value  score  bias mdl mdl from   mdl to       seq from      seq to       acc trunc   gc
 ----   --------- ------ ----- --- -------- --------    ----------- -----------      ---- ----- ----
  (5) !   2.4e-10   43.7   0.0  cm        1       36 []         147         182 + .. 1.00    no 0.78

                                                          NC
                     :::::<<<--<<<<<<_________>>>>>>-->>> CS
  patent_aligned   1 GGUCAGACCCUGGUCCGGGGCAAUGGGACCACUGUU 36 
                     GGUC GACCC GG CC GGGCAA GGG CC CUGUU
  ind_0054_00023 147 GGUCGGACCCCGGCCCAGGGCAACGGGGCCGCUGUU 182
                     ************************************ PP

>> ind_0054_00000  
 rank     E-value  score  bias mdl mdl from   mdl to       seq from      seq to       acc trunc   gc
 ----   --------- ------ ----- --- -------- --------    ----------- -----------      ---- ----- ----
  (6) !   2.4e-10   43.7   0.0  cm        1       36 []         147         182 + .. 1.00    no 0.78

                                                          NC
                     :::::<<<--<<<<<<_________>>>>>>-->>> CS
  patent_aligned   1 GGUCAGACCCUGGUCCGGGGCAAUGGGACCACUGUU 36 
                     GGUC GACCC GG CCG GGCAA GGG CC CUGUU
  ind_0054_00000 147 GGUCGGACCCCGGCCCGAGGCAACGGGGCCGCUGUU 182
                     ************************************ PP

>> ind_0054_00001  
 rank     E-value  score  bias mdl mdl from   mdl to       seq from      seq to       acc trunc   gc
 ----   --------- ------ ----- --- -------- --------    ----------- -----------      ---- ----- ----
  (7) !   2.4e-10   43.7   0.0  cm        1       36 []         147         182 + .. 1.00    no 0.78

                                                          NC
                     :::::<<<--<<<<<<_________>>>>>>-->>> CS
  patent_aligned   1 GGUCAGACCCUGGUCCGGGGCAAUGGGACCACUGUU 36 
                     GGUC GACCC GG CCG GGCAA GGG CC CUGUU
  ind_0054_00001 147 GGUCGGACCCCGGCCCGAGGCAACGGGGCCGCUGUU 182
                     ************************************ PP

>> ind_0054_00003  
 rank     E-value  score  bias mdl mdl from   mdl to       seq from      seq to       acc trunc   gc
 ----   --------- ------ ----- --- -------- --------    ----------- -----------      ---- ----- ----
  (8) !   2.4e-10   43.7   0.0  cm        1       36 []         147         182 + .. 1.00    no 0.78

                                                          NC
                     :::::<<<--<<<<<<_________>>>>>>-->>> CS
  patent_aligned   1 GGUCAGACCCUGGUCCGGGGCAAUGGGACCACUGUU 36 
                     GGUC GACCC GG CCG GGCAA GGG CC CUGUU
  ind_0054_00003 147 GGUCGGACCCCGGCCCGAGGCAACGGGGCCGCUGUU 182
                     ************************************ PP

>> ind_0054_00004  
 rank     E-value  score  bias mdl mdl from   mdl to       seq from      seq to       acc trunc   gc
 ----   --------- ------ ----- --- -------- --------    ----------- -----------      ---- ----- ----
  (9) !   2.4e-10   43.7   0.0  cm        1       36 []         147         182 + .. 1.00    no 0.78

                                                          NC
                     :::::<<<--<<<<<<_________>>>>>>-->>> CS
  patent_aligned   1 GGUCAGACCCUGGUCCGGGGCAAUGGGACCACUGUU 36 
                     GGUC GACCC GG CCG GGCAA GGG CC CUGUU
  ind_0054_00004 147 GGUCGGACCCCGGCCCGAGGCAACGGGGCCGCUGUU 182
                     ************************************ PP

>> ind_0054_00006  
 rank     E-value  score  bias mdl mdl from   mdl to       seq from      seq to       acc trunc   gc
 ----   --------- ------ ----- --- -------- --------    ----------- -----------      ---- ----- ----
 (10) !   2.4e-10   43.7   0.0  cm        1       36 []         147         182 + .. 1.00    no 0.78

                                                          NC
                     :::::<<<--<<<<<<_________>>>>>>-->>> CS
  patent_aligned   1 GGUCAGACCCUGGUCCGGGGCAAUGGGACCACUGUU 36 
                     GGUC GACCC GG CCG GGCAA GGG CC CUGUU
  ind_0054_00006 147 GGUCGGACCCCGGCCCGAGGCAACGGGGCCGCUGUU 182
                     ************************************ PP

>> ind_0054_00009  
 rank     E-value  score  bias mdl mdl from   mdl to       seq from      seq to       acc trunc   gc
 ----   --------- ------ ----- --- -------- --------    ----------- -----------      ---- ----- ----
 (11) !   2.4e-10   43.7   0.0  cm        1       36 []         147         182 + .. 1.00    no 0.78

                                                          NC
                     :::::<<<--<<<<<<_________>>>>>>-->>> CS
  patent_aligned   1 GGUCAGACCCUGGUCCGGGGCAAUGGGACCACUGUU 36 
                     GGUC GACCC GG CCG GGCAA GGG CC CUGUU
  ind_0054_00009 147 GGUCGGACCCCGGCCCGAGGCAACGGGGCCGCUGUU 182
                     ************************************ PP

>> ind_0054_00012  
 rank     E-value  score  bias mdl mdl from   mdl to       seq from      seq to       acc trunc   gc
 ----   --------- ------ ----- --- -------- --------    ----------- -----------      ---- ----- ----
 (12) !   2.4e-10   43.7   0.0  cm        1       36 []         147         182 + .. 1.00    no 0.78

                                                          NC
                     :::::<<<--<<<<<<_________>>>>>>-->>> CS
  patent_aligned   1 GGUCAGACCCUGGUCCGGGGCAAUGGGACCACUGUU 36 
                     GGUC GACCC GG CCG GGCAA GGG CC CUGUU
  ind_0054_00012 147 GGUCGGACCCCGGCCCGAGGCAACGGGGCCGCUGUU 182
                     ************************************ PP

>> ind_0054_00013  
 rank     E-value  score  bias mdl mdl from   mdl to       seq from      seq to       acc trunc   gc
 ----   --------- ------ ----- --- -------- --------    ----------- -----------      ---- ----- ----
 (13) !   2.4e-10   43.7   0.0  cm        1       36 []         147         182 + .. 1.00    no 0.78

                                                          NC
                     :::::<<<--<<<<<<_________>>>>>>-->>> CS
  patent_aligned   1 GGUCAGACCCUGGUCCGGGGCAAUGGGACCACUGUU 36 
                     GGUC GACCC GG CCG GGCAA GGG CC CUGUU
  ind_0054_00013 147 GGUCGGACCCCGGCCCGAGGCAACGGGGCCGCUGUU 182
                     ************************************ PP

>> ind_0054_00015  
 rank     E-value  score  bias mdl mdl from   mdl to       seq from      seq to       acc trunc   gc
 ----   --------- ------ ----- --- -------- --------    ----------- -----------      ---- ----- ----
 (14) !   2.4e-10   43.7   0.0  cm        1       36 []         147         182 + .. 1.00    no 0.78

                                                          NC
                     :::::<<<--<<<<<<_________>>>>>>-->>> CS
  patent_aligned   1 GGUCAGACCCUGGUCCGGGGCAAUGGGACCACUGUU 36 
                     GGUC GACCC GG CCG GGCAA GGG CC CUGUU
  ind_0054_00015 147 GGUCGGACCCCGGCCCGAGGCAACGGGGCCGCUGUU 182
                     ************************************ PP

>> ind_0054_00017  
 rank     E-value  score  bias mdl mdl from   mdl to       seq from      seq to       acc trunc   gc
 ----   --------- ------ ----- --- -------- --------    ----------- -----------      ---- ----- ----
 (15) !   2.4e-10   43.7   0.0  cm        1       36 []         147         182 + .. 1.00    no 0.78

                                                          NC
                     :::::<<<--<<<<<<_________>>>>>>-->>> CS
  patent_aligned   1 GGUCAGACCCUGGUCCGGGGCAAUGGGACCACUGUU 36 
                     GGUC GACCC GG CCG GGCAA GGG CC CUGUU
  ind_0054_00017 147 GGUCGGACCCCGGCCCGAGGCAACGGGGCCGCUGUU 182
                     ************************************ PP

>> ind_0054_00020  
 rank     E-value  score  bias mdl mdl from   mdl to       seq from      seq to       acc trunc   gc
 ----   --------- ------ ----- --- -------- --------    ----------- -----------      ---- ----- ----
 (16) !   2.4e-10   43.7   0.0  cm        1       36 []         147         182 + .. 1.00    no 0.78

                                                          NC
                     :::::<<<--<<<<<<_________>>>>>>-->>> CS
  patent_aligned   1 GGUCAGACCCUGGUCCGGGGCAAUGGGACCACUGUU 36 
                     GGUC GACCC GG CCG GGCAA GGG CC CUGUU
  ind_0054_00020 147 GGUCGGACCCCGGCCCGAGGCAACGGGGCCGCUGUU 182
                     ************************************ PP

>> ind_0054_00026  
 rank     E-value  score  bias mdl mdl from   mdl to       seq from      seq to       acc trunc   gc
 ----   --------- ------ ----- --- -------- --------    ----------- -----------      ---- ----- ----
 (17) !   2.4e-10   43.7   0.0  cm        1       36 []         147         182 + .. 1.00    no 0.78

                                                          NC
                     :::::<<<--<<<<<<_________>>>>>>-->>> CS
  patent_aligned   1 GGUCAGACCCUGGUCCGGGGCAAUGGGACCACUGUU 36 
                     GGUC GACCC GG CCG GGCAA GGG CC CUGUU
  ind_0054_00026 147 GGUCGGACCCCGGCCCGAGGCAACGGGGCCGCUGUU 182
                     ************************************ PP

>> ind_0054_00027  
 rank     E-value  score  bias mdl mdl from   mdl to       seq from      seq to       acc trunc   gc
 ----   --------- ------ ----- --- -------- --------    ----------- -----------      ---- ----- ----
 (18) !   2.4e-10   43.7   0.0  cm        1       36 []         147         182 + .. 1.00    no 0.78

                                                          NC
                     :::::<<<--<<<<<<_________>>>>>>-->>> CS
  patent_aligned   1 GGUCAGACCCUGGUCCGGGGCAAUGGGACCACUGUU 36 
                     GGUC GACCC GG CCG GGCAA GGG CC CUGUU
  ind_0054_00027 147 GGUCGGACCCCGGCCCGAGGCAACGGGGCCGCUGUU 182
                     ************************************ PP

>> ind_0054_00028  
 rank     E-value  score  bias mdl mdl from   mdl to       seq from      seq to       acc trunc   gc
 ----   --------- ------ ----- --- -------- --------    ----------- -----------      ---- ----- ----
 (19) !   2.4e-10   43.7   0.0  cm        1       36 []         147         182 + .. 1.00    no 0.78

                                                          NC
                     :::::<<<--<<<<<<_________>>>>>>-->>> CS
  patent_aligned   1 GGUCAGACCCUGGUCCGGGGCAAUGGGACCACUGUU 36 
                     GGUC GACCC GG CCG GGCAA GGG CC CUGUU
  ind_0054_00028 147 GGUCGGACCCCGGCCCGAGGCAACGGGGCCGCUGUU 182
                     ************************************ PP

>> ind_0054_00030  
 rank     E-value  score  bias mdl mdl from   mdl to       seq from      seq to       acc trunc   gc
 ----   --------- ------ ----- --- -------- --------    ----------- -----------      ---- ----- ----
 (20) !   2.4e-10   43.7   0.0  cm        1       36 []         147         182 + .. 1.00    no 0.78

                                                          NC
                     :::::<<<--<<<<<<_________>>>>>>-->>> CS
  patent_aligned   1 GGUCAGACCCUGGUCCGGGGCAAUGGGACCACUGUU 36 
                     GGUC GACCC GG CCG GGCAA GGG CC CUGUU
  ind_0054_00030 147 GGUCGGACCCCGGCCCGAGGCAACGGGGCCGCUGUU 182
                     ************************************ PP

>> ind_0054_00032  
 rank     E-value  score  bias mdl mdl from   mdl to       seq from      seq to       acc trunc   gc
 ----   --------- ------ ----- --- -------- --------    ----------- -----------      ---- ----- ----
 (21) !   2.4e-10   43.7   0.0  cm        1       36 []         147         182 + .. 1.00    no 0.78

                                                          NC
                     :::::<<<--<<<<<<_________>>>>>>-->>> CS
  patent_aligned   1 GGUCAGACCCUGGUCCGGGGCAAUGGGACCACUGUU 36 
                     GGUC GACCC GG CCG GGCAA GGG CC CUGUU
  ind_0054_00032 147 GGUCGGACCCCGGCCCGAGGCAACGGGGCCGCUGUU 182
                     ************************************ PP

>> ind_0054_00033  
 rank     E-value  score  bias mdl mdl from   mdl to       seq from      seq to       acc trunc   gc
 ----   --------- ------ ----- --- -------- --------    ----------- -----------      ---- ----- ----
 (22) !   2.4e-10   43.7   0.0  cm        1       36 []         147         182 + .. 1.00    no 0.78

                                                          NC
                     :::::<<<--<<<<<<_________>>>>>>-->>> CS
  patent_aligned   1 GGUCAGACCCUGGUCCGGGGCAAUGGGACCACUGUU 36 
                     GGUC GACCC GG CCG GGCAA GGG CC CUGUU
  ind_0054_00033 147 GGUCGGACCCCGGCCCGAGGCAACGGGGCCGCUGUU 182
                     ************************************ PP

>> ind_0054_00034  
 rank     E-value  score  bias mdl mdl from   mdl to       seq from      seq to       acc trunc   gc
 ----   --------- ------ ----- --- -------- --------    ----------- -----------      ---- ----- ----
 (23) !   2.4e-10   43.7   0.0  cm        1       36 []         147         182 + .. 1.00    no 0.78

                                                          NC
                     :::::<<<--<<<<<<_________>>>>>>-->>> CS
  patent_aligned   1 GGUCAGACCCUGGUCCGGGGCAAUGGGACCACUGUU 36 
                     GGUC GACCC GG CCG GGCAA GGG CC CUGUU
  ind_0054_00034 147 GGUCGGACCCCGGCCCGAGGCAACGGGGCCGCUGUU 182
                     ************************************ PP

>> ind_0054_00036  
 rank     E-value  score  bias mdl mdl from   mdl to       seq from      seq to       acc trunc   gc
 ----   --------- ------ ----- --- -------- --------    ----------- -----------      ---- ----- ----
 (24) !   2.4e-10   43.7   0.0  cm        1       36 []         147         182 + .. 1.00    no 0.78

                                                          NC
                     :::::<<<--<<<<<<_________>>>>>>-->>> CS
  patent_aligned   1 GGUCAGACCCUGGUCCGGGGCAAUGGGACCACUGUU 36 
                     GGUC GACCC GG CCG GGCAA GGG CC CUGUU
  ind_0054_00036 147 GGUCGGACCCCGGCCCGAGGCAACGGGGCCGCUGUU 182
                     ************************************ PP

>> ind_0054_00037  
 rank     E-value  score  bias mdl mdl from   mdl to       seq from      seq to       acc trunc   gc
 ----   --------- ------ ----- --- -------- --------    ----------- -----------      ---- ----- ----
 (25) !   2.4e-10   43.7   0.0  cm        1       36 []         147         182 + .. 1.00    no 0.78

                                                          NC
                     :::::<<<--<<<<<<_________>>>>>>-->>> CS
  patent_aligned   1 GGUCAGACCCUGGUCCGGGGCAAUGGGACCACUGUU 36 
                     GGUC GACCC GG CCG GGCAA GGG CC CUGUU
  ind_0054_00037 147 GGUCGGACCCCGGCCCGAGGCAACGGGGCCGCUGUU 182
                     ************************************ PP

>> ind_0054_00038  
 rank     E-value  score  bias mdl mdl from   mdl to       seq from      seq to       acc trunc   gc
 ----   --------- ------ ----- --- -------- --------    ----------- -----------      ---- ----- ----
 (26) !   2.4e-10   43.7   0.0  cm        1       36 []         147         182 + .. 1.00    no 0.78

                                                          NC
                     :::::<<<--<<<<<<_________>>>>>>-->>> CS
  patent_aligned   1 GGUCAGACCCUGGUCCGGGGCAAUGGGACCACUGUU 36 
                     GGUC GACCC GG CCG GGCAA GGG CC CUGUU
  ind_0054_00038 147 GGUCGGACCCCGGCCCGAGGCAACGGGGCCGCUGUU 182
                     ************************************ PP

>> ind_0054_00040  
 rank     E-value  score  bias mdl mdl from   mdl to       seq from      seq to       acc trunc   gc
 ----   --------- ------ ----- --- -------- --------    ----------- -----------      ---- ----- ----
 (27) !   2.4e-10   43.7   0.0  cm        1       36 []         147         182 + .. 1.00    no 0.78

                                                          NC
                     :::::<<<--<<<<<<_________>>>>>>-->>> CS
  patent_aligned   1 GGUCAGACCCUGGUCCGGGGCAAUGGGACCACUGUU 36 
                     GGUC GACCC GG CCG GGCAA GGG CC CUGUU
  ind_0054_00040 147 GGUCGGACCCCGGCCCGAGGCAACGGGGCCGCUGUU 182
                     ************************************ PP

>> ind_0054_00042  
 rank     E-value  score  bias mdl mdl from   mdl to       seq from      seq to       acc trunc   gc
 ----   --------- ------ ----- --- -------- --------    ----------- -----------      ---- ----- ----
 (28) !   2.4e-10   43.7   0.0  cm        1       36 []         147         182 + .. 1.00    no 0.78

                                                          NC
                     :::::<<<--<<<<<<_________>>>>>>-->>> CS
  patent_aligned   1 GGUCAGACCCUGGUCCGGGGCAAUGGGACCACUGUU 36 
                     GGUC GACCC GG CCG GGCAA GGG CC CUGUU
  ind_0054_00042 147 GGUCGGACCCCGGCCCGAGGCAACGGGGCCGCUGUU 182
                     ************************************ PP

>> ind_0054_00046  
 rank     E-value  score  bias mdl mdl from   mdl to       seq from      seq to       acc trunc   gc
 ----   --------- ------ ----- --- -------- --------    ----------- -----------      ---- ----- ----
 (29) !   2.4e-10   43.7   0.0  cm        1       36 []         147         182 + .. 1.00    no 0.78

                                                          NC
                     :::::<<<--<<<<<<_________>>>>>>-->>> CS
  patent_aligned   1 GGUCAGACCCUGGUCCGGGGCAAUGGGACCACUGUU 36 
                     GGUC GACCC GG CCG GGCAA GGG CC CUGUU
  ind_0054_00046 147 GGUCGGACCCCGGCCCGAGGCAACGGGGCCGCUGUU 182
                     ************************************ PP

>> ind_0054_00049  
 rank     E-value  score  bias mdl mdl from   mdl to       seq from      seq to       acc trunc   gc
 ----   --------- ------ ----- --- -------- --------    ----------- -----------      ---- ----- ----
 (30) !   2.4e-10   43.7   0.0  cm        1       36 []         147         182 + .. 1.00    no 0.78

                                                          NC
                     :::::<<<--<<<<<<_________>>>>>>-->>> CS
  patent_aligned   1 GGUCAGACCCUGGUCCGGGGCAAUGGGACCACUGUU 36 
                     GGUC GACCC GG CCG GGCAA GGG CC CUGUU
  ind_0054_00049 147 GGUCGGACCCCGGCCCGAGGCAACGGGGCCGCUGUU 182
                     ************************************ PP

>> ind_0054_00008  
 rank     E-value  score  bias mdl mdl from   mdl to       seq from      seq to       acc trunc   gc
 ----   --------- ------ ----- --- -------- --------    ----------- -----------      ---- ----- ----
 (31) !   2.7e-10   43.5   0.0  cm        1       36 []         147         182 + .. 1.00    no 0.75

                                                          NC
                     :::::<<<--<<<<<<_________>>>>>>-->>> CS
  patent_aligned   1 GGUCAGACCCUGGUCCGGGGCAAUGGGACCACUGUU 36 
                     GGUC GACCC GG CCG GGCAA GGG CC CUGUU
  ind_0054_00008 147 GGUCUGACCCCGGCCCGAGGCAACGGGGCCGCUGUU 182
                     ************************************ PP

>> ind_0054_00045  
 rank     E-value  score  bias mdl mdl from   mdl to       seq from      seq to       acc trunc   gc
 ----   --------- ------ ----- --- -------- --------    ----------- -----------      ---- ----- ----
 (32) !   3.2e-10   43.2   0.0  cm        1       36 []         147         182 + .. 1.00    no 0.78

                                                          NC
                     :::::<<<--<<<<<<_________>>>>>>-->>> CS
  patent_aligned   1 GGUCAGACCCUGGUCCGGGGCAAUGGGACCACUGUU 36 
                     GGUC GACCC GG CC GGGCAA GGG CC CUGUU
  ind_0054_00045 147 GGUCCGACCCCGGCCCAGGGCAACGGGGCCGCUGUU 182
                     ************************************ PP

>> ind_0054_00016  
 rank     E-value  score  bias mdl mdl from   mdl to       seq from      seq to       acc trunc   gc
 ----   --------- ------ ----- --- -------- --------    ----------- -----------      ---- ----- ----
 (33) !   4.1e-10   42.8   0.0  cm        1       36 []         147         182 + .. 1.00    no 0.75

                                                          NC
                     :::::<<<--<<<<<<_________>>>>>>-->>> CS
  patent_aligned   1 GGUCAGACCCUGGUCCGGGGCAAUGGGACCACUGUU 36 
                     GGUCAGACCC GG CCG GGCAA GGG CC  UGUU
  ind_0054_00016 147 GGUCAGACCCCGGCCCGAGGCAACGGGGCCGGUGUU 182
                     ************************************ PP

>> ind_0054_00014  
 rank     E-value  score  bias mdl mdl from   mdl to       seq from      seq to       acc trunc   gc
 ----   --------- ------ ----- --- -------- --------    ----------- -----------      ---- ----- ----
 (34) !   1.1e-09   41.3   0.0  cm        1       36 []         147         182 + .. 1.00    no 0.75

                                                          NC
                     :::::<<<--<<<<<<_________>>>>>>-->>> CS
  patent_aligned   1 GGUCAGACCCUGGUCCGGGGCAAUGGGACCACUGUU 36 
                     GGUC :ACCC GG CCG GGCAA GGG CC CUGU:
  ind_0054_00014 147 GGUCGAACCCCGGCCCGAGGCAACGGGGCCGCUGUU 182
                     ************************************ PP

>> ind_0054_00011  
 rank     E-value  score  bias mdl mdl from   mdl to       seq from      seq to       acc trunc   gc
 ----   --------- ------ ----- --- -------- --------    ----------- -----------      ---- ----- ----
 (35) !   3.5e-09   39.3   0.0  cm        1       36 []         147         182 + .. 1.00    no 0.75

                            v                         v   NC
                     :::::<<<--<<<<<<_________>>>>>>-->>> CS
  patent_aligned   1 GGUCAGACCCUGGUCCGGGGCAAUGGGACCACUGUU 36 
                     GGUC GA CC GG CCGGGGCAA GGG CC CU UU
  ind_0054_00011 147 GGUCGGAACCCGGCCCGGGGCAAAGGGGCCGCUGUU 182
                     ************************************ PP

>> ind_0054_00025  
 rank     E-value  score  bias mdl mdl from   mdl to       seq from      seq to       acc trunc   gc
 ----   --------- ------ ----- --- -------- --------    ----------- -----------      ---- ----- ----
 (36) !   3.7e-09   39.2   0.0  cm        1       36 []         147         181 + .. 1.00    no 0.80

                          v                             v NC
                     :::::<<<--<<<<<<_________>>>>>>-->>> CS
  patent_aligned   1 GGUCAGACCCUGGUCCGGGGCAAUGGGACCACUGUU 36 
                     GGUC GACCC GG CCG GGCAA GGG CC CUGU 
  ind_0054_00025 147 GGUCGGACCCCGGCCCGAGGCAACGGGGCCGCUGU- 181
                     ***********************************. PP

>> ind_0054_00018  
 rank     E-value  score  bias mdl mdl from   mdl to       seq from      seq to       acc trunc   gc
 ----   --------- ------ ----- --- -------- --------    ----------- -----------      ---- ----- ----
 (37) !   4.8e-09   38.8   0.0  cm        1       36 []         147         182 + .. 1.00    no 0.75

                                                          NC
                     :::::<<<--<<<<<<_________>>>>>>-->>> CS
  patent_aligned   1 GGUCAGACCCUGGUCCGGGGCAAUGGGACCACUGUU 36 
                     GGUC GACCC GG CC  GGCAA GGG CC CUGUU
  ind_0054_00018 147 GGUCGGACCCCGGCCCAAGGCAACGGGGCCGCUGUU 182
                     ************************************ PP

>> ind_0054_00035  
 rank     E-value  score  bias mdl mdl from   mdl to       seq from      seq to       acc trunc   gc
 ----   --------- ------ ----- --- -------- --------    ----------- -----------      ---- ----- ----
 (38) !   4.8e-09   38.8   0.0  cm        1       36 []         147         182 + .. 1.00    no 0.75

                                                          NC
                     :::::<<<--<<<<<<_________>>>>>>-->>> CS
  patent_aligned   1 GGUCAGACCCUGGUCCGGGGCAAUGGGACCACUGUU 36 
                     GGUC GACCC GG CC  GGCAA GGG CC CUGUU
  ind_0054_00035 147 GGUCGGACCCCGGCCCAAGGCAACGGGGCCGCUGUU 182
                     ************************************ PP

>> ind_0054_00041  
 rank     E-value  score  bias mdl mdl from   mdl to       seq from      seq to       acc trunc   gc
 ----   --------- ------ ----- --- -------- --------    ----------- -----------      ---- ----- ----
 (39) !   6.1e-09   38.4   0.0  cm        1       36 []         147         182 + .. 0.99    no 0.78

                                                          NC
                     :::::<<<--<<<<<<_________>>>>>>-->>> CS
  patent_aligned   1 GGUCAGACCCUGGUCCGGGGCAAUGGGACCACUGUU 36 
                     GGUC GACCC GG CCG GGC A GGG CC CUGUU
  ind_0054_00041 147 GGUCGGACCCCGGCCCGAGGCUACGGGGCCGCUGUU 182
                     *********************9************** PP

>> ind_0054_00005  
 rank     E-value  score  bias mdl mdl from   mdl to       seq from      seq to       acc trunc   gc
 ----   --------- ------ ----- --- -------- --------    ----------- -----------      ---- ----- ----
 (40) !   6.5e-09   38.3   0.0  cm        1       36 []         147         182 + .. 1.00    no 0.75

                                                          NC
                     :::::<<<--<<<<<<_________>>>>>>-->>> CS
  patent_aligned   1 GGUCAGACCCUGGUCCGGGGCAAUGGGACCACUGUU 36 
                     GGUC GA CC GG CCG GGCAA GGG CC CU UU
  ind_0054_00005 147 GGUCGGAUCCCGGCCCGAGGCAACGGGGCCGCUGUU 182
                     ************************************ PP

>> ind_0054_00048  
 rank     E-value  score  bias mdl mdl from   mdl to       seq from      seq to       acc trunc   gc
 ----   --------- ------ ----- --- -------- --------    ----------- -----------      ---- ----- ----
 (41) !   7.1e-09   38.1   0.0  cm        1       36 []         147         182 + .. 1.00    no 0.81

                                                          NC
                     :::::<<<--<<<<<<_________>>>>>>-->>> CS
  patent_aligned   1 GGUCAGACCCUGGUCCGGGGCAAUGGGACCACUGUU 36 
                     GGUC GACCC GG CCG GGCAA GGG CC C GUU
  ind_0054_00048 147 GGUCGGACCCCGGCCCGAGGCAACGGGGCCGCGGUU 182
                     ************************************ PP

>> ind_0054_00039  
 rank     E-value  score  bias mdl mdl from   mdl to       seq from      seq to       acc trunc   gc
 ----   --------- ------ ----- --- -------- --------    ----------- -----------      ---- ----- ----
 (42) !   7.4e-09   38.1   0.0  cm        1       36 []         147         182 + .. 0.99    no 0.81

                                                          NC
                     :::::<<<--<<<<<<_________>>>>>>-->>> CS
  patent_aligned   1 GGUCAGACCCUGGUCCGGGGCAAUGGGACCACUGUU 36 
                     GGUC GACCC GG CCG GGC A GGG CC CUGUU
  ind_0054_00039 147 GGUCGGACCCCGGCCCGAGGCCACGGGGCCGCUGUU 182
                     *********************99************* PP

>> ind_0054_00007  
 rank     E-value  score  bias mdl mdl from   mdl to       seq from      seq to       acc trunc   gc
 ----   --------- ------ ----- --- -------- --------    ----------- -----------      ---- ----- ----
 (43) !   7.8e-09   38.0   0.0  cm        1       36 []         147         182 + .. 1.00    no 0.75

                                                          NC
                     :::::<<<--<<<<<<_________>>>>>>-->>> CS
  patent_aligned   1 GGUCAGACCCUGGUCCGGGGCAAUGGGACCACUGUU 36 
                     GGUC GACCC GG C G GGCAA G G CC CUGUU
  ind_0054_00007 147 GGUCGGACCCCGGCCUGAGGCAACGGGGCCGCUGUU 182
                     ************************************ PP

>> ind_0054_00031  
 rank     E-value  score  bias mdl mdl from   mdl to       seq from      seq to       acc trunc   gc
 ----   --------- ------ ----- --- -------- --------    ----------- -----------      ---- ----- ----
 (44) !     5e-08   34.9   0.0  cm        1       36 []         147         182 + .. 1.00    no 0.72

                            v                         v   NC
                     :::::<<<--<<<<<<_________>>>>>>-->>> CS
  patent_aligned   1 GGUCAGACCCUGGUCCGGGGCAAUGGGACCACUGUU 36 
                     GGUC GA CC GG CCG GGCAA GGG CC CU UU
  ind_0054_00031 147 GGUCUGACCCCGGCCCGAGGCAACGGGGCCGCUUUU 182
                     ************************************ PP

>> ind_0054_00010  
 rank     E-value  score  bias mdl mdl from   mdl to       seq from      seq to       acc trunc   gc
 ----   --------- ------ ----- --- -------- --------    ----------- -----------      ---- ----- ----
 (45) !   7.4e-08   34.3   0.0  cm        1       36 []         147         181 + .. 1.00    no 0.77

                          v                             v NC
                     :::::<<<--<<<<<<_________>>>>>>-->>> CS
  patent_aligned   1 GGUCAGACCCUGGUCCGGGGCAAUGGGACCACUGUU 36 
                     GGUC GACCC GG CC  GGCAA GGG CC CUGU 
  ind_0054_00010 147 GGUCGGACCCCGGCCCAAGGCAACGGGGCCGCUGU- 181
                     ***********************************. PP

>> ind_0054_00021  
 rank     E-value  score  bias mdl mdl from   mdl to       seq from      seq to       acc trunc   gc
 ----   --------- ------ ----- --- -------- --------    ----------- -----------      ---- ----- ----
 (46) !   8.1e-08   34.2   0.0  cm        1       36 []         147         182 + .. 1.00    no 0.72

                                                          NC
                     :::::<<<--<<<<<<_________>>>>>>-->>> CS
  patent_aligned   1 GGUCAGACCCUGGUCCGGGGCAAUGGGACCACUGUU 36 
                     G UC GACC  GG CCG GGCAA GGG CC CUGUU
  ind_0054_00021 147 GUUCGGACCUCGGCCCGAGGCAACGGGGCCGCUGUU 182
                     ************************************ PP

>> ind_0054_00043  
 rank     E-value  score  bias mdl mdl from   mdl to       seq from      seq to       acc trunc   gc
 ----   --------- ------ ----- --- -------- --------    ----------- -----------      ---- ----- ----
 (47) !   8.5e-08   34.1   0.0  cm        1       36 []         147         182 + .. 1.00    no 0.78

                                    v         v           NC
                     :::::<<<--<<<<<<_________>>>>>>-->>> CS
  patent_aligned   1 GGUCAGACCCUGGUCCGGGGCAAUGGGACCACUGUU 36 
                     GGUC GACCC GG C G GGCAA G G CC CUGUU
  ind_0054_00043 147 GGUCGGACCCCGGCCCGAGGCAACGCGGCCGCUGUU 182
                     ************************************ PP

>> ind_0054_00024  
 rank     E-value  score  bias mdl mdl from   mdl to       seq from      seq to       acc trunc   gc
 ----   --------- ------ ----- --- -------- --------    ----------- -----------      ---- ----- ----
 (48) !   1.2e-07   33.6   0.0  cm        1       36 []         147         182 + .. 1.00    no 0.75

                                                          NC
                     :::::<<<--<<<<<<_________>>>>>>-->>> CS
  patent_aligned   1 GGUCAGACCCUGGUCCGGGGCAAUGGGACCACUGUU 36 
                     GGUC GAC C GG CCG GGCAA GGG CC C GUU
  ind_0054_00024 147 GGUCGGACACCGGCCCGAGGCAACGGGGCCGCAGUU 182
                     ************************************ PP

>> ind_0054_00044  
 rank     E-value  score  bias mdl mdl from   mdl to       seq from      seq to       acc trunc   gc
 ----   --------- ------ ----- --- -------- --------    ----------- -----------      ---- ----- ----
 (49) !   7.3e-07   30.6   0.0  cm        1       36 []         147         182 + .. 1.00    no 0.78

                                    v         v           NC
                     :::::<<<--<<<<<<_________>>>>>>-->>> CS
  patent_aligned   1 GGUCAGACCCUGGUCCGGGGCAAUGGGACCACUGUU 36 
                     GG C GACCC GG C G GGCAA G G CC CUGUU
  ind_0054_00044 147 GGGCGGACCCCGGCCCGAGGCAACGAGGCCGCUGUU 182
                     ************************************ PP

>> ind_0054_00029  
 rank     E-value  score  bias mdl mdl from   mdl to       seq from      seq to       acc trunc   gc
 ----   --------- ------ ----- --- -------- --------    ----------- -----------      ---- ----- ----
 (50) !   2.6e-05   24.7   0.0  cm        1       36 []         147         182 + .. 1.00    no 0.72

                                v  v           v  v       NC
                     :::::<<<--<<<<<<_________>>>>>>-->>> CS
  patent_aligned   1 GGUCAGACCCUGGUCCGGGGCAAUGGGACCACUGUU 36 
                     GGUC GACCC  G  CG GGCAA GG  C  CUGUU
  ind_0054_00029 147 GGUCUGACCCCUGCGCGAGGCAACGGGGCCGCUGUU 182
                     ************************************ PP

>> ind_0054_00031  
 rank     E-value  score  bias mdl mdl from   mdl to       seq from      seq to       acc trunc   gc
 ----   --------- ------ ----- --- -------- --------    ----------- -----------      ---- ----- ----
 (51) ?     0.068   11.8   0.0  cm        1       36 []         155         119 - .. 0.96    no 0.46

                                          NC
                     :::::<<<--~~~~~~->>> CS
  patent_aligned   1 GGUCAGACCC*[22]*UGUU 36 
                     GGUCAGACC       UGUU
  ind_0054_00031 155 GGUCAGACCA*[23]*UGUU 119
                     ********96...*..6*** PP

>> ind_0054_00023  
 rank     E-value  score  bias mdl mdl from   mdl to       seq from      seq to       acc trunc   gc
 ----   --------- ------ ----- --- -------- --------    ----------- -----------      ---- ----- ----
 (52) ?      0.97    7.5   0.0  cm        1       36 []         155         132 - .. 0.98    no 0.54

                          v                    v NC
                     :::::<<<--<<<~~~~~~>>>-->>> CS
  patent_aligned   1 GGUCAGACCCUGG*[15]*CCACUGUU 36 
                     GGUC GACC UGG      CCA UGU 
  ind_0054_00023 155 GGUCCGACCAUGG*[ 4]*CCAGUGU- 132
                     ************9...9..9******. PP



Internal CM pipeline statistics summary:
----------------------------------------
Query model(s):                                                  1  (36 consensus positions)
Target sequences:                                               50  (19700 residues searched)
Target sequences re-searched for truncated hits:                50  (10200 residues re-searched)
Windows   passing  local HMM SSV           filter:             241  (0.4713); expected (0.35)
Windows   passing  local HMM Viterbi       filter:                  (off)
Windows   passing  local HMM Viterbi  bias filter:                  (off)
Windows   passing  local HMM Forward       filter:             118  (0.2293); expected (0.02)
Windows   passing  local HMM Forward  bias filter:             112  (0.2156); expected (0.02)
Windows   passing glocal HMM Forward       filter:              62  (0.1439); expected (0.02)
Windows   passing glocal HMM Forward  bias filter:              62  (0.1439); expected (0.02)
Envelopes passing glocal HMM envelope defn filter:              62  (0.0793); expected (0.02)
Envelopes passing  local CM  CYK           filter:              59  (0.07421); expected (0.0001)
Total CM hits reported:                                         52  (0.06217); includes 0 truncated hit(s)

# CPU time: 0.17u 0.00s 00:00:00.17 Elapsed: 00:00:00.18
# Alignment of 50 hits satisfying inclusion thresholds saved to: optimization_a7/100gen/_workspace/cmsearch_logs/gen_0054/patent_cmsearch.sto
//
[ok]
