# cmsearch :: search CM(s) against a sequence database
# INFERNAL 1.1.5 (Sep 2023)
# Copyright (C) 2023 Howard Hughes Medical Institute.
# Freely distributed under the BSD open source license.
# - - - - - - - - - - - - - - - - - - - - - - - - - - - - - - - - - - - -
# query CM file:                         A7_analysis/patent.cm
# target sequence database:              /tmp/tmp49l0r02_/queries.fa
# output directed to file:               optimization_a7/100gen/_workspace/cmsearch_logs/gen_0049/patent_cmsearch.out
# MSA of significant hits saved to file: optimization_a7/100gen/_workspace/cmsearch_logs/gen_0049/patent_cmsearch.sto
# tabular output of hits:                optimization_a7/100gen/_workspace/cmsearch_logs/gen_0049/patent_cmsearch.tblout
# max ASCII text line length:            unlimited
# sequence reporting threshold:          E-value <= 1000
# number of worker threads:              4
# - - - - - - - - - - - - - - - - - - - - - - - - - - - - - - - - - - - -

Query:       patent_aligned  [CLEN=36]
Hit scores:
 rank     E-value  score  bias  sequence        start    end   mdl trunc   gc  description
 ----   --------- ------ -----  -------------- ------ ------   --- ----- ----  -----------
  (1) !   2.4e-10   43.7   0.0  ind_0049_00007    147    182 +  cm    no 0.78  -
  (2) !   2.4e-10   43.7   0.0  ind_0049_00001    147    182 +  cm    no 0.78  -
  (3) !   2.4e-10   43.7   0.0  ind_0049_00003    147    182 +  cm    no 0.78  -
  (4) !   2.4e-10   43.7   0.0  ind_0049_00004    147    182 +  cm    no 0.78  -
  (5) !   2.4e-10   43.7   0.0  ind_0049_00005    147    182 +  cm    no 0.78  -
  (6) !   2.4e-10   43.7   0.0  ind_0049_00006    147    182 +  cm    no 0.78  -
  (7) !   2.4e-10   43.7   0.0  ind_0049_00013    147    182 +  cm    no 0.78  -
  (8) !   2.4e-10   43.7   0.0  ind_0049_00022    147    182 +  cm    no 0.78  -
  (9) !   2.4e-10   43.7   0.0  ind_0049_00025    147    182 +  cm    no 0.78  -
 (10) !   2.4e-10   43.7   0.0  ind_0049_00032    147    182 +  cm    no 0.78  -
 (11) !   2.4e-10   43.7   0.0  ind_0049_00040    147    182 +  cm    no 0.78  -
 (12) !   2.4e-10   43.7   0.0  ind_0049_00044    147    182 +  cm    no 0.78  -
 (13) !   2.4e-10   43.7   0.0  ind_0049_00046    147    182 +  cm    no 0.78  -
 (14) !   2.4e-10   43.7   0.0  ind_0049_00047    147    182 +  cm    no 0.78  -
 (15) !   2.4e-10   43.7   0.0  ind_0049_00049    147    182 +  cm    no 0.78  -
 (16) !   2.7e-10   43.5   0.0  ind_0049_00000    147    182 +  cm    no 0.75  -
 (17) !   2.7e-10   43.5   0.0  ind_0049_00002    147    182 +  cm    no 0.75  -
 (18) !   2.7e-10   43.5   0.0  ind_0049_00008    147    182 +  cm    no 0.75  -
 (19) !   2.7e-10   43.5   0.0  ind_0049_00009    147    182 +  cm    no 0.75  -
 (20) !   2.7e-10   43.5   0.0  ind_0049_00014    147    182 +  cm    no 0.75  -
 (21) !   2.7e-10   43.5   0.0  ind_0049_00015    147    182 +  cm    no 0.75  -
 (22) !   2.7e-10   43.5   0.0  ind_0049_00018    147    182 +  cm    no 0.75  -
 (23) !   2.7e-10   43.5   0.0  ind_0049_00036    147    182 +  cm    no 0.75  -
 (24) !   2.7e-10   43.5   0.0  ind_0049_00041    147    182 +  cm    no 0.75  -
 (25) !   2.9e-09   39.6   0.0  ind_0049_00023    147    182 +  cm    no 0.72  -
 (26) !   4.1e-09   39.0   0.0  ind_0049_00020    147    182 +  cm    no 0.72  -
 (27) !   4.3e-09   39.0   0.0  ind_0049_00031    147    182 +  cm    no 0.75  -
 (28) !   4.8e-09   38.8   0.0  ind_0049_00045    147    182 +  cm    no 0.75  -
 (29) !   6.3e-09   38.3   0.0  ind_0049_00026    147    182 +  cm    no 0.75  -
 (30) !   8.5e-09   37.8   0.0  ind_0049_00011    147    182 +  cm    no 0.75  -
 (31) !   8.7e-09   37.8   0.0  ind_0049_00027    147    182 +  cm    no 0.72  -
 (32) !     1e-08   37.5   0.0  ind_0049_00033    147    182 +  cm    no 0.75  -
 (33) !     1e-08   37.5   0.0  ind_0049_00035    147    182 +  cm    no 0.81  -
 (34) !   1.1e-08   37.4   0.0  ind_0049_00034    147    182 +  cm    no 0.75  -
 (35) !   1.8e-08   36.6   0.0  ind_0049_00019    147    182 +  cm    no 0.78  -
 (36) !   2.1e-08   36.3   0.0  ind_0049_00037    147    182 +  cm    no 0.78  -
 (37) !   6.6e-08   34.5   0.0  ind_0049_00039    147    182 +  cm    no 0.75  -
 (38) !   8.5e-08   34.1   0.0  ind_0049_00030    147    182 +  cm    no 0.78  -
 (39) !   8.5e-08   34.1   0.0  ind_0049_00038    147    182 +  cm    no 0.78  -
 (40) !   9.5e-08   33.9   0.0  ind_0049_00016    147    182 +  cm    no 0.75  -
 (41) !   1.4e-07   33.2   0.0  ind_0049_00012    147    182 +  cm    no 0.69  -
 (42) !   1.5e-07   33.1   0.0  ind_0049_00010    147    182 +  cm    no 0.78  -
 (43) !   1.6e-07   33.1   0.0  ind_0049_00029    147    181 +  cm    no 0.77  -
 (44) !   1.6e-07   33.0   0.0  ind_0049_00043    147    182 +  cm    no 0.75  -
 (45) !   5.2e-07   31.1   0.0  ind_0049_00017    147    180 +  cm    no 0.79  -
 (46) !   8.3e-07   30.4   0.0  ind_0049_00048    147    182 +  cm    no 0.75  -
 (47) !   1.9e-06   29.0   0.0  ind_0049_00021    147    182 +  cm    no 0.72  -
 (48) !   2.1e-06   28.9   0.0  ind_0049_00024    147    182 +  cm    no 0.72  -
 (49) !   8.9e-06   26.5   0.0  ind_0049_00042    147    182 +  cm    no 0.67  -
 (50) !    0.0024   17.3   0.0  ind_0049_00028    147    182 +  cm    no 0.72  -
 (51) !    0.0042   16.4   0.0  ind_0049_00043    155    119 -  cm    no 0.41  -
 ------ inclusion threshold ------
 (52) ?     0.013   14.6   0.0  ind_0049_00009    155    119 -  cm    no 0.38  -
 (53) ?     0.046   12.5   0.0  ind_0049_00042    155    119 -  cm    no 0.43  -
 (54) ?     0.068   11.9   0.0  ind_0049_00008    155    119 -  cm    no 0.46  -
 (55) ?     0.068   11.8   0.0  ind_0049_00041    155    119 -  cm    no 0.46  -
 (56) ?      0.14   10.6   0.0  ind_0049_00018    155    119 -  cm    no 0.49  -
 (57) ?      0.14   10.6   0.0  ind_0049_00027    155    119 -  cm    no 0.49  -


Hit alignments:
>> ind_0049_00007  
 rank     E-value  score  bias mdl mdl from   mdl to       seq from      seq to       acc trunc   gc
 ----   --------- ------ ----- --- -------- --------    ----------- -----------      ---- ----- ----
  (1) !   2.4e-10   43.7   0.0  cm        1       36 []         147         182 + .. 1.00    no 0.78

                                                          NC
                     :::::<<<--<<<<<<_________>>>>>>-->>> CS
  patent_aligned   1 GGUCAGACCCUGGUCCGGGGCAAUGGGACCACUGUU 36 
                     GGUC GACCC GG CC GGGCAA GGG CC CUGUU
  ind_0049_00007 147 GGUCGGACCCCGGCCCAGGGCAACGGGGCCGCUGUU 182
                     ************************************ PP

>> ind_0049_00001  
 rank     E-value  score  bias mdl mdl from   mdl to       seq from      seq to       acc trunc   gc
 ----   --------- ------ ----- --- -------- --------    ----------- -----------      ---- ----- ----
  (2) !   2.4e-10   43.7   0.0  cm        1       36 []         147         182 + .. 1.00    no 0.78

                                                          NC
                     :::::<<<--<<<<<<_________>>>>>>-->>> CS
  patent_aligned   1 GGUCAGACCCUGGUCCGGGGCAAUGGGACCACUGUU 36 
                     GGUC GACCC GG CCG GGCAA GGG CC CUGUU
  ind_0049_00001 147 GGUCGGACCCCGGCCCGAGGCAACGGGGCCGCUGUU 182
                     ************************************ PP

>> ind_0049_00003  
 rank     E-value  score  bias mdl mdl from   mdl to       seq from      seq to       acc trunc   gc
 ----   --------- ------ ----- --- -------- --------    ----------- -----------      ---- ----- ----
  (3) !   2.4e-10   43.7   0.0  cm        1       36 []         147         182 + .. 1.00    no 0.78

                                                          NC
                     :::::<<<--<<<<<<_________>>>>>>-->>> CS
  patent_aligned   1 GGUCAGACCCUGGUCCGGGGCAAUGGGACCACUGUU 36 
                     GGUC GACCC GG CCG GGCAA GGG CC CUGUU
  ind_0049_00003 147 GGUCGGACCCCGGCCCGAGGCAACGGGGCCGCUGUU 182
                     ************************************ PP

>> ind_0049_00004  
 rank     E-value  score  bias mdl mdl from   mdl to       seq from      seq to       acc trunc   gc
 ----   --------- ------ ----- --- -------- --------    ----------- -----------      ---- ----- ----
  (4) !   2.4e-10   43.7   0.0  cm        1       36 []         147         182 + .. 1.00    no 0.78

                                                          NC
                     :::::<<<--<<<<<<_________>>>>>>-->>> CS
  patent_aligned   1 GGUCAGACCCUGGUCCGGGGCAAUGGGACCACUGUU 36 
                     GGUC GACCC GG CCG GGCAA GGG CC CUGUU
  ind_0049_00004 147 GGUCGGACCCCGGCCCGAGGCAACGGGGCCGCUGUU 182
                     ************************************ PP

>> ind_0049_00005  
 rank     E-value  score  bias mdl mdl from   mdl to       seq from      seq to       acc trunc   gc
 ----   --------- ------ ----- --- -------- --------    ----------- -----------      ---- ----- ----
  (5) !   2.4e-10   43.7   0.0  cm        1       36 []         147         182 + .. 1.00    no 0.78

                                                          NC
                     :::::<<<--<<<<<<_________>>>>>>-->>> CS
  patent_aligned   1 GGUCAGACCCUGGUCCGGGGCAAUGGGACCACUGUU 36 
                     GGUC GACCC GG CCG GGCAA GGG CC CUGUU
  ind_0049_00005 147 GGUCGGACCCCGGCCCGAGGCAACGGGGCCGCUGUU 182
                     ************************************ PP

>> ind_0049_00006  
 rank     E-value  score  bias mdl mdl from   mdl to       seq from      seq to       acc trunc   gc
 ----   --------- ------ ----- --- -------- --------    ----------- -----------      ---- ----- ----
  (6) !   2.4e-10   43.7   0.0  cm        1       36 []         147         182 + .. 1.00    no 0.78

                                                          NC
                     :::::<<<--<<<<<<_________>>>>>>-->>> CS
  patent_aligned   1 GGUCAGACCCUGGUCCGGGGCAAUGGGACCACUGUU 36 
                     GGUC GACCC GG CCG GGCAA GGG CC CUGUU
  ind_0049_00006 147 GGUCGGACCCCGGCCCGAGGCAACGGGGCCGCUGUU 182
                     ************************************ PP

>> ind_0049_00013  
 rank     E-value  score  bias mdl mdl from   mdl to       seq from      seq to       acc trunc   gc
 ----   --------- ------ ----- --- -------- --------    ----------- -----------      ---- ----- ----
  (7) !   2.4e-10   43.7   0.0  cm        1       36 []         147         182 + .. 1.00    no 0.78

                                                          NC
                     :::::<<<--<<<<<<_________>>>>>>-->>> CS
  patent_aligned   1 GGUCAGACCCUGGUCCGGGGCAAUGGGACCACUGUU 36 
                     GGUC GACCC GG CCG GGCAA GGG CC CUGUU
  ind_0049_00013 147 GGUCGGACCCCGGCCCGAGGCAACGGGGCCGCUGUU 182
                     ************************************ PP

>> ind_0049_00022  
 rank     E-value  score  bias mdl mdl from   mdl to       seq from      seq to       acc trunc   gc
 ----   --------- ------ ----- --- -------- --------    ----------- -----------      ---- ----- ----
  (8) !   2.4e-10   43.7   0.0  cm        1       36 []         147         182 + .. 1.00    no 0.78

                                                          NC
                     :::::<<<--<<<<<<_________>>>>>>-->>> CS
  patent_aligned   1 GGUCAGACCCUGGUCCGGGGCAAUGGGACCACUGUU 36 
                     GGUC GACCC GG CCG GGCAA GGG CC CUGUU
  ind_0049_00022 147 GGUCGGACCCCGGCCCGAGGCAACGGGGCCGCUGUU 182
                     ************************************ PP

>> ind_0049_00025  
 rank     E-value  score  bias mdl mdl from   mdl to       seq from      seq to       acc trunc   gc
 ----   --------- ------ ----- --- -------- --------    ----------- -----------      ---- ----- ----
  (9) !   2.4e-10   43.7   0.0  cm        1       36 []         147         182 + .. 1.00    no 0.78

                                                          NC
                     :::::<<<--<<<<<<_________>>>>>>-->>> CS
  patent_aligned   1 GGUCAGACCCUGGUCCGGGGCAAUGGGACCACUGUU 36 
                     GGUC GACCC GG CCG GGCAA GGG CC CUGUU
  ind_0049_00025 147 GGUCGGACCCCGGCCCGAGGCAACGGGGCCGCUGUU 182
                     ************************************ PP

>> ind_0049_00032  
 rank     E-value  score  bias mdl mdl from   mdl to       seq from      seq to       acc trunc   gc
 ----   --------- ------ ----- --- -------- --------    ----------- -----------      ---- ----- ----
 (10) !   2.4e-10   43.7   0.0  cm        1       36 []         147         182 + .. 1.00    no 0.78

                                                          NC
                     :::::<<<--<<<<<<_________>>>>>>-->>> CS
  patent_aligned   1 GGUCAGACCCUGGUCCGGGGCAAUGGGACCACUGUU 36 
                     GGUC GACCC GG CCG GGCAA GGG CC CUGUU
  ind_0049_00032 147 GGUCGGACCCCGGCCCGAGGCAACGGGGCCGCUGUU 182
                     ************************************ PP

>> ind_0049_00040  
 rank     E-value  score  bias mdl mdl from   mdl to       seq from      seq to       acc trunc   gc
 ----   --------- ------ ----- --- -------- --------    ----------- -----------      ---- ----- ----
 (11) !   2.4e-10   43.7   0.0  cm        1       36 []         147         182 + .. 1.00    no 0.78

                                                          NC
                     :::::<<<--<<<<<<_________>>>>>>-->>> CS
  patent_aligned   1 GGUCAGACCCUGGUCCGGGGCAAUGGGACCACUGUU 36 
                     GGUC GACCC GG CCG GGCAA GGG CC CUGUU
  ind_0049_00040 147 GGUCGGACCCCGGCCCGAGGCAACGGGGCCGCUGUU 182
                     ************************************ PP

>> ind_0049_00044  
 rank     E-value  score  bias mdl mdl from   mdl to       seq from      seq to       acc trunc   gc
 ----   --------- ------ ----- --- -------- --------    ----------- -----------      ---- ----- ----
 (12) !   2.4e-10   43.7   0.0  cm        1       36 []         147         182 + .. 1.00    no 0.78

                                                          NC
                     :::::<<<--<<<<<<_________>>>>>>-->>> CS
  patent_aligned   1 GGUCAGACCCUGGUCCGGGGCAAUGGGACCACUGUU 36 
                     GGUC GACCC GG CCG GGCAA GGG CC CUGUU
  ind_0049_00044 147 GGUCGGACCCCGGCCCGAGGCAACGGGGCCGCUGUU 182
                     ************************************ PP

>> ind_0049_00046  
 rank     E-value  score  bias mdl mdl from   mdl to       seq from      seq to       acc trunc   gc
 ----   --------- ------ ----- --- -------- --------    ----------- -----------      ---- ----- ----
 (13) !   2.4e-10   43.7   0.0  cm        1       36 []         147         182 + .. 1.00    no 0.78

                                                          NC
                     :::::<<<--<<<<<<_________>>>>>>-->>> CS
  patent_aligned   1 GGUCAGACCCUGGUCCGGGGCAAUGGGACCACUGUU 36 
                     GGUC GACCC GG CCG GGCAA GGG CC CUGUU
  ind_0049_00046 147 GGUCGGACCCCGGCCCGAGGCAACGGGGCCGCUGUU 182
                     ************************************ PP

>> ind_0049_00047  
 rank     E-value  score  bias mdl mdl from   mdl to       seq from      seq to       acc trunc   gc
 ----   --------- ------ ----- --- -------- --------    ----------- -----------      ---- ----- ----
 (14) !   2.4e-10   43.7   0.0  cm        1       36 []         147         182 + .. 1.00    no 0.78

                                                          NC
                     :::::<<<--<<<<<<_________>>>>>>-->>> CS
  patent_aligned   1 GGUCAGACCCUGGUCCGGGGCAAUGGGACCACUGUU 36 
                     GGUC GACCC GG CCG GGCAA GGG CC CUGUU
  ind_0049_00047 147 GGUCGGACCCCGGCCCGAGGCAACGGGGCCGCUGUU 182
                     ************************************ PP

>> ind_0049_00049  
 rank     E-value  score  bias mdl mdl from   mdl to       seq from      seq to       acc trunc   gc
 ----   --------- ------ ----- --- -------- --------    ----------- -----------      ---- ----- ----
 (15) !   2.4e-10   43.7   0.0  cm        1       36 []         147         182 + .. 1.00    no 0.78

                                                          NC
                     :::::<<<--<<<<<<_________>>>>>>-->>> CS
  patent_aligned   1 GGUCAGACCCUGGUCCGGGGCAAUGGGACCACUGUU 36 
                     GGUC GACCC GG CCG GGCAA GGG CC CUGUU
  ind_0049_00049 147 GGUCGGACCCCGGCCCGAGGCAACGGGGCCGCUGUU 182
                     ************************************ PP

>> ind_0049_00000  
 rank     E-value  score  bias mdl mdl from   mdl to       seq from      seq to       acc trunc   gc
 ----   --------- ------ ----- --- -------- --------    ----------- -----------      ---- ----- ----
 (16) !   2.7e-10   43.5   0.0  cm        1       36 []         147         182 + .. 1.00    no 0.75

                                                          NC
                     :::::<<<--<<<<<<_________>>>>>>-->>> CS
  patent_aligned   1 GGUCAGACCCUGGUCCGGGGCAAUGGGACCACUGUU 36 
                     GGUC GACCC GG CCG GGCAA GGG CC CUGUU
  ind_0049_00000 147 GGUCUGACCCCGGCCCGAGGCAACGGGGCCGCUGUU 182
                     ************************************ PP

>> ind_0049_00002  
 rank     E-value  score  bias mdl mdl from   mdl to       seq from      seq to       acc trunc   gc
 ----   --------- ------ ----- --- -------- --------    ----------- -----------      ---- ----- ----
 (17) !   2.7e-10   43.5   0.0  cm        1       36 []         147         182 + .. 1.00    no 0.75

                                                          NC
                     :::::<<<--<<<<<<_________>>>>>>-->>> CS
  patent_aligned   1 GGUCAGACCCUGGUCCGGGGCAAUGGGACCACUGUU 36 
                     GGUC GACCC GG CCG GGCAA GGG CC CUGUU
  ind_0049_00002 147 GGUCUGACCCCGGCCCGAGGCAACGGGGCCGCUGUU 182
                     ************************************ PP

>> ind_0049_00008  
 rank     E-value  score  bias mdl mdl from   mdl to       seq from      seq to       acc trunc   gc
 ----   --------- ------ ----- --- -------- --------    ----------- -----------      ---- ----- ----
 (18) !   2.7e-10   43.5   0.0  cm        1       36 []         147         182 + .. 1.00    no 0.75

                                                          NC
                     :::::<<<--<<<<<<_________>>>>>>-->>> CS
  patent_aligned   1 GGUCAGACCCUGGUCCGGGGCAAUGGGACCACUGUU 36 
                     GGUC GACCC GG CCG GGCAA GGG CC CUGUU
  ind_0049_00008 147 GGUCUGACCCCGGCCCGAGGCAACGGGGCCGCUGUU 182
                     ************************************ PP

>> ind_0049_00009  
 rank     E-value  score  bias mdl mdl from   mdl to       seq from      seq to       acc trunc   gc
 ----   --------- ------ ----- --- -------- --------    ----------- -----------      ---- ----- ----
 (19) !   2.7e-10   43.5   0.0  cm        1       36 []         147         182 + .. 1.00    no 0.75

                                                          NC
                     :::::<<<--<<<<<<_________>>>>>>-->>> CS
  patent_aligned   1 GGUCAGACCCUGGUCCGGGGCAAUGGGACCACUGUU 36 
                     GGUC GACCC GG CCG GGCAA GGG CC CUGUU
  ind_0049_00009 147 GGUCUGACCCCGGCCCGAGGCAACGGGGCCGCUGUU 182
                     ************************************ PP

>> ind_0049_00014  
 rank     E-value  score  bias mdl mdl from   mdl to       seq from      seq to       acc trunc   gc
 ----   --------- ------ ----- --- -------- --------    ----------- -----------      ---- ----- ----
 (20) !   2.7e-10   43.5   0.0  cm        1       36 []         147         182 + .. 1.00    no 0.75

                                                          NC
                     :::::<<<--<<<<<<_________>>>>>>-->>> CS
  patent_aligned   1 GGUCAGACCCUGGUCCGGGGCAAUGGGACCACUGUU 36 
                     GGUC GACCC GG CCG GGCAA GGG CC CUGUU
  ind_0049_00014 147 GGUCUGACCCCGGCCCGAGGCAACGGGGCCGCUGUU 182
                     ************************************ PP

>> ind_0049_00015  
 rank     E-value  score  bias mdl mdl from   mdl to       seq from      seq to       acc trunc   gc
 ----   --------- ------ ----- --- -------- --------    ----------- -----------      ---- ----- ----
 (21) !   2.7e-10   43.5   0.0  cm        1       36 []         147         182 + .. 1.00    no 0.75

                                                          NC
                     :::::<<<--<<<<<<_________>>>>>>-->>> CS
  patent_aligned   1 GGUCAGACCCUGGUCCGGGGCAAUGGGACCACUGUU 36 
                     GGUC GACCC GG CCG GGCAA GGG CC CUGUU
  ind_0049_00015 147 GGUCUGACCCCGGCCCGAGGCAACGGGGCCGCUGUU 182
                     ************************************ PP

>> ind_0049_00018  
 rank     E-value  score  bias mdl mdl from   mdl to       seq from      seq to       acc trunc   gc
 ----   --------- ------ ----- --- -------- --------    ----------- -----------      ---- ----- ----
 (22) !   2.7e-10   43.5   0.0  cm        1       36 []         147         182 + .. 1.00    no 0.75

                                                          NC
                     :::::<<<--<<<<<<_________>>>>>>-->>> CS
  patent_aligned   1 GGUCAGACCCUGGUCCGGGGCAAUGGGACCACUGUU 36 
                     GGUC GACCC GG CCG GGCAA GGG CC CUGUU
  ind_0049_00018 147 GGUCUGACCCCGGCCCGAGGCAACGGGGCCGCUGUU 182
                     ************************************ PP

>> ind_0049_00036  
 rank     E-value  score  bias mdl mdl from   mdl to       seq from      seq to       acc trunc   gc
 ----   --------- ------ ----- --- -------- --------    ----------- -----------      ---- ----- ----
 (23) !   2.7e-10   43.5   0.0  cm        1       36 []         147         182 + .. 1.00    no 0.75

                                                          NC
                     :::::<<<--<<<<<<_________>>>>>>-->>> CS
  patent_aligned   1 GGUCAGACCCUGGUCCGGGGCAAUGGGACCACUGUU 36 
                     GGUC GACCC GG CCG GGCAA GGG CC CUGUU
  ind_0049_00036 147 GGUCUGACCCCGGCCCGAGGCAACGGGGCCGCUGUU 182
                     ************************************ PP

>> ind_0049_00041  
 rank     E-value  score  bias mdl mdl from   mdl to       seq from      seq to       acc trunc   gc
 ----   --------- ------ ----- --- -------- --------    ----------- -----------      ---- ----- ----
 (24) !   2.7e-10   43.5   0.0  cm        1       36 []         147         182 + .. 1.00    no 0.75

                                                          NC
                     :::::<<<--<<<<<<_________>>>>>>-->>> CS
  patent_aligned   1 GGUCAGACCCUGGUCCGGGGCAAUGGGACCACUGUU 36 
                     GGUC GACCC GG CCG GGCAA GGG CC CUGUU
  ind_0049_00041 147 GGUCUGACCCCGGCCCGAGGCAACGGGGCCGCUGUU 182
                     ************************************ PP

>> ind_0049_00023  
 rank     E-value  score  bias mdl mdl from   mdl to       seq from      seq to       acc trunc   gc
 ----   --------- ------ ----- --- -------- --------    ----------- -----------      ---- ----- ----
 (25) !   2.9e-09   39.6   0.0  cm        1       36 []         147         182 + .. 1.00    no 0.72

                                                          NC
                     :::::<<<--<<<<<<_________>>>>>>-->>> CS
  patent_aligned   1 GGUCAGACCCUGGUCCGGGGCAAUGGGACCACUGUU 36 
                      GUC GACCC GG CCG GGCAA GGG CC CUGUU
  ind_0049_00023 147 AGUCUGACCCCGGCCCGAGGCAACGGGGCCGCUGUU 182
                     ************************************ PP

>> ind_0049_00020  
 rank     E-value  score  bias mdl mdl from   mdl to       seq from      seq to       acc trunc   gc
 ----   --------- ------ ----- --- -------- --------    ----------- -----------      ---- ----- ----
 (26) !   4.1e-09   39.0   0.0  cm        1       36 []         147         182 + .. 1.00    no 0.72

                                                          NC
                     :::::<<<--<<<<<<_________>>>>>>-->>> CS
  patent_aligned   1 GGUCAGACCCUGGUCCGGGGCAAUGGGACCACUGUU 36 
                     GGUC GACCC GG CCG GGCAA GGG CC  UGUU
  ind_0049_00020 147 GGUCUGACCCCGGCCCGAGGCAACGGGGCCGUUGUU 182
                     ************************************ PP

>> ind_0049_00031  
 rank     E-value  score  bias mdl mdl from   mdl to       seq from      seq to       acc trunc   gc
 ----   --------- ------ ----- --- -------- --------    ----------- -----------      ---- ----- ----
 (27) !   4.3e-09   39.0   0.0  cm        1       36 []         147         182 + .. 0.99    no 0.75

                                                          NC
                     :::::<<<--<<<<<<_________>>>>>>-->>> CS
  patent_aligned   1 GGUCAGACCCUGGUCCGGGGCAAUGGGACCACUGUU 36 
                     GGUC GACCC GG CCG GGCAA  GG CC CUGUU
  ind_0049_00031 147 GGUCGGACCCCGGCCCGAGGCAACAGGGCCGCUGUU 182
                     ***********************99*********** PP

>> ind_0049_00045  
 rank     E-value  score  bias mdl mdl from   mdl to       seq from      seq to       acc trunc   gc
 ----   --------- ------ ----- --- -------- --------    ----------- -----------      ---- ----- ----
 (28) !   4.8e-09   38.8   0.0  cm        1       36 []         147         182 + .. 1.00    no 0.75

                                                          NC
                     :::::<<<--<<<<<<_________>>>>>>-->>> CS
  patent_aligned   1 GGUCAGACCCUGGUCCGGGGCAAUGGGACCACUGUU 36 
                     GGUC GACCC GG CCG  GCAA GGG CC CUGUU
  ind_0049_00045 147 GGUCGGACCCCGGCCCGAAGCAACGGGGCCGCUGUU 182
                     ************************************ PP

>> ind_0049_00026  
 rank     E-value  score  bias mdl mdl from   mdl to       seq from      seq to       acc trunc   gc
 ----   --------- ------ ----- --- -------- --------    ----------- -----------      ---- ----- ----
 (29) !   6.3e-09   38.3   0.0  cm        1       36 []         147         182 + .. 1.00    no 0.75

                                                          NC
                     :::::<<<--<<<<<<_________>>>>>>-->>> CS
  patent_aligned   1 GGUCAGACCCUGGUCCGGGGCAAUGGGACCACUGUU 36 
                     GGUC GACCC GG CCG GGCAA GGG CC  UGUU
  ind_0049_00026 147 GGUCGGACCCCGGCCCGAGGCAACGGGGCCGAUGUU 182
                     ************************************ PP

>> ind_0049_00011  
 rank     E-value  score  bias mdl mdl from   mdl to       seq from      seq to       acc trunc   gc
 ----   --------- ------ ----- --- -------- --------    ----------- -----------      ---- ----- ----
 (30) !   8.5e-09   37.8   0.0  cm        1       36 []         147         182 + .. 1.00    no 0.75

                                                          NC
                     :::::<<<--<<<<<<_________>>>>>>-->>> CS
  patent_aligned   1 GGUCAGACCCUGGUCCGGGGCAAUGGGACCACUGUU 36 
                     G UC GACCC GG CCG GGCAA GGG CC CUGUU
  ind_0049_00011 147 GCUCUGACCCCGGCCCGAGGCAACGGGGCCGCUGUU 182
                     ************************************ PP

>> ind_0049_00027  
 rank     E-value  score  bias mdl mdl from   mdl to       seq from      seq to       acc trunc   gc
 ----   --------- ------ ----- --- -------- --------    ----------- -----------      ---- ----- ----
 (31) !   8.7e-09   37.8   0.0  cm        1       36 []         147         182 + .. 1.00    no 0.72

                                                          NC
                     :::::<<<--<<<<<<_________>>>>>>-->>> CS
  patent_aligned   1 GGUCAGACCCUGGUCCGGGGCAAUGGGACCACUGUU 36 
                     GGUC GACCC GG  CG GGCAA GG  CC CUGUU
  ind_0049_00027 147 GGUCUGACCCCGGCUCGAGGCAACGGGGCCGCUGUU 182
                     ************************************ PP

>> ind_0049_00033  
 rank     E-value  score  bias mdl mdl from   mdl to       seq from      seq to       acc trunc   gc
 ----   --------- ------ ----- --- -------- --------    ----------- -----------      ---- ----- ----
 (32) !     1e-08   37.5   0.0  cm        1       36 []         147         182 + .. 1.00    no 0.75

                                                          NC
                     :::::<<<--<<<<<<_________>>>>>>-->>> CS
  patent_aligned   1 GGUCAGACCCUGGUCCGGGGCAAUGGGACCACUGUU 36 
                     GGUC GACCC GG CCG G CAA GGG CC CUGUU
  ind_0049_00033 147 GGUCCGACCCCGGCCCGAGUCAACGGGGCCGCUGUU 182
                     ************************************ PP

>> ind_0049_00035  
 rank     E-value  score  bias mdl mdl from   mdl to       seq from      seq to       acc trunc   gc
 ----   --------- ------ ----- --- -------- --------    ----------- -----------      ---- ----- ----
 (33) !     1e-08   37.5   0.0  cm        1       36 []         147         182 + .. 1.00    no 0.81

                                                          NC
                     :::::<<<--<<<<<<_________>>>>>>-->>> CS
  patent_aligned   1 GGUCAGACCCUGGUCCGGGGCAAUGGGACCACUGUU 36 
                     GGUC GACCC GG CCG GGCAA GGG CC C GUU
  ind_0049_00035 147 GGUCGGACCCCGGCCCGCGGCAACGGGGCCGCAGUU 182
                     ************************************ PP

>> ind_0049_00034  
 rank     E-value  score  bias mdl mdl from   mdl to       seq from      seq to       acc trunc   gc
 ----   --------- ------ ----- --- -------- --------    ----------- -----------      ---- ----- ----
 (34) !   1.1e-08   37.4   0.0  cm        1       36 []         147         182 + .. 1.00    no 0.75

                                                          NC
                     :::::<<<--<<<<<<_________>>>>>>-->>> CS
  patent_aligned   1 GGUCAGACCCUGGUCCGGGGCAAUGGGACCACUGUU 36 
                     GGUC GACCC GG CCG GG AA GGG CC CUGUU
  ind_0049_00034 147 GGUCUGACCCCGGCCCGAGGGAACGGGGCCGCUGUU 182
                     ************************************ PP

>> ind_0049_00019  
 rank     E-value  score  bias mdl mdl from   mdl to       seq from      seq to       acc trunc   gc
 ----   --------- ------ ----- --- -------- --------    ----------- -----------      ---- ----- ----
 (35) !   1.8e-08   36.6   0.0  cm        1       36 []         147         182 + .. 1.00    no 0.78

                           v                           v  NC
                     :::::<<<--<<<<<<_________>>>>>>-->>> CS
  patent_aligned   1 GGUCAGACCCUGGUCCGGGGCAAUGGGACCACUGUU 36 
                     GGUC G CCC GG CC GGGCAA GGG CC CUG U
  ind_0049_00019 147 GGUCGGUCCCCGGCCCAGGGCAACGGGGCCGCUGUU 182
                     ************************************ PP

>> ind_0049_00037  
 rank     E-value  score  bias mdl mdl from   mdl to       seq from      seq to       acc trunc   gc
 ----   --------- ------ ----- --- -------- --------    ----------- -----------      ---- ----- ----
 (36) !   2.1e-08   36.3   0.0  cm        1       36 []         147         182 + .. 1.00    no 0.78

                                                          NC
                     :::::<<<--<<<<<<_________>>>>>>-->>> CS
  patent_aligned   1 GGUCAGACCCUGGUCCGGGGCAAUGGGACCACUGUU 36 
                     GGUC :ACCC GG CC  GGCAA GGG CC CUGU:
  ind_0049_00037 147 GGUCGGACCCCGGCCCAAGGCAACGGGGCCGCUGUC 182
                     ************************************ PP

>> ind_0049_00039  
 rank     E-value  score  bias mdl mdl from   mdl to       seq from      seq to       acc trunc   gc
 ----   --------- ------ ----- --- -------- --------    ----------- -----------      ---- ----- ----
 (37) !   6.6e-08   34.5   0.0  cm        1       36 []         147         182 + .. 1.00    no 0.75

                                v                 v       NC
                     :::::<<<--<<<<<<_________>>>>>>-->>> CS
  patent_aligned   1 GGUCAGACCCUGGUCCGGGGCAAUGGGACCACUGUU 36 
                     GGUC GACCC  G CCG GGCAA GGG C  CUGUU
  ind_0049_00039 147 GGUCGGACCCCUGCCCGAGGCAACGGGGCCGCUGUU 182
                     ************************************ PP

>> ind_0049_00030  
 rank     E-value  score  bias mdl mdl from   mdl to       seq from      seq to       acc trunc   gc
 ----   --------- ------ ----- --- -------- --------    ----------- -----------      ---- ----- ----
 (38) !   8.5e-08   34.1   0.0  cm        1       36 []         147         182 + .. 1.00    no 0.78

                                    v         v           NC
                     :::::<<<--<<<<<<_________>>>>>>-->>> CS
  patent_aligned   1 GGUCAGACCCUGGUCCGGGGCAAUGGGACCACUGUU 36 
                     GGUC GACCC GG C G GGCAA G G CC CUGUU
  ind_0049_00030 147 GGUCGGACCCCGGCCCGAGGCAACGCGGCCGCUGUU 182
                     ************************************ PP

>> ind_0049_00038  
 rank     E-value  score  bias mdl mdl from   mdl to       seq from      seq to       acc trunc   gc
 ----   --------- ------ ----- --- -------- --------    ----------- -----------      ---- ----- ----
 (39) !   8.5e-08   34.1   0.0  cm        1       36 []         147         182 + .. 1.00    no 0.78

                                    v         v           NC
                     :::::<<<--<<<<<<_________>>>>>>-->>> CS
  patent_aligned   1 GGUCAGACCCUGGUCCGGGGCAAUGGGACCACUGUU 36 
                     GGUC GACCC GG C G GGCAA G G CC CUGUU
  ind_0049_00038 147 GGUCGGACCCCGGCCCGAGGCAACGCGGCCGCUGUU 182
                     ************************************ PP

>> ind_0049_00016  
 rank     E-value  score  bias mdl mdl from   mdl to       seq from      seq to       acc trunc   gc
 ----   --------- ------ ----- --- -------- --------    ----------- -----------      ---- ----- ----
 (40) !   9.5e-08   33.9   0.0  cm        1       36 []         147         182 + .. 1.00    no 0.75

                                   v           v          NC
                     :::::<<<--<<<<<<_________>>>>>>-->>> CS
  patent_aligned   1 GGUCAGACCCUGGUCCGGGGCAAUGGGACCACUGUU 36 
                     GGUC GACCC GG  CG GGCAA GG  CC CUGUU
  ind_0049_00016 147 GGUCUGACCCCGGCGCGAGGCAACGGGGCCGCUGUU 182
                     ************************************ PP

>> ind_0049_00012  
 rank     E-value  score  bias mdl mdl from   mdl to       seq from      seq to       acc trunc   gc
 ----   --------- ------ ----- --- -------- --------    ----------- -----------      ---- ----- ----
 (41) !   1.4e-07   33.2   0.0  cm        1       36 []         147         182 + .. 1.00    no 0.69

                                                          NC
                     :::::<<<--<<<<<<_________>>>>>>-->>> CS
  patent_aligned   1 GGUCAGACCCUGGUCCGGGGCAAUGGGACCACUGUU 36 
                     GGU  GACCC GG CC  GGCAA GGG CC CUGUU
  ind_0049_00012 147 GGUAUGACCCCGGCCCAAGGCAACGGGGCCGCUGUU 182
                     ************************************ PP

>> ind_0049_00010  
 rank     E-value  score  bias mdl mdl from   mdl to       seq from      seq to       acc trunc   gc
 ----   --------- ------ ----- --- -------- --------    ----------- -----------      ---- ----- ----
 (42) !   1.5e-07   33.1   0.0  cm        1       36 []         147         182 + .. 0.96    no 0.78

                                                          NC
                     :::::<<<--<<<<<<_________>>>>>>-->>> CS
  patent_aligned   1 GGUCAGACCCUGGUCCGGGGCAAUGGGACCACUGUU 36 
                     GGUC GACCC GG CCG GG  A GGG CC CUGUU
  ind_0049_00010 147 GGUCGGACCCCGGCCCGAGGACACGGGGCCGCUGUU 182
                     *****************99987778*********** PP

>> ind_0049_00029  
 rank     E-value  score  bias mdl mdl from   mdl to       seq from      seq to       acc trunc   gc
 ----   --------- ------ ----- --- -------- --------    ----------- -----------      ---- ----- ----
 (43) !   1.6e-07   33.1   0.0  cm        1       36 []         147         181 + .. 1.00    no 0.77

                          v                             v NC
                     :::::<<<--<<<<<<_________>>>>>>-->>> CS
  patent_aligned   1 GGUCAGACCCUGGUCCGGGGCAAUGGGACCACUGUU 36 
                     GGUC GACCC GG CCG G CAA GGG CC CUGU 
  ind_0049_00029 147 GGUCCGACCCCGGCCCGAGUCAACGGGGCCGCUGU- 181
                     ***********************************. PP

>> ind_0049_00043  
 rank     E-value  score  bias mdl mdl from   mdl to       seq from      seq to       acc trunc   gc
 ----   --------- ------ ----- --- -------- --------    ----------- -----------      ---- ----- ----
 (44) !   1.6e-07   33.0   0.0  cm        1       36 []         147         182 + .. 0.99    no 0.75

                                                          NC
                     :::::<<<--<<<<<<_________>>>>>>-->>> CS
  patent_aligned   1 GGUCAGACCCUGGUCCGGGGCAAUGGGACCACUGUU 36 
                     GGUC GACCC GG CC  GGC A GGG CC CUGUU
  ind_0049_00043 147 GGUCUGACCCCGGCCCAAGGCCACGGGGCCGCUGUU 182
                     *********************9999*********** PP

>> ind_0049_00017  
 rank     E-value  score  bias mdl mdl from   mdl to       seq from      seq to       acc trunc   gc
 ----   --------- ------ ----- --- -------- --------    ----------- -----------      ---- ----- ----
 (45) !   5.2e-07   31.1   0.0  cm        1       36 []         147         180 + .. 1.00    no 0.79

                          vv                           vv NC
                     :::::<<<--<<<<<<_________>>>>>>-->>> CS
  patent_aligned   1 GGUCAGACCCUGGUCCGGGGCAAUGGGACCACUGUU 36 
                     GGUC GACCC GG CCG  GCAA GGG CC CUG  
  ind_0049_00017 147 GGUCGGACCCCGGCCCGAUGCAACGGGGCCGCUG-- 180
                     **********************************.. PP

>> ind_0049_00048  
 rank     E-value  score  bias mdl mdl from   mdl to       seq from      seq to       acc trunc   gc
 ----   --------- ------ ----- --- -------- --------    ----------- -----------      ---- ----- ----
 (46) !   8.3e-07   30.4   0.0  cm        1       36 []         147         182 + .. 1.00    no 0.75

                           v                           v  NC
                     :::::<<<--<<<<<<_________>>>>>>-->>> CS
  patent_aligned   1 GGUCAGACCCUGGUCCGGGGCAAUGGGACCACUGUU 36 
                     GGUC G CCC GG CCG G CAA GGG CC CUG U
  ind_0049_00048 147 GGUCUGCCCCCGGCCCGAGACAACGGGGCCGCUGUU 182
                     ************************************ PP

>> ind_0049_00021  
 rank     E-value  score  bias mdl mdl from   mdl to       seq from      seq to       acc trunc   gc
 ----   --------- ------ ----- --- -------- --------    ----------- -----------      ---- ----- ----
 (47) !   1.9e-06   29.0   0.0  cm        1       36 []         147         182 + .. 1.00    no 0.72

                                   v           v          NC
                     :::::<<<--<<<<<<_________>>>>>>-->>> CS
  patent_aligned   1 GGUCAGACCCUGGUCCGGGGCAAUGGGACCACUGUU 36 
                     GGUC GACCC GG  C  GGCAA GG  CC CUGUU
  ind_0049_00021 147 GGUCUGACCCCGGCGCAAGGCAACGGGGCCGCUGUU 182
                     ************************************ PP

>> ind_0049_00024  
 rank     E-value  score  bias mdl mdl from   mdl to       seq from      seq to       acc trunc   gc
 ----   --------- ------ ----- --- -------- --------    ----------- -----------      ---- ----- ----
 (48) !   2.1e-06   28.9   0.0  cm        1       36 []         147         182 + .. 1.00    no 0.72

                            v     v             v     v   NC
                     :::::<<<--<<<<<<_________>>>>>>-->>> CS
  patent_aligned   1 GGUCAGACCCUGGUCCGGGGCAAUGGGACCACUGUU 36 
                     GGUC GA CC GG CCG GGCAA GGG CC CU UU
  ind_0049_00024 147 GGUCGGAACCCGGACCGAGGCAACGGGGCCGCUGUU 182
                     ************************************ PP

>> ind_0049_00042  
 rank     E-value  score  bias mdl mdl from   mdl to       seq from      seq to       acc trunc   gc
 ----   --------- ------ ----- --- -------- --------    ----------- -----------      ---- ----- ----
 (49) !   8.9e-06   26.5   0.0  cm        1       36 []         147         182 + .. 1.00    no 0.67

                            v                         v   NC
                     :::::<<<--<<<<<<_________>>>>>>-->>> CS
  patent_aligned   1 GGUCAGACCCUGGUCCGGGGCAAUGGGACCACUGUU 36 
                     GGUC GA  C GG CC  GGCAA GGG CC CU UU
  ind_0049_00042 147 GGUCUGACUCCGGCCCAAGGCAACGGGGCCGCUAUU 182
                     ************************************ PP

>> ind_0049_00028  
 rank     E-value  score  bias mdl mdl from   mdl to       seq from      seq to       acc trunc   gc
 ----   --------- ------ ----- --- -------- --------    ----------- -----------      ---- ----- ----
 (50) !    0.0024   17.3   0.0  cm        1       36 []         147         182 + .. 1.00    no 0.72

                           v       v           v       v  NC
                     :::::<<<--<<<<<<_________>>>>>>-->>> CS
  patent_aligned   1 GGUCAGACCCUGGUCCGGGGCAAUGGGACCACUGUU 36 
                     G UC G CCC GG  CG GGCAA GG  CC  UG U
  ind_0049_00028 147 GAUCGGUCCCCGGCCCGAGGCAACGGCGCCGAUGUU 182
                     ************************************ PP

>> ind_0049_00043  
 rank     E-value  score  bias mdl mdl from   mdl to       seq from      seq to       acc trunc   gc
 ----   --------- ------ ----- --- -------- --------    ----------- -----------      ---- ----- ----
 (51) !    0.0042   16.4   0.0  cm        1       36 []         155         119 - .. 0.99    no 0.41

                                           NC
                     :::::<<<--~~~~~~-->>> CS
  patent_aligned   1 GGUCAGACCC*[21]*CUGUU 36 
                     GGUCAGACCC      CUGUU
  ind_0049_00043 155 GGUCAGACCC*[22]*CUGUU 119
                     **********...*..79*** PP

>> ind_0049_00009  
 rank     E-value  score  bias mdl mdl from   mdl to       seq from      seq to       acc trunc   gc
 ----   --------- ------ ----- --- -------- --------    ----------- -----------      ---- ----- ----
 (52) ?     0.013   14.6   0.0  cm        1       36 []         155         119 - .. 0.99    no 0.38

                                          NC
                     :::::<<<--~~~~~~->>> CS
  patent_aligned   1 GGUCAGACCC*[22]*UGUU 36 
                     GGUCAGACCC      UGUU
  ind_0049_00009 155 GGUCAGACCC*[23]*UGUU 119
                     *********9...*..8*** PP

>> ind_0049_00042  
 rank     E-value  score  bias mdl mdl from   mdl to       seq from      seq to       acc trunc   gc
 ----   --------- ------ ----- --- -------- --------    ----------- -----------      ---- ----- ----
 (53) ?     0.046   12.5   0.0  cm        1       36 []         155         119 - .. 0.99    no 0.43

                                           NC
                     :::::<<<--~~~~~~-->>> CS
  patent_aligned   1 GGUCAGACCC*[21]*CUGUU 36 
                      GUCAGACCC      CUGUU
  ind_0049_00042 155 AGUCAGACCC*[22]*CUGUU 119
                     **********...*..79*** PP

>> ind_0049_00008  
 rank     E-value  score  bias mdl mdl from   mdl to       seq from      seq to       acc trunc   gc
 ----   --------- ------ ----- --- -------- --------    ----------- -----------      ---- ----- ----
 (54) ?     0.068   11.9   0.0  cm        1       36 []         155         119 - .. 0.96    no 0.46

                                          NC
                     :::::<<<--~~~~~~->>> CS
  patent_aligned   1 GGUCAGACCC*[22]*UGUU 36 
                     GGUCAGACC       UGUU
  ind_0049_00008 155 GGUCAGACCA*[23]*UGUU 119
                     ********96...*..6*** PP

>> ind_0049_00041  
 rank     E-value  score  bias mdl mdl from   mdl to       seq from      seq to       acc trunc   gc
 ----   --------- ------ ----- --- -------- --------    ----------- -----------      ---- ----- ----
 (55) ?     0.068   11.8   0.0  cm        1       36 []         155         119 - .. 0.96    no 0.46

                                          NC
                     :::::<<<--~~~~~~->>> CS
  patent_aligned   1 GGUCAGACCC*[22]*UGUU 36 
                     GGUCAGACC       UGUU
  ind_0049_00041 155 GGUCAGACCA*[23]*UGUU 119
                     ********96...*..6*** PP

>> ind_0049_00018  
 rank     E-value  score  bias mdl mdl from   mdl to       seq from      seq to       acc trunc   gc
 ----   --------- ------ ----- --- -------- --------    ----------- -----------      ---- ----- ----
 (56) ?      0.14   10.6   0.0  cm        1       36 []         155         119 - .. 0.99    no 0.49

                                        NC
                     :::::<<<-~~~~~~>>> CS
  patent_aligned   1 GGUCAGACC*[24]*GUU 36 
                     GGUCAGACC      GUU
  ind_0049_00018 155 GGUCAGACC*[25]*GUU 119
                     ********8...*..*** PP

>> ind_0049_00027  
 rank     E-value  score  bias mdl mdl from   mdl to       seq from      seq to       acc trunc   gc
 ----   --------- ------ ----- --- -------- --------    ----------- -----------      ---- ----- ----
 (57) ?      0.14   10.6   0.0  cm        1       36 []         155         119 - .. 0.99    no 0.49

                                        NC
                     :::::<<<-~~~~~~>>> CS
  patent_aligned   1 GGUCAGACC*[24]*GUU 36 
                     GGUCAGACC      GUU
  ind_0049_00027 155 GGUCAGACC*[25]*GUU 119
                     ********8...*..*** PP



Internal CM pipeline statistics summary:
----------------------------------------
Query model(s):                                                  1  (36 consensus positions)
Target sequences:                                               50  (19700 residues searched)
Target sequences re-searched for truncated hits:                50  (10200 residues re-searched)
Windows   passing  local HMM SSV           filter:             240  (0.4773); expected (0.35)
Windows   passing  local HMM Viterbi       filter:                  (off)
Windows   passing  local HMM Viterbi  bias filter:                  (off)
Windows   passing  local HMM Forward       filter:             138  (0.288); expected (0.02)
Windows   passing  local HMM Forward  bias filter:             130  (0.2617); expected (0.02)
Windows   passing glocal HMM Forward       filter:              76  (0.192); expected (0.02)
Windows   passing glocal HMM Forward  bias filter:              76  (0.192); expected (0.02)
Envelopes passing glocal HMM envelope defn filter:              76  (0.1001); expected (0.02)
Envelopes passing  local CM  CYK           filter:              72  (0.09455); expected (0.0001)
Total CM hits reported:                                         57  (0.06876); includes 0 truncated hit(s)

# CPU time: 0.34u 0.00s 00:00:00.34 Elapsed: 00:00:00.34
# Alignment of 51 hits satisfying inclusion thresholds saved to: optimization_a7/100gen/_workspace/cmsearch_logs/gen_0049/patent_cmsearch.sto
//
[ok]
