# cmsearch :: search CM(s) against a sequence database
# INFERNAL 1.1.5 (Sep 2023)
# Copyright (C) 2023 Howard Hughes Medical Institute.
# Freely distributed under the BSD open source license.
# - - - - - - - - - - - - - - - - - - - - - - - - - - - - - - - - - - - -
# query CM file:                         A7_analysis/patent.cm
# target sequence database:              /tmp/tmpbpoz9l0q/queries.fa
# output directed to file:               optimization_a7/100gen/_workspace/cmsearch_logs/gen_0006/patent_cmsearch.out
# MSA of significant hits saved to file: optimization_a7/100gen/_workspace/cmsearch_logs/gen_0006/patent_cmsearch.sto
# tabular output of hits:                optimization_a7/100gen/_workspace/cmsearch_logs/gen_0006/patent_cmsearch.tblout
# max ASCII text line length:            unlimited
# sequence reporting threshold:          E-value <= 1000
# number of worker threads:              4
# - - - - - - - - - - - - - - - - - - - - - - - - - - - - - - - - - - - -

Query:       patent_aligned  [CLEN=36]
Hit scores:
 rank     E-value  score  bias  sequence        start    end   mdl trunc   gc  description
 ----   --------- ------ -----  -------------- ------ ------   --- ----- ----  -----------
  (1) !   2.4e-16   66.3   0.0  ind_0006_00003    147    182 +  cm    no 0.64  -
  (2) !   9.2e-14   56.6   0.0  ind_0006_00045    147    182 +  cm    no 0.58  -
  (3) !   9.8e-14   56.4   0.0  ind_0006_00002    147    181 +  cm    no 0.63  -
  (4) !   2.5e-12   51.1   0.0  ind_0006_00021    147    182 +  cm    no 0.64  -
  (5) !   1.4e-11   48.3   0.0  ind_0006_00004    147    182 +  cm    no 0.61  -
  (6) !     2e-11   47.8   0.0  ind_0006_00038    147    182 +  cm    no 0.64  -
  (7) !   2.6e-11   47.3   0.0  ind_0006_00032    147    182 +  cm    no 0.61  -
  (8) !   6.8e-11   45.8   0.0  ind_0006_00037    147    182 +  cm    no 0.64  -
  (9) !     3e-10   43.3   0.0  ind_0006_00042    147    182 +  cm    no 0.69  -
 (10) !   4.2e-10   42.8   0.0  ind_0006_00018    147    182 +  cm    no 0.67  -
 (11) !   5.1e-10   42.5   0.0  ind_0006_00009    147    182 +  cm    no 0.61  -
 (12) !   5.6e-10   42.3   0.0  ind_0006_00014    147    182 +  cm    no 0.58  -
 (13) !   9.4e-10   41.5   0.0  ind_0006_00048    147    182 +  cm    no 0.72  -
 (14) !   4.6e-09   38.8   0.0  ind_0006_00008    147    182 +  cm    no 0.58  -
 (15) !   4.8e-08   35.0   0.0  ind_0006_00039    147    182 +  cm    no 0.61  -
 (16) !   2.6e-07   32.2   0.0  ind_0006_00016    146    180 +  cm    no 0.74  -
 (17) !   4.4e-07   31.4   0.0  ind_0006_00012    147    182 +  cm    no 0.61  -
 (18) !   7.7e-07   30.5   0.0  ind_0006_00031    147    182 +  cm    no 0.67  -
 (19) !   8.8e-07   30.3   0.0  ind_0006_00030    147    180 +  cm    no 0.71  -
 (20) !   1.4e-06   29.4   0.0  ind_0006_00043    146    182 +  cm    no 0.73  -
 (21) !   2.9e-06   28.3   0.0  ind_0006_00000    147    179 +  cm    no 0.76  -
 (22) !   2.9e-06   28.3   0.0  ind_0006_00017    147    179 +  cm    no 0.76  -
 (23) !   3.7e-06   27.9   0.0  ind_0006_00041    152    182 +  cm    no 0.68  -
 (24) !   6.9e-06   26.9   0.0  ind_0006_00007    147    179 +  cm    no 0.73  -
 (25) !   1.1e-05   26.2   0.0  ind_0006_00034    147    182 +  cm    no 0.64  -
 (26) !     2e-05   25.1   0.0  ind_0006_00001    146    182 +  cm    no 0.70  -
 (27) !     2e-05   25.1   0.0  ind_0006_00013    146    182 +  cm    no 0.70  -
 (28) !   3.7e-05   24.2   0.0  ind_0006_00006    147    182 +  cm    no 0.69  -
 (29) !   4.5e-05   23.8   0.0  ind_0006_00047    147    179 +  cm    no 0.73  -
 (30) !   5.4e-05   23.5   0.0  ind_0006_00026    147    179 +  cm    no 0.79  -
 (31) !   7.8e-05   22.9   0.0  ind_0006_00033    147    180 +  cm    no 0.65  -
 (32) !   0.00014   22.0   0.0  ind_0006_00022    147    179 +  cm    no 0.73  -
 (33) !   0.00014   21.9   0.0  ind_0006_00011    147    179 +  cm    no 0.70  -
 (34) !   0.00019   21.5   0.0  ind_0006_00029    147    182 +  cm    no 0.64  -
 (35) !   0.00029   20.8   0.0  ind_0006_00010    146    182 +  cm    no 0.62  -
 (36) !   0.00032   20.6   0.0  ind_0006_00019    150    182 +  cm    no 0.64  -
 (37) !   0.00039   20.3   0.0  ind_0006_00046    147    179 +  cm    no 0.76  -
 (38) !   0.00086   19.0   0.0  ind_0006_00005    146    182 +  cm    no 0.70  -
 (39) !   0.00095   18.8   0.0  ind_0006_00020    150    182 +  cm    no 0.73  -
 (40) !    0.0012   18.5   0.0  ind_0006_00023    147    182 +  cm    no 0.56  -
 (41) !    0.0012   18.4   0.0  ind_0006_00025    146    182 +  cm    no 0.65  -
 (42) !    0.0016   18.0   0.0  ind_0006_00040    147    197 +  cm    3' 0.69  -
 (43) !    0.0025   17.3   0.0  ind_0006_00044    147    182 +  cm    no 0.64  -
 (44) !    0.0034   16.8   0.0  ind_0006_00035    147    182 +  cm    no 0.58  -
 ------ inclusion threshold ------
 (45) ?     0.013   14.6   0.0  ind_0006_00015    147    182 +  cm    no 0.53  -
 (46) ?      0.12   11.0   0.0  ind_0006_00036    147    182 +  cm    no 0.56  -
 (47) ?      0.25    9.7   0.0  ind_0006_00025    171    140 -  cm    no 0.59  -
 (48) ?      0.28    9.6   0.0  ind_0006_00024    147    179 +  cm    no 0.70  -
 (49) ?       0.3    9.4   0.0  ind_0006_00027    152    182 +  cm    no 0.71  -
 (50) ?   3.6e+02   -2.2   0.0  ind_0006_00039    187    197 +  cm    3' 0.45  -
 (51) ?   6.7e+02   -3.2   0.0  ind_0006_00015    143    146 +  cm    no 0.50  -
 (52) ?   7.9e+02   -3.5   0.0  ind_0006_00005    197    197 +  cm    3' 1.00  -
 (53) ?   8.6e+02   -3.6   0.0  ind_0006_00035    194    197 +  cm    3' 0.75  -


Hit alignments:
>> ind_0006_00003  
 rank     E-value  score  bias mdl mdl from   mdl to       seq from      seq to       acc trunc   gc
 ----   --------- ------ ----- --- -------- --------    ----------- -----------      ---- ----- ----
  (1) !   2.4e-16   66.3   0.0  cm        1       36 []         147         182 + .. 1.00    no 0.64

                                                          NC
                     :::::<<<--<<<<<<_________>>>>>>-->>> CS
  patent_aligned   1 GGUCAGACCCUGGUCCGGGGCAAUGGGACCACUGUU 36 
                     GGUCAGACCCUGGUCCGGGGCAAUGGGACCACUGUU
  ind_0006_00003 147 GGUCAGACCCUGGUCCGGGGCAAUGGGACCACUGUU 182
                     ************************************ PP

>> ind_0006_00045  
 rank     E-value  score  bias mdl mdl from   mdl to       seq from      seq to       acc trunc   gc
 ----   --------- ------ ----- --- -------- --------    ----------- -----------      ---- ----- ----
  (2) !   9.2e-14   56.6   0.0  cm        1       36 []         147         182 + .. 1.00    no 0.58

                                                          NC
                     :::::<<<--<<<<<<_________>>>>>>-->>> CS
  patent_aligned   1 GGUCAGACCCUGGUCCGGGGCAAUGGGACCACUGUU 36 
                     GGUCA ACCCUGGUCCGGGG AAUGGGACCACUGU 
  ind_0006_00045 147 GGUCAUACCCUGGUCCGGGGAAAUGGGACCACUGUA 182
                     ************************************ PP

>> ind_0006_00002  
 rank     E-value  score  bias mdl mdl from   mdl to       seq from      seq to       acc trunc   gc
 ----   --------- ------ ----- --- -------- --------    ----------- -----------      ---- ----- ----
  (3) !   9.8e-14   56.4   0.0  cm        1       36 []         147         181 + .. 1.00    no 0.63

                          v                             v NC
                     :::::<<<--<<<<<<_________>>>>>>-->>> CS
  patent_aligned   1 GGUCAGACCCUGGUCCGGGGCAAUGGGACCACUGUU 36 
                     GGUCAGACCCUGGUCCGGGG AAUGGGACCACUGU 
  ind_0006_00002 147 GGUCAGACCCUGGUCCGGGGAAAUGGGACCACUGU- 181
                     ***********************************. PP

>> ind_0006_00021  
 rank     E-value  score  bias mdl mdl from   mdl to       seq from      seq to       acc trunc   gc
 ----   --------- ------ ----- --- -------- --------    ----------- -----------      ---- ----- ----
  (4) !   2.5e-12   51.1   0.0  cm        1       36 []         147         182 + .. 1.00    no 0.64

                          v                             v NC
                     :::::<<<--<<<<<<_________>>>>>>-->>> CS
  patent_aligned   1 GGUCAGACCCUGGUCCGGGGCAAUGGGACCACUGUU 36 
                     GG CA ACCCUGGUCCGGGGCAA GGGACCACUGU 
  ind_0006_00021 147 GGCCAUACCCUGGUCCGGGGCAAAGGGACCACUGUU 182
                     ************************************ PP

>> ind_0006_00004  
 rank     E-value  score  bias mdl mdl from   mdl to       seq from      seq to       acc trunc   gc
 ----   --------- ------ ----- --- -------- --------    ----------- -----------      ---- ----- ----
  (5) !   1.4e-11   48.3   0.0  cm        1       36 []         147         182 + .. 1.00    no 0.61

                                 v               v        NC
                     :::::<<<--<<<<<<_________>>>>>>-->>> CS
  patent_aligned   1 GGUCAGACCCUGGUCCGGGGCAAUGGGACCACUGUU 36 
                     GGUCAGACCCUG UCCGGGG AA GGGA CACUGUU
  ind_0006_00004 147 GGUCAGACCCUGGUCCGGGGUAACGGGAACACUGUU 182
                     ************************************ PP

>> ind_0006_00038  
 rank     E-value  score  bias mdl mdl from   mdl to       seq from      seq to       acc trunc   gc
 ----   --------- ------ ----- --- -------- --------    ----------- -----------      ---- ----- ----
  (6) !     2e-11   47.8   0.0  cm        1       36 []         147         182 + .. 1.00    no 0.64

                          v       v             v       v NC
                     :::::<<<--<<<<<<_________>>>>>>-->>> CS
  patent_aligned   1 GGUCAGACCCUGGUCCGGGGCAAUGGGACCACUGUU 36 
                     GG CA ACCCUGG CCGGGGCAAUGGG CCACUGU 
  ind_0006_00038 147 GGCCAUACCCUGGUCCGGGGCAAUGGGUCCACUGUU 182
                     ************************************ PP

>> ind_0006_00032  
 rank     E-value  score  bias mdl mdl from   mdl to       seq from      seq to       acc trunc   gc
 ----   --------- ------ ----- --- -------- --------    ----------- -----------      ---- ----- ----
  (7) !   2.6e-11   47.3   0.0  cm        1       36 []         147         182 + .. 1.00    no 0.61

                                v                 v       NC
                     :::::<<<--<<<<<<_________>>>>>>-->>> CS
  patent_aligned   1 GGUCAGACCCUGGUCCGGGGCAAUGGGACCACUGUU 36 
                     GGUCAG  CCU GUCCGGGGCAAUGGGAC ACU  U
  ind_0006_00032 147 GGUCAGGUCCUGGUCCGGGGCAAUGGGACAACUGUU 182
                     ************************************ PP

>> ind_0006_00037  
 rank     E-value  score  bias mdl mdl from   mdl to       seq from      seq to       acc trunc   gc
 ----   --------- ------ ----- --- -------- --------    ----------- -----------      ---- ----- ----
  (8) !   6.8e-11   45.8   0.0  cm        1       36 []         147         182 + .. 1.00    no 0.64

                          v                             v NC
                     :::::<<<--<<<<<<_________>>>>>>-->>> CS
  patent_aligned   1 GGUCAGACCCUGGUCCGGGGCAAUGGGACCACUGUU 36 
                     GG CA ACCCUGGUCCG GGC AUGGGACCACUGU 
  ind_0006_00037 147 GGCCAUACCCUGGUCCGAGGCGAUGGGACCACUGUU 182
                     ************************************ PP

>> ind_0006_00042  
 rank     E-value  score  bias mdl mdl from   mdl to       seq from      seq to       acc trunc   gc
 ----   --------- ------ ----- --- -------- --------    ----------- -----------      ---- ----- ----
  (9) !     3e-10   43.3   0.0  cm        1       36 []         147         182 + .. 1.00    no 0.69

                                  v             v         NC
                     :::::<<<--<<<<<<_________>>>>>>-->>> CS
  patent_aligned   1 GGUCAGACCCUGGUCCGGGGCAAUGGGACCACUGUU 36 
                     G UCAGACCCUGG CCGGGGC A GGG CCACUGUU
  ind_0006_00042 147 GUUCAGACCCUGGCCCGGGGCGACGGGACCACUGUU 182
                     *********************9************** PP

>> ind_0006_00018  
 rank     E-value  score  bias mdl mdl from   mdl to       seq from      seq to       acc trunc   gc
 ----   --------- ------ ----- --- -------- --------    ----------- -----------      ---- ----- ----
 (10) !   4.2e-10   42.8   0.0  cm        1       36 []         147         182 + .. 0.99    no 0.67

                                    v         v           NC
                     :::::<<<--<<<<<<_________>>>>>>-->>> CS
  patent_aligned   1 GGUCAGACCCUGGUCCGGGGCAAUGGGACCACUGUU 36 
                     GG CAGACCCUGGUC GGGGC A G GACCACUGUU
  ind_0006_00018 147 GGACAGACCCUGGUCAGGGGCGACGGGACCACUGUU 182
                     *********************9999*********** PP

>> ind_0006_00009  
 rank     E-value  score  bias mdl mdl from   mdl to       seq from      seq to       acc trunc   gc
 ----   --------- ------ ----- --- -------- --------    ----------- -----------      ---- ----- ----
 (11) !   5.1e-10   42.5   0.0  cm        1       36 []         147         182 + .. 1.00    no 0.61

                                v  v           v  v       NC
                     :::::<<<--<<<<<<_________>>>>>>-->>> CS
  patent_aligned   1 GGUCAGACCCUGGUCCGGGGCAAUGGGACCACUGUU 36 
                     GGUCAGACCCU GU CGGG CAAUGG AC ACUGUU
  ind_0006_00009 147 GGUCAGACCCUGGUGCGGGACAAUGGGACGACUGUU 182
                     ************************************ PP

>> ind_0006_00014  
 rank     E-value  score  bias mdl mdl from   mdl to       seq from      seq to       acc trunc   gc
 ----   --------- ------ ----- --- -------- --------    ----------- -----------      ---- ----- ----
 (12) !   5.6e-10   42.3   0.0  cm        1       36 []         147         182 + .. 1.00    no 0.58

                                v  v           v  v       NC
                     :::::<<<--<<<<<<_________>>>>>>-->>> CS
  patent_aligned   1 GGUCAGACCCUGGUCCGGGGCAAUGGGACCACUGUU 36 
                     GGUCAGACCCU GU CGGGG AAUGG AC ACUGUU
  ind_0006_00014 147 GGUCAGACCCUGGUGCGGGGAAAUGGGACAACUGUU 182
                     ************************************ PP

>> ind_0006_00048  
 rank     E-value  score  bias mdl mdl from   mdl to       seq from      seq to       acc trunc   gc
 ----   --------- ------ ----- --- -------- --------    ----------- -----------      ---- ----- ----
 (13) !   9.4e-10   41.5   0.0  cm        1       36 []         147         182 + .. 1.00    no 0.72

                                  vv           vv         NC
                     :::::<<<--<<<<<<_________>>>>>>-->>> CS
  patent_aligned   1 GGUCAGACCCUGGUCCGGGGCAAUGGGACCACUGUU 36 
                     GGUCA:ACCCUGG  CGGGGCAA GG  CCACUGU:
  ind_0006_00048 147 GGUCAGACCCUGGCCCGGGGCAACGGCACCACUGUC 182
                     ************************************ PP

>> ind_0006_00008  
 rank     E-value  score  bias mdl mdl from   mdl to       seq from      seq to       acc trunc   gc
 ----   --------- ------ ----- --- -------- --------    ----------- -----------      ---- ----- ----
 (14) !   4.6e-09   38.8   0.0  cm        1       36 []         147         182 + .. 1.00    no 0.58

                                 v v           v v        NC
                     :::::<<<--<<<<<<_________>>>>>>-->>> CS
  patent_aligned   1 GGUCAGACCCUGGUCCGGGGCAAUGGGACCACUGUU 36 
                     GGUCAGACCCUG U CGGGG AA GG A CACUGUU
  ind_0006_00008 147 GGUCAGACCCUGGUACGGGGUAACGGGAACACUGUU 182
                     ************************************ PP

>> ind_0006_00039  
 rank     E-value  score  bias mdl mdl from   mdl to       seq from      seq to       acc trunc   gc
 ----   --------- ------ ----- --- -------- --------    ----------- -----------      ---- ----- ----
 (15) !   4.8e-08   35.0   0.0  cm        1       36 []         147         182 + .. 1.00    no 0.61

                                  v v         v v         NC
                     :::::<<<--<<<<<<_________>>>>>>-->>> CS
  patent_aligned   1 GGUCAGACCCUGGUCCGGGGCAAUGGGACCACUGUU 36 
                     GG CAGACCCUGG C G GGC AUG G CCACUGUU
  ind_0006_00039 147 GGACAGACCCUGGCCUGAGGCGAUGUGACCACUGUU 182
                     ************************************ PP

>> ind_0006_00016  
 rank     E-value  score  bias mdl mdl from   mdl to       seq from      seq to       acc trunc   gc
 ----   --------- ------ ----- --- -------- --------    ----------- -----------      ---- ----- ----
 (16) !   2.6e-07   32.2   0.0  cm        1       36 []         146         180 + .. 0.99    no 0.74

                           vv      v             v      vv NC
                     :::.::<<<--<<<<<<_________>>>>>>-->>> CS
  patent_aligned   1 GGU.CAGACCCUGGUCCGGGGCAAUGGGACCACUGUU 36 
                     GGU CAGACCCUGG CCGGGGC A GGG CCACUG  
  ind_0006_00016 146 GGUaCAGACCCUGGCCCGGGGCGACGGGACCACUG-- 180
                     **99******************9************.. PP

>> ind_0006_00012  
 rank     E-value  score  bias mdl mdl from   mdl to       seq from      seq to       acc trunc   gc
 ----   --------- ------ ----- --- -------- --------    ----------- -----------      ---- ----- ----
 (17) !   4.4e-07   31.4   0.0  cm        1       36 []         147         182 + .. 0.88    no 0.61

                                    v       v           NC
                     :::::<<<--<<<<<<__~~~~~>>>>>>-->>> CS
  patent_aligned   1 GGUCAGACCCUGGUCCGG*[7]*GGACCACUGUU 36 
                     GGUCAGACCCUGGUC GG      GACCA UGUU
  ind_0006_00012 147 GGUCAGACCCUGGUCCGG*[7]*CGACCAGUGUU 182
                     ***************666..6..6********** PP

>> ind_0006_00031  
 rank     E-value  score  bias mdl mdl from   mdl to       seq from      seq to       acc trunc   gc
 ----   --------- ------ ----- --- -------- --------    ----------- -----------      ---- ----- ----
 (18) !   7.7e-07   30.5   0.0  cm        1       36 []         147         182 + .. 0.96    no 0.67

                            v                         v   NC
                     :::::<<<--<<<<<<____~~~~~>>>>>>-->>> CS
  patent_aligned   1 GGUCAGACCCUGGUCCGGGG*[5]*GGACCACUGUU 36 
                     GG CAGA CCUG UCCGGGG     GGA CACU UU
  ind_0006_00031 147 GGGCAGACCCUGGUCCGGGG*[5]*GGAUCACUAUU 182
                     *****************997..8..*********** PP

>> ind_0006_00030  
 rank     E-value  score  bias mdl mdl from   mdl to       seq from      seq to       acc trunc   gc
 ----   --------- ------ ----- --- -------- --------    ----------- -----------      ---- ----- ----
 (19) !   8.8e-07   30.3   0.0  cm        1       36 []         147         180 + .. 0.98    no 0.71

                          vv       v           v       vv NC
                     :::::<<<--<<<<<<_________>>>>>>-->>> CS
  patent_aligned   1 GGUCAGACCCUGGUCCGGGGCAAUGGGACCACUGUU 36 
                     GG CAGACCCUGGU CG GGCA  GG ACCACUG  
  ind_0006_00030 147 GGACAGACCCUGGUCCGAGGCACCGGCACCACUG-- 180
                     **********************99999*******.. PP

>> ind_0006_00043  
 rank     E-value  score  bias mdl mdl from   mdl to       seq from      seq to       acc trunc   gc
 ----   --------- ------ ----- --- -------- --------    ----------- -----------      ---- ----- ----
 (20) !   1.4e-06   29.4   0.0  cm        1       36 []         146         182 + .. 0.98    no 0.73

                                v                   v      NC
                     :::.::<<<--<<<<<<_________>>>>>>-->>> CS
  patent_aligned   1 GGU.CAGACCCUGGUCCGGGGCAAUGGGACCACUGUU 36 
                     GGU CAGACCC GG CCGGGG  A GGG CC CUGUU
  ind_0006_00043 146 GGUaCAGACCCGGGCCCGGGGUGACGGGGCCACUGUU 182
                     **99*****************99999*********** PP

>> ind_0006_00000  
 rank     E-value  score  bias mdl mdl from   mdl to       seq from      seq to       acc trunc   gc
 ----   --------- ------ ----- --- -------- --------    ----------- -----------      ---- ----- ----
 (21) !   2.9e-06   28.3   0.0  cm        1       36 []         147         179 + .. 0.94    no 0.76

                          vvv   v                 v   vvv NC
                     :::::<<<--<<<<<<_________>>>>>>-->>> CS
  patent_aligned   1 GGUCAGACCCUGGUCCGGGGCAAUGGGACCACUGUU 36 
                     GG CAGACCCU GUCCGGGGC   GGGAC ACU   
  ind_0006_00000 147 GGACAGACCCUCGUCCGGGGCGCCGGGACCACU--- 179
                     ********************95566********... PP

>> ind_0006_00017  
 rank     E-value  score  bias mdl mdl from   mdl to       seq from      seq to       acc trunc   gc
 ----   --------- ------ ----- --- -------- --------    ----------- -----------      ---- ----- ----
 (22) !   2.9e-06   28.3   0.0  cm        1       36 []         147         179 + .. 0.94    no 0.76

                          vvv   v                 v   vvv NC
                     :::::<<<--<<<<<<_________>>>>>>-->>> CS
  patent_aligned   1 GGUCAGACCCUGGUCCGGGGCAAUGGGACCACUGUU 36 
                     GG CAGACCCU GUCCGGGGC   GGGAC ACU   
  ind_0006_00017 147 GGACAGACCCUCGUCCGGGGCGCCGGGACCACU--- 179
                     ********************95566********... PP

>> ind_0006_00041  
 rank     E-value  score  bias mdl mdl from   mdl to       seq from      seq to       acc trunc   gc
 ----   --------- ------ ----- --- -------- --------    ----------- -----------      ---- ----- ----
 (23) !   3.7e-06   27.9   0.0  cm        6       36 .]         152         182 + .. 0.94    no 0.68

                                                       NC
                     <<<--<<<<<<______~~~~~>>>>>>-->>> CS
  patent_aligned   6 GACCCUGGUCCGGGGCA*[3]*GGACCACUGUU 36 
                     :ACCCUGGUCCGG GCA     GGACCACUGU:
  ind_0006_00041 152 GACCCUGGUCCGGAGCA*[3]*GGACCACUGUC 182
                     *************9997..6..*********** PP

>> ind_0006_00007  
 rank     E-value  score  bias mdl mdl from   mdl to       seq from      seq to       acc trunc   gc
 ----   --------- ------ ----- --- -------- --------    ----------- -----------      ---- ----- ----
 (24) !   6.9e-06   26.9   0.0  cm        1       36 []         147         179 + .. 0.98    no 0.73

                          vvv      v           v      vvv NC
                     :::::<<<--<<<<<<_________>>>>>>-->>> CS
  patent_aligned   1 GGUCAGACCCUGGUCCGGGGCAAUGGGACCACUGUU 36 
                     GGU AGACCCUGGU CGGGGCA  GG ACCAC    
  ind_0006_00007 147 GGUUAGACCCUGGUCCGGGGCACCGGCACCACG--- 179
                     **********************99999*****8... PP

>> ind_0006_00034  
 rank     E-value  score  bias mdl mdl from   mdl to       seq from      seq to       acc trunc   gc
 ----   --------- ------ ----- --- -------- --------    ----------- -----------      ---- ----- ----
 (25) !   1.1e-05   26.2   0.0  cm        1       36 []         147         182 + .. 0.99    no 0.64

                                   vv         vv          NC
                     :::::<<<--<<<<<<_________>>>>>>-->>> CS
  patent_aligned   1 GGUCAGACCCUGGUCCGGGGCAAUGGGACCACUGUU 36 
                     GG CAGACC UGGU  GGGGCAA G  ACCA UGUU
  ind_0006_00034 147 GGACAGACCGUGGUGAGGGGCAACGGGACCAGUGUU 182
                     *************************99********* PP

>> ind_0006_00001  
 rank     E-value  score  bias mdl mdl from   mdl to       seq from      seq to       acc trunc   gc
 ----   --------- ------ ----- --- -------- --------    ----------- -----------      ---- ----- ----
 (26) !     2e-05   25.1   0.0  cm        1       36 []         146         182 + .. 0.98    no 0.70

                                v  v             v  v      NC
                     :::.::<<<--<<<<<<_________>>>>>>-->>> CS
  patent_aligned   1 GGU.CAGACCCUGGUCCGGGGCAAUGGGACCACUGUU 36 
                     GGU CAGACCC GG CCGGGG  A GGG CC CUGUU
  ind_0006_00001 146 GGUaCAGACCCGGGCCCGGGGUGACGGGACCACUGUU 182
                     **99*****************99999*********** PP

>> ind_0006_00013  
 rank     E-value  score  bias mdl mdl from   mdl to       seq from      seq to       acc trunc   gc
 ----   --------- ------ ----- --- -------- --------    ----------- -----------      ---- ----- ----
 (27) !     2e-05   25.1   0.0  cm        1       36 []         146         182 + .. 0.98    no 0.70

                                v  v             v  v      NC
                     :::.::<<<--<<<<<<_________>>>>>>-->>> CS
  patent_aligned   1 GGU.CAGACCCUGGUCCGGGGCAAUGGGACCACUGUU 36 
                     GGU CAGACCC GG CCGGGG  A GGG CC CUGUU
  ind_0006_00013 146 GGUaCAGACCCGGGCCCGGGGUGACGGGACCACUGUU 182
                     **99*****************99999*********** PP

>> ind_0006_00006  
 rank     E-value  score  bias mdl mdl from   mdl to       seq from      seq to       acc trunc   gc
 ----   --------- ------ ----- --- -------- --------    ----------- -----------      ---- ----- ----
 (28) !   3.7e-05   24.2   0.0  cm        1       36 []         147         182 + .. 0.96    no 0.69

                            v  v                   v  v   NC
                     :::::<<<--<<<<<<____~~~~~>>>>>>-->>> CS
  patent_aligned   1 GGUCAGACCCUGGUCCGGGG*[5]*GGACCACUGUU 36 
                     GGUCAGA  C GGUCCGGGG     GGACC CU UU
  ind_0006_00006 147 GGUCAGAGACUGGUCCGGGG*[5]*GGACCCCUGUU 182
                     *******************8..8..*********** PP

>> ind_0006_00047  
 rank     E-value  score  bias mdl mdl from   mdl to       seq from      seq to       acc trunc   gc
 ----   --------- ------ ----- --- -------- --------    ----------- -----------      ---- ----- ----
 (29) !   4.5e-05   23.8   0.0  cm        1       36 []         147         179 + .. 0.94    no 0.73

                          vvv   v                 v   vvv NC
                     :::::<<<--<<<<<<_________>>>>>>-->>> CS
  patent_aligned   1 GGUCAGACCCUGGUCCGGGGCAAUGGGACCACUGUU 36 
                     GG  AGACCCU GUCCGGGGC   GGGAC ACU   
  ind_0006_00047 147 GGAUAGACCCUCGUCCGGGGCGCCGGGACCACU--- 179
                     ********************95566********... PP

>> ind_0006_00026  
 rank     E-value  score  bias mdl mdl from   mdl to       seq from      seq to       acc trunc   gc
 ----   --------- ------ ----- --- -------- --------    ----------- -----------      ---- ----- ----
 (30) !   5.4e-05   23.5   0.0  cm        1       36 []         147         179 + .. 0.96    no 0.79

                          vv   v   v           v   v   vv NC
                     :::::<<<--<<<<<<_________>>>>>>-->>> CS
  patent_aligned   1 GGUCAGACCCUGGUCCGGGGCAAUGGGACCACUGUU 36 
                     GGUCAGACCCUGGU CGGGGCA  GG ACC C G  
  ind_0006_00026 147 GGUCAGACCCUGGUCCGGGGCAGCGGCACC-CCG-- 179
                     **********************999*****.778.. PP

>> ind_0006_00033  
 rank     E-value  score  bias mdl mdl from   mdl to       seq from      seq to       acc trunc   gc
 ----   --------- ------ ----- --- -------- --------    ----------- -----------      ---- ----- ----
 (31) !   7.8e-05   22.9   0.0  cm        1       36 []         147         180 + .. 0.99    no 0.65

                          vv      v             v      vv NC
                     :::::<<<--<<<<<<_________>>>>>>-->>> CS
  patent_aligned   1 GGUCAGACCCUGGUCCGGGGCAAUGGGACCACUGUU 36 
                      G CA ACCCUGG CCGG  CAA GGG CCACUG  
  ind_0006_00033 147 UGCCAUACCCUGGUCCGGACCAACGGGUCCACUG-- 180
                     ******************999*************.. PP

>> ind_0006_00022  
 rank     E-value  score  bias mdl mdl from   mdl to       seq from      seq to       acc trunc   gc
 ----   --------- ------ ----- --- -------- --------    ----------- -----------      ---- ----- ----
 (32) !   0.00014   22.0   0.0  cm        1       36 []         147         179 + .. 0.93    no 0.73

                          vvv     v             v     vvv NC
                     :::::<<<--<<<<<<_________>>>>>>-->>> CS
  patent_aligned   1 GGUCAGACCCUGGUCCGGGGCAAUGGGACCACUGUU 36 
                     GG CAGACCCUGG CCG G C  UGGG CCACU   
  ind_0006_00022 147 GGACAGACCCUGGCCCGCGACGCUGGGACCACU--- 179
                     ****************988776777********... PP

>> ind_0006_00011  
 rank     E-value  score  bias mdl mdl from   mdl to       seq from      seq to       acc trunc   gc
 ----   --------- ------ ----- --- -------- --------    ----------- -----------      ---- ----- ----
 (33) !   0.00014   21.9   0.0  cm        1       36 []         147         179 + .. 0.98    no 0.70

                          vvv                    vvv NC
                     :::::<<<--<<<<<~~~~~~>>>>>-->>> CS
  patent_aligned   1 GGUCAGACCCUGGUC*[11]*GACCACUGUU 36 
                     GG CAGACCCUGGUC      GACCACU   
  ind_0006_00011 147 GGACAGACCCUGGUC*[11]*GACCACU--- 179
                     **************9...9..9******... PP

>> ind_0006_00029  
 rank     E-value  score  bias mdl mdl from   mdl to       seq from      seq to       acc trunc   gc
 ----   --------- ------ ----- --- -------- --------    ----------- -----------      ---- ----- ----
 (34) !   0.00019   21.5   0.0  cm        1       36 []         147         182 + .. 0.99    no 0.64

                                   v           v          NC
                     :::::<<<--<<<<<<_________>>>>>>-->>> CS
  patent_aligned   1 GGUCAGACCCUGGUCCGGGGCAAUGGGACCACUGUU 36 
                     G  CA:AC CUGGU CG GG AA GG ACCACUGU:
  ind_0006_00029 147 GCGCAGACACUGGUCCGUGGGAAAGGCACCACUGUC 182
                     ***********************9************ PP

>> ind_0006_00010  
 rank     E-value  score  bias mdl mdl from   mdl to       seq from      seq to       acc trunc   gc
 ----   --------- ------ ----- --- -------- --------    ----------- -----------      ---- ----- ----
 (35) !   0.00029   20.8   0.0  cm        1       36 []         146         182 + .. 0.99    no 0.62

                                 v vv           vv v       NC
                     :::.::<<<--<<<<<<_________>>>>>>-->>> CS
  patent_aligned   1 GGU.CAGACCCUGGUCCGGGGCAAUGGGACCACUGUU 36 
                     GGU CAGACCCU G  CGGG CAA GG  C ACUGUU
  ind_0006_00010 146 GGUaCAGACCCUGGCGCGGGACAACGGGACAACUGUU 182
                     **99********************************* PP

>> ind_0006_00019  
 rank     E-value  score  bias mdl mdl from   mdl to       seq from      seq to       acc trunc   gc
 ----   --------- ------ ----- --- -------- --------    ----------- -----------      ---- ----- ----
 (36) !   0.00032   20.6   0.0  cm        4       36 .]         150         182 + .. 0.93    no 0.64

                               v               v         NC
                     ::<<<--<<<<<<______~~~~~>>>>>>-->>> CS
  patent_aligned   4 CAGACCCUGGUCCGGGGCA*[3]*GGACCACUGUU 36 
                     CAGACCCUGG CC G GCA     GG CCACUGUU
  ind_0006_00019 150 CAGACCCUGGCCCAGAGCA*[3]*GGACCACUGUU 182
                     *************998887..6..*********** PP

>> ind_0006_00046  
 rank     E-value  score  bias mdl mdl from   mdl to       seq from      seq to       acc trunc   gc
 ----   --------- ------ ----- --- -------- --------    ----------- -----------      ---- ----- ----
 (37) !   0.00039   20.3   0.0  cm        1       36 []         147         179 + .. 0.93    no 0.76

                          vvv  vv                 vv  vvv NC
                     :::::<<<--<<<<<<_________>>>>>>-->>> CS
  patent_aligned   1 GGUCAGACCCUGGUCCGGGGCAAUGGGACCACUGUU 36 
                     GG CAGACCC  GUCCGGGGC   GGGAC  CU   
  ind_0006_00046 147 GGACAGACCCUCGUCCGGGGCGCCGGGACCUCU--- 179
                     ********************95566****9999... PP

>> ind_0006_00005  
 rank     E-value  score  bias mdl mdl from   mdl to       seq from      seq to       acc trunc   gc
 ----   --------- ------ ----- --- -------- --------    ----------- -----------      ---- ----- ----
 (38) !   0.00086   19.0   0.0  cm        1       36 []         146         182 + .. 0.87    no 0.70

                                v  v              v  v      NC
                     :::.::<<<--<<<<<<_____.____>>>>>>-->>> CS
  patent_aligned   1 GGU.CAGACCCUGGUCCGGGGC.AAUGGGACCACUGUU 36 
                     GGU CAGACCC GG CCGGGG   A GGG CCACUGUU
  ind_0006_00005 146 GGUaCAGACCC-GGGCCGGGGGuGACGGGACCACUGUU 182
                     **99*******.666999998556666*********** PP

>> ind_0006_00020  
 rank     E-value  score  bias mdl mdl from   mdl to       seq from      seq to       acc trunc   gc
 ----   --------- ------ ----- --- -------- --------    ----------- -----------      ---- ----- ----
 (39) !   0.00095   18.8   0.0  cm        4       36 .]         150         182 + .. 0.96    no 0.73

                               v             v         NC
                     ::<<<--<<<<<<____~~~~~>>>>>>-->>> CS
  patent_aligned   4 CAGACCCUGGUCCGGGG*[5]*GGACCACUGUU 36 
                     CAGACCCU G CCGGGG     GG C ACUGUU
  ind_0006_00020 150 CAGACCCUCGGCCGGGG*[5]*GGACGACUGUU 182
                     ****************8..8..*********** PP

>> ind_0006_00023  
 rank     E-value  score  bias mdl mdl from   mdl to       seq from      seq to       acc trunc   gc
 ----   --------- ------ ----- --- -------- --------    ----------- -----------      ---- ----- ----
 (40) !    0.0012   18.5   0.0  cm        1       36 []         147         182 + .. 0.96    no 0.56

                               v  v             v  v      NC
                     :::::<<<--<<<<<<_________>>>>>>-->>> CS
  patent_aligned   1 GGUCAGACCCUGGUCCGGGGCAAUGGGACCACUGUU 36 
                     G UCAGAC C GG CC GGG AA  GG CC CUGUU
  ind_0006_00023 147 GUUCAGACACGGGCCCAGGGAAAAAGGACCACUGUU 182
                     ********************98877*********** PP

>> ind_0006_00025  
 rank     E-value  score  bias mdl mdl from   mdl to       seq from      seq to       acc trunc   gc
 ----   --------- ------ ----- --- -------- --------    ----------- -----------      ---- ----- ----
 (41) !    0.0012   18.4   0.0  cm        1       36 []         146         182 + .. 0.98    no 0.65

                                v  v             v  v      NC
                     :::.::<<<--<<<<<<_________>>>>>>-->>> CS
  patent_aligned   1 GGU.CAGACCCUGGUCCGGGGCAAUGGGACCACUGUU 36 
                     GGU CAGACCC GG CC GGG  A GGG CC CUGUU
  ind_0006_00025 146 GGUaCAGACCCGGGACCAGGGUGACGGGACCACUGUU 182
                     **99*****************99999*********** PP

>> ind_0006_00040  
 rank     E-value  score  bias mdl mdl from   mdl to       seq from      seq to       acc trunc   gc
 ----   --------- ------ ----- --- -------- --------    ----------- -----------      ---- ----- ----
 (42) !    0.0016   18.0   0.0  cm        1       28 [~         147         197 + .~ 0.99    3' 0.69

                          ???  ???                       NC
                     :::::<<<--<<<<<<_____~~~~~~>>>~~~~~ CS
  patent_aligned   1 GGUCAGACCCUGGUCCGGGGC*[ 4]*GGA*[8]> 36 
                     GG CAGACCCU GUCCGGGGC      GGA     
  ind_0006_00040 147 GGACAGACCCUCGUCCGGGGC*[27]*GGA*[0]> 197
                     *******************98...*..***..... PP

>> ind_0006_00044  
 rank     E-value  score  bias mdl mdl from   mdl to       seq from      seq to       acc trunc   gc
 ----   --------- ------ ----- --- -------- --------    ----------- -----------      ---- ----- ----
 (43) !    0.0025   17.3   0.0  cm        1       36 []         147         182 + .. 0.96    no 0.64

                            v     v             v     v   NC
                     :::::<<<--<<<<<<_________>>>>>>-->>> CS
  patent_aligned   1 GGUCAGACCCUGGUCCGGGGCAAUGGGACCACUGUU 36 
                     G UCAGA  CUGG CCG GG  A GGG CCACU UU
  ind_0006_00044 147 GCUCAGACACUGGCCCGUGGAGACGGGACCACUCUU 182
                     *****************99987888*********** PP

>> ind_0006_00035  
 rank     E-value  score  bias mdl mdl from   mdl to       seq from      seq to       acc trunc   gc
 ----   --------- ------ ----- --- -------- --------    ----------- -----------      ---- ----- ----
 (44) !    0.0034   16.8   0.0  cm        1       36 []         147         182 + .. 1.00    no 0.58

                            v  v v v           v v v  v   NC
                     :::::<<<--<<<<<<_________>>>>>>-->>> CS
  patent_aligned   1 GGUCAGACCCUGGUCCGGGGCAAUGGGACCACUGUU 36 
                     GGUCAGA CC G U CGGG CAA GG A C  U UU
  ind_0006_00035 147 GGUCAGACCCCGAUACGGGACAACGGGACCAAUCUU 182
                     ************************************ PP

>> ind_0006_00015  
 rank     E-value  score  bias mdl mdl from   mdl to       seq from      seq to       acc trunc   gc
 ----   --------- ------ ----- --- -------- --------    ----------- -----------      ---- ----- ----
 (45) ?     0.013   14.6   0.0  cm        1       36 []         147         182 + .. 0.88    no 0.53

                          v                        v NC
                     :::::<<<--<<<<<~~~~~~>>>>>-->>> CS
  patent_aligned   1 GGUCAGACCCUGGUC*[11]*GACCACUGUU 36 
                     G UCA ACC UGGUC      GACCA UGU 
  ind_0006_00015 147 GUUCACACCUUGGUC*[11]*GACCAAUGUU 182
                     ***************...6..********** PP

>> ind_0006_00036  
 rank     E-value  score  bias mdl mdl from   mdl to       seq from      seq to       acc trunc   gc
 ----   --------- ------ ----- --- -------- --------    ----------- -----------      ---- ----- ----
 (46) ?      0.12   11.0   0.0  cm        1       36 []         147         182 + .. 0.90    no 0.56

                                   v            v          NC
                     :::::<<<--<<<<<<_____.____>>>>>>-->>> CS
  patent_aligned   1 GGUCAGACCCUGGUCCGGGGC.AAUGGGACCACUGUU 36 
                     G  CAGAC  U GU CG  GC  AUGG AC ACUGUU
  ind_0006_00036 147 GAACAGACAGUGGUCCG-UGCgGAUGGCACUACUGUU 182
                     **************996.4677788899********* PP

>> ind_0006_00025  
 rank     E-value  score  bias mdl mdl from   mdl to       seq from      seq to       acc trunc   gc
 ----   --------- ------ ----- --- -------- --------    ----------- -----------      ---- ----- ----
 (47) ?      0.25    9.7   0.0  cm        1       36 []         171         140 - .. 0.89    no 0.59

                          v        v          v        v NC
                     :::::<<<--<<<<<<___~~~~~>>>>>>-->>> CS
  patent_aligned   1 GGUCAGACCCUGGUCCGGG*[6]*GGACCACUGUU 36 
                      GUC  ACCCUGGU C GG     G ACCA UGU+
  ind_0006_00025 171 CGUC--ACCCUGGUCCCGG*[4]*GUACCAUUGUA 140
                     ****..6*******87665..8..88********* PP

>> ind_0006_00024  
 rank     E-value  score  bias mdl mdl from   mdl to       seq from      seq to       acc trunc   gc
 ----   --------- ------ ----- --- -------- --------    ----------- -----------      ---- ----- ----
 (48) ?      0.28    9.6   0.0  cm        1       36 []         147         179 + .. 0.91    no 0.70

                          vvv   v                  v   vvv NC
                     :::::<<<--<<<<<<_____~~~~~>>>>>>-->>> CS
  patent_aligned   1 GGUCAGACCCUGGUCCGGGGC*[4]*GGACCACUGUU 36 
                     GG CAG CCCU GUC GG GC      GAC A U   
  ind_0006_00024 147 GGACAGCCCCUCGUCUGGUGC*[4]*GGACCAUU--- 179
                     ****************99777..6..********... PP

>> ind_0006_00027  
 rank     E-value  score  bias mdl mdl from   mdl to       seq from      seq to       acc trunc   gc
 ----   --------- ------ ----- --- -------- --------    ----------- -----------      ---- ----- ----
 (49) ?       0.3    9.4   0.0  cm        6       36 .]         152         182 + .. 0.97    no 0.71

                               v         v           NC
                     <<<--<<<<<<_________>>>>>>-->>> CS
  patent_aligned   6 GACCCUGGUCCGGGGCAAUGGGACCACUGUU 36 
                     GACC  GGUC GG GC A G GACC CUGUU
  ind_0006_00027 152 GACCGGGGUCAGGCGCGACGGGACCUCUGUU 182
                     *************99999999********** PP

>> ind_0006_00039  
 rank     E-value  score  bias mdl mdl from   mdl to       seq from      seq to       acc trunc   gc
 ----   --------- ------ ----- --- -------- --------    ----------- -----------      ---- ----- ----
 (50) ?   3.6e+02   -2.2   0.0  cm        1       11 [~         187         197 + .~ 0.95    3' 0.45

                          ???  ?       NC
                     :::::<<<--<~~~~~~ CS
  patent_aligned   1 GGUCAGACCCU*[25]> 36 
                     G U AGACC        
  ind_0006_00039 187 GAUUAGACCUC*[ 0]> 197
                     ********987...... PP

>> ind_0006_00015  
 rank     E-value  score  bias mdl mdl from   mdl to       seq from      seq to       acc trunc   gc
 ----   --------- ------ ----- --- -------- --------    ----------- -----------      ---- ----- ----
 (51) ?   6.7e+02   -3.2   0.0  cm        1       36 []         143         146 + .. 0.91    no 0.50

                               NC
                     :::~~~~~~ CS
  patent_aligned   1 GGU*[33]* 36 
                     GGU      
  ind_0006_00015 143 GGU*[ 1]* 146
                     **8...9.. PP

>> ind_0006_00005  
 rank     E-value  score  bias mdl mdl from   mdl to       seq from      seq to       acc trunc   gc
 ----   --------- ------ ----- --- -------- --------    ----------- -----------      ---- ----- ----
 (52) ?   7.9e+02   -3.5   0.0  cm        1        1 [~         197         197 + .~ 0.88    3' 1.00

                             NC
                     :~~~~~~ CS
  patent_aligned   1 G*[35]> 36 
                     G      
  ind_0006_00005 197 G*[ 0]> 197
                     9...... PP

>> ind_0006_00035  
 rank     E-value  score  bias mdl mdl from   mdl to       seq from      seq to       acc trunc   gc
 ----   --------- ------ ----- --- -------- --------    ----------- -----------      ---- ----- ----
 (53) ?   8.6e+02   -3.6   0.0  cm        1        4 [~         194         197 + .~ 0.99    3' 0.75

                                NC
                     ::::~~~~~~ CS
  patent_aligned   1 GGUC*[32]> 36 
                     G UC      
  ind_0006_00035 194 GCUC*[ 0]> 197
                     ****...... PP



Internal CM pipeline statistics summary:
----------------------------------------
Query model(s):                                                  1  (36 consensus positions)
Target sequences:                                               50  (19700 residues searched)
Target sequences re-searched for truncated hits:                50  (10200 residues re-searched)
Windows   passing  local HMM SSV           filter:             214  (0.4267); expected (0.35)
Windows   passing  local HMM Viterbi       filter:                  (off)
Windows   passing  local HMM Viterbi  bias filter:                  (off)
Windows   passing  local HMM Forward       filter:             128  (0.2423); expected (0.02)
Windows   passing  local HMM Forward  bias filter:             127  (0.2398); expected (0.02)
Windows   passing glocal HMM Forward       filter:              68  (0.1772); expected (0.02)
Windows   passing glocal HMM Forward  bias filter:              68  (0.1772); expected (0.02)
Envelopes passing glocal HMM envelope defn filter:              68  (0.09064); expected (0.02)
Envelopes passing  local CM  CYK           filter:              63  (0.08398); expected (0.0001)
Total CM hits reported:                                         53  (0.06084); includes 4 truncated hit(s)

# CPU time: 0.26u 0.00s 00:00:00.26 Elapsed: 00:00:00.26
# Alignment of 44 hits satisfying inclusion thresholds saved to: optimization_a7/100gen/_workspace/cmsearch_logs/gen_0006/patent_cmsearch.sto
//
[ok]
