# cmsearch :: search CM(s) against a sequence database
# INFERNAL 1.1.5 (Sep 2023)
# Copyright (C) 2023 Howard Hughes Medical Institute.
# Freely distributed under the BSD open source license.
# - - - - - - - - - - - - - - - - - - - - - - - - - - - - - - - - - - - -
# query CM file:                         A7_analysis/patent.cm
# target sequence database:              /tmp/tmptnjfsdqk/queries.fa
# output directed to file:               optimization_a7/100gen/_workspace/cmsearch_logs/gen_0030/patent_cmsearch.out
# MSA of significant hits saved to file: optimization_a7/100gen/_workspace/cmsearch_logs/gen_0030/patent_cmsearch.sto
# tabular output of hits:                optimization_a7/100gen/_workspace/cmsearch_logs/gen_0030/patent_cmsearch.tblout
# max ASCII text line length:            unlimited
# sequence reporting threshold:          E-value <= 1000
# number of worker threads:              4
# - - - - - - - - - - - - - - - - - - - - - - - - - - - - - - - - - - - -

Query:       patent_aligned  [CLEN=36]
Hit scores:
 rank     E-value  score  bias  sequence        start    end   mdl trunc   gc  description
 ----   --------- ------ -----  -------------- ------ ------   --- ----- ----  -----------
  (1) !     5e-15   61.3   0.0  ind_0030_00001    147    182 +  cm    no 0.61  -
  (2) !     5e-15   61.3   0.0  ind_0030_00018    147    182 +  cm    no 0.61  -
  (3) !     5e-15   61.3   0.0  ind_0030_00020    147    182 +  cm    no 0.61  -
  (4) !     5e-15   61.3   0.0  ind_0030_00038    147    182 +  cm    no 0.61  -
  (5) !     7e-14   57.0   0.0  ind_0030_00041    147    182 +  cm    no 0.58  -
  (6) !     1e-13   56.4   0.0  ind_0030_00003    147    182 +  cm    no 0.58  -
  (7) !     1e-13   56.4   0.0  ind_0030_00027    147    182 +  cm    no 0.58  -
  (8) !     1e-13   56.4   0.0  ind_0030_00030    147    182 +  cm    no 0.58  -
  (9) !     1e-13   56.4   0.0  ind_0030_00002    147    182 +  cm    no 0.58  -
 (10) !     1e-13   56.4   0.0  ind_0030_00049    147    182 +  cm    no 0.58  -
 (11) !   1.2e-13   56.1   0.0  ind_0030_00014    147    181 +  cm    no 0.63  -
 (12) !   1.5e-13   55.8   0.0  ind_0030_00005    147    182 +  cm    no 0.64  -
 (13) !   1.5e-13   55.7   0.0  ind_0030_00044    147    182 +  cm    no 0.61  -
 (14) !   1.6e-13   55.7   0.0  ind_0030_00000    147    182 +  cm    no 0.61  -
 (15) !   1.6e-13   55.7   0.0  ind_0030_00021    147    182 +  cm    no 0.61  -
 (16) !   2.1e-13   55.2   0.0  ind_0030_00010    147    182 +  cm    no 0.61  -
 (17) !   2.1e-13   55.2   0.0  ind_0030_00045    147    182 +  cm    no 0.61  -
 (18) !   2.4e-13   55.0   0.0  ind_0030_00016    147    182 +  cm    no 0.61  -
 (19) !   3.4e-13   54.4   0.0  ind_0030_00023    147    182 +  cm    no 0.56  -
 (20) !   3.4e-13   54.4   0.0  ind_0030_00019    147    182 +  cm    no 0.61  -
 (21) !   1.4e-12   52.1   0.0  ind_0030_00026    147    182 +  cm    no 0.56  -
 (22) !     2e-12   51.5   0.0  ind_0030_00017    147    182 +  cm    no 0.61  -
 (23) !   2.3e-12   51.3   0.0  ind_0030_00035    147    182 +  cm    no 0.61  -
 (24) !   2.8e-12   51.0   0.0  ind_0030_00025    147    182 +  cm    no 0.58  -
 (25) !     3e-12   50.9   0.0  ind_0030_00040    147    182 +  cm    no 0.58  -
 (26) !     3e-12   50.9   0.0  ind_0030_00032    147    182 +  cm    no 0.56  -
 (27) !   3.9e-12   50.4   0.0  ind_0030_00004    147    182 +  cm    no 0.58  -
 (28) !   3.9e-12   50.4   0.0  ind_0030_00013    147    182 +  cm    no 0.58  -
 (29) !   3.9e-12   50.4   0.0  ind_0030_00031    147    182 +  cm    no 0.58  -
 (30) !   4.2e-12   50.3   0.0  ind_0030_00039    147    182 +  cm    no 0.58  -
 (31) !   4.6e-12   50.1   0.0  ind_0030_00006    147    182 +  cm    no 0.61  -
 (32) !   6.1e-12   49.7   0.0  ind_0030_00046    147    182 +  cm    no 0.64  -
 (33) !   7.5e-12   49.3   0.0  ind_0030_00028    147    182 +  cm    no 0.56  -
 (34) !   8.3e-12   49.2   0.0  ind_0030_00007    147    182 +  cm    no 0.58  -
 (35) !   1.3e-11   48.5   0.0  ind_0030_00022    147    182 +  cm    no 0.61  -
 (36) !   1.6e-11   48.1   0.0  ind_0030_00015    147    182 +  cm    no 0.53  -
 (37) !   1.8e-11   48.0   0.0  ind_0030_00042    147    182 +  cm    no 0.61  -
 (38) !     2e-11   47.8   0.0  ind_0030_00008    147    182 +  cm    no 0.56  -
 (39) !   2.7e-11   47.3   0.0  ind_0030_00034    147    182 +  cm    no 0.56  -
 (40) !   2.8e-11   47.2   0.0  ind_0030_00037    147    182 +  cm    no 0.61  -
 (41) !   2.9e-11   47.2   0.0  ind_0030_00047    147    182 +  cm    no 0.58  -
 (42) !   5.6e-11   46.1   0.0  ind_0030_00011    147    182 +  cm    no 0.56  -
 (43) !     6e-10   42.2   0.0  ind_0030_00009    147    182 +  cm    no 0.53  -
 (44) !     3e-09   39.5   0.0  ind_0030_00029    147    182 +  cm    no 0.58  -
 (45) !   7.2e-09   38.1   0.0  ind_0030_00033    147    182 +  cm    no 0.50  -
 (46) !   1.2e-08   37.2   0.0  ind_0030_00036    147    182 +  cm    no 0.61  -
 (47) !   1.5e-08   36.9   0.0  ind_0030_00024    147    182 +  cm    no 0.56  -
 (48) !   3.8e-08   35.4   0.0  ind_0030_00048    147    182 +  cm    no 0.53  -
 (49) !   1.7e-06   29.1   0.0  ind_0030_00043    147    182 +  cm    no 0.56  -
 (50) !   1.9e-06   29.0   0.0  ind_0030_00012    147    182 +  cm    no 0.58  -


Hit alignments:
>> ind_0030_00001  
 rank     E-value  score  bias mdl mdl from   mdl to       seq from      seq to       acc trunc   gc
 ----   --------- ------ ----- --- -------- --------    ----------- -----------      ---- ----- ----
  (1) !     5e-15   61.3   0.0  cm        1       36 []         147         182 + .. 1.00    no 0.61

                                                          NC
                     :::::<<<--<<<<<<_________>>>>>>-->>> CS
  patent_aligned   1 GGUCAGACCCUGGUCCGGGGCAAUGGGACCACUGUU 36 
                     GGUCAGACCCUGGUCCGGG CAAUGGGACCACUGUU
  ind_0030_00001 147 GGUCAGACCCUGGUCCGGGACAAUGGGACCACUGUU 182
                     ************************************ PP

>> ind_0030_00018  
 rank     E-value  score  bias mdl mdl from   mdl to       seq from      seq to       acc trunc   gc
 ----   --------- ------ ----- --- -------- --------    ----------- -----------      ---- ----- ----
  (2) !     5e-15   61.3   0.0  cm        1       36 []         147         182 + .. 1.00    no 0.61

                                                          NC
                     :::::<<<--<<<<<<_________>>>>>>-->>> CS
  patent_aligned   1 GGUCAGACCCUGGUCCGGGGCAAUGGGACCACUGUU 36 
                     GGUCAGACCCUGGUCCGGG CAAUGGGACCACUGUU
  ind_0030_00018 147 GGUCAGACCCUGGUCCGGGACAAUGGGACCACUGUU 182
                     ************************************ PP

>> ind_0030_00020  
 rank     E-value  score  bias mdl mdl from   mdl to       seq from      seq to       acc trunc   gc
 ----   --------- ------ ----- --- -------- --------    ----------- -----------      ---- ----- ----
  (3) !     5e-15   61.3   0.0  cm        1       36 []         147         182 + .. 1.00    no 0.61

                                                          NC
                     :::::<<<--<<<<<<_________>>>>>>-->>> CS
  patent_aligned   1 GGUCAGACCCUGGUCCGGGGCAAUGGGACCACUGUU 36 
                     GGUCAGACCCUGGUCCGGG CAAUGGGACCACUGUU
  ind_0030_00020 147 GGUCAGACCCUGGUCCGGGACAAUGGGACCACUGUU 182
                     ************************************ PP

>> ind_0030_00038  
 rank     E-value  score  bias mdl mdl from   mdl to       seq from      seq to       acc trunc   gc
 ----   --------- ------ ----- --- -------- --------    ----------- -----------      ---- ----- ----
  (4) !     5e-15   61.3   0.0  cm        1       36 []         147         182 + .. 1.00    no 0.61

                                                          NC
                     :::::<<<--<<<<<<_________>>>>>>-->>> CS
  patent_aligned   1 GGUCAGACCCUGGUCCGGGGCAAUGGGACCACUGUU 36 
                     GGUCAGACCCUGGUCCGGG CAAUGGGACCACUGUU
  ind_0030_00038 147 GGUCAGACCCUGGUCCGGGACAAUGGGACCACUGUU 182
                     ************************************ PP

>> ind_0030_00041  
 rank     E-value  score  bias mdl mdl from   mdl to       seq from      seq to       acc trunc   gc
 ----   --------- ------ ----- --- -------- --------    ----------- -----------      ---- ----- ----
  (5) !     7e-14   57.0   0.0  cm        1       36 []         147         182 + .. 1.00    no 0.58

                                                          NC
                     :::::<<<--<<<<<<_________>>>>>>-->>> CS
  patent_aligned   1 GGUCAGACCCUGGUCCGGGGCAAUGGGACCACUGUU 36 
                     G UCAGACCCUGGUCCGGG CAAUGGGACCACUGUU
  ind_0030_00041 147 GAUCAGACCCUGGUCCGGGACAAUGGGACCACUGUU 182
                     ************************************ PP

>> ind_0030_00003  
 rank     E-value  score  bias mdl mdl from   mdl to       seq from      seq to       acc trunc   gc
 ----   --------- ------ ----- --- -------- --------    ----------- -----------      ---- ----- ----
  (6) !     1e-13   56.4   0.0  cm        1       36 []         147         182 + .. 1.00    no 0.58

                                                          NC
                     :::::<<<--<<<<<<_________>>>>>>-->>> CS
  patent_aligned   1 GGUCAGACCCUGGUCCGGGGCAAUGGGACCACUGUU 36 
                     GGUCAGACCCUGGUCCGG  CAAUGGGACCACUGUU
  ind_0030_00003 147 GGUCAGACCCUGGUCCGGAACAAUGGGACCACUGUU 182
                     ************************************ PP

>> ind_0030_00027  
 rank     E-value  score  bias mdl mdl from   mdl to       seq from      seq to       acc trunc   gc
 ----   --------- ------ ----- --- -------- --------    ----------- -----------      ---- ----- ----
  (7) !     1e-13   56.4   0.0  cm        1       36 []         147         182 + .. 1.00    no 0.58

                                                          NC
                     :::::<<<--<<<<<<_________>>>>>>-->>> CS
  patent_aligned   1 GGUCAGACCCUGGUCCGGGGCAAUGGGACCACUGUU 36 
                     GGUCAGACCCUGGUCCGG  CAAUGGGACCACUGUU
  ind_0030_00027 147 GGUCAGACCCUGGUCCGGAACAAUGGGACCACUGUU 182
                     ************************************ PP

>> ind_0030_00030  
 rank     E-value  score  bias mdl mdl from   mdl to       seq from      seq to       acc trunc   gc
 ----   --------- ------ ----- --- -------- --------    ----------- -----------      ---- ----- ----
  (8) !     1e-13   56.4   0.0  cm        1       36 []         147         182 + .. 1.00    no 0.58

                                                          NC
                     :::::<<<--<<<<<<_________>>>>>>-->>> CS
  patent_aligned   1 GGUCAGACCCUGGUCCGGGGCAAUGGGACCACUGUU 36 
                     GGUCAGACCCUGGUCCGG  CAAUGGGACCACUGUU
  ind_0030_00030 147 GGUCAGACCCUGGUCCGGAACAAUGGGACCACUGUU 182
                     ************************************ PP

>> ind_0030_00002  
 rank     E-value  score  bias mdl mdl from   mdl to       seq from      seq to       acc trunc   gc
 ----   --------- ------ ----- --- -------- --------    ----------- -----------      ---- ----- ----
  (9) !     1e-13   56.4   0.0  cm        1       36 []         147         182 + .. 1.00    no 0.58

                                                          NC
                     :::::<<<--<<<<<<_________>>>>>>-->>> CS
  patent_aligned   1 GGUCAGACCCUGGUCCGGGGCAAUGGGACCACUGUU 36 
                     GGUCAGACCCUGGUCC GG CAAUGGGACCACUGUU
  ind_0030_00002 147 GGUCAGACCCUGGUCCAGGACAAUGGGACCACUGUU 182
                     ************************************ PP

>> ind_0030_00049  
 rank     E-value  score  bias mdl mdl from   mdl to       seq from      seq to       acc trunc   gc
 ----   --------- ------ ----- --- -------- --------    ----------- -----------      ---- ----- ----
 (10) !     1e-13   56.4   0.0  cm        1       36 []         147         182 + .. 1.00    no 0.58

                                                          NC
                     :::::<<<--<<<<<<_________>>>>>>-->>> CS
  patent_aligned   1 GGUCAGACCCUGGUCCGGGGCAAUGGGACCACUGUU 36 
                     GGUCAGACCCUGGUCC GG CAAUGGGACCACUGUU
  ind_0030_00049 147 GGUCAGACCCUGGUCCAGGACAAUGGGACCACUGUU 182
                     ************************************ PP

>> ind_0030_00014  
 rank     E-value  score  bias mdl mdl from   mdl to       seq from      seq to       acc trunc   gc
 ----   --------- ------ ----- --- -------- --------    ----------- -----------      ---- ----- ----
 (11) !   1.2e-13   56.1   0.0  cm        1       36 []         147         181 + .. 1.00    no 0.63

                          v                             v NC
                     :::::<<<--<<<<<<_________>>>>>>-->>> CS
  patent_aligned   1 GGUCAGACCCUGGUCCGGGGCAAUGGGACCACUGUU 36 
                     GGUCAGACCCUGGUCCGGG CAAUGGGACCACUGU 
  ind_0030_00014 147 GGUCAGACCCUGGUCCGGGUCAAUGGGACCACUGU- 181
                     ***********************************. PP

>> ind_0030_00005  
 rank     E-value  score  bias mdl mdl from   mdl to       seq from      seq to       acc trunc   gc
 ----   --------- ------ ----- --- -------- --------    ----------- -----------      ---- ----- ----
 (12) !   1.5e-13   55.8   0.0  cm        1       36 []         147         182 + .. 1.00    no 0.64

                                                          NC
                     :::::<<<--<<<<<<_________>>>>>>-->>> CS
  patent_aligned   1 GGUCAGACCCUGGUCCGGGGCAAUGGGACCACUGUU 36 
                     GGUCAGACCCUGGUCCGGG CAAUGGGACCAC GUU
  ind_0030_00005 147 GGUCAGACCCUGGUCCGGGACAAUGGGACCACGGUU 182
                     ************************************ PP

>> ind_0030_00044  
 rank     E-value  score  bias mdl mdl from   mdl to       seq from      seq to       acc trunc   gc
 ----   --------- ------ ----- --- -------- --------    ----------- -----------      ---- ----- ----
 (13) !   1.5e-13   55.7   0.0  cm        1       36 []         147         182 + .. 0.99    no 0.61

                                                          NC
                     :::::<<<--<<<<<<_________>>>>>>-->>> CS
  patent_aligned   1 GGUCAGACCCUGGUCCGGGGCAAUGGGACCACUGUU 36 
                     G UCAGACCCUGGUCCGGG CAAUGGGACCACUGUU
  ind_0030_00044 147 GAUCAGACCCUGGUCCGGGCCAAUGGGACCACUGUU 182
                     ******************999*************** PP

>> ind_0030_00000  
 rank     E-value  score  bias mdl mdl from   mdl to       seq from      seq to       acc trunc   gc
 ----   --------- ------ ----- --- -------- --------    ----------- -----------      ---- ----- ----
 (14) !   1.6e-13   55.7   0.0  cm        1       36 []         147         182 + .. 1.00    no 0.61

                                                          NC
                     :::::<<<--<<<<<<_________>>>>>>-->>> CS
  patent_aligned   1 GGUCAGACCCUGGUCCGGGGCAAUGGGACCACUGUU 36 
                     G UCAGACCCUGGUCCGGG CAAUGGGACCACUGUU
  ind_0030_00000 147 GCUCAGACCCUGGUCCGGGACAAUGGGACCACUGUU 182
                     ************************************ PP

>> ind_0030_00021  
 rank     E-value  score  bias mdl mdl from   mdl to       seq from      seq to       acc trunc   gc
 ----   --------- ------ ----- --- -------- --------    ----------- -----------      ---- ----- ----
 (15) !   1.6e-13   55.7   0.0  cm        1       36 []         147         182 + .. 1.00    no 0.61

                                                          NC
                     :::::<<<--<<<<<<_________>>>>>>-->>> CS
  patent_aligned   1 GGUCAGACCCUGGUCCGGGGCAAUGGGACCACUGUU 36 
                     G UCAGACCCUGGUCCGGG CAAUGGGACCACUGUU
  ind_0030_00021 147 GCUCAGACCCUGGUCCGGGACAAUGGGACCACUGUU 182
                     ************************************ PP

>> ind_0030_00010  
 rank     E-value  score  bias mdl mdl from   mdl to       seq from      seq to       acc trunc   gc
 ----   --------- ------ ----- --- -------- --------    ----------- -----------      ---- ----- ----
 (16) !   2.1e-13   55.2   0.0  cm        1       36 []         147         182 + .. 1.00    no 0.61

                                                          NC
                     :::::<<<--<<<<<<_________>>>>>>-->>> CS
  patent_aligned   1 GGUCAGACCCUGGUCCGGGGCAAUGGGACCACUGUU 36 
                     GGUCAGAC CUGGUCCGGG CAAUGGGACCACUGUU
  ind_0030_00010 147 GGUCAGACGCUGGUCCGGGACAAUGGGACCACUGUU 182
                     ************************************ PP

>> ind_0030_00045  
 rank     E-value  score  bias mdl mdl from   mdl to       seq from      seq to       acc trunc   gc
 ----   --------- ------ ----- --- -------- --------    ----------- -----------      ---- ----- ----
 (17) !   2.1e-13   55.2   0.0  cm        1       36 []         147         182 + .. 1.00    no 0.61

                                                          NC
                     :::::<<<--<<<<<<_________>>>>>>-->>> CS
  patent_aligned   1 GGUCAGACCCUGGUCCGGGGCAAUGGGACCACUGUU 36 
                     GGUCAGACCCUGGUCCGGG CAAUGGGACCA UGUU
  ind_0030_00045 147 GGUCAGACCCUGGUCCGGGACAAUGGGACCAGUGUU 182
                     ************************************ PP

>> ind_0030_00016  
 rank     E-value  score  bias mdl mdl from   mdl to       seq from      seq to       acc trunc   gc
 ----   --------- ------ ----- --- -------- --------    ----------- -----------      ---- ----- ----
 (18) !   2.4e-13   55.0   0.0  cm        1       36 []         147         182 + .. 1.00    no 0.61

                                                          NC
                     :::::<<<--<<<<<<_________>>>>>>-->>> CS
  patent_aligned   1 GGUCAGACCCUGGUCCGGGGCAAUGGGACCACUGUU 36 
                     GGUCAGACCCUGGUCC GG CAAUGGGACCACUGUU
  ind_0030_00016 147 GGUCAGACCCUGGUCCCGGACAAUGGGACCACUGUU 182
                     ************************************ PP

>> ind_0030_00023  
 rank     E-value  score  bias mdl mdl from   mdl to       seq from      seq to       acc trunc   gc
 ----   --------- ------ ----- --- -------- --------    ----------- -----------      ---- ----- ----
 (19) !   3.4e-13   54.4   0.0  cm        1       36 []         147         182 + .. 1.00    no 0.56

                                                          NC
                     :::::<<<--<<<<<<_________>>>>>>-->>> CS
  patent_aligned   1 GGUCAGACCCUGGUCCGGGGCAAUGGGACCACUGUU 36 
                     GGUCA:AC CUGGUCCGGG CAAUGGGACCACUGU:
  ind_0030_00023 147 GGUCAAACUCUGGUCCGGGACAAUGGGACCACUGUU 182
                     ************************************ PP

>> ind_0030_00019  
 rank     E-value  score  bias mdl mdl from   mdl to       seq from      seq to       acc trunc   gc
 ----   --------- ------ ----- --- -------- --------    ----------- -----------      ---- ----- ----
 (20) !   3.4e-13   54.4   0.0  cm        1       36 []         147         182 + .. 0.99    no 0.61

                                                          NC
                     :::::<<<--<<<<<<_________>>>>>>-->>> CS
  patent_aligned   1 GGUCAGACCCUGGUCCGGGGCAAUGGGACCACUGUU 36 
                     GGUCAGACCCUGGUCCGG  CAAUGGGACCACUGUU
  ind_0030_00019 147 GGUCAGACCCUGGUCCGGCUCAAUGGGACCACUGUU 182
                     *****************9999*************** PP

>> ind_0030_00026  
 rank     E-value  score  bias mdl mdl from   mdl to       seq from      seq to       acc trunc   gc
 ----   --------- ------ ----- --- -------- --------    ----------- -----------      ---- ----- ----
 (21) !   1.4e-12   52.1   0.0  cm        1       36 []         147         182 + .. 1.00    no 0.56

                                                          NC
                     :::::<<<--<<<<<<_________>>>>>>-->>> CS
  patent_aligned   1 GGUCAGACCCUGGUCCGGGGCAAUGGGACCACUGUU 36 
                     G UCAGACCCUGGUCC GG CAAUGGGACCACUGUU
  ind_0030_00026 147 GAUCAGACCCUGGUCCAGGACAAUGGGACCACUGUU 182
                     ************************************ PP

>> ind_0030_00017  
 rank     E-value  score  bias mdl mdl from   mdl to       seq from      seq to       acc trunc   gc
 ----   --------- ------ ----- --- -------- --------    ----------- -----------      ---- ----- ----
 (22) !     2e-12   51.5   0.0  cm        1       36 []         147         182 + .. 1.00    no 0.61

                                                          NC
                     :::::<<<--<<<<<<_________>>>>>>-->>> CS
  patent_aligned   1 GGUCAGACCCUGGUCCGGGGCAAUGGGACCACUGUU 36 
                     G UCAGACCCUGGUCCGGG CAA GGGACCACUGUU
  ind_0030_00017 147 GAUCAGACCCUGGUCCGGGACAAGGGGACCACUGUU 182
                     ************************************ PP

>> ind_0030_00035  
 rank     E-value  score  bias mdl mdl from   mdl to       seq from      seq to       acc trunc   gc
 ----   --------- ------ ----- --- -------- --------    ----------- -----------      ---- ----- ----
 (23) !   2.3e-12   51.3   0.0  cm        1       36 []         147         182 + .. 1.00    no 0.61

                               v                   v      NC
                     :::::<<<--<<<<<<_________>>>>>>-->>> CS
  patent_aligned   1 GGUCAGACCCUGGUCCGGGGCAAUGGGACCACUGUU 36 
                     GGUCAGACCC GGUCCGGG CAAUGGGACC CUGUU
  ind_0030_00035 147 GGUCAGACCCAGGUCCGGGACAAUGGGACCACUGUU 182
                     ************************************ PP

>> ind_0030_00025  
 rank     E-value  score  bias mdl mdl from   mdl to       seq from      seq to       acc trunc   gc
 ----   --------- ------ ----- --- -------- --------    ----------- -----------      ---- ----- ----
 (24) !   2.8e-12   51.0   0.0  cm        1       36 []         147         182 + .. 1.00    no 0.58

                                                          NC
                     :::::<<<--<<<<<<_________>>>>>>-->>> CS
  patent_aligned   1 GGUCAGACCCUGGUCCGGGGCAAUGGGACCACUGUU 36 
                     GGUCAGACCCUGGUCCGGG CAAU GGACCAC GUU
  ind_0030_00025 147 GGUCAGACCCUGGUCCGGGACAAUUGGACCACAGUU 182
                     ************************************ PP

>> ind_0030_00040  
 rank     E-value  score  bias mdl mdl from   mdl to       seq from      seq to       acc trunc   gc
 ----   --------- ------ ----- --- -------- --------    ----------- -----------      ---- ----- ----
 (25) !     3e-12   50.9   0.0  cm        1       36 []         147         182 + .. 1.00    no 0.58

                                                          NC
                     :::::<<<--<<<<<<_________>>>>>>-->>> CS
  patent_aligned   1 GGUCAGACCCUGGUCCGGGGCAAUGGGACCACUGUU 36 
                     G UCAGAC CUGGUCCGGG CAAUGGGACCACUGUU
  ind_0030_00040 147 GAUCAGACGCUGGUCCGGGACAAUGGGACCACUGUU 182
                     ************************************ PP

>> ind_0030_00032  
 rank     E-value  score  bias mdl mdl from   mdl to       seq from      seq to       acc trunc   gc
 ----   --------- ------ ----- --- -------- --------    ----------- -----------      ---- ----- ----
 (26) !     3e-12   50.9   0.0  cm        1       36 []         147         182 + .. 1.00    no 0.56

                          v                             v NC
                     :::::<<<--<<<<<<_________>>>>>>-->>> CS
  patent_aligned   1 GGUCAGACCCUGGUCCGGGGCAAUGGGACCACUGUU 36 
                     G UCA ACCCUGGUCCGGG CAAUGGGACCACUGU 
  ind_0030_00032 147 GAUCAUACCCUGGUCCGGGACAAUGGGACCACUGUU 182
                     ************************************ PP

>> ind_0030_00004  
 rank     E-value  score  bias mdl mdl from   mdl to       seq from      seq to       acc trunc   gc
 ----   --------- ------ ----- --- -------- --------    ----------- -----------      ---- ----- ----
 (27) !   3.9e-12   50.4   0.0  cm        1       36 []         147         182 + .. 1.00    no 0.58

                                                          NC
                     :::::<<<--<<<<<<_________>>>>>>-->>> CS
  patent_aligned   1 GGUCAGACCCUGGUCCGGGGCAAUGGGACCACUGUU 36 
                      GUCAGACCCUGGUCC GG CAAUGGGACCACUGUU
  ind_0030_00004 147 UGUCAGACCCUGGUCCCGGACAAUGGGACCACUGUU 182
                     ************************************ PP

>> ind_0030_00013  
 rank     E-value  score  bias mdl mdl from   mdl to       seq from      seq to       acc trunc   gc
 ----   --------- ------ ----- --- -------- --------    ----------- -----------      ---- ----- ----
 (28) !   3.9e-12   50.4   0.0  cm        1       36 []         147         182 + .. 1.00    no 0.58

                                                          NC
                     :::::<<<--<<<<<<_________>>>>>>-->>> CS
  patent_aligned   1 GGUCAGACCCUGGUCCGGGGCAAUGGGACCACUGUU 36 
                      GUCAGACCCUGGUCC GG CAAUGGGACCACUGUU
  ind_0030_00013 147 UGUCAGACCCUGGUCCCGGACAAUGGGACCACUGUU 182
                     ************************************ PP

>> ind_0030_00031  
 rank     E-value  score  bias mdl mdl from   mdl to       seq from      seq to       acc trunc   gc
 ----   --------- ------ ----- --- -------- --------    ----------- -----------      ---- ----- ----
 (29) !   3.9e-12   50.4   0.0  cm        1       36 []         147         182 + .. 1.00    no 0.58

                                                          NC
                     :::::<<<--<<<<<<_________>>>>>>-->>> CS
  patent_aligned   1 GGUCAGACCCUGGUCCGGGGCAAUGGGACCACUGUU 36 
                      GUCAGACCCUGGUCC GG CAAUGGGACCACUGUU
  ind_0030_00031 147 UGUCAGACCCUGGUCCCGGACAAUGGGACCACUGUU 182
                     ************************************ PP

>> ind_0030_00039  
 rank     E-value  score  bias mdl mdl from   mdl to       seq from      seq to       acc trunc   gc
 ----   --------- ------ ----- --- -------- --------    ----------- -----------      ---- ----- ----
 (30) !   4.2e-12   50.3   0.0  cm        1       36 []         147         182 + .. 1.00    no 0.58

                                                          NC
                     :::::<<<--<<<<<<_________>>>>>>-->>> CS
  patent_aligned   1 GGUCAGACCCUGGUCCGGGGCAAUGGGACCACUGUU 36 
                     G UCAGACC UGGUCCGGG CAAUGGGACCACUGUU
  ind_0030_00039 147 GCUCAGACCAUGGUCCGGGACAAUGGGACCACUGUU 182
                     ************************************ PP

>> ind_0030_00006  
 rank     E-value  score  bias mdl mdl from   mdl to       seq from      seq to       acc trunc   gc
 ----   --------- ------ ----- --- -------- --------    ----------- -----------      ---- ----- ----
 (31) !   4.6e-12   50.1   0.0  cm        1       36 []         147         182 + .. 1.00    no 0.61

                                                          NC
                     :::::<<<--<<<<<<_________>>>>>>-->>> CS
  patent_aligned   1 GGUCAGACCCUGGUCCGGGGCAAUGGGACCACUGUU 36 
                     GGUCAGACCCUGG CCGGG  AAUGGG CCACUGUU
  ind_0030_00006 147 GGUCAGACCCUGGUCCGGGAAAAUGGGGCCACUGUU 182
                     ************************************ PP

>> ind_0030_00046  
 rank     E-value  score  bias mdl mdl from   mdl to       seq from      seq to       acc trunc   gc
 ----   --------- ------ ----- --- -------- --------    ----------- -----------      ---- ----- ----
 (32) !   6.1e-12   49.7   0.0  cm        1       36 []         147         182 + .. 1.00    no 0.64

                                                          NC
                     :::::<<<--<<<<<<_________>>>>>>-->>> CS
  patent_aligned   1 GGUCAGACCCUGGUCCGGGGCAAUGGGACCACUGUU 36 
                     GGUCAGAC CUGGUCCGGG CAAUGGGACCAC GUU
  ind_0030_00046 147 GGUCAGACGCUGGUCCGGGACAAUGGGACCACGGUU 182
                     ************************************ PP

>> ind_0030_00028  
 rank     E-value  score  bias mdl mdl from   mdl to       seq from      seq to       acc trunc   gc
 ----   --------- ------ ----- --- -------- --------    ----------- -----------      ---- ----- ----
 (33) !   7.5e-12   49.3   0.0  cm        1       36 []         147         182 + .. 1.00    no 0.56

                                 v               v        NC
                     :::::<<<--<<<<<<_________>>>>>>-->>> CS
  patent_aligned   1 GGUCAGACCCUGGUCCGGGGCAAUGGGACCACUGUU 36 
                     G UCAGACCCUG UCCGGG CAAUGGGA CACUGUU
  ind_0030_00028 147 GAUCAGACCCUGAUCCGGGACAAUGGGACCACUGUU 182
                     ************************************ PP

>> ind_0030_00007  
 rank     E-value  score  bias mdl mdl from   mdl to       seq from      seq to       acc trunc   gc
 ----   --------- ------ ----- --- -------- --------    ----------- -----------      ---- ----- ----
 (34) !   8.3e-12   49.2   0.0  cm        1       36 []         147         182 + .. 1.00    no 0.58

                                                          NC
                     :::::<<<--<<<<<<_________>>>>>>-->>> CS
  patent_aligned   1 GGUCAGACCCUGGUCCGGGGCAAUGGGACCACUGUU 36 
                     GG CA:AC CUGGUCCGGG CAAUGGGACCACUGU:
  ind_0030_00007 147 GGGCAAACUCUGGUCCGGGACAAUGGGACCACUGUU 182
                     ************************************ PP

>> ind_0030_00022  
 rank     E-value  score  bias mdl mdl from   mdl to       seq from      seq to       acc trunc   gc
 ----   --------- ------ ----- --- -------- --------    ----------- -----------      ---- ----- ----
 (35) !   1.3e-11   48.5   0.0  cm        1       36 []         147         182 + .. 1.00    no 0.61

                               v                   v      NC
                     :::::<<<--<<<<<<_________>>>>>>-->>> CS
  patent_aligned   1 GGUCAGACCCUGGUCCGGGGCAAUGGGACCACUGUU 36 
                     GGUCAGACCC GGUCCGGG CAAUGGGACC C GUU
  ind_0030_00022 147 GGUCAGACCCUGGUCCGGGACAAUGGGACCUCAGUU 182
                     ************************************ PP

>> ind_0030_00015  
 rank     E-value  score  bias mdl mdl from   mdl to       seq from      seq to       acc trunc   gc
 ----   --------- ------ ----- --- -------- --------    ----------- -----------      ---- ----- ----
 (36) !   1.6e-11   48.1   0.0  cm        1       36 []         147         182 + .. 1.00    no 0.53

                                                          NC
                     :::::<<<--<<<<<<_________>>>>>>-->>> CS
  patent_aligned   1 GGUCAGACCCUGGUCCGGGGCAAUGGGACCACUGUU 36 
                       UCAGACCCUGGUCC GG CAAUGGGACCACUGUU
  ind_0030_00015 147 AAUCAGACCCUGGUCCAGGACAAUGGGACCACUGUU 182
                     ************************************ PP

>> ind_0030_00042  
 rank     E-value  score  bias mdl mdl from   mdl to       seq from      seq to       acc trunc   gc
 ----   --------- ------ ----- --- -------- --------    ----------- -----------      ---- ----- ----
 (37) !   1.8e-11   48.0   0.0  cm        1       36 []         147         182 + .. 1.00    no 0.61

                           v                           v  NC
                     :::::<<<--<<<<<<_________>>>>>>-->>> CS
  patent_aligned   1 GGUCAGACCCUGGUCCGGGGCAAUGGGACCACUGUU 36 
                     GGUCAG CCCUGGUCC GG CAAUGGGACCACUG U
  ind_0030_00042 147 GGUCAGUCCCUGGUCCCGGACAAUGGGACCACUGUU 182
                     ************************************ PP

>> ind_0030_00008  
 rank     E-value  score  bias mdl mdl from   mdl to       seq from      seq to       acc trunc   gc
 ----   --------- ------ ----- --- -------- --------    ----------- -----------      ---- ----- ----
 (38) !     2e-11   47.8   0.0  cm        1       36 []         147         182 + .. 1.00    no 0.56

                                 v               v        NC
                     :::::<<<--<<<<<<_________>>>>>>-->>> CS
  patent_aligned   1 GGUCAGACCCUGGUCCGGGGCAAUGGGACCACUGUU 36 
                     G UCAGACCCUG UCCGGG CAAUGGGA CACUGUU
  ind_0030_00008 147 GAUCAGACCCUGUUCCGGGACAAUGGGACCACUGUU 182
                     ************************************ PP

>> ind_0030_00034  
 rank     E-value  score  bias mdl mdl from   mdl to       seq from      seq to       acc trunc   gc
 ----   --------- ------ ----- --- -------- --------    ----------- -----------      ---- ----- ----
 (39) !   2.7e-11   47.3   0.0  cm        1       36 []         147         182 + .. 1.00    no 0.56

                            v                         v   NC
                     :::::<<<--<<<<<<_________>>>>>>-->>> CS
  patent_aligned   1 GGUCAGACCCUGGUCCGGGGCAAUGGGACCACUGUU 36 
                     GGUCAGA CCUGGUCC GG CAAUGGGACCACU UU
  ind_0030_00034 147 GGUCAGAACCUGGUCCAGGACAAUGGGACCACUGUU 182
                     ************************************ PP

>> ind_0030_00037  
 rank     E-value  score  bias mdl mdl from   mdl to       seq from      seq to       acc trunc   gc
 ----   --------- ------ ----- --- -------- --------    ----------- -----------      ---- ----- ----
 (40) !   2.8e-11   47.2   0.0  cm        1       36 []         147         182 + .. 1.00    no 0.61

                            v                         v   NC
                     :::::<<<--<<<<<<_________>>>>>>-->>> CS
  patent_aligned   1 GGUCAGACCCUGGUCCGGGGCAAUGGGACCACUGUU 36 
                     GGUCAGA CCUGGUCCGGG CAAUGGGACCAC  UU
  ind_0030_00037 147 GGUCAGAGCCUGGUCCGGGACAAUGGGACCACAGUU 182
                     ************************************ PP

>> ind_0030_00047  
 rank     E-value  score  bias mdl mdl from   mdl to       seq from      seq to       acc trunc   gc
 ----   --------- ------ ----- --- -------- --------    ----------- -----------      ---- ----- ----
 (41) !   2.9e-11   47.2   0.0  cm        1       36 []         147         182 + .. 1.00    no 0.58

                            v                         v   NC
                     :::::<<<--<<<<<<_________>>>>>>-->>> CS
  patent_aligned   1 GGUCAGACCCUGGUCCGGGGCAAUGGGACCACUGUU 36 
                     GG CAGA CCUGGUCCGGG CAAUGGGACCACU UU
  ind_0030_00047 147 GGACAGAACCUGGUCCGGGACAAUGGGACCACUCUU 182
                     ************************************ PP

>> ind_0030_00011  
 rank     E-value  score  bias mdl mdl from   mdl to       seq from      seq to       acc trunc   gc
 ----   --------- ------ ----- --- -------- --------    ----------- -----------      ---- ----- ----
 (42) !   5.6e-11   46.1   0.0  cm        1       36 []         147         182 + .. 1.00    no 0.56

                                                          NC
                     :::::<<<--<<<<<<_________>>>>>>-->>> CS
  patent_aligned   1 GGUCAGACCCUGGUCCGGGGCAAUGGGACCACUGUU 36 
                       UCAGACCCUGGUCC GG CAAUGGGACCACUGUU
  ind_0030_00011 147 UAUCAGACCCUGGUCCCGGACAAUGGGACCACUGUU 182
                     ************************************ PP

>> ind_0030_00009  
 rank     E-value  score  bias mdl mdl from   mdl to       seq from      seq to       acc trunc   gc
 ----   --------- ------ ----- --- -------- --------    ----------- -----------      ---- ----- ----
 (43) !     6e-10   42.2   0.0  cm        1       36 []         147         182 + .. 1.00    no 0.53

                                v                 v       NC
                     :::::<<<--<<<<<<_________>>>>>>-->>> CS
  patent_aligned   1 GGUCAGACCCUGGUCCGGGGCAAUGGGACCACUGUU 36 
                     GGUCAGACC U GUCCGG  CAAUGGGAC ACUGUU
  ind_0030_00009 147 GGUCAGACCUUGGUCCGGUACAAUGGGACAACUGUU 182
                     ************************************ PP

>> ind_0030_00029  
 rank     E-value  score  bias mdl mdl from   mdl to       seq from      seq to       acc trunc   gc
 ----   --------- ------ ----- --- -------- --------    ----------- -----------      ---- ----- ----
 (44) !     3e-09   39.5   0.0  cm        1       36 []         147         182 + .. 1.00    no 0.58

                               v v               v v      NC
                     :::::<<<--<<<<<<_________>>>>>>-->>> CS
  patent_aligned   1 GGUCAGACCCUGGUCCGGGGCAAUGGGACCACUGUU 36 
                     G UCAGACCC G UCCGGG CAAUGGGA C CUGUU
  ind_0030_00029 147 GAUCAGACCCCGUUCCGGGACAAUGGGACCACUGUU 182
                     ************************************ PP

>> ind_0030_00033  
 rank     E-value  score  bias mdl mdl from   mdl to       seq from      seq to       acc trunc   gc
 ----   --------- ------ ----- --- -------- --------    ----------- -----------      ---- ----- ----
 (45) !   7.2e-09   38.1   0.0  cm        1       36 []         147         182 + .. 1.00    no 0.50

                            v                         v   NC
                     :::::<<<--<<<<<<_________>>>>>>-->>> CS
  patent_aligned   1 GGUCAGACCCUGGUCCGGGGCAAUGGGACCACUGUU 36 
                     G U AGA CCUGGUCC GG CAAUGGGACCACU UU
  ind_0030_00033 147 GAUAAGACCCUGGUCCAGGACAAUGGGACCACUUUU 182
                     ************************************ PP

>> ind_0030_00036  
 rank     E-value  score  bias mdl mdl from   mdl to       seq from      seq to       acc trunc   gc
 ----   --------- ------ ----- --- -------- --------    ----------- -----------      ---- ----- ----
 (46) !   1.2e-08   37.2   0.0  cm        1       36 []         147         182 + .. 1.00    no 0.61

                                 v               v        NC
                     :::::<<<--<<<<<<_________>>>>>>-->>> CS
  patent_aligned   1 GGUCAGACCCUGGUCCGGGGCAAUGGGACCACUGUU 36 
                     GG CAGACC  G UCCGGG CAAUGGGA C CUGUU
  ind_0030_00036 147 GGACAGACCGUGAUCCGGGACAAUGGGACCGCUGUU 182
                     ************************************ PP

>> ind_0030_00024  
 rank     E-value  score  bias mdl mdl from   mdl to       seq from      seq to       acc trunc   gc
 ----   --------- ------ ----- --- -------- --------    ----------- -----------      ---- ----- ----
 (47) !   1.5e-08   36.9   0.0  cm        1       36 []         147         182 + .. 1.00    no 0.56

                                    v         v           NC
                     :::::<<<--<<<<<<_________>>>>>>-->>> CS
  patent_aligned   1 GGUCAGACCCUGGUCCGGGGCAAUGGGACCACUGUU 36 
                     G UC GACCCUGGUC  GG CAAUG GACCACUGUU
  ind_0030_00024 147 GAUCCGACCCUGGUCAAGGACAAUGGGACCACUGUU 182
                     ************************************ PP

>> ind_0030_00048  
 rank     E-value  score  bias mdl mdl from   mdl to       seq from      seq to       acc trunc   gc
 ----   --------- ------ ----- --- -------- --------    ----------- -----------      ---- ----- ----
 (48) !   3.8e-08   35.4   0.0  cm        1       36 []         147         182 + .. 1.00    no 0.53

                            v                         v   NC
                     :::::<<<--<<<<<<_________>>>>>>-->>> CS
  patent_aligned   1 GGUCAGACCCUGGUCCGGGGCAAUGGGACCACUGUU 36 
                     GGU AGA CCUGGUCC  G CAAUGGGACCACU UU
  ind_0030_00048 147 GGUAAGACCCUGGUCCCUGACAAUGGGACCACUUUU 182
                     ************************************ PP

>> ind_0030_00043  
 rank     E-value  score  bias mdl mdl from   mdl to       seq from      seq to       acc trunc   gc
 ----   --------- ------ ----- --- -------- --------    ----------- -----------      ---- ----- ----
 (49) !   1.7e-06   29.1   0.0  cm        1       36 []         147         182 + .. 0.99    no 0.56

                                vv               vv       NC
                     :::::<<<--<<<<<<_________>>>>>>-->>> CS
  patent_aligned   1 GGUCAGACCCUGGUCCGGGGCAAUGGGACCACUGUU 36 
                     GGUCAGACCCU  U CGGG CA UGG A  AC GUU
  ind_0030_00043 147 GGUCAGACCCUGAUUCGGGACAUUGGGACAACCGUU 182
                     ****************************99****** PP

>> ind_0030_00012  
 rank     E-value  score  bias mdl mdl from   mdl to       seq from      seq to       acc trunc   gc
 ----   --------- ------ ----- --- -------- --------    ----------- -----------      ---- ----- ----
 (50) !   1.9e-06   29.0   0.0  cm        1       36 []         147         182 + .. 0.98    no 0.58

                               vv                 vv      NC
                     :::::<<<--<<<<<<_________>>>>>>-->>> CS
  patent_aligned   1 GGUCAGACCCUGGUCCGGGGCAAUGGGACCACUGUU 36 
                     GGUCA:ACCC  GUCCGGG CAAU GGAC   UGU:
  ind_0030_00012 147 GGUCAGACCCUUGUCCGGGACAAUUGGACCCAUGUC 182
                     *****************************888**** PP



Internal CM pipeline statistics summary:
----------------------------------------
Query model(s):                                                  1  (36 consensus positions)
Target sequences:                                               50  (19700 residues searched)
Target sequences re-searched for truncated hits:                50  (10200 residues re-searched)
Windows   passing  local HMM SSV           filter:             232  (0.4658); expected (0.35)
Windows   passing  local HMM Viterbi       filter:                  (off)
Windows   passing  local HMM Viterbi  bias filter:                  (off)
Windows   passing  local HMM Forward       filter:             119  (0.222); expected (0.02)
Windows   passing  local HMM Forward  bias filter:             119  (0.222); expected (0.02)
Windows   passing glocal HMM Forward       filter:              75  (0.1531); expected (0.02)
Windows   passing glocal HMM Forward  bias filter:              75  (0.1531); expected (0.02)
Envelopes passing glocal HMM envelope defn filter:              75  (0.09836); expected (0.02)
Envelopes passing  local CM  CYK           filter:              65  (0.08575); expected (0.0001)
Total CM hits reported:                                         50  (0.06017); includes 0 truncated hit(s)

# CPU time: 0.12u 0.00s 00:00:00.12 Elapsed: 00:00:00.13
# Alignment of 50 hits satisfying inclusion thresholds saved to: optimization_a7/100gen/_workspace/cmsearch_logs/gen_0030/patent_cmsearch.sto
//
[ok]
