Successfully retrieved statistics for job: 5044833. 
+------------------------------------------------------------------------------+
| GPU ID: 0                                                                    |
+====================================+=========================================+
|-----  Execution Stats  ------------+-----------------------------------------|
| Start Time                         | Thu Jul  2 13:00:30 2026                |
| End Time                           | Thu Jul  2 13:02:13 2026                |
| Total Execution Time (sec)         | 102.87                                  |
| No. of Processes                   | 1                                       |
+-----  Performance Stats  ----------+-----------------------------------------+
| Energy Consumed (Joules)           | 13455                                   |
| Power Usage (Watts)                | Avg: 120.453, Max: 317.158, Min: 33.54  |
| Max GPU Memory Used (bytes)        | 45803896832                             |
| SM Clock (MHz)                     | Avg: 2287, Max: 2520, Min: 210          |
| Memory Clock (MHz)                 | Avg: 8218, Max: 9000, Min: 405          |
| SM Utilization (%)                 | Avg: 18, Max: 100, Min: 0               |
| Memory Utilization (%)             | Avg: 17, Max: 97, Min: 0                |
| PCIe Rx Bandwidth (megabytes)      | Avg: N/A, Max: N/A, Min: N/A            |
| PCIe Tx Bandwidth (megabytes)      | Avg: N/A, Max: N/A, Min: N/A            |
+-----  Event Stats  ----------------+-----------------------------------------+
| Single Bit ECC Errors              | 0                                       |
| Double Bit ECC Errors              | 0                                       |
| PCIe Replay Warnings               | 0                                       |
| Critical XID Errors                | 0                                       |
+-----  Slowdown Stats  -------------+-----------------------------------------+
| Due to - Power (%)                 | 0                                       |
|        - Thermal (%)               | 0                                       |
|        - Reliability (%)           | Not Supported                           |
|        - Board Limit (%)           | Not Supported                           |
|        - Low Utilization (%)       | Not Supported                           |
|        - Sync Boost (%)            | 0                                       |
+--  Compute Process Utilization  ---+-----------------------------------------+
| PID                                | 2971369                                 |
|     Avg SM Utilization (%)         | 31                                      |
|     Avg Memory Utilization (%)     | 29                                      |
+-----  Overall Health  -------------+-----------------------------------------+
| Overall Health                     | Healthy                                 |
+------------------------------------+-----------------------------------------+

