Successfully retrieved statistics for job: 5044825. 
+------------------------------------------------------------------------------+
| GPU ID: 2                                                                    |
+====================================+=========================================+
|-----  Execution Stats  ------------+-----------------------------------------|
| Start Time                         | Thu Jul  2 13:03:38 2026                |
| End Time                           | Thu Jul  2 13:05:22 2026                |
| Total Execution Time (sec)         | 104.07                                  |
| No. of Processes                   | 1                                       |
+-----  Performance Stats  ----------+-----------------------------------------+
| Energy Consumed (Joules)           | 13256                                   |
| Power Usage (Watts)                | Avg: 150.73, Max: 320.568, Min: 80.105  |
| Max GPU Memory Used (bytes)        | 45803896832                             |
| SM Clock (MHz)                     | Avg: 2515, Max: 2520, Min: 2505         |
| Memory Clock (MHz)                 | Avg: 9000, Max: 9000, Min: 9000         |
| SM Utilization (%)                 | Avg: 18, Max: 100, Min: 0               |
| Memory Utilization (%)             | Avg: 19, Max: 97, Min: 0                |
| PCIe Rx Bandwidth (megabytes)      | Avg: N/A, Max: N/A, Min: N/A            |
| PCIe Tx Bandwidth (megabytes)      | Avg: N/A, Max: N/A, Min: N/A            |
+-----  Event Stats  ----------------+-----------------------------------------+
| Single Bit ECC Errors              | 0                                       |
| Double Bit ECC Errors              | 0                                       |
| PCIe Replay Warnings               | 0                                       |
| Critical XID Errors                | 0                                       |
+-----  Slowdown Stats  -------------+-----------------------------------------+
| Due to - Power (%)                 | 0                                       |
|        - Thermal (%)               | 0                                       |
|        - Reliability (%)           | Not Supported                           |
|        - Board Limit (%)           | Not Supported                           |
|        - Low Utilization (%)       | Not Supported                           |
|        - Sync Boost (%)            | 0                                       |
+--  Compute Process Utilization  ---+-----------------------------------------+
| PID                                | 290620                                  |
|     Avg SM Utilization (%)         | 2                                       |
|     Avg Memory Utilization (%)     | 24                                      |
+-----  Overall Health  -------------+-----------------------------------------+
| Overall Health                     | Healthy                                 |
+------------------------------------+-----------------------------------------+

