# cmsearch :: search CM(s) against a sequence database
# INFERNAL 1.1.5 (Sep 2023)
# Copyright (C) 2023 Howard Hughes Medical Institute.
# Freely distributed under the BSD open source license.
# - - - - - - - - - - - - - - - - - - - - - - - - - - - - - - - - - - - -
# query CM file:                         A7_analysis/patent.cm
# target sequence database:              /tmp/tmpkeotxkkt/queries.fa
# output directed to file:               /projects/health_sciences/bms/biochemistry/gardner_group/nadia/UTR_optimization/patent_cmsearch.out
# MSA of significant hits saved to file: /projects/health_sciences/bms/biochemistry/gardner_group/nadia/UTR_optimization/patent_cmsearch.sto
# tabular output of hits:                /projects/health_sciences/bms/biochemistry/gardner_group/nadia/UTR_optimization/patent_cmsearch.tblout
# max ASCII text line length:            unlimited
# sequence reporting threshold:          score >= 1000
# number of worker threads:              4
# - - - - - - - - - - - - - - - - - - - - - - - - - - - - - - - - - - - -

Query:       patent_aligned  [CLEN=36]
Hit scores:
 rank     E-value  score  bias  sequence  start    end   mdl trunc   gc  description
 ----   --------- ------ -----  -------- ------ ------   --- ----- ----  -----------

   [No hits detected that satisfy reporting thresholds]


Hit alignments:

   [No hits detected that satisfy reporting thresholds]


Internal CM pipeline statistics summary:
----------------------------------------
Query model(s):                                                  1  (36 consensus positions)
Target sequences:                                               61  (19444 residues searched)
Target sequences re-searched for truncated hits:                61  (11544 residues re-searched)
Windows   passing  local HMM SSV           filter:             155  (0.3047); expected (0.35)
Windows   passing  local HMM Viterbi       filter:                  (off)
Windows   passing  local HMM Viterbi  bias filter:                  (off)
Windows   passing  local HMM Forward       filter:              39  (0.08955); expected (0.02)
Windows   passing  local HMM Forward  bias filter:              39  (0.08955); expected (0.02)
Windows   passing glocal HMM Forward       filter:              24  (0.06677); expected (0.02)
Windows   passing glocal HMM Forward  bias filter:              24  (0.06677); expected (0.02)
Envelopes passing glocal HMM envelope defn filter:              24  (0.03088); expected (0.02)
Envelopes passing  local CM  CYK           filter:              21  (0.02433); expected (0.0001)
Total CM hits reported:                                          0  (0); includes 0 truncated hit(s)

# CPU time: 0.02u 0.00s 00:00:00.02 Elapsed: 00:00:00.03
# No hits satisfy inclusion thresholds; no alignment saved
//
[ok]
