# cmsearch :: search CM(s) against a sequence database
# INFERNAL 1.1.5 (Sep 2023)
# Copyright (C) 2023 Howard Hughes Medical Institute.
# Freely distributed under the BSD open source license.
# - - - - - - - - - - - - - - - - - - - - - - - - - - - - - - - - - - - -
# query CM file:                         A7_analysis/patent.cm
# target sequence database:              /tmp/tmp6o74w0wh/queries.fa
# output directed to file:               optimization_a7/38gen/_workspace/cmsearch_logs/gen_0019/patent_cmsearch.out
# MSA of significant hits saved to file: optimization_a7/38gen/_workspace/cmsearch_logs/gen_0019/patent_cmsearch.sto
# tabular output of hits:                optimization_a7/38gen/_workspace/cmsearch_logs/gen_0019/patent_cmsearch.tblout
# max ASCII text line length:            unlimited
# sequence reporting threshold:          E-value <= 1000
# number of worker threads:              4
# - - - - - - - - - - - - - - - - - - - - - - - - - - - - - - - - - - - -

Query:       patent_aligned  [CLEN=36]
Hit scores:
 rank     E-value  score  bias  sequence        start    end   mdl trunc   gc  description
 ----   --------- ------ -----  -------------- ------ ------   --- ----- ----  -----------
  (1) !   9.3e-14   56.5   0.0  ind_0019_00000    147    182 +  cm    no 0.64  -
  (2) !   9.3e-14   56.5   0.0  ind_0019_00038    147    182 +  cm    no 0.64  -
  (3) !   1.6e-13   55.7   0.0  ind_0019_00018    147    182 +  cm    no 0.64  -
  (4) !   1.6e-13   55.7   0.0  ind_0019_00025    147    182 +  cm    no 0.64  -
  (5) !   1.6e-13   55.7   0.0  ind_0019_00027    147    182 +  cm    no 0.64  -
  (6) !   1.6e-13   55.7   0.0  ind_0019_00028    147    182 +  cm    no 0.64  -
  (7) !   2.3e-13   55.0   0.0  ind_0019_00021    147    182 +  cm    no 0.64  -
  (8) !   3.3e-13   54.5   0.0  ind_0019_00034    147    182 +  cm    no 0.61  -
  (9) !   4.8e-13   53.8   0.0  ind_0019_00045    147    182 +  cm    no 0.64  -
 (10) !   7.1e-13   53.2   0.0  ind_0019_00011    147    182 +  cm    no 0.61  -
 (11) !   2.5e-12   51.2   0.0  ind_0019_00041    147    182 +  cm    no 0.64  -
 (12) !   3.9e-12   50.4   0.0  ind_0019_00010    147    182 +  cm    no 0.64  -
 (13) !   4.4e-12   50.2   0.0  ind_0019_00002    147    182 +  cm    no 0.64  -
 (14) !   4.4e-12   50.2   0.0  ind_0019_00014    147    182 +  cm    no 0.64  -
 (15) !   4.4e-12   50.2   0.0  ind_0019_00024    147    182 +  cm    no 0.64  -
 (16) !   5.8e-12   49.8   0.0  ind_0019_00001    147    182 +  cm    no 0.67  -
 (17) !   5.8e-12   49.8   0.0  ind_0019_00003    147    182 +  cm    no 0.67  -
 (18) !   5.8e-12   49.8   0.0  ind_0019_00004    147    182 +  cm    no 0.67  -
 (19) !   5.8e-12   49.8   0.0  ind_0019_00006    147    182 +  cm    no 0.67  -
 (20) !   5.8e-12   49.8   0.0  ind_0019_00012    147    182 +  cm    no 0.67  -
 (21) !   5.8e-12   49.8   0.0  ind_0019_00037    147    182 +  cm    no 0.67  -
 (22) !   5.8e-12   49.8   0.0  ind_0019_00043    147    182 +  cm    no 0.67  -
 (23) !   6.3e-12   49.6   0.0  ind_0019_00015    147    180 +  cm    no 0.68  -
 (24) !   6.7e-12   49.5   0.0  ind_0019_00044    147    182 +  cm    no 0.64  -
 (25) !   7.6e-12   49.3   0.0  ind_0019_00016    147    182 +  cm    no 0.64  -
 (26) !   9.8e-12   48.9   0.0  ind_0019_00049    147    182 +  cm    no 0.64  -
 (27) !     1e-11   48.8   0.0  ind_0019_00035    147    182 +  cm    no 0.61  -
 (28) !   2.5e-11   47.4   0.0  ind_0019_00013    147    182 +  cm    no 0.67  -
 (29) !   4.6e-11   46.4   0.0  ind_0019_00007    147    182 +  cm    no 0.67  -
 (30) !   5.2e-11   46.2   0.0  ind_0019_00033    147    182 +  cm    no 0.64  -
 (31) !   5.2e-11   46.2   0.0  ind_0019_00042    147    182 +  cm    no 0.64  -
 (32) !   1.2e-10   44.9   0.0  ind_0019_00031    147    182 +  cm    no 0.61  -
 (33) !   1.2e-10   44.9   0.0  ind_0019_00048    147    182 +  cm    no 0.61  -
 (34) !   1.2e-10   44.8   0.0  ind_0019_00036    147    182 +  cm    no 0.64  -
 (35) !   1.2e-10   44.8   0.0  ind_0019_00019    147    182 +  cm    no 0.61  -
 (36) !   1.6e-10   44.3   0.0  ind_0019_00032    147    182 +  cm    no 0.67  -
 (37) !   1.7e-10   44.3   0.0  ind_0019_00017    147    182 +  cm    no 0.61  -
 (38) !   1.7e-10   44.3   0.0  ind_0019_00020    147    182 +  cm    no 0.61  -
 (39) !   1.8e-10   44.1   0.0  ind_0019_00009    147    182 +  cm    no 0.64  -
 (40) !     2e-10   44.0   0.0  ind_0019_00022    147    182 +  cm    no 0.61  -
 (41) !   2.3e-10   43.8   0.0  ind_0019_00008    147    180 +  cm    no 0.71  -
 (42) !   2.5e-10   43.6   0.0  ind_0019_00026    147    182 +  cm    no 0.67  -
 (43) !   2.8e-10   43.5   0.0  ind_0019_00030    147    182 +  cm    no 0.67  -
 (44) !   3.9e-10   42.9   0.0  ind_0019_00039    147    180 +  cm    no 0.71  -
 (45) !   2.9e-09   39.6   0.0  ind_0019_00023    147    182 +  cm    no 0.61  -
 (46) !     3e-08   35.8   0.0  ind_0019_00047    147    182 +  cm    no 0.64  -
 (47) !   4.2e-08   35.2   0.0  ind_0019_00046    147    182 +  cm    no 0.61  -
 (48) !   5.1e-08   34.9   0.0  ind_0019_00040    147    182 +  cm    no 0.61  -
 (49) !   1.3e-05   25.9   0.0  ind_0019_00005    147    182 +  cm    no 0.61  -
 (50) !    0.0001   22.5   0.0  ind_0019_00029    147    182 +  cm    no 0.67  -
 ------ inclusion threshold ------
 (51) ?       0.2   10.1   0.0  ind_0019_00044    155    140 -  cm    no 0.75  -
 (52) ?       0.2   10.1   0.0  ind_0019_00022    155    140 -  cm    no 0.75  -
 (53) ?       0.2   10.1   0.0  ind_0019_00001    155    140 -  cm    no 0.69  -
 (54) ?       0.2   10.1   0.0  ind_0019_00003    155    140 -  cm    no 0.69  -
 (55) ?       0.2   10.1   0.0  ind_0019_00004    155    140 -  cm    no 0.69  -
 (56) ?       0.2   10.1   0.0  ind_0019_00006    155    140 -  cm    no 0.69  -
 (57) ?       0.2   10.1   0.0  ind_0019_00012    155    140 -  cm    no 0.69  -
 (58) ?       0.2   10.1   0.0  ind_0019_00025    155    140 -  cm    no 0.69  -
 (59) ?       0.2   10.1   0.0  ind_0019_00027    155    140 -  cm    no 0.69  -
 (60) ?       0.2   10.1   0.0  ind_0019_00028    155    140 -  cm    no 0.69  -
 (61) ?       0.2   10.1   0.0  ind_0019_00037    155    140 -  cm    no 0.69  -
 (62) ?       0.2   10.1   0.0  ind_0019_00039    155    140 -  cm    no 0.69  -
 (63) ?       0.2   10.1   0.0  ind_0019_00043    155    140 -  cm    no 0.69  -
 (64) ?       0.2   10.1   0.0  ind_0019_00030    155    140 -  cm    no 0.69  -
 (65) ?       0.2   10.1   0.0  ind_0019_00013    155    140 -  cm    no 0.69  -
 (66) ?       0.2   10.1   0.0  ind_0019_00026    155    140 -  cm    no 0.69  -
 (67) ?      0.56    8.4   0.0  ind_0019_00016    155    132 -  cm    no 0.75  -
 (68) ?      0.72    8.0   0.0  ind_0019_00018    155    132 -  cm    no 0.67  -
 (69) ?   6.7e+02   -3.2   0.0  ind_0019_00022    137    135 -  cm    no 0.67  -


Hit alignments:
>> ind_0019_00000  
 rank     E-value  score  bias mdl mdl from   mdl to       seq from      seq to       acc trunc   gc
 ----   --------- ------ ----- --- -------- --------    ----------- -----------      ---- ----- ----
  (1) !   9.3e-14   56.5   0.0  cm        1       36 []         147         182 + .. 1.00    no 0.64

                                                          NC
                     :::::<<<--<<<<<<_________>>>>>>-->>> CS
  patent_aligned   1 GGUCAGACCCUGGUCCGGGGCAAUGGGACCACUGUU 36 
                     GGUC GACC UGGUCCGGGGCAAUGGGACCACUGUU
  ind_0019_00000 147 GGUCGGACCUUGGUCCGGGGCAAUGGGACCACUGUU 182
                     ************************************ PP

>> ind_0019_00038  
 rank     E-value  score  bias mdl mdl from   mdl to       seq from      seq to       acc trunc   gc
 ----   --------- ------ ----- --- -------- --------    ----------- -----------      ---- ----- ----
  (2) !   9.3e-14   56.5   0.0  cm        1       36 []         147         182 + .. 1.00    no 0.64

                                                          NC
                     :::::<<<--<<<<<<_________>>>>>>-->>> CS
  patent_aligned   1 GGUCAGACCCUGGUCCGGGGCAAUGGGACCACUGUU 36 
                     GGUC GACC UGGUCCGGGGCAAUGGGACCACUGUU
  ind_0019_00038 147 GGUCGGACCUUGGUCCGGGGCAAUGGGACCACUGUU 182
                     ************************************ PP

>> ind_0019_00018  
 rank     E-value  score  bias mdl mdl from   mdl to       seq from      seq to       acc trunc   gc
 ----   --------- ------ ----- --- -------- --------    ----------- -----------      ---- ----- ----
  (3) !   1.6e-13   55.7   0.0  cm        1       36 []         147         182 + .. 1.00    no 0.64

                                                          NC
                     :::::<<<--<<<<<<_________>>>>>>-->>> CS
  patent_aligned   1 GGUCAGACCCUGGUCCGGGGCAAUGGGACCACUGUU 36 
                     GGUC GACC UGGUCCGGGGCAAUGGGACCACUGUU
  ind_0019_00018 147 GGUCGGACCAUGGUCCGGGGCAAUGGGACCACUGUU 182
                     ************************************ PP

>> ind_0019_00025  
 rank     E-value  score  bias mdl mdl from   mdl to       seq from      seq to       acc trunc   gc
 ----   --------- ------ ----- --- -------- --------    ----------- -----------      ---- ----- ----
  (4) !   1.6e-13   55.7   0.0  cm        1       36 []         147         182 + .. 1.00    no 0.64

                                                          NC
                     :::::<<<--<<<<<<_________>>>>>>-->>> CS
  patent_aligned   1 GGUCAGACCCUGGUCCGGGGCAAUGGGACCACUGUU 36 
                     GGUC GACC UGGUCCGGGGCAAUGGGACCACUGUU
  ind_0019_00025 147 GGUCGGACCAUGGUCCGGGGCAAUGGGACCACUGUU 182
                     ************************************ PP

>> ind_0019_00027  
 rank     E-value  score  bias mdl mdl from   mdl to       seq from      seq to       acc trunc   gc
 ----   --------- ------ ----- --- -------- --------    ----------- -----------      ---- ----- ----
  (5) !   1.6e-13   55.7   0.0  cm        1       36 []         147         182 + .. 1.00    no 0.64

                                                          NC
                     :::::<<<--<<<<<<_________>>>>>>-->>> CS
  patent_aligned   1 GGUCAGACCCUGGUCCGGGGCAAUGGGACCACUGUU 36 
                     GGUC GACC UGGUCCGGGGCAAUGGGACCACUGUU
  ind_0019_00027 147 GGUCGGACCAUGGUCCGGGGCAAUGGGACCACUGUU 182
                     ************************************ PP

>> ind_0019_00028  
 rank     E-value  score  bias mdl mdl from   mdl to       seq from      seq to       acc trunc   gc
 ----   --------- ------ ----- --- -------- --------    ----------- -----------      ---- ----- ----
  (6) !   1.6e-13   55.7   0.0  cm        1       36 []         147         182 + .. 1.00    no 0.64

                                                          NC
                     :::::<<<--<<<<<<_________>>>>>>-->>> CS
  patent_aligned   1 GGUCAGACCCUGGUCCGGGGCAAUGGGACCACUGUU 36 
                     GGUC GACC UGGUCCGGGGCAAUGGGACCACUGUU
  ind_0019_00028 147 GGUCGGACCAUGGUCCGGGGCAAUGGGACCACUGUU 182
                     ************************************ PP

>> ind_0019_00021  
 rank     E-value  score  bias mdl mdl from   mdl to       seq from      seq to       acc trunc   gc
 ----   --------- ------ ----- --- -------- --------    ----------- -----------      ---- ----- ----
  (7) !   2.3e-13   55.0   0.0  cm        1       36 []         147         182 + .. 1.00    no 0.64

                                                          NC
                     :::::<<<--<<<<<<_________>>>>>>-->>> CS
  patent_aligned   1 GGUCAGACCCUGGUCCGGGGCAAUGGGACCACUGUU 36 
                     GGUCAGACC UGG CCGGGGCAAUGGG CCACUGUU
  ind_0019_00021 147 GGUCAGACCAUGGUCCGGGGCAAUGGGGCCACUGUU 182
                     ************************************ PP

>> ind_0019_00034  
 rank     E-value  score  bias mdl mdl from   mdl to       seq from      seq to       acc trunc   gc
 ----   --------- ------ ----- --- -------- --------    ----------- -----------      ---- ----- ----
  (8) !   3.3e-13   54.5   0.0  cm        1       36 []         147         182 + .. 1.00    no 0.61

                                                          NC
                     :::::<<<--<<<<<<_________>>>>>>-->>> CS
  patent_aligned   1 GGUCAGACCCUGGUCCGGGGCAAUGGGACCACUGUU 36 
                     GGUCAGACCCUGGUCCG GG AAUGGGACCACUGUU
  ind_0019_00034 147 GGUCAGACCCUGGUCCGUGGGAAUGGGACCACUGUU 182
                     ************************************ PP

>> ind_0019_00045  
 rank     E-value  score  bias mdl mdl from   mdl to       seq from      seq to       acc trunc   gc
 ----   --------- ------ ----- --- -------- --------    ----------- -----------      ---- ----- ----
  (9) !   4.8e-13   53.8   0.0  cm        1       36 []         147         182 + .. 1.00    no 0.64

                                                          NC
                     :::::<<<--<<<<<<_________>>>>>>-->>> CS
  patent_aligned   1 GGUCAGACCCUGGUCCGGGGCAAUGGGACCACUGUU 36 
                     GGUCAGACCCUGGUCCG GG AAUGGGACCACUGUU
  ind_0019_00045 147 GGUCAGACCCUGGUCCGCGGGAAUGGGACCACUGUU 182
                     ************************************ PP

>> ind_0019_00011  
 rank     E-value  score  bias mdl mdl from   mdl to       seq from      seq to       acc trunc   gc
 ----   --------- ------ ----- --- -------- --------    ----------- -----------      ---- ----- ----
 (10) !   7.1e-13   53.2   0.0  cm        1       36 []         147         182 + .. 1.00    no 0.61

                                                          NC
                     :::::<<<--<<<<<<_________>>>>>>-->>> CS
  patent_aligned   1 GGUCAGACCCUGGUCCGGGGCAAUGGGACCACUGUU 36 
                     GGUC :ACC UGGUCCGGGGCAAUGGGACCACUGU:
  ind_0019_00011 147 GGUCGAACCAUGGUCCGGGGCAAUGGGACCACUGUU 182
                     ************************************ PP

>> ind_0019_00041  
 rank     E-value  score  bias mdl mdl from   mdl to       seq from      seq to       acc trunc   gc
 ----   --------- ------ ----- --- -------- --------    ----------- -----------      ---- ----- ----
 (11) !   2.5e-12   51.2   0.0  cm        1       36 []         147         182 + .. 1.00    no 0.64

                                                          NC
                     :::::<<<--<<<<<<_________>>>>>>-->>> CS
  patent_aligned   1 GGUCAGACCCUGGUCCGGGGCAAUGGGACCACUGUU 36 
                     GGUC GACC UGGUCCGGGGC AUGGGACCACUGUU
  ind_0019_00041 147 GGUCGGACCUUGGUCCGGGGCUAUGGGACCACUGUU 182
                     *********************9************** PP

>> ind_0019_00010  
 rank     E-value  score  bias mdl mdl from   mdl to       seq from      seq to       acc trunc   gc
 ----   --------- ------ ----- --- -------- --------    ----------- -----------      ---- ----- ----
 (12) !   3.9e-12   50.4   0.0  cm        1       36 []         147         182 + .. 1.00    no 0.64

                                                          NC
                     :::::<<<--<<<<<<_________>>>>>>-->>> CS
  patent_aligned   1 GGUCAGACCCUGGUCCGGGGCAAUGGGACCACUGUU 36 
                     GGUC GACC UGGUCCGGGG AAUGGGACCACUGUU
  ind_0019_00010 147 GGUCGGACCUUGGUCCGGGGGAAUGGGACCACUGUU 182
                     ************************************ PP

>> ind_0019_00002  
 rank     E-value  score  bias mdl mdl from   mdl to       seq from      seq to       acc trunc   gc
 ----   --------- ------ ----- --- -------- --------    ----------- -----------      ---- ----- ----
 (13) !   4.4e-12   50.2   0.0  cm        1       36 []         147         182 + .. 1.00    no 0.64

                                                          NC
                     :::::<<<--<<<<<<_________>>>>>>-->>> CS
  patent_aligned   1 GGUCAGACCCUGGUCCGGGGCAAUGGGACCACUGUU 36 
                     GGUC GACC UGGUCCG GGCAAUGGGACCACUGUU
  ind_0019_00002 147 GGUCGGACCUUGGUCCGCGGCAAUGGGACCACUGUU 182
                     ************************************ PP

>> ind_0019_00014  
 rank     E-value  score  bias mdl mdl from   mdl to       seq from      seq to       acc trunc   gc
 ----   --------- ------ ----- --- -------- --------    ----------- -----------      ---- ----- ----
 (14) !   4.4e-12   50.2   0.0  cm        1       36 []         147         182 + .. 1.00    no 0.64

                                                          NC
                     :::::<<<--<<<<<<_________>>>>>>-->>> CS
  patent_aligned   1 GGUCAGACCCUGGUCCGGGGCAAUGGGACCACUGUU 36 
                     GGUC GACC UGGUCCG GGCAAUGGGACCACUGUU
  ind_0019_00014 147 GGUCGGACCUUGGUCCGCGGCAAUGGGACCACUGUU 182
                     ************************************ PP

>> ind_0019_00024  
 rank     E-value  score  bias mdl mdl from   mdl to       seq from      seq to       acc trunc   gc
 ----   --------- ------ ----- --- -------- --------    ----------- -----------      ---- ----- ----
 (15) !   4.4e-12   50.2   0.0  cm        1       36 []         147         182 + .. 1.00    no 0.64

                                                          NC
                     :::::<<<--<<<<<<_________>>>>>>-->>> CS
  patent_aligned   1 GGUCAGACCCUGGUCCGGGGCAAUGGGACCACUGUU 36 
                     GGUC GACC UGGUCCG GGCAAUGGGACCACUGUU
  ind_0019_00024 147 GGUCGGACCUUGGUCCGCGGCAAUGGGACCACUGUU 182
                     ************************************ PP

>> ind_0019_00001  
 rank     E-value  score  bias mdl mdl from   mdl to       seq from      seq to       acc trunc   gc
 ----   --------- ------ ----- --- -------- --------    ----------- -----------      ---- ----- ----
 (16) !   5.8e-12   49.8   0.0  cm        1       36 []         147         182 + .. 1.00    no 0.67

                                                          NC
                     :::::<<<--<<<<<<_________>>>>>>-->>> CS
  patent_aligned   1 GGUCAGACCCUGGUCCGGGGCAAUGGGACCACUGUU 36 
                     GGUC GACC UGG CCGGGGCAAUGGG CCACUGUU
  ind_0019_00001 147 GGUCGGACCAUGGUCCGGGGCAAUGGGGCCACUGUU 182
                     ************************************ PP

>> ind_0019_00003  
 rank     E-value  score  bias mdl mdl from   mdl to       seq from      seq to       acc trunc   gc
 ----   --------- ------ ----- --- -------- --------    ----------- -----------      ---- ----- ----
 (17) !   5.8e-12   49.8   0.0  cm        1       36 []         147         182 + .. 1.00    no 0.67

                                                          NC
                     :::::<<<--<<<<<<_________>>>>>>-->>> CS
  patent_aligned   1 GGUCAGACCCUGGUCCGGGGCAAUGGGACCACUGUU 36 
                     GGUC GACC UGG CCGGGGCAAUGGG CCACUGUU
  ind_0019_00003 147 GGUCGGACCAUGGUCCGGGGCAAUGGGGCCACUGUU 182
                     ************************************ PP

>> ind_0019_00004  
 rank     E-value  score  bias mdl mdl from   mdl to       seq from      seq to       acc trunc   gc
 ----   --------- ------ ----- --- -------- --------    ----------- -----------      ---- ----- ----
 (18) !   5.8e-12   49.8   0.0  cm        1       36 []         147         182 + .. 1.00    no 0.67

                                                          NC
                     :::::<<<--<<<<<<_________>>>>>>-->>> CS
  patent_aligned   1 GGUCAGACCCUGGUCCGGGGCAAUGGGACCACUGUU 36 
                     GGUC GACC UGG CCGGGGCAAUGGG CCACUGUU
  ind_0019_00004 147 GGUCGGACCAUGGUCCGGGGCAAUGGGGCCACUGUU 182
                     ************************************ PP

>> ind_0019_00006  
 rank     E-value  score  bias mdl mdl from   mdl to       seq from      seq to       acc trunc   gc
 ----   --------- ------ ----- --- -------- --------    ----------- -----------      ---- ----- ----
 (19) !   5.8e-12   49.8   0.0  cm        1       36 []         147         182 + .. 1.00    no 0.67

                                                          NC
                     :::::<<<--<<<<<<_________>>>>>>-->>> CS
  patent_aligned   1 GGUCAGACCCUGGUCCGGGGCAAUGGGACCACUGUU 36 
                     GGUC GACC UGG CCGGGGCAAUGGG CCACUGUU
  ind_0019_00006 147 GGUCGGACCAUGGUCCGGGGCAAUGGGGCCACUGUU 182
                     ************************************ PP

>> ind_0019_00012  
 rank     E-value  score  bias mdl mdl from   mdl to       seq from      seq to       acc trunc   gc
 ----   --------- ------ ----- --- -------- --------    ----------- -----------      ---- ----- ----
 (20) !   5.8e-12   49.8   0.0  cm        1       36 []         147         182 + .. 1.00    no 0.67

                                                          NC
                     :::::<<<--<<<<<<_________>>>>>>-->>> CS
  patent_aligned   1 GGUCAGACCCUGGUCCGGGGCAAUGGGACCACUGUU 36 
                     GGUC GACC UGG CCGGGGCAAUGGG CCACUGUU
  ind_0019_00012 147 GGUCGGACCAUGGUCCGGGGCAAUGGGGCCACUGUU 182
                     ************************************ PP

>> ind_0019_00037  
 rank     E-value  score  bias mdl mdl from   mdl to       seq from      seq to       acc trunc   gc
 ----   --------- ------ ----- --- -------- --------    ----------- -----------      ---- ----- ----
 (21) !   5.8e-12   49.8   0.0  cm        1       36 []         147         182 + .. 1.00    no 0.67

                                                          NC
                     :::::<<<--<<<<<<_________>>>>>>-->>> CS
  patent_aligned   1 GGUCAGACCCUGGUCCGGGGCAAUGGGACCACUGUU 36 
                     GGUC GACC UGG CCGGGGCAAUGGG CCACUGUU
  ind_0019_00037 147 GGUCGGACCAUGGUCCGGGGCAAUGGGGCCACUGUU 182
                     ************************************ PP

>> ind_0019_00043  
 rank     E-value  score  bias mdl mdl from   mdl to       seq from      seq to       acc trunc   gc
 ----   --------- ------ ----- --- -------- --------    ----------- -----------      ---- ----- ----
 (22) !   5.8e-12   49.8   0.0  cm        1       36 []         147         182 + .. 1.00    no 0.67

                                                          NC
                     :::::<<<--<<<<<<_________>>>>>>-->>> CS
  patent_aligned   1 GGUCAGACCCUGGUCCGGGGCAAUGGGACCACUGUU 36 
                     GGUC GACC UGG CCGGGGCAAUGGG CCACUGUU
  ind_0019_00043 147 GGUCGGACCAUGGUCCGGGGCAAUGGGGCCACUGUU 182
                     ************************************ PP

>> ind_0019_00015  
 rank     E-value  score  bias mdl mdl from   mdl to       seq from      seq to       acc trunc   gc
 ----   --------- ------ ----- --- -------- --------    ----------- -----------      ---- ----- ----
 (23) !   6.3e-12   49.6   0.0  cm        1       36 []         147         180 + .. 1.00    no 0.68

                          vv                           vv NC
                     :::::<<<--<<<<<<_________>>>>>>-->>> CS
  patent_aligned   1 GGUCAGACCCUGGUCCGGGGCAAUGGGACCACUGUU 36 
                     GGUC GACC UGGUCCGGGGCAAUGGGACCACUG  
  ind_0019_00015 147 GGUCGGACCUUGGUCCGGGGCAAUGGGACCACUG-- 180
                     **********************************.. PP

>> ind_0019_00044  
 rank     E-value  score  bias mdl mdl from   mdl to       seq from      seq to       acc trunc   gc
 ----   --------- ------ ----- --- -------- --------    ----------- -----------      ---- ----- ----
 (24) !   6.7e-12   49.5   0.0  cm        1       36 []         147         182 + .. 1.00    no 0.64

                                                          NC
                     :::::<<<--<<<<<<_________>>>>>>-->>> CS
  patent_aligned   1 GGUCAGACCCUGGUCCGGGGCAAUGGGACCACUGUU 36 
                     GGUC GACC UGGUCCGGGG AAUGGGACCACUGUU
  ind_0019_00044 147 GGUCGGACCAUGGUCCGGGGGAAUGGGACCACUGUU 182
                     ************************************ PP

>> ind_0019_00016  
 rank     E-value  score  bias mdl mdl from   mdl to       seq from      seq to       acc trunc   gc
 ----   --------- ------ ----- --- -------- --------    ----------- -----------      ---- ----- ----
 (25) !   7.6e-12   49.3   0.0  cm        1       36 []         147         182 + .. 1.00    no 0.64

                                                          NC
                     :::::<<<--<<<<<<_________>>>>>>-->>> CS
  patent_aligned   1 GGUCAGACCCUGGUCCGGGGCAAUGGGACCACUGUU 36 
                     GGUC GACC UGGUCCG GGCAAUGGGACCACUGUU
  ind_0019_00016 147 GGUCGGACCAUGGUCCGCGGCAAUGGGACCACUGUU 182
                     ************************************ PP

>> ind_0019_00049  
 rank     E-value  score  bias mdl mdl from   mdl to       seq from      seq to       acc trunc   gc
 ----   --------- ------ ----- --- -------- --------    ----------- -----------      ---- ----- ----
 (26) !   9.8e-12   48.9   0.0  cm        1       36 []         147         182 + .. 1.00    no 0.64

                                                          NC
                     :::::<<<--<<<<<<_________>>>>>>-->>> CS
  patent_aligned   1 GGUCAGACCCUGGUCCGGGGCAAUGGGACCACUGUU 36 
                     GGUCAGACC UGG CCGGGG AAUGGG CCACUGUU
  ind_0019_00049 147 GGUCAGACCAUGGUCCGGGGGAAUGGGGCCACUGUU 182
                     ************************************ PP

>> ind_0019_00035  
 rank     E-value  score  bias mdl mdl from   mdl to       seq from      seq to       acc trunc   gc
 ----   --------- ------ ----- --- -------- --------    ----------- -----------      ---- ----- ----
 (27) !     1e-11   48.8   0.0  cm        1       36 []         147         182 + .. 0.95    no 0.61

                                                           NC
                     :::::<<<--<<<<<<_____.____>>>>>>-->>> CS
  patent_aligned   1 GGUCAGACCCUGGUCCGGGGC.AAUGGGACCACUGUU 36 
                     GGUCA:ACC UGGUCCGG GC AAUGGGACCACUGU:
  ind_0019_00035 147 GGUCAGACCAUGGUCCGG-GCaAAUGGGACCACUGUC 182
                     ****************75.687*************** PP

>> ind_0019_00013  
 rank     E-value  score  bias mdl mdl from   mdl to       seq from      seq to       acc trunc   gc
 ----   --------- ------ ----- --- -------- --------    ----------- -----------      ---- ----- ----
 (28) !   2.5e-11   47.4   0.0  cm        1       36 []         147         182 + .. 1.00    no 0.67

                                  v             v         NC
                     :::::<<<--<<<<<<_________>>>>>>-->>> CS
  patent_aligned   1 GGUCAGACCCUGGUCCGGGGCAAUGGGACCACUGUU 36 
                     GGUC GACC UGG CCGGGGCAAUGGG CCACUGUU
  ind_0019_00013 147 GGUCGGACCAUGGCCCGGGGCAAUGGGACCACUGUU 182
                     ************************************ PP

>> ind_0019_00007  
 rank     E-value  score  bias mdl mdl from   mdl to       seq from      seq to       acc trunc   gc
 ----   --------- ------ ----- --- -------- --------    ----------- -----------      ---- ----- ----
 (29) !   4.6e-11   46.4   0.0  cm        1       36 []         147         182 + .. 1.00    no 0.67

                                                          NC
                     :::::<<<--<<<<<<_________>>>>>>-->>> CS
  patent_aligned   1 GGUCAGACCCUGGUCCGGGGCAAUGGGACCACUGUU 36 
                     GGUC GAC  UGG CCGGGGCAAUGGG CCACUGUU
  ind_0019_00007 147 GGUCGGACAAUGGCCCGGGGCAAUGGGGCCACUGUU 182
                     ************************************ PP

>> ind_0019_00033  
 rank     E-value  score  bias mdl mdl from   mdl to       seq from      seq to       acc trunc   gc
 ----   --------- ------ ----- --- -------- --------    ----------- -----------      ---- ----- ----
 (30) !   5.2e-11   46.2   0.0  cm        1       36 []         147         182 + .. 1.00    no 0.64

                                                          NC
                     :::::<<<--<<<<<<_________>>>>>>-->>> CS
  patent_aligned   1 GGUCAGACCCUGGUCCGGGGCAAUGGGACCACUGUU 36 
                     GGUC GAC  UGG CCGGGGCAAUGGG CCACUGUU
  ind_0019_00033 147 GGUCGGACUUUGGUCCGGGGCAAUGGGGCCACUGUU 182
                     ************************************ PP

>> ind_0019_00042  
 rank     E-value  score  bias mdl mdl from   mdl to       seq from      seq to       acc trunc   gc
 ----   --------- ------ ----- --- -------- --------    ----------- -----------      ---- ----- ----
 (31) !   5.2e-11   46.2   0.0  cm        1       36 []         147         182 + .. 1.00    no 0.64

                                                          NC
                     :::::<<<--<<<<<<_________>>>>>>-->>> CS
  patent_aligned   1 GGUCAGACCCUGGUCCGGGGCAAUGGGACCACUGUU 36 
                     GGUC GAC  UGG CCGGGGCAAUGGG CCACUGUU
  ind_0019_00042 147 GGUCGGACUUUGGUCCGGGGCAAUGGGGCCACUGUU 182
                     ************************************ PP

>> ind_0019_00031  
 rank     E-value  score  bias mdl mdl from   mdl to       seq from      seq to       acc trunc   gc
 ----   --------- ------ ----- --- -------- --------    ----------- -----------      ---- ----- ----
 (32) !   1.2e-10   44.9   0.0  cm        1       36 []         147         182 + .. 1.00    no 0.61

                                                          NC
                     :::::<<<--<<<<<<_________>>>>>>-->>> CS
  patent_aligned   1 GGUCAGACCCUGGUCCGGGGCAAUGGGACCACUGUU 36 
                     GGUC GACC UGGUCCG GG AAUGGGACCACUGUU
  ind_0019_00031 147 GGUCGGACCUUGGUCCGCGGAAAUGGGACCACUGUU 182
                     ************************************ PP

>> ind_0019_00048  
 rank     E-value  score  bias mdl mdl from   mdl to       seq from      seq to       acc trunc   gc
 ----   --------- ------ ----- --- -------- --------    ----------- -----------      ---- ----- ----
 (33) !   1.2e-10   44.9   0.0  cm        1       36 []         147         182 + .. 1.00    no 0.61

                                                          NC
                     :::::<<<--<<<<<<_________>>>>>>-->>> CS
  patent_aligned   1 GGUCAGACCCUGGUCCGGGGCAAUGGGACCACUGUU 36 
                     GGUC GACC UGGUCCG GG AAUGGGACCACUGUU
  ind_0019_00048 147 GGUCGGACCUUGGUCCGCGGAAAUGGGACCACUGUU 182
                     ************************************ PP

>> ind_0019_00036  
 rank     E-value  score  bias mdl mdl from   mdl to       seq from      seq to       acc trunc   gc
 ----   --------- ------ ----- --- -------- --------    ----------- -----------      ---- ----- ----
 (34) !   1.2e-10   44.8   0.0  cm        1       36 []         147         182 + .. 1.00    no 0.64

                                                          NC
                     :::::<<<--<<<<<<_________>>>>>>-->>> CS
  patent_aligned   1 GGUCAGACCCUGGUCCGGGGCAAUGGGACCACUGUU 36 
                     GGUC GACC UGG CCGG GCAAUGGG CCACUGUU
  ind_0019_00036 147 GGUCGGACCAUGGUCCGGAGCAAUGGGGCCACUGUU 182
                     ************************************ PP

>> ind_0019_00019  
 rank     E-value  score  bias mdl mdl from   mdl to       seq from      seq to       acc trunc   gc
 ----   --------- ------ ----- --- -------- --------    ----------- -----------      ---- ----- ----
 (35) !   1.2e-10   44.8   0.0  cm        1       36 []         147         182 + .. 1.00    no 0.61

                                                          NC
                     :::::<<<--<<<<<<_________>>>>>>-->>> CS
  patent_aligned   1 GGUCAGACCCUGGUCCGGGGCAAUGGGACCACUGUU 36 
                     GGUC GACC UGGUCCG GG AAUGGGACCACUGUU
  ind_0019_00019 147 GGUCGGACCUUGGUCCGUGGGAAUGGGACCACUGUU 182
                     ************************************ PP

>> ind_0019_00032  
 rank     E-value  score  bias mdl mdl from   mdl to       seq from      seq to       acc trunc   gc
 ----   --------- ------ ----- --- -------- --------    ----------- -----------      ---- ----- ----
 (36) !   1.6e-10   44.3   0.0  cm        1       36 []         147         182 + .. 1.00    no 0.67

                                                          NC
                     :::::<<<--<<<<<<_________>>>>>>-->>> CS
  patent_aligned   1 GGUCAGACCCUGGUCCGGGGCAAUGGGACCACUGUU 36 
                     GGUC GACC UGG CCG GGCAAUGGG CCACUGUU
  ind_0019_00032 147 GGUCGGACCUUGGUCCGCGGCAAUGGGGCCACUGUU 182
                     ************************************ PP

>> ind_0019_00017  
 rank     E-value  score  bias mdl mdl from   mdl to       seq from      seq to       acc trunc   gc
 ----   --------- ------ ----- --- -------- --------    ----------- -----------      ---- ----- ----
 (37) !   1.7e-10   44.3   0.0  cm        1       36 []         147         182 + .. 1.00    no 0.61

                                                          NC
                     :::::<<<--<<<<<<_________>>>>>>-->>> CS
  patent_aligned   1 GGUCAGACCCUGGUCCGGGGCAAUGGGACCACUGUU 36 
                     GGUC GACC UGGUCCG GG AAUGGGACCACUGUU
  ind_0019_00017 147 GGUCCGACCUUGGUCCGUGGGAAUGGGACCACUGUU 182
                     ************************************ PP

>> ind_0019_00020  
 rank     E-value  score  bias mdl mdl from   mdl to       seq from      seq to       acc trunc   gc
 ----   --------- ------ ----- --- -------- --------    ----------- -----------      ---- ----- ----
 (38) !   1.7e-10   44.3   0.0  cm        1       36 []         147         182 + .. 1.00    no 0.61

                                                          NC
                     :::::<<<--<<<<<<_________>>>>>>-->>> CS
  patent_aligned   1 GGUCAGACCCUGGUCCGGGGCAAUGGGACCACUGUU 36 
                     GGUC GACC UGGUCCG GG AAUGGGACCACUGUU
  ind_0019_00020 147 GGUCCGACCUUGGUCCGUGGGAAUGGGACCACUGUU 182
                     ************************************ PP

>> ind_0019_00009  
 rank     E-value  score  bias mdl mdl from   mdl to       seq from      seq to       acc trunc   gc
 ----   --------- ------ ----- --- -------- --------    ----------- -----------      ---- ----- ----
 (39) !   1.8e-10   44.1   0.0  cm        1       36 []         147         182 + .. 1.00    no 0.64

                                                          NC
                     :::::<<<--<<<<<<_________>>>>>>-->>> CS
  patent_aligned   1 GGUCAGACCCUGGUCCGGGGCAAUGGGACCACUGUU 36 
                     GGUC GACC UGGUCCG GG AAUGGGACCACUGUU
  ind_0019_00009 147 GGUCGGACCUUGGUCCGCGGGAAUGGGACCACUGUU 182
                     ************************************ PP

>> ind_0019_00022  
 rank     E-value  score  bias mdl mdl from   mdl to       seq from      seq to       acc trunc   gc
 ----   --------- ------ ----- --- -------- --------    ----------- -----------      ---- ----- ----
 (40) !     2e-10   44.0   0.0  cm        1       36 []         147         182 + .. 1.00    no 0.61

                                                          NC
                     :::::<<<--<<<<<<_________>>>>>>-->>> CS
  patent_aligned   1 GGUCAGACCCUGGUCCGGGGCAAUGGGACCACUGUU 36 
                     GGUC GACC UGGUCCG GG AAUGGGACCACUGUU
  ind_0019_00022 147 GGUCGGACCAUGGUCCGCGGAAAUGGGACCACUGUU 182
                     ************************************ PP

>> ind_0019_00008  
 rank     E-value  score  bias mdl mdl from   mdl to       seq from      seq to       acc trunc   gc
 ----   --------- ------ ----- --- -------- --------    ----------- -----------      ---- ----- ----
 (41) !   2.3e-10   43.8   0.0  cm        1       36 []         147         180 + .. 1.00    no 0.71

                          vv                           vv NC
                     :::::<<<--<<<<<<_________>>>>>>-->>> CS
  patent_aligned   1 GGUCAGACCCUGGUCCGGGGCAAUGGGACCACUGUU 36 
                     GGUC GACC UGG CCGGGGCAAUGGG CCACUG  
  ind_0019_00008 147 GGUCGGACCUUGGUCCGGGGCAAUGGGGCCACUG-- 180
                     **********************************.. PP

>> ind_0019_00026  
 rank     E-value  score  bias mdl mdl from   mdl to       seq from      seq to       acc trunc   gc
 ----   --------- ------ ----- --- -------- --------    ----------- -----------      ---- ----- ----
 (42) !   2.5e-10   43.6   0.0  cm        1       36 []         147         182 + .. 1.00    no 0.67

                                                          NC
                     :::::<<<--<<<<<<_________>>>>>>-->>> CS
  patent_aligned   1 GGUCAGACCCUGGUCCGGGGCAAUGGGACCACUGUU 36 
                     GGUC GACC UGG  CGGGGCAAUGG  CCACUGUU
  ind_0019_00026 147 GGUCGGACCAUGGUGCGGGGCAAUGGCGCCACUGUU 182
                     ************************************ PP

>> ind_0019_00030  
 rank     E-value  score  bias mdl mdl from   mdl to       seq from      seq to       acc trunc   gc
 ----   --------- ------ ----- --- -------- --------    ----------- -----------      ---- ----- ----
 (43) !   2.8e-10   43.5   0.0  cm        1       36 []         147         182 + .. 1.00    no 0.67

                                                          NC
                     :::::<<<--<<<<<<_________>>>>>>-->>> CS
  patent_aligned   1 GGUCAGACCCUGGUCCGGGGCAAUGGGACCACUGUU 36 
                     GGUC GACC UGG CC GGGCAAUGGG CCACUGUU
  ind_0019_00030 147 GGUCGGACCAUGGUCCCGGGCAAUGGGGCCACUGUU 182
                     ************************************ PP

>> ind_0019_00039  
 rank     E-value  score  bias mdl mdl from   mdl to       seq from      seq to       acc trunc   gc
 ----   --------- ------ ----- --- -------- --------    ----------- -----------      ---- ----- ----
 (44) !   3.9e-10   42.9   0.0  cm        1       36 []         147         180 + .. 1.00    no 0.71

                          vv                           vv NC
                     :::::<<<--<<<<<<_________>>>>>>-->>> CS
  patent_aligned   1 GGUCAGACCCUGGUCCGGGGCAAUGGGACCACUGUU 36 
                     GGUC GACC UGG CCGGGGCAAUGGG CCACUG  
  ind_0019_00039 147 GGUCGGACCAUGGUCCGGGGCAAUGGGGCCACUG-- 180
                     **********************************.. PP

>> ind_0019_00023  
 rank     E-value  score  bias mdl mdl from   mdl to       seq from      seq to       acc trunc   gc
 ----   --------- ------ ----- --- -------- --------    ----------- -----------      ---- ----- ----
 (45) !   2.9e-09   39.6   0.0  cm        1       36 []         147         182 + .. 1.00    no 0.61

                                                          NC
                     :::::<<<--<<<<<<_________>>>>>>-->>> CS
  patent_aligned   1 GGUCAGACCCUGGUCCGGGGCAAUGGGACCACUGUU 36 
                     GGUC GAC  UGGUCCG GG AAUGGGACCACUGUU
  ind_0019_00023 147 GGUCGGACUUUGGUCCGCGGGAAUGGGACCACUGUU 182
                     ************************************ PP

>> ind_0019_00047  
 rank     E-value  score  bias mdl mdl from   mdl to       seq from      seq to       acc trunc   gc
 ----   --------- ------ ----- --- -------- --------    ----------- -----------      ---- ----- ----
 (46) !     3e-08   35.8   0.0  cm        1       36 []         147         182 + .. 1.00    no 0.64

                            v                         v   NC
                     :::::<<<--<<<<<<_________>>>>>>-->>> CS
  patent_aligned   1 GGUCAGACCCUGGUCCGGGGCAAUGGGACCACUGUU 36 
                     GGUC GA  CUGG CCG GGCAAUGGG CCACU UU
  ind_0019_00047 147 GGUCGGACUCUGGUCCGCGGCAAUGGGGCCACUUUU 182
                     ************************************ PP

>> ind_0019_00046  
 rank     E-value  score  bias mdl mdl from   mdl to       seq from      seq to       acc trunc   gc
 ----   --------- ------ ----- --- -------- --------    ----------- -----------      ---- ----- ----
 (47) !   4.2e-08   35.2   0.0  cm        1       36 []         147         182 + .. 1.00    no 0.61

                                    v         v           NC
                     :::::<<<--<<<<<<_________>>>>>>-->>> CS
  patent_aligned   1 GGUCAGACCCUGGUCCGGGGCAAUGGGACCACUGUU 36 
                     GGUC GACC UGGUC G GG AAUG GACCACUGUU
  ind_0019_00046 147 GGUCGGACCUUGGUCCGCGGGAAUGUGACCACUGUU 182
                     ************************************ PP

>> ind_0019_00040  
 rank     E-value  score  bias mdl mdl from   mdl to       seq from      seq to       acc trunc   gc
 ----   --------- ------ ----- --- -------- --------    ----------- -----------      ---- ----- ----
 (48) !   5.1e-08   34.9   0.0  cm        1       36 []         147         182 + .. 1.00    no 0.61

                                 v               v        NC
                     :::::<<<--<<<<<<_________>>>>>>-->>> CS
  patent_aligned   1 GGUCAGACCCUGGUCCGGGGCAAUGGGACCACUGUU 36 
                     GGUC GACC UG UCCG GG AAUGGGA CACUGUU
  ind_0019_00040 147 GGUCGGACCUUGUUCCGCGGGAAUGGGACCACUGUU 182
                     ************************************ PP

>> ind_0019_00005  
 rank     E-value  score  bias mdl mdl from   mdl to       seq from      seq to       acc trunc   gc
 ----   --------- ------ ----- --- -------- --------    ----------- -----------      ---- ----- ----
 (49) !   1.3e-05   25.9   0.0  cm        1       36 []         147         182 + .. 1.00    no 0.61

                                v  v           v  v       NC
                     :::::<<<--<<<<<<_________>>>>>>-->>> CS
  patent_aligned   1 GGUCAGACCCUGGUCCGGGGCAAUGGGACCACUGUU 36 
                     GGUC GACC U G  CGGGG AAUGG  C ACUGUU
  ind_0019_00005 147 GGUCGGACCUUUGUACGGGGGAAUGGGGCCACUGUU 182
                     ************************************ PP

>> ind_0019_00029  
 rank     E-value  score  bias mdl mdl from   mdl to       seq from      seq to       acc trunc   gc
 ----   --------- ------ ----- --- -------- --------    ----------- -----------      ---- ----- ----
 (50) !    0.0001   22.5   0.0  cm        1       36 []         147         182 + .. 1.00    no 0.67

                                   v           v          NC
                     :::::<<<--<<<<<<_________>>>>>>-->>> CS
  patent_aligned   1 GGUCAGACCCUGGUCCGGGGCAAUGGGACCACUGUU 36 
                      GUC GACC UGG  CG GG AAUGG  CCACUGUU
  ind_0019_00029 147 CGUCGGACCAUGGUGCGCGGGAAUGGGGCCACUGUU 182
                     ************************************ PP

>> ind_0019_00044  
 rank     E-value  score  bias mdl mdl from   mdl to       seq from      seq to       acc trunc   gc
 ----   --------- ------ ----- --- -------- --------    ----------- -----------      ---- ----- ----
 (51) ?       0.2   10.1   0.0  cm        1       36 []         155         140 - .. 0.98    no 0.75

                                           NC
                     :::::<<<--~~~~~~-->>> CS
  patent_aligned   1 GGUCAGACCC*[21]*CUGUU 36 
                     GGUC :ACCC      CUGU:
  ind_0019_00044 155 GGUCCGACCC*[ 1]*CUGUC 140
                     **********...*..79*** PP

>> ind_0019_00022  
 rank     E-value  score  bias mdl mdl from   mdl to       seq from      seq to       acc trunc   gc
 ----   --------- ------ ----- --- -------- --------    ----------- -----------      ---- ----- ----
 (52) ?       0.2   10.1   0.0  cm        1       36 []         155         140 - .. 0.98    no 0.75

                                           NC
                     :::::<<<--~~~~~~-->>> CS
  patent_aligned   1 GGUCAGACCC*[21]*CUGUU 36 
                     GGUC :ACCC      CUGU:
  ind_0019_00022 155 GGUCCGACCC*[ 1]*CUGUC 140
                     **********...*..79*** PP

>> ind_0019_00001  
 rank     E-value  score  bias mdl mdl from   mdl to       seq from      seq to       acc trunc   gc
 ----   --------- ------ ----- --- -------- --------    ----------- -----------      ---- ----- ----
 (53) ?       0.2   10.1   0.0  cm        1       36 []         155         140 - .. 0.98    no 0.69

                                           NC
                     :::::<<<--~~~~~~-->>> CS
  patent_aligned   1 GGUCAGACCC*[21]*CUGUU 36 
                     GGUC :ACCC      CUGU:
  ind_0019_00001 155 GGUCCGACCC*[ 1]*CUGUC 140
                     **********...*..79*** PP

>> ind_0019_00003  
 rank     E-value  score  bias mdl mdl from   mdl to       seq from      seq to       acc trunc   gc
 ----   --------- ------ ----- --- -------- --------    ----------- -----------      ---- ----- ----
 (54) ?       0.2   10.1   0.0  cm        1       36 []         155         140 - .. 0.98    no 0.69

                                           NC
                     :::::<<<--~~~~~~-->>> CS
  patent_aligned   1 GGUCAGACCC*[21]*CUGUU 36 
                     GGUC :ACCC      CUGU:
  ind_0019_00003 155 GGUCCGACCC*[ 1]*CUGUC 140
                     **********...*..79*** PP

>> ind_0019_00004  
 rank     E-value  score  bias mdl mdl from   mdl to       seq from      seq to       acc trunc   gc
 ----   --------- ------ ----- --- -------- --------    ----------- -----------      ---- ----- ----
 (55) ?       0.2   10.1   0.0  cm        1       36 []         155         140 - .. 0.98    no 0.69

                                           NC
                     :::::<<<--~~~~~~-->>> CS
  patent_aligned   1 GGUCAGACCC*[21]*CUGUU 36 
                     GGUC :ACCC      CUGU:
  ind_0019_00004 155 GGUCCGACCC*[ 1]*CUGUC 140
                     **********...*..79*** PP

>> ind_0019_00006  
 rank     E-value  score  bias mdl mdl from   mdl to       seq from      seq to       acc trunc   gc
 ----   --------- ------ ----- --- -------- --------    ----------- -----------      ---- ----- ----
 (56) ?       0.2   10.1   0.0  cm        1       36 []         155         140 - .. 0.98    no 0.69

                                           NC
                     :::::<<<--~~~~~~-->>> CS
  patent_aligned   1 GGUCAGACCC*[21]*CUGUU 36 
                     GGUC :ACCC      CUGU:
  ind_0019_00006 155 GGUCCGACCC*[ 1]*CUGUC 140
                     **********...*..79*** PP

>> ind_0019_00012  
 rank     E-value  score  bias mdl mdl from   mdl to       seq from      seq to       acc trunc   gc
 ----   --------- ------ ----- --- -------- --------    ----------- -----------      ---- ----- ----
 (57) ?       0.2   10.1   0.0  cm        1       36 []         155         140 - .. 0.98    no 0.69

                                           NC
                     :::::<<<--~~~~~~-->>> CS
  patent_aligned   1 GGUCAGACCC*[21]*CUGUU 36 
                     GGUC :ACCC      CUGU:
  ind_0019_00012 155 GGUCCGACCC*[ 1]*CUGUC 140
                     **********...*..79*** PP

>> ind_0019_00025  
 rank     E-value  score  bias mdl mdl from   mdl to       seq from      seq to       acc trunc   gc
 ----   --------- ------ ----- --- -------- --------    ----------- -----------      ---- ----- ----
 (58) ?       0.2   10.1   0.0  cm        1       36 []         155         140 - .. 0.98    no 0.69

                                           NC
                     :::::<<<--~~~~~~-->>> CS
  patent_aligned   1 GGUCAGACCC*[21]*CUGUU 36 
                     GGUC :ACCC      CUGU:
  ind_0019_00025 155 GGUCCGACCC*[ 1]*CUGUC 140
                     **********...*..79*** PP

>> ind_0019_00027  
 rank     E-value  score  bias mdl mdl from   mdl to       seq from      seq to       acc trunc   gc
 ----   --------- ------ ----- --- -------- --------    ----------- -----------      ---- ----- ----
 (59) ?       0.2   10.1   0.0  cm        1       36 []         155         140 - .. 0.98    no 0.69

                                           NC
                     :::::<<<--~~~~~~-->>> CS
  patent_aligned   1 GGUCAGACCC*[21]*CUGUU 36 
                     GGUC :ACCC      CUGU:
  ind_0019_00027 155 GGUCCGACCC*[ 1]*CUGUC 140
                     **********...*..79*** PP

>> ind_0019_00028  
 rank     E-value  score  bias mdl mdl from   mdl to       seq from      seq to       acc trunc   gc
 ----   --------- ------ ----- --- -------- --------    ----------- -----------      ---- ----- ----
 (60) ?       0.2   10.1   0.0  cm        1       36 []         155         140 - .. 0.98    no 0.69

                                           NC
                     :::::<<<--~~~~~~-->>> CS
  patent_aligned   1 GGUCAGACCC*[21]*CUGUU 36 
                     GGUC :ACCC      CUGU:
  ind_0019_00028 155 GGUCCGACCC*[ 1]*CUGUC 140
                     **********...*..79*** PP

>> ind_0019_00037  
 rank     E-value  score  bias mdl mdl from   mdl to       seq from      seq to       acc trunc   gc
 ----   --------- ------ ----- --- -------- --------    ----------- -----------      ---- ----- ----
 (61) ?       0.2   10.1   0.0  cm        1       36 []         155         140 - .. 0.98    no 0.69

                                           NC
                     :::::<<<--~~~~~~-->>> CS
  patent_aligned   1 GGUCAGACCC*[21]*CUGUU 36 
                     GGUC :ACCC      CUGU:
  ind_0019_00037 155 GGUCCGACCC*[ 1]*CUGUC 140
                     **********...*..79*** PP

>> ind_0019_00039  
 rank     E-value  score  bias mdl mdl from   mdl to       seq from      seq to       acc trunc   gc
 ----   --------- ------ ----- --- -------- --------    ----------- -----------      ---- ----- ----
 (62) ?       0.2   10.1   0.0  cm        1       36 []         155         140 - .. 0.98    no 0.69

                                           NC
                     :::::<<<--~~~~~~-->>> CS
  patent_aligned   1 GGUCAGACCC*[21]*CUGUU 36 
                     GGUC :ACCC      CUGU:
  ind_0019_00039 155 GGUCCGACCC*[ 1]*CUGUC 140
                     **********...*..79*** PP

>> ind_0019_00043  
 rank     E-value  score  bias mdl mdl from   mdl to       seq from      seq to       acc trunc   gc
 ----   --------- ------ ----- --- -------- --------    ----------- -----------      ---- ----- ----
 (63) ?       0.2   10.1   0.0  cm        1       36 []         155         140 - .. 0.98    no 0.69

                                           NC
                     :::::<<<--~~~~~~-->>> CS
  patent_aligned   1 GGUCAGACCC*[21]*CUGUU 36 
                     GGUC :ACCC      CUGU:
  ind_0019_00043 155 GGUCCGACCC*[ 1]*CUGUC 140
                     **********...*..79*** PP

>> ind_0019_00030  
 rank     E-value  score  bias mdl mdl from   mdl to       seq from      seq to       acc trunc   gc
 ----   --------- ------ ----- --- -------- --------    ----------- -----------      ---- ----- ----
 (64) ?       0.2   10.1   0.0  cm        1       36 []         155         140 - .. 0.98    no 0.69

                                           NC
                     :::::<<<--~~~~~~-->>> CS
  patent_aligned   1 GGUCAGACCC*[21]*CUGUU 36 
                     GGUC :ACCC      CUGU:
  ind_0019_00030 155 GGUCCGACCC*[ 1]*CUGUC 140
                     **********...*..79*** PP

>> ind_0019_00013  
 rank     E-value  score  bias mdl mdl from   mdl to       seq from      seq to       acc trunc   gc
 ----   --------- ------ ----- --- -------- --------    ----------- -----------      ---- ----- ----
 (65) ?       0.2   10.1   0.0  cm        1       36 []         155         140 - .. 0.98    no 0.69

                                           NC
                     :::::<<<--~~~~~~-->>> CS
  patent_aligned   1 GGUCAGACCC*[21]*CUGUU 36 
                     GGUC :ACCC      CUGU:
  ind_0019_00013 155 GGUCCGACCC*[ 1]*CUGUC 140
                     **********...*..79*** PP

>> ind_0019_00026  
 rank     E-value  score  bias mdl mdl from   mdl to       seq from      seq to       acc trunc   gc
 ----   --------- ------ ----- --- -------- --------    ----------- -----------      ---- ----- ----
 (66) ?       0.2   10.1   0.0  cm        1       36 []         155         140 - .. 0.98    no 0.69

                                           NC
                     :::::<<<--~~~~~~-->>> CS
  patent_aligned   1 GGUCAGACCC*[21]*CUGUU 36 
                     GGUC :ACCC      CUGU:
  ind_0019_00026 155 GGUCCGACCC*[ 1]*CUGUC 140
                     **********...*..79*** PP

>> ind_0019_00016  
 rank     E-value  score  bias mdl mdl from   mdl to       seq from      seq to       acc trunc   gc
 ----   --------- ------ ----- --- -------- --------    ----------- -----------      ---- ----- ----
 (67) ?      0.56    8.4   0.0  cm        1       36 []         155         132 - .. 0.95    no 0.75

                                         NC
                     :::::<<<--~~~~~~>>> CS
  patent_aligned   1 GGUCAGACCC*[23]*GUU 36 
                     GGUC GACCC      GUU
  ind_0019_00016 155 GGUCCGACCC*[11]*GUU 132
                     *********8...9..*** PP

>> ind_0019_00018  
 rank     E-value  score  bias mdl mdl from   mdl to       seq from      seq to       acc trunc   gc
 ----   --------- ------ ----- --- -------- --------    ----------- -----------      ---- ----- ----
 (68) ?      0.72    8.0   0.0  cm        1       36 []         155         132 - .. 0.98    no 0.67

                                         NC
                     :::::<<<--~~~~~~>>> CS
  patent_aligned   1 GGUCAGACCC*[23]*GUU 36 
                     GGUC GACCC      GUU
  ind_0019_00018 155 GGUCCGACCC*[11]*GUU 132
                     ********98...*..*** PP

>> ind_0019_00022  
 rank     E-value  score  bias mdl mdl from   mdl to       seq from      seq to       acc trunc   gc
 ----   --------- ------ ----- --- -------- --------    ----------- -----------      ---- ----- ----
 (69) ?   6.7e+02   -3.2   0.0  cm        1       36 []         137         135 - .. 0.90    no 0.67

                               NC
                     :::~~~~~~ CS
  patent_aligned   1 GGU*[33]* 36 
                     GGU      
  ind_0019_00022 137 GGU*[ 0]* 135
                     *97...... PP



Internal CM pipeline statistics summary:
----------------------------------------
Query model(s):                                                  1  (36 consensus positions)
Target sequences:                                               50  (19700 residues searched)
Target sequences re-searched for truncated hits:                50  (10200 residues re-searched)
Windows   passing  local HMM SSV           filter:             289  (0.567); expected (0.35)
Windows   passing  local HMM Viterbi       filter:                  (off)
Windows   passing  local HMM Viterbi  bias filter:                  (off)
Windows   passing  local HMM Forward       filter:             158  (0.2986); expected (0.02)
Windows   passing  local HMM Forward  bias filter:             158  (0.2986); expected (0.02)
Windows   passing glocal HMM Forward       filter:              80  (0.2031); expected (0.02)
Windows   passing glocal HMM Forward  bias filter:              80  (0.2031); expected (0.02)
Envelopes passing glocal HMM envelope defn filter:              80  (0.1001); expected (0.02)
Envelopes passing  local CM  CYK           filter:              78  (0.09064); expected (0.0001)
Total CM hits reported:                                         69  (0.07027); includes 0 truncated hit(s)

# CPU time: 0.18u 0.00s 00:00:00.18 Elapsed: 00:00:00.18
# Alignment of 50 hits satisfying inclusion thresholds saved to: optimization_a7/38gen/_workspace/cmsearch_logs/gen_0019/patent_cmsearch.sto
//
[ok]
