# cmsearch :: search CM(s) against a sequence database
# INFERNAL 1.1.5 (Sep 2023)
# Copyright (C) 2023 Howard Hughes Medical Institute.
# Freely distributed under the BSD open source license.
# - - - - - - - - - - - - - - - - - - - - - - - - - - - - - - - - - - - -
# query CM file:                         A7_analysis/patent.cm
# target sequence database:              /tmp/tmpmynlupke/queries.fa
# output directed to file:               optimization_a7/38gen/_workspace/cmsearch_logs/gen_0032/patent_cmsearch.out
# MSA of significant hits saved to file: optimization_a7/38gen/_workspace/cmsearch_logs/gen_0032/patent_cmsearch.sto
# tabular output of hits:                optimization_a7/38gen/_workspace/cmsearch_logs/gen_0032/patent_cmsearch.tblout
# max ASCII text line length:            unlimited
# sequence reporting threshold:          E-value <= 1000
# number of worker threads:              4
# - - - - - - - - - - - - - - - - - - - - - - - - - - - - - - - - - - - -

Query:       patent_aligned  [CLEN=36]
Hit scores:
 rank     E-value  score  bias  sequence        start    end   mdl trunc   gc  description
 ----   --------- ------ -----  -------------- ------ ------   --- ----- ----  -----------
  (1) !   3.8e-15   61.8   0.0  ind_0032_00000    147    182 +  cm    no 0.61  -
  (2) !   3.8e-15   61.8   0.0  ind_0032_00001    147    182 +  cm    no 0.61  -
  (3) !   3.8e-15   61.8   0.0  ind_0032_00002    147    182 +  cm    no 0.61  -
  (4) !   3.8e-15   61.8   0.0  ind_0032_00003    147    182 +  cm    no 0.61  -
  (5) !   3.8e-15   61.8   0.0  ind_0032_00004    147    182 +  cm    no 0.61  -
  (6) !   3.8e-15   61.8   0.0  ind_0032_00005    147    182 +  cm    no 0.61  -
  (7) !   3.8e-15   61.8   0.0  ind_0032_00006    147    182 +  cm    no 0.61  -
  (8) !   3.8e-15   61.8   0.0  ind_0032_00007    147    182 +  cm    no 0.61  -
  (9) !   3.8e-15   61.8   0.0  ind_0032_00008    147    182 +  cm    no 0.61  -
 (10) !   3.8e-15   61.8   0.0  ind_0032_00009    147    182 +  cm    no 0.61  -
 (11) !   3.8e-15   61.8   0.0  ind_0032_00010    147    182 +  cm    no 0.61  -
 (12) !   3.8e-15   61.8   0.0  ind_0032_00011    147    182 +  cm    no 0.61  -
 (13) !   3.8e-15   61.8   0.0  ind_0032_00012    147    182 +  cm    no 0.61  -
 (14) !   3.8e-15   61.8   0.0  ind_0032_00013    147    182 +  cm    no 0.61  -
 (15) !   3.8e-15   61.8   0.0  ind_0032_00014    147    182 +  cm    no 0.61  -
 (16) !   3.8e-15   61.8   0.0  ind_0032_00015    147    182 +  cm    no 0.61  -
 (17) !   3.8e-15   61.8   0.0  ind_0032_00016    147    182 +  cm    no 0.61  -
 (18) !   3.8e-15   61.8   0.0  ind_0032_00017    147    182 +  cm    no 0.61  -
 (19) !   3.8e-15   61.8   0.0  ind_0032_00018    147    182 +  cm    no 0.61  -
 (20) !   3.8e-15   61.8   0.0  ind_0032_00019    147    182 +  cm    no 0.61  -
 (21) !   3.8e-15   61.8   0.0  ind_0032_00020    147    182 +  cm    no 0.61  -
 (22) !   3.8e-15   61.8   0.0  ind_0032_00021    147    182 +  cm    no 0.61  -
 (23) !   3.8e-15   61.8   0.0  ind_0032_00022    147    182 +  cm    no 0.61  -
 (24) !   3.8e-15   61.8   0.0  ind_0032_00023    147    182 +  cm    no 0.61  -
 (25) !   3.8e-15   61.8   0.0  ind_0032_00024    147    182 +  cm    no 0.61  -
 (26) !   3.8e-15   61.8   0.0  ind_0032_00025    147    182 +  cm    no 0.61  -
 (27) !   3.8e-15   61.8   0.0  ind_0032_00027    147    182 +  cm    no 0.61  -
 (28) !   3.8e-15   61.8   0.0  ind_0032_00029    147    182 +  cm    no 0.61  -
 (29) !   3.8e-15   61.8   0.0  ind_0032_00030    147    182 +  cm    no 0.61  -
 (30) !   3.8e-15   61.8   0.0  ind_0032_00031    147    182 +  cm    no 0.61  -
 (31) !   3.8e-15   61.8   0.0  ind_0032_00032    147    182 +  cm    no 0.61  -
 (32) !   3.8e-15   61.8   0.0  ind_0032_00033    147    182 +  cm    no 0.61  -
 (33) !   3.8e-15   61.8   0.0  ind_0032_00034    147    182 +  cm    no 0.61  -
 (34) !   3.8e-15   61.8   0.0  ind_0032_00035    147    182 +  cm    no 0.61  -
 (35) !   3.8e-15   61.8   0.0  ind_0032_00037    147    182 +  cm    no 0.61  -
 (36) !   3.8e-15   61.8   0.0  ind_0032_00038    147    182 +  cm    no 0.61  -
 (37) !   3.8e-15   61.8   0.0  ind_0032_00039    147    182 +  cm    no 0.61  -
 (38) !   3.8e-15   61.8   0.0  ind_0032_00042    147    182 +  cm    no 0.61  -
 (39) !   3.8e-15   61.8   0.0  ind_0032_00044    147    182 +  cm    no 0.61  -
 (40) !   3.8e-15   61.8   0.0  ind_0032_00046    147    182 +  cm    no 0.61  -
 (41) !   3.8e-15   61.8   0.0  ind_0032_00047    147    182 +  cm    no 0.61  -
 (42) !   7.7e-14   56.8   0.0  ind_0032_00041    147    182 +  cm    no 0.58  -
 (43) !   1.1e-13   56.3   0.0  ind_0032_00045    147    182 +  cm    no 0.64  -
 (44) !   1.2e-13   56.1   0.0  ind_0032_00028    147    182 +  cm    no 0.64  -
 (45) !   1.2e-13   56.1   0.0  ind_0032_00026    147    182 +  cm    no 0.58  -
 (46) !   1.3e-13   56.0   0.0  ind_0032_00048    147    182 +  cm    no 0.64  -
 (47) !   8.6e-13   52.9   0.0  ind_0032_00036    147    182 +  cm    no 0.58  -
 (48) !   1.3e-12   52.2   0.0  ind_0032_00049    147    182 +  cm    no 0.61  -
 (49) !   2.8e-12   50.9   0.0  ind_0032_00043    147    182 +  cm    no 0.61  -
 (50) !   1.7e-11   48.0   0.0  ind_0032_00040    147    182 +  cm    no 0.56  -
 ------ inclusion threshold ------
 (51) ?       0.7    8.0   0.0  ind_0032_00022     35     21 -  cm    no 0.53  -


Hit alignments:
>> ind_0032_00000  
 rank     E-value  score  bias mdl mdl from   mdl to       seq from      seq to       acc trunc   gc
 ----   --------- ------ ----- --- -------- --------    ----------- -----------      ---- ----- ----
  (1) !   3.8e-15   61.8   0.0  cm        1       36 []         147         182 + .. 1.00    no 0.61

                                                          NC
                     :::::<<<--<<<<<<_________>>>>>>-->>> CS
  patent_aligned   1 GGUCAGACCCUGGUCCGGGGCAAUGGGACCACUGUU 36 
                     GGUCAGACC UGGUCCGGGGCAAUGGGACCACUGUU
  ind_0032_00000 147 GGUCAGACCUUGGUCCGGGGCAAUGGGACCACUGUU 182
                     ************************************ PP

>> ind_0032_00001  
 rank     E-value  score  bias mdl mdl from   mdl to       seq from      seq to       acc trunc   gc
 ----   --------- ------ ----- --- -------- --------    ----------- -----------      ---- ----- ----
  (2) !   3.8e-15   61.8   0.0  cm        1       36 []         147         182 + .. 1.00    no 0.61

                                                          NC
                     :::::<<<--<<<<<<_________>>>>>>-->>> CS
  patent_aligned   1 GGUCAGACCCUGGUCCGGGGCAAUGGGACCACUGUU 36 
                     GGUCAGACC UGGUCCGGGGCAAUGGGACCACUGUU
  ind_0032_00001 147 GGUCAGACCUUGGUCCGGGGCAAUGGGACCACUGUU 182
                     ************************************ PP

>> ind_0032_00002  
 rank     E-value  score  bias mdl mdl from   mdl to       seq from      seq to       acc trunc   gc
 ----   --------- ------ ----- --- -------- --------    ----------- -----------      ---- ----- ----
  (3) !   3.8e-15   61.8   0.0  cm        1       36 []         147         182 + .. 1.00    no 0.61

                                                          NC
                     :::::<<<--<<<<<<_________>>>>>>-->>> CS
  patent_aligned   1 GGUCAGACCCUGGUCCGGGGCAAUGGGACCACUGUU 36 
                     GGUCAGACC UGGUCCGGGGCAAUGGGACCACUGUU
  ind_0032_00002 147 GGUCAGACCUUGGUCCGGGGCAAUGGGACCACUGUU 182
                     ************************************ PP

>> ind_0032_00003  
 rank     E-value  score  bias mdl mdl from   mdl to       seq from      seq to       acc trunc   gc
 ----   --------- ------ ----- --- -------- --------    ----------- -----------      ---- ----- ----
  (4) !   3.8e-15   61.8   0.0  cm        1       36 []         147         182 + .. 1.00    no 0.61

                                                          NC
                     :::::<<<--<<<<<<_________>>>>>>-->>> CS
  patent_aligned   1 GGUCAGACCCUGGUCCGGGGCAAUGGGACCACUGUU 36 
                     GGUCAGACC UGGUCCGGGGCAAUGGGACCACUGUU
  ind_0032_00003 147 GGUCAGACCUUGGUCCGGGGCAAUGGGACCACUGUU 182
                     ************************************ PP

>> ind_0032_00004  
 rank     E-value  score  bias mdl mdl from   mdl to       seq from      seq to       acc trunc   gc
 ----   --------- ------ ----- --- -------- --------    ----------- -----------      ---- ----- ----
  (5) !   3.8e-15   61.8   0.0  cm        1       36 []         147         182 + .. 1.00    no 0.61

                                                          NC
                     :::::<<<--<<<<<<_________>>>>>>-->>> CS
  patent_aligned   1 GGUCAGACCCUGGUCCGGGGCAAUGGGACCACUGUU 36 
                     GGUCAGACC UGGUCCGGGGCAAUGGGACCACUGUU
  ind_0032_00004 147 GGUCAGACCUUGGUCCGGGGCAAUGGGACCACUGUU 182
                     ************************************ PP

>> ind_0032_00005  
 rank     E-value  score  bias mdl mdl from   mdl to       seq from      seq to       acc trunc   gc
 ----   --------- ------ ----- --- -------- --------    ----------- -----------      ---- ----- ----
  (6) !   3.8e-15   61.8   0.0  cm        1       36 []         147         182 + .. 1.00    no 0.61

                                                          NC
                     :::::<<<--<<<<<<_________>>>>>>-->>> CS
  patent_aligned   1 GGUCAGACCCUGGUCCGGGGCAAUGGGACCACUGUU 36 
                     GGUCAGACC UGGUCCGGGGCAAUGGGACCACUGUU
  ind_0032_00005 147 GGUCAGACCUUGGUCCGGGGCAAUGGGACCACUGUU 182
                     ************************************ PP

>> ind_0032_00006  
 rank     E-value  score  bias mdl mdl from   mdl to       seq from      seq to       acc trunc   gc
 ----   --------- ------ ----- --- -------- --------    ----------- -----------      ---- ----- ----
  (7) !   3.8e-15   61.8   0.0  cm        1       36 []         147         182 + .. 1.00    no 0.61

                                                          NC
                     :::::<<<--<<<<<<_________>>>>>>-->>> CS
  patent_aligned   1 GGUCAGACCCUGGUCCGGGGCAAUGGGACCACUGUU 36 
                     GGUCAGACC UGGUCCGGGGCAAUGGGACCACUGUU
  ind_0032_00006 147 GGUCAGACCUUGGUCCGGGGCAAUGGGACCACUGUU 182
                     ************************************ PP

>> ind_0032_00007  
 rank     E-value  score  bias mdl mdl from   mdl to       seq from      seq to       acc trunc   gc
 ----   --------- ------ ----- --- -------- --------    ----------- -----------      ---- ----- ----
  (8) !   3.8e-15   61.8   0.0  cm        1       36 []         147         182 + .. 1.00    no 0.61

                                                          NC
                     :::::<<<--<<<<<<_________>>>>>>-->>> CS
  patent_aligned   1 GGUCAGACCCUGGUCCGGGGCAAUGGGACCACUGUU 36 
                     GGUCAGACC UGGUCCGGGGCAAUGGGACCACUGUU
  ind_0032_00007 147 GGUCAGACCUUGGUCCGGGGCAAUGGGACCACUGUU 182
                     ************************************ PP

>> ind_0032_00008  
 rank     E-value  score  bias mdl mdl from   mdl to       seq from      seq to       acc trunc   gc
 ----   --------- ------ ----- --- -------- --------    ----------- -----------      ---- ----- ----
  (9) !   3.8e-15   61.8   0.0  cm        1       36 []         147         182 + .. 1.00    no 0.61

                                                          NC
                     :::::<<<--<<<<<<_________>>>>>>-->>> CS
  patent_aligned   1 GGUCAGACCCUGGUCCGGGGCAAUGGGACCACUGUU 36 
                     GGUCAGACC UGGUCCGGGGCAAUGGGACCACUGUU
  ind_0032_00008 147 GGUCAGACCUUGGUCCGGGGCAAUGGGACCACUGUU 182
                     ************************************ PP

>> ind_0032_00009  
 rank     E-value  score  bias mdl mdl from   mdl to       seq from      seq to       acc trunc   gc
 ----   --------- ------ ----- --- -------- --------    ----------- -----------      ---- ----- ----
 (10) !   3.8e-15   61.8   0.0  cm        1       36 []         147         182 + .. 1.00    no 0.61

                                                          NC
                     :::::<<<--<<<<<<_________>>>>>>-->>> CS
  patent_aligned   1 GGUCAGACCCUGGUCCGGGGCAAUGGGACCACUGUU 36 
                     GGUCAGACC UGGUCCGGGGCAAUGGGACCACUGUU
  ind_0032_00009 147 GGUCAGACCUUGGUCCGGGGCAAUGGGACCACUGUU 182
                     ************************************ PP

>> ind_0032_00010  
 rank     E-value  score  bias mdl mdl from   mdl to       seq from      seq to       acc trunc   gc
 ----   --------- ------ ----- --- -------- --------    ----------- -----------      ---- ----- ----
 (11) !   3.8e-15   61.8   0.0  cm        1       36 []         147         182 + .. 1.00    no 0.61

                                                          NC
                     :::::<<<--<<<<<<_________>>>>>>-->>> CS
  patent_aligned   1 GGUCAGACCCUGGUCCGGGGCAAUGGGACCACUGUU 36 
                     GGUCAGACC UGGUCCGGGGCAAUGGGACCACUGUU
  ind_0032_00010 147 GGUCAGACCUUGGUCCGGGGCAAUGGGACCACUGUU 182
                     ************************************ PP

>> ind_0032_00011  
 rank     E-value  score  bias mdl mdl from   mdl to       seq from      seq to       acc trunc   gc
 ----   --------- ------ ----- --- -------- --------    ----------- -----------      ---- ----- ----
 (12) !   3.8e-15   61.8   0.0  cm        1       36 []         147         182 + .. 1.00    no 0.61

                                                          NC
                     :::::<<<--<<<<<<_________>>>>>>-->>> CS
  patent_aligned   1 GGUCAGACCCUGGUCCGGGGCAAUGGGACCACUGUU 36 
                     GGUCAGACC UGGUCCGGGGCAAUGGGACCACUGUU
  ind_0032_00011 147 GGUCAGACCUUGGUCCGGGGCAAUGGGACCACUGUU 182
                     ************************************ PP

>> ind_0032_00012  
 rank     E-value  score  bias mdl mdl from   mdl to       seq from      seq to       acc trunc   gc
 ----   --------- ------ ----- --- -------- --------    ----------- -----------      ---- ----- ----
 (13) !   3.8e-15   61.8   0.0  cm        1       36 []         147         182 + .. 1.00    no 0.61

                                                          NC
                     :::::<<<--<<<<<<_________>>>>>>-->>> CS
  patent_aligned   1 GGUCAGACCCUGGUCCGGGGCAAUGGGACCACUGUU 36 
                     GGUCAGACC UGGUCCGGGGCAAUGGGACCACUGUU
  ind_0032_00012 147 GGUCAGACCUUGGUCCGGGGCAAUGGGACCACUGUU 182
                     ************************************ PP

>> ind_0032_00013  
 rank     E-value  score  bias mdl mdl from   mdl to       seq from      seq to       acc trunc   gc
 ----   --------- ------ ----- --- -------- --------    ----------- -----------      ---- ----- ----
 (14) !   3.8e-15   61.8   0.0  cm        1       36 []         147         182 + .. 1.00    no 0.61

                                                          NC
                     :::::<<<--<<<<<<_________>>>>>>-->>> CS
  patent_aligned   1 GGUCAGACCCUGGUCCGGGGCAAUGGGACCACUGUU 36 
                     GGUCAGACC UGGUCCGGGGCAAUGGGACCACUGUU
  ind_0032_00013 147 GGUCAGACCUUGGUCCGGGGCAAUGGGACCACUGUU 182
                     ************************************ PP

>> ind_0032_00014  
 rank     E-value  score  bias mdl mdl from   mdl to       seq from      seq to       acc trunc   gc
 ----   --------- ------ ----- --- -------- --------    ----------- -----------      ---- ----- ----
 (15) !   3.8e-15   61.8   0.0  cm        1       36 []         147         182 + .. 1.00    no 0.61

                                                          NC
                     :::::<<<--<<<<<<_________>>>>>>-->>> CS
  patent_aligned   1 GGUCAGACCCUGGUCCGGGGCAAUGGGACCACUGUU 36 
                     GGUCAGACC UGGUCCGGGGCAAUGGGACCACUGUU
  ind_0032_00014 147 GGUCAGACCUUGGUCCGGGGCAAUGGGACCACUGUU 182
                     ************************************ PP

>> ind_0032_00015  
 rank     E-value  score  bias mdl mdl from   mdl to       seq from      seq to       acc trunc   gc
 ----   --------- ------ ----- --- -------- --------    ----------- -----------      ---- ----- ----
 (16) !   3.8e-15   61.8   0.0  cm        1       36 []         147         182 + .. 1.00    no 0.61

                                                          NC
                     :::::<<<--<<<<<<_________>>>>>>-->>> CS
  patent_aligned   1 GGUCAGACCCUGGUCCGGGGCAAUGGGACCACUGUU 36 
                     GGUCAGACC UGGUCCGGGGCAAUGGGACCACUGUU
  ind_0032_00015 147 GGUCAGACCUUGGUCCGGGGCAAUGGGACCACUGUU 182
                     ************************************ PP

>> ind_0032_00016  
 rank     E-value  score  bias mdl mdl from   mdl to       seq from      seq to       acc trunc   gc
 ----   --------- ------ ----- --- -------- --------    ----------- -----------      ---- ----- ----
 (17) !   3.8e-15   61.8   0.0  cm        1       36 []         147         182 + .. 1.00    no 0.61

                                                          NC
                     :::::<<<--<<<<<<_________>>>>>>-->>> CS
  patent_aligned   1 GGUCAGACCCUGGUCCGGGGCAAUGGGACCACUGUU 36 
                     GGUCAGACC UGGUCCGGGGCAAUGGGACCACUGUU
  ind_0032_00016 147 GGUCAGACCUUGGUCCGGGGCAAUGGGACCACUGUU 182
                     ************************************ PP

>> ind_0032_00017  
 rank     E-value  score  bias mdl mdl from   mdl to       seq from      seq to       acc trunc   gc
 ----   --------- ------ ----- --- -------- --------    ----------- -----------      ---- ----- ----
 (18) !   3.8e-15   61.8   0.0  cm        1       36 []         147         182 + .. 1.00    no 0.61

                                                          NC
                     :::::<<<--<<<<<<_________>>>>>>-->>> CS
  patent_aligned   1 GGUCAGACCCUGGUCCGGGGCAAUGGGACCACUGUU 36 
                     GGUCAGACC UGGUCCGGGGCAAUGGGACCACUGUU
  ind_0032_00017 147 GGUCAGACCUUGGUCCGGGGCAAUGGGACCACUGUU 182
                     ************************************ PP

>> ind_0032_00018  
 rank     E-value  score  bias mdl mdl from   mdl to       seq from      seq to       acc trunc   gc
 ----   --------- ------ ----- --- -------- --------    ----------- -----------      ---- ----- ----
 (19) !   3.8e-15   61.8   0.0  cm        1       36 []         147         182 + .. 1.00    no 0.61

                                                          NC
                     :::::<<<--<<<<<<_________>>>>>>-->>> CS
  patent_aligned   1 GGUCAGACCCUGGUCCGGGGCAAUGGGACCACUGUU 36 
                     GGUCAGACC UGGUCCGGGGCAAUGGGACCACUGUU
  ind_0032_00018 147 GGUCAGACCUUGGUCCGGGGCAAUGGGACCACUGUU 182
                     ************************************ PP

>> ind_0032_00019  
 rank     E-value  score  bias mdl mdl from   mdl to       seq from      seq to       acc trunc   gc
 ----   --------- ------ ----- --- -------- --------    ----------- -----------      ---- ----- ----
 (20) !   3.8e-15   61.8   0.0  cm        1       36 []         147         182 + .. 1.00    no 0.61

                                                          NC
                     :::::<<<--<<<<<<_________>>>>>>-->>> CS
  patent_aligned   1 GGUCAGACCCUGGUCCGGGGCAAUGGGACCACUGUU 36 
                     GGUCAGACC UGGUCCGGGGCAAUGGGACCACUGUU
  ind_0032_00019 147 GGUCAGACCUUGGUCCGGGGCAAUGGGACCACUGUU 182
                     ************************************ PP

>> ind_0032_00020  
 rank     E-value  score  bias mdl mdl from   mdl to       seq from      seq to       acc trunc   gc
 ----   --------- ------ ----- --- -------- --------    ----------- -----------      ---- ----- ----
 (21) !   3.8e-15   61.8   0.0  cm        1       36 []         147         182 + .. 1.00    no 0.61

                                                          NC
                     :::::<<<--<<<<<<_________>>>>>>-->>> CS
  patent_aligned   1 GGUCAGACCCUGGUCCGGGGCAAUGGGACCACUGUU 36 
                     GGUCAGACC UGGUCCGGGGCAAUGGGACCACUGUU
  ind_0032_00020 147 GGUCAGACCUUGGUCCGGGGCAAUGGGACCACUGUU 182
                     ************************************ PP

>> ind_0032_00021  
 rank     E-value  score  bias mdl mdl from   mdl to       seq from      seq to       acc trunc   gc
 ----   --------- ------ ----- --- -------- --------    ----------- -----------      ---- ----- ----
 (22) !   3.8e-15   61.8   0.0  cm        1       36 []         147         182 + .. 1.00    no 0.61

                                                          NC
                     :::::<<<--<<<<<<_________>>>>>>-->>> CS
  patent_aligned   1 GGUCAGACCCUGGUCCGGGGCAAUGGGACCACUGUU 36 
                     GGUCAGACC UGGUCCGGGGCAAUGGGACCACUGUU
  ind_0032_00021 147 GGUCAGACCUUGGUCCGGGGCAAUGGGACCACUGUU 182
                     ************************************ PP

>> ind_0032_00022  
 rank     E-value  score  bias mdl mdl from   mdl to       seq from      seq to       acc trunc   gc
 ----   --------- ------ ----- --- -------- --------    ----------- -----------      ---- ----- ----
 (23) !   3.8e-15   61.8   0.0  cm        1       36 []         147         182 + .. 1.00    no 0.61

                                                          NC
                     :::::<<<--<<<<<<_________>>>>>>-->>> CS
  patent_aligned   1 GGUCAGACCCUGGUCCGGGGCAAUGGGACCACUGUU 36 
                     GGUCAGACC UGGUCCGGGGCAAUGGGACCACUGUU
  ind_0032_00022 147 GGUCAGACCUUGGUCCGGGGCAAUGGGACCACUGUU 182
                     ************************************ PP

>> ind_0032_00023  
 rank     E-value  score  bias mdl mdl from   mdl to       seq from      seq to       acc trunc   gc
 ----   --------- ------ ----- --- -------- --------    ----------- -----------      ---- ----- ----
 (24) !   3.8e-15   61.8   0.0  cm        1       36 []         147         182 + .. 1.00    no 0.61

                                                          NC
                     :::::<<<--<<<<<<_________>>>>>>-->>> CS
  patent_aligned   1 GGUCAGACCCUGGUCCGGGGCAAUGGGACCACUGUU 36 
                     GGUCAGACC UGGUCCGGGGCAAUGGGACCACUGUU
  ind_0032_00023 147 GGUCAGACCUUGGUCCGGGGCAAUGGGACCACUGUU 182
                     ************************************ PP

>> ind_0032_00024  
 rank     E-value  score  bias mdl mdl from   mdl to       seq from      seq to       acc trunc   gc
 ----   --------- ------ ----- --- -------- --------    ----------- -----------      ---- ----- ----
 (25) !   3.8e-15   61.8   0.0  cm        1       36 []         147         182 + .. 1.00    no 0.61

                                                          NC
                     :::::<<<--<<<<<<_________>>>>>>-->>> CS
  patent_aligned   1 GGUCAGACCCUGGUCCGGGGCAAUGGGACCACUGUU 36 
                     GGUCAGACC UGGUCCGGGGCAAUGGGACCACUGUU
  ind_0032_00024 147 GGUCAGACCUUGGUCCGGGGCAAUGGGACCACUGUU 182
                     ************************************ PP

>> ind_0032_00025  
 rank     E-value  score  bias mdl mdl from   mdl to       seq from      seq to       acc trunc   gc
 ----   --------- ------ ----- --- -------- --------    ----------- -----------      ---- ----- ----
 (26) !   3.8e-15   61.8   0.0  cm        1       36 []         147         182 + .. 1.00    no 0.61

                                                          NC
                     :::::<<<--<<<<<<_________>>>>>>-->>> CS
  patent_aligned   1 GGUCAGACCCUGGUCCGGGGCAAUGGGACCACUGUU 36 
                     GGUCAGACC UGGUCCGGGGCAAUGGGACCACUGUU
  ind_0032_00025 147 GGUCAGACCUUGGUCCGGGGCAAUGGGACCACUGUU 182
                     ************************************ PP

>> ind_0032_00027  
 rank     E-value  score  bias mdl mdl from   mdl to       seq from      seq to       acc trunc   gc
 ----   --------- ------ ----- --- -------- --------    ----------- -----------      ---- ----- ----
 (27) !   3.8e-15   61.8   0.0  cm        1       36 []         147         182 + .. 1.00    no 0.61

                                                          NC
                     :::::<<<--<<<<<<_________>>>>>>-->>> CS
  patent_aligned   1 GGUCAGACCCUGGUCCGGGGCAAUGGGACCACUGUU 36 
                     GGUCAGACC UGGUCCGGGGCAAUGGGACCACUGUU
  ind_0032_00027 147 GGUCAGACCUUGGUCCGGGGCAAUGGGACCACUGUU 182
                     ************************************ PP

>> ind_0032_00029  
 rank     E-value  score  bias mdl mdl from   mdl to       seq from      seq to       acc trunc   gc
 ----   --------- ------ ----- --- -------- --------    ----------- -----------      ---- ----- ----
 (28) !   3.8e-15   61.8   0.0  cm        1       36 []         147         182 + .. 1.00    no 0.61

                                                          NC
                     :::::<<<--<<<<<<_________>>>>>>-->>> CS
  patent_aligned   1 GGUCAGACCCUGGUCCGGGGCAAUGGGACCACUGUU 36 
                     GGUCAGACC UGGUCCGGGGCAAUGGGACCACUGUU
  ind_0032_00029 147 GGUCAGACCUUGGUCCGGGGCAAUGGGACCACUGUU 182
                     ************************************ PP

>> ind_0032_00030  
 rank     E-value  score  bias mdl mdl from   mdl to       seq from      seq to       acc trunc   gc
 ----   --------- ------ ----- --- -------- --------    ----------- -----------      ---- ----- ----
 (29) !   3.8e-15   61.8   0.0  cm        1       36 []         147         182 + .. 1.00    no 0.61

                                                          NC
                     :::::<<<--<<<<<<_________>>>>>>-->>> CS
  patent_aligned   1 GGUCAGACCCUGGUCCGGGGCAAUGGGACCACUGUU 36 
                     GGUCAGACC UGGUCCGGGGCAAUGGGACCACUGUU
  ind_0032_00030 147 GGUCAGACCUUGGUCCGGGGCAAUGGGACCACUGUU 182
                     ************************************ PP

>> ind_0032_00031  
 rank     E-value  score  bias mdl mdl from   mdl to       seq from      seq to       acc trunc   gc
 ----   --------- ------ ----- --- -------- --------    ----------- -----------      ---- ----- ----
 (30) !   3.8e-15   61.8   0.0  cm        1       36 []         147         182 + .. 1.00    no 0.61

                                                          NC
                     :::::<<<--<<<<<<_________>>>>>>-->>> CS
  patent_aligned   1 GGUCAGACCCUGGUCCGGGGCAAUGGGACCACUGUU 36 
                     GGUCAGACC UGGUCCGGGGCAAUGGGACCACUGUU
  ind_0032_00031 147 GGUCAGACCUUGGUCCGGGGCAAUGGGACCACUGUU 182
                     ************************************ PP

>> ind_0032_00032  
 rank     E-value  score  bias mdl mdl from   mdl to       seq from      seq to       acc trunc   gc
 ----   --------- ------ ----- --- -------- --------    ----------- -----------      ---- ----- ----
 (31) !   3.8e-15   61.8   0.0  cm        1       36 []         147         182 + .. 1.00    no 0.61

                                                          NC
                     :::::<<<--<<<<<<_________>>>>>>-->>> CS
  patent_aligned   1 GGUCAGACCCUGGUCCGGGGCAAUGGGACCACUGUU 36 
                     GGUCAGACC UGGUCCGGGGCAAUGGGACCACUGUU
  ind_0032_00032 147 GGUCAGACCUUGGUCCGGGGCAAUGGGACCACUGUU 182
                     ************************************ PP

>> ind_0032_00033  
 rank     E-value  score  bias mdl mdl from   mdl to       seq from      seq to       acc trunc   gc
 ----   --------- ------ ----- --- -------- --------    ----------- -----------      ---- ----- ----
 (32) !   3.8e-15   61.8   0.0  cm        1       36 []         147         182 + .. 1.00    no 0.61

                                                          NC
                     :::::<<<--<<<<<<_________>>>>>>-->>> CS
  patent_aligned   1 GGUCAGACCCUGGUCCGGGGCAAUGGGACCACUGUU 36 
                     GGUCAGACC UGGUCCGGGGCAAUGGGACCACUGUU
  ind_0032_00033 147 GGUCAGACCUUGGUCCGGGGCAAUGGGACCACUGUU 182
                     ************************************ PP

>> ind_0032_00034  
 rank     E-value  score  bias mdl mdl from   mdl to       seq from      seq to       acc trunc   gc
 ----   --------- ------ ----- --- -------- --------    ----------- -----------      ---- ----- ----
 (33) !   3.8e-15   61.8   0.0  cm        1       36 []         147         182 + .. 1.00    no 0.61

                                                          NC
                     :::::<<<--<<<<<<_________>>>>>>-->>> CS
  patent_aligned   1 GGUCAGACCCUGGUCCGGGGCAAUGGGACCACUGUU 36 
                     GGUCAGACC UGGUCCGGGGCAAUGGGACCACUGUU
  ind_0032_00034 147 GGUCAGACCUUGGUCCGGGGCAAUGGGACCACUGUU 182
                     ************************************ PP

>> ind_0032_00035  
 rank     E-value  score  bias mdl mdl from   mdl to       seq from      seq to       acc trunc   gc
 ----   --------- ------ ----- --- -------- --------    ----------- -----------      ---- ----- ----
 (34) !   3.8e-15   61.8   0.0  cm        1       36 []         147         182 + .. 1.00    no 0.61

                                                          NC
                     :::::<<<--<<<<<<_________>>>>>>-->>> CS
  patent_aligned   1 GGUCAGACCCUGGUCCGGGGCAAUGGGACCACUGUU 36 
                     GGUCAGACC UGGUCCGGGGCAAUGGGACCACUGUU
  ind_0032_00035 147 GGUCAGACCUUGGUCCGGGGCAAUGGGACCACUGUU 182
                     ************************************ PP

>> ind_0032_00037  
 rank     E-value  score  bias mdl mdl from   mdl to       seq from      seq to       acc trunc   gc
 ----   --------- ------ ----- --- -------- --------    ----------- -----------      ---- ----- ----
 (35) !   3.8e-15   61.8   0.0  cm        1       36 []         147         182 + .. 1.00    no 0.61

                                                          NC
                     :::::<<<--<<<<<<_________>>>>>>-->>> CS
  patent_aligned   1 GGUCAGACCCUGGUCCGGGGCAAUGGGACCACUGUU 36 
                     GGUCAGACC UGGUCCGGGGCAAUGGGACCACUGUU
  ind_0032_00037 147 GGUCAGACCUUGGUCCGGGGCAAUGGGACCACUGUU 182
                     ************************************ PP

>> ind_0032_00038  
 rank     E-value  score  bias mdl mdl from   mdl to       seq from      seq to       acc trunc   gc
 ----   --------- ------ ----- --- -------- --------    ----------- -----------      ---- ----- ----
 (36) !   3.8e-15   61.8   0.0  cm        1       36 []         147         182 + .. 1.00    no 0.61

                                                          NC
                     :::::<<<--<<<<<<_________>>>>>>-->>> CS
  patent_aligned   1 GGUCAGACCCUGGUCCGGGGCAAUGGGACCACUGUU 36 
                     GGUCAGACC UGGUCCGGGGCAAUGGGACCACUGUU
  ind_0032_00038 147 GGUCAGACCUUGGUCCGGGGCAAUGGGACCACUGUU 182
                     ************************************ PP

>> ind_0032_00039  
 rank     E-value  score  bias mdl mdl from   mdl to       seq from      seq to       acc trunc   gc
 ----   --------- ------ ----- --- -------- --------    ----------- -----------      ---- ----- ----
 (37) !   3.8e-15   61.8   0.0  cm        1       36 []         147         182 + .. 1.00    no 0.61

                                                          NC
                     :::::<<<--<<<<<<_________>>>>>>-->>> CS
  patent_aligned   1 GGUCAGACCCUGGUCCGGGGCAAUGGGACCACUGUU 36 
                     GGUCAGACC UGGUCCGGGGCAAUGGGACCACUGUU
  ind_0032_00039 147 GGUCAGACCUUGGUCCGGGGCAAUGGGACCACUGUU 182
                     ************************************ PP

>> ind_0032_00042  
 rank     E-value  score  bias mdl mdl from   mdl to       seq from      seq to       acc trunc   gc
 ----   --------- ------ ----- --- -------- --------    ----------- -----------      ---- ----- ----
 (38) !   3.8e-15   61.8   0.0  cm        1       36 []         147         182 + .. 1.00    no 0.61

                                                          NC
                     :::::<<<--<<<<<<_________>>>>>>-->>> CS
  patent_aligned   1 GGUCAGACCCUGGUCCGGGGCAAUGGGACCACUGUU 36 
                     GGUCAGACC UGGUCCGGGGCAAUGGGACCACUGUU
  ind_0032_00042 147 GGUCAGACCUUGGUCCGGGGCAAUGGGACCACUGUU 182
                     ************************************ PP

>> ind_0032_00044  
 rank     E-value  score  bias mdl mdl from   mdl to       seq from      seq to       acc trunc   gc
 ----   --------- ------ ----- --- -------- --------    ----------- -----------      ---- ----- ----
 (39) !   3.8e-15   61.8   0.0  cm        1       36 []         147         182 + .. 1.00    no 0.61

                                                          NC
                     :::::<<<--<<<<<<_________>>>>>>-->>> CS
  patent_aligned   1 GGUCAGACCCUGGUCCGGGGCAAUGGGACCACUGUU 36 
                     GGUCAGACC UGGUCCGGGGCAAUGGGACCACUGUU
  ind_0032_00044 147 GGUCAGACCUUGGUCCGGGGCAAUGGGACCACUGUU 182
                     ************************************ PP

>> ind_0032_00046  
 rank     E-value  score  bias mdl mdl from   mdl to       seq from      seq to       acc trunc   gc
 ----   --------- ------ ----- --- -------- --------    ----------- -----------      ---- ----- ----
 (40) !   3.8e-15   61.8   0.0  cm        1       36 []         147         182 + .. 1.00    no 0.61

                                                          NC
                     :::::<<<--<<<<<<_________>>>>>>-->>> CS
  patent_aligned   1 GGUCAGACCCUGGUCCGGGGCAAUGGGACCACUGUU 36 
                     GGUCAGACC UGGUCCGGGGCAAUGGGACCACUGUU
  ind_0032_00046 147 GGUCAGACCUUGGUCCGGGGCAAUGGGACCACUGUU 182
                     ************************************ PP

>> ind_0032_00047  
 rank     E-value  score  bias mdl mdl from   mdl to       seq from      seq to       acc trunc   gc
 ----   --------- ------ ----- --- -------- --------    ----------- -----------      ---- ----- ----
 (41) !   3.8e-15   61.8   0.0  cm        1       36 []         147         182 + .. 1.00    no 0.61

                                                          NC
                     :::::<<<--<<<<<<_________>>>>>>-->>> CS
  patent_aligned   1 GGUCAGACCCUGGUCCGGGGCAAUGGGACCACUGUU 36 
                     GGUCAGACC UGGUCCGGGGCAAUGGGACCACUGUU
  ind_0032_00047 147 GGUCAGACCUUGGUCCGGGGCAAUGGGACCACUGUU 182
                     ************************************ PP

>> ind_0032_00041  
 rank     E-value  score  bias mdl mdl from   mdl to       seq from      seq to       acc trunc   gc
 ----   --------- ------ ----- --- -------- --------    ----------- -----------      ---- ----- ----
 (42) !   7.7e-14   56.8   0.0  cm        1       36 []         147         182 + .. 1.00    no 0.58

                                                          NC
                     :::::<<<--<<<<<<_________>>>>>>-->>> CS
  patent_aligned   1 GGUCAGACCCUGGUCCGGGGCAAUGGGACCACUGUU 36 
                     GGUCAGACC UGGUCCGGG CAAUGGGACCACUGUU
  ind_0032_00041 147 GGUCAGACCUUGGUCCGGGACAAUGGGACCACUGUU 182
                     ************************************ PP

>> ind_0032_00045  
 rank     E-value  score  bias mdl mdl from   mdl to       seq from      seq to       acc trunc   gc
 ----   --------- ------ ----- --- -------- --------    ----------- -----------      ---- ----- ----
 (43) !   1.1e-13   56.3   0.0  cm        1       36 []         147         182 + .. 1.00    no 0.64

                                                          NC
                     :::::<<<--<<<<<<_________>>>>>>-->>> CS
  patent_aligned   1 GGUCAGACCCUGGUCCGGGGCAAUGGGACCACUGUU 36 
                     GGUCAGACC UGGUCCGGGGCAA GGGACCACUGUU
  ind_0032_00045 147 GGUCAGACCUUGGUCCGGGGCAAGGGGACCACUGUU 182
                     ************************************ PP

>> ind_0032_00028  
 rank     E-value  score  bias mdl mdl from   mdl to       seq from      seq to       acc trunc   gc
 ----   --------- ------ ----- --- -------- --------    ----------- -----------      ---- ----- ----
 (44) !   1.2e-13   56.1   0.0  cm        1       36 []         147         182 + .. 1.00    no 0.64

                                                          NC
                     :::::<<<--<<<<<<_________>>>>>>-->>> CS
  patent_aligned   1 GGUCAGACCCUGGUCCGGGGCAAUGGGACCACUGUU 36 
                     GGUCAGACC UGGUCCGGGGC AUGGGACCACUGUU
  ind_0032_00028 147 GGUCAGACCUUGGUCCGGGGCCAUGGGACCACUGUU 182
                     *********************9************** PP

>> ind_0032_00026  
 rank     E-value  score  bias mdl mdl from   mdl to       seq from      seq to       acc trunc   gc
 ----   --------- ------ ----- --- -------- --------    ----------- -----------      ---- ----- ----
 (45) !   1.2e-13   56.1   0.0  cm        1       36 []         147         182 + .. 1.00    no 0.58

                                                          NC
                     :::::<<<--<<<<<<_________>>>>>>-->>> CS
  patent_aligned   1 GGUCAGACCCUGGUCCGGGGCAAUGGGACCACUGUU 36 
                     GGUCAGACC UGGUCCGG GCAAUGGGACCACUGUU
  ind_0032_00026 147 GGUCAGACCUUGGUCCGGUGCAAUGGGACCACUGUU 182
                     ************************************ PP

>> ind_0032_00048  
 rank     E-value  score  bias mdl mdl from   mdl to       seq from      seq to       acc trunc   gc
 ----   --------- ------ ----- --- -------- --------    ----------- -----------      ---- ----- ----
 (46) !   1.3e-13   56.0   0.0  cm        1       36 []         147         182 + .. 1.00    no 0.64

                                                          NC
                     :::::<<<--<<<<<<_________>>>>>>-->>> CS
  patent_aligned   1 GGUCAGACCCUGGUCCGGGGCAAUGGGACCACUGUU 36 
                     GGUC GACC UGGUCCGGGGCAAUGGGACCACUGUU
  ind_0032_00048 147 GGUCCGACCUUGGUCCGGGGCAAUGGGACCACUGUU 182
                     ************************************ PP

>> ind_0032_00036  
 rank     E-value  score  bias mdl mdl from   mdl to       seq from      seq to       acc trunc   gc
 ----   --------- ------ ----- --- -------- --------    ----------- -----------      ---- ----- ----
 (47) !   8.6e-13   52.9   0.0  cm        1       36 []         147         182 + .. 1.00    no 0.58

                                   v           v          NC
                     :::::<<<--<<<<<<_________>>>>>>-->>> CS
  patent_aligned   1 GGUCAGACCCUGGUCCGGGGCAAUGGGACCACUGUU 36 
                     GGUCAGACC UGGU CGGGGCAAUGG ACCACUGUU
  ind_0032_00036 147 GGUCAGACCUUGGUCCGGGGCAAUGGUACCACUGUU 182
                     ************************************ PP

>> ind_0032_00049  
 rank     E-value  score  bias mdl mdl from   mdl to       seq from      seq to       acc trunc   gc
 ----   --------- ------ ----- --- -------- --------    ----------- -----------      ---- ----- ----
 (48) !   1.3e-12   52.2   0.0  cm        1       36 []         147         182 + .. 1.00    no 0.61

                                    v         v           NC
                     :::::<<<--<<<<<<_________>>>>>>-->>> CS
  patent_aligned   1 GGUCAGACCCUGGUCCGGGGCAAUGGGACCACUGUU 36 
                     GGUCAGACC UGGUC GGGGCAAUG GACCACUGUU
  ind_0032_00049 147 GGUCAGACCUUGGUCCGGGGCAAUGCGACCACUGUU 182
                     ************************************ PP

>> ind_0032_00043  
 rank     E-value  score  bias mdl mdl from   mdl to       seq from      seq to       acc trunc   gc
 ----   --------- ------ ----- --- -------- --------    ----------- -----------      ---- ----- ----
 (49) !   2.8e-12   50.9   0.0  cm        1       36 []         147         182 + .. 1.00    no 0.61

                                                          NC
                     :::::<<<--<<<<<<_________>>>>>>-->>> CS
  patent_aligned   1 GGUCAGACCCUGGUCCGGGGCAAUGGGACCACUGUU 36 
                     GGUCAGAC  UGGUCCGGGGCAA GGGACCACUGUU
  ind_0032_00043 147 GGUCAGACGUUGGUCCGGGGCAAAGGGACCACUGUU 182
                     ************************************ PP

>> ind_0032_00040  
 rank     E-value  score  bias mdl mdl from   mdl to       seq from      seq to       acc trunc   gc
 ----   --------- ------ ----- --- -------- --------    ----------- -----------      ---- ----- ----
 (50) !   1.7e-11   48.0   0.0  cm        1       36 []         147         182 + .. 1.00    no 0.56

                          v     v                 v     v NC
                     :::::<<<--<<<<<<_________>>>>>>-->>> CS
  patent_aligned   1 GGUCAGACCCUGGUCCGGGGCAAUGGGACCACUGUU 36 
                     GGUCA ACC U GUCCGGGGCAAUGGGAC ACUGU 
  ind_0032_00040 147 GGUCAUACCUUAGUCCGGGGCAAUGGGACCACUGUU 182
                     ************************************ PP

>> ind_0032_00022  
 rank     E-value  score  bias mdl mdl from   mdl to       seq from      seq to       acc trunc   gc
 ----   --------- ------ ----- --- -------- --------    ----------- -----------      ---- ----- ----
 (51) ?       0.7    8.0   0.0  cm       14       28 ..          35          21 - .. 0.98    no 0.53

                                    NC
                    <<<_________>>> CS
  patent_aligned 14 UCCGGGGCAAUGGGA 28
                    U CGGG CAAUGG A
  ind_0032_00022 35 UUCGGGCCAAUGGAA 21
                    *****999******* PP



Internal CM pipeline statistics summary:
----------------------------------------
Query model(s):                                                  1  (36 consensus positions)
Target sequences:                                               50  (19700 residues searched)
Target sequences re-searched for truncated hits:                50  (10200 residues re-searched)
Windows   passing  local HMM SSV           filter:             299  (0.6046); expected (0.35)
Windows   passing  local HMM Viterbi       filter:                  (off)
Windows   passing  local HMM Viterbi  bias filter:                  (off)
Windows   passing  local HMM Forward       filter:             117  (0.1973); expected (0.02)
Windows   passing  local HMM Forward  bias filter:             117  (0.1973); expected (0.02)
Windows   passing glocal HMM Forward       filter:              59  (0.1115); expected (0.02)
Windows   passing glocal HMM Forward  bias filter:              59  (0.1115); expected (0.02)
Envelopes passing glocal HMM envelope defn filter:              59  (0.07117); expected (0.02)
Envelopes passing  local CM  CYK           filter:              52  (0.06241); expected (0.0001)
Total CM hits reported:                                         51  (0.0607); includes 0 truncated hit(s)

# CPU time: 0.05u 0.00s 00:00:00.05 Elapsed: 00:00:00.05
# Alignment of 50 hits satisfying inclusion thresholds saved to: optimization_a7/38gen/_workspace/cmsearch_logs/gen_0032/patent_cmsearch.sto
//
[ok]
