# cmsearch :: search CM(s) against a sequence database
# INFERNAL 1.1.5 (Sep 2023)
# Copyright (C) 2023 Howard Hughes Medical Institute.
# Freely distributed under the BSD open source license.
# - - - - - - - - - - - - - - - - - - - - - - - - - - - - - - - - - - - -
# query CM file:                         A7_analysis/patent.cm
# target sequence database:              /tmp/tmpz6cjbgaa/queries.fa
# output directed to file:               optimization_a7/38gen/_workspace/cmsearch_logs/gen_0011/patent_cmsearch.out
# MSA of significant hits saved to file: optimization_a7/38gen/_workspace/cmsearch_logs/gen_0011/patent_cmsearch.sto
# tabular output of hits:                optimization_a7/38gen/_workspace/cmsearch_logs/gen_0011/patent_cmsearch.tblout
# max ASCII text line length:            unlimited
# sequence reporting threshold:          E-value <= 1000
# number of worker threads:              4
# - - - - - - - - - - - - - - - - - - - - - - - - - - - - - - - - - - - -

Query:       patent_aligned  [CLEN=36]
Hit scores:
 rank     E-value  score  bias  sequence        start    end   mdl trunc   gc  description
 ----   --------- ------ -----  -------------- ------ ------   --- ----- ----  -----------
  (1) !   2.8e-14   58.5   0.0  ind_0011_00023    147    182 +  cm    no 0.64  -
  (2) !   4.8e-13   53.8   0.0  ind_0011_00003    147    182 +  cm    no 0.64  -
  (3) !   4.8e-13   53.8   0.0  ind_0011_00004    147    182 +  cm    no 0.64  -
  (4) !   7.6e-13   53.1   0.0  ind_0011_00047    147    182 +  cm    no 0.58  -
  (5) !   1.8e-12   51.7   0.0  ind_0011_00006    147    182 +  cm    no 0.58  -
  (6) !   2.5e-12   51.2   0.0  ind_0011_00029    147    182 +  cm    no 0.61  -
  (7) !   5.2e-12   50.0   0.0  ind_0011_00026    147    182 +  cm    no 0.64  -
  (8) !   2.7e-11   47.2   0.0  ind_0011_00039    147    181 +  cm    no 0.60  -
  (9) !   5.2e-11   46.2   0.0  ind_0011_00034    147    182 +  cm    no 0.61  -
 (10) !   5.2e-11   46.2   0.0  ind_0011_00042    147    182 +  cm    no 0.61  -
 (11) !   9.2e-11   45.3   0.0  ind_0011_00022    147    182 +  cm    no 0.58  -
 (12) !   1.7e-10   44.3   0.0  ind_0011_00045    147    182 +  cm    no 0.64  -
 (13) !   2.7e-10   43.5   0.0  ind_0011_00013    147    182 +  cm    no 0.64  -
 (14) !   3.4e-10   43.1   0.0  ind_0011_00012    147    182 +  cm    no 0.64  -
 (15) !   6.1e-10   42.2   0.0  ind_0011_00009    147    182 +  cm    no 0.58  -
 (16) !   9.4e-10   41.5   0.0  ind_0011_00031    147    182 +  cm    no 0.61  -
 (17) !   1.3e-09   41.0   0.0  ind_0011_00043    147    182 +  cm    no 0.61  -
 (18) !   1.3e-09   40.9   0.0  ind_0011_00049    147    182 +  cm    no 0.58  -
 (19) !   1.4e-09   40.8   0.0  ind_0011_00000    147    182 +  cm    no 0.58  -
 (20) !   1.4e-09   40.8   0.0  ind_0011_00024    147    182 +  cm    no 0.58  -
 (21) !   1.4e-09   40.8   0.0  ind_0011_00028    147    182 +  cm    no 0.58  -
 (22) !   1.4e-09   40.8   0.0  ind_0011_00032    147    182 +  cm    no 0.58  -
 (23) !   1.6e-09   40.6   0.0  ind_0011_00011    147    182 +  cm    no 0.64  -
 (24) !   2.8e-09   39.7   0.0  ind_0011_00010    147    182 +  cm    no 0.56  -
 (25) !   3.1e-09   39.5   0.0  ind_0011_00027    147    182 +  cm    no 0.61  -
 (26) !   3.3e-09   39.4   0.0  ind_0011_00002    147    182 +  cm    no 0.64  -
 (27) !   3.3e-09   39.4   0.0  ind_0011_00008    147    182 +  cm    no 0.64  -
 (28) !   3.3e-09   39.4   0.0  ind_0011_00037    147    182 +  cm    no 0.64  -
 (29) !   3.3e-09   39.4   0.0  ind_0011_00001    147    182 +  cm    no 0.69  -
 (30) !   3.4e-09   39.4   0.0  ind_0011_00018    147    182 +  cm    no 0.50  -
 (31) !   4.1e-09   39.0   0.0  ind_0011_00044    147    182 +  cm    no 0.58  -
 (32) !     7e-09   38.2   0.0  ind_0011_00040    147    182 +  cm    no 0.69  -
 (33) !   1.8e-08   36.6   0.0  ind_0011_00016    147    182 +  cm    no 0.64  -
 (34) !   2.3e-08   36.2   0.0  ind_0011_00005    147    182 +  cm    no 0.56  -
 (35) !   2.5e-08   36.1   0.0  ind_0011_00014    147    182 +  cm    no 0.58  -
 (36) !   2.7e-08   36.0   0.0  ind_0011_00030    147    182 +  cm    no 0.53  -
 (37) !   3.1e-08   35.7   0.0  ind_0011_00046    147    182 +  cm    no 0.58  -
 (38) !   6.7e-08   34.5   0.0  ind_0011_00020    147    182 +  cm    no 0.53  -
 (39) !   1.2e-07   33.6   0.0  ind_0011_00036    147    182 +  cm    no 0.53  -
 (40) !   2.4e-07   32.4   0.0  ind_0011_00033    147    182 +  cm    no 0.61  -
 (41) !   5.9e-07   30.9   0.0  ind_0011_00038    147    182 +  cm    no 0.58  -
 (42) !   8.9e-07   30.2   0.0  ind_0011_00035    147    182 +  cm    no 0.64  -
 (43) !   1.4e-06   29.5   0.0  ind_0011_00017    147    179 +  cm    no 0.64  -
 (44) !   1.9e-06   29.0   0.0  ind_0011_00015    147    182 +  cm    no 0.56  -
 (45) !   5.3e-06   27.3   0.0  ind_0011_00007    147    181 +  cm    no 0.63  -
 (46) !   8.6e-06   26.5   0.0  ind_0011_00019    147    182 +  cm    no 0.64  -
 (47) !     1e-05   26.2   0.0  ind_0011_00025    147    182 +  cm    no 0.53  -
 (48) !   1.5e-05   25.6   0.0  ind_0011_00048    147    182 +  cm    no 0.64  -
 (49) !   8.1e-05   22.9   0.0  ind_0011_00021    147    182 +  cm    no 0.67  -
 ------ inclusion threshold ------
 (50) ?     0.078   11.6   0.0  ind_0011_00041    147    182 +  cm    no 0.58  -


Hit alignments:
>> ind_0011_00023  
 rank     E-value  score  bias mdl mdl from   mdl to       seq from      seq to       acc trunc   gc
 ----   --------- ------ ----- --- -------- --------    ----------- -----------      ---- ----- ----
  (1) !   2.8e-14   58.5   0.0  cm        1       36 []         147         182 + .. 1.00    no 0.64

                                                          NC
                     :::::<<<--<<<<<<_________>>>>>>-->>> CS
  patent_aligned   1 GGUCAGACCCUGGUCCGGGGCAAUGGGACCACUGUU 36 
                     GGUCA:ACCCUGGUCCGGGG AAUGGGACCACUGU:
  ind_0011_00023 147 GGUCAGACCCUGGUCCGGGGAAAUGGGACCACUGUC 182
                     ************************************ PP

>> ind_0011_00003  
 rank     E-value  score  bias mdl mdl from   mdl to       seq from      seq to       acc trunc   gc
 ----   --------- ------ ----- --- -------- --------    ----------- -----------      ---- ----- ----
  (2) !   4.8e-13   53.8   0.0  cm        1       36 []         147         182 + .. 1.00    no 0.64

                                                          NC
                     :::::<<<--<<<<<<_________>>>>>>-->>> CS
  patent_aligned   1 GGUCAGACCCUGGUCCGGGGCAAUGGGACCACUGUU 36 
                     GGUCAGACCCUGGUCCG GG AAUGGGACCACUGUU
  ind_0011_00003 147 GGUCAGACCCUGGUCCGCGGGAAUGGGACCACUGUU 182
                     ************************************ PP

>> ind_0011_00004  
 rank     E-value  score  bias mdl mdl from   mdl to       seq from      seq to       acc trunc   gc
 ----   --------- ------ ----- --- -------- --------    ----------- -----------      ---- ----- ----
  (3) !   4.8e-13   53.8   0.0  cm        1       36 []         147         182 + .. 1.00    no 0.64

                                                          NC
                     :::::<<<--<<<<<<_________>>>>>>-->>> CS
  patent_aligned   1 GGUCAGACCCUGGUCCGGGGCAAUGGGACCACUGUU 36 
                     GGUCAGACCCUGGUCCG GG AAUGGGACCACUGUU
  ind_0011_00004 147 GGUCAGACCCUGGUCCGCGGGAAUGGGACCACUGUU 182
                     ************************************ PP

>> ind_0011_00047  
 rank     E-value  score  bias mdl mdl from   mdl to       seq from      seq to       acc trunc   gc
 ----   --------- ------ ----- --- -------- --------    ----------- -----------      ---- ----- ----
  (4) !   7.6e-13   53.1   0.0  cm        1       36 []         147         182 + .. 1.00    no 0.58

                                    v         v           NC
                     :::::<<<--<<<<<<_________>>>>>>-->>> CS
  patent_aligned   1 GGUCAGACCCUGGUCCGGGGCAAUGGGACCACUGUU 36 
                     GGUCAGACCCUGGUC GGGGCAAUG GACCAC GUU
  ind_0011_00047 147 GGUCAGACCCUGGUCUGGGGCAAUGUGACCACAGUU 182
                     ************************************ PP

>> ind_0011_00006  
 rank     E-value  score  bias mdl mdl from   mdl to       seq from      seq to       acc trunc   gc
 ----   --------- ------ ----- --- -------- --------    ----------- -----------      ---- ----- ----
  (5) !   1.8e-12   51.7   0.0  cm        1       36 []         147         182 + .. 1.00    no 0.58

                                                          NC
                     :::::<<<--<<<<<<_________>>>>>>-->>> CS
  patent_aligned   1 GGUCAGACCCUGGUCCGGGGCAAUGGGACCACUGUU 36 
                     GGUCAGACC UGGUCCGGGG AA GGGACCACUGUU
  ind_0011_00006 147 GGUCAGACCUUGGUCCGGGGAAAAGGGACCACUGUU 182
                     ************************************ PP

>> ind_0011_00029  
 rank     E-value  score  bias mdl mdl from   mdl to       seq from      seq to       acc trunc   gc
 ----   --------- ------ ----- --- -------- --------    ----------- -----------      ---- ----- ----
  (6) !   2.5e-12   51.2   0.0  cm        1       36 []         147         182 + .. 1.00    no 0.61

                                                          NC
                     :::::<<<--<<<<<<_________>>>>>>-->>> CS
  patent_aligned   1 GGUCAGACCCUGGUCCGGGGCAAUGGGACCACUGUU 36 
                     GGUC GACC UGGUCCGGGG AAUGGGACCACUGUU
  ind_0011_00029 147 GGUCGGACCUUGGUCCGGGGAAAUGGGACCACUGUU 182
                     ************************************ PP

>> ind_0011_00026  
 rank     E-value  score  bias mdl mdl from   mdl to       seq from      seq to       acc trunc   gc
 ----   --------- ------ ----- --- -------- --------    ----------- -----------      ---- ----- ----
  (7) !   5.2e-12   50.0   0.0  cm        1       36 []         147         182 + .. 1.00    no 0.64

                                                          NC
                     :::::<<<--<<<<<<_________>>>>>>-->>> CS
  patent_aligned   1 GGUCAGACCCUGGUCCGGGGCAAUGGGACCACUGUU 36 
                     GGUCAGACCCUGGUCCG GG AAUGGGACCAC GUU
  ind_0011_00026 147 GGUCAGACCCUGGUCCGUGGGAAUGGGACCACCGUU 182
                     ************************************ PP

>> ind_0011_00039  
 rank     E-value  score  bias mdl mdl from   mdl to       seq from      seq to       acc trunc   gc
 ----   --------- ------ ----- --- -------- --------    ----------- -----------      ---- ----- ----
  (8) !   2.7e-11   47.2   0.0  cm        1       36 []         147         181 + .. 1.00    no 0.60

                          v                             v NC
                     :::::<<<--<<<<<<_________>>>>>>-->>> CS
  patent_aligned   1 GGUCAGACCCUGGUCCGGGGCAAUGGGACCACUGUU 36 
                     GGUCAGACC UGGUCCGGGG AA GGGACCACUGU 
  ind_0011_00039 147 GGUCAGACCUUGGUCCGGGGAAAAGGGACCACUGU- 181
                     ***********************************. PP

>> ind_0011_00034  
 rank     E-value  score  bias mdl mdl from   mdl to       seq from      seq to       acc trunc   gc
 ----   --------- ------ ----- --- -------- --------    ----------- -----------      ---- ----- ----
  (9) !   5.2e-11   46.2   0.0  cm        1       36 []         147         182 + .. 1.00    no 0.61

                            v                         v   NC
                     :::::<<<--<<<<<<_________>>>>>>-->>> CS
  patent_aligned   1 GGUCAGACCCUGGUCCGGGGCAAUGGGACCACUGUU 36 
                     GGUCAGA CCUGGUCCG GG AAUGGGACCACU UU
  ind_0011_00034 147 GGUCAGACCCUGGUCCGCGGGAAUGGGACCACUAUU 182
                     ************************************ PP

>> ind_0011_00042  
 rank     E-value  score  bias mdl mdl from   mdl to       seq from      seq to       acc trunc   gc
 ----   --------- ------ ----- --- -------- --------    ----------- -----------      ---- ----- ----
 (10) !   5.2e-11   46.2   0.0  cm        1       36 []         147         182 + .. 1.00    no 0.61

                                 v               v        NC
                     :::::<<<--<<<<<<_________>>>>>>-->>> CS
  patent_aligned   1 GGUCAGACCCUGGUCCGGGGCAAUGGGACCACUGUU 36 
                     GGUCAGACCCUG UCCG GG AAUGGGA CACUGUU
  ind_0011_00042 147 GGUCAGACCCUGAUCCGCGGGAAUGGGACCACUGUU 182
                     ************************************ PP

>> ind_0011_00022  
 rank     E-value  score  bias mdl mdl from   mdl to       seq from      seq to       acc trunc   gc
 ----   --------- ------ ----- --- -------- --------    ----------- -----------      ---- ----- ----
 (11) !   9.2e-11   45.3   0.0  cm        1       36 []         147         182 + .. 0.98    no 0.58

                                   v           v          NC
                     :::::<<<--<<<<<<_________>>>>>>-->>> CS
  patent_aligned   1 GGUCAGACCCUGGUCCGGGGCAAUGGGACCACUGUU 36 
                     GGUCAGACCCUGGU CGGG  AAUGG ACCACUGUU
  ind_0011_00022 147 GGUCAGACCCUGGUACGGGUGAAUGGGACCACUGUU 182
                     ****************99999*************** PP

>> ind_0011_00045  
 rank     E-value  score  bias mdl mdl from   mdl to       seq from      seq to       acc trunc   gc
 ----   --------- ------ ----- --- -------- --------    ----------- -----------      ---- ----- ----
 (12) !   1.7e-10   44.3   0.0  cm        1       36 []         147         182 + .. 1.00    no 0.64

                                    v         v           NC
                     :::::<<<--<<<<<<_________>>>>>>-->>> CS
  patent_aligned   1 GGUCAGACCCUGGUCCGGGGCAAUGGGACCACUGUU 36 
                     GGUCAGACCCUGG C GGGG AAUG G CCACUGUU
  ind_0011_00045 147 GGUCAGACCCUGGUCUGGGGGAAUGCGGCCACUGUU 182
                     ************************************ PP

>> ind_0011_00013  
 rank     E-value  score  bias mdl mdl from   mdl to       seq from      seq to       acc trunc   gc
 ----   --------- ------ ----- --- -------- --------    ----------- -----------      ---- ----- ----
 (13) !   2.7e-10   43.5   0.0  cm        1       36 []         147         182 + .. 1.00    no 0.64

                                 v               v        NC
                     :::::<<<--<<<<<<_________>>>>>>-->>> CS
  patent_aligned   1 GGUCAGACCCUGGUCCGGGGCAAUGGGACCACUGUU 36 
                     GGUCA:ACCCUG UCCGGGG  AUGGGA CACUGU:
  ind_0011_00013 147 GGUCAAACCCUGCUCCGGGGGGAUGGGACCACUGUU 182
                     *********************9************** PP

>> ind_0011_00012  
 rank     E-value  score  bias mdl mdl from   mdl to       seq from      seq to       acc trunc   gc
 ----   --------- ------ ----- --- -------- --------    ----------- -----------      ---- ----- ----
 (14) !   3.4e-10   43.1   0.0  cm        1       36 []         147         182 + .. 1.00    no 0.64

                                                          NC
                     :::::<<<--<<<<<<_________>>>>>>-->>> CS
  patent_aligned   1 GGUCAGACCCUGGUCCGGGGCAAUGGGACCACUGUU 36 
                     GG  AGACCCUGGU CGGGG AAUGG ACCACUGUU
  ind_0011_00012 147 GGGGAGACCCUGGUUCGGGGGAAUGGGACCACUGUU 182
                     ************************************ PP

>> ind_0011_00009  
 rank     E-value  score  bias mdl mdl from   mdl to       seq from      seq to       acc trunc   gc
 ----   --------- ------ ----- --- -------- --------    ----------- -----------      ---- ----- ----
 (15) !   6.1e-10   42.2   0.0  cm        1       36 []         147         182 + .. 0.99    no 0.58

                                    v         v           NC
                     :::::<<<--<<<<<<_________>>>>>>-->>> CS
  patent_aligned   1 GGUCAGACCCUGGUCCGGGGCAAUGGGACCACUGUU 36 
                     GGUCAGACC UGGUC GGGG AA G GACCACUGUU
  ind_0011_00009 147 GGUCAGACCUUGGUCGGGGGAAAAGGGACCACUGUU 182
                     ************************************ PP

>> ind_0011_00031  
 rank     E-value  score  bias mdl mdl from   mdl to       seq from      seq to       acc trunc   gc
 ----   --------- ------ ----- --- -------- --------    ----------- -----------      ---- ----- ----
 (16) !   9.4e-10   41.5   0.0  cm        1       36 []         147         182 + .. 1.00    no 0.61

                                  v             v         NC
                     :::::<<<--<<<<<<_________>>>>>>-->>> CS
  patent_aligned   1 GGUCAGACCCUGGUCCGGGGCAAUGGGACCACUGUU 36 
                      GUCAGA CCUGG C GGGGCAAUG G CCACU UU
  ind_0011_00031 147 CGUCAGAGCCUGGUCUGGGGCAAUGGGUCCACUCUU 182
                     ************************************ PP

>> ind_0011_00043  
 rank     E-value  score  bias mdl mdl from   mdl to       seq from      seq to       acc trunc   gc
 ----   --------- ------ ----- --- -------- --------    ----------- -----------      ---- ----- ----
 (17) !   1.3e-09   41.0   0.0  cm        1       36 []         147         182 + .. 1.00    no 0.61

                                 vv             vv        NC
                     :::::<<<--<<<<<<_________>>>>>>-->>> CS
  patent_aligned   1 GGUCAGACCCUGGUCCGGGGCAAUGGGACCACUGUU 36 
                     GGUCA:ACCCUG  CCGGGG AAUGGG  CACUGU:
  ind_0011_00043 147 GGUCAAACCCUGGCCCGGGGAAAUGGGAGCACUGUU 182
                     ************************************ PP

>> ind_0011_00049  
 rank     E-value  score  bias mdl mdl from   mdl to       seq from      seq to       acc trunc   gc
 ----   --------- ------ ----- --- -------- --------    ----------- -----------      ---- ----- ----
 (18) !   1.3e-09   40.9   0.0  cm        1       36 []         147         182 + .. 0.96    no 0.58

                                                          NC
                     :::::<<<--<<<<<<_________>>>>>>-->>> CS
  patent_aligned   1 GGUCAGACCCUGGUCCGGGGCAAUGGGACCACUGUU 36 
                     GGUC GACCCUGGUC GGGG AA   GACCACUGUU
  ind_0011_00049 147 GGUCGGACCCUGGUCUGGGGAAAAAGGACCACUGUU 182
                     ********************987779********** PP

>> ind_0011_00000  
 rank     E-value  score  bias mdl mdl from   mdl to       seq from      seq to       acc trunc   gc
 ----   --------- ------ ----- --- -------- --------    ----------- -----------      ---- ----- ----
 (19) !   1.4e-09   40.8   0.0  cm        1       36 []         147         182 + .. 1.00    no 0.58

                                                          NC
                     :::::<<<--<<<<<<_________>>>>>>-->>> CS
  patent_aligned   1 GGUCAGACCCUGGUCCGGGGCAAUGGGACCACUGUU 36 
                     GGUC GACC UGGUCCG GG AA GGGACCACUGUU
  ind_0011_00000 147 GGUCGGACCUUGGUCCGUGGAAAAGGGACCACUGUU 182
                     ************************************ PP

>> ind_0011_00024  
 rank     E-value  score  bias mdl mdl from   mdl to       seq from      seq to       acc trunc   gc
 ----   --------- ------ ----- --- -------- --------    ----------- -----------      ---- ----- ----
 (20) !   1.4e-09   40.8   0.0  cm        1       36 []         147         182 + .. 1.00    no 0.58

                                                          NC
                     :::::<<<--<<<<<<_________>>>>>>-->>> CS
  patent_aligned   1 GGUCAGACCCUGGUCCGGGGCAAUGGGACCACUGUU 36 
                     GGUC GACC UGGUCCG GG AA GGGACCACUGUU
  ind_0011_00024 147 GGUCGGACCUUGGUCCGUGGAAAAGGGACCACUGUU 182
                     ************************************ PP

>> ind_0011_00028  
 rank     E-value  score  bias mdl mdl from   mdl to       seq from      seq to       acc trunc   gc
 ----   --------- ------ ----- --- -------- --------    ----------- -----------      ---- ----- ----
 (21) !   1.4e-09   40.8   0.0  cm        1       36 []         147         182 + .. 1.00    no 0.58

                                                          NC
                     :::::<<<--<<<<<<_________>>>>>>-->>> CS
  patent_aligned   1 GGUCAGACCCUGGUCCGGGGCAAUGGGACCACUGUU 36 
                     GGUC GACC UGGUCCG GG AA GGGACCACUGUU
  ind_0011_00028 147 GGUCGGACCUUGGUCCGUGGAAAAGGGACCACUGUU 182
                     ************************************ PP

>> ind_0011_00032  
 rank     E-value  score  bias mdl mdl from   mdl to       seq from      seq to       acc trunc   gc
 ----   --------- ------ ----- --- -------- --------    ----------- -----------      ---- ----- ----
 (22) !   1.4e-09   40.8   0.0  cm        1       36 []         147         182 + .. 1.00    no 0.58

                                                          NC
                     :::::<<<--<<<<<<_________>>>>>>-->>> CS
  patent_aligned   1 GGUCAGACCCUGGUCCGGGGCAAUGGGACCACUGUU 36 
                     GGUC GACC UGGUCCG GG AA GGGACCACUGUU
  ind_0011_00032 147 GGUCGGACCUUGGUCCGUGGAAAAGGGACCACUGUU 182
                     ************************************ PP

>> ind_0011_00011  
 rank     E-value  score  bias mdl mdl from   mdl to       seq from      seq to       acc trunc   gc
 ----   --------- ------ ----- --- -------- --------    ----------- -----------      ---- ----- ----
 (23) !   1.6e-09   40.6   0.0  cm        1       36 []         147         182 + .. 1.00    no 0.64

                               v                   v      NC
                     :::::<<<--<<<<<<_________>>>>>>-->>> CS
  patent_aligned   1 GGUCAGACCCUGGUCCGGGGCAAUGGGACCACUGUU 36 
                     GGUCAGACCC GGUC GGGG AAUG GACC C GUU
  ind_0011_00011 147 GGUCAGACCCUGGUCUGGGGAAAUGGGACCCCCGUU 182
                     ************************************ PP

>> ind_0011_00010  
 rank     E-value  score  bias mdl mdl from   mdl to       seq from      seq to       acc trunc   gc
 ----   --------- ------ ----- --- -------- --------    ----------- -----------      ---- ----- ----
 (24) !   2.8e-09   39.7   0.0  cm        1       36 []         147         182 + .. 1.00    no 0.56

                                    v         v           NC
                     :::::<<<--<<<<<<_________>>>>>>-->>> CS
  patent_aligned   1 GGUCAGACCCUGGUCCGGGGCAAUGGGACCACUGUU 36 
                     GGUCA:ACC UGGUC GGGG AA G GACCACUGU:
  ind_0011_00010 147 GGUCAAACCUUGGUCCGGGGAAAAGCGACCACUGUU 182
                     ************************************ PP

>> ind_0011_00027  
 rank     E-value  score  bias mdl mdl from   mdl to       seq from      seq to       acc trunc   gc
 ----   --------- ------ ----- --- -------- --------    ----------- -----------      ---- ----- ----
 (25) !   3.1e-09   39.5   0.0  cm        1       36 []         147         182 + .. 1.00    no 0.61

                                                          NC
                     :::::<<<--<<<<<<_________>>>>>>-->>> CS
  patent_aligned   1 GGUCAGACCCUGGUCCGGGGCAAUGGGACCACUGUU 36 
                     GGUC :ACC UGGUCCGGGG AA GGGACCAC GU:
  ind_0011_00027 147 GGUCGAACCUUGGUCCGGGGAAAAGGGACCACCGUU 182
                     ************************************ PP

>> ind_0011_00002  
 rank     E-value  score  bias mdl mdl from   mdl to       seq from      seq to       acc trunc   gc
 ----   --------- ------ ----- --- -------- --------    ----------- -----------      ---- ----- ----
 (26) !   3.3e-09   39.4   0.0  cm        1       36 []         147         182 + .. 0.99    no 0.64

                                                          NC
                     :::::<<<--<<<<<<_________>>>>>>-->>> CS
  patent_aligned   1 GGUCAGACCCUGGUCCGGGGCAAUGGGACCACUGUU 36 
                     GGUC GACC UGGUCCG GG AA GGGACCACUGUU
  ind_0011_00002 147 GGUCGGACCUUGGUCCGCGGGAAAGGGACCACUGUU 182
                     ************************************ PP

>> ind_0011_00008  
 rank     E-value  score  bias mdl mdl from   mdl to       seq from      seq to       acc trunc   gc
 ----   --------- ------ ----- --- -------- --------    ----------- -----------      ---- ----- ----
 (27) !   3.3e-09   39.4   0.0  cm        1       36 []         147         182 + .. 0.99    no 0.64

                                                          NC
                     :::::<<<--<<<<<<_________>>>>>>-->>> CS
  patent_aligned   1 GGUCAGACCCUGGUCCGGGGCAAUGGGACCACUGUU 36 
                     GGUC GACC UGGUCCG GG AA GGGACCACUGUU
  ind_0011_00008 147 GGUCGGACCUUGGUCCGCGGGAAAGGGACCACUGUU 182
                     ************************************ PP

>> ind_0011_00037  
 rank     E-value  score  bias mdl mdl from   mdl to       seq from      seq to       acc trunc   gc
 ----   --------- ------ ----- --- -------- --------    ----------- -----------      ---- ----- ----
 (28) !   3.3e-09   39.4   0.0  cm        1       36 []         147         182 + .. 0.99    no 0.64

                                                          NC
                     :::::<<<--<<<<<<_________>>>>>>-->>> CS
  patent_aligned   1 GGUCAGACCCUGGUCCGGGGCAAUGGGACCACUGUU 36 
                     GGUC GACC UGGUCCG GG AA GGGACCACUGUU
  ind_0011_00037 147 GGUCGGACCUUGGUCCGCGGGAAAGGGACCACUGUU 182
                     ************************************ PP

>> ind_0011_00001  
 rank     E-value  score  bias mdl mdl from   mdl to       seq from      seq to       acc trunc   gc
 ----   --------- ------ ----- --- -------- --------    ----------- -----------      ---- ----- ----
 (29) !   3.3e-09   39.4   0.0  cm        1       36 []         147         182 + .. 1.00    no 0.69

                                   v           v          NC
                     :::::<<<--<<<<<<_________>>>>>>-->>> CS
  patent_aligned   1 GGUCAGACCCUGGUCCGGGGCAAUGGGACCACUGUU 36 
                     GGUC GACCCUGG  CGGGG AAUGG  CCACUGUU
  ind_0011_00001 147 GGUCGGACCCUGGUCCGGGGGAAUGGCGCCACUGUU 182
                     ************************************ PP

>> ind_0011_00018  
 rank     E-value  score  bias mdl mdl from   mdl to       seq from      seq to       acc trunc   gc
 ----   --------- ------ ----- --- -------- --------    ----------- -----------      ---- ----- ----
 (30) !   3.4e-09   39.4   0.0  cm        1       36 []         147         182 + .. 1.00    no 0.50

                                                          NC
                     :::::<<<--<<<<<<_________>>>>>>-->>> CS
  patent_aligned   1 GGUCAGACCCUGGUCCGGGGCAAUGGGACCACUGUU 36 
                     GGUCA:A   UGGUCCGGGG AA GGGACCACU U:
  ind_0011_00018 147 GGUCAAAUUUUGGUCCGGGGAAAAGGGACCACUGUU 182
                     ************************************ PP

>> ind_0011_00044  
 rank     E-value  score  bias mdl mdl from   mdl to       seq from      seq to       acc trunc   gc
 ----   --------- ------ ----- --- -------- --------    ----------- -----------      ---- ----- ----
 (31) !   4.1e-09   39.0   0.0  cm        1       36 []         147         182 + .. 1.00    no 0.58

                               v                   v      NC
                     :::::<<<--<<<<<<_________>>>>>>-->>> CS
  patent_aligned   1 GGUCAGACCCUGGUCCGGGGCAAUGGGACCACUGUU 36 
                     GGU AGACCC GGUC GGGG AAUG GACC CUGUU
  ind_0011_00044 147 GGUGAGACCCAGGUCUGGGGAAAUGGGACCACUGUU 182
                     ************************************ PP

>> ind_0011_00040  
 rank     E-value  score  bias mdl mdl from   mdl to       seq from      seq to       acc trunc   gc
 ----   --------- ------ ----- --- -------- --------    ----------- -----------      ---- ----- ----
 (32) !     7e-09   38.2   0.0  cm        1       36 []         147         182 + .. 0.99    no 0.69

                                                          NC
                     :::::<<<--<<<<<<_________>>>>>>-->>> CS
  patent_aligned   1 GGUCAGACCCUGGUCCGGGGCAAUGGGACCACUGUU 36 
                     GGUCAGACCC GGUCCG GG  AUGGGACC C GUU
  ind_0011_00040 147 GGUCAGACCCUGGUCCGCGGGUAUGGGACCGCCGUU 182
                     *****************99999************** PP

>> ind_0011_00016  
 rank     E-value  score  bias mdl mdl from   mdl to       seq from      seq to       acc trunc   gc
 ----   --------- ------ ----- --- -------- --------    ----------- -----------      ---- ----- ----
 (33) !   1.8e-08   36.6   0.0  cm        1       36 []         147         182 + .. 0.99    no 0.64

                                  v             v         NC
                     :::::<<<--<<<<<<_________>>>>>>-->>> CS
  patent_aligned   1 GGUCAGACCCUGGUCCGGGGCAAUGGGACCACUGUU 36 
                     GGUCA:ACCCUGG CCG GG AA GGG CCACUGU:
  ind_0011_00016 147 GGUCAAACCCUGGUCCGCGGGAAAGGGCCCACUGUU 182
                     ************************************ PP

>> ind_0011_00005  
 rank     E-value  score  bias mdl mdl from   mdl to       seq from      seq to       acc trunc   gc
 ----   --------- ------ ----- --- -------- --------    ----------- -----------      ---- ----- ----
 (34) !   2.3e-08   36.2   0.0  cm        1       36 []         147         182 + .. 0.97    no 0.56

                                                          NC
                     :::::<<<--<<<<<<_________>>>>>>-->>> CS
  patent_aligned   1 GGUCAGACCCUGGUCCGGGGCAAUGGGACCACUGUU 36 
                     GGUC GACC UGGUCCG G  AA GGGACCACUGUU
  ind_0011_00005 147 GGUCGGACCUUGGUCCGUGUUAAAGGGACCACUGUU 182
                     *****************99889999*********** PP

>> ind_0011_00014  
 rank     E-value  score  bias mdl mdl from   mdl to       seq from      seq to       acc trunc   gc
 ----   --------- ------ ----- --- -------- --------    ----------- -----------      ---- ----- ----
 (35) !   2.5e-08   36.1   0.0  cm        1       36 []         147         182 + .. 1.00    no 0.58

                          v        v           v        v NC
                     :::::<<<--<<<<<<_________>>>>>>-->>> CS
  patent_aligned   1 GGUCAGACCCUGGUCCGGGGCAAUGGGACCACUGUU 36 
                     GGUCA ACC UGGU CGGGG AA GG ACCACUGU 
  ind_0011_00014 147 GGUCAAACCUUGGUCCGGGGAAAAGGCACCACUGUC 182
                     ************************************ PP

>> ind_0011_00030  
 rank     E-value  score  bias mdl mdl from   mdl to       seq from      seq to       acc trunc   gc
 ----   --------- ------ ----- --- -------- --------    ----------- -----------      ---- ----- ----
 (36) !   2.7e-08   36.0   0.0  cm        1       36 []         147         182 + .. 0.99    no 0.53

                                                          NC
                     :::::<<<--<<<<<<_________>>>>>>-->>> CS
  patent_aligned   1 GGUCAGACCCUGGUCCGGGGCAAUGGGACCACUGUU 36 
                     GGU A:ACC UGGUCCG GG AAU GGACCACUGU:
  ind_0011_00030 147 GGUGAAACCUUGGUCCGUGGAAAUCGGACCACUGUU 182
                     ************************9*********** PP

>> ind_0011_00046  
 rank     E-value  score  bias mdl mdl from   mdl to       seq from      seq to       acc trunc   gc
 ----   --------- ------ ----- --- -------- --------    ----------- -----------      ---- ----- ----
 (37) !   3.1e-08   35.7   0.0  cm        1       36 []         147         182 + .. 1.00    no 0.58

                                    v         v           NC
                     :::::<<<--<<<<<<_________>>>>>>-->>> CS
  patent_aligned   1 GGUCAGACCCUGGUCCGGGGCAAUGGGACCACUGUU 36 
                     GGU  GACCCUGGUC G GG AAUG GACCACUGUU
  ind_0011_00046 147 GGUUGGACCCUGGUCUGCGGGAAUGUGACCACUGUU 182
                     ************************************ PP

>> ind_0011_00020  
 rank     E-value  score  bias mdl mdl from   mdl to       seq from      seq to       acc trunc   gc
 ----   --------- ------ ----- --- -------- --------    ----------- -----------      ---- ----- ----
 (38) !   6.7e-08   34.5   0.0  cm        1       36 []         147         182 + .. 0.92    no 0.53

                                   vv         vv          NC
                     :::::<<<--<<<<<<_________>>>>>>-->>> CS
  patent_aligned   1 GGUCAGACCCUGGUCCGGGGCAAUGGGACCACUGUU 36 
                     GGUCAGACC UGGU  GGGG AA G  ACCACUGUU
  ind_0011_00020 147 GGUCAGACCUUGGUACGGGGAAAAGUGACCACUGUU 182
                     ********************9776655********* PP

>> ind_0011_00036  
 rank     E-value  score  bias mdl mdl from   mdl to       seq from      seq to       acc trunc   gc
 ----   --------- ------ ----- --- -------- --------    ----------- -----------      ---- ----- ----
 (39) !   1.2e-07   33.6   0.0  cm        1       36 []         147         182 + .. 0.98    no 0.53

                                   vv         vv          NC
                     :::::<<<--<<<<<<_________>>>>>>-->>> CS
  patent_aligned   1 GGUCAGACCCUGGUCCGGGGCAAUGGGACCACUGUU 36 
                     GGUCA:ACC UGGU  GGGG AAUG  ACCACUGU:
  ind_0011_00036 147 GGUCAAACCGUGGUAGGGGGAAAUGAGACCACUGUU 182
                     **************9999999****99********* PP

>> ind_0011_00033  
 rank     E-value  score  bias mdl mdl from   mdl to       seq from      seq to       acc trunc   gc
 ----   --------- ------ ----- --- -------- --------    ----------- -----------      ---- ----- ----
 (40) !   2.4e-07   32.4   0.0  cm        1       36 []         147         182 + .. 1.00    no 0.61

                            v                         v   NC
                     :::::<<<--<<<<<<_________>>>>>>-->>> CS
  patent_aligned   1 GGUCAGACCCUGGUCCGGGGCAAUGGGACCACUGUU 36 
                      GUC GA C UGGUCCGGGG AA GGGACCACU UU
  ind_0011_00033 147 AGUCGGACCUUGGUCCGGGGGAAAGGGACCACUCUU 182
                     ************************************ PP

>> ind_0011_00038  
 rank     E-value  score  bias mdl mdl from   mdl to       seq from      seq to       acc trunc   gc
 ----   --------- ------ ----- --- -------- --------    ----------- -----------      ---- ----- ----
 (41) !   5.9e-07   30.9   0.0  cm        1       36 []         147         182 + .. 0.95    no 0.58

                                                           NC
                     :::::<<<--<<<<<<_____.____>>>>>>-->>> CS
  patent_aligned   1 GGUCAGACCCUGGUCCGGGGC.AAUGGGACCACUGUU 36 
                     G U AGACC UGGUCCGG GC AA GGGACCAC GUU
  ind_0011_00038 147 GCUGAGACCUUGGUCCGG-GCaAAAGGGACCACAGUU 182
                     ****************76.677*************** PP

>> ind_0011_00035  
 rank     E-value  score  bias mdl mdl from   mdl to       seq from      seq to       acc trunc   gc
 ----   --------- ------ ----- --- -------- --------    ----------- -----------      ---- ----- ----
 (42) !   8.9e-07   30.2   0.0  cm        1       36 []         147         182 + .. 1.00    no 0.64

                            v                         v   NC
                     :::::<<<--<<<<<<_________>>>>>>-->>> CS
  patent_aligned   1 GGUCAGACCCUGGUCCGGGGCAAUGGGACCACUGUU 36 
                     GGU  GA C UGGUCCGGGG AA GGGACCACU UU
  ind_0011_00035 147 GGUGGGACCUUGGUCCGGGGGAAAGGGACCACUCUU 182
                     ************************************ PP

>> ind_0011_00017  
 rank     E-value  score  bias mdl mdl from   mdl to       seq from      seq to       acc trunc   gc
 ----   --------- ------ ----- --- -------- --------    ----------- -----------      ---- ----- ----
 (43) !   1.4e-06   29.5   0.0  cm        1       36 []         147         179 + .. 0.95    no 0.64

                          vvv      v            v      vvv NC
                     :::::<<<--<<<<<<_____.____>>>>>>-->>> CS
  patent_aligned   1 GGUCAGACCCUGGUCCGGGGC.AAUGGGACCACUGUU 36 
                     GGUCAGA CCUGGU CG  GC AAUGG ACCACU   
  ind_0011_00017 147 GGUCAGAACCUGGUGCG-CGCgAAUGGGACCACU--- 179
                     ****************7.4789************... PP

>> ind_0011_00015  
 rank     E-value  score  bias mdl mdl from   mdl to       seq from      seq to       acc trunc   gc
 ----   --------- ------ ----- --- -------- --------    ----------- -----------      ---- ----- ----
 (44) !   1.9e-06   29.0   0.0  cm        1       36 []         147         182 + .. 1.00    no 0.56

                                                          NC
                     :::::<<<--<<<<<<_________>>>>>>-->>> CS
  patent_aligned   1 GGUCAGACCCUGGUCCGGGGCAAUGGGACCACUGUU 36 
                     GGU  GACC UGGUC G GG AA G GACCACUGUU
  ind_0011_00015 147 GGUGGGACCUUGGUCUGUGGAAAAGGGACCACUGUU 182
                     ************************************ PP

>> ind_0011_00007  
 rank     E-value  score  bias mdl mdl from   mdl to       seq from      seq to       acc trunc   gc
 ----   --------- ------ ----- --- -------- --------    ----------- -----------      ---- ----- ----
 (45) !   5.3e-06   27.3   0.0  cm        1       36 []         147         181 + .. 0.95    no 0.63

                          v     v  v            v  v     v NC
                     :::::<<<--<<<<<<_____.____>>>>>>-->>> CS
  patent_aligned   1 GGUCAGACCCUGGUCCGGGGC.AAUGGGACCACUGUU 36 
                     GGUCAGACCCU GU CG  GC AAUGG AC ACUGU 
  ind_0011_00007 147 GGUCAGACCCUGGUGCG-CGCgAAUGGGACAACUGU- 181
                     ****************7.4789**************. PP

>> ind_0011_00019  
 rank     E-value  score  bias mdl mdl from   mdl to       seq from      seq to       acc trunc   gc
 ----   --------- ------ ----- --- -------- --------    ----------- -----------      ---- ----- ----
 (46) !   8.6e-06   26.5   0.0  cm        1       36 []         147         182 + .. 0.95    no 0.64

                          v     v                 v     v NC
                     :::::<<<--<<<<<<_________>>>>>>-->>> CS
  patent_aligned   1 GGUCAGACCCUGGUCCGGGGCAAUGGGACCACUGUU 36 
                     GG CA ACC U GUCCGGGG  A GGGAC ACUGU 
  ind_0011_00019 147 GGGCAAACCUUCGUCCGGGGACAAGGGACCACUGUC 182
                     ********************85668*********** PP

>> ind_0011_00025  
 rank     E-value  score  bias mdl mdl from   mdl to       seq from      seq to       acc trunc   gc
 ----   --------- ------ ----- --- -------- --------    ----------- -----------      ---- ----- ----
 (47) !     1e-05   26.2   0.0  cm        1       36 []         147         182 + .. 1.00    no 0.53

                                 v               v        NC
                     :::::<<<--<<<<<<_________>>>>>>-->>> CS
  patent_aligned   1 GGUCAGACCCUGGUCCGGGGCAAUGGGACCACUGUU 36 
                     GGUC GAC  UG UCCG GG AA GGGA CACUGUU
  ind_0011_00025 147 GGUCGGACAUUGUUCCGUGGAAAAGGGACCACUGUU 182
                     ************************************ PP

>> ind_0011_00048  
 rank     E-value  score  bias mdl mdl from   mdl to       seq from      seq to       acc trunc   gc
 ----   --------- ------ ----- --- -------- --------    ----------- -----------      ---- ----- ----
 (48) !   1.5e-05   25.6   0.0  cm        1       36 []         147         182 + .. 0.99    no 0.64

                                   v           v          NC
                     :::::<<<--<<<<<<_________>>>>>>-->>> CS
  patent_aligned   1 GGUCAGACCCUGGUCCGGGGCAAUGGGACCACUGUU 36 
                      GUC GACC UGG  CGGGG AA GG  CCACUGUU
  ind_0011_00048 147 UGUCGGACCUUGGUCCGGGGGAAAGGCGCCACUGUU 182
                     ************************************ PP

>> ind_0011_00021  
 rank     E-value  score  bias mdl mdl from   mdl to       seq from      seq to       acc trunc   gc
 ----   --------- ------ ----- --- -------- --------    ----------- -----------      ---- ----- ----
 (49) !   8.1e-05   22.9   0.0  cm        1       36 []         147         182 + .. 1.00    no 0.67

                                  v             v         NC
                     :::::<<<--<<<<<<_________>>>>>>-->>> CS
  patent_aligned   1 GGUCAGACCCUGGUCCGGGGCAAUGGGACCACUGUU 36 
                      GUC :ACC UGG CCG GG AA GGG CCACUGU:
  ind_0011_00021 147 CGUCGGACCUUGGGCCGCGGAAAAGGGACCACUGUC 182
                     ************************************ PP

>> ind_0011_00041  
 rank     E-value  score  bias mdl mdl from   mdl to       seq from      seq to       acc trunc   gc
 ----   --------- ------ ----- --- -------- --------    ----------- -----------      ---- ----- ----
 (50) ?     0.078   11.6   0.0  cm        1       36 []         147         182 + .. 0.91    no 0.58

                            v    v  v         v  v    v   NC
                     :::::<<<--<<<<<<_________>>>>>>-->>> CS
  patent_aligned   1 GGUCAGACCCUGGUCCGGGGCAAUGGGACCACUGUU 36 
                     GGUCAGA CC G U  GGGG A UG  A C C  UU
  ind_0011_00041 147 GGUCAGAACCUGAUGAGGGGGAUUGGCACCGCCAUU 182
                     ************999999998888889999999999 PP



Internal CM pipeline statistics summary:
----------------------------------------
Query model(s):                                                  1  (36 consensus positions)
Target sequences:                                               50  (19700 residues searched)
Target sequences re-searched for truncated hits:                50  (10200 residues re-searched)
Windows   passing  local HMM SSV           filter:             244  (0.4902); expected (0.35)
Windows   passing  local HMM Viterbi       filter:                  (off)
Windows   passing  local HMM Viterbi  bias filter:                  (off)
Windows   passing  local HMM Forward       filter:             118  (0.2224); expected (0.02)
Windows   passing  local HMM Forward  bias filter:             118  (0.2224); expected (0.02)
Windows   passing glocal HMM Forward       filter:              66  (0.1607); expected (0.02)
Windows   passing glocal HMM Forward  bias filter:              66  (0.1607); expected (0.02)
Envelopes passing glocal HMM envelope defn filter:              66  (0.08746); expected (0.02)
Envelopes passing  local CM  CYK           filter:              65  (0.08582); expected (0.0001)
Total CM hits reported:                                         50  (0.06003); includes 0 truncated hit(s)

# CPU time: 0.21u 0.00s 00:00:00.21 Elapsed: 00:00:00.22
# Alignment of 49 hits satisfying inclusion thresholds saved to: optimization_a7/38gen/_workspace/cmsearch_logs/gen_0011/patent_cmsearch.sto
//
[ok]
