# cmsearch :: search CM(s) against a sequence database
# INFERNAL 1.1.5 (Sep 2023)
# Copyright (C) 2023 Howard Hughes Medical Institute.
# Freely distributed under the BSD open source license.
# - - - - - - - - - - - - - - - - - - - - - - - - - - - - - - - - - - - -
# query CM file:                         A7_analysis/patent.cm
# target sequence database:              /tmp/tmplo00eijl/queries.fa
# output directed to file:               optimization_a7/100gen/_workspace/cmsearch_logs/gen_0066/patent_cmsearch.out
# MSA of significant hits saved to file: optimization_a7/100gen/_workspace/cmsearch_logs/gen_0066/patent_cmsearch.sto
# tabular output of hits:                optimization_a7/100gen/_workspace/cmsearch_logs/gen_0066/patent_cmsearch.tblout
# max ASCII text line length:            unlimited
# sequence reporting threshold:          E-value <= 1000
# number of worker threads:              4
# - - - - - - - - - - - - - - - - - - - - - - - - - - - - - - - - - - - -

Query:       patent_aligned  [CLEN=36]
Hit scores:
 rank     E-value  score  bias  sequence        start    end   mdl trunc   gc  description
 ----   --------- ------ -----  -------------- ------ ------   --- ----- ----  -----------
  (1) !   1.2e-11   48.6   0.0  ind_0066_00029    147    182 +  cm    no 0.81  -
  (2) !   2.4e-10   43.7   0.0  ind_0066_00000    147    182 +  cm    no 0.78  -
  (3) !   2.4e-10   43.7   0.0  ind_0066_00001    147    182 +  cm    no 0.78  -
  (4) !   2.4e-10   43.7   0.0  ind_0066_00002    147    182 +  cm    no 0.78  -
  (5) !   2.4e-10   43.7   0.0  ind_0066_00003    147    182 +  cm    no 0.78  -
  (6) !   2.4e-10   43.7   0.0  ind_0066_00004    147    182 +  cm    no 0.78  -
  (7) !   2.4e-10   43.7   0.0  ind_0066_00005    147    182 +  cm    no 0.78  -
  (8) !   2.4e-10   43.7   0.0  ind_0066_00006    147    182 +  cm    no 0.78  -
  (9) !   2.4e-10   43.7   0.0  ind_0066_00012    147    182 +  cm    no 0.78  -
 (10) !   2.4e-10   43.7   0.0  ind_0066_00013    147    182 +  cm    no 0.78  -
 (11) !   2.4e-10   43.7   0.0  ind_0066_00014    147    182 +  cm    no 0.78  -
 (12) !   2.4e-10   43.7   0.0  ind_0066_00017    147    182 +  cm    no 0.78  -
 (13) !   2.4e-10   43.7   0.0  ind_0066_00018    147    182 +  cm    no 0.78  -
 (14) !   2.4e-10   43.7   0.0  ind_0066_00022    147    182 +  cm    no 0.78  -
 (15) !   2.4e-10   43.7   0.0  ind_0066_00023    147    182 +  cm    no 0.78  -
 (16) !   2.4e-10   43.7   0.0  ind_0066_00025    147    182 +  cm    no 0.78  -
 (17) !   2.4e-10   43.7   0.0  ind_0066_00026    147    182 +  cm    no 0.78  -
 (18) !   2.4e-10   43.7   0.0  ind_0066_00028    147    182 +  cm    no 0.78  -
 (19) !   2.4e-10   43.7   0.0  ind_0066_00031    147    182 +  cm    no 0.78  -
 (20) !   2.4e-10   43.7   0.0  ind_0066_00033    147    182 +  cm    no 0.78  -
 (21) !   2.4e-10   43.7   0.0  ind_0066_00034    147    182 +  cm    no 0.78  -
 (22) !   2.4e-10   43.7   0.0  ind_0066_00036    147    182 +  cm    no 0.78  -
 (23) !   2.4e-10   43.7   0.0  ind_0066_00038    147    182 +  cm    no 0.78  -
 (24) !   2.4e-10   43.7   0.0  ind_0066_00039    147    182 +  cm    no 0.78  -
 (25) !   2.4e-10   43.7   0.0  ind_0066_00041    147    182 +  cm    no 0.78  -
 (26) !   2.4e-10   43.7   0.0  ind_0066_00042    147    182 +  cm    no 0.78  -
 (27) !   2.4e-10   43.7   0.0  ind_0066_00043    147    182 +  cm    no 0.78  -
 (28) !   2.4e-10   43.7   0.0  ind_0066_00045    147    182 +  cm    no 0.78  -
 (29) !   2.4e-10   43.7   0.0  ind_0066_00046    147    182 +  cm    no 0.78  -
 (30) !   2.4e-10   43.7   0.0  ind_0066_00047    147    182 +  cm    no 0.78  -
 (31) !   5.7e-10   42.3   0.0  ind_0066_00015    147    182 +  cm    no 0.81  -
 (32) !   5.7e-10   42.3   0.0  ind_0066_00040    147    182 +  cm    no 0.81  -
 (33) !   3.3e-09   39.4   0.0  ind_0066_00007    147    182 +  cm    no 0.75  -
 (34) !   3.4e-09   39.3   0.0  ind_0066_00048    147    182 +  cm    no 0.72  -
 (35) !   4.8e-09   38.8   0.0  ind_0066_00027    147    182 +  cm    no 0.75  -
 (36) !   4.8e-09   38.8   0.0  ind_0066_00030    147    182 +  cm    no 0.75  -
 (37) !   4.8e-09   38.8   0.0  ind_0066_00019    147    182 +  cm    no 0.75  -
 (38) !   6.1e-09   38.4   0.0  ind_0066_00008    147    182 +  cm    no 0.75  -
 (39) !   6.2e-09   38.4   0.0  ind_0066_00024    147    182 +  cm    no 0.75  -
 (40) !   6.3e-09   38.3   0.0  ind_0066_00009    147    182 +  cm    no 0.75  -
 (41) !   6.3e-09   38.3   0.0  ind_0066_00037    147    182 +  cm    no 0.75  -
 (42) !   6.3e-09   38.3   0.0  ind_0066_00020    147    182 +  cm    no 0.78  -
 (43) !   6.6e-09   38.3   0.0  ind_0066_00049    147    182 +  cm    no 0.75  -
 (44) !   7.4e-09   38.1   0.0  ind_0066_00044    147    182 +  cm    no 0.81  -
 (45) !     1e-08   37.6   0.0  ind_0066_00032    147    182 +  cm    no 0.78  -
 (46) !   1.7e-08   36.7   0.1  ind_0066_00035    147    180 +  cm    no 0.82  -
 (47) !   2.5e-08   36.1   0.0  ind_0066_00011    147    182 +  cm    no 0.75  -
 (48) !   7.3e-08   34.3   0.0  ind_0066_00021    147    182 +  cm    no 0.78  -
 (49) !   2.2e-06   28.8   0.0  ind_0066_00010    147    182 +  cm    no 0.75  -
 (50) !   4.8e-06   27.5   0.0  ind_0066_00016    147    182 +  cm    no 0.75  -


Hit alignments:
>> ind_0066_00029  
 rank     E-value  score  bias mdl mdl from   mdl to       seq from      seq to       acc trunc   gc
 ----   --------- ------ ----- --- -------- --------    ----------- -----------      ---- ----- ----
  (1) !   1.2e-11   48.6   0.0  cm        1       36 []         147         182 + .. 1.00    no 0.81

                                                          NC
                     :::::<<<--<<<<<<_________>>>>>>-->>> CS
  patent_aligned   1 GGUCAGACCCUGGUCCGGGGCAAUGGGACCACUGUU 36 
                     GGUC GACCC GG CCGGGGCAA GGG CC CUGUU
  ind_0066_00029 147 GGUCGGACCCCGGCCCGGGGCAACGGGGCCGCUGUU 182
                     ************************************ PP

>> ind_0066_00000  
 rank     E-value  score  bias mdl mdl from   mdl to       seq from      seq to       acc trunc   gc
 ----   --------- ------ ----- --- -------- --------    ----------- -----------      ---- ----- ----
  (2) !   2.4e-10   43.7   0.0  cm        1       36 []         147         182 + .. 1.00    no 0.78

                                                          NC
                     :::::<<<--<<<<<<_________>>>>>>-->>> CS
  patent_aligned   1 GGUCAGACCCUGGUCCGGGGCAAUGGGACCACUGUU 36 
                     GGUC GACCC GG CCG GGCAA GGG CC CUGUU
  ind_0066_00000 147 GGUCGGACCCCGGCCCGAGGCAACGGGGCCGCUGUU 182
                     ************************************ PP

>> ind_0066_00001  
 rank     E-value  score  bias mdl mdl from   mdl to       seq from      seq to       acc trunc   gc
 ----   --------- ------ ----- --- -------- --------    ----------- -----------      ---- ----- ----
  (3) !   2.4e-10   43.7   0.0  cm        1       36 []         147         182 + .. 1.00    no 0.78

                                                          NC
                     :::::<<<--<<<<<<_________>>>>>>-->>> CS
  patent_aligned   1 GGUCAGACCCUGGUCCGGGGCAAUGGGACCACUGUU 36 
                     GGUC GACCC GG CCG GGCAA GGG CC CUGUU
  ind_0066_00001 147 GGUCGGACCCCGGCCCGAGGCAACGGGGCCGCUGUU 182
                     ************************************ PP

>> ind_0066_00002  
 rank     E-value  score  bias mdl mdl from   mdl to       seq from      seq to       acc trunc   gc
 ----   --------- ------ ----- --- -------- --------    ----------- -----------      ---- ----- ----
  (4) !   2.4e-10   43.7   0.0  cm        1       36 []         147         182 + .. 1.00    no 0.78

                                                          NC
                     :::::<<<--<<<<<<_________>>>>>>-->>> CS
  patent_aligned   1 GGUCAGACCCUGGUCCGGGGCAAUGGGACCACUGUU 36 
                     GGUC GACCC GG CCG GGCAA GGG CC CUGUU
  ind_0066_00002 147 GGUCGGACCCCGGCCCGAGGCAACGGGGCCGCUGUU 182
                     ************************************ PP

>> ind_0066_00003  
 rank     E-value  score  bias mdl mdl from   mdl to       seq from      seq to       acc trunc   gc
 ----   --------- ------ ----- --- -------- --------    ----------- -----------      ---- ----- ----
  (5) !   2.4e-10   43.7   0.0  cm        1       36 []         147         182 + .. 1.00    no 0.78

                                                          NC
                     :::::<<<--<<<<<<_________>>>>>>-->>> CS
  patent_aligned   1 GGUCAGACCCUGGUCCGGGGCAAUGGGACCACUGUU 36 
                     GGUC GACCC GG CCG GGCAA GGG CC CUGUU
  ind_0066_00003 147 GGUCGGACCCCGGCCCGAGGCAACGGGGCCGCUGUU 182
                     ************************************ PP

>> ind_0066_00004  
 rank     E-value  score  bias mdl mdl from   mdl to       seq from      seq to       acc trunc   gc
 ----   --------- ------ ----- --- -------- --------    ----------- -----------      ---- ----- ----
  (6) !   2.4e-10   43.7   0.0  cm        1       36 []         147         182 + .. 1.00    no 0.78

                                                          NC
                     :::::<<<--<<<<<<_________>>>>>>-->>> CS
  patent_aligned   1 GGUCAGACCCUGGUCCGGGGCAAUGGGACCACUGUU 36 
                     GGUC GACCC GG CCG GGCAA GGG CC CUGUU
  ind_0066_00004 147 GGUCGGACCCCGGCCCGAGGCAACGGGGCCGCUGUU 182
                     ************************************ PP

>> ind_0066_00005  
 rank     E-value  score  bias mdl mdl from   mdl to       seq from      seq to       acc trunc   gc
 ----   --------- ------ ----- --- -------- --------    ----------- -----------      ---- ----- ----
  (7) !   2.4e-10   43.7   0.0  cm        1       36 []         147         182 + .. 1.00    no 0.78

                                                          NC
                     :::::<<<--<<<<<<_________>>>>>>-->>> CS
  patent_aligned   1 GGUCAGACCCUGGUCCGGGGCAAUGGGACCACUGUU 36 
                     GGUC GACCC GG CCG GGCAA GGG CC CUGUU
  ind_0066_00005 147 GGUCGGACCCCGGCCCGAGGCAACGGGGCCGCUGUU 182
                     ************************************ PP

>> ind_0066_00006  
 rank     E-value  score  bias mdl mdl from   mdl to       seq from      seq to       acc trunc   gc
 ----   --------- ------ ----- --- -------- --------    ----------- -----------      ---- ----- ----
  (8) !   2.4e-10   43.7   0.0  cm        1       36 []         147         182 + .. 1.00    no 0.78

                                                          NC
                     :::::<<<--<<<<<<_________>>>>>>-->>> CS
  patent_aligned   1 GGUCAGACCCUGGUCCGGGGCAAUGGGACCACUGUU 36 
                     GGUC GACCC GG CCG GGCAA GGG CC CUGUU
  ind_0066_00006 147 GGUCGGACCCCGGCCCGAGGCAACGGGGCCGCUGUU 182
                     ************************************ PP

>> ind_0066_00012  
 rank     E-value  score  bias mdl mdl from   mdl to       seq from      seq to       acc trunc   gc
 ----   --------- ------ ----- --- -------- --------    ----------- -----------      ---- ----- ----
  (9) !   2.4e-10   43.7   0.0  cm        1       36 []         147         182 + .. 1.00    no 0.78

                                                          NC
                     :::::<<<--<<<<<<_________>>>>>>-->>> CS
  patent_aligned   1 GGUCAGACCCUGGUCCGGGGCAAUGGGACCACUGUU 36 
                     GGUC GACCC GG CCG GGCAA GGG CC CUGUU
  ind_0066_00012 147 GGUCGGACCCCGGCCCGAGGCAACGGGGCCGCUGUU 182
                     ************************************ PP

>> ind_0066_00013  
 rank     E-value  score  bias mdl mdl from   mdl to       seq from      seq to       acc trunc   gc
 ----   --------- ------ ----- --- -------- --------    ----------- -----------      ---- ----- ----
 (10) !   2.4e-10   43.7   0.0  cm        1       36 []         147         182 + .. 1.00    no 0.78

                                                          NC
                     :::::<<<--<<<<<<_________>>>>>>-->>> CS
  patent_aligned   1 GGUCAGACCCUGGUCCGGGGCAAUGGGACCACUGUU 36 
                     GGUC GACCC GG CCG GGCAA GGG CC CUGUU
  ind_0066_00013 147 GGUCGGACCCCGGCCCGAGGCAACGGGGCCGCUGUU 182
                     ************************************ PP

>> ind_0066_00014  
 rank     E-value  score  bias mdl mdl from   mdl to       seq from      seq to       acc trunc   gc
 ----   --------- ------ ----- --- -------- --------    ----------- -----------      ---- ----- ----
 (11) !   2.4e-10   43.7   0.0  cm        1       36 []         147         182 + .. 1.00    no 0.78

                                                          NC
                     :::::<<<--<<<<<<_________>>>>>>-->>> CS
  patent_aligned   1 GGUCAGACCCUGGUCCGGGGCAAUGGGACCACUGUU 36 
                     GGUC GACCC GG CCG GGCAA GGG CC CUGUU
  ind_0066_00014 147 GGUCGGACCCCGGCCCGAGGCAACGGGGCCGCUGUU 182
                     ************************************ PP

>> ind_0066_00017  
 rank     E-value  score  bias mdl mdl from   mdl to       seq from      seq to       acc trunc   gc
 ----   --------- ------ ----- --- -------- --------    ----------- -----------      ---- ----- ----
 (12) !   2.4e-10   43.7   0.0  cm        1       36 []         147         182 + .. 1.00    no 0.78

                                                          NC
                     :::::<<<--<<<<<<_________>>>>>>-->>> CS
  patent_aligned   1 GGUCAGACCCUGGUCCGGGGCAAUGGGACCACUGUU 36 
                     GGUC GACCC GG CCG GGCAA GGG CC CUGUU
  ind_0066_00017 147 GGUCGGACCCCGGCCCGAGGCAACGGGGCCGCUGUU 182
                     ************************************ PP

>> ind_0066_00018  
 rank     E-value  score  bias mdl mdl from   mdl to       seq from      seq to       acc trunc   gc
 ----   --------- ------ ----- --- -------- --------    ----------- -----------      ---- ----- ----
 (13) !   2.4e-10   43.7   0.0  cm        1       36 []         147         182 + .. 1.00    no 0.78

                                                          NC
                     :::::<<<--<<<<<<_________>>>>>>-->>> CS
  patent_aligned   1 GGUCAGACCCUGGUCCGGGGCAAUGGGACCACUGUU 36 
                     GGUC GACCC GG CCG GGCAA GGG CC CUGUU
  ind_0066_00018 147 GGUCGGACCCCGGCCCGAGGCAACGGGGCCGCUGUU 182
                     ************************************ PP

>> ind_0066_00022  
 rank     E-value  score  bias mdl mdl from   mdl to       seq from      seq to       acc trunc   gc
 ----   --------- ------ ----- --- -------- --------    ----------- -----------      ---- ----- ----
 (14) !   2.4e-10   43.7   0.0  cm        1       36 []         147         182 + .. 1.00    no 0.78

                                                          NC
                     :::::<<<--<<<<<<_________>>>>>>-->>> CS
  patent_aligned   1 GGUCAGACCCUGGUCCGGGGCAAUGGGACCACUGUU 36 
                     GGUC GACCC GG CCG GGCAA GGG CC CUGUU
  ind_0066_00022 147 GGUCGGACCCCGGCCCGAGGCAACGGGGCCGCUGUU 182
                     ************************************ PP

>> ind_0066_00023  
 rank     E-value  score  bias mdl mdl from   mdl to       seq from      seq to       acc trunc   gc
 ----   --------- ------ ----- --- -------- --------    ----------- -----------      ---- ----- ----
 (15) !   2.4e-10   43.7   0.0  cm        1       36 []         147         182 + .. 1.00    no 0.78

                                                          NC
                     :::::<<<--<<<<<<_________>>>>>>-->>> CS
  patent_aligned   1 GGUCAGACCCUGGUCCGGGGCAAUGGGACCACUGUU 36 
                     GGUC GACCC GG CCG GGCAA GGG CC CUGUU
  ind_0066_00023 147 GGUCGGACCCCGGCCCGAGGCAACGGGGCCGCUGUU 182
                     ************************************ PP

>> ind_0066_00025  
 rank     E-value  score  bias mdl mdl from   mdl to       seq from      seq to       acc trunc   gc
 ----   --------- ------ ----- --- -------- --------    ----------- -----------      ---- ----- ----
 (16) !   2.4e-10   43.7   0.0  cm        1       36 []         147         182 + .. 1.00    no 0.78

                                                          NC
                     :::::<<<--<<<<<<_________>>>>>>-->>> CS
  patent_aligned   1 GGUCAGACCCUGGUCCGGGGCAAUGGGACCACUGUU 36 
                     GGUC GACCC GG CCG GGCAA GGG CC CUGUU
  ind_0066_00025 147 GGUCGGACCCCGGCCCGAGGCAACGGGGCCGCUGUU 182
                     ************************************ PP

>> ind_0066_00026  
 rank     E-value  score  bias mdl mdl from   mdl to       seq from      seq to       acc trunc   gc
 ----   --------- ------ ----- --- -------- --------    ----------- -----------      ---- ----- ----
 (17) !   2.4e-10   43.7   0.0  cm        1       36 []         147         182 + .. 1.00    no 0.78

                                                          NC
                     :::::<<<--<<<<<<_________>>>>>>-->>> CS
  patent_aligned   1 GGUCAGACCCUGGUCCGGGGCAAUGGGACCACUGUU 36 
                     GGUC GACCC GG CCG GGCAA GGG CC CUGUU
  ind_0066_00026 147 GGUCGGACCCCGGCCCGAGGCAACGGGGCCGCUGUU 182
                     ************************************ PP

>> ind_0066_00028  
 rank     E-value  score  bias mdl mdl from   mdl to       seq from      seq to       acc trunc   gc
 ----   --------- ------ ----- --- -------- --------    ----------- -----------      ---- ----- ----
 (18) !   2.4e-10   43.7   0.0  cm        1       36 []         147         182 + .. 1.00    no 0.78

                                                          NC
                     :::::<<<--<<<<<<_________>>>>>>-->>> CS
  patent_aligned   1 GGUCAGACCCUGGUCCGGGGCAAUGGGACCACUGUU 36 
                     GGUC GACCC GG CCG GGCAA GGG CC CUGUU
  ind_0066_00028 147 GGUCGGACCCCGGCCCGAGGCAACGGGGCCGCUGUU 182
                     ************************************ PP

>> ind_0066_00031  
 rank     E-value  score  bias mdl mdl from   mdl to       seq from      seq to       acc trunc   gc
 ----   --------- ------ ----- --- -------- --------    ----------- -----------      ---- ----- ----
 (19) !   2.4e-10   43.7   0.0  cm        1       36 []         147         182 + .. 1.00    no 0.78

                                                          NC
                     :::::<<<--<<<<<<_________>>>>>>-->>> CS
  patent_aligned   1 GGUCAGACCCUGGUCCGGGGCAAUGGGACCACUGUU 36 
                     GGUC GACCC GG CCG GGCAA GGG CC CUGUU
  ind_0066_00031 147 GGUCGGACCCCGGCCCGAGGCAACGGGGCCGCUGUU 182
                     ************************************ PP

>> ind_0066_00033  
 rank     E-value  score  bias mdl mdl from   mdl to       seq from      seq to       acc trunc   gc
 ----   --------- ------ ----- --- -------- --------    ----------- -----------      ---- ----- ----
 (20) !   2.4e-10   43.7   0.0  cm        1       36 []         147         182 + .. 1.00    no 0.78

                                                          NC
                     :::::<<<--<<<<<<_________>>>>>>-->>> CS
  patent_aligned   1 GGUCAGACCCUGGUCCGGGGCAAUGGGACCACUGUU 36 
                     GGUC GACCC GG CCG GGCAA GGG CC CUGUU
  ind_0066_00033 147 GGUCGGACCCCGGCCCGAGGCAACGGGGCCGCUGUU 182
                     ************************************ PP

>> ind_0066_00034  
 rank     E-value  score  bias mdl mdl from   mdl to       seq from      seq to       acc trunc   gc
 ----   --------- ------ ----- --- -------- --------    ----------- -----------      ---- ----- ----
 (21) !   2.4e-10   43.7   0.0  cm        1       36 []         147         182 + .. 1.00    no 0.78

                                                          NC
                     :::::<<<--<<<<<<_________>>>>>>-->>> CS
  patent_aligned   1 GGUCAGACCCUGGUCCGGGGCAAUGGGACCACUGUU 36 
                     GGUC GACCC GG CCG GGCAA GGG CC CUGUU
  ind_0066_00034 147 GGUCGGACCCCGGCCCGAGGCAACGGGGCCGCUGUU 182
                     ************************************ PP

>> ind_0066_00036  
 rank     E-value  score  bias mdl mdl from   mdl to       seq from      seq to       acc trunc   gc
 ----   --------- ------ ----- --- -------- --------    ----------- -----------      ---- ----- ----
 (22) !   2.4e-10   43.7   0.0  cm        1       36 []         147         182 + .. 1.00    no 0.78

                                                          NC
                     :::::<<<--<<<<<<_________>>>>>>-->>> CS
  patent_aligned   1 GGUCAGACCCUGGUCCGGGGCAAUGGGACCACUGUU 36 
                     GGUC GACCC GG CCG GGCAA GGG CC CUGUU
  ind_0066_00036 147 GGUCGGACCCCGGCCCGAGGCAACGGGGCCGCUGUU 182
                     ************************************ PP

>> ind_0066_00038  
 rank     E-value  score  bias mdl mdl from   mdl to       seq from      seq to       acc trunc   gc
 ----   --------- ------ ----- --- -------- --------    ----------- -----------      ---- ----- ----
 (23) !   2.4e-10   43.7   0.0  cm        1       36 []         147         182 + .. 1.00    no 0.78

                                                          NC
                     :::::<<<--<<<<<<_________>>>>>>-->>> CS
  patent_aligned   1 GGUCAGACCCUGGUCCGGGGCAAUGGGACCACUGUU 36 
                     GGUC GACCC GG CCG GGCAA GGG CC CUGUU
  ind_0066_00038 147 GGUCGGACCCCGGCCCGAGGCAACGGGGCCGCUGUU 182
                     ************************************ PP

>> ind_0066_00039  
 rank     E-value  score  bias mdl mdl from   mdl to       seq from      seq to       acc trunc   gc
 ----   --------- ------ ----- --- -------- --------    ----------- -----------      ---- ----- ----
 (24) !   2.4e-10   43.7   0.0  cm        1       36 []         147         182 + .. 1.00    no 0.78

                                                          NC
                     :::::<<<--<<<<<<_________>>>>>>-->>> CS
  patent_aligned   1 GGUCAGACCCUGGUCCGGGGCAAUGGGACCACUGUU 36 
                     GGUC GACCC GG CCG GGCAA GGG CC CUGUU
  ind_0066_00039 147 GGUCGGACCCCGGCCCGAGGCAACGGGGCCGCUGUU 182
                     ************************************ PP

>> ind_0066_00041  
 rank     E-value  score  bias mdl mdl from   mdl to       seq from      seq to       acc trunc   gc
 ----   --------- ------ ----- --- -------- --------    ----------- -----------      ---- ----- ----
 (25) !   2.4e-10   43.7   0.0  cm        1       36 []         147         182 + .. 1.00    no 0.78

                                                          NC
                     :::::<<<--<<<<<<_________>>>>>>-->>> CS
  patent_aligned   1 GGUCAGACCCUGGUCCGGGGCAAUGGGACCACUGUU 36 
                     GGUC GACCC GG CCG GGCAA GGG CC CUGUU
  ind_0066_00041 147 GGUCGGACCCCGGCCCGAGGCAACGGGGCCGCUGUU 182
                     ************************************ PP

>> ind_0066_00042  
 rank     E-value  score  bias mdl mdl from   mdl to       seq from      seq to       acc trunc   gc
 ----   --------- ------ ----- --- -------- --------    ----------- -----------      ---- ----- ----
 (26) !   2.4e-10   43.7   0.0  cm        1       36 []         147         182 + .. 1.00    no 0.78

                                                          NC
                     :::::<<<--<<<<<<_________>>>>>>-->>> CS
  patent_aligned   1 GGUCAGACCCUGGUCCGGGGCAAUGGGACCACUGUU 36 
                     GGUC GACCC GG CCG GGCAA GGG CC CUGUU
  ind_0066_00042 147 GGUCGGACCCCGGCCCGAGGCAACGGGGCCGCUGUU 182
                     ************************************ PP

>> ind_0066_00043  
 rank     E-value  score  bias mdl mdl from   mdl to       seq from      seq to       acc trunc   gc
 ----   --------- ------ ----- --- -------- --------    ----------- -----------      ---- ----- ----
 (27) !   2.4e-10   43.7   0.0  cm        1       36 []         147         182 + .. 1.00    no 0.78

                                                          NC
                     :::::<<<--<<<<<<_________>>>>>>-->>> CS
  patent_aligned   1 GGUCAGACCCUGGUCCGGGGCAAUGGGACCACUGUU 36 
                     GGUC GACCC GG CCG GGCAA GGG CC CUGUU
  ind_0066_00043 147 GGUCGGACCCCGGCCCGAGGCAACGGGGCCGCUGUU 182
                     ************************************ PP

>> ind_0066_00045  
 rank     E-value  score  bias mdl mdl from   mdl to       seq from      seq to       acc trunc   gc
 ----   --------- ------ ----- --- -------- --------    ----------- -----------      ---- ----- ----
 (28) !   2.4e-10   43.7   0.0  cm        1       36 []         147         182 + .. 1.00    no 0.78

                                                          NC
                     :::::<<<--<<<<<<_________>>>>>>-->>> CS
  patent_aligned   1 GGUCAGACCCUGGUCCGGGGCAAUGGGACCACUGUU 36 
                     GGUC GACCC GG CCG GGCAA GGG CC CUGUU
  ind_0066_00045 147 GGUCGGACCCCGGCCCGAGGCAACGGGGCCGCUGUU 182
                     ************************************ PP

>> ind_0066_00046  
 rank     E-value  score  bias mdl mdl from   mdl to       seq from      seq to       acc trunc   gc
 ----   --------- ------ ----- --- -------- --------    ----------- -----------      ---- ----- ----
 (29) !   2.4e-10   43.7   0.0  cm        1       36 []         147         182 + .. 1.00    no 0.78

                                                          NC
                     :::::<<<--<<<<<<_________>>>>>>-->>> CS
  patent_aligned   1 GGUCAGACCCUGGUCCGGGGCAAUGGGACCACUGUU 36 
                     GGUC GACCC GG CCG GGCAA GGG CC CUGUU
  ind_0066_00046 147 GGUCGGACCCCGGCCCGAGGCAACGGGGCCGCUGUU 182
                     ************************************ PP

>> ind_0066_00047  
 rank     E-value  score  bias mdl mdl from   mdl to       seq from      seq to       acc trunc   gc
 ----   --------- ------ ----- --- -------- --------    ----------- -----------      ---- ----- ----
 (30) !   2.4e-10   43.7   0.0  cm        1       36 []         147         182 + .. 1.00    no 0.78

                                                          NC
                     :::::<<<--<<<<<<_________>>>>>>-->>> CS
  patent_aligned   1 GGUCAGACCCUGGUCCGGGGCAAUGGGACCACUGUU 36 
                     GGUC GACCC GG CCG GGCAA GGG CC CUGUU
  ind_0066_00047 147 GGUCGGACCCCGGCCCGAGGCAACGGGGCCGCUGUU 182
                     ************************************ PP

>> ind_0066_00015  
 rank     E-value  score  bias mdl mdl from   mdl to       seq from      seq to       acc trunc   gc
 ----   --------- ------ ----- --- -------- --------    ----------- -----------      ---- ----- ----
 (31) !   5.7e-10   42.3   0.0  cm        1       36 []         147         182 + .. 1.00    no 0.81

                                                          NC
                     :::::<<<--<<<<<<_________>>>>>>-->>> CS
  patent_aligned   1 GGUCAGACCCUGGUCCGGGGCAAUGGGACCACUGUU 36 
                     GGUC GACCC GG CCG GGCAA GGG CC CUGUU
  ind_0066_00015 147 GGUCGGACCCCGGCCCGCGGCAACGGGGCCGCUGUU 182
                     ************************************ PP

>> ind_0066_00040  
 rank     E-value  score  bias mdl mdl from   mdl to       seq from      seq to       acc trunc   gc
 ----   --------- ------ ----- --- -------- --------    ----------- -----------      ---- ----- ----
 (32) !   5.7e-10   42.3   0.0  cm        1       36 []         147         182 + .. 1.00    no 0.81

                                                          NC
                     :::::<<<--<<<<<<_________>>>>>>-->>> CS
  patent_aligned   1 GGUCAGACCCUGGUCCGGGGCAAUGGGACCACUGUU 36 
                     GGUC GACCC GG CCG GGCAA GGG CC CUGUU
  ind_0066_00040 147 GGUCGGACCCCGGCCCGCGGCAACGGGGCCGCUGUU 182
                     ************************************ PP

>> ind_0066_00007  
 rank     E-value  score  bias mdl mdl from   mdl to       seq from      seq to       acc trunc   gc
 ----   --------- ------ ----- --- -------- --------    ----------- -----------      ---- ----- ----
 (33) !   3.3e-09   39.4   0.0  cm        1       36 []         147         182 + .. 1.00    no 0.75

                                  v             v         NC
                     :::::<<<--<<<<<<_________>>>>>>-->>> CS
  patent_aligned   1 GGUCAGACCCUGGUCCGGGGCAAUGGGACCACUGUU 36 
                     GGUC GACCC GG CCG GGCAA GGG CC CUGUU
  ind_0066_00007 147 GGUCGGACCCCGGCCCGAGGCAACGGGACCGCUGUU 182
                     ************************************ PP

>> ind_0066_00048  
 rank     E-value  score  bias mdl mdl from   mdl to       seq from      seq to       acc trunc   gc
 ----   --------- ------ ----- --- -------- --------    ----------- -----------      ---- ----- ----
 (34) !   3.4e-09   39.3   0.0  cm        1       36 []         147         182 + .. 1.00    no 0.72

                                   v           v          NC
                     :::::<<<--<<<<<<_________>>>>>>-->>> CS
  patent_aligned   1 GGUCAGACCCUGGUCCGGGGCAAUGGGACCACUGUU 36 
                     GGUC GACCC GG  CG GGCAAUGG  CC CUGUU
  ind_0066_00048 147 GGUCGGACCCCGGCCCGAGGCAAUGGUGCCGCUGUU 182
                     ************************************ PP

>> ind_0066_00027  
 rank     E-value  score  bias mdl mdl from   mdl to       seq from      seq to       acc trunc   gc
 ----   --------- ------ ----- --- -------- --------    ----------- -----------      ---- ----- ----
 (35) !   4.8e-09   38.8   0.0  cm        1       36 []         147         182 + .. 1.00    no 0.75

                                                          NC
                     :::::<<<--<<<<<<_________>>>>>>-->>> CS
  patent_aligned   1 GGUCAGACCCUGGUCCGGGGCAAUGGGACCACUGUU 36 
                     GGUC GACCC GG CC  GGCAA GGG CC CUGUU
  ind_0066_00027 147 GGUCGGACCCCGGCCCAAGGCAACGGGGCCGCUGUU 182
                     ************************************ PP

>> ind_0066_00030  
 rank     E-value  score  bias mdl mdl from   mdl to       seq from      seq to       acc trunc   gc
 ----   --------- ------ ----- --- -------- --------    ----------- -----------      ---- ----- ----
 (36) !   4.8e-09   38.8   0.0  cm        1       36 []         147         182 + .. 1.00    no 0.75

                                                          NC
                     :::::<<<--<<<<<<_________>>>>>>-->>> CS
  patent_aligned   1 GGUCAGACCCUGGUCCGGGGCAAUGGGACCACUGUU 36 
                     GGUC GACCC GG CC  GGCAA GGG CC CUGUU
  ind_0066_00030 147 GGUCGGACCCCGGCCCAAGGCAACGGGGCCGCUGUU 182
                     ************************************ PP

>> ind_0066_00019  
 rank     E-value  score  bias mdl mdl from   mdl to       seq from      seq to       acc trunc   gc
 ----   --------- ------ ----- --- -------- --------    ----------- -----------      ---- ----- ----
 (37) !   4.8e-09   38.8   0.0  cm        1       36 []         147         182 + .. 1.00    no 0.75

                                                          NC
                     :::::<<<--<<<<<<_________>>>>>>-->>> CS
  patent_aligned   1 GGUCAGACCCUGGUCCGGGGCAAUGGGACCACUGUU 36 
                     GGUC GACCC GG CCG G CAA GGG CC CUGUU
  ind_0066_00019 147 GGUCGGACCCCGGCCCGAGACAACGGGGCCGCUGUU 182
                     ************************************ PP

>> ind_0066_00008  
 rank     E-value  score  bias mdl mdl from   mdl to       seq from      seq to       acc trunc   gc
 ----   --------- ------ ----- --- -------- --------    ----------- -----------      ---- ----- ----
 (38) !   6.1e-09   38.4   0.0  cm        1       36 []         147         182 + .. 0.98    no 0.75

                                                          NC
                     :::::<<<--<<<<<<_________>>>>>>-->>> CS
  patent_aligned   1 GGUCAGACCCUGGUCCGGGGCAAUGGGACCACUGUU 36 
                     GGUC GACCC GG CCG GGCAA  GG CC CUGUU
  ind_0066_00008 147 GGUCGGACCCCGGCCCGAGGCAACUGGGCCGCUGUU 182
                     *********************9988*********** PP

>> ind_0066_00024  
 rank     E-value  score  bias mdl mdl from   mdl to       seq from      seq to       acc trunc   gc
 ----   --------- ------ ----- --- -------- --------    ----------- -----------      ---- ----- ----
 (39) !   6.2e-09   38.4   0.0  cm        1       36 []         147         182 + .. 1.00    no 0.75

                                                          NC
                     :::::<<<--<<<<<<_________>>>>>>-->>> CS
  patent_aligned   1 GGUCAGACCCUGGUCCGGGGCAAUGGGACCACUGUU 36 
                     GGU  GACCC GG CCG GGCAA GGG CC CUGUU
  ind_0066_00024 147 GGUAGGACCCCGGCCCGAGGCAACGGGGCCGCUGUU 182
                     ************************************ PP

>> ind_0066_00009  
 rank     E-value  score  bias mdl mdl from   mdl to       seq from      seq to       acc trunc   gc
 ----   --------- ------ ----- --- -------- --------    ----------- -----------      ---- ----- ----
 (40) !   6.3e-09   38.3   0.0  cm        1       36 []         147         182 + .. 1.00    no 0.75

                                                          NC
                     :::::<<<--<<<<<<_________>>>>>>-->>> CS
  patent_aligned   1 GGUCAGACCCUGGUCCGGGGCAAUGGGACCACUGUU 36 
                     GGUC GACC  GG CCG GGCAA GGG CC CUGUU
  ind_0066_00009 147 GGUCGGACCACGGCCCGAGGCAACGGGGCCGCUGUU 182
                     ************************************ PP

>> ind_0066_00037  
 rank     E-value  score  bias mdl mdl from   mdl to       seq from      seq to       acc trunc   gc
 ----   --------- ------ ----- --- -------- --------    ----------- -----------      ---- ----- ----
 (41) !   6.3e-09   38.3   0.0  cm        1       36 []         147         182 + .. 1.00    no 0.75

                                                          NC
                     :::::<<<--<<<<<<_________>>>>>>-->>> CS
  patent_aligned   1 GGUCAGACCCUGGUCCGGGGCAAUGGGACCACUGUU 36 
                     GGUC GACC  GG CCG GGCAA GGG CC CUGUU
  ind_0066_00037 147 GGUCGGACCACGGCCCGAGGCAACGGGGCCGCUGUU 182
                     ************************************ PP

>> ind_0066_00020  
 rank     E-value  score  bias mdl mdl from   mdl to       seq from      seq to       acc trunc   gc
 ----   --------- ------ ----- --- -------- --------    ----------- -----------      ---- ----- ----
 (42) !   6.3e-09   38.3   0.0  cm        1       36 []         147         182 + .. 0.99    no 0.78

                                                          NC
                     :::::<<<--<<<<<<_________>>>>>>-->>> CS
  patent_aligned   1 GGUCAGACCCUGGUCCGGGGCAAUGGGACCACUGUU 36 
                     GGUC GACCC GG CCG GGCA  GGG CC CUGUU
  ind_0066_00020 147 GGUCGGACCCCGGCCCGAGGCAUCGGGGCCGCUGUU 182
                     **********************999*********** PP

>> ind_0066_00049  
 rank     E-value  score  bias mdl mdl from   mdl to       seq from      seq to       acc trunc   gc
 ----   --------- ------ ----- --- -------- --------    ----------- -----------      ---- ----- ----
 (43) !   6.6e-09   38.3   0.0  cm        1       36 []         147         182 + .. 1.00    no 0.75

                                                          NC
                     :::::<<<--<<<<<<_________>>>>>>-->>> CS
  patent_aligned   1 GGUCAGACCCUGGUCCGGGGCAAUGGGACCACUGUU 36 
                     GGUC GACCC G  CCG GGCAA GGG  C CUGUU
  ind_0066_00049 147 GGUCGGACCCCGGCCCGAGGCAACGGGGUCGCUGUU 182
                     ************************************ PP

>> ind_0066_00044  
 rank     E-value  score  bias mdl mdl from   mdl to       seq from      seq to       acc trunc   gc
 ----   --------- ------ ----- --- -------- --------    ----------- -----------      ---- ----- ----
 (44) !   7.4e-09   38.1   0.0  cm        1       36 []         147         182 + .. 0.99    no 0.81

                                                          NC
                     :::::<<<--<<<<<<_________>>>>>>-->>> CS
  patent_aligned   1 GGUCAGACCCUGGUCCGGGGCAAUGGGACCACUGUU 36 
                     GGUC GACCC GG CCG GGC A GGG CC CUGUU
  ind_0066_00044 147 GGUCGGACCCCGGCCCGAGGCCACGGGGCCGCUGUU 182
                     *********************99************* PP

>> ind_0066_00032  
 rank     E-value  score  bias mdl mdl from   mdl to       seq from      seq to       acc trunc   gc
 ----   --------- ------ ----- --- -------- --------    ----------- -----------      ---- ----- ----
 (45) !     1e-08   37.6   0.0  cm        1       36 []         147         182 + .. 1.00    no 0.78

                                                          NC
                     :::::<<<--<<<<<<_________>>>>>>-->>> CS
  patent_aligned   1 GGUCAGACCCUGGUCCGGGGCAAUGGGACCACUGUU 36 
                     GGUC GAC C GG CCG GGCAA GGG CC CUGUU
  ind_0066_00032 147 GGUCGGACGCCGGCCCGAGGCAACGGGGCCGCUGUU 182
                     ************************************ PP

>> ind_0066_00035  
 rank     E-value  score  bias mdl mdl from   mdl to       seq from      seq to       acc trunc   gc
 ----   --------- ------ ----- --- -------- --------    ----------- -----------      ---- ----- ----
 (46) !   1.7e-08   36.7   0.1  cm        1       36 []         147         180 + .. 1.00    no 0.82

                          vv                           vv NC
                     :::::<<<--<<<<<<_________>>>>>>-->>> CS
  patent_aligned   1 GGUCAGACCCUGGUCCGGGGCAAUGGGACCACUGUU 36 
                     GGUC GACCC GG CCG GGCAA GGG CC CUG  
  ind_0066_00035 147 GGUCGGACCCCGGCCCGAGGCAACGGGGCCGCUG-- 180
                     **********************************.. PP

>> ind_0066_00011  
 rank     E-value  score  bias mdl mdl from   mdl to       seq from      seq to       acc trunc   gc
 ----   --------- ------ ----- --- -------- --------    ----------- -----------      ---- ----- ----
 (47) !   2.5e-08   36.1   0.0  cm        1       36 []         147         182 + .. 1.00    no 0.75

                                v                 v       NC
                     :::::<<<--<<<<<<_________>>>>>>-->>> CS
  patent_aligned   1 GGUCAGACCCUGGUCCGGGGCAAUGGGACCACUGUU 36 
                     GGUC GACCC  G CCG GGCAA GGG C  CUGUU
  ind_0066_00011 147 GGUCGGACCCCAGCCCGAGGCAACGGGGCCGCUGUU 182
                     ************************************ PP

>> ind_0066_00021  
 rank     E-value  score  bias mdl mdl from   mdl to       seq from      seq to       acc trunc   gc
 ----   --------- ------ ----- --- -------- --------    ----------- -----------      ---- ----- ----
 (48) !   7.3e-08   34.3   0.0  cm        1       36 []         147         182 + .. 1.00    no 0.78

                            v                         v   NC
                     :::::<<<--<<<<<<_________>>>>>>-->>> CS
  patent_aligned   1 GGUCAGACCCUGGUCCGGGGCAAUGGGACCACUGUU 36 
                     GGUC GA CC GG CCG GGCAA GGG CC CU UU
  ind_0066_00021 147 GGUCGGAGCCCGGCCCGAGGCAACGGGGCCGCUGUU 182
                     ************************************ PP

>> ind_0066_00010  
 rank     E-value  score  bias mdl mdl from   mdl to       seq from      seq to       acc trunc   gc
 ----   --------- ------ ----- --- -------- --------    ----------- -----------      ---- ----- ----
 (49) !   2.2e-06   28.8   0.0  cm        1       36 []         147         182 + .. 1.00    no 0.75

                                                          NC
                     :::::<<<--<<<<<<_________>>>>>>-->>> CS
  patent_aligned   1 GGUCAGACCCUGGUCCGGGGCAAUGGGACCACUGUU 36 
                     GGUC GACCC GG CC  GG AA GGG CC C GUU
  ind_0066_00010 147 GGUCGGACCCCGGCCCAAGGUAACGGGGCCGCGGUU 182
                     ************************************ PP

>> ind_0066_00016  
 rank     E-value  score  bias mdl mdl from   mdl to       seq from      seq to       acc trunc   gc
 ----   --------- ------ ----- --- -------- --------    ----------- -----------      ---- ----- ----
 (50) !   4.8e-06   27.5   0.0  cm        1       36 []         147         182 + .. 1.00    no 0.75

                                                          NC
                     :::::<<<--<<<<<<_________>>>>>>-->>> CS
  patent_aligned   1 GGUCAGACCCUGGUCCGGGGCAAUGGGACCACUGUU 36 
                     GGUC GAC C GG CCG GGCAA GGG CC   GUU
  ind_0066_00016 147 GGUCGGACGCCGGCCCGAGGCAACGGGGCCGAAGUU 182
                     ************************************ PP



Internal CM pipeline statistics summary:
----------------------------------------
Query model(s):                                                  1  (36 consensus positions)
Target sequences:                                               50  (19700 residues searched)
Target sequences re-searched for truncated hits:                50  (10200 residues re-searched)
Windows   passing  local HMM SSV           filter:             237  (0.4512); expected (0.35)
Windows   passing  local HMM Viterbi       filter:                  (off)
Windows   passing  local HMM Viterbi  bias filter:                  (off)
Windows   passing  local HMM Forward       filter:             103  (0.1747); expected (0.02)
Windows   passing  local HMM Forward  bias filter:             100  (0.1672); expected (0.02)
Windows   passing glocal HMM Forward       filter:              59  (0.1064); expected (0.02)
Windows   passing glocal HMM Forward  bias filter:              59  (0.1064); expected (0.02)
Envelopes passing glocal HMM envelope defn filter:              59  (0.07565); expected (0.02)
Envelopes passing  local CM  CYK           filter:              59  (0.07565); expected (0.0001)
Total CM hits reported:                                         50  (0.06013); includes 0 truncated hit(s)

# CPU time: 0.19u 0.00s 00:00:00.19 Elapsed: 00:00:00.20
# Alignment of 50 hits satisfying inclusion thresholds saved to: optimization_a7/100gen/_workspace/cmsearch_logs/gen_0066/patent_cmsearch.sto
//
[ok]
