# cmsearch :: search CM(s) against a sequence database
# INFERNAL 1.1.5 (Sep 2023)
# Copyright (C) 2023 Howard Hughes Medical Institute.
# Freely distributed under the BSD open source license.
# - - - - - - - - - - - - - - - - - - - - - - - - - - - - - - - - - - - -
# query CM file:                         A7_analysis/patent.cm
# target sequence database:              /tmp/tmp2n7wp0oh/queries.fa
# output directed to file:               optimization_a7/38gen/_workspace/cmsearch_logs/gen_0016/patent_cmsearch.out
# MSA of significant hits saved to file: optimization_a7/38gen/_workspace/cmsearch_logs/gen_0016/patent_cmsearch.sto
# tabular output of hits:                optimization_a7/38gen/_workspace/cmsearch_logs/gen_0016/patent_cmsearch.tblout
# max ASCII text line length:            unlimited
# sequence reporting threshold:          E-value <= 1000
# number of worker threads:              4
# - - - - - - - - - - - - - - - - - - - - - - - - - - - - - - - - - - - -

Query:       patent_aligned  [CLEN=36]
Hit scores:
 rank     E-value  score  bias  sequence        start    end   mdl trunc   gc  description
 ----   --------- ------ -----  -------------- ------ ------   --- ----- ----  -----------
  (1) !   2.8e-14   58.5   0.0  ind_0016_00003    147    182 +  cm    no 0.64  -
  (2) !   2.8e-14   58.5   0.0  ind_0016_00041    147    182 +  cm    no 0.64  -
  (3) !   4.8e-13   53.8   0.0  ind_0016_00030    147    182 +  cm    no 0.64  -
  (4) !   5.8e-12   49.8   0.0  ind_0016_00000    147    182 +  cm    no 0.67  -
  (5) !   5.8e-12   49.8   0.0  ind_0016_00015    147    182 +  cm    no 0.67  -
  (6) !   5.8e-12   49.8   0.0  ind_0016_00044    147    182 +  cm    no 0.67  -
  (7) !   3.3e-11   46.9   0.0  ind_0016_00040    147    182 +  cm    no 0.67  -
  (8) !   5.2e-11   46.2   0.0  ind_0016_00029    147    182 +  cm    no 0.64  -
  (9) !   1.2e-10   44.9   0.0  ind_0016_00001    147    182 +  cm    no 0.61  -
 (10) !   1.2e-10   44.9   0.0  ind_0016_00002    147    182 +  cm    no 0.61  -
 (11) !   1.2e-10   44.9   0.0  ind_0016_00006    147    182 +  cm    no 0.61  -
 (12) !   1.2e-10   44.9   0.0  ind_0016_00008    147    182 +  cm    no 0.61  -
 (13) !   1.2e-10   44.9   0.0  ind_0016_00011    147    182 +  cm    no 0.61  -
 (14) !   1.2e-10   44.9   0.0  ind_0016_00013    147    182 +  cm    no 0.61  -
 (15) !   1.2e-10   44.9   0.0  ind_0016_00024    147    182 +  cm    no 0.61  -
 (16) !   1.2e-10   44.9   0.0  ind_0016_00025    147    182 +  cm    no 0.61  -
 (17) !   1.2e-10   44.9   0.0  ind_0016_00027    147    182 +  cm    no 0.61  -
 (18) !   1.2e-10   44.9   0.0  ind_0016_00038    147    182 +  cm    no 0.61  -
 (19) !   1.2e-10   44.9   0.0  ind_0016_00039    147    182 +  cm    no 0.61  -
 (20) !   1.2e-10   44.9   0.0  ind_0016_00017    147    182 +  cm    no 0.61  -
 (21) !   1.2e-10   44.8   0.0  ind_0016_00004    147    182 +  cm    no 0.61  -
 (22) !   1.2e-10   44.8   0.0  ind_0016_00007    147    182 +  cm    no 0.61  -
 (23) !   1.2e-10   44.8   0.0  ind_0016_00010    147    182 +  cm    no 0.61  -
 (24) !   1.2e-10   44.8   0.0  ind_0016_00020    147    182 +  cm    no 0.61  -
 (25) !   1.6e-10   44.3   0.0  ind_0016_00023    147    182 +  cm    no 0.67  -
 (26) !   1.8e-10   44.1   0.0  ind_0016_00009    147    181 +  cm    no 0.69  -
 (27) !   1.8e-10   44.1   0.0  ind_0016_00022    147    182 +  cm    no 0.64  -
 (28) !   1.8e-10   44.1   0.0  ind_0016_00026    147    182 +  cm    no 0.64  -
 (29) !   1.8e-10   44.1   0.0  ind_0016_00032    147    182 +  cm    no 0.64  -
 (30) !   1.8e-10   44.1   0.0  ind_0016_00048    147    182 +  cm    no 0.64  -
 (31) !   2.1e-10   43.9   0.0  ind_0016_00047    147    182 +  cm    no 0.67  -
 (32) !     5e-10   42.5   0.0  ind_0016_00045    147    182 +  cm    no 0.64  -
 (33) !   5.1e-10   42.4   0.0  ind_0016_00042    147    180 +  cm    no 0.68  -
 (34) !   8.1e-10   41.7   0.0  ind_0016_00019    147    180 +  cm    no 0.71  -
 (35) !   1.8e-09   40.4   0.0  ind_0016_00031    147    182 +  cm    no 0.58  -
 (36) !   1.8e-09   40.4   0.0  ind_0016_00049    147    182 +  cm    no 0.58  -
 (37) !   2.8e-09   39.6   0.0  ind_0016_00037    147    182 +  cm    no 0.61  -
 (38) !   3.9e-09   39.1   0.0  ind_0016_00028    147    182 +  cm    no 0.58  -
 (39) !   6.3e-09   38.4   0.0  ind_0016_00005    147    182 +  cm    no 0.64  -
 (40) !   1.5e-08   37.0   0.0  ind_0016_00034    147    182 +  cm    no 0.58  -
 (41) !   1.8e-08   36.6   0.0  ind_0016_00014    147    182 +  cm    no 0.64  -
 (42) !   2.9e-08   35.9   0.0  ind_0016_00018    147    182 +  cm    no 0.58  -
 (43) !   4.7e-08   35.1   0.0  ind_0016_00012    147    181 +  cm    no 0.69  -
 (44) !   4.9e-08   35.0   0.0  ind_0016_00036    147    181 +  cm    no 0.69  -
 (45) !   9.9e-08   33.8   0.0  ind_0016_00035    147    182 +  cm    no 0.58  -
 (46) !   1.7e-07   32.9   0.0  ind_0016_00033    147    182 +  cm    no 0.58  -
 (47) !     7e-06   26.9   0.0  ind_0016_00016    147    180 +  cm    no 0.71  -
 (48) !   1.8e-05   25.3   0.0  ind_0016_00021    147    182 +  cm    no 0.67  -
 (49) !   2.8e-05   24.6   0.0  ind_0016_00046    147    180 +  cm    no 0.68  -
 (50) !   3.5e-05   24.2   0.0  ind_0016_00043    147    180 +  cm    no 0.68  -
 ------ inclusion threshold ------
 (51) ?     0.038   12.8   0.0  ind_0016_00047    155    132 -  cm    no 0.46  -
 (52) ?       0.2   10.1   0.0  ind_0016_00000    155    140 -  cm    no 0.69  -
 (53) ?       0.2   10.1   0.0  ind_0016_00015    155    140 -  cm    no 0.69  -
 (54) ?       0.2   10.1   0.0  ind_0016_00044    155    140 -  cm    no 0.69  -
 (55) ?      0.22    9.9   0.0  ind_0016_00026    155    132 -  cm    no 0.67  -
 (56) ?   1.8e+02   -1.0   0.0  ind_0016_00026    127    121 -  cm    no 0.71  -
 (57) ?   7.3e+02   -3.3   0.0  ind_0016_00018    188    197 +  cm    3' 0.60  -


Hit alignments:
>> ind_0016_00003  
 rank     E-value  score  bias mdl mdl from   mdl to       seq from      seq to       acc trunc   gc
 ----   --------- ------ ----- --- -------- --------    ----------- -----------      ---- ----- ----
  (1) !   2.8e-14   58.5   0.0  cm        1       36 []         147         182 + .. 1.00    no 0.64

                                                          NC
                     :::::<<<--<<<<<<_________>>>>>>-->>> CS
  patent_aligned   1 GGUCAGACCCUGGUCCGGGGCAAUGGGACCACUGUU 36 
                     GGUCA:ACCCUGGUCCGGGG AAUGGGACCACUGU:
  ind_0016_00003 147 GGUCAGACCCUGGUCCGGGGAAAUGGGACCACUGUC 182
                     ************************************ PP

>> ind_0016_00041  
 rank     E-value  score  bias mdl mdl from   mdl to       seq from      seq to       acc trunc   gc
 ----   --------- ------ ----- --- -------- --------    ----------- -----------      ---- ----- ----
  (2) !   2.8e-14   58.5   0.0  cm        1       36 []         147         182 + .. 1.00    no 0.64

                                                          NC
                     :::::<<<--<<<<<<_________>>>>>>-->>> CS
  patent_aligned   1 GGUCAGACCCUGGUCCGGGGCAAUGGGACCACUGUU 36 
                     GGUCA:ACCCUGGUCCGGGG AAUGGGACCACUGU:
  ind_0016_00041 147 GGUCAGACCCUGGUCCGGGGAAAUGGGACCACUGUC 182
                     ************************************ PP

>> ind_0016_00030  
 rank     E-value  score  bias mdl mdl from   mdl to       seq from      seq to       acc trunc   gc
 ----   --------- ------ ----- --- -------- --------    ----------- -----------      ---- ----- ----
  (3) !   4.8e-13   53.8   0.0  cm        1       36 []         147         182 + .. 1.00    no 0.64

                                                          NC
                     :::::<<<--<<<<<<_________>>>>>>-->>> CS
  patent_aligned   1 GGUCAGACCCUGGUCCGGGGCAAUGGGACCACUGUU 36 
                     GGUCAGACCCUGGUCCG GG AAUGGGACCACUGUU
  ind_0016_00030 147 GGUCAGACCCUGGUCCGCGGGAAUGGGACCACUGUU 182
                     ************************************ PP

>> ind_0016_00000  
 rank     E-value  score  bias mdl mdl from   mdl to       seq from      seq to       acc trunc   gc
 ----   --------- ------ ----- --- -------- --------    ----------- -----------      ---- ----- ----
  (4) !   5.8e-12   49.8   0.0  cm        1       36 []         147         182 + .. 1.00    no 0.67

                                                          NC
                     :::::<<<--<<<<<<_________>>>>>>-->>> CS
  patent_aligned   1 GGUCAGACCCUGGUCCGGGGCAAUGGGACCACUGUU 36 
                     GGUC GACC UGG CCGGGGCAAUGGG CCACUGUU
  ind_0016_00000 147 GGUCGGACCAUGGUCCGGGGCAAUGGGGCCACUGUU 182
                     ************************************ PP

>> ind_0016_00015  
 rank     E-value  score  bias mdl mdl from   mdl to       seq from      seq to       acc trunc   gc
 ----   --------- ------ ----- --- -------- --------    ----------- -----------      ---- ----- ----
  (5) !   5.8e-12   49.8   0.0  cm        1       36 []         147         182 + .. 1.00    no 0.67

                                                          NC
                     :::::<<<--<<<<<<_________>>>>>>-->>> CS
  patent_aligned   1 GGUCAGACCCUGGUCCGGGGCAAUGGGACCACUGUU 36 
                     GGUC GACC UGG CCGGGGCAAUGGG CCACUGUU
  ind_0016_00015 147 GGUCGGACCAUGGUCCGGGGCAAUGGGGCCACUGUU 182
                     ************************************ PP

>> ind_0016_00044  
 rank     E-value  score  bias mdl mdl from   mdl to       seq from      seq to       acc trunc   gc
 ----   --------- ------ ----- --- -------- --------    ----------- -----------      ---- ----- ----
  (6) !   5.8e-12   49.8   0.0  cm        1       36 []         147         182 + .. 1.00    no 0.67

                                                          NC
                     :::::<<<--<<<<<<_________>>>>>>-->>> CS
  patent_aligned   1 GGUCAGACCCUGGUCCGGGGCAAUGGGACCACUGUU 36 
                     GGUC GACC UGG CCGGGGCAAUGGG CCACUGUU
  ind_0016_00044 147 GGUCGGACCAUGGUCCGGGGCAAUGGGGCCACUGUU 182
                     ************************************ PP

>> ind_0016_00040  
 rank     E-value  score  bias mdl mdl from   mdl to       seq from      seq to       acc trunc   gc
 ----   --------- ------ ----- --- -------- --------    ----------- -----------      ---- ----- ----
  (7) !   3.3e-11   46.9   0.0  cm        1       36 []         147         182 + .. 1.00    no 0.67

                                                          NC
                     :::::<<<--<<<<<<_________>>>>>>-->>> CS
  patent_aligned   1 GGUCAGACCCUGGUCCGGGGCAAUGGGACCACUGUU 36 
                     GGUC :ACCCUGGUCCG GG AAUGGGACCACUGU:
  ind_0016_00040 147 GGUCGGACCCUGGUCCGCGGAAAUGGGACCACUGUC 182
                     ************************************ PP

>> ind_0016_00029  
 rank     E-value  score  bias mdl mdl from   mdl to       seq from      seq to       acc trunc   gc
 ----   --------- ------ ----- --- -------- --------    ----------- -----------      ---- ----- ----
  (8) !   5.2e-11   46.2   0.0  cm        1       36 []         147         182 + .. 1.00    no 0.64

                                                          NC
                     :::::<<<--<<<<<<_________>>>>>>-->>> CS
  patent_aligned   1 GGUCAGACCCUGGUCCGGGGCAAUGGGACCACUGUU 36 
                     GGUCAGACC UGG CCG GG AAUGGG CCACUGUU
  ind_0016_00029 147 GGUCAGACCUUGGCCCGCGGAAAUGGGGCCACUGUU 182
                     ************************************ PP

>> ind_0016_00001  
 rank     E-value  score  bias mdl mdl from   mdl to       seq from      seq to       acc trunc   gc
 ----   --------- ------ ----- --- -------- --------    ----------- -----------      ---- ----- ----
  (9) !   1.2e-10   44.9   0.0  cm        1       36 []         147         182 + .. 1.00    no 0.61

                                                          NC
                     :::::<<<--<<<<<<_________>>>>>>-->>> CS
  patent_aligned   1 GGUCAGACCCUGGUCCGGGGCAAUGGGACCACUGUU 36 
                     GGUC GACC UGGUCCG GG AAUGGGACCACUGUU
  ind_0016_00001 147 GGUCGGACCUUGGUCCGCGGAAAUGGGACCACUGUU 182
                     ************************************ PP

>> ind_0016_00002  
 rank     E-value  score  bias mdl mdl from   mdl to       seq from      seq to       acc trunc   gc
 ----   --------- ------ ----- --- -------- --------    ----------- -----------      ---- ----- ----
 (10) !   1.2e-10   44.9   0.0  cm        1       36 []         147         182 + .. 1.00    no 0.61

                                                          NC
                     :::::<<<--<<<<<<_________>>>>>>-->>> CS
  patent_aligned   1 GGUCAGACCCUGGUCCGGGGCAAUGGGACCACUGUU 36 
                     GGUC GACC UGGUCCG GG AAUGGGACCACUGUU
  ind_0016_00002 147 GGUCGGACCUUGGUCCGCGGAAAUGGGACCACUGUU 182
                     ************************************ PP

>> ind_0016_00006  
 rank     E-value  score  bias mdl mdl from   mdl to       seq from      seq to       acc trunc   gc
 ----   --------- ------ ----- --- -------- --------    ----------- -----------      ---- ----- ----
 (11) !   1.2e-10   44.9   0.0  cm        1       36 []         147         182 + .. 1.00    no 0.61

                                                          NC
                     :::::<<<--<<<<<<_________>>>>>>-->>> CS
  patent_aligned   1 GGUCAGACCCUGGUCCGGGGCAAUGGGACCACUGUU 36 
                     GGUC GACC UGGUCCG GG AAUGGGACCACUGUU
  ind_0016_00006 147 GGUCGGACCUUGGUCCGCGGAAAUGGGACCACUGUU 182
                     ************************************ PP

>> ind_0016_00008  
 rank     E-value  score  bias mdl mdl from   mdl to       seq from      seq to       acc trunc   gc
 ----   --------- ------ ----- --- -------- --------    ----------- -----------      ---- ----- ----
 (12) !   1.2e-10   44.9   0.0  cm        1       36 []         147         182 + .. 1.00    no 0.61

                                                          NC
                     :::::<<<--<<<<<<_________>>>>>>-->>> CS
  patent_aligned   1 GGUCAGACCCUGGUCCGGGGCAAUGGGACCACUGUU 36 
                     GGUC GACC UGGUCCG GG AAUGGGACCACUGUU
  ind_0016_00008 147 GGUCGGACCUUGGUCCGCGGAAAUGGGACCACUGUU 182
                     ************************************ PP

>> ind_0016_00011  
 rank     E-value  score  bias mdl mdl from   mdl to       seq from      seq to       acc trunc   gc
 ----   --------- ------ ----- --- -------- --------    ----------- -----------      ---- ----- ----
 (13) !   1.2e-10   44.9   0.0  cm        1       36 []         147         182 + .. 1.00    no 0.61

                                                          NC
                     :::::<<<--<<<<<<_________>>>>>>-->>> CS
  patent_aligned   1 GGUCAGACCCUGGUCCGGGGCAAUGGGACCACUGUU 36 
                     GGUC GACC UGGUCCG GG AAUGGGACCACUGUU
  ind_0016_00011 147 GGUCGGACCUUGGUCCGCGGAAAUGGGACCACUGUU 182
                     ************************************ PP

>> ind_0016_00013  
 rank     E-value  score  bias mdl mdl from   mdl to       seq from      seq to       acc trunc   gc
 ----   --------- ------ ----- --- -------- --------    ----------- -----------      ---- ----- ----
 (14) !   1.2e-10   44.9   0.0  cm        1       36 []         147         182 + .. 1.00    no 0.61

                                                          NC
                     :::::<<<--<<<<<<_________>>>>>>-->>> CS
  patent_aligned   1 GGUCAGACCCUGGUCCGGGGCAAUGGGACCACUGUU 36 
                     GGUC GACC UGGUCCG GG AAUGGGACCACUGUU
  ind_0016_00013 147 GGUCGGACCUUGGUCCGCGGAAAUGGGACCACUGUU 182
                     ************************************ PP

>> ind_0016_00024  
 rank     E-value  score  bias mdl mdl from   mdl to       seq from      seq to       acc trunc   gc
 ----   --------- ------ ----- --- -------- --------    ----------- -----------      ---- ----- ----
 (15) !   1.2e-10   44.9   0.0  cm        1       36 []         147         182 + .. 1.00    no 0.61

                                                          NC
                     :::::<<<--<<<<<<_________>>>>>>-->>> CS
  patent_aligned   1 GGUCAGACCCUGGUCCGGGGCAAUGGGACCACUGUU 36 
                     GGUC GACC UGGUCCG GG AAUGGGACCACUGUU
  ind_0016_00024 147 GGUCGGACCUUGGUCCGCGGAAAUGGGACCACUGUU 182
                     ************************************ PP

>> ind_0016_00025  
 rank     E-value  score  bias mdl mdl from   mdl to       seq from      seq to       acc trunc   gc
 ----   --------- ------ ----- --- -------- --------    ----------- -----------      ---- ----- ----
 (16) !   1.2e-10   44.9   0.0  cm        1       36 []         147         182 + .. 1.00    no 0.61

                                                          NC
                     :::::<<<--<<<<<<_________>>>>>>-->>> CS
  patent_aligned   1 GGUCAGACCCUGGUCCGGGGCAAUGGGACCACUGUU 36 
                     GGUC GACC UGGUCCG GG AAUGGGACCACUGUU
  ind_0016_00025 147 GGUCGGACCUUGGUCCGCGGAAAUGGGACCACUGUU 182
                     ************************************ PP

>> ind_0016_00027  
 rank     E-value  score  bias mdl mdl from   mdl to       seq from      seq to       acc trunc   gc
 ----   --------- ------ ----- --- -------- --------    ----------- -----------      ---- ----- ----
 (17) !   1.2e-10   44.9   0.0  cm        1       36 []         147         182 + .. 1.00    no 0.61

                                                          NC
                     :::::<<<--<<<<<<_________>>>>>>-->>> CS
  patent_aligned   1 GGUCAGACCCUGGUCCGGGGCAAUGGGACCACUGUU 36 
                     GGUC GACC UGGUCCG GG AAUGGGACCACUGUU
  ind_0016_00027 147 GGUCGGACCUUGGUCCGCGGAAAUGGGACCACUGUU 182
                     ************************************ PP

>> ind_0016_00038  
 rank     E-value  score  bias mdl mdl from   mdl to       seq from      seq to       acc trunc   gc
 ----   --------- ------ ----- --- -------- --------    ----------- -----------      ---- ----- ----
 (18) !   1.2e-10   44.9   0.0  cm        1       36 []         147         182 + .. 1.00    no 0.61

                                                          NC
                     :::::<<<--<<<<<<_________>>>>>>-->>> CS
  patent_aligned   1 GGUCAGACCCUGGUCCGGGGCAAUGGGACCACUGUU 36 
                     GGUC GACC UGGUCCG GG AAUGGGACCACUGUU
  ind_0016_00038 147 GGUCGGACCUUGGUCCGCGGAAAUGGGACCACUGUU 182
                     ************************************ PP

>> ind_0016_00039  
 rank     E-value  score  bias mdl mdl from   mdl to       seq from      seq to       acc trunc   gc
 ----   --------- ------ ----- --- -------- --------    ----------- -----------      ---- ----- ----
 (19) !   1.2e-10   44.9   0.0  cm        1       36 []         147         182 + .. 1.00    no 0.61

                                                          NC
                     :::::<<<--<<<<<<_________>>>>>>-->>> CS
  patent_aligned   1 GGUCAGACCCUGGUCCGGGGCAAUGGGACCACUGUU 36 
                     GGUC GACC UGGUCCG GG AAUGGGACCACUGUU
  ind_0016_00039 147 GGUCGGACCUUGGUCCGCGGAAAUGGGACCACUGUU 182
                     ************************************ PP

>> ind_0016_00017  
 rank     E-value  score  bias mdl mdl from   mdl to       seq from      seq to       acc trunc   gc
 ----   --------- ------ ----- --- -------- --------    ----------- -----------      ---- ----- ----
 (20) !   1.2e-10   44.9   0.0  cm        1       36 []         147         182 + .. 1.00    no 0.61

                                                          NC
                     :::::<<<--<<<<<<_________>>>>>>-->>> CS
  patent_aligned   1 GGUCAGACCCUGGUCCGGGGCAAUGGGACCACUGUU 36 
                     GGUC GAC CUGGUCCG GG AAUGGGACCACUGUU
  ind_0016_00017 147 GGUCGGACUCUGGUCCGCGGAAAUGGGACCACUGUU 182
                     ************************************ PP

>> ind_0016_00004  
 rank     E-value  score  bias mdl mdl from   mdl to       seq from      seq to       acc trunc   gc
 ----   --------- ------ ----- --- -------- --------    ----------- -----------      ---- ----- ----
 (21) !   1.2e-10   44.8   0.0  cm        1       36 []         147         182 + .. 1.00    no 0.61

                                                          NC
                     :::::<<<--<<<<<<_________>>>>>>-->>> CS
  patent_aligned   1 GGUCAGACCCUGGUCCGGGGCAAUGGGACCACUGUU 36 
                     GGUC GACC UGGUCCG GG AAUGGGACCACUGUU
  ind_0016_00004 147 GGUCGGACCUUGGUCCGUGGGAAUGGGACCACUGUU 182
                     ************************************ PP

>> ind_0016_00007  
 rank     E-value  score  bias mdl mdl from   mdl to       seq from      seq to       acc trunc   gc
 ----   --------- ------ ----- --- -------- --------    ----------- -----------      ---- ----- ----
 (22) !   1.2e-10   44.8   0.0  cm        1       36 []         147         182 + .. 1.00    no 0.61

                                                          NC
                     :::::<<<--<<<<<<_________>>>>>>-->>> CS
  patent_aligned   1 GGUCAGACCCUGGUCCGGGGCAAUGGGACCACUGUU 36 
                     GGUC GACC UGGUCCG GG AAUGGGACCACUGUU
  ind_0016_00007 147 GGUCGGACCUUGGUCCGUGGGAAUGGGACCACUGUU 182
                     ************************************ PP

>> ind_0016_00010  
 rank     E-value  score  bias mdl mdl from   mdl to       seq from      seq to       acc trunc   gc
 ----   --------- ------ ----- --- -------- --------    ----------- -----------      ---- ----- ----
 (23) !   1.2e-10   44.8   0.0  cm        1       36 []         147         182 + .. 1.00    no 0.61

                                                          NC
                     :::::<<<--<<<<<<_________>>>>>>-->>> CS
  patent_aligned   1 GGUCAGACCCUGGUCCGGGGCAAUGGGACCACUGUU 36 
                     GGUC GACC UGGUCCG GG AAUGGGACCACUGUU
  ind_0016_00010 147 GGUCGGACCUUGGUCCGUGGGAAUGGGACCACUGUU 182
                     ************************************ PP

>> ind_0016_00020  
 rank     E-value  score  bias mdl mdl from   mdl to       seq from      seq to       acc trunc   gc
 ----   --------- ------ ----- --- -------- --------    ----------- -----------      ---- ----- ----
 (24) !   1.2e-10   44.8   0.0  cm        1       36 []         147         182 + .. 1.00    no 0.61

                                                          NC
                     :::::<<<--<<<<<<_________>>>>>>-->>> CS
  patent_aligned   1 GGUCAGACCCUGGUCCGGGGCAAUGGGACCACUGUU 36 
                     GGUC GACC UGGUCCG GG AAUGGGACCACUGUU
  ind_0016_00020 147 GGUCGGACCUUGGUCCGUGGGAAUGGGACCACUGUU 182
                     ************************************ PP

>> ind_0016_00023  
 rank     E-value  score  bias mdl mdl from   mdl to       seq from      seq to       acc trunc   gc
 ----   --------- ------ ----- --- -------- --------    ----------- -----------      ---- ----- ----
 (25) !   1.6e-10   44.3   0.0  cm        1       36 []         147         182 + .. 1.00    no 0.67

                                                          NC
                     :::::<<<--<<<<<<_________>>>>>>-->>> CS
  patent_aligned   1 GGUCAGACCCUGGUCCGGGGCAAUGGGACCACUGUU 36 
                     GGUC GACC UGG CCG GGCAAUGGG CCACUGUU
  ind_0016_00023 147 GGUCGGACCUUGGUCCGCGGCAAUGGGGCCACUGUU 182
                     ************************************ PP

>> ind_0016_00009  
 rank     E-value  score  bias mdl mdl from   mdl to       seq from      seq to       acc trunc   gc
 ----   --------- ------ ----- --- -------- --------    ----------- -----------      ---- ----- ----
 (26) !   1.8e-10   44.1   0.0  cm        1       36 []         147         181 + .. 1.00    no 0.69

                          v                             v NC
                     :::::<<<--<<<<<<_________>>>>>>-->>> CS
  patent_aligned   1 GGUCAGACCCUGGUCCGGGGCAAUGGGACCACUGUU 36 
                     GGUC GACCCUGGUCCG GG AAUGGGACCACUGU 
  ind_0016_00009 147 GGUCGGACCCUGGUCCGCGGGAAUGGGACCACUGU- 181
                     ***********************************. PP

>> ind_0016_00022  
 rank     E-value  score  bias mdl mdl from   mdl to       seq from      seq to       acc trunc   gc
 ----   --------- ------ ----- --- -------- --------    ----------- -----------      ---- ----- ----
 (27) !   1.8e-10   44.1   0.0  cm        1       36 []         147         182 + .. 1.00    no 0.64

                                                          NC
                     :::::<<<--<<<<<<_________>>>>>>-->>> CS
  patent_aligned   1 GGUCAGACCCUGGUCCGGGGCAAUGGGACCACUGUU 36 
                     GGUC GACC UGGUCCG GG AAUGGGACCACUGUU
  ind_0016_00022 147 GGUCGGACCUUGGUCCGCGGGAAUGGGACCACUGUU 182
                     ************************************ PP

>> ind_0016_00026  
 rank     E-value  score  bias mdl mdl from   mdl to       seq from      seq to       acc trunc   gc
 ----   --------- ------ ----- --- -------- --------    ----------- -----------      ---- ----- ----
 (28) !   1.8e-10   44.1   0.0  cm        1       36 []         147         182 + .. 1.00    no 0.64

                                                          NC
                     :::::<<<--<<<<<<_________>>>>>>-->>> CS
  patent_aligned   1 GGUCAGACCCUGGUCCGGGGCAAUGGGACCACUGUU 36 
                     GGUC GACC UGGUCCG GG AAUGGGACCACUGUU
  ind_0016_00026 147 GGUCGGACCUUGGUCCGCGGGAAUGGGACCACUGUU 182
                     ************************************ PP

>> ind_0016_00032  
 rank     E-value  score  bias mdl mdl from   mdl to       seq from      seq to       acc trunc   gc
 ----   --------- ------ ----- --- -------- --------    ----------- -----------      ---- ----- ----
 (29) !   1.8e-10   44.1   0.0  cm        1       36 []         147         182 + .. 1.00    no 0.64

                                                          NC
                     :::::<<<--<<<<<<_________>>>>>>-->>> CS
  patent_aligned   1 GGUCAGACCCUGGUCCGGGGCAAUGGGACCACUGUU 36 
                     GGUC GACC UGGUCCG GG AAUGGGACCACUGUU
  ind_0016_00032 147 GGUCGGACCUUGGUCCGCGGGAAUGGGACCACUGUU 182
                     ************************************ PP

>> ind_0016_00048  
 rank     E-value  score  bias mdl mdl from   mdl to       seq from      seq to       acc trunc   gc
 ----   --------- ------ ----- --- -------- --------    ----------- -----------      ---- ----- ----
 (30) !   1.8e-10   44.1   0.0  cm        1       36 []         147         182 + .. 1.00    no 0.64

                                                          NC
                     :::::<<<--<<<<<<_________>>>>>>-->>> CS
  patent_aligned   1 GGUCAGACCCUGGUCCGGGGCAAUGGGACCACUGUU 36 
                     GGUC GACC UGGUCCG GG AAUGGGACCACUGUU
  ind_0016_00048 147 GGUCGGACCUUGGUCCGCGGGAAUGGGACCACUGUU 182
                     ************************************ PP

>> ind_0016_00047  
 rank     E-value  score  bias mdl mdl from   mdl to       seq from      seq to       acc trunc   gc
 ----   --------- ------ ----- --- -------- --------    ----------- -----------      ---- ----- ----
 (31) !   2.1e-10   43.9   0.0  cm        1       36 []         147         182 + .. 1.00    no 0.67

                                                          NC
                     :::::<<<--<<<<<<_________>>>>>>-->>> CS
  patent_aligned   1 GGUCAGACCCUGGUCCGGGGCAAUGGGACCACUGUU 36 
                     GGUC GACCCUGGUCCG GG AAUGGGACCAC GUU
  ind_0016_00047 147 GGUCUGACCCUGGUCCGCGGGAAUGGGACCACCGUU 182
                     ************************************ PP

>> ind_0016_00045  
 rank     E-value  score  bias mdl mdl from   mdl to       seq from      seq to       acc trunc   gc
 ----   --------- ------ ----- --- -------- --------    ----------- -----------      ---- ----- ----
 (32) !     5e-10   42.5   0.0  cm        1       36 []         147         182 + .. 1.00    no 0.64

                          v                             v NC
                     :::::<<<--<<<<<<_________>>>>>>-->>> CS
  patent_aligned   1 GGUCAGACCCUGGUCCGGGGCAAUGGGACCACUGUU 36 
                     GGUC  ACCCUGGUCCG GG AAUGGGACCACUGU 
  ind_0016_00045 147 GGUCGUACCCUGGUCCGCGGGAAUGGGACCACUGUU 182
                     ************************************ PP

>> ind_0016_00042  
 rank     E-value  score  bias mdl mdl from   mdl to       seq from      seq to       acc trunc   gc
 ----   --------- ------ ----- --- -------- --------    ----------- -----------      ---- ----- ----
 (33) !   5.1e-10   42.4   0.0  cm        1       36 []         147         180 + .. 1.00    no 0.68

                          vv                           vv NC
                     :::::<<<--<<<<<<_________>>>>>>-->>> CS
  patent_aligned   1 GGUCAGACCCUGGUCCGGGGCAAUGGGACCACUGUU 36 
                     GGUC GACC UGGUCCG GGCAAUGGGACCACUG  
  ind_0016_00042 147 GGUCGGACCAUGGUCCGCGGCAAUGGGACCACUG-- 180
                     **********************************.. PP

>> ind_0016_00019  
 rank     E-value  score  bias mdl mdl from   mdl to       seq from      seq to       acc trunc   gc
 ----   --------- ------ ----- --- -------- --------    ----------- -----------      ---- ----- ----
 (34) !   8.1e-10   41.7   0.0  cm        1       36 []         147         180 + .. 1.00    no 0.71

                          vv                           vv NC
                     :::::<<<--<<<<<<_________>>>>>>-->>> CS
  patent_aligned   1 GGUCAGACCCUGGUCCGGGGCAAUGGGACCACUGUU 36 
                     GGUC GACCCUGGUCCG GG AAUGGGACCACUG  
  ind_0016_00019 147 GGUCGGACCCUGGUCCGCGGGAAUGGGACCACUG-- 180
                     **********************************.. PP

>> ind_0016_00031  
 rank     E-value  score  bias mdl mdl from   mdl to       seq from      seq to       acc trunc   gc
 ----   --------- ------ ----- --- -------- --------    ----------- -----------      ---- ----- ----
 (35) !   1.8e-09   40.4   0.0  cm        1       36 []         147         182 + .. 1.00    no 0.58

                                                          NC
                     :::::<<<--<<<<<<_________>>>>>>-->>> CS
  patent_aligned   1 GGUCAGACCCUGGUCCGGGGCAAUGGGACCACUGUU 36 
                     GGUC GAC  UGGUCCG GG AAUGGGACCACUGUU
  ind_0016_00031 147 GGUCGGACUUUGGUCCGCGGAAAUGGGACCACUGUU 182
                     ************************************ PP

>> ind_0016_00049  
 rank     E-value  score  bias mdl mdl from   mdl to       seq from      seq to       acc trunc   gc
 ----   --------- ------ ----- --- -------- --------    ----------- -----------      ---- ----- ----
 (36) !   1.8e-09   40.4   0.0  cm        1       36 []         147         182 + .. 1.00    no 0.58

                                                          NC
                     :::::<<<--<<<<<<_________>>>>>>-->>> CS
  patent_aligned   1 GGUCAGACCCUGGUCCGGGGCAAUGGGACCACUGUU 36 
                     GGUC GAC  UGGUCCG GG AAUGGGACCACUGUU
  ind_0016_00049 147 GGUCGGACUUUGGUCCGCGGAAAUGGGACCACUGUU 182
                     ************************************ PP

>> ind_0016_00037  
 rank     E-value  score  bias mdl mdl from   mdl to       seq from      seq to       acc trunc   gc
 ----   --------- ------ ----- --- -------- --------    ----------- -----------      ---- ----- ----
 (37) !   2.8e-09   39.6   0.0  cm        1       36 []         147         182 + .. 1.00    no 0.61

                                                          NC
                     :::::<<<--<<<<<<_________>>>>>>-->>> CS
  patent_aligned   1 GGUCAGACCCUGGUCCGGGGCAAUGGGACCACUGUU 36 
                      GUC GACC UGGUCCG GG AAUGGGACCACUGUU
  ind_0016_00037 147 CGUCGGACCUUGGUCCGCGGAAAUGGGACCACUGUU 182
                     ************************************ PP

>> ind_0016_00028  
 rank     E-value  score  bias mdl mdl from   mdl to       seq from      seq to       acc trunc   gc
 ----   --------- ------ ----- --- -------- --------    ----------- -----------      ---- ----- ----
 (38) !   3.9e-09   39.1   0.0  cm        1       36 []         147         182 + .. 0.99    no 0.58

                                                          NC
                     :::::<<<--<<<<<<_________>>>>>>-->>> CS
  patent_aligned   1 GGUCAGACCCUGGUCCGGGGCAAUGGGACCACUGUU 36 
                     GGUC GACC UGGUCC  GG AAUGGGACCACUGUU
  ind_0016_00028 147 GGUCGGACCUUGGUCCUUGGGAAUGGGACCACUGUU 182
                     ************************************ PP

>> ind_0016_00005  
 rank     E-value  score  bias mdl mdl from   mdl to       seq from      seq to       acc trunc   gc
 ----   --------- ------ ----- --- -------- --------    ----------- -----------      ---- ----- ----
 (39) !   6.3e-09   38.4   0.0  cm        1       36 []         147         182 + .. 0.96    no 0.64

                                                          NC
                     :::::<<<--<<<<<<_________>>>>>>-->>> CS
  patent_aligned   1 GGUCAGACCCUGGUCCGGGGCAAUGGGACCACUGUU 36 
                     GGUC GACC UGGUCCG  G AAUGGGACCACUGUU
  ind_0016_00005 147 GGUCGGACCUUGGUCCGCCGGAAUGGGACCACUGUU 182
                     ****************87777*************** PP

>> ind_0016_00034  
 rank     E-value  score  bias mdl mdl from   mdl to       seq from      seq to       acc trunc   gc
 ----   --------- ------ ----- --- -------- --------    ----------- -----------      ---- ----- ----
 (40) !   1.5e-08   37.0   0.0  cm        1       36 []         147         182 + .. 1.00    no 0.58

                                   v           v          NC
                     :::::<<<--<<<<<<_________>>>>>>-->>> CS
  patent_aligned   1 GGUCAGACCCUGGUCCGGGGCAAUGGGACCACUGUU 36 
                     GGUC GAC CUGGU CG GG AAUGG ACCACUGUU
  ind_0016_00034 147 GGUCGGACUCUGGUCCGCGGAAAUGGAACCACUGUU 182
                     ************************************ PP

>> ind_0016_00014  
 rank     E-value  score  bias mdl mdl from   mdl to       seq from      seq to       acc trunc   gc
 ----   --------- ------ ----- --- -------- --------    ----------- -----------      ---- ----- ----
 (41) !   1.8e-08   36.6   0.0  cm        1       36 []         147         182 + .. 1.00    no 0.64

                                  v             v         NC
                     :::::<<<--<<<<<<_________>>>>>>-->>> CS
  patent_aligned   1 GGUCAGACCCUGGUCCGGGGCAAUGGGACCACUGUU 36 
                     GGUC GACC UGG CCG GG AAUGGG CCACUGUU
  ind_0016_00014 147 GGUCGGACCUUGGCCCGCGGAAAUGGGACCACUGUU 182
                     ************************************ PP

>> ind_0016_00018  
 rank     E-value  score  bias mdl mdl from   mdl to       seq from      seq to       acc trunc   gc
 ----   --------- ------ ----- --- -------- --------    ----------- -----------      ---- ----- ----
 (42) !   2.9e-08   35.9   0.0  cm        1       36 []         147         182 + .. 1.00    no 0.58

                                 v               v        NC
                     :::::<<<--<<<<<<_________>>>>>>-->>> CS
  patent_aligned   1 GGUCAGACCCUGGUCCGGGGCAAUGGGACCACUGUU 36 
                     GGUC GACC UG UCCG GG AAUGGGA CACUGUU
  ind_0016_00018 147 GGUCGGACCUUGGUCCGCGGAAAUGGGAACACUGUU 182
                     ************************************ PP

>> ind_0016_00012  
 rank     E-value  score  bias mdl mdl from   mdl to       seq from      seq to       acc trunc   gc
 ----   --------- ------ ----- --- -------- --------    ----------- -----------      ---- ----- ----
 (43) !   4.7e-08   35.1   0.0  cm        1       36 []         147         181 + .. 1.00    no 0.69

                          v     v                 v     v NC
                     :::::<<<--<<<<<<_________>>>>>>-->>> CS
  patent_aligned   1 GGUCAGACCCUGGUCCGGGGCAAUGGGACCACUGUU 36 
                     GGUC GACCCU GUCCG GG AAUGGGAC ACUGU 
  ind_0016_00012 147 GGUCGGACCCUCGUCCGCGGGAAUGGGACCACUGU- 181
                     ***********************************. PP

>> ind_0016_00036  
 rank     E-value  score  bias mdl mdl from   mdl to       seq from      seq to       acc trunc   gc
 ----   --------- ------ ----- --- -------- --------    ----------- -----------      ---- ----- ----
 (44) !   4.9e-08   35.0   0.0  cm        1       36 []         147         181 + .. 0.91    no 0.69

                          v                                 v NC
                     :::::<<<--<<<<<<________~~~~~>>>>>>-->>> CS
  patent_aligned   1 GGUCAGACCCUGGUCCGGGGCAAU*[1]*GGACCACUGUU 36 
                     GGUC GACCCUGGUCCG GG AA      GGACCACUGU 
  ind_0016_00036 147 GGUCGGACCCUGGUCCGCGGGAAC*[1]*GGACCACUGU- 181
                     ****************98876665..5..**********. PP

>> ind_0016_00035  
 rank     E-value  score  bias mdl mdl from   mdl to       seq from      seq to       acc trunc   gc
 ----   --------- ------ ----- --- -------- --------    ----------- -----------      ---- ----- ----
 (45) !   9.9e-08   33.8   0.0  cm        1       36 []         147         182 + .. 1.00    no 0.58

                                                          NC
                     :::::<<<--<<<<<<_________>>>>>>-->>> CS
  patent_aligned   1 GGUCAGACCCUGGUCCGGGGCAAUGGGACCACUGUU 36 
                     GGUC GAC  UGGUCC  GG AAUGGGACCACUGUU
  ind_0016_00035 147 GGUCGGACUGUGGUCCACGGAAAUGGGACCACUGUU 182
                     ************************************ PP

>> ind_0016_00033  
 rank     E-value  score  bias mdl mdl from   mdl to       seq from      seq to       acc trunc   gc
 ----   --------- ------ ----- --- -------- --------    ----------- -----------      ---- ----- ----
 (46) !   1.7e-07   32.9   0.0  cm        1       36 []         147         182 + .. 1.00    no 0.58

                           v                           v  NC
                     :::::<<<--<<<<<<_________>>>>>>-->>> CS
  patent_aligned   1 GGUCAGACCCUGGUCCGGGGCAAUGGGACCACUGUU 36 
                     GGUC G CC UGGUCCG GG AAU GGACCACUG U
  ind_0016_00033 147 GGUCGGUCCUUGGUCCGCGGAAAUAGGACCACUGUU 182
                     ************************************ PP

>> ind_0016_00016  
 rank     E-value  score  bias mdl mdl from   mdl to       seq from      seq to       acc trunc   gc
 ----   --------- ------ ----- --- -------- --------    ----------- -----------      ---- ----- ----
 (47) !     7e-06   26.9   0.0  cm        1       36 []         147         180 + .. 0.98    no 0.71

                          vv      v             v      vv NC
                     :::::<<<--<<<<<<_________>>>>>>-->>> CS
  patent_aligned   1 GGUCAGACCCUGGUCCGGGGCAAUGGGACCACUGUU 36 
                     GGUC GACCCUGG CCG  G AAUGGG CCACUG  
  ind_0016_00016 147 GGUCGGACCCUGGUCCGCAGGAAUGGGCCCACUG-- 180
                     ****************99999*************.. PP

>> ind_0016_00021  
 rank     E-value  score  bias mdl mdl from   mdl to       seq from      seq to       acc trunc   gc
 ----   --------- ------ ----- --- -------- --------    ----------- -----------      ---- ----- ----
 (48) !   1.8e-05   25.3   0.0  cm        1       36 []         147         182 + .. 0.90    no 0.67

                               v                   v      NC
                     :::::<<<--<<<<<<_________>>>>>>-->>> CS
  patent_aligned   1 GGUCAGACCCUGGUCCGGGGCAAUGGGACCACUGUU 36 
                     GGUC GACC  GGUCCG GG   UGGGACC CUGUU
  ind_0016_00021 147 GGUCGGACCUGGGUCCGCGGAUCUGGGACCACUGUU 182
                     ********9999****987755566*********** PP

>> ind_0016_00046  
 rank     E-value  score  bias mdl mdl from   mdl to       seq from      seq to       acc trunc   gc
 ----   --------- ------ ----- --- -------- --------    ----------- -----------      ---- ----- ----
 (49) !   2.8e-05   24.6   0.0  cm        1       36 []         147         180 + .. 1.00    no 0.68

                          vv   v v               v v   vv NC
                     :::::<<<--<<<<<<_________>>>>>>-->>> CS
  patent_aligned   1 GGUCAGACCCUGGUCCGGGGCAAUGGGACCACUGUU 36 
                     GGUC GACCC G UCCG GG AAUGGGA C CUG  
  ind_0016_00046 147 GGUCGGACCCUGGUCCGCGGGAAUGGGAACUCUG-- 180
                     **********************************.. PP

>> ind_0016_00043  
 rank     E-value  score  bias mdl mdl from   mdl to       seq from      seq to       acc trunc   gc
 ----   --------- ------ ----- --- -------- --------    ----------- -----------      ---- ----- ----
 (50) !   3.5e-05   24.2   0.0  cm        1       36 []         147         180 + .. 1.00    no 0.68

                          vv     vv             vv     vv NC
                     :::::<<<--<<<<<<_________>>>>>>-->>> CS
  patent_aligned   1 GGUCAGACCCUGGUCCGGGGCAAUGGGACCACUGUU 36 
                     GGUC GACC UG  CCG GGCAAUGGG  CACUG  
  ind_0016_00043 147 GGUCGGACCUUGCACCGCGGCAAUGGGACCACUG-- 180
                     **********************************.. PP

>> ind_0016_00047  
 rank     E-value  score  bias mdl mdl from   mdl to       seq from      seq to       acc trunc   gc
 ----   --------- ------ ----- --- -------- --------    ----------- -----------      ---- ----- ----
 (51) ?     0.038   12.8   0.0  cm        1       36 []         155         132 - .. 0.92    no 0.46

                                          NC
                     :::::<<<--~~~~~~->>> CS
  patent_aligned   1 GGUCAGACCC*[22]*UGUU 36 
                     GGUCAGACC       UGUU
  ind_0016_00047 155 GGUCAGACC-*[11]*UGUU 132
                     ********9....9..5*** PP

>> ind_0016_00000  
 rank     E-value  score  bias mdl mdl from   mdl to       seq from      seq to       acc trunc   gc
 ----   --------- ------ ----- --- -------- --------    ----------- -----------      ---- ----- ----
 (52) ?       0.2   10.1   0.0  cm        1       36 []         155         140 - .. 0.98    no 0.69

                                           NC
                     :::::<<<--~~~~~~-->>> CS
  patent_aligned   1 GGUCAGACCC*[21]*CUGUU 36 
                     GGUC :ACCC      CUGU:
  ind_0016_00000 155 GGUCCGACCC*[ 1]*CUGUC 140
                     **********...*..79*** PP

>> ind_0016_00015  
 rank     E-value  score  bias mdl mdl from   mdl to       seq from      seq to       acc trunc   gc
 ----   --------- ------ ----- --- -------- --------    ----------- -----------      ---- ----- ----
 (53) ?       0.2   10.1   0.0  cm        1       36 []         155         140 - .. 0.98    no 0.69

                                           NC
                     :::::<<<--~~~~~~-->>> CS
  patent_aligned   1 GGUCAGACCC*[21]*CUGUU 36 
                     GGUC :ACCC      CUGU:
  ind_0016_00015 155 GGUCCGACCC*[ 1]*CUGUC 140
                     **********...*..79*** PP

>> ind_0016_00044  
 rank     E-value  score  bias mdl mdl from   mdl to       seq from      seq to       acc trunc   gc
 ----   --------- ------ ----- --- -------- --------    ----------- -----------      ---- ----- ----
 (54) ?       0.2   10.1   0.0  cm        1       36 []         155         140 - .. 0.98    no 0.69

                                           NC
                     :::::<<<--~~~~~~-->>> CS
  patent_aligned   1 GGUCAGACCC*[21]*CUGUU 36 
                     GGUC :ACCC      CUGU:
  ind_0016_00044 155 GGUCCGACCC*[ 1]*CUGUC 140
                     **********...*..79*** PP

>> ind_0016_00026  
 rank     E-value  score  bias mdl mdl from   mdl to       seq from      seq to       acc trunc   gc
 ----   --------- ------ ----- --- -------- --------    ----------- -----------      ---- ----- ----
 (55) ?      0.22    9.9   0.0  cm        1       36 []         155         132 - .. 0.98    no 0.67

                                          NC
                     :::::<<<--~~~~~~->>> CS
  patent_aligned   1 GGUCAGACCC*[22]*UGUU 36 
                     GGUC GACCC      UGUU
  ind_0016_00026 155 GGUCCGACCC*[10]*UGUU 132
                     *********9...*..8*** PP

>> ind_0016_00026  
 rank     E-value  score  bias mdl mdl from   mdl to       seq from      seq to       acc trunc   gc
 ----   --------- ------ ----- --- -------- --------    ----------- -----------      ---- ----- ----
 (56) ?   1.8e+02   -1.0   0.0  cm        1       36 []         127         121 - .. 0.83    no 0.71

                                NC
                     ::::~~~~~~ CS
  patent_aligned   1 GGUC*[32]* 36 
                     GGUC      
  ind_0016_00026 127 GGUC*[ 3]* 121
                     ***8...7.. PP

>> ind_0016_00018  
 rank     E-value  score  bias mdl mdl from   mdl to       seq from      seq to       acc trunc   gc
 ----   --------- ------ ----- --- -------- --------    ----------- -----------      ---- ----- ----
 (57) ?   7.3e+02   -3.3   0.0  cm        1       12 [~         188         197 + .~ 0.90    3' 0.60

                          ?    ??       NC
                     :::::<<<--<<~~~~~~ CS
  patent_aligned   1 GGUCAGACCCUG*[24]> 36 
                      GUCA   CCUG      
  ind_0016_00018 188 CGUCAU--CCUG*[ 0]> 197
                     ****95..99**...... PP



Internal CM pipeline statistics summary:
----------------------------------------
Query model(s):                                                  1  (36 consensus positions)
Target sequences:                                               50  (19700 residues searched)
Target sequences re-searched for truncated hits:                50  (10200 residues re-searched)
Windows   passing  local HMM SSV           filter:             275  (0.5462); expected (0.35)
Windows   passing  local HMM Viterbi       filter:                  (off)
Windows   passing  local HMM Viterbi  bias filter:                  (off)
Windows   passing  local HMM Forward       filter:             134  (0.2779); expected (0.02)
Windows   passing  local HMM Forward  bias filter:             134  (0.2779); expected (0.02)
Windows   passing glocal HMM Forward       filter:              98  (0.2406); expected (0.02)
Windows   passing glocal HMM Forward  bias filter:              98  (0.2406); expected (0.02)
Envelopes passing glocal HMM envelope defn filter:              98  (0.139); expected (0.02)
Envelopes passing  local CM  CYK           filter:              94  (0.1311); expected (0.0001)
Total CM hits reported:                                         57  (0.06388); includes 1 truncated hit(s)

# CPU time: 0.40u 0.00s 00:00:00.40 Elapsed: 00:00:00.41
# Alignment of 50 hits satisfying inclusion thresholds saved to: optimization_a7/38gen/_workspace/cmsearch_logs/gen_0016/patent_cmsearch.sto
//
[ok]
