# cmsearch :: search CM(s) against a sequence database
# INFERNAL 1.1.5 (Sep 2023)
# Copyright (C) 2023 Howard Hughes Medical Institute.
# Freely distributed under the BSD open source license.
# - - - - - - - - - - - - - - - - - - - - - - - - - - - - - - - - - - - -
# query CM file:                         A7_analysis/patent.cm
# target sequence database:              /tmp/tmpsauij939/queries.fa
# output directed to file:               optimization_a7/38gen/_workspace/cmsearch_logs/gen_0008/patent_cmsearch.out
# MSA of significant hits saved to file: optimization_a7/38gen/_workspace/cmsearch_logs/gen_0008/patent_cmsearch.sto
# tabular output of hits:                optimization_a7/38gen/_workspace/cmsearch_logs/gen_0008/patent_cmsearch.tblout
# max ASCII text line length:            unlimited
# sequence reporting threshold:          E-value <= 1000
# number of worker threads:              4
# - - - - - - - - - - - - - - - - - - - - - - - - - - - - - - - - - - - -

Query:       patent_aligned  [CLEN=36]
Hit scores:
 rank     E-value  score  bias  sequence        start    end   mdl trunc   gc  description
 ----   --------- ------ -----  -------------- ------ ------   --- ----- ----  -----------
  (1) !   1.1e-12   52.5   0.0  ind_0008_00031    147    182 +  cm    no 0.56  -
  (2) !   3.5e-12   50.6   0.0  ind_0008_00044    147    182 +  cm    no 0.64  -
  (3) !   3.7e-12   50.5   0.0  ind_0008_00024    147    182 +  cm    no 0.64  -
  (4) !   5.7e-12   49.8   0.0  ind_0008_00010    147    180 +  cm    no 0.68  -
  (5) !   7.9e-12   49.3   0.0  ind_0008_00000    147    182 +  cm    no 0.56  -
  (6) !   7.9e-12   49.3   0.0  ind_0008_00001    147    182 +  cm    no 0.56  -
  (7) !   7.9e-12   49.3   0.0  ind_0008_00002    147    182 +  cm    no 0.56  -
  (8) !   7.9e-12   49.3   0.0  ind_0008_00003    147    182 +  cm    no 0.56  -
  (9) !   7.9e-12   49.3   0.0  ind_0008_00013    147    182 +  cm    no 0.56  -
 (10) !   7.9e-12   49.3   0.0  ind_0008_00026    147    182 +  cm    no 0.56  -
 (11) !   2.1e-11   47.7   0.0  ind_0008_00040    147    182 +  cm    no 0.56  -
 (12) !   5.1e-11   46.2   0.0  ind_0008_00030    147    182 +  cm    no 0.58  -
 (13) !   1.5e-10   44.5   0.0  ind_0008_00047    147    182 +  cm    no 0.58  -
 (14) !   1.6e-10   44.4   0.0  ind_0008_00032    147    182 +  cm    no 0.64  -
 (15) !   1.9e-10   44.0   0.0  ind_0008_00004    147    179 +  cm    no 0.67  -
 (16) !   2.2e-10   43.8   0.0  ind_0008_00045    147    182 +  cm    no 0.58  -
 (17) !   2.3e-10   43.8   0.0  ind_0008_00037    147    182 +  cm    no 0.53  -
 (18) !   2.7e-10   43.5   0.0  ind_0008_00014    147    180 +  cm    no 0.68  -
 (19) !     5e-10   42.5   0.0  ind_0008_00008    147    182 +  cm    no 0.58  -
 (20) !   8.1e-10   41.7   0.0  ind_0008_00009    147    180 +  cm    no 0.71  -
 (21) !   8.1e-10   41.7   0.0  ind_0008_00012    147    180 +  cm    no 0.71  -
 (22) !   9.8e-10   41.4   0.0  ind_0008_00011    147    182 +  cm    no 0.61  -
 (23) !   1.4e-09   40.8   0.0  ind_0008_00048    147    182 +  cm    no 0.58  -
 (24) !   1.5e-09   40.7   0.0  ind_0008_00029    147    180 +  cm    no 0.68  -
 (25) !   1.6e-09   40.6   0.0  ind_0008_00019    147    182 +  cm    no 0.58  -
 (26) !   2.1e-09   40.2   0.0  ind_0008_00046    147    180 +  cm    no 0.65  -
 (27) !   3.5e-09   39.3   0.0  ind_0008_00036    147    180 +  cm    no 0.68  -
 (28) !   3.5e-09   39.3   0.0  ind_0008_00035    147    182 +  cm    no 0.56  -
 (29) !     5e-09   38.7   0.0  ind_0008_00020    147    180 +  cm    no 0.62  -
 (30) !   5.5e-09   38.6   0.0  ind_0008_00028    147    180 +  cm    no 0.65  -
 (31) !   8.6e-09   37.8   0.0  ind_0008_00022    147    180 +  cm    no 0.59  -
 (32) !     1e-08   37.5   0.0  ind_0008_00021    147    182 +  cm    no 0.61  -
 (33) !   1.2e-08   37.3   0.0  ind_0008_00007    147    179 +  cm    no 0.67  -
 (34) !   1.5e-08   37.0   0.0  ind_0008_00015    147    182 +  cm    no 0.64  -
 (35) !   1.6e-08   36.8   0.0  ind_0008_00025    147    182 +  cm    no 0.64  -
 (36) !     2e-08   36.5   0.0  ind_0008_00038    147    182 +  cm    no 0.67  -
 (37) !   2.2e-08   36.3   0.0  ind_0008_00027    147    182 +  cm    no 0.58  -
 (38) !   2.9e-08   35.9   0.0  ind_0008_00041    147    179 +  cm    no 0.76  -
 (39) !   7.2e-08   34.3   0.0  ind_0008_00042    147    182 +  cm    no 0.56  -
 (40) !     9e-08   34.0   0.0  ind_0008_00049    147    180 +  cm    no 0.59  -
 (41) !   1.2e-07   33.5   0.0  ind_0008_00039    147    179 +  cm    no 0.70  -
 (42) !   1.8e-07   32.9   0.0  ind_0008_00034    147    182 +  cm    no 0.50  -
 (43) !   2.6e-07   32.3   0.0  ind_0008_00043    147    182 +  cm    no 0.64  -
 (44) !   2.9e-07   32.1   0.0  ind_0008_00033    147    180 +  cm    no 0.71  -
 (45) !   4.2e-07   31.5   0.0  ind_0008_00016    147    180 +  cm    no 0.65  -
 (46) !   4.5e-07   31.4   0.0  ind_0008_00018    147    183 +  cm    no 0.57  -
 (47) !   9.5e-07   30.1   0.0  ind_0008_00006    147    182 +  cm    no 0.58  -
 (48) !   1.4e-06   29.5   0.0  ind_0008_00005    147    179 +  cm    no 0.70  -
 (49) !   4.5e-06   27.6   0.0  ind_0008_00023    147    179 +  cm    no 0.70  -
 (50) !   0.00015   21.9   0.0  ind_0008_00017    147    182 +  cm    no 0.56  -
 ------ inclusion threshold ------
 (51) ?     0.087   11.4   0.0  ind_0008_00034    187    152 -  cm    no 0.53  -


Hit alignments:
>> ind_0008_00031  
 rank     E-value  score  bias mdl mdl from   mdl to       seq from      seq to       acc trunc   gc
 ----   --------- ------ ----- --- -------- --------    ----------- -----------      ---- ----- ----
  (1) !   1.1e-12   52.5   0.0  cm        1       36 []         147         182 + .. 1.00    no 0.56

                                    v         v           NC
                     :::::<<<--<<<<<<_________>>>>>>-->>> CS
  patent_aligned   1 GGUCAGACCCUGGUCCGGGGCAAUGGGACCACUGUU 36 
                     GGUCAGACCCUGGUC GGGG AAUG GACCACUGUU
  ind_0008_00031 147 GGUCAGACCCUGGUCUGGGGAAAUGUGACCACUGUU 182
                     ************************************ PP

>> ind_0008_00044  
 rank     E-value  score  bias mdl mdl from   mdl to       seq from      seq to       acc trunc   gc
 ----   --------- ------ ----- --- -------- --------    ----------- -----------      ---- ----- ----
  (2) !   3.5e-12   50.6   0.0  cm        1       36 []         147         182 + .. 1.00    no 0.64

                                                          NC
                     :::::<<<--<<<<<<_________>>>>>>-->>> CS
  patent_aligned   1 GGUCAGACCCUGGUCCGGGGCAAUGGGACCACUGUU 36 
                     GG CAGA CCUGGUCCGGGGCA UGGGACCACU UU
  ind_0008_00044 147 GGACAGAGCCUGGUCCGGGGCAUUGGGACCACUCUU 182
                     ************************************ PP

>> ind_0008_00024  
 rank     E-value  score  bias mdl mdl from   mdl to       seq from      seq to       acc trunc   gc
 ----   --------- ------ ----- --- -------- --------    ----------- -----------      ---- ----- ----
  (3) !   3.7e-12   50.5   0.0  cm        1       36 []         147         182 + .. 1.00    no 0.64

                                   v           v          NC
                     :::::<<<--<<<<<<_________>>>>>>-->>> CS
  patent_aligned   1 GGUCAGACCCUGGUCCGGGGCAAUGGGACCACUGUU 36 
                     GGUCAGACCCUGGU CGGGG AAUGG ACCACUGUU
  ind_0008_00024 147 GGUCAGACCCUGGUCCGGGGGAAUGGCACCACUGUU 182
                     ************************************ PP

>> ind_0008_00010  
 rank     E-value  score  bias mdl mdl from   mdl to       seq from      seq to       acc trunc   gc
 ----   --------- ------ ----- --- -------- --------    ----------- -----------      ---- ----- ----
  (4) !   5.7e-12   49.8   0.0  cm        1       36 []         147         180 + .. 1.00    no 0.68

                          vv                           vv NC
                     :::::<<<--<<<<<<_________>>>>>>-->>> CS
  patent_aligned   1 GGUCAGACCCUGGUCCGGGGCAAUGGGACCACUGUU 36 
                     G UCAGACCCUGGUCCGGGGCAA GGGACCACUG  
  ind_0008_00010 147 GUUCAGACCCUGGUCCGGGGCAACGGGACCACUG-- 180
                     **********************************.. PP

>> ind_0008_00000  
 rank     E-value  score  bias mdl mdl from   mdl to       seq from      seq to       acc trunc   gc
 ----   --------- ------ ----- --- -------- --------    ----------- -----------      ---- ----- ----
  (5) !   7.9e-12   49.3   0.0  cm        1       36 []         147         182 + .. 1.00    no 0.56

                                                          NC
                     :::::<<<--<<<<<<_________>>>>>>-->>> CS
  patent_aligned   1 GGUCAGACCCUGGUCCGGGGCAAUGGGACCACUGUU 36 
                     GGUCA:ACC UGGUCCGGGG AA GGGACCACUGU:
  ind_0008_00000 147 GGUCAAACCUUGGUCCGGGGAAAAGGGACCACUGUU 182
                     ************************************ PP

>> ind_0008_00001  
 rank     E-value  score  bias mdl mdl from   mdl to       seq from      seq to       acc trunc   gc
 ----   --------- ------ ----- --- -------- --------    ----------- -----------      ---- ----- ----
  (6) !   7.9e-12   49.3   0.0  cm        1       36 []         147         182 + .. 1.00    no 0.56

                                                          NC
                     :::::<<<--<<<<<<_________>>>>>>-->>> CS
  patent_aligned   1 GGUCAGACCCUGGUCCGGGGCAAUGGGACCACUGUU 36 
                     GGUCA:ACC UGGUCCGGGG AA GGGACCACUGU:
  ind_0008_00001 147 GGUCAAACCUUGGUCCGGGGAAAAGGGACCACUGUU 182
                     ************************************ PP

>> ind_0008_00002  
 rank     E-value  score  bias mdl mdl from   mdl to       seq from      seq to       acc trunc   gc
 ----   --------- ------ ----- --- -------- --------    ----------- -----------      ---- ----- ----
  (7) !   7.9e-12   49.3   0.0  cm        1       36 []         147         182 + .. 1.00    no 0.56

                                                          NC
                     :::::<<<--<<<<<<_________>>>>>>-->>> CS
  patent_aligned   1 GGUCAGACCCUGGUCCGGGGCAAUGGGACCACUGUU 36 
                     GGUCA:ACC UGGUCCGGGG AA GGGACCACUGU:
  ind_0008_00002 147 GGUCAAACCUUGGUCCGGGGAAAAGGGACCACUGUU 182
                     ************************************ PP

>> ind_0008_00003  
 rank     E-value  score  bias mdl mdl from   mdl to       seq from      seq to       acc trunc   gc
 ----   --------- ------ ----- --- -------- --------    ----------- -----------      ---- ----- ----
  (8) !   7.9e-12   49.3   0.0  cm        1       36 []         147         182 + .. 1.00    no 0.56

                                                          NC
                     :::::<<<--<<<<<<_________>>>>>>-->>> CS
  patent_aligned   1 GGUCAGACCCUGGUCCGGGGCAAUGGGACCACUGUU 36 
                     GGUCA:ACC UGGUCCGGGG AA GGGACCACUGU:
  ind_0008_00003 147 GGUCAAACCUUGGUCCGGGGAAAAGGGACCACUGUU 182
                     ************************************ PP

>> ind_0008_00013  
 rank     E-value  score  bias mdl mdl from   mdl to       seq from      seq to       acc trunc   gc
 ----   --------- ------ ----- --- -------- --------    ----------- -----------      ---- ----- ----
  (9) !   7.9e-12   49.3   0.0  cm        1       36 []         147         182 + .. 1.00    no 0.56

                                                          NC
                     :::::<<<--<<<<<<_________>>>>>>-->>> CS
  patent_aligned   1 GGUCAGACCCUGGUCCGGGGCAAUGGGACCACUGUU 36 
                     GGUCA:ACC UGGUCCGGGG AA GGGACCACUGU:
  ind_0008_00013 147 GGUCAAACCUUGGUCCGGGGAAAAGGGACCACUGUU 182
                     ************************************ PP

>> ind_0008_00026  
 rank     E-value  score  bias mdl mdl from   mdl to       seq from      seq to       acc trunc   gc
 ----   --------- ------ ----- --- -------- --------    ----------- -----------      ---- ----- ----
 (10) !   7.9e-12   49.3   0.0  cm        1       36 []         147         182 + .. 1.00    no 0.56

                                                          NC
                     :::::<<<--<<<<<<_________>>>>>>-->>> CS
  patent_aligned   1 GGUCAGACCCUGGUCCGGGGCAAUGGGACCACUGUU 36 
                     GGUCA:ACC UGGUCCGGGG AA GGGACCACUGU:
  ind_0008_00026 147 GGUCAAACCUUGGUCCGGGGAAAAGGGACCACUGUU 182
                     ************************************ PP

>> ind_0008_00040  
 rank     E-value  score  bias mdl mdl from   mdl to       seq from      seq to       acc trunc   gc
 ----   --------- ------ ----- --- -------- --------    ----------- -----------      ---- ----- ----
 (11) !   2.1e-11   47.7   0.0  cm        1       36 []         147         182 + .. 1.00    no 0.56

                                                          NC
                     :::::<<<--<<<<<<_________>>>>>>-->>> CS
  patent_aligned   1 GGUCAGACCCUGGUCCGGGGCAAUGGGACCACUGUU 36 
                     GGUCA:ACC UGGUCCG GG AAUGGGACCACUGU:
  ind_0008_00040 147 GGUCAAACCUUGGUCCGCGGAAAUGGGACCACUGUU 182
                     ************************************ PP

>> ind_0008_00030  
 rank     E-value  score  bias mdl mdl from   mdl to       seq from      seq to       acc trunc   gc
 ----   --------- ------ ----- --- -------- --------    ----------- -----------      ---- ----- ----
 (12) !   5.1e-11   46.2   0.0  cm        1       36 []         147         182 + .. 1.00    no 0.58

                                                          NC
                     :::::<<<--<<<<<<_________>>>>>>-->>> CS
  patent_aligned   1 GGUCAGACCCUGGUCCGGGGCAAUGGGACCACUGUU 36 
                     GGUCAGACCCUGGUC GGGG AAUG GACCA  GUU
  ind_0008_00030 147 GGUCAGACCCUGGUCUGGGGAAAUGGGACCAUCGUU 182
                     ************************************ PP

>> ind_0008_00047  
 rank     E-value  score  bias mdl mdl from   mdl to       seq from      seq to       acc trunc   gc
 ----   --------- ------ ----- --- -------- --------    ----------- -----------      ---- ----- ----
 (13) !   1.5e-10   44.5   0.0  cm        1       36 []         147         182 + .. 0.99    no 0.58

                               v                   v      NC
                     :::::<<<--<<<<<<_________>>>>>>-->>> CS
  patent_aligned   1 GGUCAGACCCUGGUCCGGGGCAAUGGGACCACUGUU 36 
                     GGUCA:ACC  GGUCCGGGG AAUGGGACC CUGU:
  ind_0008_00047 147 GGUCAAACCUGGGUCCGGGGAAAUGGGACCACUGUU 182
                     ********9999************************ PP

>> ind_0008_00032  
 rank     E-value  score  bias mdl mdl from   mdl to       seq from      seq to       acc trunc   gc
 ----   --------- ------ ----- --- -------- --------    ----------- -----------      ---- ----- ----
 (14) !   1.6e-10   44.4   0.0  cm        1       36 []         147         182 + .. 1.00    no 0.64

                                   v           v          NC
                     :::::<<<--<<<<<<_________>>>>>>-->>> CS
  patent_aligned   1 GGUCAGACCCUGGUCCGGGGCAAUGGGACCACUGUU 36 
                     GGU AGACCCUGGU CGGGG AAUGG ACCACUGUU
  ind_0008_00032 147 GGUGAGACCCUGGUCCGGGGGAAUGGCACCACUGUU 182
                     ************************************ PP

>> ind_0008_00004  
 rank     E-value  score  bias mdl mdl from   mdl to       seq from      seq to       acc trunc   gc
 ----   --------- ------ ----- --- -------- --------    ----------- -----------      ---- ----- ----
 (15) !   1.9e-10   44.0   0.0  cm        1       36 []         147         179 + .. 1.00    no 0.67

                          vvv                         vvv NC
                     :::::<<<--<<<<<<_________>>>>>>-->>> CS
  patent_aligned   1 GGUCAGACCCUGGUCCGGGGCAAUGGGACCACUGUU 36 
                     GGUCAGACCCUGGU CGGGG AAUGG ACCACU   
  ind_0008_00004 147 GGUCAGACCCUGGUGCGGGGGAAUGGCACCACU--- 179
                     *********************************... PP

>> ind_0008_00045  
 rank     E-value  score  bias mdl mdl from   mdl to       seq from      seq to       acc trunc   gc
 ----   --------- ------ ----- --- -------- --------    ----------- -----------      ---- ----- ----
 (16) !   2.2e-10   43.8   0.0  cm        1       36 []         147         182 + .. 1.00    no 0.58

                                                          NC
                     :::::<<<--<<<<<<_________>>>>>>-->>> CS
  patent_aligned   1 GGUCAGACCCUGGUCCGGGGCAAUGGGACCACUGUU 36 
                     GGU AGACC UGGUC GGGG AAUG GACCACUGUU
  ind_0008_00045 147 GGUGAGACCUUGGUCUGGGGGAAUGGGACCACUGUU 182
                     ************************************ PP

>> ind_0008_00037  
 rank     E-value  score  bias mdl mdl from   mdl to       seq from      seq to       acc trunc   gc
 ----   --------- ------ ----- --- -------- --------    ----------- -----------      ---- ----- ----
 (17) !   2.3e-10   43.8   0.0  cm        1       36 []         147         182 + .. 0.98    no 0.53

                                                          NC
                     :::::<<<--<<<<<<_________>>>>>>-->>> CS
  patent_aligned   1 GGUCAGACCCUGGUCCGGGGCAAUGGGACCACUGUU 36 
                     GGUCA:ACC UGGUCCGGG  AA GGGACCACUGU:
  ind_0008_00037 147 GGUCAAACCUUGGUCCGGGUAAAAGGGACCACUGUU 182
                     *****************99999999*********** PP

>> ind_0008_00014  
 rank     E-value  score  bias mdl mdl from   mdl to       seq from      seq to       acc trunc   gc
 ----   --------- ------ ----- --- -------- --------    ----------- -----------      ---- ----- ----
 (18) !   2.7e-10   43.5   0.0  cm        1       36 []         147         180 + .. 1.00    no 0.68

                          vv                           vv NC
                     :::::<<<--<<<<<<_________>>>>>>-->>> CS
  patent_aligned   1 GGUCAGACCCUGGUCCGGGGCAAUGGGACCACUGUU 36 
                     G UCAGACCCUGGUCC GGGCAA GGGACCACUG  
  ind_0008_00014 147 GUUCAGACCCUGGUCCCGGGCAACGGGACCACUG-- 180
                     **********************************.. PP

>> ind_0008_00008  
 rank     E-value  score  bias mdl mdl from   mdl to       seq from      seq to       acc trunc   gc
 ----   --------- ------ ----- --- -------- --------    ----------- -----------      ---- ----- ----
 (19) !     5e-10   42.5   0.0  cm        1       36 []         147         182 + .. 1.00    no 0.58

                                    v         v           NC
                     :::::<<<--<<<<<<_________>>>>>>-->>> CS
  patent_aligned   1 GGUCAGACCCUGGUCCGGGGCAAUGGGACCACUGUU 36 
                     G UCAGACCCUGGUC GGGG AA G GACCACUGUU
  ind_0008_00008 147 GUUCAGACCCUGGUCCGGGGAAACGUGACCACUGUU 182
                     ************************************ PP

>> ind_0008_00009  
 rank     E-value  score  bias mdl mdl from   mdl to       seq from      seq to       acc trunc   gc
 ----   --------- ------ ----- --- -------- --------    ----------- -----------      ---- ----- ----
 (20) !   8.1e-10   41.7   0.0  cm        1       36 []         147         180 + .. 1.00    no 0.71

                          vv                           vv NC
                     :::::<<<--<<<<<<_________>>>>>>-->>> CS
  patent_aligned   1 GGUCAGACCCUGGUCCGGGGCAAUGGGACCACUGUU 36 
                     GGUC GACCCUGGUCCG GG AAUGGGACCACUG  
  ind_0008_00009 147 GGUCGGACCCUGGUCCGCGGGAAUGGGACCACUG-- 180
                     **********************************.. PP

>> ind_0008_00012  
 rank     E-value  score  bias mdl mdl from   mdl to       seq from      seq to       acc trunc   gc
 ----   --------- ------ ----- --- -------- --------    ----------- -----------      ---- ----- ----
 (21) !   8.1e-10   41.7   0.0  cm        1       36 []         147         180 + .. 1.00    no 0.71

                          vv                           vv NC
                     :::::<<<--<<<<<<_________>>>>>>-->>> CS
  patent_aligned   1 GGUCAGACCCUGGUCCGGGGCAAUGGGACCACUGUU 36 
                     GGUC GACCCUGGUCCG GG AAUGGGACCACUG  
  ind_0008_00012 147 GGUCGGACCCUGGUCCGCGGGAAUGGGACCACUG-- 180
                     **********************************.. PP

>> ind_0008_00011  
 rank     E-value  score  bias mdl mdl from   mdl to       seq from      seq to       acc trunc   gc
 ----   --------- ------ ----- --- -------- --------    ----------- -----------      ---- ----- ----
 (22) !   9.8e-10   41.4   0.0  cm        1       36 []         147         182 + .. 1.00    no 0.61

                                v                 v       NC
                     :::::<<<--<<<<<<_________>>>>>>-->>> CS
  patent_aligned   1 GGUCAGACCCUGGUCCGGGGCAAUGGGACCACUGUU 36 
                     GG CAGA CCU GUCCGGGGCA UGGGAC ACU UU
  ind_0008_00011 147 GGACAGAGCCUUGUCCGGGGCAUUGGGACCACUCUU 182
                     ************************************ PP

>> ind_0008_00048  
 rank     E-value  score  bias mdl mdl from   mdl to       seq from      seq to       acc trunc   gc
 ----   --------- ------ ----- --- -------- --------    ----------- -----------      ---- ----- ----
 (23) !   1.4e-09   40.8   0.0  cm        1       36 []         147         182 + .. 1.00    no 0.58

                                                          NC
                     :::::<<<--<<<<<<_________>>>>>>-->>> CS
  patent_aligned   1 GGUCAGACCCUGGUCCGGGGCAAUGGGACCACUGUU 36 
                     GG CAGA  CUGGUCCGGGGCA UGGGACCA U UU
  ind_0008_00048 147 GGACAGAGUCUGGUCCGGGGCAUUGGGACCAAUCUU 182
                     ************************************ PP

>> ind_0008_00029  
 rank     E-value  score  bias mdl mdl from   mdl to       seq from      seq to       acc trunc   gc
 ----   --------- ------ ----- --- -------- --------    ----------- -----------      ---- ----- ----
 (24) !   1.5e-09   40.7   0.0  cm        1       36 []         147         180 + .. 0.96    no 0.68

                          vv                             vv NC
                     :::::<<<--<<<<<<______~~~~~>>>>>>-->>> CS
  patent_aligned   1 GGUCAGACCCUGGUCCGGGGCA*[3]*GGACCACUGUU 36 
                     G UCAGACCCUGGUCCGGGGCA     GGACCACUG  
  ind_0008_00029 147 GUUCAGACCCUGGUCCGGGGCA*[3]*GGACCACUG-- 180
                     ********************98..6..*********.. PP

>> ind_0008_00019  
 rank     E-value  score  bias mdl mdl from   mdl to       seq from      seq to       acc trunc   gc
 ----   --------- ------ ----- --- -------- --------    ----------- -----------      ---- ----- ----
 (25) !   1.6e-09   40.6   0.0  cm        1       36 []         147         182 + .. 1.00    no 0.58

                                   v           v          NC
                     :::::<<<--<<<<<<_________>>>>>>-->>> CS
  patent_aligned   1 GGUCAGACCCUGGUCCGGGGCAAUGGGACCACUGUU 36 
                     GGUCAGA C UGGU CGGGG AAUGG ACCACU UU
  ind_0008_00019 147 GGUCAGAUCUUGGUCCGGGGGAAUGGCACCACUGUU 182
                     ************************************ PP

>> ind_0008_00046  
 rank     E-value  score  bias mdl mdl from   mdl to       seq from      seq to       acc trunc   gc
 ----   --------- ------ ----- --- -------- --------    ----------- -----------      ---- ----- ----
 (26) !   2.1e-09   40.2   0.0  cm        1       36 []         147         180 + .. 1.00    no 0.65

                          vv                           vv NC
                     :::::<<<--<<<<<<_________>>>>>>-->>> CS
  patent_aligned   1 GGUCAGACCCUGGUCCGGGGCAAUGGGACCACUGUU 36 
                     GGUCA ACCCUGGUCCGGGG AAUGGGACCA  G  
  ind_0008_00046 147 GGUCAAACCCUGGUCCGGGGGAAUGGGACCAACG-- 180
                     **********************************.. PP

>> ind_0008_00036  
 rank     E-value  score  bias mdl mdl from   mdl to       seq from      seq to       acc trunc   gc
 ----   --------- ------ ----- --- -------- --------    ----------- -----------      ---- ----- ----
 (27) !   3.5e-09   39.3   0.0  cm        1       36 []         147         180 + .. 1.00    no 0.68

                          vv                           vv NC
                     :::::<<<--<<<<<<_________>>>>>>-->>> CS
  patent_aligned   1 GGUCAGACCCUGGUCCGGGGCAAUGGGACCACUGUU 36 
                     GGUCA ACCCUGGU CGGGG AAUGG ACCAC G  
  ind_0008_00036 147 GGUCAAACCCUGGUGCGGGGGAAUGGCACCACCG-- 180
                     **********************************.. PP

>> ind_0008_00035  
 rank     E-value  score  bias mdl mdl from   mdl to       seq from      seq to       acc trunc   gc
 ----   --------- ------ ----- --- -------- --------    ----------- -----------      ---- ----- ----
 (28) !   3.5e-09   39.3   0.0  cm        1       36 []         147         182 + .. 0.99    no 0.56

                               v                   v      NC
                     :::::<<<--<<<<<<_________>>>>>>-->>> CS
  patent_aligned   1 GGUCAGACCCUGGUCCGGGGCAAUGGGACCACUGUU 36 
                     GGUCA:ACC  GGUCCGGGG AA GGGACC CUGU:
  ind_0008_00035 147 GGUCAAACCUAGGUCCGGGGAAAAGGGACCACUGUU 182
                     ************************************ PP

>> ind_0008_00020  
 rank     E-value  score  bias mdl mdl from   mdl to       seq from      seq to       acc trunc   gc
 ----   --------- ------ ----- --- -------- --------    ----------- -----------      ---- ----- ----
 (29) !     5e-09   38.7   0.0  cm        1       36 []         147         180 + .. 1.00    no 0.62

                          vv        v         v        vv NC
                     :::::<<<--<<<<<<_________>>>>>>-->>> CS
  patent_aligned   1 GGUCAGACCCUGGUCCGGGGCAAUGGGACCACUGUU 36 
                     GGUCAGACCCUGGUC G GG AAUG GACCACUG  
  ind_0008_00020 147 GGUCAGACCCUGGUCCGUGGAAAUGCGACCACUG-- 180
                     **********************************.. PP

>> ind_0008_00028  
 rank     E-value  score  bias mdl mdl from   mdl to       seq from      seq to       acc trunc   gc
 ----   --------- ------ ----- --- -------- --------    ----------- -----------      ---- ----- ----
 (30) !   5.5e-09   38.6   0.0  cm        1       36 []         147         180 + .. 1.00    no 0.65

                          vv     v               v     vv NC
                     :::::<<<--<<<<<<_________>>>>>>-->>> CS
  patent_aligned   1 GGUCAGACCCUGGUCCGGGGCAAUGGGACCACUGUU 36 
                     GGUCAGACCCU  UCCGGGG AAUGGGA  ACUG  
  ind_0008_00028 147 GGUCAGACCCUGGUCCGGGGGAAUGGGAGUACUG-- 180
                     **********************************.. PP

>> ind_0008_00022  
 rank     E-value  score  bias mdl mdl from   mdl to       seq from      seq to       acc trunc   gc
 ----   --------- ------ ----- --- -------- --------    ----------- -----------      ---- ----- ----
 (31) !   8.6e-09   37.8   0.0  cm        1       36 []         147         180 + .. 1.00    no 0.59

                          vv                           vv NC
                     :::::<<<--<<<<<<_________>>>>>>-->>> CS
  patent_aligned   1 GGUCAGACCCUGGUCCGGGGCAAUGGGACCACUGUU 36 
                     GG CAGACCCUGGU  G GGCAAUG  ACCACUG  
  ind_0008_00022 147 GGACAGACCCUGGUUUGUGGCAAUGGGACCACUG-- 180
                     **********************************.. PP

>> ind_0008_00021  
 rank     E-value  score  bias mdl mdl from   mdl to       seq from      seq to       acc trunc   gc
 ----   --------- ------ ----- --- -------- --------    ----------- -----------      ---- ----- ----
 (32) !     1e-08   37.5   0.0  cm        1       36 []         147         182 + .. 1.00    no 0.61

                           v    v                 v    v  NC
                     :::::<<<--<<<<<<_________>>>>>>-->>> CS
  patent_aligned   1 GGUCAGACCCUGGUCCGGGGCAAUGGGACCACUGUU 36 
                     GGUCA: CCCU GUCCGGGG AA GGGAC ACUG :
  ind_0008_00021 147 GGUCAAACCCUCGUCCGGGGAAAAGGGACCACUGCU 182
                     ************************************ PP

>> ind_0008_00007  
 rank     E-value  score  bias mdl mdl from   mdl to       seq from      seq to       acc trunc   gc
 ----   --------- ------ ----- --- -------- --------    ----------- -----------      ---- ----- ----
 (33) !   1.2e-08   37.3   0.0  cm        1       36 []         147         179 + .. 1.00    no 0.67

                          vvv                         vvv NC
                     :::::<<<--<<<<<<_________>>>>>>-->>> CS
  patent_aligned   1 GGUCAGACCCUGGUCCGGGGCAAUGGGACCACUGUU 36 
                     GGUC GA CCUGGUCCG GG AAUGGGACCACU   
  ind_0008_00007 147 GGUCGGAACCUGGUCCGCGGGAAUGGGACCACU--- 179
                     *********************************... PP

>> ind_0008_00015  
 rank     E-value  score  bias mdl mdl from   mdl to       seq from      seq to       acc trunc   gc
 ----   --------- ------ ----- --- -------- --------    ----------- -----------      ---- ----- ----
 (34) !   1.5e-08   37.0   0.0  cm        1       36 []         147         182 + .. 1.00    no 0.64

                            v     v             v     v   NC
                     :::::<<<--<<<<<<_________>>>>>>-->>> CS
  patent_aligned   1 GGUCAGACCCUGGUCCGGGGCAAUGGGACCACUGUU 36 
                     GG CAGA CCUGG CCGGGGCA UGGG CCACU UU
  ind_0008_00015 147 GGACAGACCCUGGACCGGGGCAUUGGGACCACUCUU 182
                     ************************************ PP

>> ind_0008_00025  
 rank     E-value  score  bias mdl mdl from   mdl to       seq from      seq to       acc trunc   gc
 ----   --------- ------ ----- --- -------- --------    ----------- -----------      ---- ----- ----
 (35) !   1.6e-08   36.8   0.0  cm        1       36 []         147         182 + .. 1.00    no 0.64

                                   v           v          NC
                     :::::<<<--<<<<<<_________>>>>>>-->>> CS
  patent_aligned   1 GGUCAGACCCUGGUCCGGGGCAAUGGGACCACUGUU 36 
                     GGUC GACC UGGU CGGGGCA UGG ACCAC GUU
  ind_0008_00025 147 GGUCUGACCUUGGUCCGGGGCAUUGGCACCACCGUU 182
                     ************************************ PP

>> ind_0008_00038  
 rank     E-value  score  bias mdl mdl from   mdl to       seq from      seq to       acc trunc   gc
 ----   --------- ------ ----- --- -------- --------    ----------- -----------      ---- ----- ----
 (36) !     2e-08   36.5   0.0  cm        1       36 []         147         182 + .. 1.00    no 0.67

                                   v           v          NC
                     :::::<<<--<<<<<<_________>>>>>>-->>> CS
  patent_aligned   1 GGUCAGACCCUGGUCCGGGGCAAUGGGACCACUGUU 36 
                     GGUC GACC UGGU CGGGGCA UGG ACCAC GUU
  ind_0008_00038 147 GGUCUGACCUUGGUCCGGGGCACUGGCACCACCGUU 182
                     ************************************ PP

>> ind_0008_00027  
 rank     E-value  score  bias mdl mdl from   mdl to       seq from      seq to       acc trunc   gc
 ----   --------- ------ ----- --- -------- --------    ----------- -----------      ---- ----- ----
 (37) !   2.2e-08   36.3   0.0  cm        1       36 []         147         182 + .. 1.00    no 0.58

                                   vv         vv          NC
                     :::::<<<--<<<<<<_________>>>>>>-->>> CS
  patent_aligned   1 GGUCAGACCCUGGUCCGGGGCAAUGGGACCACUGUU 36 
                     GGUCAGA CCUGGU  GGGG AAUG  ACCACU UU
  ind_0008_00027 147 GGUCAGAUCCUGGUCCGGGGGAAUGUCACCACUGUU 182
                     ************************************ PP

>> ind_0008_00041  
 rank     E-value  score  bias mdl mdl from   mdl to       seq from      seq to       acc trunc   gc
 ----   --------- ------ ----- --- -------- --------    ----------- -----------      ---- ----- ----
 (38) !   2.9e-08   35.9   0.0  cm        1       36 []         147         179 + .. 0.99    no 0.76

                          vvv                         vvv NC
                     :::::<<<--<<<<<<_________>>>>>>-->>> CS
  patent_aligned   1 GGUCAGACCCUGGUCCGGGGCAAUGGGACCACUGUU 36 
                     GG CA ACCCUGGUCCGGGGC  UGGGACCACU   
  ind_0008_00041 147 GGGCACACCCUGGUCCGGGGCGCUGGGACCACU--- 179
                     *********************99**********... PP

>> ind_0008_00042  
 rank     E-value  score  bias mdl mdl from   mdl to       seq from      seq to       acc trunc   gc
 ----   --------- ------ ----- --- -------- --------    ----------- -----------      ---- ----- ----
 (39) !   7.2e-08   34.3   0.0  cm        1       36 []         147         182 + .. 0.95    no 0.56

                            v                         v   NC
                     :::::<<<--<<<<<<____~~~~~>>>>>>-->>> CS
  patent_aligned   1 GGUCAGACCCUGGUCCGGGG*[5]*GGACCACUGUU 36 
                     GGUCAGA CCU GUCCGGGG     GGAC ACU UU
  ind_0008_00042 147 GGUCAGACCCUGGUCCGGGG*[5]*GGACUACUCUU 182
                     *******************8..7..*********** PP

>> ind_0008_00049  
 rank     E-value  score  bias mdl mdl from   mdl to       seq from      seq to       acc trunc   gc
 ----   --------- ------ ----- --- -------- --------    ----------- -----------      ---- ----- ----
 (40) !     9e-08   34.0   0.0  cm        1       36 []         147         180 + .. 0.95    no 0.59

                          vv                            vv NC
                     :::::<<<--<<<<<<_____.____>>>>>>-->>> CS
  patent_aligned   1 GGUCAGACCCUGGUCCGGGGC.AAUGGGACCACUGUU 36 
                     GGUCAGACC UGGUC   GGC AAUG GACCACUG  
  ind_0008_00049 147 GGUCAGACCUUGGUCUU-GGCgAAUGGGACCACUG-- 180
                     ***************95.6799*************.. PP

>> ind_0008_00039  
 rank     E-value  score  bias mdl mdl from   mdl to       seq from      seq to       acc trunc   gc
 ----   --------- ------ ----- --- -------- --------    ----------- -----------      ---- ----- ----
 (41) !   1.2e-07   33.5   0.0  cm        1       36 []         147         179 + .. 0.92    no 0.70

                          vvv                             vvv NC
                     :::::<<<--<<<<<<________~~~~~>>>>>>-->>> CS
  patent_aligned   1 GGUCAGACCCUGGUCCGGGGCAAU*[1]*GGACCACUGUU 36 
                     GGUCAGACCCUGGU CGGGG A U     G ACCACU   
  ind_0008_00039 147 GGUCAGACCCUGGUGCGGGGGAGU*[1]*GCACCACU--- 179
                     *******************96655..5..********... PP

>> ind_0008_00034  
 rank     E-value  score  bias mdl mdl from   mdl to       seq from      seq to       acc trunc   gc
 ----   --------- ------ ----- --- -------- --------    ----------- -----------      ---- ----- ----
 (42) !   1.8e-07   32.9   0.0  cm        1       36 []         147         182 + .. 1.00    no 0.50

                                                          NC
                     :::::<<<--<<<<<<_________>>>>>>-->>> CS
  patent_aligned   1 GGUCAGACCCUGGUCCGGGGCAAUGGGACCACUGUU 36 
                     GGUCA:AC  UGGUCCG GG AA GGGACCA UGU:
  ind_0008_00034 147 GGUCAAACAUUGGUCCGAGGAAAAGGGACCAGUGUU 182
                     ************************************ PP

>> ind_0008_00043  
 rank     E-value  score  bias mdl mdl from   mdl to       seq from      seq to       acc trunc   gc
 ----   --------- ------ ----- --- -------- --------    ----------- -----------      ---- ----- ----
 (43) !   2.6e-07   32.3   0.0  cm        1       36 []         147         182 + .. 1.00    no 0.64

                            v      v           v      v   NC
                     :::::<<<--<<<<<<_________>>>>>>-->>> CS
  patent_aligned   1 GGUCAGACCCUGGUCCGGGGCAAUGGGACCACUGUU 36 
                     GG CAGA  CUGGU CGGGGCA UGG ACCACU UU
  ind_0008_00043 147 GGCCAGAGACUGGUCCGGGGCAUUGGCACCACUGUU 182
                     ************************************ PP

>> ind_0008_00033  
 rank     E-value  score  bias mdl mdl from   mdl to       seq from      seq to       acc trunc   gc
 ----   --------- ------ ----- --- -------- --------    ----------- -----------      ---- ----- ----
 (44) !   2.9e-07   32.1   0.0  cm        1       36 []         147         180 + .. 1.00    no 0.71

                          vv        v         v        vv NC
                     :::::<<<--<<<<<<_________>>>>>>-->>> CS
  patent_aligned   1 GGUCAGACCCUGGUCCGGGGCAAUGGGACCACUGUU 36 
                     GGUC GACCCUGGUC G GG AAUG GACCACUG  
  ind_0008_00033 147 GGUCGGACCCUGGUCCGCGGGAAUGCGACCACUG-- 180
                     **********************************.. PP

>> ind_0008_00016  
 rank     E-value  score  bias mdl mdl from   mdl to       seq from      seq to       acc trunc   gc
 ----   --------- ------ ----- --- -------- --------    ----------- -----------      ---- ----- ----
 (45) !   4.2e-07   31.5   0.0  cm        1       36 []         147         180 + .. 0.94    no 0.65

                          vv        v          v        vv NC
                     :::::<<<--<<<<<<_____.____>>>>>>-->>> CS
  patent_aligned   1 GGUCAGACCCUGGUCCGGGGC.AAUGGGACCACUGUU 36 
                     G UCAGACCCUGGUC G GGC AA G GACCACUG  
  ind_0008_00016 147 GUUCAGACCCUGGUCCG-GGCgAACGUGACCACUG-- 180
                     ***************85.6788*************.. PP

>> ind_0008_00018  
 rank     E-value  score  bias mdl mdl from   mdl to       seq from      seq to       acc trunc   gc
 ----   --------- ------ ----- --- -------- --------    ----------- -----------      ---- ----- ----
 (46) !   4.5e-07   31.4   0.0  cm        1       36 []         147         183 + .. 0.98    no 0.57

                            v                          v   NC
                     :::::<<<--<<<<<<_________>>>>>>.-->>> CS
  patent_aligned   1 GGUCAGACCCUGGUCCGGGGCAAUGGGACCA.CUGUU 36 
                     GGUCA:A CCUGGU CGGGG AAUGG ACCA C  U:
  ind_0008_00018 147 GGUCAAACCCUGGUGCGGGGGAAUGGCACCAaCAAUU 183
                     ******************************87***** PP

>> ind_0008_00006  
 rank     E-value  score  bias mdl mdl from   mdl to       seq from      seq to       acc trunc   gc
 ----   --------- ------ ----- --- -------- --------    ----------- -----------      ---- ----- ----
 (47) !   9.5e-07   30.1   0.0  cm        1       36 []         147         182 + .. 1.00    no 0.58

                                   vv         vv          NC
                     :::::<<<--<<<<<<_________>>>>>>-->>> CS
  patent_aligned   1 GGUCAGACCCUGGUCCGGGGCAAUGGGACCACUGUU 36 
                     GG CAGAC  UGGU  GGGGCA UG  ACCACUGUU
  ind_0008_00006 147 GGCCAGACUUUGGUCCGGGGCAUUGACACCACUGUU 182
                     ************************************ PP

>> ind_0008_00005  
 rank     E-value  score  bias mdl mdl from   mdl to       seq from      seq to       acc trunc   gc
 ----   --------- ------ ----- --- -------- --------    ----------- -----------      ---- ----- ----
 (48) !   1.4e-06   29.5   0.0  cm        1       36 []         147         179 + .. 1.00    no 0.70

                          vvv   v                 v   vvv NC
                     :::::<<<--<<<<<<_________>>>>>>-->>> CS
  patent_aligned   1 GGUCAGACCCUGGUCCGGGGCAAUGGGACCACUGUU 36 
                     GGUCAGACCCU GU CGGGG A UGG AC ACU   
  ind_0008_00005 147 GGUCAGACCCUGGUGCGGGGGAGUGGCACGACU--- 179
                     *********************************... PP

>> ind_0008_00023  
 rank     E-value  score  bias mdl mdl from   mdl to       seq from      seq to       acc trunc   gc
 ----   --------- ------ ----- --- -------- --------    ----------- -----------      ---- ----- ----
 (49) !   4.5e-06   27.6   0.0  cm        1       36 []         147         179 + .. 0.90    no 0.70

                          vvv      vv         vv      vvv NC
                     :::::<<<--<<<<<<_________>>>>>>-->>> CS
  patent_aligned   1 GGUCAGACCCUGGUCCGGGGCAAUGGGACCACUGUU 36 
                     GGUCAGACCCUGGU  GGGGC  UG  ACCACU   
  ind_0008_00023 147 GGUCAGACCCUGGUCGGGGGCGUUGGCACCACU--- 179
                     **************7677788778888******... PP

>> ind_0008_00017  
 rank     E-value  score  bias mdl mdl from   mdl to       seq from      seq to       acc trunc   gc
 ----   --------- ------ ----- --- -------- --------    ----------- -----------      ---- ----- ----
 (50) !   0.00015   21.9   0.0  cm        1       36 []         147         182 + .. 1.00    no 0.56

                            v                         v   NC
                     :::::<<<--<<<<<<_________>>>>>>-->>> CS
  patent_aligned   1 GGUCAGACCCUGGUCCGGGGCAAUGGGACCACUGUU 36 
                     G U A:A C UGGUC GGGG A UG GACCACU U:
  ind_0008_00017 147 GCUGAAAGCUUGGUCUGGGGAAGUGGGACCACUGUU 182
                     ************************************ PP

>> ind_0008_00034  
 rank     E-value  score  bias mdl mdl from   mdl to       seq from      seq to       acc trunc   gc
 ----   --------- ------ ----- --- -------- --------    ----------- -----------      ---- ----- ----
 (51) ?     0.087   11.4   0.0  cm        1       36 []         187         152 - .. 0.99    no 0.53

                                                      NC
                     :::::<<<--<<<<<<~~~~~>>>>>>-->>> CS
  patent_aligned   1 GGUCAGACCCUGGUCC*[9]*GGACCACUGUU 36 
                      G  A:AC CUGGUCC     GGACCA UGU:
  ind_0008_00034 187 CGCGAAACACUGGUCC*[9]*GGACCAAUGUU 152
                     ***************9..*..9********** PP



Internal CM pipeline statistics summary:
----------------------------------------
Query model(s):                                                  1  (36 consensus positions)
Target sequences:                                               50  (19700 residues searched)
Target sequences re-searched for truncated hits:                50  (10200 residues re-searched)
Windows   passing  local HMM SSV           filter:             218  (0.4388); expected (0.35)
Windows   passing  local HMM Viterbi       filter:                  (off)
Windows   passing  local HMM Viterbi  bias filter:                  (off)
Windows   passing  local HMM Forward       filter:             115  (0.2085); expected (0.02)
Windows   passing  local HMM Forward  bias filter:             114  (0.2053); expected (0.02)
Windows   passing glocal HMM Forward       filter:              63  (0.1385); expected (0.02)
Windows   passing glocal HMM Forward  bias filter:              63  (0.1385); expected (0.02)
Envelopes passing glocal HMM envelope defn filter:              63  (0.08144); expected (0.02)
Envelopes passing  local CM  CYK           filter:              61  (0.07913); expected (0.0001)
Total CM hits reported:                                         51  (0.05997); includes 0 truncated hit(s)

# CPU time: 0.13u 0.00s 00:00:00.13 Elapsed: 00:00:00.14
# Alignment of 50 hits satisfying inclusion thresholds saved to: optimization_a7/38gen/_workspace/cmsearch_logs/gen_0008/patent_cmsearch.sto
//
[ok]
