# cmsearch :: search CM(s) against a sequence database
# INFERNAL 1.1.5 (Sep 2023)
# Copyright (C) 2023 Howard Hughes Medical Institute.
# Freely distributed under the BSD open source license.
# - - - - - - - - - - - - - - - - - - - - - - - - - - - - - - - - - - - -
# query CM file:                         A7_analysis/patent.cm
# target sequence database:              /tmp/tmp6fwnni4d/queries.fa
# output directed to file:               optimization_a7/100gen/_workspace/cmsearch_logs/gen_0041/patent_cmsearch.out
# MSA of significant hits saved to file: optimization_a7/100gen/_workspace/cmsearch_logs/gen_0041/patent_cmsearch.sto
# tabular output of hits:                optimization_a7/100gen/_workspace/cmsearch_logs/gen_0041/patent_cmsearch.tblout
# max ASCII text line length:            unlimited
# sequence reporting threshold:          E-value <= 1000
# number of worker threads:              4
# - - - - - - - - - - - - - - - - - - - - - - - - - - - - - - - - - - - -

Query:       patent_aligned  [CLEN=36]
Hit scores:
 rank     E-value  score  bias  sequence        start    end   mdl trunc   gc  description
 ----   --------- ------ -----  -------------- ------ ------   --- ----- ----  -----------
  (1) !   5.4e-09   38.6   0.0  ind_0041_00012    147    182 +  cm    no 0.72  -
  (2) !   5.4e-09   38.6   0.0  ind_0041_00021    147    182 +  cm    no 0.72  -
  (3) !   6.2e-09   38.4   0.0  ind_0041_00027    147    182 +  cm    no 0.69  -
  (4) !   1.8e-08   36.6   0.0  ind_0041_00032    147    182 +  cm    no 0.69  -
  (5) !   8.7e-08   34.1   0.0  ind_0041_00005    147    182 +  cm    no 0.75  -
  (6) !   1.4e-07   33.2   0.0  ind_0041_00000    147    182 +  cm    no 0.69  -
  (7) !   1.4e-07   33.2   0.0  ind_0041_00015    147    182 +  cm    no 0.69  -
  (8) !   1.4e-07   33.2   0.0  ind_0041_00031    147    182 +  cm    no 0.69  -
  (9) !   4.7e-07   31.3   0.0  ind_0041_00001    147    182 +  cm    no 0.67  -
 (10) !   4.7e-07   31.3   0.0  ind_0041_00002    147    182 +  cm    no 0.67  -
 (11) !   4.7e-07   31.3   0.0  ind_0041_00003    147    182 +  cm    no 0.67  -
 (12) !   4.7e-07   31.3   0.0  ind_0041_00004    147    182 +  cm    no 0.67  -
 (13) !   4.7e-07   31.3   0.0  ind_0041_00007    147    182 +  cm    no 0.67  -
 (14) !   4.7e-07   31.3   0.0  ind_0041_00008    147    182 +  cm    no 0.67  -
 (15) !   4.7e-07   31.3   0.0  ind_0041_00010    147    182 +  cm    no 0.67  -
 (16) !   4.7e-07   31.3   0.0  ind_0041_00013    147    182 +  cm    no 0.67  -
 (17) !   4.7e-07   31.3   0.0  ind_0041_00014    147    182 +  cm    no 0.67  -
 (18) !   4.7e-07   31.3   0.0  ind_0041_00017    147    182 +  cm    no 0.67  -
 (19) !   4.7e-07   31.3   0.0  ind_0041_00019    147    182 +  cm    no 0.67  -
 (20) !   4.7e-07   31.3   0.0  ind_0041_00020    147    182 +  cm    no 0.67  -
 (21) !   4.7e-07   31.3   0.0  ind_0041_00024    147    182 +  cm    no 0.67  -
 (22) !   4.7e-07   31.3   0.0  ind_0041_00042    147    182 +  cm    no 0.67  -
 (23) !   4.7e-07   31.3   0.0  ind_0041_00046    147    182 +  cm    no 0.67  -
 (24) !   4.7e-07   31.3   0.0  ind_0041_00049    147    182 +  cm    no 0.67  -
 (25) !   3.2e-06   28.2   0.0  ind_0041_00022    147    182 +  cm    no 0.67  -
 (26) !   3.2e-06   28.2   0.0  ind_0041_00045    147    182 +  cm    no 0.67  -
 (27) !   5.2e-06   27.4   0.0  ind_0041_00037    147    182 +  cm    no 0.64  -
 (28) !   7.2e-06   26.8   0.0  ind_0041_00016    147    182 +  cm    no 0.64  -
 (29) !   7.8e-06   26.7   0.0  ind_0041_00035    147    182 +  cm    no 0.64  -
 (30) !   9.5e-06   26.4   0.0  ind_0041_00018    147    182 +  cm    no 0.64  -
 (31) !   1.2e-05   25.9   0.0  ind_0041_00039    147    182 +  cm    no 0.64  -
 (32) !   1.3e-05   25.9   0.0  ind_0041_00040    147    182 +  cm    no 0.64  -
 (33) !   1.3e-05   25.9   0.0  ind_0041_00043    147    182 +  cm    no 0.64  -
 (34) !   1.3e-05   25.9   0.0  ind_0041_00038    147    182 +  cm    no 0.64  -
 (35) !   1.5e-05   25.7   0.0  ind_0041_00009    147    182 +  cm    no 0.69  -
 (36) !   1.5e-05   25.7   0.0  ind_0041_00011    147    182 +  cm    no 0.69  -
 (37) !   1.8e-05   25.3   0.0  ind_0041_00036    147    182 +  cm    no 0.67  -
 (38) !   4.1e-05   24.0   0.0  ind_0041_00026    147    182 +  cm    no 0.69  -
 (39) !   5.7e-05   23.4   0.0  ind_0041_00033    147    182 +  cm    no 0.61  -
 (40) !   0.00013   22.1   0.0  ind_0041_00048    147    181 +  cm    no 0.66  -
 (41) !   0.00013   22.0   0.0  ind_0041_00025    147    182 +  cm    no 0.67  -
 (42) !   0.00013   22.0   0.0  ind_0041_00034    147    182 +  cm    no 0.67  -
 (43) !   0.00039   20.3   0.0  ind_0041_00044    147    182 +  cm    no 0.67  -
 (44) !   0.00046   20.0   0.0  ind_0041_00029    147    182 +  cm    no 0.69  -
 (45) !   0.00085   19.0   0.0  ind_0041_00041    147    182 +  cm    no 0.67  -
 (46) !    0.0013   18.3   0.0  ind_0041_00028    147    182 +  cm    no 0.64  -
 (47) !    0.0014   18.2   0.0  ind_0041_00030    147    182 +  cm    no 0.64  -
 (48) !    0.0033   16.8   0.0  ind_0041_00006    147    182 +  cm    no 0.61  -
 ------ inclusion threshold ------
 (49) ?     0.014   14.5   0.0  ind_0041_00047    147    182 +  cm    no 0.58  -
 (50) ?     0.032   13.1   0.0  ind_0041_00027    155    119 -  cm    no 0.43  -
 (51) ?     0.032   13.1   0.0  ind_0041_00021    155    119 -  cm    no 0.43  -
 (52) ?     0.081   11.6   0.0  ind_0041_00044    155    119 -  cm    no 0.43  -
 (53) ?     0.084   11.5   0.0  ind_0041_00012    155    119 -  cm    no 0.41  -
 (54) ?      0.14   10.6   0.0  ind_0041_00008    155    119 -  cm    no 0.49  -
 (55) ?      0.14   10.6   0.0  ind_0041_00004    155    119 -  cm    no 0.49  -
 (56) ?      0.14   10.6   0.0  ind_0041_00042    155    119 -  cm    no 0.49  -
 (57) ?      0.14   10.6   0.0  ind_0041_00031    155    119 -  cm    no 0.49  -
 (58) ?      0.14   10.6   0.0  ind_0041_00000    155    119 -  cm    no 0.46  -
 (59) ?      0.14   10.6   0.0  ind_0041_00003    155    119 -  cm    no 0.46  -
 (60) ?      0.14   10.6   0.0  ind_0041_00023    155    119 -  cm    no 0.46  -
 (61) ?      0.14   10.6   0.0  ind_0041_00024    155    119 -  cm    no 0.46  -
 (62) ?      0.14   10.6   0.0  ind_0041_00032    155    119 -  cm    no 0.46  -
 (63) ?      0.14   10.6   0.0  ind_0041_00034    155    119 -  cm    no 0.46  -
 (64) ?      0.14   10.6   0.0  ind_0041_00025    155    119 -  cm    no 0.46  -
 (65) ?      0.14   10.6   0.0  ind_0041_00010    155    119 -  cm    no 0.46  -
 (66) ?      0.14   10.6   0.0  ind_0041_00041    155    119 -  cm    no 0.46  -
 (67) ?      0.15   10.6   0.0  ind_0041_00013    155    119 -  cm    no 0.49  -
 (68) ?      0.29    9.5   0.0  ind_0041_00023    147    180 +  cm    no 0.68  -
 (69) ?        80    0.3   0.0  ind_0041_00008    108    101 -  cm    no 0.75  -


Hit alignments:
>> ind_0041_00012  
 rank     E-value  score  bias mdl mdl from   mdl to       seq from      seq to       acc trunc   gc
 ----   --------- ------ ----- --- -------- --------    ----------- -----------      ---- ----- ----
  (1) !   5.4e-09   38.6   0.0  cm        1       36 []         147         182 + .. 1.00    no 0.72

                                                          NC
                     :::::<<<--<<<<<<_________>>>>>>-->>> CS
  patent_aligned   1 GGUCAGACCCUGGUCCGGGGCAAUGGGACCACUGUU 36 
                     GGUC GACCC GG CC  GGCAA GGG CC CUGUU
  ind_0041_00012 147 GGUCUGACCCCGGCCCAAGGCAACGGGGCCGCUGUU 182
                     ************************************ PP

>> ind_0041_00021  
 rank     E-value  score  bias mdl mdl from   mdl to       seq from      seq to       acc trunc   gc
 ----   --------- ------ ----- --- -------- --------    ----------- -----------      ---- ----- ----
  (2) !   5.4e-09   38.6   0.0  cm        1       36 []         147         182 + .. 1.00    no 0.72

                                                          NC
                     :::::<<<--<<<<<<_________>>>>>>-->>> CS
  patent_aligned   1 GGUCAGACCCUGGUCCGGGGCAAUGGGACCACUGUU 36 
                     GGUC GACCC GG CC  GGCAA GGG CC CUGUU
  ind_0041_00021 147 GGUCUGACCCCGGCCCAAGGCAACGGGGCCGCUGUU 182
                     ************************************ PP

>> ind_0041_00027  
 rank     E-value  score  bias mdl mdl from   mdl to       seq from      seq to       acc trunc   gc
 ----   --------- ------ ----- --- -------- --------    ----------- -----------      ---- ----- ----
  (3) !   6.2e-09   38.4   0.0  cm        1       36 []         147         182 + .. 1.00    no 0.69

                                                          NC
                     :::::<<<--<<<<<<_________>>>>>>-->>> CS
  patent_aligned   1 GGUCAGACCCUGGUCCGGGGCAAUGGGACCACUGUU 36 
                     GGUC GACCC GG CC  GGCAA GGG CC CUGUU
  ind_0041_00027 147 GGUCUGACCCCGGCCCAAGGCAAAGGGGCCGCUGUU 182
                     ************************************ PP

>> ind_0041_00032  
 rank     E-value  score  bias mdl mdl from   mdl to       seq from      seq to       acc trunc   gc
 ----   --------- ------ ----- --- -------- --------    ----------- -----------      ---- ----- ----
  (4) !   1.8e-08   36.6   0.0  cm        1       36 []         147         182 + .. 1.00    no 0.69

                                                          NC
                     :::::<<<--<<<<<<_________>>>>>>-->>> CS
  patent_aligned   1 GGUCAGACCCUGGUCCGGGGCAAUGGGACCACUGUU 36 
                     GGUC GACCC GG CC  GGCAA GGG CC CUGUU
  ind_0041_00032 147 GGUCUGACCCCGGUCCAAGGCAACGGGGCCGCUGUU 182
                     ************************************ PP

>> ind_0041_00005  
 rank     E-value  score  bias mdl mdl from   mdl to       seq from      seq to       acc trunc   gc
 ----   --------- ------ ----- --- -------- --------    ----------- -----------      ---- ----- ----
  (5) !   8.7e-08   34.1   0.0  cm        1       36 []         147         182 + .. 1.00    no 0.75

                                                          NC
                     :::::<<<--<<<<<<_________>>>>>>-->>> CS
  patent_aligned   1 GGUCAGACCCUGGUCCGGGGCAAUGGGACCACUGUU 36 
                     GGUC G CCC GG CC  GGCAA GGG CC CUG U
  ind_0041_00005 147 GGUCUGGCCCCGGCCCAAGGCAACGGGGCCGCUGUU 182
                     ************************************ PP

>> ind_0041_00000  
 rank     E-value  score  bias mdl mdl from   mdl to       seq from      seq to       acc trunc   gc
 ----   --------- ------ ----- --- -------- --------    ----------- -----------      ---- ----- ----
  (6) !   1.4e-07   33.2   0.0  cm        1       36 []         147         182 + .. 1.00    no 0.69

                                                          NC
                     :::::<<<--<<<<<<_________>>>>>>-->>> CS
  patent_aligned   1 GGUCAGACCCUGGUCCGGGGCAAUGGGACCACUGUU 36 
                     GGUC GACC  GG CC  GGCAA GGG CC CUGUU
  ind_0041_00000 147 GGUCUGACCACGGCCCAAGGCAACGGGGCCGCUGUU 182
                     ************************************ PP

>> ind_0041_00015  
 rank     E-value  score  bias mdl mdl from   mdl to       seq from      seq to       acc trunc   gc
 ----   --------- ------ ----- --- -------- --------    ----------- -----------      ---- ----- ----
  (7) !   1.4e-07   33.2   0.0  cm        1       36 []         147         182 + .. 1.00    no 0.69

                                                          NC
                     :::::<<<--<<<<<<_________>>>>>>-->>> CS
  patent_aligned   1 GGUCAGACCCUGGUCCGGGGCAAUGGGACCACUGUU 36 
                     GGUC GACC  GG CC  GGCAA GGG CC CUGUU
  ind_0041_00015 147 GGUCUGACCACGGCCCAAGGCAACGGGGCCGCUGUU 182
                     ************************************ PP

>> ind_0041_00031  
 rank     E-value  score  bias mdl mdl from   mdl to       seq from      seq to       acc trunc   gc
 ----   --------- ------ ----- --- -------- --------    ----------- -----------      ---- ----- ----
  (8) !   1.4e-07   33.2   0.0  cm        1       36 []         147         182 + .. 1.00    no 0.69

                                                          NC
                     :::::<<<--<<<<<<_________>>>>>>-->>> CS
  patent_aligned   1 GGUCAGACCCUGGUCCGGGGCAAUGGGACCACUGUU 36 
                     GGUC GACC  GG CC  GGCAA GGG CC CUGUU
  ind_0041_00031 147 GGUCUGACCACGGCCCAAGGCAACGGGGCCGCUGUU 182
                     ************************************ PP

>> ind_0041_00001  
 rank     E-value  score  bias mdl mdl from   mdl to       seq from      seq to       acc trunc   gc
 ----   --------- ------ ----- --- -------- --------    ----------- -----------      ---- ----- ----
  (9) !   4.7e-07   31.3   0.0  cm        1       36 []         147         182 + .. 1.00    no 0.67

                                                          NC
                     :::::<<<--<<<<<<_________>>>>>>-->>> CS
  patent_aligned   1 GGUCAGACCCUGGUCCGGGGCAAUGGGACCACUGUU 36 
                     GGUC GACC  GG CC  GGCAA GGG CC CUGUU
  ind_0041_00001 147 GGUCUGACCACGGUCCAAGGCAACGGGGCCGCUGUU 182
                     ************************************ PP

>> ind_0041_00002  
 rank     E-value  score  bias mdl mdl from   mdl to       seq from      seq to       acc trunc   gc
 ----   --------- ------ ----- --- -------- --------    ----------- -----------      ---- ----- ----
 (10) !   4.7e-07   31.3   0.0  cm        1       36 []         147         182 + .. 1.00    no 0.67

                                                          NC
                     :::::<<<--<<<<<<_________>>>>>>-->>> CS
  patent_aligned   1 GGUCAGACCCUGGUCCGGGGCAAUGGGACCACUGUU 36 
                     GGUC GACC  GG CC  GGCAA GGG CC CUGUU
  ind_0041_00002 147 GGUCUGACCACGGUCCAAGGCAACGGGGCCGCUGUU 182
                     ************************************ PP

>> ind_0041_00003  
 rank     E-value  score  bias mdl mdl from   mdl to       seq from      seq to       acc trunc   gc
 ----   --------- ------ ----- --- -------- --------    ----------- -----------      ---- ----- ----
 (11) !   4.7e-07   31.3   0.0  cm        1       36 []         147         182 + .. 1.00    no 0.67

                                                          NC
                     :::::<<<--<<<<<<_________>>>>>>-->>> CS
  patent_aligned   1 GGUCAGACCCUGGUCCGGGGCAAUGGGACCACUGUU 36 
                     GGUC GACC  GG CC  GGCAA GGG CC CUGUU
  ind_0041_00003 147 GGUCUGACCACGGUCCAAGGCAACGGGGCCGCUGUU 182
                     ************************************ PP

>> ind_0041_00004  
 rank     E-value  score  bias mdl mdl from   mdl to       seq from      seq to       acc trunc   gc
 ----   --------- ------ ----- --- -------- --------    ----------- -----------      ---- ----- ----
 (12) !   4.7e-07   31.3   0.0  cm        1       36 []         147         182 + .. 1.00    no 0.67

                                                          NC
                     :::::<<<--<<<<<<_________>>>>>>-->>> CS
  patent_aligned   1 GGUCAGACCCUGGUCCGGGGCAAUGGGACCACUGUU 36 
                     GGUC GACC  GG CC  GGCAA GGG CC CUGUU
  ind_0041_00004 147 GGUCUGACCACGGUCCAAGGCAACGGGGCCGCUGUU 182
                     ************************************ PP

>> ind_0041_00007  
 rank     E-value  score  bias mdl mdl from   mdl to       seq from      seq to       acc trunc   gc
 ----   --------- ------ ----- --- -------- --------    ----------- -----------      ---- ----- ----
 (13) !   4.7e-07   31.3   0.0  cm        1       36 []         147         182 + .. 1.00    no 0.67

                                                          NC
                     :::::<<<--<<<<<<_________>>>>>>-->>> CS
  patent_aligned   1 GGUCAGACCCUGGUCCGGGGCAAUGGGACCACUGUU 36 
                     GGUC GACC  GG CC  GGCAA GGG CC CUGUU
  ind_0041_00007 147 GGUCUGACCACGGUCCAAGGCAACGGGGCCGCUGUU 182
                     ************************************ PP

>> ind_0041_00008  
 rank     E-value  score  bias mdl mdl from   mdl to       seq from      seq to       acc trunc   gc
 ----   --------- ------ ----- --- -------- --------    ----------- -----------      ---- ----- ----
 (14) !   4.7e-07   31.3   0.0  cm        1       36 []         147         182 + .. 1.00    no 0.67

                                                          NC
                     :::::<<<--<<<<<<_________>>>>>>-->>> CS
  patent_aligned   1 GGUCAGACCCUGGUCCGGGGCAAUGGGACCACUGUU 36 
                     GGUC GACC  GG CC  GGCAA GGG CC CUGUU
  ind_0041_00008 147 GGUCUGACCACGGUCCAAGGCAACGGGGCCGCUGUU 182
                     ************************************ PP

>> ind_0041_00010  
 rank     E-value  score  bias mdl mdl from   mdl to       seq from      seq to       acc trunc   gc
 ----   --------- ------ ----- --- -------- --------    ----------- -----------      ---- ----- ----
 (15) !   4.7e-07   31.3   0.0  cm        1       36 []         147         182 + .. 1.00    no 0.67

                                                          NC
                     :::::<<<--<<<<<<_________>>>>>>-->>> CS
  patent_aligned   1 GGUCAGACCCUGGUCCGGGGCAAUGGGACCACUGUU 36 
                     GGUC GACC  GG CC  GGCAA GGG CC CUGUU
  ind_0041_00010 147 GGUCUGACCACGGUCCAAGGCAACGGGGCCGCUGUU 182
                     ************************************ PP

>> ind_0041_00013  
 rank     E-value  score  bias mdl mdl from   mdl to       seq from      seq to       acc trunc   gc
 ----   --------- ------ ----- --- -------- --------    ----------- -----------      ---- ----- ----
 (16) !   4.7e-07   31.3   0.0  cm        1       36 []         147         182 + .. 1.00    no 0.67

                                                          NC
                     :::::<<<--<<<<<<_________>>>>>>-->>> CS
  patent_aligned   1 GGUCAGACCCUGGUCCGGGGCAAUGGGACCACUGUU 36 
                     GGUC GACC  GG CC  GGCAA GGG CC CUGUU
  ind_0041_00013 147 GGUCUGACCACGGUCCAAGGCAACGGGGCCGCUGUU 182
                     ************************************ PP

>> ind_0041_00014  
 rank     E-value  score  bias mdl mdl from   mdl to       seq from      seq to       acc trunc   gc
 ----   --------- ------ ----- --- -------- --------    ----------- -----------      ---- ----- ----
 (17) !   4.7e-07   31.3   0.0  cm        1       36 []         147         182 + .. 1.00    no 0.67

                                                          NC
                     :::::<<<--<<<<<<_________>>>>>>-->>> CS
  patent_aligned   1 GGUCAGACCCUGGUCCGGGGCAAUGGGACCACUGUU 36 
                     GGUC GACC  GG CC  GGCAA GGG CC CUGUU
  ind_0041_00014 147 GGUCUGACCACGGUCCAAGGCAACGGGGCCGCUGUU 182
                     ************************************ PP

>> ind_0041_00017  
 rank     E-value  score  bias mdl mdl from   mdl to       seq from      seq to       acc trunc   gc
 ----   --------- ------ ----- --- -------- --------    ----------- -----------      ---- ----- ----
 (18) !   4.7e-07   31.3   0.0  cm        1       36 []         147         182 + .. 1.00    no 0.67

                                                          NC
                     :::::<<<--<<<<<<_________>>>>>>-->>> CS
  patent_aligned   1 GGUCAGACCCUGGUCCGGGGCAAUGGGACCACUGUU 36 
                     GGUC GACC  GG CC  GGCAA GGG CC CUGUU
  ind_0041_00017 147 GGUCUGACCACGGUCCAAGGCAACGGGGCCGCUGUU 182
                     ************************************ PP

>> ind_0041_00019  
 rank     E-value  score  bias mdl mdl from   mdl to       seq from      seq to       acc trunc   gc
 ----   --------- ------ ----- --- -------- --------    ----------- -----------      ---- ----- ----
 (19) !   4.7e-07   31.3   0.0  cm        1       36 []         147         182 + .. 1.00    no 0.67

                                                          NC
                     :::::<<<--<<<<<<_________>>>>>>-->>> CS
  patent_aligned   1 GGUCAGACCCUGGUCCGGGGCAAUGGGACCACUGUU 36 
                     GGUC GACC  GG CC  GGCAA GGG CC CUGUU
  ind_0041_00019 147 GGUCUGACCACGGUCCAAGGCAACGGGGCCGCUGUU 182
                     ************************************ PP

>> ind_0041_00020  
 rank     E-value  score  bias mdl mdl from   mdl to       seq from      seq to       acc trunc   gc
 ----   --------- ------ ----- --- -------- --------    ----------- -----------      ---- ----- ----
 (20) !   4.7e-07   31.3   0.0  cm        1       36 []         147         182 + .. 1.00    no 0.67

                                                          NC
                     :::::<<<--<<<<<<_________>>>>>>-->>> CS
  patent_aligned   1 GGUCAGACCCUGGUCCGGGGCAAUGGGACCACUGUU 36 
                     GGUC GACC  GG CC  GGCAA GGG CC CUGUU
  ind_0041_00020 147 GGUCUGACCACGGUCCAAGGCAACGGGGCCGCUGUU 182
                     ************************************ PP

>> ind_0041_00024  
 rank     E-value  score  bias mdl mdl from   mdl to       seq from      seq to       acc trunc   gc
 ----   --------- ------ ----- --- -------- --------    ----------- -----------      ---- ----- ----
 (21) !   4.7e-07   31.3   0.0  cm        1       36 []         147         182 + .. 1.00    no 0.67

                                                          NC
                     :::::<<<--<<<<<<_________>>>>>>-->>> CS
  patent_aligned   1 GGUCAGACCCUGGUCCGGGGCAAUGGGACCACUGUU 36 
                     GGUC GACC  GG CC  GGCAA GGG CC CUGUU
  ind_0041_00024 147 GGUCUGACCACGGUCCAAGGCAACGGGGCCGCUGUU 182
                     ************************************ PP

>> ind_0041_00042  
 rank     E-value  score  bias mdl mdl from   mdl to       seq from      seq to       acc trunc   gc
 ----   --------- ------ ----- --- -------- --------    ----------- -----------      ---- ----- ----
 (22) !   4.7e-07   31.3   0.0  cm        1       36 []         147         182 + .. 1.00    no 0.67

                                                          NC
                     :::::<<<--<<<<<<_________>>>>>>-->>> CS
  patent_aligned   1 GGUCAGACCCUGGUCCGGGGCAAUGGGACCACUGUU 36 
                     GGUC GACC  GG CC  GGCAA GGG CC CUGUU
  ind_0041_00042 147 GGUCUGACCACGGUCCAAGGCAACGGGGCCGCUGUU 182
                     ************************************ PP

>> ind_0041_00046  
 rank     E-value  score  bias mdl mdl from   mdl to       seq from      seq to       acc trunc   gc
 ----   --------- ------ ----- --- -------- --------    ----------- -----------      ---- ----- ----
 (23) !   4.7e-07   31.3   0.0  cm        1       36 []         147         182 + .. 1.00    no 0.67

                                                          NC
                     :::::<<<--<<<<<<_________>>>>>>-->>> CS
  patent_aligned   1 GGUCAGACCCUGGUCCGGGGCAAUGGGACCACUGUU 36 
                     GGUC GACC  GG CC  GGCAA GGG CC CUGUU
  ind_0041_00046 147 GGUCUGACCACGGUCCAAGGCAACGGGGCCGCUGUU 182
                     ************************************ PP

>> ind_0041_00049  
 rank     E-value  score  bias mdl mdl from   mdl to       seq from      seq to       acc trunc   gc
 ----   --------- ------ ----- --- -------- --------    ----------- -----------      ---- ----- ----
 (24) !   4.7e-07   31.3   0.0  cm        1       36 []         147         182 + .. 1.00    no 0.67

                                                          NC
                     :::::<<<--<<<<<<_________>>>>>>-->>> CS
  patent_aligned   1 GGUCAGACCCUGGUCCGGGGCAAUGGGACCACUGUU 36 
                     GGUC GACC  GG CC  GGCAA GGG CC CUGUU
  ind_0041_00049 147 GGUCUGACCACGGUCCAAGGCAACGGGGCCGCUGUU 182
                     ************************************ PP

>> ind_0041_00022  
 rank     E-value  score  bias mdl mdl from   mdl to       seq from      seq to       acc trunc   gc
 ----   --------- ------ ----- --- -------- --------    ----------- -----------      ---- ----- ----
 (25) !   3.2e-06   28.2   0.0  cm        1       36 []         147         182 + .. 0.99    no 0.67

                                                          NC
                     :::::<<<--<<<<<<_________>>>>>>-->>> CS
  patent_aligned   1 GGUCAGACCCUGGUCCGGGGCAAUGGGACCACUGUU 36 
                     GGUC :ACCC GG CC  GG AA GGG CC CUGU:
  ind_0041_00022 147 GGUCUAACCCCGGUCCAAGGGAACGGGGCCGCUGUU 182
                     ************************************ PP

>> ind_0041_00045  
 rank     E-value  score  bias mdl mdl from   mdl to       seq from      seq to       acc trunc   gc
 ----   --------- ------ ----- --- -------- --------    ----------- -----------      ---- ----- ----
 (26) !   3.2e-06   28.2   0.0  cm        1       36 []         147         182 + .. 0.99    no 0.67

                                                          NC
                     :::::<<<--<<<<<<_________>>>>>>-->>> CS
  patent_aligned   1 GGUCAGACCCUGGUCCGGGGCAAUGGGACCACUGUU 36 
                     GGUC :ACCC GG CC  GG AA GGG CC CUGU:
  ind_0041_00045 147 GGUCUAACCCCGGUCCAAGGGAACGGGGCCGCUGUU 182
                     ************************************ PP

>> ind_0041_00037  
 rank     E-value  score  bias mdl mdl from   mdl to       seq from      seq to       acc trunc   gc
 ----   --------- ------ ----- --- -------- --------    ----------- -----------      ---- ----- ----
 (27) !   5.2e-06   27.4   0.0  cm        1       36 []         147         182 + .. 1.00    no 0.64

                                                          NC
                     :::::<<<--<<<<<<_________>>>>>>-->>> CS
  patent_aligned   1 GGUCAGACCCUGGUCCGGGGCAAUGGGACCACUGUU 36 
                      GUC GACC  GG CC  GGCAA GGG CC CUGUU
  ind_0041_00037 147 AGUCUGACCACGGUCCAAGGCAACGGGGCCGCUGUU 182
                     ************************************ PP

>> ind_0041_00016  
 rank     E-value  score  bias mdl mdl from   mdl to       seq from      seq to       acc trunc   gc
 ----   --------- ------ ----- --- -------- --------    ----------- -----------      ---- ----- ----
 (28) !   7.2e-06   26.8   0.0  cm        1       36 []         147         182 + .. 1.00    no 0.64

                                                          NC
                     :::::<<<--<<<<<<_________>>>>>>-->>> CS
  patent_aligned   1 GGUCAGACCCUGGUCCGGGGCAAUGGGACCACUGUU 36 
                     GGUC GACC  GG CC  GG AA GGG CC CUGUU
  ind_0041_00016 147 GGUCUGACCACGGUCCAAGGUAACGGGGCCGCUGUU 182
                     ************************************ PP

>> ind_0041_00035  
 rank     E-value  score  bias mdl mdl from   mdl to       seq from      seq to       acc trunc   gc
 ----   --------- ------ ----- --- -------- --------    ----------- -----------      ---- ----- ----
 (29) !   7.8e-06   26.7   0.0  cm        1       36 []         147         182 + .. 1.00    no 0.64

                                                          NC
                     :::::<<<--<<<<<<_________>>>>>>-->>> CS
  patent_aligned   1 GGUCAGACCCUGGUCCGGGGCAAUGGGACCACUGUU 36 
                      GUC GACC  GG CC  GGCAA GGG CC CUGUU
  ind_0041_00035 147 UGUCUGACCACGGUCCAAGGCAACGGGGCCGCUGUU 182
                     ************************************ PP

>> ind_0041_00018  
 rank     E-value  score  bias mdl mdl from   mdl to       seq from      seq to       acc trunc   gc
 ----   --------- ------ ----- --- -------- --------    ----------- -----------      ---- ----- ----
 (30) !   9.5e-06   26.4   0.0  cm        1       36 []         147         182 + .. 1.00    no 0.64

                                                          NC
                     :::::<<<--<<<<<<_________>>>>>>-->>> CS
  patent_aligned   1 GGUCAGACCCUGGUCCGGGGCAAUGGGACCACUGUU 36 
                     GGUC GACC  GG CC   GCAA GGG CC CUGUU
  ind_0041_00018 147 GGUCUGACCACGGUCCAAAGCAACGGGGCCGCUGUU 182
                     ************************************ PP

>> ind_0041_00039  
 rank     E-value  score  bias mdl mdl from   mdl to       seq from      seq to       acc trunc   gc
 ----   --------- ------ ----- --- -------- --------    ----------- -----------      ---- ----- ----
 (31) !   1.2e-05   25.9   0.0  cm        1       36 []         147         182 + .. 1.00    no 0.64

                                                          NC
                     :::::<<<--<<<<<<_________>>>>>>-->>> CS
  patent_aligned   1 GGUCAGACCCUGGUCCGGGGCAAUGGGACCACUGUU 36 
                     GGU  GACC  GG CC  GGCAA GGG CC CUGUU
  ind_0041_00039 147 GGUAUGACCACGGUCCAAGGCAACGGGGCCGCUGUU 182
                     ************************************ PP

>> ind_0041_00040  
 rank     E-value  score  bias mdl mdl from   mdl to       seq from      seq to       acc trunc   gc
 ----   --------- ------ ----- --- -------- --------    ----------- -----------      ---- ----- ----
 (32) !   1.3e-05   25.9   0.0  cm        1       36 []         147         182 + .. 1.00    no 0.64

                                                          NC
                     :::::<<<--<<<<<<_________>>>>>>-->>> CS
  patent_aligned   1 GGUCAGACCCUGGUCCGGGGCAAUGGGACCACUGUU 36 
                     GGUC GA C  GG CC  GGCAA GGG CC CU UU
  ind_0041_00040 147 GGUCUGAUCACGGUCCAAGGCAACGGGGCCGCUGUU 182
                     ************************************ PP

>> ind_0041_00043  
 rank     E-value  score  bias mdl mdl from   mdl to       seq from      seq to       acc trunc   gc
 ----   --------- ------ ----- --- -------- --------    ----------- -----------      ---- ----- ----
 (33) !   1.3e-05   25.9   0.0  cm        1       36 []         147         182 + .. 1.00    no 0.64

                                                          NC
                     :::::<<<--<<<<<<_________>>>>>>-->>> CS
  patent_aligned   1 GGUCAGACCCUGGUCCGGGGCAAUGGGACCACUGUU 36 
                     GGUC GA C  GG CC  GGCAA GGG CC CU UU
  ind_0041_00043 147 GGUCUGAUCACGGUCCAAGGCAACGGGGCCGCUGUU 182
                     ************************************ PP

>> ind_0041_00038  
 rank     E-value  score  bias mdl mdl from   mdl to       seq from      seq to       acc trunc   gc
 ----   --------- ------ ----- --- -------- --------    ----------- -----------      ---- ----- ----
 (34) !   1.3e-05   25.9   0.0  cm        1       36 []         147         182 + .. 1.00    no 0.64

                                                          NC
                     :::::<<<--<<<<<<_________>>>>>>-->>> CS
  patent_aligned   1 GGUCAGACCCUGGUCCGGGGCAAUGGGACCACUGUU 36 
                     GGUC GACC   G CC  GGCAA GGG C  CUGUU
  ind_0041_00038 147 GGUCUGACCACGGUCCAAGGCAACGGGGCUGCUGUU 182
                     ************************************ PP

>> ind_0041_00009  
 rank     E-value  score  bias mdl mdl from   mdl to       seq from      seq to       acc trunc   gc
 ----   --------- ------ ----- --- -------- --------    ----------- -----------      ---- ----- ----
 (35) !   1.5e-05   25.7   0.0  cm        1       36 []         147         182 + .. 0.99    no 0.69

                                                          NC
                     :::::<<<--<<<<<<_________>>>>>>-->>> CS
  patent_aligned   1 GGUCAGACCCUGGUCCGGGGCAAUGGGACCACUGUU 36 
                     GGUC GACC  GG CC  GGCA  GGG CC CUGUU
  ind_0041_00009 147 GGUCUGACCACGGUCCAAGGCACCGGGGCCGCUGUU 182
                     **********************999*********** PP

>> ind_0041_00011  
 rank     E-value  score  bias mdl mdl from   mdl to       seq from      seq to       acc trunc   gc
 ----   --------- ------ ----- --- -------- --------    ----------- -----------      ---- ----- ----
 (36) !   1.5e-05   25.7   0.0  cm        1       36 []         147         182 + .. 0.99    no 0.69

                                                          NC
                     :::::<<<--<<<<<<_________>>>>>>-->>> CS
  patent_aligned   1 GGUCAGACCCUGGUCCGGGGCAAUGGGACCACUGUU 36 
                     GGUC GACC  GG CC  GGCA  GGG CC CUGUU
  ind_0041_00011 147 GGUCUGACCACGGUCCAAGGCACCGGGGCCGCUGUU 182
                     **********************999*********** PP

>> ind_0041_00036  
 rank     E-value  score  bias mdl mdl from   mdl to       seq from      seq to       acc trunc   gc
 ----   --------- ------ ----- --- -------- --------    ----------- -----------      ---- ----- ----
 (37) !   1.8e-05   25.3   0.0  cm        1       36 []         147         182 + .. 1.00    no 0.67

                               v                   v      NC
                     :::::<<<--<<<<<<_________>>>>>>-->>> CS
  patent_aligned   1 GGUCAGACCCUGGUCCGGGGCAAUGGGACCACUGUU 36 
                     GGUC GACC  GG CC  GGCAA GGG CC CUGUU
  ind_0041_00036 147 GGUCUGACCAGGGUCCAAGGCAACGGGGCCGCUGUU 182
                     ************************************ PP

>> ind_0041_00026  
 rank     E-value  score  bias mdl mdl from   mdl to       seq from      seq to       acc trunc   gc
 ----   --------- ------ ----- --- -------- --------    ----------- -----------      ---- ----- ----
 (38) !   4.1e-05   24.0   0.0  cm        1       36 []         147         182 + .. 1.00    no 0.69

                                 v               v        NC
                     :::::<<<--<<<<<<_________>>>>>>-->>> CS
  patent_aligned   1 GGUCAGACCCUGGUCCGGGGCAAUGGGACCACUGUU 36 
                     GGUC GACC  G  CC  GGCAA GGG  C CUGUU
  ind_0041_00026 147 GGUCUGACCACGGCCCAAGGCAACGGGGGCGCUGUU 182
                     ************************************ PP

>> ind_0041_00033  
 rank     E-value  score  bias mdl mdl from   mdl to       seq from      seq to       acc trunc   gc
 ----   --------- ------ ----- --- -------- --------    ----------- -----------      ---- ----- ----
 (39) !   5.7e-05   23.4   0.0  cm        1       36 []         147         182 + .. 1.00    no 0.61

                                                          NC
                     :::::<<<--<<<<<<_________>>>>>>-->>> CS
  patent_aligned   1 GGUCAGACCCUGGUCCGGGGCAAUGGGACCACUGUU 36 
                     GGUC :A C  GG CC  GGCAA GGG CC CU U:
  ind_0041_00033 147 GGUCUAAUCACGGUCCAAGGCAACGGGGCCGCUGUU 182
                     ************************************ PP

>> ind_0041_00048  
 rank     E-value  score  bias mdl mdl from   mdl to       seq from      seq to       acc trunc   gc
 ----   --------- ------ ----- --- -------- --------    ----------- -----------      ---- ----- ----
 (40) !   0.00013   22.1   0.0  cm        1       36 []         147         181 + .. 0.99    no 0.66

                          v                             v NC
                     :::::<<<--<<<<<<_________>>>>>>-->>> CS
  patent_aligned   1 GGUCAGACCCUGGUCCGGGGCAAUGGGACCACUGUU 36 
                     GGUC GACC  GG CC  GGCAA  GG CC CUGU 
  ind_0041_00048 147 GGUCUGACCACGGUCCAAGGCAACAGGGCCGCUGU- 181
                     ***********************99**********. PP

>> ind_0041_00025  
 rank     E-value  score  bias mdl mdl from   mdl to       seq from      seq to       acc trunc   gc
 ----   --------- ------ ----- --- -------- --------    ----------- -----------      ---- ----- ----
 (41) !   0.00013   22.0   0.0  cm        1       36 []         147         182 + .. 1.00    no 0.67

                                 v               v        NC
                     :::::<<<--<<<<<<_________>>>>>>-->>> CS
  patent_aligned   1 GGUCAGACCCUGGUCCGGGGCAAUGGGACCACUGUU 36 
                     GGUC GACC  G  CC  GGCAA GGG  C CUGUU
  ind_0041_00025 147 GGUCUGACCACGGUCCAAGGCAACGGGGGCGCUGUU 182
                     ************************************ PP

>> ind_0041_00034  
 rank     E-value  score  bias mdl mdl from   mdl to       seq from      seq to       acc trunc   gc
 ----   --------- ------ ----- --- -------- --------    ----------- -----------      ---- ----- ----
 (42) !   0.00013   22.0   0.0  cm        1       36 []         147         182 + .. 1.00    no 0.67

                                 v               v        NC
                     :::::<<<--<<<<<<_________>>>>>>-->>> CS
  patent_aligned   1 GGUCAGACCCUGGUCCGGGGCAAUGGGACCACUGUU 36 
                     GGUC GACC  G  CC  GGCAA GGG  C CUGUU
  ind_0041_00034 147 GGUCUGACCACGGUCCAAGGCAACGGGGGCGCUGUU 182
                     ************************************ PP

>> ind_0041_00044  
 rank     E-value  score  bias mdl mdl from   mdl to       seq from      seq to       acc trunc   gc
 ----   --------- ------ ----- --- -------- --------    ----------- -----------      ---- ----- ----
 (43) !   0.00039   20.3   0.0  cm        1       36 []         147         182 + .. 0.99    no 0.67

                                                          NC
                     :::::<<<--<<<<<<_________>>>>>>-->>> CS
  patent_aligned   1 GGUCAGACCCUGGUCCGGGGCAAUGGGACCACUGUU 36 
                     GGUC GACC   G CC  GGC A GGG C  CUGUU
  ind_0041_00044 147 GGUCUGACCACGGUCCAAGGCCACGGGGCUGCUGUU 182
                     *********************9999*********** PP

>> ind_0041_00029  
 rank     E-value  score  bias mdl mdl from   mdl to       seq from      seq to       acc trunc   gc
 ----   --------- ------ ----- --- -------- --------    ----------- -----------      ---- ----- ----
 (44) !   0.00046   20.0   0.0  cm        1       36 []         147         182 + .. 0.99    no 0.69

                                                          NC
                     :::::<<<--<<<<<<_________>>>>>>-->>> CS
  patent_aligned   1 GGUCAGACCCUGGUCCGGGGCAAUGGGACCACUGUU 36 
                     GGUC GAC   GG CC  GGCA  GGG CC CUGUU
  ind_0041_00029 147 GGUCUGACGACGGUCCAAGGCAGCGGGGCCGCUGUU 182
                     **********************999*********** PP

>> ind_0041_00041  
 rank     E-value  score  bias mdl mdl from   mdl to       seq from      seq to       acc trunc   gc
 ----   --------- ------ ----- --- -------- --------    ----------- -----------      ---- ----- ----
 (45) !   0.00085   19.0   0.0  cm        1       36 []         147         182 + .. 0.98    no 0.67

                                                          NC
                     :::::<<<--<<<<<<_________>>>>>>-->>> CS
  patent_aligned   1 GGUCAGACCCUGGUCCGGGGCAAUGGGACCACUGUU 36 
                     GGUC GACC  GG CC  G CAA GGG CC  UGUU
  ind_0041_00041 147 GGUCUGACCACGGUCCAAGCCAACGGGGCCGGUGUU 182
                     ****************99999*************** PP

>> ind_0041_00028  
 rank     E-value  score  bias mdl mdl from   mdl to       seq from      seq to       acc trunc   gc
 ----   --------- ------ ----- --- -------- --------    ----------- -----------      ---- ----- ----
 (46) !    0.0013   18.3   0.0  cm        1       36 []         147         182 + .. 1.00    no 0.64

                                 v               v        NC
                     :::::<<<--<<<<<<_________>>>>>>-->>> CS
  patent_aligned   1 GGUCAGACCCUGGUCCGGGGCAAUGGGACCACUGUU 36 
                      GUC GACC  G  CC  GGCAA GGG  C CUGUU
  ind_0041_00028 147 AGUCUGACCACGCUCCAAGGCAACGGGGCCGCUGUU 182
                     ************************************ PP

>> ind_0041_00030  
 rank     E-value  score  bias mdl mdl from   mdl to       seq from      seq to       acc trunc   gc
 ----   --------- ------ ----- --- -------- --------    ----------- -----------      ---- ----- ----
 (47) !    0.0014   18.2   0.0  cm        1       36 []         147         182 + .. 1.00    no 0.64

                                   v           v          NC
                     :::::<<<--<<<<<<_________>>>>>>-->>> CS
  patent_aligned   1 GGUCAGACCCUGGUCCGGGGCAAUGGGACCACUGUU 36 
                      GUC GACC  GG  C  GGCAA GG  CC CUGUU
  ind_0041_00030 147 AGUCCGACCACGGUCCAAGGCAACGGUGCCGCUGUU 182
                     ************************************ PP

>> ind_0041_00006  
 rank     E-value  score  bias mdl mdl from   mdl to       seq from      seq to       acc trunc   gc
 ----   --------- ------ ----- --- -------- --------    ----------- -----------      ---- ----- ----
 (48) !    0.0033   16.8   0.0  cm        1       36 []         147         182 + .. 0.99    no 0.61

                            v                         v   NC
                     :::::<<<--<<<<<<_________>>>>>>-->>> CS
  patent_aligned   1 GGUCAGACCCUGGUCCGGGGCAAUGGGACCACUGUU 36 
                     GGUC GA C  GG CC  GG AA GGG CC CU UU
  ind_0041_00006 147 GGUCUGAACACGGUCCAAGGAAACGGGGCCGCUGUU 182
                     ************************************ PP

>> ind_0041_00047  
 rank     E-value  score  bias mdl mdl from   mdl to       seq from      seq to       acc trunc   gc
 ----   --------- ------ ----- --- -------- --------    ----------- -----------      ---- ----- ----
 (49) ?     0.014   14.5   0.0  cm        1       36 []         147         182 + .. 1.00    no 0.58

                          v                             v NC
                     :::::<<<--<<<<<<_________>>>>>>-->>> CS
  patent_aligned   1 GGUCAGACCCUGGUCCGGGGCAAUGGGACCACUGUU 36 
                     GGU   ACC  GG CC  GGCAA GGG CC  UGU 
  ind_0041_00047 147 GGUAUUACCACGGUCCAAGGCAACGGGGCCGAUGUU 182
                     ************************************ PP

>> ind_0041_00027  
 rank     E-value  score  bias mdl mdl from   mdl to       seq from      seq to       acc trunc   gc
 ----   --------- ------ ----- --- -------- --------    ----------- -----------      ---- ----- ----
 (50) ?     0.032   13.1   0.0  cm        1       36 []         155         119 - .. 0.98    no 0.43

                                         NC
                     :::::<<<--~~~~~~>>> CS
  patent_aligned   1 GGUCAGACCC*[23]*GUU 36 
                     GGUCAGACCC      GUU
  ind_0041_00027 155 GGUCAGACCC*[24]*GUU 119
                     *********8...9..*** PP

>> ind_0041_00021  
 rank     E-value  score  bias mdl mdl from   mdl to       seq from      seq to       acc trunc   gc
 ----   --------- ------ ----- --- -------- --------    ----------- -----------      ---- ----- ----
 (51) ?     0.032   13.1   0.0  cm        1       36 []         155         119 - .. 0.98    no 0.43

                                         NC
                     :::::<<<--~~~~~~>>> CS
  patent_aligned   1 GGUCAGACCC*[23]*GUU 36 
                     GGUCAGACCC      GUU
  ind_0041_00021 155 GGUCAGACCC*[24]*GUU 119
                     *********8...9..*** PP

>> ind_0041_00044  
 rank     E-value  score  bias mdl mdl from   mdl to       seq from      seq to       acc trunc   gc
 ----   --------- ------ ----- --- -------- --------    ----------- -----------      ---- ----- ----
 (52) ?     0.081   11.6   0.0  cm        1       36 []         155         119 - .. 0.92    no 0.43

                                         NC
                     :::::<<<--~~~~~~>>> CS
  patent_aligned   1 GGUCAGACCC*[23]*GUU 36 
                     GGUCAGACC       GUU
  ind_0041_00044 155 GGUCAGACCA*[24]*GUU 119
                     ********95...9..*** PP

>> ind_0041_00012  
 rank     E-value  score  bias mdl mdl from   mdl to       seq from      seq to       acc trunc   gc
 ----   --------- ------ ----- --- -------- --------    ----------- -----------      ---- ----- ----
 (53) ?     0.084   11.5   0.0  cm        1       36 []         155         119 - .. 0.92    no 0.41

                                         NC
                     :::::<<<--~~~~~~>>> CS
  patent_aligned   1 GGUCAGACCC*[23]*GUU 36 
                     GGUCAGACC       GUU
  ind_0041_00012 155 GGUCAGACCA*[24]*GUU 119
                     ********95...9..*** PP

>> ind_0041_00008  
 rank     E-value  score  bias mdl mdl from   mdl to       seq from      seq to       acc trunc   gc
 ----   --------- ------ ----- --- -------- --------    ----------- -----------      ---- ----- ----
 (54) ?      0.14   10.6   0.0  cm        1       36 []         155         119 - .. 0.99    no 0.49

                                        NC
                     :::::<<<-~~~~~~>>> CS
  patent_aligned   1 GGUCAGACC*[24]*GUU 36 
                     GGUCAGACC      GUU
  ind_0041_00008 155 GGUCAGACC*[25]*GUU 119
                     ********8...*..*** PP

>> ind_0041_00004  
 rank     E-value  score  bias mdl mdl from   mdl to       seq from      seq to       acc trunc   gc
 ----   --------- ------ ----- --- -------- --------    ----------- -----------      ---- ----- ----
 (55) ?      0.14   10.6   0.0  cm        1       36 []         155         119 - .. 0.99    no 0.49

                                        NC
                     :::::<<<-~~~~~~>>> CS
  patent_aligned   1 GGUCAGACC*[24]*GUU 36 
                     GGUCAGACC      GUU
  ind_0041_00004 155 GGUCAGACC*[25]*GUU 119
                     ********8...*..*** PP

>> ind_0041_00042  
 rank     E-value  score  bias mdl mdl from   mdl to       seq from      seq to       acc trunc   gc
 ----   --------- ------ ----- --- -------- --------    ----------- -----------      ---- ----- ----
 (56) ?      0.14   10.6   0.0  cm        1       36 []         155         119 - .. 0.99    no 0.49

                                        NC
                     :::::<<<-~~~~~~>>> CS
  patent_aligned   1 GGUCAGACC*[24]*GUU 36 
                     GGUCAGACC      GUU
  ind_0041_00042 155 GGUCAGACC*[25]*GUU 119
                     ********8...*..*** PP

>> ind_0041_00031  
 rank     E-value  score  bias mdl mdl from   mdl to       seq from      seq to       acc trunc   gc
 ----   --------- ------ ----- --- -------- --------    ----------- -----------      ---- ----- ----
 (57) ?      0.14   10.6   0.0  cm        1       36 []         155         119 - .. 0.99    no 0.49

                                        NC
                     :::::<<<-~~~~~~>>> CS
  patent_aligned   1 GGUCAGACC*[24]*GUU 36 
                     GGUCAGACC      GUU
  ind_0041_00031 155 GGUCAGACC*[25]*GUU 119
                     ********8...*..*** PP

>> ind_0041_00000  
 rank     E-value  score  bias mdl mdl from   mdl to       seq from      seq to       acc trunc   gc
 ----   --------- ------ ----- --- -------- --------    ----------- -----------      ---- ----- ----
 (58) ?      0.14   10.6   0.0  cm        1       36 []         155         119 - .. 0.99    no 0.46

                                        NC
                     :::::<<<-~~~~~~>>> CS
  patent_aligned   1 GGUCAGACC*[24]*GUU 36 
                     GGUCAGACC      GUU
  ind_0041_00000 155 GGUCAGACC*[25]*GUU 119
                     ********8...*..*** PP

>> ind_0041_00003  
 rank     E-value  score  bias mdl mdl from   mdl to       seq from      seq to       acc trunc   gc
 ----   --------- ------ ----- --- -------- --------    ----------- -----------      ---- ----- ----
 (59) ?      0.14   10.6   0.0  cm        1       36 []         155         119 - .. 0.99    no 0.46

                                        NC
                     :::::<<<-~~~~~~>>> CS
  patent_aligned   1 GGUCAGACC*[24]*GUU 36 
                     GGUCAGACC      GUU
  ind_0041_00003 155 GGUCAGACC*[25]*GUU 119
                     ********8...*..*** PP

>> ind_0041_00023  
 rank     E-value  score  bias mdl mdl from   mdl to       seq from      seq to       acc trunc   gc
 ----   --------- ------ ----- --- -------- --------    ----------- -----------      ---- ----- ----
 (60) ?      0.14   10.6   0.0  cm        1       36 []         155         119 - .. 0.99    no 0.46

                                        NC
                     :::::<<<-~~~~~~>>> CS
  patent_aligned   1 GGUCAGACC*[24]*GUU 36 
                     GGUCAGACC      GUU
  ind_0041_00023 155 GGUCAGACC*[25]*GUU 119
                     ********8...*..*** PP

>> ind_0041_00024  
 rank     E-value  score  bias mdl mdl from   mdl to       seq from      seq to       acc trunc   gc
 ----   --------- ------ ----- --- -------- --------    ----------- -----------      ---- ----- ----
 (61) ?      0.14   10.6   0.0  cm        1       36 []         155         119 - .. 0.99    no 0.46

                                        NC
                     :::::<<<-~~~~~~>>> CS
  patent_aligned   1 GGUCAGACC*[24]*GUU 36 
                     GGUCAGACC      GUU
  ind_0041_00024 155 GGUCAGACC*[25]*GUU 119
                     ********8...*..*** PP

>> ind_0041_00032  
 rank     E-value  score  bias mdl mdl from   mdl to       seq from      seq to       acc trunc   gc
 ----   --------- ------ ----- --- -------- --------    ----------- -----------      ---- ----- ----
 (62) ?      0.14   10.6   0.0  cm        1       36 []         155         119 - .. 0.99    no 0.46

                                        NC
                     :::::<<<-~~~~~~>>> CS
  patent_aligned   1 GGUCAGACC*[24]*GUU 36 
                     GGUCAGACC      GUU
  ind_0041_00032 155 GGUCAGACC*[25]*GUU 119
                     ********8...*..*** PP

>> ind_0041_00034  
 rank     E-value  score  bias mdl mdl from   mdl to       seq from      seq to       acc trunc   gc
 ----   --------- ------ ----- --- -------- --------    ----------- -----------      ---- ----- ----
 (63) ?      0.14   10.6   0.0  cm        1       36 []         155         119 - .. 0.99    no 0.46

                                        NC
                     :::::<<<-~~~~~~>>> CS
  patent_aligned   1 GGUCAGACC*[24]*GUU 36 
                     GGUCAGACC      GUU
  ind_0041_00034 155 GGUCAGACC*[25]*GUU 119
                     ********8...*..*** PP

>> ind_0041_00025  
 rank     E-value  score  bias mdl mdl from   mdl to       seq from      seq to       acc trunc   gc
 ----   --------- ------ ----- --- -------- --------    ----------- -----------      ---- ----- ----
 (64) ?      0.14   10.6   0.0  cm        1       36 []         155         119 - .. 0.99    no 0.46

                                        NC
                     :::::<<<-~~~~~~>>> CS
  patent_aligned   1 GGUCAGACC*[24]*GUU 36 
                     GGUCAGACC      GUU
  ind_0041_00025 155 GGUCAGACC*[25]*GUU 119
                     ********8...*..*** PP

>> ind_0041_00010  
 rank     E-value  score  bias mdl mdl from   mdl to       seq from      seq to       acc trunc   gc
 ----   --------- ------ ----- --- -------- --------    ----------- -----------      ---- ----- ----
 (65) ?      0.14   10.6   0.0  cm        1       36 []         155         119 - .. 0.99    no 0.46

                                        NC
                     :::::<<<-~~~~~~>>> CS
  patent_aligned   1 GGUCAGACC*[24]*GUU 36 
                     GGUCAGACC      GUU
  ind_0041_00010 155 GGUCAGACC*[25]*GUU 119
                     ********8...*..*** PP

>> ind_0041_00041  
 rank     E-value  score  bias mdl mdl from   mdl to       seq from      seq to       acc trunc   gc
 ----   --------- ------ ----- --- -------- --------    ----------- -----------      ---- ----- ----
 (66) ?      0.14   10.6   0.0  cm        1       36 []         155         119 - .. 0.99    no 0.46

                                        NC
                     :::::<<<-~~~~~~>>> CS
  patent_aligned   1 GGUCAGACC*[24]*GUU 36 
                     GGUCAGACC      GUU
  ind_0041_00041 155 GGUCAGACC*[25]*GUU 119
                     ********8...*..*** PP

>> ind_0041_00013  
 rank     E-value  score  bias mdl mdl from   mdl to       seq from      seq to       acc trunc   gc
 ----   --------- ------ ----- --- -------- --------    ----------- -----------      ---- ----- ----
 (67) ?      0.15   10.6   0.0  cm        1       36 []         155         119 - .. 0.99    no 0.49

                                        NC
                     :::::<<<-~~~~~~>>> CS
  patent_aligned   1 GGUCAGACC*[24]*GUU 36 
                     GGUCAGACC      GUU
  ind_0041_00013 155 GGUCAGACC*[25]*GUU 119
                     ********8...*..*** PP

>> ind_0041_00023  
 rank     E-value  score  bias mdl mdl from   mdl to       seq from      seq to       acc trunc   gc
 ----   --------- ------ ----- --- -------- --------    ----------- -----------      ---- ----- ----
 (68) ?      0.29    9.5   0.0  cm        1       36 []         147         180 + .. 1.00    no 0.68

                          vv   vv                 vv   vv NC
                     :::::<<<--<<<<<<_________>>>>>>-->>> CS
  patent_aligned   1 GGUCAGACCCUGGUCCGGGGCAAUGGGACCACUGUU 36 
                     GGUC GACC   G CC  GGCAA GGG C  CUG  
  ind_0041_00023 147 GGUCUGACCAGGGUCCAAGGCAACGGGGCAGCUG-- 180
                     **********************************.. PP

>> ind_0041_00008  
 rank     E-value  score  bias mdl mdl from   mdl to       seq from      seq to       acc trunc   gc
 ----   --------- ------ ----- --- -------- --------    ----------- -----------      ---- ----- ----
 (69) ?        80    0.3   0.0  cm       18       25 ..         108         101 - .. 0.96    no 0.75

                              NC
                     ________ CS
  patent_aligned  18 GGGCAAUG 25 
                     GGGCA UG
  ind_0041_00008 108 GGGCAGUG 101
                     ******** PP



Internal CM pipeline statistics summary:
----------------------------------------
Query model(s):                                                  1  (36 consensus positions)
Target sequences:                                               50  (19700 residues searched)
Target sequences re-searched for truncated hits:                50  (10200 residues re-searched)
Windows   passing  local HMM SSV           filter:             277  (0.5191); expected (0.35)
Windows   passing  local HMM Viterbi       filter:                  (off)
Windows   passing  local HMM Viterbi  bias filter:                  (off)
Windows   passing  local HMM Forward       filter:             180  (0.3448); expected (0.02)
Windows   passing  local HMM Forward  bias filter:             178  (0.338); expected (0.02)
Windows   passing glocal HMM Forward       filter:             121  (0.2639); expected (0.02)
Windows   passing glocal HMM Forward  bias filter:             115  (0.2434); expected (0.02)
Envelopes passing glocal HMM envelope defn filter:             115  (0.1609); expected (0.02)
Envelopes passing  local CM  CYK           filter:             106  (0.1481); expected (0.0001)
Total CM hits reported:                                         69  (0.08264); includes 0 truncated hit(s)

# CPU time: 0.86u 0.00s 00:00:00.86 Elapsed: 00:00:00.87
# Alignment of 48 hits satisfying inclusion thresholds saved to: optimization_a7/100gen/_workspace/cmsearch_logs/gen_0041/patent_cmsearch.sto
//
[ok]
