# cmsearch :: search CM(s) against a sequence database
# INFERNAL 1.1.5 (Sep 2023)
# Copyright (C) 2023 Howard Hughes Medical Institute.
# Freely distributed under the BSD open source license.
# - - - - - - - - - - - - - - - - - - - - - - - - - - - - - - - - - - - -
# query CM file:                         A7_analysis/patent.cm
# target sequence database:              /tmp/tmpu6xozndw/queries.fa
# output directed to file:               optimization_a7/100gen/_workspace/cmsearch_logs/gen_0036/patent_cmsearch.out
# MSA of significant hits saved to file: optimization_a7/100gen/_workspace/cmsearch_logs/gen_0036/patent_cmsearch.sto
# tabular output of hits:                optimization_a7/100gen/_workspace/cmsearch_logs/gen_0036/patent_cmsearch.tblout
# max ASCII text line length:            unlimited
# sequence reporting threshold:          E-value <= 1000
# number of worker threads:              4
# - - - - - - - - - - - - - - - - - - - - - - - - - - - - - - - - - - - -

Query:       patent_aligned  [CLEN=36]
Hit scores:
 rank     E-value  score  bias  sequence        start    end   mdl trunc   gc  description
 ----   --------- ------ -----  -------------- ------ ------   --- ----- ----  -----------
  (1) !   1.3e-07   33.4   0.0  ind_0036_00037    147    182 +  cm    no 0.67  -
  (2) !   2.3e-07   32.5   0.0  ind_0036_00035    147    182 +  cm    no 0.72  -
  (3) !   2.5e-07   32.3   0.0  ind_0036_00034    147    182 +  cm    no 0.61  -
  (4) !   4.7e-07   31.3   0.0  ind_0036_00000    147    182 +  cm    no 0.67  -
  (5) !   4.7e-07   31.3   0.0  ind_0036_00001    147    182 +  cm    no 0.67  -
  (6) !   4.7e-07   31.3   0.0  ind_0036_00002    147    182 +  cm    no 0.67  -
  (7) !   4.7e-07   31.3   0.0  ind_0036_00003    147    182 +  cm    no 0.67  -
  (8) !   4.7e-07   31.3   0.0  ind_0036_00005    147    182 +  cm    no 0.67  -
  (9) !   4.7e-07   31.3   0.0  ind_0036_00012    147    182 +  cm    no 0.67  -
 (10) !   4.7e-07   31.3   0.0  ind_0036_00014    147    182 +  cm    no 0.67  -
 (11) !   4.7e-07   31.3   0.0  ind_0036_00016    147    182 +  cm    no 0.67  -
 (12) !   4.7e-07   31.3   0.0  ind_0036_00017    147    182 +  cm    no 0.67  -
 (13) !   4.7e-07   31.3   0.0  ind_0036_00024    147    182 +  cm    no 0.67  -
 (14) !   4.7e-07   31.3   0.0  ind_0036_00025    147    182 +  cm    no 0.67  -
 (15) !   4.7e-07   31.3   0.0  ind_0036_00026    147    182 +  cm    no 0.67  -
 (16) !   4.7e-07   31.3   0.0  ind_0036_00027    147    182 +  cm    no 0.67  -
 (17) !   4.7e-07   31.3   0.0  ind_0036_00029    147    182 +  cm    no 0.67  -
 (18) !   4.7e-07   31.3   0.0  ind_0036_00032    147    182 +  cm    no 0.67  -
 (19) !   4.7e-07   31.3   0.0  ind_0036_00038    147    182 +  cm    no 0.67  -
 (20) !   4.7e-07   31.3   0.0  ind_0036_00041    147    182 +  cm    no 0.67  -
 (21) !   4.7e-07   31.3   0.0  ind_0036_00043    147    182 +  cm    no 0.67  -
 (22) !   4.7e-07   31.3   0.0  ind_0036_00045    147    182 +  cm    no 0.67  -
 (23) !   4.7e-07   31.3   0.0  ind_0036_00048    147    182 +  cm    no 0.67  -
 (24) !   4.7e-07   31.3   0.0  ind_0036_00049    147    182 +  cm    no 0.67  -
 (25) !   1.1e-06   29.9   0.0  ind_0036_00036    147    182 +  cm    no 0.69  -
 (26) !   1.1e-06   29.9   0.0  ind_0036_00040    147    182 +  cm    no 0.69  -
 (27) !   1.1e-06   29.9   0.0  ind_0036_00047    147    182 +  cm    no 0.69  -
 (28) !   1.3e-06   29.6   0.0  ind_0036_00004    147    182 +  cm    no 0.69  -
 (29) !   4.3e-06   27.7   0.0  ind_0036_00007    147    182 +  cm    no 0.67  -
 (30) !   4.8e-06   27.5   0.0  ind_0036_00019    147    182 +  cm    no 0.72  -
 (31) !   7.8e-06   26.7   0.0  ind_0036_00046    147    182 +  cm    no 0.64  -
 (32) !   8.2e-06   26.6   0.0  ind_0036_00010    147    180 +  cm    no 0.74  -
 (33) !   1.2e-05   26.0   0.0  ind_0036_00031    147    182 +  cm    no 0.64  -
 (34) !   1.2e-05   25.9   0.0  ind_0036_00028    147    182 +  cm    no 0.67  -
 (35) !   1.6e-05   25.5   0.0  ind_0036_00006    147    182 +  cm    no 0.64  -
 (36) !   2.2e-05   25.0   0.0  ind_0036_00009    147    182 +  cm    no 0.61  -
 (37) !   3.2e-05   24.4   0.0  ind_0036_00013    147    180 +  cm    no 0.71  -
 (38) !   3.3e-05   24.3   0.0  ind_0036_00020    147    182 +  cm    no 0.67  -
 (39) !     5e-05   23.6   0.0  ind_0036_00021    147    182 +  cm    no 0.64  -
 (40) !   9.9e-05   22.5   0.0  ind_0036_00044    147    182 +  cm    no 0.64  -
 (41) !   0.00012   22.2   0.0  ind_0036_00042    147    182 +  cm    no 0.67  -
 (42) !   0.00014   21.9   0.0  ind_0036_00008    147    182 +  cm    no 0.67  -
 (43) !   0.00015   21.9   0.0  ind_0036_00011    147    182 +  cm    no 0.64  -
 (44) !   0.00024   21.1   0.0  ind_0036_00015    147    182 +  cm    no 0.67  -
 (45) !   0.00031   20.7   0.0  ind_0036_00018    147    182 +  cm    no 0.67  -
 (46) !   0.00035   20.5   0.0  ind_0036_00039    147    182 +  cm    no 0.69  -
 (47) !     0.002   17.7   0.0  ind_0036_00022    147    182 +  cm    no 0.64  -
 (48) !    0.0033   16.8   0.0  ind_0036_00033    147    182 +  cm    no 0.64  -
 (49) !    0.0041   16.4   0.0  ind_0036_00023    147    182 +  cm    no 0.64  -
 ------ inclusion threshold ------
 (50) ?     0.032   13.1   0.0  ind_0036_00038    155    119 -  cm    no 0.49  -
 (51) ?     0.032   13.1   0.0  ind_0036_00012    155    119 -  cm    no 0.49  -
 (52) ?     0.043   12.6   0.0  ind_0036_00030    147    182 +  cm    no 0.64  -
 (53) ?     0.045   12.5   0.0  ind_0036_00011    155    141 -  cm    no 0.53  -
 (54) ?     0.069   11.8   0.0  ind_0036_00014    155    129 -  cm    no 0.48  -
 (55) ?     0.082   11.5   0.0  ind_0036_00020    155    130 -  cm    no 0.54  -
 (56) ?     0.093   11.3   0.0  ind_0036_00036    155    119 -  cm    no 0.46  -
 (57) ?      0.14   10.6   0.0  ind_0036_00021    155    119 -  cm    no 0.41  -
 (58) ?      0.14   10.6   0.0  ind_0036_00048    155    119 -  cm    no 0.46  -
 (59) ?      0.14   10.6   0.0  ind_0036_00002    155    119 -  cm    no 0.46  -
 (60) ?      0.14   10.6   0.0  ind_0036_00025    155    119 -  cm    no 0.46  -
 (61) ?      0.14   10.6   0.0  ind_0036_00027    155    119 -  cm    no 0.46  -
 (62) ?      0.14   10.6   0.0  ind_0036_00029    155    119 -  cm    no 0.46  -
 (63) ?      0.14   10.6   0.0  ind_0036_00026    155    119 -  cm    no 0.46  -
 (64) ?      0.14   10.6   0.0  ind_0036_00032    155    119 -  cm    no 0.43  -
 (65) ?      0.14   10.6   0.0  ind_0036_00042    155    119 -  cm    no 0.43  -
 (66) ?      0.14   10.6   0.0  ind_0036_00045    155    119 -  cm    no 0.43  -
 (67) ?      0.14   10.6   0.0  ind_0036_00030    155    119 -  cm    no 0.46  -
 (68) ?      0.14   10.6   0.0  ind_0036_00040    155    119 -  cm    no 0.43  -


Hit alignments:
>> ind_0036_00037  
 rank     E-value  score  bias mdl mdl from   mdl to       seq from      seq to       acc trunc   gc
 ----   --------- ------ ----- --- -------- --------    ----------- -----------      ---- ----- ----
  (1) !   1.3e-07   33.4   0.0  cm        1       36 []         147         182 + .. 1.00    no 0.67

                                                          NC
                     :::::<<<--<<<<<<_________>>>>>>-->>> CS
  patent_aligned   1 GGUCAGACCCUGGUCCGGGGCAAUGGGACCACUGUU 36 
                     GGUCAGACC  GG CC  GGCAA GGG CC CUGUU
  ind_0036_00037 147 GGUCAGACCAUGGUCCCAGGCAACGGGGCCGCUGUU 182
                     ************************************ PP

>> ind_0036_00035  
 rank     E-value  score  bias mdl mdl from   mdl to       seq from      seq to       acc trunc   gc
 ----   --------- ------ ----- --- -------- --------    ----------- -----------      ---- ----- ----
  (2) !   2.3e-07   32.5   0.0  cm        1       36 []         147         182 + .. 1.00    no 0.72

                                                          NC
                     :::::<<<--<<<<<<_________>>>>>>-->>> CS
  patent_aligned   1 GGUCAGACCCUGGUCCGGGGCAAUGGGACCACUGUU 36 
                     GGUC GACC  GG CC  GGCAA GGG CC CUGUU
  ind_0036_00035 147 GGUCUGACCGCGGCCCAAGGCAACGGGGCCGCUGUU 182
                     ************************************ PP

>> ind_0036_00034  
 rank     E-value  score  bias mdl mdl from   mdl to       seq from      seq to       acc trunc   gc
 ----   --------- ------ ----- --- -------- --------    ----------- -----------      ---- ----- ----
  (3) !   2.5e-07   32.3   0.0  cm        1       36 []         147         182 + .. 1.00    no 0.61

                                                          NC
                     :::::<<<--<<<<<<_________>>>>>>-->>> CS
  patent_aligned   1 GGUCAGACCCUGGUCCGGGGCAAUGGGACCACUGUU 36 
                     GGUCA:ACC  GG CC  GGCAA GGG CC CUGU:
  ind_0036_00034 147 GGUCAAACCAUGGUCCAAGGCAACGGGGCCGCUGUU 182
                     ************************************ PP

>> ind_0036_00000  
 rank     E-value  score  bias mdl mdl from   mdl to       seq from      seq to       acc trunc   gc
 ----   --------- ------ ----- --- -------- --------    ----------- -----------      ---- ----- ----
  (4) !   4.7e-07   31.3   0.0  cm        1       36 []         147         182 + .. 1.00    no 0.67

                                                          NC
                     :::::<<<--<<<<<<_________>>>>>>-->>> CS
  patent_aligned   1 GGUCAGACCCUGGUCCGGGGCAAUGGGACCACUGUU 36 
                     GGUC GACC  GG CC  GGCAA GGG CC CUGUU
  ind_0036_00000 147 GGUCUGACCACGGUCCAAGGCAACGGGGCCGCUGUU 182
                     ************************************ PP

>> ind_0036_00001  
 rank     E-value  score  bias mdl mdl from   mdl to       seq from      seq to       acc trunc   gc
 ----   --------- ------ ----- --- -------- --------    ----------- -----------      ---- ----- ----
  (5) !   4.7e-07   31.3   0.0  cm        1       36 []         147         182 + .. 1.00    no 0.67

                                                          NC
                     :::::<<<--<<<<<<_________>>>>>>-->>> CS
  patent_aligned   1 GGUCAGACCCUGGUCCGGGGCAAUGGGACCACUGUU 36 
                     GGUC GACC  GG CC  GGCAA GGG CC CUGUU
  ind_0036_00001 147 GGUCUGACCACGGUCCAAGGCAACGGGGCCGCUGUU 182
                     ************************************ PP

>> ind_0036_00002  
 rank     E-value  score  bias mdl mdl from   mdl to       seq from      seq to       acc trunc   gc
 ----   --------- ------ ----- --- -------- --------    ----------- -----------      ---- ----- ----
  (6) !   4.7e-07   31.3   0.0  cm        1       36 []         147         182 + .. 1.00    no 0.67

                                                          NC
                     :::::<<<--<<<<<<_________>>>>>>-->>> CS
  patent_aligned   1 GGUCAGACCCUGGUCCGGGGCAAUGGGACCACUGUU 36 
                     GGUC GACC  GG CC  GGCAA GGG CC CUGUU
  ind_0036_00002 147 GGUCUGACCACGGUCCAAGGCAACGGGGCCGCUGUU 182
                     ************************************ PP

>> ind_0036_00003  
 rank     E-value  score  bias mdl mdl from   mdl to       seq from      seq to       acc trunc   gc
 ----   --------- ------ ----- --- -------- --------    ----------- -----------      ---- ----- ----
  (7) !   4.7e-07   31.3   0.0  cm        1       36 []         147         182 + .. 1.00    no 0.67

                                                          NC
                     :::::<<<--<<<<<<_________>>>>>>-->>> CS
  patent_aligned   1 GGUCAGACCCUGGUCCGGGGCAAUGGGACCACUGUU 36 
                     GGUC GACC  GG CC  GGCAA GGG CC CUGUU
  ind_0036_00003 147 GGUCUGACCACGGUCCAAGGCAACGGGGCCGCUGUU 182
                     ************************************ PP

>> ind_0036_00005  
 rank     E-value  score  bias mdl mdl from   mdl to       seq from      seq to       acc trunc   gc
 ----   --------- ------ ----- --- -------- --------    ----------- -----------      ---- ----- ----
  (8) !   4.7e-07   31.3   0.0  cm        1       36 []         147         182 + .. 1.00    no 0.67

                                                          NC
                     :::::<<<--<<<<<<_________>>>>>>-->>> CS
  patent_aligned   1 GGUCAGACCCUGGUCCGGGGCAAUGGGACCACUGUU 36 
                     GGUC GACC  GG CC  GGCAA GGG CC CUGUU
  ind_0036_00005 147 GGUCUGACCACGGUCCAAGGCAACGGGGCCGCUGUU 182
                     ************************************ PP

>> ind_0036_00012  
 rank     E-value  score  bias mdl mdl from   mdl to       seq from      seq to       acc trunc   gc
 ----   --------- ------ ----- --- -------- --------    ----------- -----------      ---- ----- ----
  (9) !   4.7e-07   31.3   0.0  cm        1       36 []         147         182 + .. 1.00    no 0.67

                                                          NC
                     :::::<<<--<<<<<<_________>>>>>>-->>> CS
  patent_aligned   1 GGUCAGACCCUGGUCCGGGGCAAUGGGACCACUGUU 36 
                     GGUC GACC  GG CC  GGCAA GGG CC CUGUU
  ind_0036_00012 147 GGUCUGACCACGGUCCAAGGCAACGGGGCCGCUGUU 182
                     ************************************ PP

>> ind_0036_00014  
 rank     E-value  score  bias mdl mdl from   mdl to       seq from      seq to       acc trunc   gc
 ----   --------- ------ ----- --- -------- --------    ----------- -----------      ---- ----- ----
 (10) !   4.7e-07   31.3   0.0  cm        1       36 []         147         182 + .. 1.00    no 0.67

                                                          NC
                     :::::<<<--<<<<<<_________>>>>>>-->>> CS
  patent_aligned   1 GGUCAGACCCUGGUCCGGGGCAAUGGGACCACUGUU 36 
                     GGUC GACC  GG CC  GGCAA GGG CC CUGUU
  ind_0036_00014 147 GGUCUGACCACGGUCCAAGGCAACGGGGCCGCUGUU 182
                     ************************************ PP

>> ind_0036_00016  
 rank     E-value  score  bias mdl mdl from   mdl to       seq from      seq to       acc trunc   gc
 ----   --------- ------ ----- --- -------- --------    ----------- -----------      ---- ----- ----
 (11) !   4.7e-07   31.3   0.0  cm        1       36 []         147         182 + .. 1.00    no 0.67

                                                          NC
                     :::::<<<--<<<<<<_________>>>>>>-->>> CS
  patent_aligned   1 GGUCAGACCCUGGUCCGGGGCAAUGGGACCACUGUU 36 
                     GGUC GACC  GG CC  GGCAA GGG CC CUGUU
  ind_0036_00016 147 GGUCUGACCACGGUCCAAGGCAACGGGGCCGCUGUU 182
                     ************************************ PP

>> ind_0036_00017  
 rank     E-value  score  bias mdl mdl from   mdl to       seq from      seq to       acc trunc   gc
 ----   --------- ------ ----- --- -------- --------    ----------- -----------      ---- ----- ----
 (12) !   4.7e-07   31.3   0.0  cm        1       36 []         147         182 + .. 1.00    no 0.67

                                                          NC
                     :::::<<<--<<<<<<_________>>>>>>-->>> CS
  patent_aligned   1 GGUCAGACCCUGGUCCGGGGCAAUGGGACCACUGUU 36 
                     GGUC GACC  GG CC  GGCAA GGG CC CUGUU
  ind_0036_00017 147 GGUCUGACCACGGUCCAAGGCAACGGGGCCGCUGUU 182
                     ************************************ PP

>> ind_0036_00024  
 rank     E-value  score  bias mdl mdl from   mdl to       seq from      seq to       acc trunc   gc
 ----   --------- ------ ----- --- -------- --------    ----------- -----------      ---- ----- ----
 (13) !   4.7e-07   31.3   0.0  cm        1       36 []         147         182 + .. 1.00    no 0.67

                                                          NC
                     :::::<<<--<<<<<<_________>>>>>>-->>> CS
  patent_aligned   1 GGUCAGACCCUGGUCCGGGGCAAUGGGACCACUGUU 36 
                     GGUC GACC  GG CC  GGCAA GGG CC CUGUU
  ind_0036_00024 147 GGUCUGACCACGGUCCAAGGCAACGGGGCCGCUGUU 182
                     ************************************ PP

>> ind_0036_00025  
 rank     E-value  score  bias mdl mdl from   mdl to       seq from      seq to       acc trunc   gc
 ----   --------- ------ ----- --- -------- --------    ----------- -----------      ---- ----- ----
 (14) !   4.7e-07   31.3   0.0  cm        1       36 []         147         182 + .. 1.00    no 0.67

                                                          NC
                     :::::<<<--<<<<<<_________>>>>>>-->>> CS
  patent_aligned   1 GGUCAGACCCUGGUCCGGGGCAAUGGGACCACUGUU 36 
                     GGUC GACC  GG CC  GGCAA GGG CC CUGUU
  ind_0036_00025 147 GGUCUGACCACGGUCCAAGGCAACGGGGCCGCUGUU 182
                     ************************************ PP

>> ind_0036_00026  
 rank     E-value  score  bias mdl mdl from   mdl to       seq from      seq to       acc trunc   gc
 ----   --------- ------ ----- --- -------- --------    ----------- -----------      ---- ----- ----
 (15) !   4.7e-07   31.3   0.0  cm        1       36 []         147         182 + .. 1.00    no 0.67

                                                          NC
                     :::::<<<--<<<<<<_________>>>>>>-->>> CS
  patent_aligned   1 GGUCAGACCCUGGUCCGGGGCAAUGGGACCACUGUU 36 
                     GGUC GACC  GG CC  GGCAA GGG CC CUGUU
  ind_0036_00026 147 GGUCUGACCACGGUCCAAGGCAACGGGGCCGCUGUU 182
                     ************************************ PP

>> ind_0036_00027  
 rank     E-value  score  bias mdl mdl from   mdl to       seq from      seq to       acc trunc   gc
 ----   --------- ------ ----- --- -------- --------    ----------- -----------      ---- ----- ----
 (16) !   4.7e-07   31.3   0.0  cm        1       36 []         147         182 + .. 1.00    no 0.67

                                                          NC
                     :::::<<<--<<<<<<_________>>>>>>-->>> CS
  patent_aligned   1 GGUCAGACCCUGGUCCGGGGCAAUGGGACCACUGUU 36 
                     GGUC GACC  GG CC  GGCAA GGG CC CUGUU
  ind_0036_00027 147 GGUCUGACCACGGUCCAAGGCAACGGGGCCGCUGUU 182
                     ************************************ PP

>> ind_0036_00029  
 rank     E-value  score  bias mdl mdl from   mdl to       seq from      seq to       acc trunc   gc
 ----   --------- ------ ----- --- -------- --------    ----------- -----------      ---- ----- ----
 (17) !   4.7e-07   31.3   0.0  cm        1       36 []         147         182 + .. 1.00    no 0.67

                                                          NC
                     :::::<<<--<<<<<<_________>>>>>>-->>> CS
  patent_aligned   1 GGUCAGACCCUGGUCCGGGGCAAUGGGACCACUGUU 36 
                     GGUC GACC  GG CC  GGCAA GGG CC CUGUU
  ind_0036_00029 147 GGUCUGACCACGGUCCAAGGCAACGGGGCCGCUGUU 182
                     ************************************ PP

>> ind_0036_00032  
 rank     E-value  score  bias mdl mdl from   mdl to       seq from      seq to       acc trunc   gc
 ----   --------- ------ ----- --- -------- --------    ----------- -----------      ---- ----- ----
 (18) !   4.7e-07   31.3   0.0  cm        1       36 []         147         182 + .. 1.00    no 0.67

                                                          NC
                     :::::<<<--<<<<<<_________>>>>>>-->>> CS
  patent_aligned   1 GGUCAGACCCUGGUCCGGGGCAAUGGGACCACUGUU 36 
                     GGUC GACC  GG CC  GGCAA GGG CC CUGUU
  ind_0036_00032 147 GGUCUGACCACGGUCCAAGGCAACGGGGCCGCUGUU 182
                     ************************************ PP

>> ind_0036_00038  
 rank     E-value  score  bias mdl mdl from   mdl to       seq from      seq to       acc trunc   gc
 ----   --------- ------ ----- --- -------- --------    ----------- -----------      ---- ----- ----
 (19) !   4.7e-07   31.3   0.0  cm        1       36 []         147         182 + .. 1.00    no 0.67

                                                          NC
                     :::::<<<--<<<<<<_________>>>>>>-->>> CS
  patent_aligned   1 GGUCAGACCCUGGUCCGGGGCAAUGGGACCACUGUU 36 
                     GGUC GACC  GG CC  GGCAA GGG CC CUGUU
  ind_0036_00038 147 GGUCUGACCACGGUCCAAGGCAACGGGGCCGCUGUU 182
                     ************************************ PP

>> ind_0036_00041  
 rank     E-value  score  bias mdl mdl from   mdl to       seq from      seq to       acc trunc   gc
 ----   --------- ------ ----- --- -------- --------    ----------- -----------      ---- ----- ----
 (20) !   4.7e-07   31.3   0.0  cm        1       36 []         147         182 + .. 1.00    no 0.67

                                                          NC
                     :::::<<<--<<<<<<_________>>>>>>-->>> CS
  patent_aligned   1 GGUCAGACCCUGGUCCGGGGCAAUGGGACCACUGUU 36 
                     GGUC GACC  GG CC  GGCAA GGG CC CUGUU
  ind_0036_00041 147 GGUCUGACCACGGUCCAAGGCAACGGGGCCGCUGUU 182
                     ************************************ PP

>> ind_0036_00043  
 rank     E-value  score  bias mdl mdl from   mdl to       seq from      seq to       acc trunc   gc
 ----   --------- ------ ----- --- -------- --------    ----------- -----------      ---- ----- ----
 (21) !   4.7e-07   31.3   0.0  cm        1       36 []         147         182 + .. 1.00    no 0.67

                                                          NC
                     :::::<<<--<<<<<<_________>>>>>>-->>> CS
  patent_aligned   1 GGUCAGACCCUGGUCCGGGGCAAUGGGACCACUGUU 36 
                     GGUC GACC  GG CC  GGCAA GGG CC CUGUU
  ind_0036_00043 147 GGUCUGACCACGGUCCAAGGCAACGGGGCCGCUGUU 182
                     ************************************ PP

>> ind_0036_00045  
 rank     E-value  score  bias mdl mdl from   mdl to       seq from      seq to       acc trunc   gc
 ----   --------- ------ ----- --- -------- --------    ----------- -----------      ---- ----- ----
 (22) !   4.7e-07   31.3   0.0  cm        1       36 []         147         182 + .. 1.00    no 0.67

                                                          NC
                     :::::<<<--<<<<<<_________>>>>>>-->>> CS
  patent_aligned   1 GGUCAGACCCUGGUCCGGGGCAAUGGGACCACUGUU 36 
                     GGUC GACC  GG CC  GGCAA GGG CC CUGUU
  ind_0036_00045 147 GGUCUGACCACGGUCCAAGGCAACGGGGCCGCUGUU 182
                     ************************************ PP

>> ind_0036_00048  
 rank     E-value  score  bias mdl mdl from   mdl to       seq from      seq to       acc trunc   gc
 ----   --------- ------ ----- --- -------- --------    ----------- -----------      ---- ----- ----
 (23) !   4.7e-07   31.3   0.0  cm        1       36 []         147         182 + .. 1.00    no 0.67

                                                          NC
                     :::::<<<--<<<<<<_________>>>>>>-->>> CS
  patent_aligned   1 GGUCAGACCCUGGUCCGGGGCAAUGGGACCACUGUU 36 
                     GGUC GACC  GG CC  GGCAA GGG CC CUGUU
  ind_0036_00048 147 GGUCUGACCACGGUCCAAGGCAACGGGGCCGCUGUU 182
                     ************************************ PP

>> ind_0036_00049  
 rank     E-value  score  bias mdl mdl from   mdl to       seq from      seq to       acc trunc   gc
 ----   --------- ------ ----- --- -------- --------    ----------- -----------      ---- ----- ----
 (24) !   4.7e-07   31.3   0.0  cm        1       36 []         147         182 + .. 1.00    no 0.67

                                                          NC
                     :::::<<<--<<<<<<_________>>>>>>-->>> CS
  patent_aligned   1 GGUCAGACCCUGGUCCGGGGCAAUGGGACCACUGUU 36 
                     GGUC GACC  GG CC  GGCAA GGG CC CUGUU
  ind_0036_00049 147 GGUCUGACCACGGUCCAAGGCAACGGGGCCGCUGUU 182
                     ************************************ PP

>> ind_0036_00036  
 rank     E-value  score  bias mdl mdl from   mdl to       seq from      seq to       acc trunc   gc
 ----   --------- ------ ----- --- -------- --------    ----------- -----------      ---- ----- ----
 (25) !   1.1e-06   29.9   0.0  cm        1       36 []         147         182 + .. 1.00    no 0.69

                                                          NC
                     :::::<<<--<<<<<<_________>>>>>>-->>> CS
  patent_aligned   1 GGUCAGACCCUGGUCCGGGGCAAUGGGACCACUGUU 36 
                     GGUC GACC  GG CC  GGCAA GGG CC CUGUU
  ind_0036_00036 147 GGUCUGACCACGGUCCCAGGCAACGGGGCCGCUGUU 182
                     ************************************ PP

>> ind_0036_00040  
 rank     E-value  score  bias mdl mdl from   mdl to       seq from      seq to       acc trunc   gc
 ----   --------- ------ ----- --- -------- --------    ----------- -----------      ---- ----- ----
 (26) !   1.1e-06   29.9   0.0  cm        1       36 []         147         182 + .. 1.00    no 0.69

                                                          NC
                     :::::<<<--<<<<<<_________>>>>>>-->>> CS
  patent_aligned   1 GGUCAGACCCUGGUCCGGGGCAAUGGGACCACUGUU 36 
                     GGUC GACC  GG CC  GGCAA GGG CC CUGUU
  ind_0036_00040 147 GGUCUGACCACGGUCCCAGGCAACGGGGCCGCUGUU 182
                     ************************************ PP

>> ind_0036_00047  
 rank     E-value  score  bias mdl mdl from   mdl to       seq from      seq to       acc trunc   gc
 ----   --------- ------ ----- --- -------- --------    ----------- -----------      ---- ----- ----
 (27) !   1.1e-06   29.9   0.0  cm        1       36 []         147         182 + .. 1.00    no 0.69

                                                          NC
                     :::::<<<--<<<<<<_________>>>>>>-->>> CS
  patent_aligned   1 GGUCAGACCCUGGUCCGGGGCAAUGGGACCACUGUU 36 
                     GGUC GACC  GG CC  GGCAA GGG CC CUGUU
  ind_0036_00047 147 GGUCUGACCACGGUCCCAGGCAACGGGGCCGCUGUU 182
                     ************************************ PP

>> ind_0036_00004  
 rank     E-value  score  bias mdl mdl from   mdl to       seq from      seq to       acc trunc   gc
 ----   --------- ------ ----- --- -------- --------    ----------- -----------      ---- ----- ----
 (28) !   1.3e-06   29.6   0.0  cm        1       36 []         147         182 + .. 1.00    no 0.69

                                  v             v         NC
                     :::::<<<--<<<<<<_________>>>>>>-->>> CS
  patent_aligned   1 GGUCAGACCCUGGUCCGGGGCAAUGGGACCACUGUU 36 
                     GGUC GACCC GG CC  GGCAA GGG CC CUGUU
  ind_0036_00004 147 GGUCUGACCCUGGACCCAGGCAACGGGGCCGCUGUU 182
                     ************************************ PP

>> ind_0036_00007  
 rank     E-value  score  bias mdl mdl from   mdl to       seq from      seq to       acc trunc   gc
 ----   --------- ------ ----- --- -------- --------    ----------- -----------      ---- ----- ----
 (29) !   4.3e-06   27.7   0.0  cm        1       36 []         147         182 + .. 1.00    no 0.67

                                  v             v         NC
                     :::::<<<--<<<<<<_________>>>>>>-->>> CS
  patent_aligned   1 GGUCAGACCCUGGUCCGGGGCAAUGGGACCACUGUU 36 
                     GGUC GACC  GG CC  GGCAA GGG CC CUGUU
  ind_0036_00007 147 GGUCUGACCACGGUCCCAGGCAACGGGUCCGCUGUU 182
                     ************************************ PP

>> ind_0036_00019  
 rank     E-value  score  bias mdl mdl from   mdl to       seq from      seq to       acc trunc   gc
 ----   --------- ------ ----- --- -------- --------    ----------- -----------      ---- ----- ----
 (30) !   4.8e-06   27.5   0.0  cm        1       36 []         147         182 + .. 0.99    no 0.72

                                  v             v         NC
                     :::::<<<--<<<<<<_________>>>>>>-->>> CS
  patent_aligned   1 GGUCAGACCCUGGUCCGGGGCAAUGGGACCACUGUU 36 
                     GGUC GACCC GG CC  GGCAA GGG CC CUGUU
  ind_0036_00019 147 GGUCUGACCCGGGGCCCAGGCAACGGGGCCUCUGUU 182
                     *************9999******************* PP

>> ind_0036_00046  
 rank     E-value  score  bias mdl mdl from   mdl to       seq from      seq to       acc trunc   gc
 ----   --------- ------ ----- --- -------- --------    ----------- -----------      ---- ----- ----
 (31) !   7.8e-06   26.7   0.0  cm        1       36 []         147         182 + .. 1.00    no 0.64

                                                          NC
                     :::::<<<--<<<<<<_________>>>>>>-->>> CS
  patent_aligned   1 GGUCAGACCCUGGUCCGGGGCAAUGGGACCACUGUU 36 
                      GUC GACC  GG CC  GGCAA GGG CC CUGUU
  ind_0036_00046 147 UGUCUGACCACGGUCCAAGGCAACGGGGCCGCUGUU 182
                     ************************************ PP

>> ind_0036_00010  
 rank     E-value  score  bias mdl mdl from   mdl to       seq from      seq to       acc trunc   gc
 ----   --------- ------ ----- --- -------- --------    ----------- -----------      ---- ----- ----
 (32) !   8.2e-06   26.6   0.0  cm        1       36 []         147         180 + .. 1.00    no 0.74

                          vv                           vv NC
                     :::::<<<--<<<<<<_________>>>>>>-->>> CS
  patent_aligned   1 GGUCAGACCCUGGUCCGGGGCAAUGGGACCACUGUU 36 
                     GGUC GACC  GG CCG GGCAA GGG CC CUG  
  ind_0036_00010 147 GGUCUGACCGUGGUCCGAGGCAACGGGGCCGCUG-- 180
                     **********************************.. PP

>> ind_0036_00031  
 rank     E-value  score  bias mdl mdl from   mdl to       seq from      seq to       acc trunc   gc
 ----   --------- ------ ----- --- -------- --------    ----------- -----------      ---- ----- ----
 (33) !   1.2e-05   26.0   0.0  cm        1       36 []         147         182 + .. 1.00    no 0.64

                                                          NC
                     :::::<<<--<<<<<<_________>>>>>>-->>> CS
  patent_aligned   1 GGUCAGACCCUGGUCCGGGGCAAUGGGACCACUGUU 36 
                     GGUC GACC  GG CC  GG AA GGG CC CUGUU
  ind_0036_00031 147 GGUCUGACCACGGUCCAAGGAAACGGGGCCGCUGUU 182
                     ************************************ PP

>> ind_0036_00028  
 rank     E-value  score  bias mdl mdl from   mdl to       seq from      seq to       acc trunc   gc
 ----   --------- ------ ----- --- -------- --------    ----------- -----------      ---- ----- ----
 (34) !   1.2e-05   25.9   0.0  cm        1       36 []         147         182 + .. 0.99    no 0.67

                                                          NC
                     :::::<<<--<<<<<<_________>>>>>>-->>> CS
  patent_aligned   1 GGUCAGACCCUGGUCCGGGGCAAUGGGACCACUGUU 36 
                     GGUC GACC  GG CC  GGCA  GGG CC CUGUU
  ind_0036_00028 147 GGUCUGACCACGGUCCAAGGCAUCGGGGCCGCUGUU 182
                     **********************999*********** PP

>> ind_0036_00006  
 rank     E-value  score  bias mdl mdl from   mdl to       seq from      seq to       acc trunc   gc
 ----   --------- ------ ----- --- -------- --------    ----------- -----------      ---- ----- ----
 (35) !   1.6e-05   25.5   0.0  cm        1       36 []         147         182 + .. 1.00    no 0.64

                                                          NC
                     :::::<<<--<<<<<<_________>>>>>>-->>> CS
  patent_aligned   1 GGUCAGACCCUGGUCCGGGGCAAUGGGACCACUGUU 36 
                     GGUC :ACC  GG CC  GGCAA GGG CC CUGU:
  ind_0036_00006 147 GGUCUAACCAUGGUCCCAGGCAACGGGGCCGCUGUU 182
                     ************************************ PP

>> ind_0036_00009  
 rank     E-value  score  bias mdl mdl from   mdl to       seq from      seq to       acc trunc   gc
 ----   --------- ------ ----- --- -------- --------    ----------- -----------      ---- ----- ----
 (36) !   2.2e-05   25.0   0.0  cm        1       36 []         147         182 + .. 1.00    no 0.61

                                                          NC
                     :::::<<<--<<<<<<_________>>>>>>-->>> CS
  patent_aligned   1 GGUCAGACCCUGGUCCGGGGCAAUGGGACCACUGUU 36 
                     G UC GACC  GG CC  GGCAA GGG CC CUGUU
  ind_0036_00009 147 GAUCUGACCAUGGUCCAAGGCAACGGGGCCGCUGUU 182
                     ************************************ PP

>> ind_0036_00013  
 rank     E-value  score  bias mdl mdl from   mdl to       seq from      seq to       acc trunc   gc
 ----   --------- ------ ----- --- -------- --------    ----------- -----------      ---- ----- ----
 (37) !   3.2e-05   24.4   0.0  cm        1       36 []         147         180 + .. 1.00    no 0.71

                          vv                           vv NC
                     :::::<<<--<<<<<<_________>>>>>>-->>> CS
  patent_aligned   1 GGUCAGACCCUGGUCCGGGGCAAUGGGACCACUGUU 36 
                     GGUC GACC  GG CC  GGCAA GGG CC CUG  
  ind_0036_00013 147 GGUCUGACCACGGUCCAAGGCAACGGGGCCGCUG-- 180
                     **********************************.. PP

>> ind_0036_00020  
 rank     E-value  score  bias mdl mdl from   mdl to       seq from      seq to       acc trunc   gc
 ----   --------- ------ ----- --- -------- --------    ----------- -----------      ---- ----- ----
 (38) !   3.3e-05   24.3   0.0  cm        1       36 []         147         182 + .. 0.99    no 0.67

                                                          NC
                     :::::<<<--<<<<<<_________>>>>>>-->>> CS
  patent_aligned   1 GGUCAGACCCUGGUCCGGGGCAAUGGGACCACUGUU 36 
                     GGUC GACC  GG CC   GCAA GGG CC CUGUU
  ind_0036_00020 147 GGUCUGACCACGGUCCCAUGCAACGGGGCCGCUGUU 182
                     ****************999***************** PP

>> ind_0036_00021  
 rank     E-value  score  bias mdl mdl from   mdl to       seq from      seq to       acc trunc   gc
 ----   --------- ------ ----- --- -------- --------    ----------- -----------      ---- ----- ----
 (39) !     5e-05   23.6   0.0  cm        1       36 []         147         182 + .. 1.00    no 0.64

                            v                         v   NC
                     :::::<<<--<<<<<<_________>>>>>>-->>> CS
  patent_aligned   1 GGUCAGACCCUGGUCCGGGGCAAUGGGACCACUGUU 36 
                     GGUC GA C  GG CC  GGCAA GGG CC CU UU
  ind_0036_00021 147 GGUCUGACCACGGUCCAAGGCAACGGGGCCGCUAUU 182
                     ************************************ PP

>> ind_0036_00044  
 rank     E-value  score  bias mdl mdl from   mdl to       seq from      seq to       acc trunc   gc
 ----   --------- ------ ----- --- -------- --------    ----------- -----------      ---- ----- ----
 (40) !   9.9e-05   22.5   0.0  cm        1       36 []         147         182 + .. 1.00    no 0.64

                                                          NC
                     :::::<<<--<<<<<<_________>>>>>>-->>> CS
  patent_aligned   1 GGUCAGACCCUGGUCCGGGGCAAUGGGACCACUGUU 36 
                     GGUC GA C  GG CC  GGCAA GGG CC CU UU
  ind_0036_00044 147 GGUCUGAUCAUGGUCCCAGGCAACGGGGCCGCUGUU 182
                     ************************************ PP

>> ind_0036_00042  
 rank     E-value  score  bias mdl mdl from   mdl to       seq from      seq to       acc trunc   gc
 ----   --------- ------ ----- --- -------- --------    ----------- -----------      ---- ----- ----
 (41) !   0.00012   22.2   0.0  cm        1       36 []         147         182 + .. 1.00    no 0.67

                                v                 v       NC
                     :::::<<<--<<<<<<_________>>>>>>-->>> CS
  patent_aligned   1 GGUCAGACCCUGGUCCGGGGCAAUGGGACCACUGUU 36 
                     GGUC GACC   G CC  GGCAA GGG C  CUGUU
  ind_0036_00042 147 GGUCUGACCACCGUCCAAGGCAACGGGGCCGCUGUU 182
                     ************************************ PP

>> ind_0036_00008  
 rank     E-value  score  bias mdl mdl from   mdl to       seq from      seq to       acc trunc   gc
 ----   --------- ------ ----- --- -------- --------    ----------- -----------      ---- ----- ----
 (42) !   0.00014   21.9   0.0  cm        1       36 []         147         182 + .. 1.00    no 0.67

                            v                         v   NC
                     :::::<<<--<<<<<<_________>>>>>>-->>> CS
  patent_aligned   1 GGUCAGACCCUGGUCCGGGGCAAUGGGACCACUGUU 36 
                     GGUC GA C  GG CC  GGCAA GGG CC CU UU
  ind_0036_00008 147 GGUCUGAGCACGGUCCAAGGCAACGGGGCCGCUGUU 182
                     ************************************ PP

>> ind_0036_00011  
 rank     E-value  score  bias mdl mdl from   mdl to       seq from      seq to       acc trunc   gc
 ----   --------- ------ ----- --- -------- --------    ----------- -----------      ---- ----- ----
 (43) !   0.00015   21.9   0.0  cm        1       36 []         147         182 + .. 0.99    no 0.64

                                    v         v           NC
                     :::::<<<--<<<<<<_________>>>>>>-->>> CS
  patent_aligned   1 GGUCAGACCCUGGUCCGGGGCAAUGGGACCACUGUU 36 
                     GGUC GACC  GG C   GGCAA G G CC CUGUU
  ind_0036_00011 147 GGUCUGACCACGGUCAAAGGCAACGGGGCCGCUGUU 182
                     ************************************ PP

>> ind_0036_00015  
 rank     E-value  score  bias mdl mdl from   mdl to       seq from      seq to       acc trunc   gc
 ----   --------- ------ ----- --- -------- --------    ----------- -----------      ---- ----- ----
 (44) !   0.00024   21.1   0.0  cm        1       36 []         147         182 + .. 1.00    no 0.67

                                                          NC
                     :::::<<<--<<<<<<_________>>>>>>-->>> CS
  patent_aligned   1 GGUCAGACCCUGGUCCGGGGCAAUGGGACCACUGUU 36 
                     G  C GACC  GG CC  GGCAA GGG CC CUGUU
  ind_0036_00015 147 GAACUGACCACGGUCCCAGGCAACGGGGCCGCUGUU 182
                     ************************************ PP

>> ind_0036_00018  
 rank     E-value  score  bias mdl mdl from   mdl to       seq from      seq to       acc trunc   gc
 ----   --------- ------ ----- --- -------- --------    ----------- -----------      ---- ----- ----
 (45) !   0.00031   20.7   0.0  cm        1       36 []         147         182 + .. 0.98    no 0.67

                                                          NC
                     :::::<<<--<<<<<<_________>>>>>>-->>> CS
  patent_aligned   1 GGUCAGACCCUGGUCCGGGGCAAUGGGACCACUGUU 36 
                     GG C GACC  GG CC  G CAA GGG CC CUGUU
  ind_0036_00018 147 GGACUGACCACGGUCCAAGCCAACGGGGCCGCUGUU 182
                     ****************99999*************** PP

>> ind_0036_00039  
 rank     E-value  score  bias mdl mdl from   mdl to       seq from      seq to       acc trunc   gc
 ----   --------- ------ ----- --- -------- --------    ----------- -----------      ---- ----- ----
 (46) !   0.00035   20.5   0.0  cm        1       36 []         147         182 + .. 0.98    no 0.69

                                    v         v           NC
                     :::::<<<--<<<<<<_________>>>>>>-->>> CS
  patent_aligned   1 GGUCAGACCCUGGUCCGGGGCAAUGGGACCACUGUU 36 
                     GGUC GACC  GG C   GGCAA G G CC CUGUU
  ind_0036_00039 147 GGUCUGACCACGGUCCCAGGCAACGCGGCCGCUGUU 182
                     ***************999***9999999******** PP

>> ind_0036_00022  
 rank     E-value  score  bias mdl mdl from   mdl to       seq from      seq to       acc trunc   gc
 ----   --------- ------ ----- --- -------- --------    ----------- -----------      ---- ----- ----
 (47) !     0.002   17.7   0.0  cm        1       36 []         147         182 + .. 0.99    no 0.64

                                 v               v        NC
                     :::::<<<--<<<<<<_________>>>>>>-->>> CS
  patent_aligned   1 GGUCAGACCCUGGUCCGGGGCAAUGGGACCACUGUU 36 
                     GGUC GACC  G  CC  GGCAA GGG  C C GUU
  ind_0036_00022 147 GGUCUGACCACGGUCCAAGGCAACGGGGACGCAGUU 182
                     ************************99999******* PP

>> ind_0036_00033  
 rank     E-value  score  bias mdl mdl from   mdl to       seq from      seq to       acc trunc   gc
 ----   --------- ------ ----- --- -------- --------    ----------- -----------      ---- ----- ----
 (48) !    0.0033   16.8   0.0  cm        1       36 []         147         182 + .. 1.00    no 0.64

                                 v               v        NC
                     :::::<<<--<<<<<<_________>>>>>>-->>> CS
  patent_aligned   1 GGUCAGACCCUGGUCCGGGGCAAUGGGACCACUGUU 36 
                      GUC GACC  G  CC  GGCAA GGG  C CUGUU
  ind_0036_00033 147 AGUCUGACCACGUUCCCAGGCAACGGGGCCGCUGUU 182
                     ************************************ PP

>> ind_0036_00023  
 rank     E-value  score  bias mdl mdl from   mdl to       seq from      seq to       acc trunc   gc
 ----   --------- ------ ----- --- -------- --------    ----------- -----------      ---- ----- ----
 (49) !    0.0041   16.4   0.0  cm        1       36 []         147         182 + .. 0.93    no 0.64

                                 v               v        NC
                     :::::<<<--<<<<<<_________>>>>>>-->>> CS
  patent_aligned   1 GGUCAGACCCUGGUCCGGGGCAAUGGGACCACUGUU 36 
                     GGUC GACC  G  CC  G CAA GGG  C CUGUU
  ind_0036_00023 147 GGUCUGACCACGGUCCAAGCCAACGGGGACGCUGUU 182
                     ****************88888988888889****** PP

>> ind_0036_00038  
 rank     E-value  score  bias mdl mdl from   mdl to       seq from      seq to       acc trunc   gc
 ----   --------- ------ ----- --- -------- --------    ----------- -----------      ---- ----- ----
 (50) ?     0.032   13.1   0.0  cm        1       36 []         155         119 - .. 0.98    no 0.49

                                         NC
                     :::::<<<--~~~~~~>>> CS
  patent_aligned   1 GGUCAGACCC*[23]*GUU 36 
                     GGUCAGACCC      GUU
  ind_0036_00038 155 GGUCAGACCC*[24]*GUU 119
                     *********8...9..*** PP

>> ind_0036_00012  
 rank     E-value  score  bias mdl mdl from   mdl to       seq from      seq to       acc trunc   gc
 ----   --------- ------ ----- --- -------- --------    ----------- -----------      ---- ----- ----
 (51) ?     0.032   13.1   0.0  cm        1       36 []         155         119 - .. 0.98    no 0.49

                                         NC
                     :::::<<<--~~~~~~>>> CS
  patent_aligned   1 GGUCAGACCC*[23]*GUU 36 
                     GGUCAGACCC      GUU
  ind_0036_00012 155 GGUCAGACCC*[24]*GUU 119
                     *********8...9..*** PP

>> ind_0036_00030  
 rank     E-value  score  bias mdl mdl from   mdl to       seq from      seq to       acc trunc   gc
 ----   --------- ------ ----- --- -------- --------    ----------- -----------      ---- ----- ----
 (52) ?     0.043   12.6   0.0  cm        1       36 []         147         182 + .. 0.86    no 0.64

                                                           NC
                     :::::<<<-.-<<<<<<_________>>>>>>-->>> CS
  patent_aligned   1 GGUCAGACC.CUGGUCCGGGGCAAUGGGACCACUGUU 36 
                     GGUC GACC   G  CC  GGCAA GGG  C CUGUU
  ind_0036_00030 147 GGUCUGACCaUUGUCCC-AGGCAACGGGGGCGCUGUU 182
                     *********44677777.578*9999999999***** PP

>> ind_0036_00011  
 rank     E-value  score  bias mdl mdl from   mdl to       seq from      seq to       acc trunc   gc
 ----   --------- ------ ----- --- -------- --------    ----------- -----------      ---- ----- ----
 (53) ?     0.045   12.5   0.0  cm        1       36 []         155         141 - .. 0.98    no 0.53

                                        NC
                     :::::<<<-~~~~~~>>> CS
  patent_aligned   1 GGUCAGACC*[24]*GUU 36 
                     GGUCAGACC      GUU
  ind_0036_00011 155 GGUCAGACC*[ 3]*GUU 141
                     ********8...9..*** PP

>> ind_0036_00014  
 rank     E-value  score  bias mdl mdl from   mdl to       seq from      seq to       acc trunc   gc
 ----   --------- ------ ----- --- -------- --------    ----------- -----------      ---- ----- ----
 (54) ?     0.069   11.8   0.0  cm        1       36 []         155         129 - .. 0.97    no 0.48

                                        NC
                     :::::<<<-~~~~~~>>> CS
  patent_aligned   1 GGUCAGACC*[24]*GUU 36 
                     GGUCAGACC      GUU
  ind_0036_00014 155 GGUCAGACC*[15]*GUU 129
                     ********8...9..*** PP

>> ind_0036_00020  
 rank     E-value  score  bias mdl mdl from   mdl to       seq from      seq to       acc trunc   gc
 ----   --------- ------ ----- --- -------- --------    ----------- -----------      ---- ----- ----
 (55) ?     0.082   11.5   0.0  cm        1       36 []         155         130 - .. 0.99    no 0.54

                                        NC
                     :::::<<<-~~~~~~>>> CS
  patent_aligned   1 GGUCAGACC*[24]*GUU 36 
                     GGUCAGACC      GUU
  ind_0036_00020 155 GGUCAGACC*[14]*GUU 130
                     ********8...*..*** PP

>> ind_0036_00036  
 rank     E-value  score  bias mdl mdl from   mdl to       seq from      seq to       acc trunc   gc
 ----   --------- ------ ----- --- -------- --------    ----------- -----------      ---- ----- ----
 (56) ?     0.093   11.3   0.0  cm        1       36 []         155         119 - .. 0.94    no 0.46

                                        NC
                     :::::<<<-~~~~~~>>> CS
  patent_aligned   1 GGUCAGACC*[24]*GUU 36 
                     GGUCAGACC      GUU
  ind_0036_00036 155 GGUCAGACC*[25]*GUU 119
                     ********9...9..*** PP

>> ind_0036_00021  
 rank     E-value  score  bias mdl mdl from   mdl to       seq from      seq to       acc trunc   gc
 ----   --------- ------ ----- --- -------- --------    ----------- -----------      ---- ----- ----
 (57) ?      0.14   10.6   0.0  cm        1       36 []         155         119 - .. 0.99    no 0.41

                                        NC
                     :::::<<<-~~~~~~>>> CS
  patent_aligned   1 GGUCAGACC*[24]*GUU 36 
                     GGUCAGACC      GUU
  ind_0036_00021 155 GGUCAGACC*[25]*GUU 119
                     ********8...*..*** PP

>> ind_0036_00048  
 rank     E-value  score  bias mdl mdl from   mdl to       seq from      seq to       acc trunc   gc
 ----   --------- ------ ----- --- -------- --------    ----------- -----------      ---- ----- ----
 (58) ?      0.14   10.6   0.0  cm        1       36 []         155         119 - .. 0.99    no 0.46

                                        NC
                     :::::<<<-~~~~~~>>> CS
  patent_aligned   1 GGUCAGACC*[24]*GUU 36 
                     GGUCAGACC      GUU
  ind_0036_00048 155 GGUCAGACC*[25]*GUU 119
                     ********8...*..*** PP

>> ind_0036_00002  
 rank     E-value  score  bias mdl mdl from   mdl to       seq from      seq to       acc trunc   gc
 ----   --------- ------ ----- --- -------- --------    ----------- -----------      ---- ----- ----
 (59) ?      0.14   10.6   0.0  cm        1       36 []         155         119 - .. 0.99    no 0.46

                                        NC
                     :::::<<<-~~~~~~>>> CS
  patent_aligned   1 GGUCAGACC*[24]*GUU 36 
                     GGUCAGACC      GUU
  ind_0036_00002 155 GGUCAGACC*[25]*GUU 119
                     ********8...*..*** PP

>> ind_0036_00025  
 rank     E-value  score  bias mdl mdl from   mdl to       seq from      seq to       acc trunc   gc
 ----   --------- ------ ----- --- -------- --------    ----------- -----------      ---- ----- ----
 (60) ?      0.14   10.6   0.0  cm        1       36 []         155         119 - .. 0.99    no 0.46

                                        NC
                     :::::<<<-~~~~~~>>> CS
  patent_aligned   1 GGUCAGACC*[24]*GUU 36 
                     GGUCAGACC      GUU
  ind_0036_00025 155 GGUCAGACC*[25]*GUU 119
                     ********8...*..*** PP

>> ind_0036_00027  
 rank     E-value  score  bias mdl mdl from   mdl to       seq from      seq to       acc trunc   gc
 ----   --------- ------ ----- --- -------- --------    ----------- -----------      ---- ----- ----
 (61) ?      0.14   10.6   0.0  cm        1       36 []         155         119 - .. 0.99    no 0.46

                                        NC
                     :::::<<<-~~~~~~>>> CS
  patent_aligned   1 GGUCAGACC*[24]*GUU 36 
                     GGUCAGACC      GUU
  ind_0036_00027 155 GGUCAGACC*[25]*GUU 119
                     ********8...*..*** PP

>> ind_0036_00029  
 rank     E-value  score  bias mdl mdl from   mdl to       seq from      seq to       acc trunc   gc
 ----   --------- ------ ----- --- -------- --------    ----------- -----------      ---- ----- ----
 (62) ?      0.14   10.6   0.0  cm        1       36 []         155         119 - .. 0.99    no 0.46

                                        NC
                     :::::<<<-~~~~~~>>> CS
  patent_aligned   1 GGUCAGACC*[24]*GUU 36 
                     GGUCAGACC      GUU
  ind_0036_00029 155 GGUCAGACC*[25]*GUU 119
                     ********8...*..*** PP

>> ind_0036_00026  
 rank     E-value  score  bias mdl mdl from   mdl to       seq from      seq to       acc trunc   gc
 ----   --------- ------ ----- --- -------- --------    ----------- -----------      ---- ----- ----
 (63) ?      0.14   10.6   0.0  cm        1       36 []         155         119 - .. 0.99    no 0.46

                                        NC
                     :::::<<<-~~~~~~>>> CS
  patent_aligned   1 GGUCAGACC*[24]*GUU 36 
                     GGUCAGACC      GUU
  ind_0036_00026 155 GGUCAGACC*[25]*GUU 119
                     ********8...*..*** PP

>> ind_0036_00032  
 rank     E-value  score  bias mdl mdl from   mdl to       seq from      seq to       acc trunc   gc
 ----   --------- ------ ----- --- -------- --------    ----------- -----------      ---- ----- ----
 (64) ?      0.14   10.6   0.0  cm        1       36 []         155         119 - .. 0.99    no 0.43

                                        NC
                     :::::<<<-~~~~~~>>> CS
  patent_aligned   1 GGUCAGACC*[24]*GUU 36 
                     GGUCAGACC      GUU
  ind_0036_00032 155 GGUCAGACC*[25]*GUU 119
                     ********8...*..*** PP

>> ind_0036_00042  
 rank     E-value  score  bias mdl mdl from   mdl to       seq from      seq to       acc trunc   gc
 ----   --------- ------ ----- --- -------- --------    ----------- -----------      ---- ----- ----
 (65) ?      0.14   10.6   0.0  cm        1       36 []         155         119 - .. 0.99    no 0.43

                                        NC
                     :::::<<<-~~~~~~>>> CS
  patent_aligned   1 GGUCAGACC*[24]*GUU 36 
                     GGUCAGACC      GUU
  ind_0036_00042 155 GGUCAGACC*[25]*GUU 119
                     ********8...*..*** PP

>> ind_0036_00045  
 rank     E-value  score  bias mdl mdl from   mdl to       seq from      seq to       acc trunc   gc
 ----   --------- ------ ----- --- -------- --------    ----------- -----------      ---- ----- ----
 (66) ?      0.14   10.6   0.0  cm        1       36 []         155         119 - .. 0.99    no 0.43

                                        NC
                     :::::<<<-~~~~~~>>> CS
  patent_aligned   1 GGUCAGACC*[24]*GUU 36 
                     GGUCAGACC      GUU
  ind_0036_00045 155 GGUCAGACC*[25]*GUU 119
                     ********8...*..*** PP

>> ind_0036_00030  
 rank     E-value  score  bias mdl mdl from   mdl to       seq from      seq to       acc trunc   gc
 ----   --------- ------ ----- --- -------- --------    ----------- -----------      ---- ----- ----
 (67) ?      0.14   10.6   0.0  cm        1       36 []         155         119 - .. 0.99    no 0.46

                                        NC
                     :::::<<<-~~~~~~>>> CS
  patent_aligned   1 GGUCAGACC*[24]*GUU 36 
                     GGUCAGACC      GUU
  ind_0036_00030 155 GGUCAGACC*[25]*GUU 119
                     ********8...*..*** PP

>> ind_0036_00040  
 rank     E-value  score  bias mdl mdl from   mdl to       seq from      seq to       acc trunc   gc
 ----   --------- ------ ----- --- -------- --------    ----------- -----------      ---- ----- ----
 (68) ?      0.14   10.6   0.0  cm        1       36 []         155         119 - .. 0.99    no 0.43

                                        NC
                     :::::<<<-~~~~~~>>> CS
  patent_aligned   1 GGUCAGACC*[24]*GUU 36 
                     GGUCAGACC      GUU
  ind_0036_00040 155 GGUCAGACC*[25]*GUU 119
                     ********8...*..*** PP



Internal CM pipeline statistics summary:
----------------------------------------
Query model(s):                                                  1  (36 consensus positions)
Target sequences:                                               50  (19700 residues searched)
Target sequences re-searched for truncated hits:                50  (10200 residues re-searched)
Windows   passing  local HMM SSV           filter:             304  (0.5822); expected (0.35)
Windows   passing  local HMM Viterbi       filter:                  (off)
Windows   passing  local HMM Viterbi  bias filter:                  (off)
Windows   passing  local HMM Forward       filter:             185  (0.3749); expected (0.02)
Windows   passing  local HMM Forward  bias filter:             181  (0.3612); expected (0.02)
Windows   passing glocal HMM Forward       filter:             125  (0.28); expected (0.02)
Windows   passing glocal HMM Forward  bias filter:             115  (0.246); expected (0.02)
Envelopes passing glocal HMM envelope defn filter:             114  (0.1612); expected (0.02)
Envelopes passing  local CM  CYK           filter:             110  (0.1544); expected (0.0001)
Total CM hits reported:                                         68  (0.0809); includes 0 truncated hit(s)

# CPU time: 0.92u 0.00s 00:00:00.92 Elapsed: 00:00:00.94
# Alignment of 49 hits satisfying inclusion thresholds saved to: optimization_a7/100gen/_workspace/cmsearch_logs/gen_0036/patent_cmsearch.sto
//
[ok]
