# cmsearch :: search CM(s) against a sequence database
# INFERNAL 1.1.5 (Sep 2023)
# Copyright (C) 2023 Howard Hughes Medical Institute.
# Freely distributed under the BSD open source license.
# - - - - - - - - - - - - - - - - - - - - - - - - - - - - - - - - - - - -
# query CM file:                         A7_analysis/patent.cm
# target sequence database:              /tmp/tmpc6puqwk6/queries.fa
# output directed to file:               optimization_a7/100gen/_workspace/cmsearch_logs/gen_0053/patent_cmsearch.out
# MSA of significant hits saved to file: optimization_a7/100gen/_workspace/cmsearch_logs/gen_0053/patent_cmsearch.sto
# tabular output of hits:                optimization_a7/100gen/_workspace/cmsearch_logs/gen_0053/patent_cmsearch.tblout
# max ASCII text line length:            unlimited
# sequence reporting threshold:          E-value <= 1000
# number of worker threads:              4
# - - - - - - - - - - - - - - - - - - - - - - - - - - - - - - - - - - - -

Query:       patent_aligned  [CLEN=36]
Hit scores:
 rank     E-value  score  bias  sequence        start    end   mdl trunc   gc  description
 ----   --------- ------ -----  -------------- ------ ------   --- ----- ----  -----------
  (1) !   1.7e-11   48.0   0.0  ind_0053_00040    147    182 +  cm    no 0.72  -
  (2) !   2.4e-10   43.7   0.0  ind_0053_00002    147    182 +  cm    no 0.78  -
  (3) !   2.4e-10   43.7   0.0  ind_0053_00010    147    182 +  cm    no 0.78  -
  (4) !   2.4e-10   43.7   0.0  ind_0053_00000    147    182 +  cm    no 0.78  -
  (5) !   2.4e-10   43.7   0.0  ind_0053_00001    147    182 +  cm    no 0.78  -
  (6) !   2.4e-10   43.7   0.0  ind_0053_00003    147    182 +  cm    no 0.78  -
  (7) !   2.4e-10   43.7   0.0  ind_0053_00004    147    182 +  cm    no 0.78  -
  (8) !   2.4e-10   43.7   0.0  ind_0053_00007    147    182 +  cm    no 0.78  -
  (9) !   2.4e-10   43.7   0.0  ind_0053_00019    147    182 +  cm    no 0.78  -
 (10) !   2.4e-10   43.7   0.0  ind_0053_00020    147    182 +  cm    no 0.78  -
 (11) !   2.4e-10   43.7   0.0  ind_0053_00021    147    182 +  cm    no 0.78  -
 (12) !   2.4e-10   43.7   0.0  ind_0053_00022    147    182 +  cm    no 0.78  -
 (13) !   2.4e-10   43.7   0.0  ind_0053_00025    147    182 +  cm    no 0.78  -
 (14) !   2.4e-10   43.7   0.0  ind_0053_00027    147    182 +  cm    no 0.78  -
 (15) !   2.4e-10   43.7   0.0  ind_0053_00033    147    182 +  cm    no 0.78  -
 (16) !   2.4e-10   43.7   0.0  ind_0053_00035    147    182 +  cm    no 0.78  -
 (17) !   2.4e-10   43.7   0.0  ind_0053_00036    147    182 +  cm    no 0.78  -
 (18) !   2.4e-10   43.7   0.0  ind_0053_00041    147    182 +  cm    no 0.78  -
 (19) !   2.4e-10   43.7   0.0  ind_0053_00042    147    182 +  cm    no 0.78  -
 (20) !   2.4e-10   43.7   0.0  ind_0053_00045    147    182 +  cm    no 0.78  -
 (21) !   2.4e-10   43.7   0.0  ind_0053_00046    147    182 +  cm    no 0.78  -
 (22) !   2.4e-10   43.7   0.0  ind_0053_00048    147    182 +  cm    no 0.78  -
 (23) !   2.4e-10   43.7   0.0  ind_0053_00049    147    182 +  cm    no 0.78  -
 (24) !   2.7e-10   43.5   0.0  ind_0053_00009    147    182 +  cm    no 0.75  -
 (25) !   2.7e-10   43.5   0.0  ind_0053_00024    147    182 +  cm    no 0.75  -
 (26) !   2.7e-10   43.5   0.0  ind_0053_00030    147    182 +  cm    no 0.75  -
 (27) !   2.7e-10   43.5   0.0  ind_0053_00038    147    182 +  cm    no 0.75  -
 (28) !   3.8e-10   42.9   0.0  ind_0053_00044    147    182 +  cm    no 0.81  -
 (29) !   3.4e-09   39.4   0.0  ind_0053_00032    147    182 +  cm    no 0.75  -
 (30) !   3.7e-09   39.2   0.0  ind_0053_00013    147    181 +  cm    no 0.80  -
 (31) !   4.8e-09   38.8   0.0  ind_0053_00017    147    182 +  cm    no 0.75  -
 (32) !   4.8e-09   38.8   0.0  ind_0053_00026    147    182 +  cm    no 0.75  -
 (33) !   5.4e-09   38.6   0.0  ind_0053_00039    147    182 +  cm    no 0.75  -
 (34) !   5.8e-09   38.5   0.0  ind_0053_00006    147    182 +  cm    no 0.78  -
 (35) !   5.9e-09   38.4   0.0  ind_0053_00028    147    182 +  cm    no 0.81  -
 (36) !   6.3e-09   38.3   0.0  ind_0053_00018    147    182 +  cm    no 0.78  -
 (37) !   7.1e-09   38.1   0.0  ind_0053_00029    147    182 +  cm    no 0.81  -
 (38) !   7.6e-09   38.0   0.0  ind_0053_00023    147    182 +  cm    no 0.75  -
 (39) !   7.8e-09   38.0   0.0  ind_0053_00031    147    182 +  cm    no 0.75  -
 (40) !   8.5e-09   37.9   0.0  ind_0053_00016    147    182 +  cm    no 0.72  -
 (41) !   1.8e-08   36.6   0.0  ind_0053_00047    147    182 +  cm    no 0.78  -
 (42) !   1.8e-08   36.6   0.0  ind_0053_00014    147    180 +  cm    no 0.79  -
 (43) !   5.8e-08   34.7   0.0  ind_0053_00034    147    182 +  cm    no 0.75  -
 (44) !     6e-08   34.7   0.0  ind_0053_00043    147    182 +  cm    no 0.72  -
 (45) !   9.4e-08   33.9   0.0  ind_0053_00015    147    182 +  cm    no 0.75  -
 (46) !   1.1e-07   33.7   0.0  ind_0053_00008    147    182 +  cm    no 0.72  -
 (47) !   9.4e-07   30.2   0.0  ind_0053_00005    147    182 +  cm    no 0.72  -
 (48) !   2.8e-06   28.4   0.0  ind_0053_00011    147    182 +  cm    no 0.75  -
 (49) !   2.9e-05   24.5   0.0  ind_0053_00037    147    182 +  cm    no 0.75  -
 (50) !   3.6e-05   24.2   0.1  ind_0053_00012    154    180 +  cm    no 0.85  -
 (51) !    0.0085   15.2   0.0  ind_0053_00016    155    119 -  cm    no 0.46  -
 (52) !    0.0085   15.2   0.0  ind_0053_00015    155    119 -  cm    no 0.43  -
 (53) !    0.0089   15.2   0.0  ind_0053_00014    155    119 -  cm    no 0.43  -
 ------ inclusion threshold ------
 (54) ?     0.068   11.8   0.0  ind_0053_00038    155    119 -  cm    no 0.46  -
 (55) ?     0.084   11.5   0.0  ind_0053_00024    155    119 -  cm    no 0.49  -
 (56) ?       0.1   11.2   0.0  ind_0053_00041    155    131 -  cm    no 0.60  -


Hit alignments:
>> ind_0053_00040  
 rank     E-value  score  bias mdl mdl from   mdl to       seq from      seq to       acc trunc   gc
 ----   --------- ------ ----- --- -------- --------    ----------- -----------      ---- ----- ----
  (1) !   1.7e-11   48.0   0.0  cm        1       36 []         147         182 + .. 1.00    no 0.72

                                                          NC
                     :::::<<<--<<<<<<_________>>>>>>-->>> CS
  patent_aligned   1 GGUCAGACCCUGGUCCGGGGCAAUGGGACCACUGUU 36 
                     GGUC GACCC GG CCG GGCAAUGGG CC CUGUU
  ind_0053_00040 147 GGUCUGACCCCGGCCCGAGGCAAUGGGGCCGCUGUU 182
                     ************************************ PP

>> ind_0053_00002  
 rank     E-value  score  bias mdl mdl from   mdl to       seq from      seq to       acc trunc   gc
 ----   --------- ------ ----- --- -------- --------    ----------- -----------      ---- ----- ----
  (2) !   2.4e-10   43.7   0.0  cm        1       36 []         147         182 + .. 1.00    no 0.78

                                                          NC
                     :::::<<<--<<<<<<_________>>>>>>-->>> CS
  patent_aligned   1 GGUCAGACCCUGGUCCGGGGCAAUGGGACCACUGUU 36 
                     GGUC GACCC GG CC GGGCAA GGG CC CUGUU
  ind_0053_00002 147 GGUCGGACCCCGGCCCAGGGCAACGGGGCCGCUGUU 182
                     ************************************ PP

>> ind_0053_00010  
 rank     E-value  score  bias mdl mdl from   mdl to       seq from      seq to       acc trunc   gc
 ----   --------- ------ ----- --- -------- --------    ----------- -----------      ---- ----- ----
  (3) !   2.4e-10   43.7   0.0  cm        1       36 []         147         182 + .. 1.00    no 0.78

                                                          NC
                     :::::<<<--<<<<<<_________>>>>>>-->>> CS
  patent_aligned   1 GGUCAGACCCUGGUCCGGGGCAAUGGGACCACUGUU 36 
                     GGUC GACCC GG CC GGGCAA GGG CC CUGUU
  ind_0053_00010 147 GGUCGGACCCCGGCCCAGGGCAACGGGGCCGCUGUU 182
                     ************************************ PP

>> ind_0053_00000  
 rank     E-value  score  bias mdl mdl from   mdl to       seq from      seq to       acc trunc   gc
 ----   --------- ------ ----- --- -------- --------    ----------- -----------      ---- ----- ----
  (4) !   2.4e-10   43.7   0.0  cm        1       36 []         147         182 + .. 1.00    no 0.78

                                                          NC
                     :::::<<<--<<<<<<_________>>>>>>-->>> CS
  patent_aligned   1 GGUCAGACCCUGGUCCGGGGCAAUGGGACCACUGUU 36 
                     GGUC GACCC GG CCG GGCAA GGG CC CUGUU
  ind_0053_00000 147 GGUCGGACCCCGGCCCGAGGCAACGGGGCCGCUGUU 182
                     ************************************ PP

>> ind_0053_00001  
 rank     E-value  score  bias mdl mdl from   mdl to       seq from      seq to       acc trunc   gc
 ----   --------- ------ ----- --- -------- --------    ----------- -----------      ---- ----- ----
  (5) !   2.4e-10   43.7   0.0  cm        1       36 []         147         182 + .. 1.00    no 0.78

                                                          NC
                     :::::<<<--<<<<<<_________>>>>>>-->>> CS
  patent_aligned   1 GGUCAGACCCUGGUCCGGGGCAAUGGGACCACUGUU 36 
                     GGUC GACCC GG CCG GGCAA GGG CC CUGUU
  ind_0053_00001 147 GGUCGGACCCCGGCCCGAGGCAACGGGGCCGCUGUU 182
                     ************************************ PP

>> ind_0053_00003  
 rank     E-value  score  bias mdl mdl from   mdl to       seq from      seq to       acc trunc   gc
 ----   --------- ------ ----- --- -------- --------    ----------- -----------      ---- ----- ----
  (6) !   2.4e-10   43.7   0.0  cm        1       36 []         147         182 + .. 1.00    no 0.78

                                                          NC
                     :::::<<<--<<<<<<_________>>>>>>-->>> CS
  patent_aligned   1 GGUCAGACCCUGGUCCGGGGCAAUGGGACCACUGUU 36 
                     GGUC GACCC GG CCG GGCAA GGG CC CUGUU
  ind_0053_00003 147 GGUCGGACCCCGGCCCGAGGCAACGGGGCCGCUGUU 182
                     ************************************ PP

>> ind_0053_00004  
 rank     E-value  score  bias mdl mdl from   mdl to       seq from      seq to       acc trunc   gc
 ----   --------- ------ ----- --- -------- --------    ----------- -----------      ---- ----- ----
  (7) !   2.4e-10   43.7   0.0  cm        1       36 []         147         182 + .. 1.00    no 0.78

                                                          NC
                     :::::<<<--<<<<<<_________>>>>>>-->>> CS
  patent_aligned   1 GGUCAGACCCUGGUCCGGGGCAAUGGGACCACUGUU 36 
                     GGUC GACCC GG CCG GGCAA GGG CC CUGUU
  ind_0053_00004 147 GGUCGGACCCCGGCCCGAGGCAACGGGGCCGCUGUU 182
                     ************************************ PP

>> ind_0053_00007  
 rank     E-value  score  bias mdl mdl from   mdl to       seq from      seq to       acc trunc   gc
 ----   --------- ------ ----- --- -------- --------    ----------- -----------      ---- ----- ----
  (8) !   2.4e-10   43.7   0.0  cm        1       36 []         147         182 + .. 1.00    no 0.78

                                                          NC
                     :::::<<<--<<<<<<_________>>>>>>-->>> CS
  patent_aligned   1 GGUCAGACCCUGGUCCGGGGCAAUGGGACCACUGUU 36 
                     GGUC GACCC GG CCG GGCAA GGG CC CUGUU
  ind_0053_00007 147 GGUCGGACCCCGGCCCGAGGCAACGGGGCCGCUGUU 182
                     ************************************ PP

>> ind_0053_00019  
 rank     E-value  score  bias mdl mdl from   mdl to       seq from      seq to       acc trunc   gc
 ----   --------- ------ ----- --- -------- --------    ----------- -----------      ---- ----- ----
  (9) !   2.4e-10   43.7   0.0  cm        1       36 []         147         182 + .. 1.00    no 0.78

                                                          NC
                     :::::<<<--<<<<<<_________>>>>>>-->>> CS
  patent_aligned   1 GGUCAGACCCUGGUCCGGGGCAAUGGGACCACUGUU 36 
                     GGUC GACCC GG CCG GGCAA GGG CC CUGUU
  ind_0053_00019 147 GGUCGGACCCCGGCCCGAGGCAACGGGGCCGCUGUU 182
                     ************************************ PP

>> ind_0053_00020  
 rank     E-value  score  bias mdl mdl from   mdl to       seq from      seq to       acc trunc   gc
 ----   --------- ------ ----- --- -------- --------    ----------- -----------      ---- ----- ----
 (10) !   2.4e-10   43.7   0.0  cm        1       36 []         147         182 + .. 1.00    no 0.78

                                                          NC
                     :::::<<<--<<<<<<_________>>>>>>-->>> CS
  patent_aligned   1 GGUCAGACCCUGGUCCGGGGCAAUGGGACCACUGUU 36 
                     GGUC GACCC GG CCG GGCAA GGG CC CUGUU
  ind_0053_00020 147 GGUCGGACCCCGGCCCGAGGCAACGGGGCCGCUGUU 182
                     ************************************ PP

>> ind_0053_00021  
 rank     E-value  score  bias mdl mdl from   mdl to       seq from      seq to       acc trunc   gc
 ----   --------- ------ ----- --- -------- --------    ----------- -----------      ---- ----- ----
 (11) !   2.4e-10   43.7   0.0  cm        1       36 []         147         182 + .. 1.00    no 0.78

                                                          NC
                     :::::<<<--<<<<<<_________>>>>>>-->>> CS
  patent_aligned   1 GGUCAGACCCUGGUCCGGGGCAAUGGGACCACUGUU 36 
                     GGUC GACCC GG CCG GGCAA GGG CC CUGUU
  ind_0053_00021 147 GGUCGGACCCCGGCCCGAGGCAACGGGGCCGCUGUU 182
                     ************************************ PP

>> ind_0053_00022  
 rank     E-value  score  bias mdl mdl from   mdl to       seq from      seq to       acc trunc   gc
 ----   --------- ------ ----- --- -------- --------    ----------- -----------      ---- ----- ----
 (12) !   2.4e-10   43.7   0.0  cm        1       36 []         147         182 + .. 1.00    no 0.78

                                                          NC
                     :::::<<<--<<<<<<_________>>>>>>-->>> CS
  patent_aligned   1 GGUCAGACCCUGGUCCGGGGCAAUGGGACCACUGUU 36 
                     GGUC GACCC GG CCG GGCAA GGG CC CUGUU
  ind_0053_00022 147 GGUCGGACCCCGGCCCGAGGCAACGGGGCCGCUGUU 182
                     ************************************ PP

>> ind_0053_00025  
 rank     E-value  score  bias mdl mdl from   mdl to       seq from      seq to       acc trunc   gc
 ----   --------- ------ ----- --- -------- --------    ----------- -----------      ---- ----- ----
 (13) !   2.4e-10   43.7   0.0  cm        1       36 []         147         182 + .. 1.00    no 0.78

                                                          NC
                     :::::<<<--<<<<<<_________>>>>>>-->>> CS
  patent_aligned   1 GGUCAGACCCUGGUCCGGGGCAAUGGGACCACUGUU 36 
                     GGUC GACCC GG CCG GGCAA GGG CC CUGUU
  ind_0053_00025 147 GGUCGGACCCCGGCCCGAGGCAACGGGGCCGCUGUU 182
                     ************************************ PP

>> ind_0053_00027  
 rank     E-value  score  bias mdl mdl from   mdl to       seq from      seq to       acc trunc   gc
 ----   --------- ------ ----- --- -------- --------    ----------- -----------      ---- ----- ----
 (14) !   2.4e-10   43.7   0.0  cm        1       36 []         147         182 + .. 1.00    no 0.78

                                                          NC
                     :::::<<<--<<<<<<_________>>>>>>-->>> CS
  patent_aligned   1 GGUCAGACCCUGGUCCGGGGCAAUGGGACCACUGUU 36 
                     GGUC GACCC GG CCG GGCAA GGG CC CUGUU
  ind_0053_00027 147 GGUCGGACCCCGGCCCGAGGCAACGGGGCCGCUGUU 182
                     ************************************ PP

>> ind_0053_00033  
 rank     E-value  score  bias mdl mdl from   mdl to       seq from      seq to       acc trunc   gc
 ----   --------- ------ ----- --- -------- --------    ----------- -----------      ---- ----- ----
 (15) !   2.4e-10   43.7   0.0  cm        1       36 []         147         182 + .. 1.00    no 0.78

                                                          NC
                     :::::<<<--<<<<<<_________>>>>>>-->>> CS
  patent_aligned   1 GGUCAGACCCUGGUCCGGGGCAAUGGGACCACUGUU 36 
                     GGUC GACCC GG CCG GGCAA GGG CC CUGUU
  ind_0053_00033 147 GGUCGGACCCCGGCCCGAGGCAACGGGGCCGCUGUU 182
                     ************************************ PP

>> ind_0053_00035  
 rank     E-value  score  bias mdl mdl from   mdl to       seq from      seq to       acc trunc   gc
 ----   --------- ------ ----- --- -------- --------    ----------- -----------      ---- ----- ----
 (16) !   2.4e-10   43.7   0.0  cm        1       36 []         147         182 + .. 1.00    no 0.78

                                                          NC
                     :::::<<<--<<<<<<_________>>>>>>-->>> CS
  patent_aligned   1 GGUCAGACCCUGGUCCGGGGCAAUGGGACCACUGUU 36 
                     GGUC GACCC GG CCG GGCAA GGG CC CUGUU
  ind_0053_00035 147 GGUCGGACCCCGGCCCGAGGCAACGGGGCCGCUGUU 182
                     ************************************ PP

>> ind_0053_00036  
 rank     E-value  score  bias mdl mdl from   mdl to       seq from      seq to       acc trunc   gc
 ----   --------- ------ ----- --- -------- --------    ----------- -----------      ---- ----- ----
 (17) !   2.4e-10   43.7   0.0  cm        1       36 []         147         182 + .. 1.00    no 0.78

                                                          NC
                     :::::<<<--<<<<<<_________>>>>>>-->>> CS
  patent_aligned   1 GGUCAGACCCUGGUCCGGGGCAAUGGGACCACUGUU 36 
                     GGUC GACCC GG CCG GGCAA GGG CC CUGUU
  ind_0053_00036 147 GGUCGGACCCCGGCCCGAGGCAACGGGGCCGCUGUU 182
                     ************************************ PP

>> ind_0053_00041  
 rank     E-value  score  bias mdl mdl from   mdl to       seq from      seq to       acc trunc   gc
 ----   --------- ------ ----- --- -------- --------    ----------- -----------      ---- ----- ----
 (18) !   2.4e-10   43.7   0.0  cm        1       36 []         147         182 + .. 1.00    no 0.78

                                                          NC
                     :::::<<<--<<<<<<_________>>>>>>-->>> CS
  patent_aligned   1 GGUCAGACCCUGGUCCGGGGCAAUGGGACCACUGUU 36 
                     GGUC GACCC GG CCG GGCAA GGG CC CUGUU
  ind_0053_00041 147 GGUCGGACCCCGGCCCGAGGCAACGGGGCCGCUGUU 182
                     ************************************ PP

>> ind_0053_00042  
 rank     E-value  score  bias mdl mdl from   mdl to       seq from      seq to       acc trunc   gc
 ----   --------- ------ ----- --- -------- --------    ----------- -----------      ---- ----- ----
 (19) !   2.4e-10   43.7   0.0  cm        1       36 []         147         182 + .. 1.00    no 0.78

                                                          NC
                     :::::<<<--<<<<<<_________>>>>>>-->>> CS
  patent_aligned   1 GGUCAGACCCUGGUCCGGGGCAAUGGGACCACUGUU 36 
                     GGUC GACCC GG CCG GGCAA GGG CC CUGUU
  ind_0053_00042 147 GGUCGGACCCCGGCCCGAGGCAACGGGGCCGCUGUU 182
                     ************************************ PP

>> ind_0053_00045  
 rank     E-value  score  bias mdl mdl from   mdl to       seq from      seq to       acc trunc   gc
 ----   --------- ------ ----- --- -------- --------    ----------- -----------      ---- ----- ----
 (20) !   2.4e-10   43.7   0.0  cm        1       36 []         147         182 + .. 1.00    no 0.78

                                                          NC
                     :::::<<<--<<<<<<_________>>>>>>-->>> CS
  patent_aligned   1 GGUCAGACCCUGGUCCGGGGCAAUGGGACCACUGUU 36 
                     GGUC GACCC GG CCG GGCAA GGG CC CUGUU
  ind_0053_00045 147 GGUCGGACCCCGGCCCGAGGCAACGGGGCCGCUGUU 182
                     ************************************ PP

>> ind_0053_00046  
 rank     E-value  score  bias mdl mdl from   mdl to       seq from      seq to       acc trunc   gc
 ----   --------- ------ ----- --- -------- --------    ----------- -----------      ---- ----- ----
 (21) !   2.4e-10   43.7   0.0  cm        1       36 []         147         182 + .. 1.00    no 0.78

                                                          NC
                     :::::<<<--<<<<<<_________>>>>>>-->>> CS
  patent_aligned   1 GGUCAGACCCUGGUCCGGGGCAAUGGGACCACUGUU 36 
                     GGUC GACCC GG CCG GGCAA GGG CC CUGUU
  ind_0053_00046 147 GGUCGGACCCCGGCCCGAGGCAACGGGGCCGCUGUU 182
                     ************************************ PP

>> ind_0053_00048  
 rank     E-value  score  bias mdl mdl from   mdl to       seq from      seq to       acc trunc   gc
 ----   --------- ------ ----- --- -------- --------    ----------- -----------      ---- ----- ----
 (22) !   2.4e-10   43.7   0.0  cm        1       36 []         147         182 + .. 1.00    no 0.78

                                                          NC
                     :::::<<<--<<<<<<_________>>>>>>-->>> CS
  patent_aligned   1 GGUCAGACCCUGGUCCGGGGCAAUGGGACCACUGUU 36 
                     GGUC GACCC GG CCG GGCAA GGG CC CUGUU
  ind_0053_00048 147 GGUCGGACCCCGGCCCGAGGCAACGGGGCCGCUGUU 182
                     ************************************ PP

>> ind_0053_00049  
 rank     E-value  score  bias mdl mdl from   mdl to       seq from      seq to       acc trunc   gc
 ----   --------- ------ ----- --- -------- --------    ----------- -----------      ---- ----- ----
 (23) !   2.4e-10   43.7   0.0  cm        1       36 []         147         182 + .. 1.00    no 0.78

                                                          NC
                     :::::<<<--<<<<<<_________>>>>>>-->>> CS
  patent_aligned   1 GGUCAGACCCUGGUCCGGGGCAAUGGGACCACUGUU 36 
                     GGUC GACCC GG CCG GGCAA GGG CC CUGUU
  ind_0053_00049 147 GGUCGGACCCCGGCCCGAGGCAACGGGGCCGCUGUU 182
                     ************************************ PP

>> ind_0053_00009  
 rank     E-value  score  bias mdl mdl from   mdl to       seq from      seq to       acc trunc   gc
 ----   --------- ------ ----- --- -------- --------    ----------- -----------      ---- ----- ----
 (24) !   2.7e-10   43.5   0.0  cm        1       36 []         147         182 + .. 1.00    no 0.75

                                                          NC
                     :::::<<<--<<<<<<_________>>>>>>-->>> CS
  patent_aligned   1 GGUCAGACCCUGGUCCGGGGCAAUGGGACCACUGUU 36 
                     GGUC GACCC GG CCG GGCAA GGG CC CUGUU
  ind_0053_00009 147 GGUCUGACCCCGGCCCGAGGCAACGGGGCCGCUGUU 182
                     ************************************ PP

>> ind_0053_00024  
 rank     E-value  score  bias mdl mdl from   mdl to       seq from      seq to       acc trunc   gc
 ----   --------- ------ ----- --- -------- --------    ----------- -----------      ---- ----- ----
 (25) !   2.7e-10   43.5   0.0  cm        1       36 []         147         182 + .. 1.00    no 0.75

                                                          NC
                     :::::<<<--<<<<<<_________>>>>>>-->>> CS
  patent_aligned   1 GGUCAGACCCUGGUCCGGGGCAAUGGGACCACUGUU 36 
                     GGUC GACCC GG CCG GGCAA GGG CC CUGUU
  ind_0053_00024 147 GGUCUGACCCCGGCCCGAGGCAACGGGGCCGCUGUU 182
                     ************************************ PP

>> ind_0053_00030  
 rank     E-value  score  bias mdl mdl from   mdl to       seq from      seq to       acc trunc   gc
 ----   --------- ------ ----- --- -------- --------    ----------- -----------      ---- ----- ----
 (26) !   2.7e-10   43.5   0.0  cm        1       36 []         147         182 + .. 1.00    no 0.75

                                                          NC
                     :::::<<<--<<<<<<_________>>>>>>-->>> CS
  patent_aligned   1 GGUCAGACCCUGGUCCGGGGCAAUGGGACCACUGUU 36 
                     GGUC GACCC GG CCG GGCAA GGG CC CUGUU
  ind_0053_00030 147 GGUCUGACCCCGGCCCGAGGCAACGGGGCCGCUGUU 182
                     ************************************ PP

>> ind_0053_00038  
 rank     E-value  score  bias mdl mdl from   mdl to       seq from      seq to       acc trunc   gc
 ----   --------- ------ ----- --- -------- --------    ----------- -----------      ---- ----- ----
 (27) !   2.7e-10   43.5   0.0  cm        1       36 []         147         182 + .. 1.00    no 0.75

                                                          NC
                     :::::<<<--<<<<<<_________>>>>>>-->>> CS
  patent_aligned   1 GGUCAGACCCUGGUCCGGGGCAAUGGGACCACUGUU 36 
                     GGUC GACCC GG CCG GGCAA GGG CC CUGUU
  ind_0053_00038 147 GGUCUGACCCCGGCCCGAGGCAACGGGGCCGCUGUU 182
                     ************************************ PP

>> ind_0053_00044  
 rank     E-value  score  bias mdl mdl from   mdl to       seq from      seq to       acc trunc   gc
 ----   --------- ------ ----- --- -------- --------    ----------- -----------      ---- ----- ----
 (28) !   3.8e-10   42.9   0.0  cm        1       36 []         147         182 + .. 1.00    no 0.81

                                                          NC
                     :::::<<<--<<<<<<_________>>>>>>-->>> CS
  patent_aligned   1 GGUCAGACCCUGGUCCGGGGCAAUGGGACCACUGUU 36 
                     G UC GACCC GG CCGGGGCAA GGG CC CUGUU
  ind_0053_00044 147 GCUCGGACCCCGGCCCGGGGCAACGGGGCCGCUGUU 182
                     ************************************ PP

>> ind_0053_00032  
 rank     E-value  score  bias mdl mdl from   mdl to       seq from      seq to       acc trunc   gc
 ----   --------- ------ ----- --- -------- --------    ----------- -----------      ---- ----- ----
 (29) !   3.4e-09   39.4   0.0  cm        1       36 []         147         182 + .. 1.00    no 0.75

                                                          NC
                     :::::<<<--<<<<<<_________>>>>>>-->>> CS
  patent_aligned   1 GGUCAGACCCUGGUCCGGGGCAAUGGGACCACUGUU 36 
                     G UC GACCC GG CCG GGCAA GGG CC CUGUU
  ind_0053_00032 147 GAUCGGACCCCGGCCCGAGGCAACGGGGCCGCUGUU 182
                     ************************************ PP

>> ind_0053_00013  
 rank     E-value  score  bias mdl mdl from   mdl to       seq from      seq to       acc trunc   gc
 ----   --------- ------ ----- --- -------- --------    ----------- -----------      ---- ----- ----
 (30) !   3.7e-09   39.2   0.0  cm        1       36 []         147         181 + .. 1.00    no 0.80

                          v                             v NC
                     :::::<<<--<<<<<<_________>>>>>>-->>> CS
  patent_aligned   1 GGUCAGACCCUGGUCCGGGGCAAUGGGACCACUGUU 36 
                     GGUC GACCC GG CCG GGCAA GGG CC CUGU 
  ind_0053_00013 147 GGUCGGACCCCGGCCCGAGGCAACGGGGCCGCUGU- 181
                     ***********************************. PP

>> ind_0053_00017  
 rank     E-value  score  bias mdl mdl from   mdl to       seq from      seq to       acc trunc   gc
 ----   --------- ------ ----- --- -------- --------    ----------- -----------      ---- ----- ----
 (31) !   4.8e-09   38.8   0.0  cm        1       36 []         147         182 + .. 1.00    no 0.75

                                                          NC
                     :::::<<<--<<<<<<_________>>>>>>-->>> CS
  patent_aligned   1 GGUCAGACCCUGGUCCGGGGCAAUGGGACCACUGUU 36 
                     GGUC GACCC GG CC  GGCAA GGG CC CUGUU
  ind_0053_00017 147 GGUCGGACCCCGGCCCAAGGCAACGGGGCCGCUGUU 182
                     ************************************ PP

>> ind_0053_00026  
 rank     E-value  score  bias mdl mdl from   mdl to       seq from      seq to       acc trunc   gc
 ----   --------- ------ ----- --- -------- --------    ----------- -----------      ---- ----- ----
 (32) !   4.8e-09   38.8   0.0  cm        1       36 []         147         182 + .. 1.00    no 0.75

                                                          NC
                     :::::<<<--<<<<<<_________>>>>>>-->>> CS
  patent_aligned   1 GGUCAGACCCUGGUCCGGGGCAAUGGGACCACUGUU 36 
                     GGUC GACCC GG CC  GGCAA GGG CC CUGUU
  ind_0053_00026 147 GGUCGGACCCCGGCCCAAGGCAACGGGGCCGCUGUU 182
                     ************************************ PP

>> ind_0053_00039  
 rank     E-value  score  bias mdl mdl from   mdl to       seq from      seq to       acc trunc   gc
 ----   --------- ------ ----- --- -------- --------    ----------- -----------      ---- ----- ----
 (33) !   5.4e-09   38.6   0.0  cm        1       36 []         147         182 + .. 1.00    no 0.75

                                  v             v         NC
                     :::::<<<--<<<<<<_________>>>>>>-->>> CS
  patent_aligned   1 GGUCAGACCCUGGUCCGGGGCAAUGGGACCACUGUU 36 
                     GGUC GACCC GG CCG GGCAA GGG CC CUGUU
  ind_0053_00039 147 GGUCGGACCCCGGCCCGAGGCAACGGGUCCGCUGUU 182
                     ************************************ PP

>> ind_0053_00006  
 rank     E-value  score  bias mdl mdl from   mdl to       seq from      seq to       acc trunc   gc
 ----   --------- ------ ----- --- -------- --------    ----------- -----------      ---- ----- ----
 (34) !   5.8e-09   38.5   0.0  cm        1       36 []         147         182 + .. 1.00    no 0.78

                                                          NC
                     :::::<<<--<<<<<<_________>>>>>>-->>> CS
  patent_aligned   1 GGUCAGACCCUGGUCCGGGGCAAUGGGACCACUGUU 36 
                      GUC GACCC GG CCG GGCAA GGG CC CUGUU
  ind_0053_00006 147 CGUCGGACCCCGGCCCGAGGCAACGGGGCCGCUGUU 182
                     ************************************ PP

>> ind_0053_00028  
 rank     E-value  score  bias mdl mdl from   mdl to       seq from      seq to       acc trunc   gc
 ----   --------- ------ ----- --- -------- --------    ----------- -----------      ---- ----- ----
 (35) !   5.9e-09   38.4   0.0  cm        1       36 []         147         182 + .. 1.00    no 0.81

                                                          NC
                     :::::<<<--<<<<<<_________>>>>>>-->>> CS
  patent_aligned   1 GGUCAGACCCUGGUCCGGGGCAAUGGGACCACUGUU 36 
                     GG C GACCC GG CCG GGCAA GGG CC CUGUU
  ind_0053_00028 147 GGGCGGACCCCGGCCCGAGGCAACGGGGCCGCUGUU 182
                     ************************************ PP

>> ind_0053_00018  
 rank     E-value  score  bias mdl mdl from   mdl to       seq from      seq to       acc trunc   gc
 ----   --------- ------ ----- --- -------- --------    ----------- -----------      ---- ----- ----
 (36) !   6.3e-09   38.3   0.0  cm        1       36 []         147         182 + .. 0.99    no 0.78

                                                          NC
                     :::::<<<--<<<<<<_________>>>>>>-->>> CS
  patent_aligned   1 GGUCAGACCCUGGUCCGGGGCAAUGGGACCACUGUU 36 
                     GGUC GACCC GG CCG GGCA  GGG CC CUGUU
  ind_0053_00018 147 GGUCGGACCCCGGCCCGAGGCAUCGGGGCCGCUGUU 182
                     **********************999*********** PP

>> ind_0053_00029  
 rank     E-value  score  bias mdl mdl from   mdl to       seq from      seq to       acc trunc   gc
 ----   --------- ------ ----- --- -------- --------    ----------- -----------      ---- ----- ----
 (37) !   7.1e-09   38.1   0.0  cm        1       36 []         147         182 + .. 1.00    no 0.81

                                                          NC
                     :::::<<<--<<<<<<_________>>>>>>-->>> CS
  patent_aligned   1 GGUCAGACCCUGGUCCGGGGCAAUGGGACCACUGUU 36 
                     GGUC GACCC GG CCG GGCAA GGG CC C GUU
  ind_0053_00029 147 GGUCGGACCCCGGCCCGAGGCAACGGGGCCGCGGUU 182
                     ************************************ PP

>> ind_0053_00023  
 rank     E-value  score  bias mdl mdl from   mdl to       seq from      seq to       acc trunc   gc
 ----   --------- ------ ----- --- -------- --------    ----------- -----------      ---- ----- ----
 (38) !   7.6e-09   38.0   0.0  cm        1       36 []         147         182 + .. 1.00    no 0.75

                                                          NC
                     :::::<<<--<<<<<<_________>>>>>>-->>> CS
  patent_aligned   1 GGUCAGACCCUGGUCCGGGGCAAUGGGACCACUGUU 36 
                     GGUC GACCC GG CC  GGCAA GGG CC CUGUU
  ind_0053_00023 147 GGUCGGACCCCGGCCCUAGGCAACGGGGCCGCUGUU 182
                     ************************************ PP

>> ind_0053_00031  
 rank     E-value  score  bias mdl mdl from   mdl to       seq from      seq to       acc trunc   gc
 ----   --------- ------ ----- --- -------- --------    ----------- -----------      ---- ----- ----
 (39) !   7.8e-09   38.0   0.0  cm        1       36 []         147         182 + .. 1.00    no 0.75

                                                          NC
                     :::::<<<--<<<<<<_________>>>>>>-->>> CS
  patent_aligned   1 GGUCAGACCCUGGUCCGGGGCAAUGGGACCACUGUU 36 
                     GGUC GACCC GG  C GGGCAA GG  CC CUGUU
  ind_0053_00031 147 GGUCGGACCCCGGCUCAGGGCAACGGGGCCGCUGUU 182
                     ************************************ PP

>> ind_0053_00016  
 rank     E-value  score  bias mdl mdl from   mdl to       seq from      seq to       acc trunc   gc
 ----   --------- ------ ----- --- -------- --------    ----------- -----------      ---- ----- ----
 (40) !   8.5e-09   37.9   0.0  cm        1       36 []         147         182 + .. 1.00    no 0.72

                                                          NC
                     :::::<<<--<<<<<<_________>>>>>>-->>> CS
  patent_aligned   1 GGUCAGACCCUGGUCCGGGGCAAUGGGACCACUGUU 36 
                     GGUC GACCC GG CCG G CAA GGG CC CUGUU
  ind_0053_00016 147 GGUCUGACCCCGGCCCGAGUCAACGGGGCCGCUGUU 182
                     ************************************ PP

>> ind_0053_00047  
 rank     E-value  score  bias mdl mdl from   mdl to       seq from      seq to       acc trunc   gc
 ----   --------- ------ ----- --- -------- --------    ----------- -----------      ---- ----- ----
 (41) !   1.8e-08   36.6   0.0  cm        1       36 []         147         182 + .. 1.00    no 0.78

                           v                           v  NC
                     :::::<<<--<<<<<<_________>>>>>>-->>> CS
  patent_aligned   1 GGUCAGACCCUGGUCCGGGGCAAUGGGACCACUGUU 36 
                     GGUC G CCC GG CCG GGCAA GGG CC CUG U
  ind_0053_00047 147 GGUCGGUCCCCGGCCCGAGGCAACGGGGCCGCUGUU 182
                     ************************************ PP

>> ind_0053_00014  
 rank     E-value  score  bias mdl mdl from   mdl to       seq from      seq to       acc trunc   gc
 ----   --------- ------ ----- --- -------- --------    ----------- -----------      ---- ----- ----
 (42) !   1.8e-08   36.6   0.0  cm        1       36 []         147         180 + .. 1.00    no 0.79

                          vv                           vv NC
                     :::::<<<--<<<<<<_________>>>>>>-->>> CS
  patent_aligned   1 GGUCAGACCCUGGUCCGGGGCAAUGGGACCACUGUU 36 
                     GGUC GACCC GG CCG GGCAA GGG CC CUG  
  ind_0053_00014 147 GGUCUGACCCCGGCCCGAGGCAACGGGGCCGCUG-- 180
                     **********************************.. PP

>> ind_0053_00034  
 rank     E-value  score  bias mdl mdl from   mdl to       seq from      seq to       acc trunc   gc
 ----   --------- ------ ----- --- -------- --------    ----------- -----------      ---- ----- ----
 (43) !   5.8e-08   34.7   0.0  cm        1       36 []         147         182 + .. 1.00    no 0.75

                                v                 v       NC
                     :::::<<<--<<<<<<_________>>>>>>-->>> CS
  patent_aligned   1 GGUCAGACCCUGGUCCGGGGCAAUGGGACCACUGUU 36 
                     GGUC GACCC  G CCG GGCAA GGG C  CUGUU
  ind_0053_00034 147 GGUCGGACCCCGGCCCGAGGCAACGGGGCAGCUGUU 182
                     ************************************ PP

>> ind_0053_00043  
 rank     E-value  score  bias mdl mdl from   mdl to       seq from      seq to       acc trunc   gc
 ----   --------- ------ ----- --- -------- --------    ----------- -----------      ---- ----- ----
 (44) !     6e-08   34.7   0.0  cm        1       36 []         147         182 + .. 1.00    no 0.72

                                    v         v           NC
                     :::::<<<--<<<<<<_________>>>>>>-->>> CS
  patent_aligned   1 GGUCAGACCCUGGUCCGGGGCAAUGGGACCACUGUU 36 
                     GGUC GACCC GG C G GGCAA G G CC CUGUU
  ind_0053_00043 147 GGUCUGACCCCGGCCCGAGGCAACGUGGCCGCUGUU 182
                     ************************************ PP

>> ind_0053_00015  
 rank     E-value  score  bias mdl mdl from   mdl to       seq from      seq to       acc trunc   gc
 ----   --------- ------ ----- --- -------- --------    ----------- -----------      ---- ----- ----
 (45) !   9.4e-08   33.9   0.0  cm        1       36 []         147         182 + .. 1.00    no 0.75

                                    v         v           NC
                     :::::<<<--<<<<<<_________>>>>>>-->>> CS
  patent_aligned   1 GGUCAGACCCUGGUCCGGGGCAAUGGGACCACUGUU 36 
                     GGUC GACCC GG C G GGCAA G G CC CUGUU
  ind_0053_00015 147 GGUCUGACCCCGGCCCGAGGCAACGCGGCCGCUGUU 182
                     ************************************ PP

>> ind_0053_00008  
 rank     E-value  score  bias mdl mdl from   mdl to       seq from      seq to       acc trunc   gc
 ----   --------- ------ ----- --- -------- --------    ----------- -----------      ---- ----- ----
 (46) !   1.1e-07   33.7   0.0  cm        1       36 []         147         182 + .. 1.00    no 0.72

                                   v           v          NC
                     :::::<<<--<<<<<<_________>>>>>>-->>> CS
  patent_aligned   1 GGUCAGACCCUGGUCCGGGGCAAUGGGACCACUGUU 36 
                     GGUC GACCC GG  C GGGCAA GG  CC CUGUU
  ind_0053_00008 147 GGUCGGACCCCGGCACAGGGCAACGGAGCCGCUGUU 182
                     ************************************ PP

>> ind_0053_00005  
 rank     E-value  score  bias mdl mdl from   mdl to       seq from      seq to       acc trunc   gc
 ----   --------- ------ ----- --- -------- --------    ----------- -----------      ---- ----- ----
 (47) !   9.4e-07   30.2   0.0  cm        1       36 []         147         182 + .. 1.00    no 0.72

                                  vv           vv         NC
                     :::::<<<--<<<<<<_________>>>>>>-->>> CS
  patent_aligned   1 GGUCAGACCCUGGUCCGGGGCAAUGGGACCACUGUU 36 
                     GGUC GACCC GG  C GGGCAA GG  CC CUGUU
  ind_0053_00005 147 GGUCGGACCCCGGACCAGGGCAACGGAGCCGCUGUU 182
                     ************************************ PP

>> ind_0053_00011  
 rank     E-value  score  bias mdl mdl from   mdl to       seq from      seq to       acc trunc   gc
 ----   --------- ------ ----- --- -------- --------    ----------- -----------      ---- ----- ----
 (48) !   2.8e-06   28.4   0.0  cm        1       36 []         147         182 + .. 1.00    no 0.75

                                v                 v       NC
                     :::::<<<--<<<<<<_________>>>>>>-->>> CS
  patent_aligned   1 GGUCAGACCCUGGUCCGGGGCAAUGGGACCACUGUU 36 
                     GGUC GACCC  G CCG GGCAA GGG C   UGUU
  ind_0053_00011 147 GGUCGGACCCCUGCCCGAGGCAACGGGGCCGGUGUU 182
                     ************************************ PP

>> ind_0053_00037  
 rank     E-value  score  bias mdl mdl from   mdl to       seq from      seq to       acc trunc   gc
 ----   --------- ------ ----- --- -------- --------    ----------- -----------      ---- ----- ----
 (49) !   2.9e-05   24.5   0.0  cm        1       36 []         147         182 + .. 1.00    no 0.75

                            v      v           v      v   NC
                     :::::<<<--<<<<<<_________>>>>>>-->>> CS
  patent_aligned   1 GGUCAGACCCUGGUCCGGGGCAAUGGGACCACUGUU 36 
                     GGUC GA CC GG  CG GGCAA GG  CC CU UU
  ind_0053_00037 147 GGUCUGACCCCGGCGCGAGGCAACGGGGCCGCUCUU 182
                     ************************************ PP

>> ind_0053_00012  
 rank     E-value  score  bias mdl mdl from   mdl to       seq from      seq to       acc trunc   gc
 ----   --------- ------ ----- --- -------- --------    ----------- -----------      ---- ----- ----
 (50) !   3.6e-05   24.2   0.1  cm        8       34 ..         154         180 + .. 1.00    no 0.85

                                                 NC
                     <--<<<<<<_________>>>>>>--> CS
  patent_aligned   8 CCCUGGUCCGGGGCAAUGGGACCACUG 34 
                     CCC GG CCG GGCAA GGG CC CUG
  ind_0053_00012 154 CCCCGGCCCGAGGCAACGGGGCCGCUG 180
                     *************************** PP

>> ind_0053_00016  
 rank     E-value  score  bias mdl mdl from   mdl to       seq from      seq to       acc trunc   gc
 ----   --------- ------ ----- --- -------- --------    ----------- -----------      ---- ----- ----
 (51) !    0.0085   15.2   0.0  cm        1       36 []         155         119 - .. 0.97    no 0.46

                                             NC
                     :::::<<<--<~~~~~~>-->>> CS
  patent_aligned   1 GGUCAGACCCU*[19]*ACUGUU 36 
                     GGUCAGACC U      ACUGUU
  ind_0053_00016 155 GGUCAGACCAU*[20]*ACUGUU 119
                     **********9...9..99**** PP

>> ind_0053_00015  
 rank     E-value  score  bias mdl mdl from   mdl to       seq from      seq to       acc trunc   gc
 ----   --------- ------ ----- --- -------- --------    ----------- -----------      ---- ----- ----
 (52) !    0.0085   15.2   0.0  cm        1       36 []         155         119 - .. 0.97    no 0.43

                                             NC
                     :::::<<<--<~~~~~~>-->>> CS
  patent_aligned   1 GGUCAGACCCU*[19]*ACUGUU 36 
                     GGUCAGACC U      ACUGUU
  ind_0053_00015 155 GGUCAGACCAU*[20]*ACUGUU 119
                     **********9...9..99**** PP

>> ind_0053_00014  
 rank     E-value  score  bias mdl mdl from   mdl to       seq from      seq to       acc trunc   gc
 ----   --------- ------ ----- --- -------- --------    ----------- -----------      ---- ----- ----
 (53) !    0.0089   15.2   0.0  cm        1       36 []         155         119 - .. 0.97    no 0.43

                                             NC
                     :::::<<<--<~~~~~~>-->>> CS
  patent_aligned   1 GGUCAGACCCU*[19]*ACUGUU 36 
                     GGUCAGACC U      ACUGUU
  ind_0053_00014 155 GGUCAGACCAU*[20]*ACUGUU 119
                     **********9...9..99**** PP

>> ind_0053_00038  
 rank     E-value  score  bias mdl mdl from   mdl to       seq from      seq to       acc trunc   gc
 ----   --------- ------ ----- --- -------- --------    ----------- -----------      ---- ----- ----
 (54) ?     0.068   11.8   0.0  cm        1       36 []         155         119 - .. 0.96    no 0.46

                                          NC
                     :::::<<<--~~~~~~->>> CS
  patent_aligned   1 GGUCAGACCC*[22]*UGUU 36 
                     GGUCAGACC       UGUU
  ind_0053_00038 155 GGUCAGACCA*[23]*UGUU 119
                     ********96...*..6*** PP

>> ind_0053_00024  
 rank     E-value  score  bias mdl mdl from   mdl to       seq from      seq to       acc trunc   gc
 ----   --------- ------ ----- --- -------- --------    ----------- -----------      ---- ----- ----
 (55) ?     0.084   11.5   0.0  cm        1       36 []         155         119 - .. 0.92    no 0.49

                                         NC
                     :::::<<<--~~~~~~>>> CS
  patent_aligned   1 GGUCAGACCC*[23]*GUU 36 
                     GGUCAGACC       GUU
  ind_0053_00024 155 GGUCAGACCA*[24]*GUU 119
                     ********95...9..*** PP

>> ind_0053_00041  
 rank     E-value  score  bias mdl mdl from   mdl to       seq from      seq to       acc trunc   gc
 ----   --------- ------ ----- --- -------- --------    ----------- -----------      ---- ----- ----
 (56) ?       0.1   11.2   0.0  cm        1       36 []         155         131 - .. 0.91    no 0.60

                               v          v      NC
                     :::::<<<--<<<~~~~~~>>>-->>> CS
  patent_aligned   1 GGUCAGACCCUGG*[15]*CCACUGUU 36 
                     GGUC GACCC GG      CC C GUU
  ind_0053_00041 155 GGUCCGACCCUGG*[ 4]*CCUCAGUU 131
                     **********988...8..78888*** PP



Internal CM pipeline statistics summary:
----------------------------------------
Query model(s):                                                  1  (36 consensus positions)
Target sequences:                                               50  (19700 residues searched)
Target sequences re-searched for truncated hits:                50  (10200 residues re-searched)
Windows   passing  local HMM SSV           filter:             249  (0.4759); expected (0.35)
Windows   passing  local HMM Viterbi       filter:                  (off)
Windows   passing  local HMM Viterbi  bias filter:                  (off)
Windows   passing  local HMM Forward       filter:             132  (0.2578); expected (0.02)
Windows   passing  local HMM Forward  bias filter:             125  (0.2405); expected (0.02)
Windows   passing glocal HMM Forward       filter:              72  (0.1677); expected (0.02)
Windows   passing glocal HMM Forward  bias filter:              72  (0.1677); expected (0.02)
Envelopes passing glocal HMM envelope defn filter:              72  (0.09261); expected (0.02)
Envelopes passing  local CM  CYK           filter:              66  (0.08428); expected (0.0001)
Total CM hits reported:                                         56  (0.06682); includes 0 truncated hit(s)

# CPU time: 0.24u 0.00s 00:00:00.24 Elapsed: 00:00:00.25
# Alignment of 53 hits satisfying inclusion thresholds saved to: optimization_a7/100gen/_workspace/cmsearch_logs/gen_0053/patent_cmsearch.sto
//
[ok]
