# cmsearch :: search CM(s) against a sequence database
# INFERNAL 1.1.5 (Sep 2023)
# Copyright (C) 2023 Howard Hughes Medical Institute.
# Freely distributed under the BSD open source license.
# - - - - - - - - - - - - - - - - - - - - - - - - - - - - - - - - - - - -
# query CM file:                         A7_analysis/patent.cm
# target sequence database:              /tmp/tmp16qh1pzc/queries.fa
# output directed to file:               optimization_a7/100gen/_workspace/cmsearch_logs/gen_0018/patent_cmsearch.out
# MSA of significant hits saved to file: optimization_a7/100gen/_workspace/cmsearch_logs/gen_0018/patent_cmsearch.sto
# tabular output of hits:                optimization_a7/100gen/_workspace/cmsearch_logs/gen_0018/patent_cmsearch.tblout
# max ASCII text line length:            unlimited
# sequence reporting threshold:          E-value <= 1000
# number of worker threads:              4
# - - - - - - - - - - - - - - - - - - - - - - - - - - - - - - - - - - - -

Query:       patent_aligned  [CLEN=36]
Hit scores:
 rank     E-value  score  bias  sequence        start    end   mdl trunc   gc  description
 ----   --------- ------ -----  -------------- ------ ------   --- ----- ----  -----------
  (1) !   7.8e-09   38.0   0.0  ind_0018_00031    147    182 +  cm    no 0.64  -
  (2) !   5.9e-08   34.7   0.0  ind_0018_00014    147    182 +  cm    no 0.67  -
  (3) !   6.7e-08   34.5   0.0  ind_0018_00011    147    182 +  cm    no 0.61  -
  (4) !   7.6e-07   30.5   0.0  ind_0018_00016    147    182 +  cm    no 0.56  -
  (5) !   1.6e-06   29.3   0.0  ind_0018_00001    147    182 +  cm    no 0.64  -
  (6) !   1.6e-06   29.3   0.0  ind_0018_00002    147    182 +  cm    no 0.64  -
  (7) !   1.6e-06   29.3   0.0  ind_0018_00039    147    182 +  cm    no 0.64  -
  (8) !   1.6e-06   29.3   0.0  ind_0018_00041    147    182 +  cm    no 0.64  -
  (9) !   1.6e-06   29.3   0.0  ind_0018_00049    147    182 +  cm    no 0.64  -
 (10) !   1.8e-06   29.0   0.0  ind_0018_00024    147    182 +  cm    no 0.58  -
 (11) !   3.6e-06   28.0   0.0  ind_0018_00000    147    182 +  cm    no 0.67  -
 (12) !   3.6e-06   28.0   0.0  ind_0018_00040    147    182 +  cm    no 0.67  -
 (13) !   3.7e-06   27.9   0.0  ind_0018_00022    147    182 +  cm    no 0.67  -
 (14) !     6e-06   27.1   0.0  ind_0018_00004    147    182 +  cm    no 0.58  -
 (15) !   7.2e-06   26.8   0.0  ind_0018_00023    147    182 +  cm    no 0.61  -
 (16) !     1e-05   26.3   0.0  ind_0018_00003    147    182 +  cm    no 0.64  -
 (17) !     1e-05   26.3   0.0  ind_0018_00021    147    182 +  cm    no 0.64  -
 (18) !     1e-05   26.3   0.0  ind_0018_00047    147    182 +  cm    no 0.64  -
 (19) !   2.5e-05   24.8   0.0  ind_0018_00038    147    182 +  cm    no 0.61  -
 (20) !   4.2e-05   23.9   0.0  ind_0018_00010    147    182 +  cm    no 0.56  -
 (21) !   5.7e-05   23.4   0.0  ind_0018_00025    147    182 +  cm    no 0.56  -
 (22) !   6.4e-05   23.2   0.0  ind_0018_00035    147    182 +  cm    no 0.64  -
 (23) !   6.6e-05   23.2   0.0  ind_0018_00048    147    182 +  cm    no 0.64  -
 (24) !    0.0001   22.4   0.0  ind_0018_00020    147    180 +  cm    no 0.68  -
 (25) !   0.00014   22.0   0.0  ind_0018_00036    147    182 +  cm    no 0.64  -
 (26) !    0.0002   21.4   0.0  ind_0018_00037    147    182 +  cm    no 0.58  -
 (27) !   0.00027   20.9   0.0  ind_0018_00033    147    182 +  cm    no 0.64  -
 (28) !   0.00037   20.4   0.0  ind_0018_00017    147    182 +  cm    no 0.61  -
 (29) !   0.00043   20.1   0.0  ind_0018_00030    147    182 +  cm    no 0.58  -
 (30) !    0.0011   18.6   0.0  ind_0018_00044    147    182 +  cm    no 0.64  -
 (31) !    0.0014   18.2   0.0  ind_0018_00028    147    182 +  cm    no 0.69  -
 (32) !     0.003   16.9   0.0  ind_0018_00009    147    182 +  cm    no 0.58  -
 (33) !    0.0055   16.0   0.0  ind_0018_00027    147    182 +  cm    no 0.64  -
 (34) !    0.0074   15.5   0.0  ind_0018_00029    147    182 +  cm    no 0.64  -
 ------ inclusion threshold ------
 (35) ?     0.013   14.6   0.0  ind_0018_00042    147    182 +  cm    no 0.61  -
 (36) ?     0.018   14.0   0.0  ind_0018_00012    147    182 +  cm    no 0.64  -
 (37) ?     0.047   12.5   0.0  ind_0018_00017    155    140 -  cm    no 0.56  -
 (38) ?      0.11   11.0   0.0  ind_0018_00006    147    182 +  cm    no 0.61  -
 (39) ?      0.14   10.6   0.0  ind_0018_00011    155    119 -  cm    no 0.43  -
 (40) ?      0.14   10.6   0.0  ind_0018_00020    155    119 -  cm    no 0.49  -
 (41) ?      0.14   10.6   0.0  ind_0018_00000    155    119 -  cm    no 0.46  -
 (42) ?      0.14   10.6   0.0  ind_0018_00048    155    119 -  cm    no 0.43  -
 (43) ?      0.15   10.6   0.0  ind_0018_00025    155    119 -  cm    no 0.49  -
 (44) ?      0.18   10.2   0.0  ind_0018_00043    149    182 +  cm    no 0.59  -
 (45) ?      0.22   10.0   0.0  ind_0018_00007    147    182 +  cm    no 0.64  -
 (46) ?      0.37    9.1   0.0  ind_0018_00041    155    119 -  cm    no 0.51  -
 (47) ?      0.38    9.0   0.0  ind_0018_00018    147    176 +  cm    no 0.63  -
 (48) ?      0.62    8.2   0.0  ind_0018_00024    155    143 -  cm    no 0.54  -
 (49) ?   4.5e+02   -2.5   0.0  ind_0018_00028    194    197 +  cm    3' 0.50  -
 (50) ?   6.5e+02   -3.1   0.0  ind_0018_00036    194    197 +  cm    3' 0.75  -
 (51) ?   6.5e+02   -3.1   0.0  ind_0018_00004    194    197 +  cm    3' 0.75  -
 (52) ?   6.7e+02   -3.2   0.0  ind_0018_00025    116    114 -  cm    no 0.67  -
 (53) ?   6.7e+02   -3.2   0.0  ind_0018_00018    180    182 +  cm    no 0.67  -
 (54) ?   7.9e+02   -3.5   0.0  ind_0018_00027    197    197 +  cm    3' 1.00  -
 (55) ?   9.8e+02   -3.8   0.0  ind_0018_00017    138    120 -  cm    no 0.47  -


Hit alignments:
>> ind_0018_00031  
 rank     E-value  score  bias mdl mdl from   mdl to       seq from      seq to       acc trunc   gc
 ----   --------- ------ ----- --- -------- --------    ----------- -----------      ---- ----- ----
  (1) !   7.8e-09   38.0   0.0  cm        1       36 []         147         182 + .. 0.99    no 0.64

                                                          NC
                     :::::<<<--<<<<<<_________>>>>>>-->>> CS
  patent_aligned   1 GGUCAGACCCUGGUCCGGGGCAAUGGGACCACUGUU 36 
                     GGUCAGACC  GG CCG G CAAUGGG CC CUGUU
  ind_0018_00031 147 GGUCAGACCAUGGUCCGAGCCAAUGGGGCCGCUGUU 182
                     ******************999*************** PP

>> ind_0018_00014  
 rank     E-value  score  bias mdl mdl from   mdl to       seq from      seq to       acc trunc   gc
 ----   --------- ------ ----- --- -------- --------    ----------- -----------      ---- ----- ----
  (2) !   5.9e-08   34.7   0.0  cm        1       36 []         147         182 + .. 1.00    no 0.67

                                                          NC
                     :::::<<<--<<<<<<_________>>>>>>-->>> CS
  patent_aligned   1 GGUCAGACCCUGGUCCGGGGCAAUGGGACCACUGUU 36 
                     GGUC GACCC GG CC  GGCAA GGG CC CUGUU
  ind_0018_00014 147 GGUCUGACCCUGGUCCAAGGCAACGGGGCCGCUGUU 182
                     ************************************ PP

>> ind_0018_00011  
 rank     E-value  score  bias mdl mdl from   mdl to       seq from      seq to       acc trunc   gc
 ----   --------- ------ ----- --- -------- --------    ----------- -----------      ---- ----- ----
  (3) !   6.7e-08   34.5   0.0  cm        1       36 []         147         182 + .. 1.00    no 0.61

                                                          NC
                     :::::<<<--<<<<<<_________>>>>>>-->>> CS
  patent_aligned   1 GGUCAGACCCUGGUCCGGGGCAAUGGGACCACUGUU 36 
                     GGUC GACC  GGUCCG G CAA GGGACC CUGUU
  ind_0018_00011 147 GGUCUGACCAUGGUCCGAGUCAACGGGACCGCUGUU 182
                     ************************************ PP

>> ind_0018_00016  
 rank     E-value  score  bias mdl mdl from   mdl to       seq from      seq to       acc trunc   gc
 ----   --------- ------ ----- --- -------- --------    ----------- -----------      ---- ----- ----
  (4) !   7.6e-07   30.5   0.0  cm        1       36 []         147         182 + .. 1.00    no 0.56

                                    v         v           NC
                     :::::<<<--<<<<<<_________>>>>>>-->>> CS
  patent_aligned   1 GGUCAGACCCUGGUCCGGGGCAAUGGGACCACUGUU 36 
                     GGUCAGACC  G UC G G CAAUG GA C CUGUU
  ind_0018_00016 147 GGUCAGACCAUGCUCCGAGUCAAUGAGAGCGCUGUU 182
                     ************************************ PP

>> ind_0018_00001  
 rank     E-value  score  bias mdl mdl from   mdl to       seq from      seq to       acc trunc   gc
 ----   --------- ------ ----- --- -------- --------    ----------- -----------      ---- ----- ----
  (5) !   1.6e-06   29.3   0.0  cm        1       36 []         147         182 + .. 1.00    no 0.64

                                                          NC
                     :::::<<<--<<<<<<_________>>>>>>-->>> CS
  patent_aligned   1 GGUCAGACCCUGGUCCGGGGCAAUGGGACCACUGUU 36 
                     GGUC GACC  GG CC  GGCAA GGG CC CUGUU
  ind_0018_00001 147 GGUCUGACCAUGGUCCAAGGCAACGGGGCCGCUGUU 182
                     ************************************ PP

>> ind_0018_00002  
 rank     E-value  score  bias mdl mdl from   mdl to       seq from      seq to       acc trunc   gc
 ----   --------- ------ ----- --- -------- --------    ----------- -----------      ---- ----- ----
  (6) !   1.6e-06   29.3   0.0  cm        1       36 []         147         182 + .. 1.00    no 0.64

                                                          NC
                     :::::<<<--<<<<<<_________>>>>>>-->>> CS
  patent_aligned   1 GGUCAGACCCUGGUCCGGGGCAAUGGGACCACUGUU 36 
                     GGUC GACC  GG CC  GGCAA GGG CC CUGUU
  ind_0018_00002 147 GGUCUGACCAUGGUCCAAGGCAACGGGGCCGCUGUU 182
                     ************************************ PP

>> ind_0018_00039  
 rank     E-value  score  bias mdl mdl from   mdl to       seq from      seq to       acc trunc   gc
 ----   --------- ------ ----- --- -------- --------    ----------- -----------      ---- ----- ----
  (7) !   1.6e-06   29.3   0.0  cm        1       36 []         147         182 + .. 1.00    no 0.64

                                                          NC
                     :::::<<<--<<<<<<_________>>>>>>-->>> CS
  patent_aligned   1 GGUCAGACCCUGGUCCGGGGCAAUGGGACCACUGUU 36 
                     GGUC GACC  GG CC  GGCAA GGG CC CUGUU
  ind_0018_00039 147 GGUCUGACCAUGGUCCAAGGCAACGGGGCCGCUGUU 182
                     ************************************ PP

>> ind_0018_00041  
 rank     E-value  score  bias mdl mdl from   mdl to       seq from      seq to       acc trunc   gc
 ----   --------- ------ ----- --- -------- --------    ----------- -----------      ---- ----- ----
  (8) !   1.6e-06   29.3   0.0  cm        1       36 []         147         182 + .. 1.00    no 0.64

                                                          NC
                     :::::<<<--<<<<<<_________>>>>>>-->>> CS
  patent_aligned   1 GGUCAGACCCUGGUCCGGGGCAAUGGGACCACUGUU 36 
                     GGUC GACC  GG CC  GGCAA GGG CC CUGUU
  ind_0018_00041 147 GGUCUGACCAUGGUCCAAGGCAACGGGGCCGCUGUU 182
                     ************************************ PP

>> ind_0018_00049  
 rank     E-value  score  bias mdl mdl from   mdl to       seq from      seq to       acc trunc   gc
 ----   --------- ------ ----- --- -------- --------    ----------- -----------      ---- ----- ----
  (9) !   1.6e-06   29.3   0.0  cm        1       36 []         147         182 + .. 1.00    no 0.64

                                                          NC
                     :::::<<<--<<<<<<_________>>>>>>-->>> CS
  patent_aligned   1 GGUCAGACCCUGGUCCGGGGCAAUGGGACCACUGUU 36 
                     GGUC GACC  GG CC  GGCAA GGG CC CUGUU
  ind_0018_00049 147 GGUCUGACCAUGGUCCAAGGCAACGGGGCCGCUGUU 182
                     ************************************ PP

>> ind_0018_00024  
 rank     E-value  score  bias mdl mdl from   mdl to       seq from      seq to       acc trunc   gc
 ----   --------- ------ ----- --- -------- --------    ----------- -----------      ---- ----- ----
 (10) !   1.8e-06   29.0   0.0  cm        1       36 []         147         182 + .. 1.00    no 0.58

                                                          NC
                     :::::<<<--<<<<<<_________>>>>>>-->>> CS
  patent_aligned   1 GGUCAGACCCUGGUCCGGGGCAAUGGGACCACUGUU 36 
                     GGUC GACC  G UCC  GGCAA GGGA C CUGUU
  ind_0018_00024 147 GGUCUGACCAUGGUCCUAGGCAACGGGAUCGCUGUU 182
                     ************************************ PP

>> ind_0018_00000  
 rank     E-value  score  bias mdl mdl from   mdl to       seq from      seq to       acc trunc   gc
 ----   --------- ------ ----- --- -------- --------    ----------- -----------      ---- ----- ----
 (11) !   3.6e-06   28.0   0.0  cm        1       36 []         147         182 + .. 1.00    no 0.67

                                                          NC
                     :::::<<<--<<<<<<_________>>>>>>-->>> CS
  patent_aligned   1 GGUCAGACCCUGGUCCGGGGCAAUGGGACCACUGUU 36 
                     GGUC GACC  GG CC  GGCAA GGG CC CUGUU
  ind_0018_00000 147 GGUCUGACCAUGGUCCCAGGCAACGGGGCCGCUGUU 182
                     ************************************ PP

>> ind_0018_00040  
 rank     E-value  score  bias mdl mdl from   mdl to       seq from      seq to       acc trunc   gc
 ----   --------- ------ ----- --- -------- --------    ----------- -----------      ---- ----- ----
 (12) !   3.6e-06   28.0   0.0  cm        1       36 []         147         182 + .. 1.00    no 0.67

                                                          NC
                     :::::<<<--<<<<<<_________>>>>>>-->>> CS
  patent_aligned   1 GGUCAGACCCUGGUCCGGGGCAAUGGGACCACUGUU 36 
                     GGUC GACC  GG CC  GGCAA GGG CC CUGUU
  ind_0018_00040 147 GGUCUGACCAUGGUCCCAGGCAACGGGGCCGCUGUU 182
                     ************************************ PP

>> ind_0018_00022  
 rank     E-value  score  bias mdl mdl from   mdl to       seq from      seq to       acc trunc   gc
 ----   --------- ------ ----- --- -------- --------    ----------- -----------      ---- ----- ----
 (13) !   3.7e-06   27.9   0.0  cm        1       36 []         147         182 + .. 1.00    no 0.67

                                                          NC
                     :::::<<<--<<<<<<_________>>>>>>-->>> CS
  patent_aligned   1 GGUCAGACCCUGGUCCGGGGCAAUGGGACCACUGUU 36 
                     G U AGACC  GG CCG GGCAA GGG CC CUGUU
  ind_0018_00022 147 GCUAAGACCGUGGUCCGAGGCAACGGGGCCGCUGUU 182
                     ************************************ PP

>> ind_0018_00004  
 rank     E-value  score  bias mdl mdl from   mdl to       seq from      seq to       acc trunc   gc
 ----   --------- ------ ----- --- -------- --------    ----------- -----------      ---- ----- ----
 (14) !     6e-06   27.1   0.0  cm        1       36 []         147         182 + .. 1.00    no 0.58

                                  v             v         NC
                     :::::<<<--<<<<<<_________>>>>>>-->>> CS
  patent_aligned   1 GGUCAGACCCUGGUCCGGGGCAAUGGGACCACUGUU 36 
                     GGUCAGACC  G  CC  GGCAA GGG  C CUGUU
  ind_0018_00004 147 GGUCAGACCAUGGUCCAAGGCAACGGGUUCGCUGUU 182
                     ************************************ PP

>> ind_0018_00023  
 rank     E-value  score  bias mdl mdl from   mdl to       seq from      seq to       acc trunc   gc
 ----   --------- ------ ----- --- -------- --------    ----------- -----------      ---- ----- ----
 (15) !   7.2e-06   26.8   0.0  cm        1       36 []         147         182 + .. 1.00    no 0.61

                                                          NC
                     :::::<<<--<<<<<<_________>>>>>>-->>> CS
  patent_aligned   1 GGUCAGACCCUGGUCCGGGGCAAUGGGACCACUGUU 36 
                     G UCAGACC  G  CCG G CAAUGGG  C CUGUU
  ind_0018_00023 147 GCUCAGACCAUGCUCCGAGUCAAUGGGGGCGCUGUU 182
                     ************************************ PP

>> ind_0018_00003  
 rank     E-value  score  bias mdl mdl from   mdl to       seq from      seq to       acc trunc   gc
 ----   --------- ------ ----- --- -------- --------    ----------- -----------      ---- ----- ----
 (16) !     1e-05   26.3   0.0  cm        1       36 []         147         182 + .. 0.99    no 0.64

                                                          NC
                     :::::<<<--<<<<<<_________>>>>>>-->>> CS
  patent_aligned   1 GGUCAGACCCUGGUCCGGGGCAAUGGGACCACUGUU 36 
                     G UCAGACC  G  CCG G CAAUGGG  C CUGUU
  ind_0018_00003 147 GCUCAGACCAUGCUCCGAGCCAAUGGGGGCGCUGUU 182
                     ******************999*************** PP

>> ind_0018_00021  
 rank     E-value  score  bias mdl mdl from   mdl to       seq from      seq to       acc trunc   gc
 ----   --------- ------ ----- --- -------- --------    ----------- -----------      ---- ----- ----
 (17) !     1e-05   26.3   0.0  cm        1       36 []         147         182 + .. 0.99    no 0.64

                                                          NC
                     :::::<<<--<<<<<<_________>>>>>>-->>> CS
  patent_aligned   1 GGUCAGACCCUGGUCCGGGGCAAUGGGACCACUGUU 36 
                     G UCAGACC  G  CCG G CAAUGGG  C CUGUU
  ind_0018_00021 147 GCUCAGACCAUGCUCCGAGCCAAUGGGGGCGCUGUU 182
                     ******************999*************** PP

>> ind_0018_00047  
 rank     E-value  score  bias mdl mdl from   mdl to       seq from      seq to       acc trunc   gc
 ----   --------- ------ ----- --- -------- --------    ----------- -----------      ---- ----- ----
 (18) !     1e-05   26.3   0.0  cm        1       36 []         147         182 + .. 0.99    no 0.64

                                                          NC
                     :::::<<<--<<<<<<_________>>>>>>-->>> CS
  patent_aligned   1 GGUCAGACCCUGGUCCGGGGCAAUGGGACCACUGUU 36 
                     G UCAGACC  G  CCG G CAAUGGG  C CUGUU
  ind_0018_00047 147 GCUCAGACCAUGCUCCGAGCCAAUGGGGGCGCUGUU 182
                     ******************999*************** PP

>> ind_0018_00038  
 rank     E-value  score  bias mdl mdl from   mdl to       seq from      seq to       acc trunc   gc
 ----   --------- ------ ----- --- -------- --------    ----------- -----------      ---- ----- ----
 (19) !   2.5e-05   24.8   0.0  cm        1       36 []         147         182 + .. 1.00    no 0.61

                                                          NC
                     :::::<<<--<<<<<<_________>>>>>>-->>> CS
  patent_aligned   1 GGUCAGACCCUGGUCCGGGGCAAUGGGACCACUGUU 36 
                     GG C GACC  G UCC  GGCAA GGGA C CUGUU
  ind_0018_00038 147 GGCCUGACCAUGGUCCUAGGCAACGGGAUCGCUGUU 182
                     ************************************ PP

>> ind_0018_00010  
 rank     E-value  score  bias mdl mdl from   mdl to       seq from      seq to       acc trunc   gc
 ----   --------- ------ ----- --- -------- --------    ----------- -----------      ---- ----- ----
 (20) !   4.2e-05   23.9   0.0  cm        1       36 []         147         182 + .. 1.00    no 0.56

                                  v             v         NC
                     :::::<<<--<<<<<<_________>>>>>>-->>> CS
  patent_aligned   1 GGUCAGACCCUGGUCCGGGGCAAUGGGACCACUGUU 36 
                     GGUCA:ACC  G  CC  GGCAA GGG  C CUGU:
  ind_0018_00010 147 GGUCAAACCAUGGUCCUAGGCAACGGGUUCGCUGUU 182
                     ************************************ PP

>> ind_0018_00025  
 rank     E-value  score  bias mdl mdl from   mdl to       seq from      seq to       acc trunc   gc
 ----   --------- ------ ----- --- -------- --------    ----------- -----------      ---- ----- ----
 (21) !   5.7e-05   23.4   0.0  cm        1       36 []         147         182 + .. 0.99    no 0.56

                                                          NC
                     :::::<<<--<<<<<<_________>>>>>>-->>> CS
  patent_aligned   1 GGUCAGACCCUGGUCCGGGGCAAUGGGACCACUGUU 36 
                     GGUC GACC  G UCC   GCAA GGGA C CUGUU
  ind_0018_00025 147 GGUCUGACCAUGGUCCUAUGCAACGGGAUCGCUGUU 182
                     ************************************ PP

>> ind_0018_00035  
 rank     E-value  score  bias mdl mdl from   mdl to       seq from      seq to       acc trunc   gc
 ----   --------- ------ ----- --- -------- --------    ----------- -----------      ---- ----- ----
 (22) !   6.4e-05   23.2   0.0  cm        1       36 []         147         182 + .. 1.00    no 0.64

                                                          NC
                     :::::<<<--<<<<<<_________>>>>>>-->>> CS
  patent_aligned   1 GGUCAGACCCUGGUCCGGGGCAAUGGGACCACUGUU 36 
                     GGU  GACC  GG CC  GGCAA GGG CC CUGUU
  ind_0018_00035 147 GGUGUGACCAUGGUCCAAGGCAACGGGGCCGCUGUU 182
                     ************************************ PP

>> ind_0018_00048  
 rank     E-value  score  bias mdl mdl from   mdl to       seq from      seq to       acc trunc   gc
 ----   --------- ------ ----- --- -------- --------    ----------- -----------      ---- ----- ----
 (23) !   6.6e-05   23.2   0.0  cm        1       36 []         147         182 + .. 0.98    no 0.64

                                                          NC
                     :::::<<<--<<<<<<_________>>>>>>-->>> CS
  patent_aligned   1 GGUCAGACCCUGGUCCGGGGCAAUGGGACCACUGUU 36 
                     GGUC GACC  GG CC  G CAA GGG CC CUGUU
  ind_0018_00048 147 GGUCUGACCAUGGUCCAAGCCAACGGGGCCGCUGUU 182
                     ****************99999*************** PP

>> ind_0018_00020  
 rank     E-value  score  bias mdl mdl from   mdl to       seq from      seq to       acc trunc   gc
 ----   --------- ------ ----- --- -------- --------    ----------- -----------      ---- ----- ----
 (24) !    0.0001   22.4   0.0  cm        1       36 []         147         180 + .. 1.00    no 0.68

                          vv                           vv NC
                     :::::<<<--<<<<<<_________>>>>>>-->>> CS
  patent_aligned   1 GGUCAGACCCUGGUCCGGGGCAAUGGGACCACUGUU 36 
                     GGUC GACC  GG CC  GGCAA GGG CC CUG  
  ind_0018_00020 147 GGUCUGACCAUGGUCCAAGGCAACGGGGCCGCUG-- 180
                     **********************************.. PP

>> ind_0018_00036  
 rank     E-value  score  bias mdl mdl from   mdl to       seq from      seq to       acc trunc   gc
 ----   --------- ------ ----- --- -------- --------    ----------- -----------      ---- ----- ----
 (25) !   0.00014   22.0   0.0  cm        1       36 []         147         182 + .. 0.91    no 0.64

                                  v               v         NC
                     :::::<<<--<<<<<<______~~~~~>>>>>>-->>> CS
  patent_aligned   1 GGUCAGACCCUGGUCCGGGGCA*[3]*GGACCACUGUU 36 
                     GGUCAGACC  GG CC  GGCA     GG CC CUGUU
  ind_0018_00036 147 GGUCAGACCGUGGUCCACGGCA*[3]*GGUCCGCUGUU 182
                     ****************777775..7..*********** PP

>> ind_0018_00037  
 rank     E-value  score  bias mdl mdl from   mdl to       seq from      seq to       acc trunc   gc
 ----   --------- ------ ----- --- -------- --------    ----------- -----------      ---- ----- ----
 (26) !    0.0002   21.4   0.0  cm        1       36 []         147         182 + .. 1.00    no 0.58

                                                          NC
                     :::::<<<--<<<<<<_________>>>>>>-->>> CS
  patent_aligned   1 GGUCAGACCCUGGUCCGGGGCAAUGGGACCACUGUU 36 
                     G UCAGA C  G  CCG G CAAUGGG  C CU UU
  ind_0018_00037 147 GCUCAGAUCAUGCUCCGAGUCAAUGGGGGCGCUGUU 182
                     ************************************ PP

>> ind_0018_00033  
 rank     E-value  score  bias mdl mdl from   mdl to       seq from      seq to       acc trunc   gc
 ----   --------- ------ ----- --- -------- --------    ----------- -----------      ---- ----- ----
 (27) !   0.00027   20.9   0.0  cm        1       36 []         147         182 + .. 0.90    no 0.64

                                  v         v         NC
                     :::::<<<--<<<<<<~~~~~>>>>>>-->>> CS
  patent_aligned   1 GGUCAGACCCUGGUCC*[9]*GGACCACUGUU 36 
                     GGUCAGACC  GG CC     GG CC CUGUU
  ind_0018_00033 147 GGUCAGACCGUGGUCC*[9]*GGUCCGCUGUU 182
                     ***************9..6..9********** PP

>> ind_0018_00017  
 rank     E-value  score  bias mdl mdl from   mdl to       seq from      seq to       acc trunc   gc
 ----   --------- ------ ----- --- -------- --------    ----------- -----------      ---- ----- ----
 (28) !   0.00037   20.4   0.0  cm        1       36 []         147         182 + .. 1.00    no 0.61

                                v                 v       NC
                     :::::<<<--<<<<<<_________>>>>>>-->>> CS
  patent_aligned   1 GGUCAGACCCUGGUCCGGGGCAAUGGGACCACUGUU 36 
                     GGUC GACC   G CC  GGCAA GGG C  CUGUU
  ind_0018_00017 147 GGUCUGACCAUGGUCCAAGGCAACGGGGCAGCUGUU 182
                     ************************************ PP

>> ind_0018_00030  
 rank     E-value  score  bias mdl mdl from   mdl to       seq from      seq to       acc trunc   gc
 ----   --------- ------ ----- --- -------- --------    ----------- -----------      ---- ----- ----
 (29) !   0.00043   20.1   0.0  cm        1       36 []         147         182 + .. 0.99    no 0.58

                                  v             v         NC
                     :::::<<<--<<<<<<_________>>>>>>-->>> CS
  patent_aligned   1 GGUCAGACCCUGGUCCGGGGCAAUGGGACCACUGUU 36 
                     GGUCAGACC  G  CC  GG AA GGG  C CUGUU
  ind_0018_00030 147 GGUCAGACCAUGCACCAAGGUAACGGGAGCGCUGUU 182
                     ************************************ PP

>> ind_0018_00044  
 rank     E-value  score  bias mdl mdl from   mdl to       seq from      seq to       acc trunc   gc
 ----   --------- ------ ----- --- -------- --------    ----------- -----------      ---- ----- ----
 (30) !    0.0011   18.6   0.0  cm        1       36 []         147         182 + .. 1.00    no 0.64

                           v                           v  NC
                     :::::<<<--<<<<<<_________>>>>>>-->>> CS
  patent_aligned   1 GGUCAGACCCUGGUCCGGGGCAAUGGGACCACUGUU 36 
                     G UCAG CC  G  CCG G CAAUGGG  C CUG U
  ind_0018_00044 147 GCUCAGCCCAUGCUCCGAGUCAAUGGGGGCGCUGUU 182
                     ************************************ PP

>> ind_0018_00028  
 rank     E-value  score  bias mdl mdl from   mdl to       seq from      seq to       acc trunc   gc
 ----   --------- ------ ----- --- -------- --------    ----------- -----------      ---- ----- ----
 (31) !    0.0014   18.2   0.0  cm        1       36 []         147         182 + .. 1.00    no 0.69

                                 v               v        NC
                     :::::<<<--<<<<<<_________>>>>>>-->>> CS
  patent_aligned   1 GGUCAGACCCUGGUCCGGGGCAAUGGGACCACUGUU 36 
                     G UCAGACCC G  CCG G CAA GGG  C C GUU
  ind_0018_00028 147 GCUCAGACCCUGGUCCGUGUCAACGGGGGCGCGGUU 182
                     ************************************ PP

>> ind_0018_00009  
 rank     E-value  score  bias mdl mdl from   mdl to       seq from      seq to       acc trunc   gc
 ----   --------- ------ ----- --- -------- --------    ----------- -----------      ---- ----- ----
 (32) !     0.003   16.9   0.0  cm        1       36 []         147         182 + .. 0.98    no 0.58

                                vv               vv       NC
                     :::::<<<--<<<<<<_________>>>>>>-->>> CS
  patent_aligned   1 GGUCAGACCCUGGUCCGGGGCAAUGGGACCACUGUU 36 
                     G UCAGACC     CC  GGCAAUGGG    CUGUU
  ind_0018_00009 147 GCUCAGACCAUAGUCCAAGGCAAUGGGGGCGCUGUU 182
                     *************************99999****** PP

>> ind_0018_00027  
 rank     E-value  score  bias mdl mdl from   mdl to       seq from      seq to       acc trunc   gc
 ----   --------- ------ ----- --- -------- --------    ----------- -----------      ---- ----- ----
 (33) !    0.0055   16.0   0.0  cm        1       36 []         147         182 + .. 0.99    no 0.64

                                 v               v        NC
                     :::::<<<--<<<<<<_________>>>>>>-->>> CS
  patent_aligned   1 GGUCAGACCCUGGUCCGGGGCAAUGGGACCACUGUU 36 
                     G UC GACC  G  CCG G CAAUGGG  C CUGUU
  ind_0018_00027 147 GCUCCGACCAUGCUCCGAGCCAAUGGGGUCGCUGUU 182
                     *****************9999*************** PP

>> ind_0018_00029  
 rank     E-value  score  bias mdl mdl from   mdl to       seq from      seq to       acc trunc   gc
 ----   --------- ------ ----- --- -------- --------    ----------- -----------      ---- ----- ----
 (34) !    0.0074   15.5   0.0  cm        1       36 []         147         182 + .. 1.00    no 0.64

                           v                           v  NC
                     :::::<<<--<<<<<<_________>>>>>>-->>> CS
  patent_aligned   1 GGUCAGACCCUGGUCCGGGGCAAUGGGACCACUGUU 36 
                     GGUC G CC   G CC  GGCAA GGG C  CUG U
  ind_0018_00029 147 GGUCUGUCCAUGGUCCCAGGCAACGGGGCUGCUGUU 182
                     ************************************ PP

>> ind_0018_00042  
 rank     E-value  score  bias mdl mdl from   mdl to       seq from      seq to       acc trunc   gc
 ----   --------- ------ ----- --- -------- --------    ----------- -----------      ---- ----- ----
 (35) ?     0.013   14.6   0.0  cm        1       36 []         147         182 + .. 0.99    no 0.61

                                 v               v        NC
                     :::::<<<--<<<<<<_________>>>>>>-->>> CS
  patent_aligned   1 GGUCAGACCCUGGUCCGGGGCAAUGGGACCACUGUU 36 
                     GGUC GACC  G   C  GGCAA GG   C CUGUU
  ind_0018_00042 147 GGUCUGACCAUGCUUCAAGGCAACGGGGCCGCUGUU 182
                     ************************************ PP

>> ind_0018_00012  
 rank     E-value  score  bias mdl mdl from   mdl to       seq from      seq to       acc trunc   gc
 ----   --------- ------ ----- --- -------- --------    ----------- -----------      ---- ----- ----
 (36) ?     0.018   14.0   0.0  cm        1       36 []         147         182 + .. 0.98    no 0.64

                            v                         v   NC
                     :::::<<<--<<<<<<_________>>>>>>-->>> CS
  patent_aligned   1 GGUCAGACCCUGGUCCGGGGCAAUGGGACCACUGUU 36 
                     GGUC G     GG CC  GGCAAUGGG CC CU  U
  ind_0018_00012 147 GGUCUGGGGAGGGUCCAAGGCAAUGGGGCCCCUAUU 182
                     ****999889************************** PP

>> ind_0018_00017  
 rank     E-value  score  bias mdl mdl from   mdl to       seq from      seq to       acc trunc   gc
 ----   --------- ------ ----- --- -------- --------    ----------- -----------      ---- ----- ----
 (37) ?     0.047   12.5   0.0  cm        1       36 []         155         140 - .. 0.97    no 0.56

                                        NC
                     :::::<<<-~~~~~~>>> CS
  patent_aligned   1 GGUCAGACC*[24]*GUU 36 
                     GGUCAGACC      GUU
  ind_0018_00017 155 GGUCAGACC*[ 4]*GUU 140
                     ********8...*..*** PP

>> ind_0018_00006  
 rank     E-value  score  bias mdl mdl from   mdl to       seq from      seq to       acc trunc   gc
 ----   --------- ------ ----- --- -------- --------    ----------- -----------      ---- ----- ----
 (38) ?      0.11   11.0   0.0  cm        1       36 []         147         182 + .. 0.99    no 0.61

                            v                         v   NC
                     :::::<<<--<<<<<<_________>>>>>>-->>> CS
  patent_aligned   1 GGUCAGACCCUGGUCCGGGGCAAUGGGACCACUGUU 36 
                     G U AGA C  G  CCG G CAAUGGG  C CU UU
  ind_0018_00006 147 GCUGAGAACAUGCUCCGAGCCAAUGGGGGCGCUGUU 182
                     ******************999*************** PP

>> ind_0018_00011  
 rank     E-value  score  bias mdl mdl from   mdl to       seq from      seq to       acc trunc   gc
 ----   --------- ------ ----- --- -------- --------    ----------- -----------      ---- ----- ----
 (39) ?      0.14   10.6   0.0  cm        1       36 []         155         119 - .. 0.99    no 0.43

                                        NC
                     :::::<<<-~~~~~~>>> CS
  patent_aligned   1 GGUCAGACC*[24]*GUU 36 
                     GGUCAGACC      GUU
  ind_0018_00011 155 GGUCAGACC*[25]*GUU 119
                     ********8...*..*** PP

>> ind_0018_00020  
 rank     E-value  score  bias mdl mdl from   mdl to       seq from      seq to       acc trunc   gc
 ----   --------- ------ ----- --- -------- --------    ----------- -----------      ---- ----- ----
 (40) ?      0.14   10.6   0.0  cm        1       36 []         155         119 - .. 0.99    no 0.49

                                        NC
                     :::::<<<-~~~~~~>>> CS
  patent_aligned   1 GGUCAGACC*[24]*GUU 36 
                     GGUCAGACC      GUU
  ind_0018_00020 155 GGUCAGACC*[25]*GUU 119
                     ********8...*..*** PP

>> ind_0018_00000  
 rank     E-value  score  bias mdl mdl from   mdl to       seq from      seq to       acc trunc   gc
 ----   --------- ------ ----- --- -------- --------    ----------- -----------      ---- ----- ----
 (41) ?      0.14   10.6   0.0  cm        1       36 []         155         119 - .. 0.99    no 0.46

                                        NC
                     :::::<<<-~~~~~~>>> CS
  patent_aligned   1 GGUCAGACC*[24]*GUU 36 
                     GGUCAGACC      GUU
  ind_0018_00000 155 GGUCAGACC*[25]*GUU 119
                     ********8...*..*** PP

>> ind_0018_00048  
 rank     E-value  score  bias mdl mdl from   mdl to       seq from      seq to       acc trunc   gc
 ----   --------- ------ ----- --- -------- --------    ----------- -----------      ---- ----- ----
 (42) ?      0.14   10.6   0.0  cm        1       36 []         155         119 - .. 0.99    no 0.43

                                        NC
                     :::::<<<-~~~~~~>>> CS
  patent_aligned   1 GGUCAGACC*[24]*GUU 36 
                     GGUCAGACC      GUU
  ind_0018_00048 155 GGUCAGACC*[25]*GUU 119
                     ********8...*..*** PP

>> ind_0018_00025  
 rank     E-value  score  bias mdl mdl from   mdl to       seq from      seq to       acc trunc   gc
 ----   --------- ------ ----- --- -------- --------    ----------- -----------      ---- ----- ----
 (43) ?      0.15   10.6   0.0  cm        1       36 []         155         119 - .. 0.99    no 0.49

                                        NC
                     :::::<<<-~~~~~~>>> CS
  patent_aligned   1 GGUCAGACC*[24]*GUU 36 
                     GGUCAGACC      GUU
  ind_0018_00025 155 GGUCAGACC*[25]*GUU 119
                     ********8...*..*** PP

>> ind_0018_00043  
 rank     E-value  score  bias mdl mdl from   mdl to       seq from      seq to       acc trunc   gc
 ----   --------- ------ ----- --- -------- --------    ----------- -----------      ---- ----- ----
 (44) ?      0.18   10.2   0.0  cm        3       36 .]         149         182 + .. 0.99    no 0.59

                          v                         v   NC
                     :::<<<--<<<<<<_________>>>>>>-->>> CS
  patent_aligned   3 UCAGACCCUGGUCCGGGGCAAUGGGACCACUGUU 36 
                     UCAGA C  G  CCG G CAAUGGG  C CU UU
  ind_0018_00043 149 UCAGAACAUGCUCCGAGCCAAUGGGGGCGCUGUU 182
                     9***************999*************** PP

>> ind_0018_00007  
 rank     E-value  score  bias mdl mdl from   mdl to       seq from      seq to       acc trunc   gc
 ----   --------- ------ ----- --- -------- --------    ----------- -----------      ---- ----- ----
 (45) ?      0.22   10.0   0.0  cm        1       36 []         147         182 + .. 0.69    no 0.64

                               v vv             vv v      NC
                     :::::<<<--<<<<<<_________>>>>>>-->>> CS
  patent_aligned   1 GGUCAGACCCUGGUCCGGGGCAAUGGGACCACUGUU 36 
                     GGUCAGAC   G  CCG G C AUGGG  C CUGUU
  ind_0018_00007 147 GGUCAGACGAGGGACCGUGCCUAUGGGGGCACUGUU 182
                     ********6666666665555555566556667*** PP

>> ind_0018_00041  
 rank     E-value  score  bias mdl mdl from   mdl to       seq from      seq to       acc trunc   gc
 ----   --------- ------ ----- --- -------- --------    ----------- -----------      ---- ----- ----
 (46) ?      0.37    9.1   0.0  cm        1       36 []         155         119 - .. 0.93    no 0.51

                                         NC
                     :::::<<<--~~~~~~>>> CS
  patent_aligned   1 GGUCAGACCC*[23]*GUU 36 
                     GGUCA:ACC       GU:
  ind_0018_00041 155 GGUCAGACCA*[24]*GUC 119
                     ********95...9..*** PP

>> ind_0018_00018  
 rank     E-value  score  bias mdl mdl from   mdl to       seq from      seq to       acc trunc   gc
 ----   --------- ------ ----- --- -------- --------    ----------- -----------      ---- ----- ----
 (47) ?      0.38    9.0   0.0  cm        1       36 []         147         176 + .. 0.89    no 0.63

                                        NC
                     :::::<<<-~~~~~~>>> CS
  patent_aligned   1 GGUCAGACC*[24]*GUU 36 
                     GGUCA:ACC      GU:
  ind_0018_00018 147 GGUCAGACC*[18]*GUC 176
                     ********8...8..*** PP

>> ind_0018_00024  
 rank     E-value  score  bias mdl mdl from   mdl to       seq from      seq to       acc trunc   gc
 ----   --------- ------ ----- --- -------- --------    ----------- -----------      ---- ----- ----
 (48) ?      0.62    8.2   0.0  cm        1       36 []         155         143 - .. 0.96    no 0.54

                          v           v NC
                     :::::<<<-~~~~~~>>> CS
  patent_aligned   1 GGUCAGACC*[24]*GUU 36 
                     GGUCAGACC      GU 
  ind_0018_00024 155 GGUCAGACC*[ 2]*GU- 143
                     ********8...9..99. PP

>> ind_0018_00028  
 rank     E-value  score  bias mdl mdl from   mdl to       seq from      seq to       acc trunc   gc
 ----   --------- ------ ----- --- -------- --------    ----------- -----------      ---- ----- ----
 (49) ?   4.5e+02   -2.5   0.0  cm        1        4 [~         194         197 + .~ 1.00    3' 0.50

                                NC
                     ::::~~~~~~ CS
  patent_aligned   1 GGUC*[32]> 36 
                      GUC      
  ind_0018_00028 194 UGUC*[ 0]> 197
                     ****...... PP

>> ind_0018_00036  
 rank     E-value  score  bias mdl mdl from   mdl to       seq from      seq to       acc trunc   gc
 ----   --------- ------ ----- --- -------- --------    ----------- -----------      ---- ----- ----
 (50) ?   6.5e+02   -3.1   0.0  cm        1        4 [~         194         197 + .~ 1.00    3' 0.75

                                NC
                     ::::~~~~~~ CS
  patent_aligned   1 GGUC*[32]> 36 
                      GUC      
  ind_0018_00036 194 CGUC*[ 0]> 197
                     ****...... PP

>> ind_0018_00004  
 rank     E-value  score  bias mdl mdl from   mdl to       seq from      seq to       acc trunc   gc
 ----   --------- ------ ----- --- -------- --------    ----------- -----------      ---- ----- ----
 (51) ?   6.5e+02   -3.1   0.0  cm        1        4 [~         194         197 + .~ 1.00    3' 0.75

                                NC
                     ::::~~~~~~ CS
  patent_aligned   1 GGUC*[32]> 36 
                      GUC      
  ind_0018_00004 194 CGUC*[ 0]> 197
                     ****...... PP

>> ind_0018_00025  
 rank     E-value  score  bias mdl mdl from   mdl to       seq from      seq to       acc trunc   gc
 ----   --------- ------ ----- --- -------- --------    ----------- -----------      ---- ----- ----
 (52) ?   6.7e+02   -3.2   0.0  cm        1       36 []         116         114 - .. 0.90    no 0.67

                               NC
                     :::~~~~~~ CS
  patent_aligned   1 GGU*[33]* 36 
                     GGU      
  ind_0018_00025 116 GGU*[ 0]* 114
                     *97...... PP

>> ind_0018_00018  
 rank     E-value  score  bias mdl mdl from   mdl to       seq from      seq to       acc trunc   gc
 ----   --------- ------ ----- --- -------- --------    ----------- -----------      ---- ----- ----
 (53) ?   6.7e+02   -3.2   0.0  cm        1       36 []         180         182 + .. 0.90    no 0.67

                               NC
                     :::~~~~~~ CS
  patent_aligned   1 GGU*[33]* 36 
                     GGU      
  ind_0018_00018 180 GGU*[ 0]* 182
                     *97...... PP

>> ind_0018_00027  
 rank     E-value  score  bias mdl mdl from   mdl to       seq from      seq to       acc trunc   gc
 ----   --------- ------ ----- --- -------- --------    ----------- -----------      ---- ----- ----
 (54) ?   7.9e+02   -3.5   0.0  cm        1        1 [~         197         197 + .~ 0.88    3' 1.00

                             NC
                     :~~~~~~ CS
  patent_aligned   1 G*[35]> 36 
                     G      
  ind_0018_00027 197 G*[ 0]> 197
                     9...... PP

>> ind_0018_00017  
 rank     E-value  score  bias mdl mdl from   mdl to       seq from      seq to       acc trunc   gc
 ----   --------- ------ ----- --- -------- --------    ----------- -----------      ---- ----- ----
 (55) ?   9.8e+02   -3.8   0.0  cm        9       33 ..         138         120 - .. 0.99    no 0.47

                                    NC
                     --<<~~~~~~>>-- CS
  patent_aligned   9 CCUG*[17]*CACU 33 
                     CCUG      CACU
  ind_0018_00017 138 CCUG*[11]*CACU 120
                     ***9...*..9*** PP



Internal CM pipeline statistics summary:
----------------------------------------
Query model(s):                                                  1  (36 consensus positions)
Target sequences:                                               50  (19700 residues searched)
Target sequences re-searched for truncated hits:                50  (10200 residues re-searched)
Windows   passing  local HMM SSV           filter:             230  (0.4589); expected (0.35)
Windows   passing  local HMM Viterbi       filter:                  (off)
Windows   passing  local HMM Viterbi  bias filter:                  (off)
Windows   passing  local HMM Forward       filter:             135  (0.2866); expected (0.02)
Windows   passing  local HMM Forward  bias filter:             134  (0.2844); expected (0.02)
Windows   passing glocal HMM Forward       filter:              88  (0.1958); expected (0.02)
Windows   passing glocal HMM Forward  bias filter:              87  (0.1924); expected (0.02)
Envelopes passing glocal HMM envelope defn filter:              87  (0.1245); expected (0.02)
Envelopes passing  local CM  CYK           filter:              80  (0.1128); expected (0.0001)
Total CM hits reported:                                         55  (0.05793); includes 4 truncated hit(s)

# CPU time: 0.62u 0.00s 00:00:00.62 Elapsed: 00:00:00.63
# Alignment of 34 hits satisfying inclusion thresholds saved to: optimization_a7/100gen/_workspace/cmsearch_logs/gen_0018/patent_cmsearch.sto
//
[ok]
