# cmsearch :: search CM(s) against a sequence database
# INFERNAL 1.1.5 (Sep 2023)
# Copyright (C) 2023 Howard Hughes Medical Institute.
# Freely distributed under the BSD open source license.
# - - - - - - - - - - - - - - - - - - - - - - - - - - - - - - - - - - - -
# query CM file:                         A7_analysis/patent.cm
# target sequence database:              /tmp/tmp7zrihovu/queries.fa
# output directed to file:               optimization_a7/38gen/_workspace/cmsearch_logs/gen_0021/patent_cmsearch.out
# MSA of significant hits saved to file: optimization_a7/38gen/_workspace/cmsearch_logs/gen_0021/patent_cmsearch.sto
# tabular output of hits:                optimization_a7/38gen/_workspace/cmsearch_logs/gen_0021/patent_cmsearch.tblout
# max ASCII text line length:            unlimited
# sequence reporting threshold:          E-value <= 1000
# number of worker threads:              4
# - - - - - - - - - - - - - - - - - - - - - - - - - - - - - - - - - - - -

Query:       patent_aligned  [CLEN=36]
Hit scores:
 rank     E-value  score  bias  sequence        start    end   mdl trunc   gc  description
 ----   --------- ------ -----  -------------- ------ ------   --- ----- ----  -----------
  (1) !   9.3e-14   56.5   0.0  ind_0021_00000    147    182 +  cm    no 0.64  -
  (2) !   9.3e-14   56.5   0.0  ind_0021_00001    147    182 +  cm    no 0.64  -
  (3) !   9.3e-14   56.5   0.0  ind_0021_00002    147    182 +  cm    no 0.64  -
  (4) !   9.3e-14   56.5   0.0  ind_0021_00003    147    182 +  cm    no 0.64  -
  (5) !   9.3e-14   56.5   0.0  ind_0021_00019    147    182 +  cm    no 0.64  -
  (6) !   9.3e-14   56.5   0.0  ind_0021_00028    147    182 +  cm    no 0.64  -
  (7) !   9.3e-14   56.5   0.0  ind_0021_00034    147    182 +  cm    no 0.64  -
  (8) !   1.3e-13   56.0   0.0  ind_0021_00041    147    182 +  cm    no 0.64  -
  (9) !   1.6e-13   55.7   0.0  ind_0021_00018    147    182 +  cm    no 0.64  -
 (10) !   1.6e-13   55.7   0.0  ind_0021_00022    147    182 +  cm    no 0.64  -
 (11) !   1.6e-13   55.7   0.0  ind_0021_00031    147    182 +  cm    no 0.64  -
 (12) !   1.6e-13   55.7   0.0  ind_0021_00033    147    182 +  cm    no 0.64  -
 (13) !   1.6e-13   55.7   0.0  ind_0021_00047    147    182 +  cm    no 0.64  -
 (14) !   2.3e-13   55.0   0.0  ind_0021_00004    147    182 +  cm    no 0.64  -
 (15) !   2.3e-13   55.0   0.0  ind_0021_00011    147    182 +  cm    no 0.64  -
 (16) !   2.3e-13   55.0   0.0  ind_0021_00015    147    182 +  cm    no 0.64  -
 (17) !   2.3e-13   55.0   0.0  ind_0021_00021    147    182 +  cm    no 0.64  -
 (18) !   2.3e-13   55.0   0.0  ind_0021_00043    147    182 +  cm    no 0.64  -
 (19) !   1.5e-12   52.0   0.0  ind_0021_00044    147    182 +  cm    no 0.67  -
 (20) !   2.5e-12   51.2   0.0  ind_0021_00027    147    182 +  cm    no 0.61  -
 (21) !   2.6e-12   51.1   0.0  ind_0021_00017    147    182 +  cm    no 0.61  -
 (22) !     3e-12   50.9   0.0  ind_0021_00045    147    182 +  cm    no 0.61  -
 (23) !   3.2e-12   50.8   0.0  ind_0021_00013    147    182 +  cm    no 0.67  -
 (24) !   3.4e-12   50.7   0.0  ind_0021_00036    147    182 +  cm    no 0.67  -
 (25) !   3.6e-12   50.6   0.0  ind_0021_00006    147    181 +  cm    no 0.66  -
 (26) !   4.2e-12   50.3   0.0  ind_0021_00039    147    182 +  cm    no 0.61  -
 (27) !   5.8e-12   49.8   0.0  ind_0021_00005    147    182 +  cm    no 0.67  -
 (28) !   5.8e-12   49.8   0.0  ind_0021_00008    147    182 +  cm    no 0.67  -
 (29) !   5.8e-12   49.8   0.0  ind_0021_00012    147    182 +  cm    no 0.67  -
 (30) !   5.8e-12   49.8   0.0  ind_0021_00026    147    182 +  cm    no 0.67  -
 (31) !   5.8e-12   49.8   0.0  ind_0021_00038    147    182 +  cm    no 0.67  -
 (32) !   5.8e-12   49.8   0.0  ind_0021_00042    147    182 +  cm    no 0.67  -
 (33) !   5.8e-12   49.8   0.0  ind_0021_00048    147    182 +  cm    no 0.67  -
 (34) !   6.7e-12   49.5   0.0  ind_0021_00035    147    182 +  cm    no 0.64  -
 (35) !   7.4e-12   49.4   0.0  ind_0021_00037    147    182 +  cm    no 0.58  -
 (36) !   7.5e-12   49.4   0.0  ind_0021_00020    147    182 +  cm    no 0.61  -
 (37) !   2.9e-11   47.2   0.0  ind_0021_00040    147    182 +  cm    no 0.61  -
 (38) !   3.6e-11   46.8   0.0  ind_0021_00016    147    182 +  cm    no 0.61  -
 (39) !   7.3e-11   45.6   0.0  ind_0021_00009    147    182 +  cm    no 0.69  -
 (40) !   7.3e-11   45.6   0.0  ind_0021_00032    147    182 +  cm    no 0.64  -
 (41) !   9.5e-11   45.2   0.0  ind_0021_00024    147    179 +  cm    no 0.73  -
 (42) !   1.2e-10   44.9   0.0  ind_0021_00007    147    182 +  cm    no 0.61  -
 (43) !   1.2e-10   44.9   0.0  ind_0021_00030    147    182 +  cm    no 0.67  -
 (44) !   1.6e-10   44.4   0.0  ind_0021_00029    147    182 +  cm    no 0.64  -
 (45) !   1.9e-10   44.1   0.0  ind_0021_00046    147    182 +  cm    no 0.67  -
 (46) !     3e-10   43.3   0.0  ind_0021_00014    147    180 +  cm    no 0.68  -
 (47) !   3.9e-10   42.9   0.0  ind_0021_00025    147    180 +  cm    no 0.71  -
 (48) !   6.2e-10   42.1   0.0  ind_0021_00023    147    182 +  cm    no 0.67  -
 (49) !   1.6e-09   40.6   0.0  ind_0021_00010    147    182 +  cm    no 0.64  -
 (50) !   9.3e-08   33.9   0.0  ind_0021_00049    147    182 +  cm    no 0.61  -
 ------ inclusion threshold ------
 (51) ?       0.2   10.1   0.0  ind_0021_00005    155    140 -  cm    no 0.69  -
 (52) ?       0.2   10.1   0.0  ind_0021_00012    155    140 -  cm    no 0.69  -
 (53) ?       0.2   10.1   0.0  ind_0021_00018    155    140 -  cm    no 0.69  -
 (54) ?       0.2   10.1   0.0  ind_0021_00026    155    140 -  cm    no 0.69  -
 (55) ?       0.2   10.1   0.0  ind_0021_00033    155    140 -  cm    no 0.69  -
 (56) ?       0.2   10.1   0.0  ind_0021_00035    155    140 -  cm    no 0.69  -
 (57) ?       0.2   10.1   0.0  ind_0021_00039    155    140 -  cm    no 0.69  -
 (58) ?       0.2   10.1   0.0  ind_0021_00042    155    140 -  cm    no 0.69  -
 (59) ?       0.2   10.1   0.0  ind_0021_00048    155    140 -  cm    no 0.69  -
 (60) ?       0.2   10.1   0.0  ind_0021_00032    155    140 -  cm    no 0.69  -
 (61) ?       0.2   10.1   0.0  ind_0021_00046    155    140 -  cm    no 0.69  -
 (62) ?      0.53    8.5   0.0  ind_0021_00009    187    152 -  cm    no 0.69  -
 (63) ?      0.72    8.0   0.0  ind_0021_00031    155    132 -  cm    no 0.67  -
 (64) ?      0.72    8.0   0.0  ind_0021_00038    155    132 -  cm    no 0.58  -
 (65) ?     3e+02   -1.9   0.0  ind_0021_00009    150    140 -  cm    no 0.64  -


Hit alignments:
>> ind_0021_00000  
 rank     E-value  score  bias mdl mdl from   mdl to       seq from      seq to       acc trunc   gc
 ----   --------- ------ ----- --- -------- --------    ----------- -----------      ---- ----- ----
  (1) !   9.3e-14   56.5   0.0  cm        1       36 []         147         182 + .. 1.00    no 0.64

                                                          NC
                     :::::<<<--<<<<<<_________>>>>>>-->>> CS
  patent_aligned   1 GGUCAGACCCUGGUCCGGGGCAAUGGGACCACUGUU 36 
                     GGUC GACC UGGUCCGGGGCAAUGGGACCACUGUU
  ind_0021_00000 147 GGUCGGACCUUGGUCCGGGGCAAUGGGACCACUGUU 182
                     ************************************ PP

>> ind_0021_00001  
 rank     E-value  score  bias mdl mdl from   mdl to       seq from      seq to       acc trunc   gc
 ----   --------- ------ ----- --- -------- --------    ----------- -----------      ---- ----- ----
  (2) !   9.3e-14   56.5   0.0  cm        1       36 []         147         182 + .. 1.00    no 0.64

                                                          NC
                     :::::<<<--<<<<<<_________>>>>>>-->>> CS
  patent_aligned   1 GGUCAGACCCUGGUCCGGGGCAAUGGGACCACUGUU 36 
                     GGUC GACC UGGUCCGGGGCAAUGGGACCACUGUU
  ind_0021_00001 147 GGUCGGACCUUGGUCCGGGGCAAUGGGACCACUGUU 182
                     ************************************ PP

>> ind_0021_00002  
 rank     E-value  score  bias mdl mdl from   mdl to       seq from      seq to       acc trunc   gc
 ----   --------- ------ ----- --- -------- --------    ----------- -----------      ---- ----- ----
  (3) !   9.3e-14   56.5   0.0  cm        1       36 []         147         182 + .. 1.00    no 0.64

                                                          NC
                     :::::<<<--<<<<<<_________>>>>>>-->>> CS
  patent_aligned   1 GGUCAGACCCUGGUCCGGGGCAAUGGGACCACUGUU 36 
                     GGUC GACC UGGUCCGGGGCAAUGGGACCACUGUU
  ind_0021_00002 147 GGUCGGACCUUGGUCCGGGGCAAUGGGACCACUGUU 182
                     ************************************ PP

>> ind_0021_00003  
 rank     E-value  score  bias mdl mdl from   mdl to       seq from      seq to       acc trunc   gc
 ----   --------- ------ ----- --- -------- --------    ----------- -----------      ---- ----- ----
  (4) !   9.3e-14   56.5   0.0  cm        1       36 []         147         182 + .. 1.00    no 0.64

                                                          NC
                     :::::<<<--<<<<<<_________>>>>>>-->>> CS
  patent_aligned   1 GGUCAGACCCUGGUCCGGGGCAAUGGGACCACUGUU 36 
                     GGUC GACC UGGUCCGGGGCAAUGGGACCACUGUU
  ind_0021_00003 147 GGUCGGACCUUGGUCCGGGGCAAUGGGACCACUGUU 182
                     ************************************ PP

>> ind_0021_00019  
 rank     E-value  score  bias mdl mdl from   mdl to       seq from      seq to       acc trunc   gc
 ----   --------- ------ ----- --- -------- --------    ----------- -----------      ---- ----- ----
  (5) !   9.3e-14   56.5   0.0  cm        1       36 []         147         182 + .. 1.00    no 0.64

                                                          NC
                     :::::<<<--<<<<<<_________>>>>>>-->>> CS
  patent_aligned   1 GGUCAGACCCUGGUCCGGGGCAAUGGGACCACUGUU 36 
                     GGUC GACC UGGUCCGGGGCAAUGGGACCACUGUU
  ind_0021_00019 147 GGUCGGACCUUGGUCCGGGGCAAUGGGACCACUGUU 182
                     ************************************ PP

>> ind_0021_00028  
 rank     E-value  score  bias mdl mdl from   mdl to       seq from      seq to       acc trunc   gc
 ----   --------- ------ ----- --- -------- --------    ----------- -----------      ---- ----- ----
  (6) !   9.3e-14   56.5   0.0  cm        1       36 []         147         182 + .. 1.00    no 0.64

                                                          NC
                     :::::<<<--<<<<<<_________>>>>>>-->>> CS
  patent_aligned   1 GGUCAGACCCUGGUCCGGGGCAAUGGGACCACUGUU 36 
                     GGUC GACC UGGUCCGGGGCAAUGGGACCACUGUU
  ind_0021_00028 147 GGUCGGACCUUGGUCCGGGGCAAUGGGACCACUGUU 182
                     ************************************ PP

>> ind_0021_00034  
 rank     E-value  score  bias mdl mdl from   mdl to       seq from      seq to       acc trunc   gc
 ----   --------- ------ ----- --- -------- --------    ----------- -----------      ---- ----- ----
  (7) !   9.3e-14   56.5   0.0  cm        1       36 []         147         182 + .. 1.00    no 0.64

                                                          NC
                     :::::<<<--<<<<<<_________>>>>>>-->>> CS
  patent_aligned   1 GGUCAGACCCUGGUCCGGGGCAAUGGGACCACUGUU 36 
                     GGUC GACC UGGUCCGGGGCAAUGGGACCACUGUU
  ind_0021_00034 147 GGUCGGACCUUGGUCCGGGGCAAUGGGACCACUGUU 182
                     ************************************ PP

>> ind_0021_00041  
 rank     E-value  score  bias mdl mdl from   mdl to       seq from      seq to       acc trunc   gc
 ----   --------- ------ ----- --- -------- --------    ----------- -----------      ---- ----- ----
  (8) !   1.3e-13   56.0   0.0  cm        1       36 []         147         182 + .. 1.00    no 0.64

                                                          NC
                     :::::<<<--<<<<<<_________>>>>>>-->>> CS
  patent_aligned   1 GGUCAGACCCUGGUCCGGGGCAAUGGGACCACUGUU 36 
                     GGUC GACC UGGUCCGGGGCAAUGGGACCACUGUU
  ind_0021_00041 147 GGUCCGACCUUGGUCCGGGGCAAUGGGACCACUGUU 182
                     ************************************ PP

>> ind_0021_00018  
 rank     E-value  score  bias mdl mdl from   mdl to       seq from      seq to       acc trunc   gc
 ----   --------- ------ ----- --- -------- --------    ----------- -----------      ---- ----- ----
  (9) !   1.6e-13   55.7   0.0  cm        1       36 []         147         182 + .. 1.00    no 0.64

                                                          NC
                     :::::<<<--<<<<<<_________>>>>>>-->>> CS
  patent_aligned   1 GGUCAGACCCUGGUCCGGGGCAAUGGGACCACUGUU 36 
                     GGUC GACC UGGUCCGGGGCAAUGGGACCACUGUU
  ind_0021_00018 147 GGUCGGACCAUGGUCCGGGGCAAUGGGACCACUGUU 182
                     ************************************ PP

>> ind_0021_00022  
 rank     E-value  score  bias mdl mdl from   mdl to       seq from      seq to       acc trunc   gc
 ----   --------- ------ ----- --- -------- --------    ----------- -----------      ---- ----- ----
 (10) !   1.6e-13   55.7   0.0  cm        1       36 []         147         182 + .. 1.00    no 0.64

                                                          NC
                     :::::<<<--<<<<<<_________>>>>>>-->>> CS
  patent_aligned   1 GGUCAGACCCUGGUCCGGGGCAAUGGGACCACUGUU 36 
                     GGUC GACC UGGUCCGGGGCAAUGGGACCACUGUU
  ind_0021_00022 147 GGUCGGACCAUGGUCCGGGGCAAUGGGACCACUGUU 182
                     ************************************ PP

>> ind_0021_00031  
 rank     E-value  score  bias mdl mdl from   mdl to       seq from      seq to       acc trunc   gc
 ----   --------- ------ ----- --- -------- --------    ----------- -----------      ---- ----- ----
 (11) !   1.6e-13   55.7   0.0  cm        1       36 []         147         182 + .. 1.00    no 0.64

                                                          NC
                     :::::<<<--<<<<<<_________>>>>>>-->>> CS
  patent_aligned   1 GGUCAGACCCUGGUCCGGGGCAAUGGGACCACUGUU 36 
                     GGUC GACC UGGUCCGGGGCAAUGGGACCACUGUU
  ind_0021_00031 147 GGUCGGACCAUGGUCCGGGGCAAUGGGACCACUGUU 182
                     ************************************ PP

>> ind_0021_00033  
 rank     E-value  score  bias mdl mdl from   mdl to       seq from      seq to       acc trunc   gc
 ----   --------- ------ ----- --- -------- --------    ----------- -----------      ---- ----- ----
 (12) !   1.6e-13   55.7   0.0  cm        1       36 []         147         182 + .. 1.00    no 0.64

                                                          NC
                     :::::<<<--<<<<<<_________>>>>>>-->>> CS
  patent_aligned   1 GGUCAGACCCUGGUCCGGGGCAAUGGGACCACUGUU 36 
                     GGUC GACC UGGUCCGGGGCAAUGGGACCACUGUU
  ind_0021_00033 147 GGUCGGACCAUGGUCCGGGGCAAUGGGACCACUGUU 182
                     ************************************ PP

>> ind_0021_00047  
 rank     E-value  score  bias mdl mdl from   mdl to       seq from      seq to       acc trunc   gc
 ----   --------- ------ ----- --- -------- --------    ----------- -----------      ---- ----- ----
 (13) !   1.6e-13   55.7   0.0  cm        1       36 []         147         182 + .. 1.00    no 0.64

                                                          NC
                     :::::<<<--<<<<<<_________>>>>>>-->>> CS
  patent_aligned   1 GGUCAGACCCUGGUCCGGGGCAAUGGGACCACUGUU 36 
                     GGUC GACC UGGUCCGGGGCAAUGGGACCACUGUU
  ind_0021_00047 147 GGUCGGACCAUGGUCCGGGGCAAUGGGACCACUGUU 182
                     ************************************ PP

>> ind_0021_00004  
 rank     E-value  score  bias mdl mdl from   mdl to       seq from      seq to       acc trunc   gc
 ----   --------- ------ ----- --- -------- --------    ----------- -----------      ---- ----- ----
 (14) !   2.3e-13   55.0   0.0  cm        1       36 []         147         182 + .. 1.00    no 0.64

                                                          NC
                     :::::<<<--<<<<<<_________>>>>>>-->>> CS
  patent_aligned   1 GGUCAGACCCUGGUCCGGGGCAAUGGGACCACUGUU 36 
                     GGUCAGACC UGG CCGGGGCAAUGGG CCACUGUU
  ind_0021_00004 147 GGUCAGACCAUGGUCCGGGGCAAUGGGGCCACUGUU 182
                     ************************************ PP

>> ind_0021_00011  
 rank     E-value  score  bias mdl mdl from   mdl to       seq from      seq to       acc trunc   gc
 ----   --------- ------ ----- --- -------- --------    ----------- -----------      ---- ----- ----
 (15) !   2.3e-13   55.0   0.0  cm        1       36 []         147         182 + .. 1.00    no 0.64

                                                          NC
                     :::::<<<--<<<<<<_________>>>>>>-->>> CS
  patent_aligned   1 GGUCAGACCCUGGUCCGGGGCAAUGGGACCACUGUU 36 
                     GGUCAGACC UGG CCGGGGCAAUGGG CCACUGUU
  ind_0021_00011 147 GGUCAGACCAUGGUCCGGGGCAAUGGGGCCACUGUU 182
                     ************************************ PP

>> ind_0021_00015  
 rank     E-value  score  bias mdl mdl from   mdl to       seq from      seq to       acc trunc   gc
 ----   --------- ------ ----- --- -------- --------    ----------- -----------      ---- ----- ----
 (16) !   2.3e-13   55.0   0.0  cm        1       36 []         147         182 + .. 1.00    no 0.64

                                                          NC
                     :::::<<<--<<<<<<_________>>>>>>-->>> CS
  patent_aligned   1 GGUCAGACCCUGGUCCGGGGCAAUGGGACCACUGUU 36 
                     GGUCAGACC UGG CCGGGGCAAUGGG CCACUGUU
  ind_0021_00015 147 GGUCAGACCAUGGUCCGGGGCAAUGGGGCCACUGUU 182
                     ************************************ PP

>> ind_0021_00021  
 rank     E-value  score  bias mdl mdl from   mdl to       seq from      seq to       acc trunc   gc
 ----   --------- ------ ----- --- -------- --------    ----------- -----------      ---- ----- ----
 (17) !   2.3e-13   55.0   0.0  cm        1       36 []         147         182 + .. 1.00    no 0.64

                                                          NC
                     :::::<<<--<<<<<<_________>>>>>>-->>> CS
  patent_aligned   1 GGUCAGACCCUGGUCCGGGGCAAUGGGACCACUGUU 36 
                     GGUCAGACC UGG CCGGGGCAAUGGG CCACUGUU
  ind_0021_00021 147 GGUCAGACCAUGGUCCGGGGCAAUGGGGCCACUGUU 182
                     ************************************ PP

>> ind_0021_00043  
 rank     E-value  score  bias mdl mdl from   mdl to       seq from      seq to       acc trunc   gc
 ----   --------- ------ ----- --- -------- --------    ----------- -----------      ---- ----- ----
 (18) !   2.3e-13   55.0   0.0  cm        1       36 []         147         182 + .. 1.00    no 0.64

                                                          NC
                     :::::<<<--<<<<<<_________>>>>>>-->>> CS
  patent_aligned   1 GGUCAGACCCUGGUCCGGGGCAAUGGGACCACUGUU 36 
                     GGUCAGACC UGG CCGGGGCAAUGGG CCACUGUU
  ind_0021_00043 147 GGUCAGACCAUGGUCCGGGGCAAUGGGGCCACUGUU 182
                     ************************************ PP

>> ind_0021_00044  
 rank     E-value  score  bias mdl mdl from   mdl to       seq from      seq to       acc trunc   gc
 ----   --------- ------ ----- --- -------- --------    ----------- -----------      ---- ----- ----
 (19) !   1.5e-12   52.0   0.0  cm        1       36 []         147         182 + .. 1.00    no 0.67

                                                          NC
                     :::::<<<--<<<<<<_________>>>>>>-->>> CS
  patent_aligned   1 GGUCAGACCCUGGUCCGGGGCAAUGGGACCACUGUU 36 
                     GGUC G CC UGGUCCGGGGCAAUGGGACCACUG U
  ind_0021_00044 147 GGUCGGGCCUUGGUCCGGGGCAAUGGGACCACUGUU 182
                     ************************************ PP

>> ind_0021_00027  
 rank     E-value  score  bias mdl mdl from   mdl to       seq from      seq to       acc trunc   gc
 ----   --------- ------ ----- --- -------- --------    ----------- -----------      ---- ----- ----
 (20) !   2.5e-12   51.2   0.0  cm        1       36 []         147         182 + .. 1.00    no 0.61

                                                          NC
                     :::::<<<--<<<<<<_________>>>>>>-->>> CS
  patent_aligned   1 GGUCAGACCCUGGUCCGGGGCAAUGGGACCACUGUU 36 
                     GGUC GACC UGGUCCGGGG AAUGGGACCACUGUU
  ind_0021_00027 147 GGUCGGACCUUGGUCCGGGGAAAUGGGACCACUGUU 182
                     ************************************ PP

>> ind_0021_00017  
 rank     E-value  score  bias mdl mdl from   mdl to       seq from      seq to       acc trunc   gc
 ----   --------- ------ ----- --- -------- --------    ----------- -----------      ---- ----- ----
 (21) !   2.6e-12   51.1   0.0  cm        1       36 []         147         182 + .. 1.00    no 0.61

                                                          NC
                     :::::<<<--<<<<<<_________>>>>>>-->>> CS
  patent_aligned   1 GGUCAGACCCUGGUCCGGGGCAAUGGGACCACUGUU 36 
                     GGUC GACC UGGUCCGGG CAAUGGGACCACUGUU
  ind_0021_00017 147 GGUCCGACCUUGGUCCGGGACAAUGGGACCACUGUU 182
                     ************************************ PP

>> ind_0021_00045  
 rank     E-value  score  bias mdl mdl from   mdl to       seq from      seq to       acc trunc   gc
 ----   --------- ------ ----- --- -------- --------    ----------- -----------      ---- ----- ----
 (22) !     3e-12   50.9   0.0  cm        1       36 []         147         182 + .. 1.00    no 0.61

                                                          NC
                     :::::<<<--<<<<<<_________>>>>>>-->>> CS
  patent_aligned   1 GGUCAGACCCUGGUCCGGGGCAAUGGGACCACUGUU 36 
                     GGUC GACC UGGUCCG GGCAAUGGGACCACUGUU
  ind_0021_00045 147 GGUCGGACCUUGGUCCGUGGCAAUGGGACCACUGUU 182
                     ************************************ PP

>> ind_0021_00013  
 rank     E-value  score  bias mdl mdl from   mdl to       seq from      seq to       acc trunc   gc
 ----   --------- ------ ----- --- -------- --------    ----------- -----------      ---- ----- ----
 (23) !   3.2e-12   50.8   0.0  cm        1       36 []         147         182 + .. 1.00    no 0.67

                                                          NC
                     :::::<<<--<<<<<<_________>>>>>>-->>> CS
  patent_aligned   1 GGUCAGACCCUGGUCCGGGGCAAUGGGACCACUGUU 36 
                     GG CAGACC UGG CCGGGGCAAUGGG CCACUGUU
  ind_0021_00013 147 GGCCAGACCAUGGUCCGGGGCAAUGGGGCCACUGUU 182
                     ************************************ PP

>> ind_0021_00036  
 rank     E-value  score  bias mdl mdl from   mdl to       seq from      seq to       acc trunc   gc
 ----   --------- ------ ----- --- -------- --------    ----------- -----------      ---- ----- ----
 (24) !   3.4e-12   50.7   0.0  cm        1       36 []         147         182 + .. 1.00    no 0.67

                                                          NC
                     :::::<<<--<<<<<<_________>>>>>>-->>> CS
  patent_aligned   1 GGUCAGACCCUGGUCCGGGGCAAUGGGACCACUGUU 36 
                     GGUC GACC UGG CCGGGGCAAUGGG CCACUGUU
  ind_0021_00036 147 GGUCGGACCUUGGUCCGGGGCAAUGGGGCCACUGUU 182
                     ************************************ PP

>> ind_0021_00006  
 rank     E-value  score  bias mdl mdl from   mdl to       seq from      seq to       acc trunc   gc
 ----   --------- ------ ----- --- -------- --------    ----------- -----------      ---- ----- ----
 (25) !   3.6e-12   50.6   0.0  cm        1       36 []         147         181 + .. 1.00    no 0.66

                          v                             v NC
                     :::::<<<--<<<<<<_________>>>>>>-->>> CS
  patent_aligned   1 GGUCAGACCCUGGUCCGGGGCAAUGGGACCACUGUU 36 
                     GGUCAGACC UGG CCGGGGCAAUGGG CCACUGU 
  ind_0021_00006 147 GGUCAGACCAUGGUCCGGGGCAAUGGGGCCACUGU- 181
                     ***********************************. PP

>> ind_0021_00039  
 rank     E-value  score  bias mdl mdl from   mdl to       seq from      seq to       acc trunc   gc
 ----   --------- ------ ----- --- -------- --------    ----------- -----------      ---- ----- ----
 (26) !   4.2e-12   50.3   0.0  cm        1       36 []         147         182 + .. 1.00    no 0.61

                                                          NC
                     :::::<<<--<<<<<<_________>>>>>>-->>> CS
  patent_aligned   1 GGUCAGACCCUGGUCCGGGGCAAUGGGACCACUGUU 36 
                     GGUC GACC UGGUCCGGGG AAUGGGACCACUGUU
  ind_0021_00039 147 GGUCGGACCAUGGUCCGGGGAAAUGGGACCACUGUU 182
                     ************************************ PP

>> ind_0021_00005  
 rank     E-value  score  bias mdl mdl from   mdl to       seq from      seq to       acc trunc   gc
 ----   --------- ------ ----- --- -------- --------    ----------- -----------      ---- ----- ----
 (27) !   5.8e-12   49.8   0.0  cm        1       36 []         147         182 + .. 1.00    no 0.67

                                                          NC
                     :::::<<<--<<<<<<_________>>>>>>-->>> CS
  patent_aligned   1 GGUCAGACCCUGGUCCGGGGCAAUGGGACCACUGUU 36 
                     GGUC GACC UGG CCGGGGCAAUGGG CCACUGUU
  ind_0021_00005 147 GGUCGGACCAUGGUCCGGGGCAAUGGGGCCACUGUU 182
                     ************************************ PP

>> ind_0021_00008  
 rank     E-value  score  bias mdl mdl from   mdl to       seq from      seq to       acc trunc   gc
 ----   --------- ------ ----- --- -------- --------    ----------- -----------      ---- ----- ----
 (28) !   5.8e-12   49.8   0.0  cm        1       36 []         147         182 + .. 1.00    no 0.67

                                                          NC
                     :::::<<<--<<<<<<_________>>>>>>-->>> CS
  patent_aligned   1 GGUCAGACCCUGGUCCGGGGCAAUGGGACCACUGUU 36 
                     GGUC GACC UGG CCGGGGCAAUGGG CCACUGUU
  ind_0021_00008 147 GGUCGGACCAUGGUCCGGGGCAAUGGGGCCACUGUU 182
                     ************************************ PP

>> ind_0021_00012  
 rank     E-value  score  bias mdl mdl from   mdl to       seq from      seq to       acc trunc   gc
 ----   --------- ------ ----- --- -------- --------    ----------- -----------      ---- ----- ----
 (29) !   5.8e-12   49.8   0.0  cm        1       36 []         147         182 + .. 1.00    no 0.67

                                                          NC
                     :::::<<<--<<<<<<_________>>>>>>-->>> CS
  patent_aligned   1 GGUCAGACCCUGGUCCGGGGCAAUGGGACCACUGUU 36 
                     GGUC GACC UGG CCGGGGCAAUGGG CCACUGUU
  ind_0021_00012 147 GGUCGGACCAUGGUCCGGGGCAAUGGGGCCACUGUU 182
                     ************************************ PP

>> ind_0021_00026  
 rank     E-value  score  bias mdl mdl from   mdl to       seq from      seq to       acc trunc   gc
 ----   --------- ------ ----- --- -------- --------    ----------- -----------      ---- ----- ----
 (30) !   5.8e-12   49.8   0.0  cm        1       36 []         147         182 + .. 1.00    no 0.67

                                                          NC
                     :::::<<<--<<<<<<_________>>>>>>-->>> CS
  patent_aligned   1 GGUCAGACCCUGGUCCGGGGCAAUGGGACCACUGUU 36 
                     GGUC GACC UGG CCGGGGCAAUGGG CCACUGUU
  ind_0021_00026 147 GGUCGGACCAUGGUCCGGGGCAAUGGGGCCACUGUU 182
                     ************************************ PP

>> ind_0021_00038  
 rank     E-value  score  bias mdl mdl from   mdl to       seq from      seq to       acc trunc   gc
 ----   --------- ------ ----- --- -------- --------    ----------- -----------      ---- ----- ----
 (31) !   5.8e-12   49.8   0.0  cm        1       36 []         147         182 + .. 1.00    no 0.67

                                                          NC
                     :::::<<<--<<<<<<_________>>>>>>-->>> CS
  patent_aligned   1 GGUCAGACCCUGGUCCGGGGCAAUGGGACCACUGUU 36 
                     GGUC GACC UGG CCGGGGCAAUGGG CCACUGUU
  ind_0021_00038 147 GGUCGGACCAUGGUCCGGGGCAAUGGGGCCACUGUU 182
                     ************************************ PP

>> ind_0021_00042  
 rank     E-value  score  bias mdl mdl from   mdl to       seq from      seq to       acc trunc   gc
 ----   --------- ------ ----- --- -------- --------    ----------- -----------      ---- ----- ----
 (32) !   5.8e-12   49.8   0.0  cm        1       36 []         147         182 + .. 1.00    no 0.67

                                                          NC
                     :::::<<<--<<<<<<_________>>>>>>-->>> CS
  patent_aligned   1 GGUCAGACCCUGGUCCGGGGCAAUGGGACCACUGUU 36 
                     GGUC GACC UGG CCGGGGCAAUGGG CCACUGUU
  ind_0021_00042 147 GGUCGGACCAUGGUCCGGGGCAAUGGGGCCACUGUU 182
                     ************************************ PP

>> ind_0021_00048  
 rank     E-value  score  bias mdl mdl from   mdl to       seq from      seq to       acc trunc   gc
 ----   --------- ------ ----- --- -------- --------    ----------- -----------      ---- ----- ----
 (33) !   5.8e-12   49.8   0.0  cm        1       36 []         147         182 + .. 1.00    no 0.67

                                                          NC
                     :::::<<<--<<<<<<_________>>>>>>-->>> CS
  patent_aligned   1 GGUCAGACCCUGGUCCGGGGCAAUGGGACCACUGUU 36 
                     GGUC GACC UGG CCGGGGCAAUGGG CCACUGUU
  ind_0021_00048 147 GGUCGGACCAUGGUCCGGGGCAAUGGGGCCACUGUU 182
                     ************************************ PP

>> ind_0021_00035  
 rank     E-value  score  bias mdl mdl from   mdl to       seq from      seq to       acc trunc   gc
 ----   --------- ------ ----- --- -------- --------    ----------- -----------      ---- ----- ----
 (34) !   6.7e-12   49.5   0.0  cm        1       36 []         147         182 + .. 1.00    no 0.64

                                                          NC
                     :::::<<<--<<<<<<_________>>>>>>-->>> CS
  patent_aligned   1 GGUCAGACCCUGGUCCGGGGCAAUGGGACCACUGUU 36 
                     GGUC GACC UGGUCCGGGG AAUGGGACCACUGUU
  ind_0021_00035 147 GGUCGGACCAUGGUCCGGGGGAAUGGGACCACUGUU 182
                     ************************************ PP

>> ind_0021_00037  
 rank     E-value  score  bias mdl mdl from   mdl to       seq from      seq to       acc trunc   gc
 ----   --------- ------ ----- --- -------- --------    ----------- -----------      ---- ----- ----
 (35) !   7.4e-12   49.4   0.0  cm        1       36 []         147         182 + .. 1.00    no 0.58

                                                          NC
                     :::::<<<--<<<<<<_________>>>>>>-->>> CS
  patent_aligned   1 GGUCAGACCCUGGUCCGGGGCAAUGGGACCACUGUU 36 
                     GGUCAGA C UGGUCCGGGG AAUGGGACCACU UU
  ind_0021_00037 147 GGUCAGAUCAUGGUCCGGGGGAAUGGGACCACUGUU 182
                     ************************************ PP

>> ind_0021_00020  
 rank     E-value  score  bias mdl mdl from   mdl to       seq from      seq to       acc trunc   gc
 ----   --------- ------ ----- --- -------- --------    ----------- -----------      ---- ----- ----
 (36) !   7.5e-12   49.4   0.0  cm        1       36 []         147         182 + .. 1.00    no 0.61

                                                          NC
                     :::::<<<--<<<<<<_________>>>>>>-->>> CS
  patent_aligned   1 GGUCAGACCCUGGUCCGGGGCAAUGGGACCACUGUU 36 
                     GGUCAGACC UGG CC GGGCAAUGGG CCACUGUU
  ind_0021_00020 147 GGUCAGACCAUGGUCCUGGGCAAUGGGGCCACUGUU 182
                     ************************************ PP

>> ind_0021_00040  
 rank     E-value  score  bias mdl mdl from   mdl to       seq from      seq to       acc trunc   gc
 ----   --------- ------ ----- --- -------- --------    ----------- -----------      ---- ----- ----
 (37) !   2.9e-11   47.2   0.0  cm        1       36 []         147         182 + .. 1.00    no 0.61

                                    v         v           NC
                     :::::<<<--<<<<<<_________>>>>>>-->>> CS
  patent_aligned   1 GGUCAGACCCUGGUCCGGGGCAAUGGGACCACUGUU 36 
                     GGUC GACC UGGUC GGGGCAAUG GACCACUGUU
  ind_0021_00040 147 GGUCCGACCUUGGUCCGGGGCAAUGUGACCACUGUU 182
                     ************************************ PP

>> ind_0021_00016  
 rank     E-value  score  bias mdl mdl from   mdl to       seq from      seq to       acc trunc   gc
 ----   --------- ------ ----- --- -------- --------    ----------- -----------      ---- ----- ----
 (38) !   3.6e-11   46.8   0.0  cm        1       36 []         147         182 + .. 1.00    no 0.61

                                    v         v           NC
                     :::::<<<--<<<<<<_________>>>>>>-->>> CS
  patent_aligned   1 GGUCAGACCCUGGUCCGGGGCAAUGGGACCACUGUU 36 
                     GGUCAGACC UGGUC GGGGCA UG GACCACUGUU
  ind_0021_00016 147 GGUCAGACCAUGGUCCGGGGCAGUGUGACCACUGUU 182
                     ************************************ PP

>> ind_0021_00009  
 rank     E-value  score  bias mdl mdl from   mdl to       seq from      seq to       acc trunc   gc
 ----   --------- ------ ----- --- -------- --------    ----------- -----------      ---- ----- ----
 (39) !   7.3e-11   45.6   0.0  cm        1       36 []         147         182 + .. 1.00    no 0.69

                                                          NC
                     :::::<<<--<<<<<<_________>>>>>>-->>> CS
  patent_aligned   1 GGUCAGACCCUGGUCCGGGGCAAUGGGACCACUGUU 36 
                     GGUC GAC  UGG CCGGGGCAAUGGG CCACUGUU
  ind_0021_00009 147 GGUCGGACAGUGGCCCGGGGCAAUGGGGCCACUGUU 182
                     ************************************ PP

>> ind_0021_00032  
 rank     E-value  score  bias mdl mdl from   mdl to       seq from      seq to       acc trunc   gc
 ----   --------- ------ ----- --- -------- --------    ----------- -----------      ---- ----- ----
 (40) !   7.3e-11   45.6   0.0  cm        1       36 []         147         182 + .. 1.00    no 0.64

                               v                   v      NC
                     :::::<<<--<<<<<<_________>>>>>>-->>> CS
  patent_aligned   1 GGUCAGACCCUGGUCCGGGGCAAUGGGACCACUGUU 36 
                     GGUC GACC  GGUCCGGGGCAAUGGGACC CUGUU
  ind_0021_00032 147 GGUCGGACCAAGGUCCGGGGCAAUGGGACCACUGUU 182
                     ************************************ PP

>> ind_0021_00024  
 rank     E-value  score  bias mdl mdl from   mdl to       seq from      seq to       acc trunc   gc
 ----   --------- ------ ----- --- -------- --------    ----------- -----------      ---- ----- ----
 (41) !   9.5e-11   45.2   0.0  cm        1       36 []         147         179 + .. 1.00    no 0.73

                          vvv                         vvv NC
                     :::::<<<--<<<<<<_________>>>>>>-->>> CS
  patent_aligned   1 GGUCAGACCCUGGUCCGGGGCAAUGGGACCACUGUU 36 
                     GGUC GACCCUGG CCGGGGCAAUGGG CCACU   
  ind_0021_00024 147 GGUCGGACCCUGGUCCGGGGCAAUGGGGCCACU--- 179
                     *********************************... PP

>> ind_0021_00007  
 rank     E-value  score  bias mdl mdl from   mdl to       seq from      seq to       acc trunc   gc
 ----   --------- ------ ----- --- -------- --------    ----------- -----------      ---- ----- ----
 (42) !   1.2e-10   44.9   0.0  cm        1       36 []         147         182 + .. 1.00    no 0.61

                                                          NC
                     :::::<<<--<<<<<<_________>>>>>>-->>> CS
  patent_aligned   1 GGUCAGACCCUGGUCCGGGGCAAUGGGACCACUGUU 36 
                     GGUC GACC UGGUCCG GG AAUGGGACCACUGUU
  ind_0021_00007 147 GGUCGGACCUUGGUCCGCGGAAAUGGGACCACUGUU 182
                     ************************************ PP

>> ind_0021_00030  
 rank     E-value  score  bias mdl mdl from   mdl to       seq from      seq to       acc trunc   gc
 ----   --------- ------ ----- --- -------- --------    ----------- -----------      ---- ----- ----
 (43) !   1.2e-10   44.9   0.0  cm        1       36 []         147         182 + .. 0.99    no 0.67

                                                          NC
                     :::::<<<--<<<<<<_________>>>>>>-->>> CS
  patent_aligned   1 GGUCAGACCCUGGUCCGGGGCAAUGGGACCACUGUU 36 
                     GGUC GACC UGGUCCGGGG  AUGGGACCACUGUU
  ind_0021_00030 147 GGUCGGACCUUGGUCCGGGGGCAUGGGACCACUGUU 182
                     ********************99************** PP

>> ind_0021_00029  
 rank     E-value  score  bias mdl mdl from   mdl to       seq from      seq to       acc trunc   gc
 ----   --------- ------ ----- --- -------- --------    ----------- -----------      ---- ----- ----
 (44) !   1.6e-10   44.4   0.0  cm        1       36 []         147         182 + .. 1.00    no 0.64

                                                          NC
                     :::::<<<--<<<<<<_________>>>>>>-->>> CS
  patent_aligned   1 GGUCAGACCCUGGUCCGGGGCAAUGGGACCACUGUU 36 
                     GGUC GA C UGG CCGGGGCAAUGGG CCACU UU
  ind_0021_00029 147 GGUCGGAUCAUGGUCCGGGGCAAUGGGGCCACUGUU 182
                     ************************************ PP

>> ind_0021_00046  
 rank     E-value  score  bias mdl mdl from   mdl to       seq from      seq to       acc trunc   gc
 ----   --------- ------ ----- --- -------- --------    ----------- -----------      ---- ----- ----
 (45) !   1.9e-10   44.1   0.0  cm        1       36 []         147         182 + .. 1.00    no 0.67

                                                          NC
                     :::::<<<--<<<<<<_________>>>>>>-->>> CS
  patent_aligned   1 GGUCAGACCCUGGUCCGGGGCAAUGGGACCACUGUU 36 
                     GGUC GACC UGGUCCG GGCA UGGGACCACUGUU
  ind_0021_00046 147 GGUCGGACCAUGGUCCGCGGCAGUGGGACCACUGUU 182
                     ************************************ PP

>> ind_0021_00014  
 rank     E-value  score  bias mdl mdl from   mdl to       seq from      seq to       acc trunc   gc
 ----   --------- ------ ----- --- -------- --------    ----------- -----------      ---- ----- ----
 (46) !     3e-10   43.3   0.0  cm        1       36 []         147         180 + .. 1.00    no 0.68

                          vv                           vv NC
                     :::::<<<--<<<<<<_________>>>>>>-->>> CS
  patent_aligned   1 GGUCAGACCCUGGUCCGGGGCAAUGGGACCACUGUU 36 
                     GGUC GACC UGGUCC GGGCAAUGGGACCACUG  
  ind_0021_00014 147 GGUCGGACCUUGGUCCCGGGCAAUGGGACCACUG-- 180
                     **********************************.. PP

>> ind_0021_00025  
 rank     E-value  score  bias mdl mdl from   mdl to       seq from      seq to       acc trunc   gc
 ----   --------- ------ ----- --- -------- --------    ----------- -----------      ---- ----- ----
 (47) !   3.9e-10   42.9   0.0  cm        1       36 []         147         180 + .. 1.00    no 0.71

                          vv                           vv NC
                     :::::<<<--<<<<<<_________>>>>>>-->>> CS
  patent_aligned   1 GGUCAGACCCUGGUCCGGGGCAAUGGGACCACUGUU 36 
                     GGUC GACC UGG CCGGGGCAAUGGG CCACUG  
  ind_0021_00025 147 GGUCGGACCAUGGUCCGGGGCAAUGGGGCCACUG-- 180
                     **********************************.. PP

>> ind_0021_00023  
 rank     E-value  score  bias mdl mdl from   mdl to       seq from      seq to       acc trunc   gc
 ----   --------- ------ ----- --- -------- --------    ----------- -----------      ---- ----- ----
 (48) !   6.2e-10   42.1   0.0  cm        1       36 []         147         182 + .. 1.00    no 0.67

                                 v               v        NC
                     :::::<<<--<<<<<<_________>>>>>>-->>> CS
  patent_aligned   1 GGUCAGACCCUGGUCCGGGGCAAUGGGACCACUGUU 36 
                     GG C GACC UG UCCGGGGCAAUGGGA CACUGUU
  ind_0021_00023 147 GGCCGGACCAUGGUCCGGGGCAAUGGGAGCACUGUU 182
                     ************************************ PP

>> ind_0021_00010  
 rank     E-value  score  bias mdl mdl from   mdl to       seq from      seq to       acc trunc   gc
 ----   --------- ------ ----- --- -------- --------    ----------- -----------      ---- ----- ----
 (49) !   1.6e-09   40.6   0.0  cm        1       36 []         147         182 + .. 1.00    no 0.64

                                 v               v        NC
                     :::::<<<--<<<<<<_________>>>>>>-->>> CS
  patent_aligned   1 GGUCAGACCCUGGUCCGGGGCAAUGGGACCACUGUU 36 
                     GGUC GACC UG  CCGGGGCAAUGGG  CACUGUU
  ind_0021_00010 147 GGUCGGACCAUGUUCCGGGGCAAUGGGGCCACUGUU 182
                     ************************************ PP

>> ind_0021_00049  
 rank     E-value  score  bias mdl mdl from   mdl to       seq from      seq to       acc trunc   gc
 ----   --------- ------ ----- --- -------- --------    ----------- -----------      ---- ----- ----
 (50) !   9.3e-08   33.9   0.0  cm        1       36 []         147         182 + .. 1.00    no 0.61

                                  v             v         NC
                     :::::<<<--<<<<<<_________>>>>>>-->>> CS
  patent_aligned   1 GGUCAGACCCUGGUCCGGGGCAAUGGGACCACUGUU 36 
                     GGUC GACC UGG CCG GG AAUGGG CCACUGUU
  ind_0021_00049 147 GGUCGGACCAUGGACCGCGGAAAUGGGACCACUGUU 182
                     ************************************ PP

>> ind_0021_00005  
 rank     E-value  score  bias mdl mdl from   mdl to       seq from      seq to       acc trunc   gc
 ----   --------- ------ ----- --- -------- --------    ----------- -----------      ---- ----- ----
 (51) ?       0.2   10.1   0.0  cm        1       36 []         155         140 - .. 0.98    no 0.69

                                           NC
                     :::::<<<--~~~~~~-->>> CS
  patent_aligned   1 GGUCAGACCC*[21]*CUGUU 36 
                     GGUC :ACCC      CUGU:
  ind_0021_00005 155 GGUCCGACCC*[ 1]*CUGUC 140
                     **********...*..79*** PP

>> ind_0021_00012  
 rank     E-value  score  bias mdl mdl from   mdl to       seq from      seq to       acc trunc   gc
 ----   --------- ------ ----- --- -------- --------    ----------- -----------      ---- ----- ----
 (52) ?       0.2   10.1   0.0  cm        1       36 []         155         140 - .. 0.98    no 0.69

                                           NC
                     :::::<<<--~~~~~~-->>> CS
  patent_aligned   1 GGUCAGACCC*[21]*CUGUU 36 
                     GGUC :ACCC      CUGU:
  ind_0021_00012 155 GGUCCGACCC*[ 1]*CUGUC 140
                     **********...*..79*** PP

>> ind_0021_00018  
 rank     E-value  score  bias mdl mdl from   mdl to       seq from      seq to       acc trunc   gc
 ----   --------- ------ ----- --- -------- --------    ----------- -----------      ---- ----- ----
 (53) ?       0.2   10.1   0.0  cm        1       36 []         155         140 - .. 0.98    no 0.69

                                           NC
                     :::::<<<--~~~~~~-->>> CS
  patent_aligned   1 GGUCAGACCC*[21]*CUGUU 36 
                     GGUC :ACCC      CUGU:
  ind_0021_00018 155 GGUCCGACCC*[ 1]*CUGUC 140
                     **********...*..79*** PP

>> ind_0021_00026  
 rank     E-value  score  bias mdl mdl from   mdl to       seq from      seq to       acc trunc   gc
 ----   --------- ------ ----- --- -------- --------    ----------- -----------      ---- ----- ----
 (54) ?       0.2   10.1   0.0  cm        1       36 []         155         140 - .. 0.98    no 0.69

                                           NC
                     :::::<<<--~~~~~~-->>> CS
  patent_aligned   1 GGUCAGACCC*[21]*CUGUU 36 
                     GGUC :ACCC      CUGU:
  ind_0021_00026 155 GGUCCGACCC*[ 1]*CUGUC 140
                     **********...*..79*** PP

>> ind_0021_00033  
 rank     E-value  score  bias mdl mdl from   mdl to       seq from      seq to       acc trunc   gc
 ----   --------- ------ ----- --- -------- --------    ----------- -----------      ---- ----- ----
 (55) ?       0.2   10.1   0.0  cm        1       36 []         155         140 - .. 0.98    no 0.69

                                           NC
                     :::::<<<--~~~~~~-->>> CS
  patent_aligned   1 GGUCAGACCC*[21]*CUGUU 36 
                     GGUC :ACCC      CUGU:
  ind_0021_00033 155 GGUCCGACCC*[ 1]*CUGUC 140
                     **********...*..79*** PP

>> ind_0021_00035  
 rank     E-value  score  bias mdl mdl from   mdl to       seq from      seq to       acc trunc   gc
 ----   --------- ------ ----- --- -------- --------    ----------- -----------      ---- ----- ----
 (56) ?       0.2   10.1   0.0  cm        1       36 []         155         140 - .. 0.98    no 0.69

                                           NC
                     :::::<<<--~~~~~~-->>> CS
  patent_aligned   1 GGUCAGACCC*[21]*CUGUU 36 
                     GGUC :ACCC      CUGU:
  ind_0021_00035 155 GGUCCGACCC*[ 1]*CUGUC 140
                     **********...*..79*** PP

>> ind_0021_00039  
 rank     E-value  score  bias mdl mdl from   mdl to       seq from      seq to       acc trunc   gc
 ----   --------- ------ ----- --- -------- --------    ----------- -----------      ---- ----- ----
 (57) ?       0.2   10.1   0.0  cm        1       36 []         155         140 - .. 0.98    no 0.69

                                           NC
                     :::::<<<--~~~~~~-->>> CS
  patent_aligned   1 GGUCAGACCC*[21]*CUGUU 36 
                     GGUC :ACCC      CUGU:
  ind_0021_00039 155 GGUCCGACCC*[ 1]*CUGUC 140
                     **********...*..79*** PP

>> ind_0021_00042  
 rank     E-value  score  bias mdl mdl from   mdl to       seq from      seq to       acc trunc   gc
 ----   --------- ------ ----- --- -------- --------    ----------- -----------      ---- ----- ----
 (58) ?       0.2   10.1   0.0  cm        1       36 []         155         140 - .. 0.98    no 0.69

                                           NC
                     :::::<<<--~~~~~~-->>> CS
  patent_aligned   1 GGUCAGACCC*[21]*CUGUU 36 
                     GGUC :ACCC      CUGU:
  ind_0021_00042 155 GGUCCGACCC*[ 1]*CUGUC 140
                     **********...*..79*** PP

>> ind_0021_00048  
 rank     E-value  score  bias mdl mdl from   mdl to       seq from      seq to       acc trunc   gc
 ----   --------- ------ ----- --- -------- --------    ----------- -----------      ---- ----- ----
 (59) ?       0.2   10.1   0.0  cm        1       36 []         155         140 - .. 0.98    no 0.69

                                           NC
                     :::::<<<--~~~~~~-->>> CS
  patent_aligned   1 GGUCAGACCC*[21]*CUGUU 36 
                     GGUC :ACCC      CUGU:
  ind_0021_00048 155 GGUCCGACCC*[ 1]*CUGUC 140
                     **********...*..79*** PP

>> ind_0021_00032  
 rank     E-value  score  bias mdl mdl from   mdl to       seq from      seq to       acc trunc   gc
 ----   --------- ------ ----- --- -------- --------    ----------- -----------      ---- ----- ----
 (60) ?       0.2   10.1   0.0  cm        1       36 []         155         140 - .. 0.98    no 0.69

                                           NC
                     :::::<<<--~~~~~~-->>> CS
  patent_aligned   1 GGUCAGACCC*[21]*CUGUU 36 
                     GGUC :ACCC      CUGU:
  ind_0021_00032 155 GGUCCGACCC*[ 1]*CUGUC 140
                     **********...*..79*** PP

>> ind_0021_00046  
 rank     E-value  score  bias mdl mdl from   mdl to       seq from      seq to       acc trunc   gc
 ----   --------- ------ ----- --- -------- --------    ----------- -----------      ---- ----- ----
 (61) ?       0.2   10.1   0.0  cm        1       36 []         155         140 - .. 0.98    no 0.69

                                           NC
                     :::::<<<--~~~~~~-->>> CS
  patent_aligned   1 GGUCAGACCC*[21]*CUGUU 36 
                     GGUC :ACCC      CUGU:
  ind_0021_00046 155 GGUCCGACCC*[ 1]*CUGUC 140
                     **********...*..79*** PP

>> ind_0021_00009  
 rank     E-value  score  bias mdl mdl from   mdl to       seq from      seq to       acc trunc   gc
 ----   --------- ------ ----- --- -------- --------    ----------- -----------      ---- ----- ----
 (62) ?      0.53    8.5   0.0  cm        1       36 []         187         152 - .. 0.99    no 0.69

                          v                         v NC
                     :::::<<<--<<<<<<~~~~~>>>>>>-->>> CS
  patent_aligned   1 GGUCAGACCCUGGUCC*[9]*GGACCACUGUU 36 
                     GG  A AC  UGG CC     GG CCACUGU 
  ind_0021_00009 187 GGCGAAACAGUGGCCC*[9]*GGGCCACUGUC 152
                     ***************9..*..9********** PP

>> ind_0021_00031  
 rank     E-value  score  bias mdl mdl from   mdl to       seq from      seq to       acc trunc   gc
 ----   --------- ------ ----- --- -------- --------    ----------- -----------      ---- ----- ----
 (63) ?      0.72    8.0   0.0  cm        1       36 []         155         132 - .. 0.98    no 0.67

                                         NC
                     :::::<<<--~~~~~~>>> CS
  patent_aligned   1 GGUCAGACCC*[23]*GUU 36 
                     GGUC GACCC      GUU
  ind_0021_00031 155 GGUCCGACCC*[11]*GUU 132
                     ********98...*..*** PP

>> ind_0021_00038  
 rank     E-value  score  bias mdl mdl from   mdl to       seq from      seq to       acc trunc   gc
 ----   --------- ------ ----- --- -------- --------    ----------- -----------      ---- ----- ----
 (64) ?      0.72    8.0   0.0  cm        1       36 []         155         132 - .. 0.98    no 0.58

                                         NC
                     :::::<<<--~~~~~~>>> CS
  patent_aligned   1 GGUCAGACCC*[23]*GUU 36 
                     GGUC GACCC      GUU
  ind_0021_00038 155 GGUCCGACCC*[11]*GUU 132
                     ********98...*..*** PP

>> ind_0021_00009  
 rank     E-value  score  bias mdl mdl from   mdl to       seq from      seq to       acc trunc   gc
 ----   --------- ------ ----- --- -------- --------    ----------- -----------      ---- ----- ----
 (65) ?     3e+02   -1.9   0.0  cm        6       36 .]         150         140 - .. 0.95    no 0.64

                                      NC
                     <<<--~~~~~~-->>> CS
  patent_aligned   6 GACCC*[21]*CUGUU 36 
                     :ACCC      CUGU:
  ind_0021_00009 150 GACCC*[ 1]*CUGUC 140
                     *****...*..79*** PP



Internal CM pipeline statistics summary:
----------------------------------------
Query model(s):                                                  1  (36 consensus positions)
Target sequences:                                               50  (19700 residues searched)
Target sequences re-searched for truncated hits:                50  (10200 residues re-searched)
Windows   passing  local HMM SSV           filter:             302  (0.5962); expected (0.35)
Windows   passing  local HMM Viterbi       filter:                  (off)
Windows   passing  local HMM Viterbi  bias filter:                  (off)
Windows   passing  local HMM Forward       filter:             151  (0.2788); expected (0.02)
Windows   passing  local HMM Forward  bias filter:             150  (0.2761); expected (0.02)
Windows   passing glocal HMM Forward       filter:              76  (0.1665); expected (0.02)
Windows   passing glocal HMM Forward  bias filter:              75  (0.1631); expected (0.02)
Envelopes passing glocal HMM envelope defn filter:              75  (0.09227); expected (0.02)
Envelopes passing  local CM  CYK           filter:              68  (0.07863); expected (0.0001)
Total CM hits reported:                                         65  (0.069); includes 0 truncated hit(s)

# CPU time: 0.11u 0.00s 00:00:00.11 Elapsed: 00:00:00.12
# Alignment of 50 hits satisfying inclusion thresholds saved to: optimization_a7/38gen/_workspace/cmsearch_logs/gen_0021/patent_cmsearch.sto
//
[ok]
