# cmsearch :: search CM(s) against a sequence database
# INFERNAL 1.1.5 (Sep 2023)
# Copyright (C) 2023 Howard Hughes Medical Institute.
# Freely distributed under the BSD open source license.
# - - - - - - - - - - - - - - - - - - - - - - - - - - - - - - - - - - - -
# query CM file:                         A7_analysis/patent.cm
# target sequence database:              /tmp/tmpwqv5fyri/queries.fa
# output directed to file:               optimization_a7/100gen/_workspace/cmsearch_logs/gen_0031/patent_cmsearch.out
# MSA of significant hits saved to file: optimization_a7/100gen/_workspace/cmsearch_logs/gen_0031/patent_cmsearch.sto
# tabular output of hits:                optimization_a7/100gen/_workspace/cmsearch_logs/gen_0031/patent_cmsearch.tblout
# max ASCII text line length:            unlimited
# sequence reporting threshold:          E-value <= 1000
# number of worker threads:              4
# - - - - - - - - - - - - - - - - - - - - - - - - - - - - - - - - - - - -

Query:       patent_aligned  [CLEN=36]
Hit scores:
 rank     E-value  score  bias  sequence        start    end   mdl trunc   gc  description
 ----   --------- ------ -----  -------------- ------ ------   --- ----- ----  -----------
  (1) !     5e-15   61.3   0.0  ind_0031_00001    147    182 +  cm    no 0.61  -
  (2) !     5e-15   61.3   0.0  ind_0031_00044    147    182 +  cm    no 0.61  -
  (3) !   8.2e-14   56.7   0.0  ind_0031_00041    147    182 +  cm    no 0.58  -
  (4) !     1e-13   56.4   0.0  ind_0031_00006    147    182 +  cm    no 0.58  -
  (5) !     1e-13   56.4   0.0  ind_0031_00000    147    182 +  cm    no 0.58  -
  (6) !     1e-13   56.4   0.0  ind_0031_00004    147    182 +  cm    no 0.58  -
  (7) !     1e-13   56.4   0.0  ind_0031_00017    147    182 +  cm    no 0.58  -
  (8) !     1e-13   56.4   0.0  ind_0031_00027    147    182 +  cm    no 0.58  -
  (9) !   1.2e-13   56.1   0.0  ind_0031_00031    147    181 +  cm    no 0.63  -
 (10) !   1.5e-13   55.8   0.0  ind_0031_00014    147    182 +  cm    no 0.64  -
 (11) !   1.5e-13   55.7   0.0  ind_0031_00034    147    182 +  cm    no 0.61  -
 (12) !   1.6e-13   55.7   0.0  ind_0031_00002    147    182 +  cm    no 0.61  -
 (13) !   1.6e-13   55.7   0.0  ind_0031_00015    147    182 +  cm    no 0.61  -
 (14) !   1.6e-13   55.7   0.0  ind_0031_00026    147    182 +  cm    no 0.61  -
 (15) !   2.1e-13   55.2   0.0  ind_0031_00003    147    182 +  cm    no 0.61  -
 (16) !   2.1e-13   55.2   0.0  ind_0031_00048    147    182 +  cm    no 0.61  -
 (17) !   2.1e-13   55.2   0.0  ind_0031_00030    147    182 +  cm    no 0.58  -
 (18) !   1.4e-12   52.1   0.0  ind_0031_00016    147    182 +  cm    no 0.58  -
 (19) !   1.4e-12   52.1   0.0  ind_0031_00010    147    182 +  cm    no 0.56  -
 (20) !   1.7e-12   51.8   0.0  ind_0031_00042    147    182 +  cm    no 0.61  -
 (21) !   1.8e-12   51.7   0.0  ind_0031_00018    147    182 +  cm    no 0.64  -
 (22) !     2e-12   51.5   0.0  ind_0031_00032    147    182 +  cm    no 0.61  -
 (23) !   2.3e-12   51.3   0.0  ind_0031_00013    147    182 +  cm    no 0.61  -
 (24) !     3e-12   50.9   0.0  ind_0031_00028    147    182 +  cm    no 0.56  -
 (25) !   3.9e-12   50.4   0.0  ind_0031_00023    147    182 +  cm    no 0.61  -
 (26) !   3.9e-12   50.4   0.0  ind_0031_00043    147    182 +  cm    no 0.58  -
 (27) !   4.2e-12   50.3   0.0  ind_0031_00005    147    182 +  cm    no 0.58  -
 (28) !   4.6e-12   50.2   0.0  ind_0031_00045    147    182 +  cm    no 0.58  -
 (29) !   4.8e-12   50.1   0.0  ind_0031_00033    147    182 +  cm    no 0.58  -
 (30) !   7.9e-12   49.3   0.0  ind_0031_00025    147    182 +  cm    no 0.58  -
 (31) !   1.8e-11   48.0   0.0  ind_0031_00021    147    182 +  cm    no 0.61  -
 (32) !   1.8e-11   48.0   0.0  ind_0031_00029    147    182 +  cm    no 0.61  -
 (33) !   2.3e-11   47.6   0.0  ind_0031_00037    147    182 +  cm    no 0.58  -
 (34) !   2.3e-11   47.5   0.0  ind_0031_00035    147    182 +  cm    no 0.58  -
 (35) !   2.9e-11   47.2   0.0  ind_0031_00019    147    182 +  cm    no 0.58  -
 (36) !   2.9e-11   47.1   0.0  ind_0031_00036    147    182 +  cm    no 0.58  -
 (37) !     6e-11   45.9   0.0  ind_0031_00020    147    182 +  cm    no 0.61  -
 (38) !   2.1e-10   43.9   0.0  ind_0031_00011    147    182 +  cm    no 0.56  -
 (39) !   5.2e-10   42.4   0.0  ind_0031_00012    147    182 +  cm    no 0.53  -
 (40) !   5.8e-10   42.2   0.0  ind_0031_00049    147    179 +  cm    no 0.58  -
 (41) !   7.8e-10   41.8   0.0  ind_0031_00040    147    182 +  cm    no 0.64  -
 (42) !     1e-09   41.3   0.0  ind_0031_00024    147    182 +  cm    no 0.53  -
 (43) !   1.1e-09   41.2   0.0  ind_0031_00007    147    182 +  cm    no 0.56  -
 (44) !   1.7e-09   40.5   0.0  ind_0031_00039    147    182 +  cm    no 0.53  -
 (45) !   1.9e-09   40.3   0.0  ind_0031_00038    147    182 +  cm    no 0.58  -
 (46) !   3.7e-09   39.2   0.0  ind_0031_00009    147    182 +  cm    no 0.56  -
 (47) !   1.8e-08   36.6   0.0  ind_0031_00047    147    182 +  cm    no 0.58  -
 (48) !     6e-08   34.7   0.0  ind_0031_00022    147    182 +  cm    no 0.58  -
 (49) !   1.2e-07   33.5   0.0  ind_0031_00008    147    182 +  cm    no 0.58  -
 (50) !   0.00055   19.7   0.0  ind_0031_00046    147    179 +  cm    no 0.61  -
 ------ inclusion threshold ------
 (51) ?   3.8e+02   -2.3   0.0  ind_0031_00029    191    197 +  cm    3' 0.43  -


Hit alignments:
>> ind_0031_00001  
 rank     E-value  score  bias mdl mdl from   mdl to       seq from      seq to       acc trunc   gc
 ----   --------- ------ ----- --- -------- --------    ----------- -----------      ---- ----- ----
  (1) !     5e-15   61.3   0.0  cm        1       36 []         147         182 + .. 1.00    no 0.61

                                                          NC
                     :::::<<<--<<<<<<_________>>>>>>-->>> CS
  patent_aligned   1 GGUCAGACCCUGGUCCGGGGCAAUGGGACCACUGUU 36 
                     GGUCAGACCCUGGUCCGGG CAAUGGGACCACUGUU
  ind_0031_00001 147 GGUCAGACCCUGGUCCGGGACAAUGGGACCACUGUU 182
                     ************************************ PP

>> ind_0031_00044  
 rank     E-value  score  bias mdl mdl from   mdl to       seq from      seq to       acc trunc   gc
 ----   --------- ------ ----- --- -------- --------    ----------- -----------      ---- ----- ----
  (2) !     5e-15   61.3   0.0  cm        1       36 []         147         182 + .. 1.00    no 0.61

                                                          NC
                     :::::<<<--<<<<<<_________>>>>>>-->>> CS
  patent_aligned   1 GGUCAGACCCUGGUCCGGGGCAAUGGGACCACUGUU 36 
                     GGUCAGACCCUGGUCCGGG CAAUGGGACCACUGUU
  ind_0031_00044 147 GGUCAGACCCUGGUCCGGGACAAUGGGACCACUGUU 182
                     ************************************ PP

>> ind_0031_00041  
 rank     E-value  score  bias mdl mdl from   mdl to       seq from      seq to       acc trunc   gc
 ----   --------- ------ ----- --- -------- --------    ----------- -----------      ---- ----- ----
  (3) !   8.2e-14   56.7   0.0  cm        1       36 []         147         182 + .. 1.00    no 0.58

                                                          NC
                     :::::<<<--<<<<<<_________>>>>>>-->>> CS
  patent_aligned   1 GGUCAGACCCUGGUCCGGGGCAAUGGGACCACUGUU 36 
                      GUCAGACCCUGGUCCGGG CAAUGGGACCACUGUU
  ind_0031_00041 147 UGUCAGACCCUGGUCCGGGACAAUGGGACCACUGUU 182
                     ************************************ PP

>> ind_0031_00006  
 rank     E-value  score  bias mdl mdl from   mdl to       seq from      seq to       acc trunc   gc
 ----   --------- ------ ----- --- -------- --------    ----------- -----------      ---- ----- ----
  (4) !     1e-13   56.4   0.0  cm        1       36 []         147         182 + .. 1.00    no 0.58

                                                          NC
                     :::::<<<--<<<<<<_________>>>>>>-->>> CS
  patent_aligned   1 GGUCAGACCCUGGUCCGGGGCAAUGGGACCACUGUU 36 
                     GGUCAGACCCUGGUCCGG  CAAUGGGACCACUGUU
  ind_0031_00006 147 GGUCAGACCCUGGUCCGGAACAAUGGGACCACUGUU 182
                     ************************************ PP

>> ind_0031_00000  
 rank     E-value  score  bias mdl mdl from   mdl to       seq from      seq to       acc trunc   gc
 ----   --------- ------ ----- --- -------- --------    ----------- -----------      ---- ----- ----
  (5) !     1e-13   56.4   0.0  cm        1       36 []         147         182 + .. 1.00    no 0.58

                                                          NC
                     :::::<<<--<<<<<<_________>>>>>>-->>> CS
  patent_aligned   1 GGUCAGACCCUGGUCCGGGGCAAUGGGACCACUGUU 36 
                     GGUCAGACCCUGGUCC GG CAAUGGGACCACUGUU
  ind_0031_00000 147 GGUCAGACCCUGGUCCAGGACAAUGGGACCACUGUU 182
                     ************************************ PP

>> ind_0031_00004  
 rank     E-value  score  bias mdl mdl from   mdl to       seq from      seq to       acc trunc   gc
 ----   --------- ------ ----- --- -------- --------    ----------- -----------      ---- ----- ----
  (6) !     1e-13   56.4   0.0  cm        1       36 []         147         182 + .. 1.00    no 0.58

                                                          NC
                     :::::<<<--<<<<<<_________>>>>>>-->>> CS
  patent_aligned   1 GGUCAGACCCUGGUCCGGGGCAAUGGGACCACUGUU 36 
                     GGUCAGACCCUGGUCC GG CAAUGGGACCACUGUU
  ind_0031_00004 147 GGUCAGACCCUGGUCCAGGACAAUGGGACCACUGUU 182
                     ************************************ PP

>> ind_0031_00017  
 rank     E-value  score  bias mdl mdl from   mdl to       seq from      seq to       acc trunc   gc
 ----   --------- ------ ----- --- -------- --------    ----------- -----------      ---- ----- ----
  (7) !     1e-13   56.4   0.0  cm        1       36 []         147         182 + .. 1.00    no 0.58

                                                          NC
                     :::::<<<--<<<<<<_________>>>>>>-->>> CS
  patent_aligned   1 GGUCAGACCCUGGUCCGGGGCAAUGGGACCACUGUU 36 
                     GGUCAGACCCUGGUCC GG CAAUGGGACCACUGUU
  ind_0031_00017 147 GGUCAGACCCUGGUCCAGGACAAUGGGACCACUGUU 182
                     ************************************ PP

>> ind_0031_00027  
 rank     E-value  score  bias mdl mdl from   mdl to       seq from      seq to       acc trunc   gc
 ----   --------- ------ ----- --- -------- --------    ----------- -----------      ---- ----- ----
  (8) !     1e-13   56.4   0.0  cm        1       36 []         147         182 + .. 1.00    no 0.58

                                                          NC
                     :::::<<<--<<<<<<_________>>>>>>-->>> CS
  patent_aligned   1 GGUCAGACCCUGGUCCGGGGCAAUGGGACCACUGUU 36 
                     GGUCAGACCCUGGUCC GG CAAUGGGACCACUGUU
  ind_0031_00027 147 GGUCAGACCCUGGUCCAGGACAAUGGGACCACUGUU 182
                     ************************************ PP

>> ind_0031_00031  
 rank     E-value  score  bias mdl mdl from   mdl to       seq from      seq to       acc trunc   gc
 ----   --------- ------ ----- --- -------- --------    ----------- -----------      ---- ----- ----
  (9) !   1.2e-13   56.1   0.0  cm        1       36 []         147         181 + .. 1.00    no 0.63

                          v                             v NC
                     :::::<<<--<<<<<<_________>>>>>>-->>> CS
  patent_aligned   1 GGUCAGACCCUGGUCCGGGGCAAUGGGACCACUGUU 36 
                     GGUCAGACCCUGGUCCGGG CAAUGGGACCACUGU 
  ind_0031_00031 147 GGUCAGACCCUGGUCCGGGUCAAUGGGACCACUGU- 181
                     ***********************************. PP

>> ind_0031_00014  
 rank     E-value  score  bias mdl mdl from   mdl to       seq from      seq to       acc trunc   gc
 ----   --------- ------ ----- --- -------- --------    ----------- -----------      ---- ----- ----
 (10) !   1.5e-13   55.8   0.0  cm        1       36 []         147         182 + .. 1.00    no 0.64

                                                          NC
                     :::::<<<--<<<<<<_________>>>>>>-->>> CS
  patent_aligned   1 GGUCAGACCCUGGUCCGGGGCAAUGGGACCACUGUU 36 
                     GGUCAGACCCUGGUCCGGG CAAUGGGACCAC GUU
  ind_0031_00014 147 GGUCAGACCCUGGUCCGGGACAAUGGGACCACGGUU 182
                     ************************************ PP

>> ind_0031_00034  
 rank     E-value  score  bias mdl mdl from   mdl to       seq from      seq to       acc trunc   gc
 ----   --------- ------ ----- --- -------- --------    ----------- -----------      ---- ----- ----
 (11) !   1.5e-13   55.7   0.0  cm        1       36 []         147         182 + .. 0.99    no 0.61

                                                          NC
                     :::::<<<--<<<<<<_________>>>>>>-->>> CS
  patent_aligned   1 GGUCAGACCCUGGUCCGGGGCAAUGGGACCACUGUU 36 
                     G UCAGACCCUGGUCCGGG CAAUGGGACCACUGUU
  ind_0031_00034 147 GAUCAGACCCUGGUCCGGGCCAAUGGGACCACUGUU 182
                     ******************999*************** PP

>> ind_0031_00002  
 rank     E-value  score  bias mdl mdl from   mdl to       seq from      seq to       acc trunc   gc
 ----   --------- ------ ----- --- -------- --------    ----------- -----------      ---- ----- ----
 (12) !   1.6e-13   55.7   0.0  cm        1       36 []         147         182 + .. 1.00    no 0.61

                                                          NC
                     :::::<<<--<<<<<<_________>>>>>>-->>> CS
  patent_aligned   1 GGUCAGACCCUGGUCCGGGGCAAUGGGACCACUGUU 36 
                     G UCAGACCCUGGUCCGGG CAAUGGGACCACUGUU
  ind_0031_00002 147 GCUCAGACCCUGGUCCGGGACAAUGGGACCACUGUU 182
                     ************************************ PP

>> ind_0031_00015  
 rank     E-value  score  bias mdl mdl from   mdl to       seq from      seq to       acc trunc   gc
 ----   --------- ------ ----- --- -------- --------    ----------- -----------      ---- ----- ----
 (13) !   1.6e-13   55.7   0.0  cm        1       36 []         147         182 + .. 1.00    no 0.61

                                                          NC
                     :::::<<<--<<<<<<_________>>>>>>-->>> CS
  patent_aligned   1 GGUCAGACCCUGGUCCGGGGCAAUGGGACCACUGUU 36 
                     G UCAGACCCUGGUCCGGG CAAUGGGACCACUGUU
  ind_0031_00015 147 GCUCAGACCCUGGUCCGGGACAAUGGGACCACUGUU 182
                     ************************************ PP

>> ind_0031_00026  
 rank     E-value  score  bias mdl mdl from   mdl to       seq from      seq to       acc trunc   gc
 ----   --------- ------ ----- --- -------- --------    ----------- -----------      ---- ----- ----
 (14) !   1.6e-13   55.7   0.0  cm        1       36 []         147         182 + .. 1.00    no 0.61

                                                          NC
                     :::::<<<--<<<<<<_________>>>>>>-->>> CS
  patent_aligned   1 GGUCAGACCCUGGUCCGGGGCAAUGGGACCACUGUU 36 
                     G UCAGACCCUGGUCCGGG CAAUGGGACCACUGUU
  ind_0031_00026 147 GCUCAGACCCUGGUCCGGGACAAUGGGACCACUGUU 182
                     ************************************ PP

>> ind_0031_00003  
 rank     E-value  score  bias mdl mdl from   mdl to       seq from      seq to       acc trunc   gc
 ----   --------- ------ ----- --- -------- --------    ----------- -----------      ---- ----- ----
 (15) !   2.1e-13   55.2   0.0  cm        1       36 []         147         182 + .. 1.00    no 0.61

                                                          NC
                     :::::<<<--<<<<<<_________>>>>>>-->>> CS
  patent_aligned   1 GGUCAGACCCUGGUCCGGGGCAAUGGGACCACUGUU 36 
                     GGUCAGAC CUGGUCCGGG CAAUGGGACCACUGUU
  ind_0031_00003 147 GGUCAGACGCUGGUCCGGGACAAUGGGACCACUGUU 182
                     ************************************ PP

>> ind_0031_00048  
 rank     E-value  score  bias mdl mdl from   mdl to       seq from      seq to       acc trunc   gc
 ----   --------- ------ ----- --- -------- --------    ----------- -----------      ---- ----- ----
 (16) !   2.1e-13   55.2   0.0  cm        1       36 []         147         182 + .. 1.00    no 0.61

                                                          NC
                     :::::<<<--<<<<<<_________>>>>>>-->>> CS
  patent_aligned   1 GGUCAGACCCUGGUCCGGGGCAAUGGGACCACUGUU 36 
                     GGUCAGAC CUGGUCCGGG CAAUGGGACCACUGUU
  ind_0031_00048 147 GGUCAGACGCUGGUCCGGGACAAUGGGACCACUGUU 182
                     ************************************ PP

>> ind_0031_00030  
 rank     E-value  score  bias mdl mdl from   mdl to       seq from      seq to       acc trunc   gc
 ----   --------- ------ ----- --- -------- --------    ----------- -----------      ---- ----- ----
 (17) !   2.1e-13   55.2   0.0  cm        1       36 []         147         182 + .. 1.00    no 0.58

                          v                             v NC
                     :::::<<<--<<<<<<_________>>>>>>-->>> CS
  patent_aligned   1 GGUCAGACCCUGGUCCGGGGCAAUGGGACCACUGUU 36 
                     GGUCA ACCCUGGUCCGGG CAAUGGGACCACUGU 
  ind_0031_00030 147 GGUCAUACCCUGGUCCGGGACAAUGGGACCACUGUU 182
                     ************************************ PP

>> ind_0031_00016  
 rank     E-value  score  bias mdl mdl from   mdl to       seq from      seq to       acc trunc   gc
 ----   --------- ------ ----- --- -------- --------    ----------- -----------      ---- ----- ----
 (18) !   1.4e-12   52.1   0.0  cm        1       36 []         147         182 + .. 1.00    no 0.58

                                v                 v       NC
                     :::::<<<--<<<<<<_________>>>>>>-->>> CS
  patent_aligned   1 GGUCAGACCCUGGUCCGGGGCAAUGGGACCACUGUU 36 
                     GGUCAGACCCU GUCCGGG CAAUGGGAC ACUGUU
  ind_0031_00016 147 GGUCAGACCCUUGUCCGGGACAAUGGGACCACUGUU 182
                     ************************************ PP

>> ind_0031_00010  
 rank     E-value  score  bias mdl mdl from   mdl to       seq from      seq to       acc trunc   gc
 ----   --------- ------ ----- --- -------- --------    ----------- -----------      ---- ----- ----
 (19) !   1.4e-12   52.1   0.0  cm        1       36 []         147         182 + .. 1.00    no 0.56

                                                          NC
                     :::::<<<--<<<<<<_________>>>>>>-->>> CS
  patent_aligned   1 GGUCAGACCCUGGUCCGGGGCAAUGGGACCACUGUU 36 
                     G UCAGACCCUGGUCC GG CAAUGGGACCACUGUU
  ind_0031_00010 147 GAUCAGACCCUGGUCCAGGACAAUGGGACCACUGUU 182
                     ************************************ PP

>> ind_0031_00042  
 rank     E-value  score  bias mdl mdl from   mdl to       seq from      seq to       acc trunc   gc
 ----   --------- ------ ----- --- -------- --------    ----------- -----------      ---- ----- ----
 (20) !   1.7e-12   51.8   0.0  cm        1       36 []         147         182 + .. 0.99    no 0.61

                                    v         v           NC
                     :::::<<<--<<<<<<_________>>>>>>-->>> CS
  patent_aligned   1 GGUCAGACCCUGGUCCGGGGCAAUGGGACCACUGUU 36 
                     GGUCAGACCCUGGUC GGG CAAUG GACCACUGUU
  ind_0031_00042 147 GGUCAGACCCUGGUCGGGGACAAUGGGACCACUGUU 182
                     ************************************ PP

>> ind_0031_00018  
 rank     E-value  score  bias mdl mdl from   mdl to       seq from      seq to       acc trunc   gc
 ----   --------- ------ ----- --- -------- --------    ----------- -----------      ---- ----- ----
 (21) !   1.8e-12   51.7   0.0  cm        1       36 []         147         182 + .. 1.00    no 0.64

                               v                   v      NC
                     :::::<<<--<<<<<<_________>>>>>>-->>> CS
  patent_aligned   1 GGUCAGACCCUGGUCCGGGGCAAUGGGACCACUGUU 36 
                     GGUCAGACCC GGUCCGGG CAAUGGGACC CUGUU
  ind_0031_00018 147 GGUCAGACCCGGGUCCGGGACAAUGGGACCACUGUU 182
                     ************************************ PP

>> ind_0031_00032  
 rank     E-value  score  bias mdl mdl from   mdl to       seq from      seq to       acc trunc   gc
 ----   --------- ------ ----- --- -------- --------    ----------- -----------      ---- ----- ----
 (22) !     2e-12   51.5   0.0  cm        1       36 []         147         182 + .. 1.00    no 0.61

                                                          NC
                     :::::<<<--<<<<<<_________>>>>>>-->>> CS
  patent_aligned   1 GGUCAGACCCUGGUCCGGGGCAAUGGGACCACUGUU 36 
                     G UCAGACCCUGGUCCGGG CAA GGGACCACUGUU
  ind_0031_00032 147 GAUCAGACCCUGGUCCGGGACAAGGGGACCACUGUU 182
                     ************************************ PP

>> ind_0031_00013  
 rank     E-value  score  bias mdl mdl from   mdl to       seq from      seq to       acc trunc   gc
 ----   --------- ------ ----- --- -------- --------    ----------- -----------      ---- ----- ----
 (23) !   2.3e-12   51.3   0.0  cm        1       36 []         147         182 + .. 1.00    no 0.61

                               v                   v      NC
                     :::::<<<--<<<<<<_________>>>>>>-->>> CS
  patent_aligned   1 GGUCAGACCCUGGUCCGGGGCAAUGGGACCACUGUU 36 
                     GGUCAGACCC GGUCCGGG CAAUGGGACC CUGUU
  ind_0031_00013 147 GGUCAGACCCAGGUCCGGGACAAUGGGACCACUGUU 182
                     ************************************ PP

>> ind_0031_00028  
 rank     E-value  score  bias mdl mdl from   mdl to       seq from      seq to       acc trunc   gc
 ----   --------- ------ ----- --- -------- --------    ----------- -----------      ---- ----- ----
 (24) !     3e-12   50.9   0.0  cm        1       36 []         147         182 + .. 1.00    no 0.56

                          v                             v NC
                     :::::<<<--<<<<<<_________>>>>>>-->>> CS
  patent_aligned   1 GGUCAGACCCUGGUCCGGGGCAAUGGGACCACUGUU 36 
                     G UCA ACCCUGGUCCGGG CAAUGGGACCACUGU 
  ind_0031_00028 147 GAUCAUACCCUGGUCCGGGACAAUGGGACCACUGUU 182
                     ************************************ PP

>> ind_0031_00023  
 rank     E-value  score  bias mdl mdl from   mdl to       seq from      seq to       acc trunc   gc
 ----   --------- ------ ----- --- -------- --------    ----------- -----------      ---- ----- ----
 (25) !   3.9e-12   50.4   0.0  cm        1       36 []         147         182 + .. 1.00    no 0.61

                                                          NC
                     :::::<<<--<<<<<<_________>>>>>>-->>> CS
  patent_aligned   1 GGUCAGACCCUGGUCCGGGGCAAUGGGACCACUGUU 36 
                     GG CAGACCCUGGUCC GG CAAUGGGACCACUGUU
  ind_0031_00023 147 GGGCAGACCCUGGUCCUGGACAAUGGGACCACUGUU 182
                     ************************************ PP

>> ind_0031_00043  
 rank     E-value  score  bias mdl mdl from   mdl to       seq from      seq to       acc trunc   gc
 ----   --------- ------ ----- --- -------- --------    ----------- -----------      ---- ----- ----
 (26) !   3.9e-12   50.4   0.0  cm        1       36 []         147         182 + .. 1.00    no 0.58

                                                          NC
                     :::::<<<--<<<<<<_________>>>>>>-->>> CS
  patent_aligned   1 GGUCAGACCCUGGUCCGGGGCAAUGGGACCACUGUU 36 
                      GUCAGACCCUGGUCC GG CAAUGGGACCACUGUU
  ind_0031_00043 147 UGUCAGACCCUGGUCCCGGACAAUGGGACCACUGUU 182
                     ************************************ PP

>> ind_0031_00005  
 rank     E-value  score  bias mdl mdl from   mdl to       seq from      seq to       acc trunc   gc
 ----   --------- ------ ----- --- -------- --------    ----------- -----------      ---- ----- ----
 (27) !   4.2e-12   50.3   0.0  cm        1       36 []         147         182 + .. 1.00    no 0.58

                                                          NC
                     :::::<<<--<<<<<<_________>>>>>>-->>> CS
  patent_aligned   1 GGUCAGACCCUGGUCCGGGGCAAUGGGACCACUGUU 36 
                     G UCAGACC UGGUCCGGG CAAUGGGACCACUGUU
  ind_0031_00005 147 GCUCAGACCAUGGUCCGGGACAAUGGGACCACUGUU 182
                     ************************************ PP

>> ind_0031_00045  
 rank     E-value  score  bias mdl mdl from   mdl to       seq from      seq to       acc trunc   gc
 ----   --------- ------ ----- --- -------- --------    ----------- -----------      ---- ----- ----
 (28) !   4.6e-12   50.2   0.0  cm        1       36 []         147         182 + .. 0.99    no 0.58

                                                          NC
                     :::::<<<--<<<<<<_________>>>>>>-->>> CS
  patent_aligned   1 GGUCAGACCCUGGUCCGGGGCAAUGGGACCACUGUU 36 
                     GGUCAGACCCUGGUCC G  CAAUGGGACCACUGUU
  ind_0031_00045 147 GGUCAGACCCUGGUCCAGCACAAUGGGACCACUGUU 182
                     *****************9999*************** PP

>> ind_0031_00033  
 rank     E-value  score  bias mdl mdl from   mdl to       seq from      seq to       acc trunc   gc
 ----   --------- ------ ----- --- -------- --------    ----------- -----------      ---- ----- ----
 (29) !   4.8e-12   50.1   0.0  cm        1       36 []         147         182 + .. 1.00    no 0.58

                                                          NC
                     :::::<<<--<<<<<<_________>>>>>>-->>> CS
  patent_aligned   1 GGUCAGACCCUGGUCCGGGGCAAUGGGACCACUGUU 36 
                     GGUCAGACCCUGGUCC G  CAAUGGGACCACUGUU
  ind_0031_00033 147 GGUCAGACCCUGGUCCCGAACAAUGGGACCACUGUU 182
                     ************************************ PP

>> ind_0031_00025  
 rank     E-value  score  bias mdl mdl from   mdl to       seq from      seq to       acc trunc   gc
 ----   --------- ------ ----- --- -------- --------    ----------- -----------      ---- ----- ----
 (30) !   7.9e-12   49.3   0.0  cm        1       36 []         147         182 + .. 1.00    no 0.58

                                   v           v          NC
                     :::::<<<--<<<<<<_________>>>>>>-->>> CS
  patent_aligned   1 GGUCAGACCCUGGUCCGGGGCAAUGGGACCACUGUU 36 
                     GGUCA:ACCCUGGU CGGG CAAUGG ACCACUGU:
  ind_0031_00025 147 GGUCAAACCCUGGUCCGGGACAAUGGCACCACUGUU 182
                     ************************************ PP

>> ind_0031_00021  
 rank     E-value  score  bias mdl mdl from   mdl to       seq from      seq to       acc trunc   gc
 ----   --------- ------ ----- --- -------- --------    ----------- -----------      ---- ----- ----
 (31) !   1.8e-11   48.0   0.0  cm        1       36 []         147         182 + .. 1.00    no 0.61

                           v                           v  NC
                     :::::<<<--<<<<<<_________>>>>>>-->>> CS
  patent_aligned   1 GGUCAGACCCUGGUCCGGGGCAAUGGGACCACUGUU 36 
                     GGUCAG CCCUGGUCC GG CAAUGGGACCACUG U
  ind_0031_00021 147 GGUCAGUCCCUGGUCCCGGACAAUGGGACCACUGUU 182
                     ************************************ PP

>> ind_0031_00029  
 rank     E-value  score  bias mdl mdl from   mdl to       seq from      seq to       acc trunc   gc
 ----   --------- ------ ----- --- -------- --------    ----------- -----------      ---- ----- ----
 (32) !   1.8e-11   48.0   0.0  cm        1       36 []         147         182 + .. 1.00    no 0.61

                           v                           v  NC
                     :::::<<<--<<<<<<_________>>>>>>-->>> CS
  patent_aligned   1 GGUCAGACCCUGGUCCGGGGCAAUGGGACCACUGUU 36 
                     GGUCAG CCCUGGUCC GG CAAUGGGACCACUG U
  ind_0031_00029 147 GGUCAGUCCCUGGUCCCGGACAAUGGGACCACUGUU 182
                     ************************************ PP

>> ind_0031_00037  
 rank     E-value  score  bias mdl mdl from   mdl to       seq from      seq to       acc trunc   gc
 ----   --------- ------ ----- --- -------- --------    ----------- -----------      ---- ----- ----
 (33) !   2.3e-11   47.6   0.0  cm        1       36 []         147         182 + .. 1.00    no 0.58

                                  v             v         NC
                     :::::<<<--<<<<<<_________>>>>>>-->>> CS
  patent_aligned   1 GGUCAGACCCUGGUCCGGGGCAAUGGGACCACUGUU 36 
                     GGUCAGACCCUGG CCGG  CAAUGGG CCACUGUU
  ind_0031_00037 147 GGUCAGACCCUGGUCCGGUACAAUGGGUCCACUGUU 182
                     ************************************ PP

>> ind_0031_00035  
 rank     E-value  score  bias mdl mdl from   mdl to       seq from      seq to       acc trunc   gc
 ----   --------- ------ ----- --- -------- --------    ----------- -----------      ---- ----- ----
 (34) !   2.3e-11   47.5   0.0  cm        1       36 []         147         182 + .. 1.00    no 0.58

                                                          NC
                     :::::<<<--<<<<<<_________>>>>>>-->>> CS
  patent_aligned   1 GGUCAGACCCUGGUCCGGGGCAAUGGGACCACUGUU 36 
                      G CAGACCCUGGUCCGG  CAAUGGGACCACUGUU
  ind_0031_00035 147 UGCCAGACCCUGGUCCGGAACAAUGGGACCACUGUU 182
                     ************************************ PP

>> ind_0031_00019  
 rank     E-value  score  bias mdl mdl from   mdl to       seq from      seq to       acc trunc   gc
 ----   --------- ------ ----- --- -------- --------    ----------- -----------      ---- ----- ----
 (35) !   2.9e-11   47.2   0.0  cm        1       36 []         147         182 + .. 1.00    no 0.58

                            v                         v   NC
                     :::::<<<--<<<<<<_________>>>>>>-->>> CS
  patent_aligned   1 GGUCAGACCCUGGUCCGGGGCAAUGGGACCACUGUU 36 
                     GG CAGA CCUGGUCCGGG CAAUGGGACCACU UU
  ind_0031_00019 147 GGACAGAACCUGGUCCGGGACAAUGGGACCACUCUU 182
                     ************************************ PP

>> ind_0031_00036  
 rank     E-value  score  bias mdl mdl from   mdl to       seq from      seq to       acc trunc   gc
 ----   --------- ------ ----- --- -------- --------    ----------- -----------      ---- ----- ----
 (36) !   2.9e-11   47.1   0.0  cm        1       36 []         147         182 + .. 1.00    no 0.58

                                    v         v           NC
                     :::::<<<--<<<<<<_________>>>>>>-->>> CS
  patent_aligned   1 GGUCAGACCCUGGUCCGGGGCAAUGGGACCACUGUU 36 
                     GGUCAGACCCUGGUC  GG CAAUG GACCACUGUU
  ind_0031_00036 147 GGUCAGACCCUGGUCCCGGACAAUGAGACCACUGUU 182
                     ************************************ PP

>> ind_0031_00020  
 rank     E-value  score  bias mdl mdl from   mdl to       seq from      seq to       acc trunc   gc
 ----   --------- ------ ----- --- -------- --------    ----------- -----------      ---- ----- ----
 (37) !     6e-11   45.9   0.0  cm        1       36 []         147         182 + .. 1.00    no 0.61

                                v                 v       NC
                     :::::<<<--<<<<<<_________>>>>>>-->>> CS
  patent_aligned   1 GGUCAGACCCUGGUCCGGGGCAAUGGGACCACUGUU 36 
                     GGUCAGACCCU GUCC GG CAAUGGGAC ACUGUU
  ind_0031_00020 147 GGUCAGACCCUCGUCCCGGACAAUGGGACCACUGUU 182
                     ************************************ PP

>> ind_0031_00011  
 rank     E-value  score  bias mdl mdl from   mdl to       seq from      seq to       acc trunc   gc
 ----   --------- ------ ----- --- -------- --------    ----------- -----------      ---- ----- ----
 (38) !   2.1e-10   43.9   0.0  cm        1       36 []         147         182 + .. 1.00    no 0.56

                                                          NC
                     :::::<<<--<<<<<<_________>>>>>>-->>> CS
  patent_aligned   1 GGUCAGACCCUGGUCCGGGGCAAUGGGACCACUGUU 36 
                     GG CA:AC CUGGUCCGGG  AAUGGGACCACUGU:
  ind_0031_00011 147 GGGCAAACUCUGGUCCGGGAAAAUGGGACCACUGUU 182
                     ************************************ PP

>> ind_0031_00012  
 rank     E-value  score  bias mdl mdl from   mdl to       seq from      seq to       acc trunc   gc
 ----   --------- ------ ----- --- -------- --------    ----------- -----------      ---- ----- ----
 (39) !   5.2e-10   42.4   0.0  cm        1       36 []         147         182 + .. 1.00    no 0.53

                                 v               v        NC
                     :::::<<<--<<<<<<_________>>>>>>-->>> CS
  patent_aligned   1 GGUCAGACCCUGGUCCGGGGCAAUGGGACCACUGUU 36 
                     G UCAGACC UG UCCGGG CAAUGGGA CACUGUU
  ind_0031_00012 147 GAUCAGACCAUGUUCCGGGACAAUGGGACCACUGUU 182
                     ************************************ PP

>> ind_0031_00049  
 rank     E-value  score  bias mdl mdl from   mdl to       seq from      seq to       acc trunc   gc
 ----   --------- ------ ----- --- -------- --------    ----------- -----------      ---- ----- ----
 (40) !   5.8e-10   42.2   0.0  cm        1       36 []         147         179 + .. 1.00    no 0.58

                          vvv                         vvv NC
                     :::::<<<--<<<<<<_________>>>>>>-->>> CS
  patent_aligned   1 GGUCAGACCCUGGUCCGGGGCAAUGGGACCACUGUU 36 
                     GGUCAG  CCUGGUCC GG CAAUGGGACCACU   
  ind_0031_00049 147 GGUCAGUACCUGGUCCAGGACAAUGGGACCACU--- 179
                     *********************************... PP

>> ind_0031_00040  
 rank     E-value  score  bias mdl mdl from   mdl to       seq from      seq to       acc trunc   gc
 ----   --------- ------ ----- --- -------- --------    ----------- -----------      ---- ----- ----
 (41) !   7.8e-10   41.8   0.0  cm        1       36 []         147         182 + .. 0.93    no 0.64

                                  v               v         NC
                     :::::<<<--<<<<<<_____..____>>>>>>-->>> CS
  patent_aligned   1 GGUCAGACCCUGGUCCGGGGC..AAUGGGACCACUGUU 36 
                     GGUCAGACCCUGG CCGGG    AAUGGGACCACUGUU
  ind_0031_00040 147 GGUCAGACCCUGG-CCGGGC-ucAAUGGGACCACUGUU 182
                     *************.997765.49*************** PP

>> ind_0031_00024  
 rank     E-value  score  bias mdl mdl from   mdl to       seq from      seq to       acc trunc   gc
 ----   --------- ------ ----- --- -------- --------    ----------- -----------      ---- ----- ----
 (42) !     1e-09   41.3   0.0  cm        1       36 []         147         182 + .. 0.99    no 0.53

                            v                         v   NC
                     :::::<<<--<<<<<<_________>>>>>>-->>> CS
  patent_aligned   1 GGUCAGACCCUGGUCCGGGGCAAUGGGACCACUGUU 36 
                     GGUCAGA CCUGGUCC GG  AAUGGGACCACU UU
  ind_0031_00024 147 GGUCAGAACCUGGUCCAGGUAAAUGGGACCACUGUU 182
                     *****************9999*************** PP

>> ind_0031_00007  
 rank     E-value  score  bias mdl mdl from   mdl to       seq from      seq to       acc trunc   gc
 ----   --------- ------ ----- --- -------- --------    ----------- -----------      ---- ----- ----
 (43) !   1.1e-09   41.2   0.0  cm        1       36 []         147         182 + .. 0.99    no 0.56

                                    v         v           NC
                     :::::<<<--<<<<<<_________>>>>>>-->>> CS
  patent_aligned   1 GGUCAGACCCUGGUCCGGGGCAAUGGGACCACUGUU 36 
                      GUCAGACCCUGGUC  GG CAAUG GACCACUGUU
  ind_0031_00007 147 UGUCAGACCCUGGUCACGGACAAUGGGACCACUGUU 182
                     ***************9999***************** PP

>> ind_0031_00039  
 rank     E-value  score  bias mdl mdl from   mdl to       seq from      seq to       acc trunc   gc
 ----   --------- ------ ----- --- -------- --------    ----------- -----------      ---- ----- ----
 (44) !   1.7e-09   40.5   0.0  cm        1       36 []         147         182 + .. 1.00    no 0.53

                                                          NC
                     :::::<<<--<<<<<<_________>>>>>>-->>> CS
  patent_aligned   1 GGUCAGACCCUGGUCCGGGGCAAUGGGACCACUGUU 36 
                       UCAGACCCUGGUCCGG  CAAU GGACCACUGUU
  ind_0031_00039 147 UCUCAGACCCUGGUCCGGAACAAUUGGACCACUGUU 182
                     ************************************ PP

>> ind_0031_00038  
 rank     E-value  score  bias mdl mdl from   mdl to       seq from      seq to       acc trunc   gc
 ----   --------- ------ ----- --- -------- --------    ----------- -----------      ---- ----- ----
 (45) !   1.9e-09   40.3   0.0  cm        1       36 []         147         182 + .. 0.98    no 0.58

                                                          NC
                     :::::<<<--<<<<<<_________>>>>>>-->>> CS
  patent_aligned   1 GGUCAGACCCUGGUCCGGGGCAAUGGGACCACUGUU 36 
                     GGUCAGACCCUGGUCC G  CAA GGGACCA UGUU
  ind_0031_00038 147 GGUCAGACCCUGGUCCAGCACAAGGGGACCAUUGUU 182
                     ****************999999999*********** PP

>> ind_0031_00009  
 rank     E-value  score  bias mdl mdl from   mdl to       seq from      seq to       acc trunc   gc
 ----   --------- ------ ----- --- -------- --------    ----------- -----------      ---- ----- ----
 (46) !   3.7e-09   39.2   0.0  cm        1       36 []         147         182 + .. 1.00    no 0.56

                            v   v                 v   v   NC
                     :::::<<<--<<<<<<_________>>>>>>-->>> CS
  patent_aligned   1 GGUCAGACCCUGGUCCGGGGCAAUGGGACCACUGUU 36 
                      GUCAGA CCU GUCCGGG CAAUGGGAC ACU UU
  ind_0031_00009 147 AGUCAGAACCUCGUCCGGGACAAUGGGACCACUGUU 182
                     ************************************ PP

>> ind_0031_00047  
 rank     E-value  score  bias mdl mdl from   mdl to       seq from      seq to       acc trunc   gc
 ----   --------- ------ ----- --- -------- --------    ----------- -----------      ---- ----- ----
 (47) !   1.8e-08   36.6   0.0  cm        1       36 []         147         182 + .. 0.99    no 0.58

                           v                           v  NC
                     :::::<<<--<<<<<<_________>>>>>>-->>> CS
  patent_aligned   1 GGUCAGACCCUGGUCCGGGGCAAUGGGACCACUGUU 36 
                     GGUCAG CC UGGUCC G  CAAUGGGACCACUG U
  ind_0031_00047 147 GGUCAGUCCUUGGUCCCGUCCAAUGGGACCACUGUU 182
                     ****************99999*************** PP

>> ind_0031_00022  
 rank     E-value  score  bias mdl mdl from   mdl to       seq from      seq to       acc trunc   gc
 ----   --------- ------ ----- --- -------- --------    ----------- -----------      ---- ----- ----
 (48) !     6e-08   34.7   0.0  cm        1       36 []         147         182 + .. 0.94    no 0.58

                                vvv             vvv       NC
                     :::::<<<--<<<<<<_________>>>>>>-->>> CS
  patent_aligned   1 GGUCAGACCCUGGUCCGGGGCAAUGGGACCACUGUU 36 
                     GGUCAGACCCU   CCGGG CAAUGGG   ACUGUU
  ind_0031_00022 147 GGUCAGACCCUGGUCCGGGACAAUGGGCAAACUGUU 182
                     ************************9994447***** PP

>> ind_0031_00008  
 rank     E-value  score  bias mdl mdl from   mdl to       seq from      seq to       acc trunc   gc
 ----   --------- ------ ----- --- -------- --------    ----------- -----------      ---- ----- ----
 (49) !   1.2e-07   33.5   0.0  cm        1       36 []         147         182 + .. 1.00    no 0.58

                                                          NC
                     :::::<<<--<<<<<<_________>>>>>>-->>> CS
  patent_aligned   1 GGUCAGACCCUGGUCCGGGGCAAUGGGACCACUGUU 36 
                      GUC GA CCUGGUCC GG CAAU GGACCACU UU
  ind_0031_00008 147 UGUCGGAUCCUGGUCCCGGACAAUCGGACCACUGUU 182
                     ************************9*********** PP

>> ind_0031_00046  
 rank     E-value  score  bias mdl mdl from   mdl to       seq from      seq to       acc trunc   gc
 ----   --------- ------ ----- --- -------- --------    ----------- -----------      ---- ----- ----
 (50) !   0.00055   19.7   0.0  cm        1       36 []         147         179 + .. 1.00    no 0.61

                          vvv  v   v           v   v  vvv NC
                     :::::<<<--<<<<<<_________>>>>>>-->>> CS
  patent_aligned   1 GGUCAGACCCUGGUCCGGGGCAAUGGGACCACUGUU 36 
                     G UCAGA CC GGU C GG CAAUGG ACC CU   
  ind_0031_00046 147 GCUCAGAACCUGGUCCAGGACAAUGGCACCCCU--- 179
                     *********************************... PP

>> ind_0031_00029  
 rank     E-value  score  bias mdl mdl from   mdl to       seq from      seq to       acc trunc   gc
 ----   --------- ------ ----- --- -------- --------    ----------- -----------      ---- ----- ----
 (51) ?   3.8e+02   -2.3   0.0  cm        1        7 [~         191         197 + .~ 1.00    3' 0.43

                          ??       NC
                     :::::<<~~~~~~ CS
  patent_aligned   1 GGUCAGA*[29]> 36 
                     G UCA A      
  ind_0031_00029 191 GCUCAUA*[ 0]> 197
                     *******...... PP



Internal CM pipeline statistics summary:
----------------------------------------
Query model(s):                                                  1  (36 consensus positions)
Target sequences:                                               50  (19700 residues searched)
Target sequences re-searched for truncated hits:                50  (10200 residues re-searched)
Windows   passing  local HMM SSV           filter:             211  (0.428); expected (0.35)
Windows   passing  local HMM Viterbi       filter:                  (off)
Windows   passing  local HMM Viterbi  bias filter:                  (off)
Windows   passing  local HMM Forward       filter:             112  (0.2114); expected (0.02)
Windows   passing  local HMM Forward  bias filter:             112  (0.2114); expected (0.02)
Windows   passing glocal HMM Forward       filter:              75  (0.1552); expected (0.02)
Windows   passing glocal HMM Forward  bias filter:              75  (0.1552); expected (0.02)
Envelopes passing glocal HMM envelope defn filter:              75  (0.101); expected (0.02)
Envelopes passing  local CM  CYK           filter:              68  (0.09084); expected (0.0001)
Total CM hits reported:                                         51  (0.06043); includes 1 truncated hit(s)

# CPU time: 0.15u 0.00s 00:00:00.15 Elapsed: 00:00:00.15
# Alignment of 50 hits satisfying inclusion thresholds saved to: optimization_a7/100gen/_workspace/cmsearch_logs/gen_0031/patent_cmsearch.sto
//
[ok]
