# cmsearch :: search CM(s) against a sequence database
# INFERNAL 1.1.5 (Sep 2023)
# Copyright (C) 2023 Howard Hughes Medical Institute.
# Freely distributed under the BSD open source license.
# - - - - - - - - - - - - - - - - - - - - - - - - - - - - - - - - - - - -
# query CM file:                         A7_analysis/patent.cm
# target sequence database:              /tmp/tmpa0nfknh_/queries.fa
# output directed to file:               optimization_a7/100gen/_workspace/cmsearch_logs/gen_0035/patent_cmsearch.out
# MSA of significant hits saved to file: optimization_a7/100gen/_workspace/cmsearch_logs/gen_0035/patent_cmsearch.sto
# tabular output of hits:                optimization_a7/100gen/_workspace/cmsearch_logs/gen_0035/patent_cmsearch.tblout
# max ASCII text line length:            unlimited
# sequence reporting threshold:          E-value <= 1000
# number of worker threads:              4
# - - - - - - - - - - - - - - - - - - - - - - - - - - - - - - - - - - - -

Query:       patent_aligned  [CLEN=36]
Hit scores:
 rank     E-value  score  bias  sequence        start    end   mdl trunc   gc  description
 ----   --------- ------ -----  -------------- ------ ------   --- ----- ----  -----------
  (1) !     5e-15   61.3   0.0  ind_0035_00000    147    182 +  cm    no 0.61  -
  (2) !     5e-15   61.3   0.0  ind_0035_00002    147    182 +  cm    no 0.61  -
  (3) !     5e-15   61.3   0.0  ind_0035_00023    147    182 +  cm    no 0.61  -
  (4) !     5e-15   61.3   0.0  ind_0035_00027    147    182 +  cm    no 0.61  -
  (5) !     5e-15   61.3   0.0  ind_0035_00034    147    182 +  cm    no 0.61  -
  (6) !     5e-15   61.3   0.0  ind_0035_00041    147    182 +  cm    no 0.61  -
  (7) !   1.1e-14   60.0   0.0  ind_0035_00046    147    182 +  cm    no 0.64  -
  (8) !     1e-13   56.4   0.0  ind_0035_00001    147    182 +  cm    no 0.58  -
  (9) !     1e-13   56.4   0.0  ind_0035_00033    147    182 +  cm    no 0.58  -
 (10) !     1e-13   56.4   0.0  ind_0035_00048    147    182 +  cm    no 0.58  -
 (11) !   1.3e-13   56.0   0.0  ind_0035_00036    147    182 +  cm    no 0.58  -
 (12) !   1.3e-13   56.0   0.0  ind_0035_00026    147    182 +  cm    no 0.58  -
 (13) !   1.3e-13   56.0   0.0  ind_0035_00038    147    182 +  cm    no 0.58  -
 (14) !   1.6e-13   55.7   0.0  ind_0035_00003    147    182 +  cm    no 0.61  -
 (15) !   1.6e-13   55.7   0.0  ind_0035_00004    147    182 +  cm    no 0.61  -
 (16) !   1.6e-13   55.7   0.0  ind_0035_00021    147    182 +  cm    no 0.61  -
 (17) !   1.6e-13   55.7   0.0  ind_0035_00042    147    182 +  cm    no 0.61  -
 (18) !   1.6e-13   55.7   0.0  ind_0035_00044    147    182 +  cm    no 0.61  -
 (19) !   1.6e-13   55.7   0.0  ind_0035_00010    147    182 +  cm    no 0.58  -
 (20) !   1.8e-13   55.4   0.0  ind_0035_00009    147    182 +  cm    no 0.64  -
 (21) !   2.1e-13   55.2   0.0  ind_0035_00013    147    182 +  cm    no 0.61  -
 (22) !   2.1e-13   55.2   0.0  ind_0035_00016    147    182 +  cm    no 0.61  -
 (23) !   2.1e-13   55.2   0.0  ind_0035_00017    147    182 +  cm    no 0.61  -
 (24) !   2.1e-13   55.2   0.0  ind_0035_00045    147    182 +  cm    no 0.61  -
 (25) !   2.5e-13   54.9   0.0  ind_0035_00030    147    182 +  cm    no 0.61  -
 (26) !   3.4e-13   54.4   0.0  ind_0035_00018    147    180 +  cm    no 0.65  -
 (27) !   3.5e-13   54.4   0.0  ind_0035_00019    147    182 +  cm    no 0.64  -
 (28) !   1.6e-12   51.9   0.0  ind_0035_00024    147    182 +  cm    no 0.56  -
 (29) !   2.1e-12   51.4   0.0  ind_0035_00005    147    182 +  cm    no 0.56  -
 (30) !   2.3e-12   51.3   0.0  ind_0035_00014    147    182 +  cm    no 0.56  -
 (31) !   2.5e-12   51.1   0.0  ind_0035_00008    147    182 +  cm    no 0.64  -
 (32) !   3.6e-12   50.6   0.0  ind_0035_00047    147    182 +  cm    no 0.58  -
 (33) !   5.1e-12   50.0   0.0  ind_0035_00025    147    182 +  cm    no 0.58  -
 (34) !   5.2e-12   50.0   0.0  ind_0035_00007    147    180 +  cm    no 0.62  -
 (35) !   5.3e-12   49.9   0.0  ind_0035_00012    147    182 +  cm    no 0.58  -
 (36) !   6.4e-12   49.6   0.0  ind_0035_00022    147    182 +  cm    no 0.61  -
 (37) !   6.7e-12   49.5   0.0  ind_0035_00029    147    182 +  cm    no 0.58  -
 (38) !   1.4e-11   48.4   0.0  ind_0035_00049    147    182 +  cm    no 0.56  -
 (39) !   1.7e-11   48.0   0.0  ind_0035_00020    147    182 +  cm    no 0.58  -
 (40) !   1.7e-11   48.0   0.0  ind_0035_00043    149    182 +  cm    no 0.59  -
 (41) !   2.6e-11   47.3   0.0  ind_0035_00011    147    182 +  cm    no 0.53  -
 (42) !   7.9e-11   45.5   0.0  ind_0035_00028    147    182 +  cm    no 0.56  -
 (43) !     8e-11   45.5   0.0  ind_0035_00040    147    182 +  cm    no 0.58  -
 (44) !   9.8e-11   45.1   0.0  ind_0035_00035    147    182 +  cm    no 0.56  -
 (45) !   3.5e-10   43.1   0.0  ind_0035_00006    149    182 +  cm    no 0.56  -
 (46) !   5.8e-10   42.2   0.0  ind_0035_00015    147    182 +  cm    no 0.61  -
 (47) !   1.3e-09   40.9   0.0  ind_0035_00031    147    182 +  cm    no 0.58  -
 (48) !   1.4e-09   40.9   0.0  ind_0035_00039    147    182 +  cm    no 0.56  -
 (49) !   3.1e-09   39.5   0.0  ind_0035_00037    147    182 +  cm    no 0.61  -
 (50) !   2.4e-08   36.1   0.0  ind_0035_00032    147    182 +  cm    no 0.64  -


Hit alignments:
>> ind_0035_00000  
 rank     E-value  score  bias mdl mdl from   mdl to       seq from      seq to       acc trunc   gc
 ----   --------- ------ ----- --- -------- --------    ----------- -----------      ---- ----- ----
  (1) !     5e-15   61.3   0.0  cm        1       36 []         147         182 + .. 1.00    no 0.61

                                                          NC
                     :::::<<<--<<<<<<_________>>>>>>-->>> CS
  patent_aligned   1 GGUCAGACCCUGGUCCGGGGCAAUGGGACCACUGUU 36 
                     GGUCAGACCCUGGUCCGGG CAAUGGGACCACUGUU
  ind_0035_00000 147 GGUCAGACCCUGGUCCGGGACAAUGGGACCACUGUU 182
                     ************************************ PP

>> ind_0035_00002  
 rank     E-value  score  bias mdl mdl from   mdl to       seq from      seq to       acc trunc   gc
 ----   --------- ------ ----- --- -------- --------    ----------- -----------      ---- ----- ----
  (2) !     5e-15   61.3   0.0  cm        1       36 []         147         182 + .. 1.00    no 0.61

                                                          NC
                     :::::<<<--<<<<<<_________>>>>>>-->>> CS
  patent_aligned   1 GGUCAGACCCUGGUCCGGGGCAAUGGGACCACUGUU 36 
                     GGUCAGACCCUGGUCCGGG CAAUGGGACCACUGUU
  ind_0035_00002 147 GGUCAGACCCUGGUCCGGGACAAUGGGACCACUGUU 182
                     ************************************ PP

>> ind_0035_00023  
 rank     E-value  score  bias mdl mdl from   mdl to       seq from      seq to       acc trunc   gc
 ----   --------- ------ ----- --- -------- --------    ----------- -----------      ---- ----- ----
  (3) !     5e-15   61.3   0.0  cm        1       36 []         147         182 + .. 1.00    no 0.61

                                                          NC
                     :::::<<<--<<<<<<_________>>>>>>-->>> CS
  patent_aligned   1 GGUCAGACCCUGGUCCGGGGCAAUGGGACCACUGUU 36 
                     GGUCAGACCCUGGUCCGGG CAAUGGGACCACUGUU
  ind_0035_00023 147 GGUCAGACCCUGGUCCGGGACAAUGGGACCACUGUU 182
                     ************************************ PP

>> ind_0035_00027  
 rank     E-value  score  bias mdl mdl from   mdl to       seq from      seq to       acc trunc   gc
 ----   --------- ------ ----- --- -------- --------    ----------- -----------      ---- ----- ----
  (4) !     5e-15   61.3   0.0  cm        1       36 []         147         182 + .. 1.00    no 0.61

                                                          NC
                     :::::<<<--<<<<<<_________>>>>>>-->>> CS
  patent_aligned   1 GGUCAGACCCUGGUCCGGGGCAAUGGGACCACUGUU 36 
                     GGUCAGACCCUGGUCCGGG CAAUGGGACCACUGUU
  ind_0035_00027 147 GGUCAGACCCUGGUCCGGGACAAUGGGACCACUGUU 182
                     ************************************ PP

>> ind_0035_00034  
 rank     E-value  score  bias mdl mdl from   mdl to       seq from      seq to       acc trunc   gc
 ----   --------- ------ ----- --- -------- --------    ----------- -----------      ---- ----- ----
  (5) !     5e-15   61.3   0.0  cm        1       36 []         147         182 + .. 1.00    no 0.61

                                                          NC
                     :::::<<<--<<<<<<_________>>>>>>-->>> CS
  patent_aligned   1 GGUCAGACCCUGGUCCGGGGCAAUGGGACCACUGUU 36 
                     GGUCAGACCCUGGUCCGGG CAAUGGGACCACUGUU
  ind_0035_00034 147 GGUCAGACCCUGGUCCGGGACAAUGGGACCACUGUU 182
                     ************************************ PP

>> ind_0035_00041  
 rank     E-value  score  bias mdl mdl from   mdl to       seq from      seq to       acc trunc   gc
 ----   --------- ------ ----- --- -------- --------    ----------- -----------      ---- ----- ----
  (6) !     5e-15   61.3   0.0  cm        1       36 []         147         182 + .. 1.00    no 0.61

                                                          NC
                     :::::<<<--<<<<<<_________>>>>>>-->>> CS
  patent_aligned   1 GGUCAGACCCUGGUCCGGGGCAAUGGGACCACUGUU 36 
                     GGUCAGACCCUGGUCCGGG CAAUGGGACCACUGUU
  ind_0035_00041 147 GGUCAGACCCUGGUCCGGGACAAUGGGACCACUGUU 182
                     ************************************ PP

>> ind_0035_00046  
 rank     E-value  score  bias mdl mdl from   mdl to       seq from      seq to       acc trunc   gc
 ----   --------- ------ ----- --- -------- --------    ----------- -----------      ---- ----- ----
  (7) !   1.1e-14   60.0   0.0  cm        1       36 []         147         182 + .. 0.99    no 0.64

                                                          NC
                     :::::<<<--<<<<<<_________>>>>>>-->>> CS
  patent_aligned   1 GGUCAGACCCUGGUCCGGGGCAAUGGGACCACUGUU 36 
                     GGUCAGACCCUGGUCCGGG CAAUGGGACCACUGUU
  ind_0035_00046 147 GGUCAGACCCUGGUCCGGGCCAAUGGGACCACUGUU 182
                     ******************999*************** PP

>> ind_0035_00001  
 rank     E-value  score  bias mdl mdl from   mdl to       seq from      seq to       acc trunc   gc
 ----   --------- ------ ----- --- -------- --------    ----------- -----------      ---- ----- ----
  (8) !     1e-13   56.4   0.0  cm        1       36 []         147         182 + .. 1.00    no 0.58

                                                          NC
                     :::::<<<--<<<<<<_________>>>>>>-->>> CS
  patent_aligned   1 GGUCAGACCCUGGUCCGGGGCAAUGGGACCACUGUU 36 
                     GGUCAGACCCUGGUCC GG CAAUGGGACCACUGUU
  ind_0035_00001 147 GGUCAGACCCUGGUCCAGGACAAUGGGACCACUGUU 182
                     ************************************ PP

>> ind_0035_00033  
 rank     E-value  score  bias mdl mdl from   mdl to       seq from      seq to       acc trunc   gc
 ----   --------- ------ ----- --- -------- --------    ----------- -----------      ---- ----- ----
  (9) !     1e-13   56.4   0.0  cm        1       36 []         147         182 + .. 1.00    no 0.58

                                                          NC
                     :::::<<<--<<<<<<_________>>>>>>-->>> CS
  patent_aligned   1 GGUCAGACCCUGGUCCGGGGCAAUGGGACCACUGUU 36 
                     GGUCAGACCCUGGUCC GG CAAUGGGACCACUGUU
  ind_0035_00033 147 GGUCAGACCCUGGUCCAGGACAAUGGGACCACUGUU 182
                     ************************************ PP

>> ind_0035_00048  
 rank     E-value  score  bias mdl mdl from   mdl to       seq from      seq to       acc trunc   gc
 ----   --------- ------ ----- --- -------- --------    ----------- -----------      ---- ----- ----
 (10) !     1e-13   56.4   0.0  cm        1       36 []         147         182 + .. 1.00    no 0.58

                                                          NC
                     :::::<<<--<<<<<<_________>>>>>>-->>> CS
  patent_aligned   1 GGUCAGACCCUGGUCCGGGGCAAUGGGACCACUGUU 36 
                     GGUCAGACCCUGGUCC GG CAAUGGGACCACUGUU
  ind_0035_00048 147 GGUCAGACCCUGGUCCAGGACAAUGGGACCACUGUU 182
                     ************************************ PP

>> ind_0035_00036  
 rank     E-value  score  bias mdl mdl from   mdl to       seq from      seq to       acc trunc   gc
 ----   --------- ------ ----- --- -------- --------    ----------- -----------      ---- ----- ----
 (11) !   1.3e-13   56.0   0.0  cm        1       36 []         147         182 + .. 1.00    no 0.58

                                                          NC
                     :::::<<<--<<<<<<_________>>>>>>-->>> CS
  patent_aligned   1 GGUCAGACCCUGGUCCGGGGCAAUGGGACCACUGUU 36 
                     GGUCAGACCCUGGUCCGGG  AAUGGGACCACUGUU
  ind_0035_00036 147 GGUCAGACCCUGGUCCGGGAAAAUGGGACCACUGUU 182
                     ************************************ PP

>> ind_0035_00026  
 rank     E-value  score  bias mdl mdl from   mdl to       seq from      seq to       acc trunc   gc
 ----   --------- ------ ----- --- -------- --------    ----------- -----------      ---- ----- ----
 (12) !   1.3e-13   56.0   0.0  cm        1       36 []         147         182 + .. 1.00    no 0.58

                                                          NC
                     :::::<<<--<<<<<<_________>>>>>>-->>> CS
  patent_aligned   1 GGUCAGACCCUGGUCCGGGGCAAUGGGACCACUGUU 36 
                      GUCAGACCCUGGUCCGGG CAAUGGGACCACUGUU
  ind_0035_00026 147 UGUCAGACCCUGGUCCGGGUCAAUGGGACCACUGUU 182
                     ************************************ PP

>> ind_0035_00038  
 rank     E-value  score  bias mdl mdl from   mdl to       seq from      seq to       acc trunc   gc
 ----   --------- ------ ----- --- -------- --------    ----------- -----------      ---- ----- ----
 (13) !   1.3e-13   56.0   0.0  cm        1       36 []         147         182 + .. 1.00    no 0.58

                                                          NC
                     :::::<<<--<<<<<<_________>>>>>>-->>> CS
  patent_aligned   1 GGUCAGACCCUGGUCCGGGGCAAUGGGACCACUGUU 36 
                     GGUCAGACC UGGUCCGGG CAAUGGGACCACUGUU
  ind_0035_00038 147 GGUCAGACCAUGGUCCGGGACAAUGGGACCACUGUU 182
                     ************************************ PP

>> ind_0035_00003  
 rank     E-value  score  bias mdl mdl from   mdl to       seq from      seq to       acc trunc   gc
 ----   --------- ------ ----- --- -------- --------    ----------- -----------      ---- ----- ----
 (14) !   1.6e-13   55.7   0.0  cm        1       36 []         147         182 + .. 1.00    no 0.61

                                                          NC
                     :::::<<<--<<<<<<_________>>>>>>-->>> CS
  patent_aligned   1 GGUCAGACCCUGGUCCGGGGCAAUGGGACCACUGUU 36 
                     G UCAGACCCUGGUCCGGG CAAUGGGACCACUGUU
  ind_0035_00003 147 GCUCAGACCCUGGUCCGGGACAAUGGGACCACUGUU 182
                     ************************************ PP

>> ind_0035_00004  
 rank     E-value  score  bias mdl mdl from   mdl to       seq from      seq to       acc trunc   gc
 ----   --------- ------ ----- --- -------- --------    ----------- -----------      ---- ----- ----
 (15) !   1.6e-13   55.7   0.0  cm        1       36 []         147         182 + .. 1.00    no 0.61

                                                          NC
                     :::::<<<--<<<<<<_________>>>>>>-->>> CS
  patent_aligned   1 GGUCAGACCCUGGUCCGGGGCAAUGGGACCACUGUU 36 
                     G UCAGACCCUGGUCCGGG CAAUGGGACCACUGUU
  ind_0035_00004 147 GCUCAGACCCUGGUCCGGGACAAUGGGACCACUGUU 182
                     ************************************ PP

>> ind_0035_00021  
 rank     E-value  score  bias mdl mdl from   mdl to       seq from      seq to       acc trunc   gc
 ----   --------- ------ ----- --- -------- --------    ----------- -----------      ---- ----- ----
 (16) !   1.6e-13   55.7   0.0  cm        1       36 []         147         182 + .. 1.00    no 0.61

                                                          NC
                     :::::<<<--<<<<<<_________>>>>>>-->>> CS
  patent_aligned   1 GGUCAGACCCUGGUCCGGGGCAAUGGGACCACUGUU 36 
                     G UCAGACCCUGGUCCGGG CAAUGGGACCACUGUU
  ind_0035_00021 147 GCUCAGACCCUGGUCCGGGACAAUGGGACCACUGUU 182
                     ************************************ PP

>> ind_0035_00042  
 rank     E-value  score  bias mdl mdl from   mdl to       seq from      seq to       acc trunc   gc
 ----   --------- ------ ----- --- -------- --------    ----------- -----------      ---- ----- ----
 (17) !   1.6e-13   55.7   0.0  cm        1       36 []         147         182 + .. 1.00    no 0.61

                                                          NC
                     :::::<<<--<<<<<<_________>>>>>>-->>> CS
  patent_aligned   1 GGUCAGACCCUGGUCCGGGGCAAUGGGACCACUGUU 36 
                     G UCAGACCCUGGUCCGGG CAAUGGGACCACUGUU
  ind_0035_00042 147 GCUCAGACCCUGGUCCGGGACAAUGGGACCACUGUU 182
                     ************************************ PP

>> ind_0035_00044  
 rank     E-value  score  bias mdl mdl from   mdl to       seq from      seq to       acc trunc   gc
 ----   --------- ------ ----- --- -------- --------    ----------- -----------      ---- ----- ----
 (18) !   1.6e-13   55.7   0.0  cm        1       36 []         147         182 + .. 1.00    no 0.61

                                                          NC
                     :::::<<<--<<<<<<_________>>>>>>-->>> CS
  patent_aligned   1 GGUCAGACCCUGGUCCGGGGCAAUGGGACCACUGUU 36 
                     G UCAGACCCUGGUCCGGG CAAUGGGACCACUGUU
  ind_0035_00044 147 GCUCAGACCCUGGUCCGGGACAAUGGGACCACUGUU 182
                     ************************************ PP

>> ind_0035_00010  
 rank     E-value  score  bias mdl mdl from   mdl to       seq from      seq to       acc trunc   gc
 ----   --------- ------ ----- --- -------- --------    ----------- -----------      ---- ----- ----
 (19) !   1.6e-13   55.7   0.0  cm        1       36 []         147         182 + .. 1.00    no 0.58

                                                          NC
                     :::::<<<--<<<<<<_________>>>>>>-->>> CS
  patent_aligned   1 GGUCAGACCCUGGUCCGGGGCAAUGGGACCACUGUU 36 
                     GGUCAGACCCUGGUCCG G CAAUGGGACCACUGUU
  ind_0035_00010 147 GGUCAGACCCUGGUCCGUGACAAUGGGACCACUGUU 182
                     ************************************ PP

>> ind_0035_00009  
 rank     E-value  score  bias mdl mdl from   mdl to       seq from      seq to       acc trunc   gc
 ----   --------- ------ ----- --- -------- --------    ----------- -----------      ---- ----- ----
 (20) !   1.8e-13   55.4   0.0  cm        1       36 []         147         182 + .. 1.00    no 0.64

                                                          NC
                     :::::<<<--<<<<<<_________>>>>>>-->>> CS
  patent_aligned   1 GGUCAGACCCUGGUCCGGGGCAAUGGGACCACUGUU 36 
                     GGUCAGACCCUGG CCGGG CAAUGGG CCACUGUU
  ind_0035_00009 147 GGUCAGACCCUGGUCCGGGACAAUGGGGCCACUGUU 182
                     ************************************ PP

>> ind_0035_00013  
 rank     E-value  score  bias mdl mdl from   mdl to       seq from      seq to       acc trunc   gc
 ----   --------- ------ ----- --- -------- --------    ----------- -----------      ---- ----- ----
 (21) !   2.1e-13   55.2   0.0  cm        1       36 []         147         182 + .. 1.00    no 0.61

                                                          NC
                     :::::<<<--<<<<<<_________>>>>>>-->>> CS
  patent_aligned   1 GGUCAGACCCUGGUCCGGGGCAAUGGGACCACUGUU 36 
                     GGUCAGAC CUGGUCCGGG CAAUGGGACCACUGUU
  ind_0035_00013 147 GGUCAGACGCUGGUCCGGGACAAUGGGACCACUGUU 182
                     ************************************ PP

>> ind_0035_00016  
 rank     E-value  score  bias mdl mdl from   mdl to       seq from      seq to       acc trunc   gc
 ----   --------- ------ ----- --- -------- --------    ----------- -----------      ---- ----- ----
 (22) !   2.1e-13   55.2   0.0  cm        1       36 []         147         182 + .. 1.00    no 0.61

                                                          NC
                     :::::<<<--<<<<<<_________>>>>>>-->>> CS
  patent_aligned   1 GGUCAGACCCUGGUCCGGGGCAAUGGGACCACUGUU 36 
                     GGUCAGAC CUGGUCCGGG CAAUGGGACCACUGUU
  ind_0035_00016 147 GGUCAGACGCUGGUCCGGGACAAUGGGACCACUGUU 182
                     ************************************ PP

>> ind_0035_00017  
 rank     E-value  score  bias mdl mdl from   mdl to       seq from      seq to       acc trunc   gc
 ----   --------- ------ ----- --- -------- --------    ----------- -----------      ---- ----- ----
 (23) !   2.1e-13   55.2   0.0  cm        1       36 []         147         182 + .. 1.00    no 0.61

                                                          NC
                     :::::<<<--<<<<<<_________>>>>>>-->>> CS
  patent_aligned   1 GGUCAGACCCUGGUCCGGGGCAAUGGGACCACUGUU 36 
                     GGUCAGAC CUGGUCCGGG CAAUGGGACCACUGUU
  ind_0035_00017 147 GGUCAGACGCUGGUCCGGGACAAUGGGACCACUGUU 182
                     ************************************ PP

>> ind_0035_00045  
 rank     E-value  score  bias mdl mdl from   mdl to       seq from      seq to       acc trunc   gc
 ----   --------- ------ ----- --- -------- --------    ----------- -----------      ---- ----- ----
 (24) !   2.1e-13   55.2   0.0  cm        1       36 []         147         182 + .. 1.00    no 0.61

                                                          NC
                     :::::<<<--<<<<<<_________>>>>>>-->>> CS
  patent_aligned   1 GGUCAGACCCUGGUCCGGGGCAAUGGGACCACUGUU 36 
                     GGUCAGAC CUGGUCCGGG CAAUGGGACCACUGUU
  ind_0035_00045 147 GGUCAGACGCUGGUCCGGGACAAUGGGACCACUGUU 182
                     ************************************ PP

>> ind_0035_00030  
 rank     E-value  score  bias mdl mdl from   mdl to       seq from      seq to       acc trunc   gc
 ----   --------- ------ ----- --- -------- --------    ----------- -----------      ---- ----- ----
 (25) !   2.5e-13   54.9   0.0  cm        1       36 []         147         182 + .. 1.00    no 0.61

                                                          NC
                     :::::<<<--<<<<<<_________>>>>>>-->>> CS
  patent_aligned   1 GGUCAGACCCUGGUCCGGGGCAAUGGGACCACUGUU 36 
                     G UCAGACCCUGGUCCGGG CAAUGGGACCACUGUU
  ind_0035_00030 147 GCUCAGACCCUGGUCCGGGUCAAUGGGACCACUGUU 182
                     ************************************ PP

>> ind_0035_00018  
 rank     E-value  score  bias mdl mdl from   mdl to       seq from      seq to       acc trunc   gc
 ----   --------- ------ ----- --- -------- --------    ----------- -----------      ---- ----- ----
 (26) !   3.4e-13   54.4   0.0  cm        1       36 []         147         180 + .. 1.00    no 0.65

                          vv                           vv NC
                     :::::<<<--<<<<<<_________>>>>>>-->>> CS
  patent_aligned   1 GGUCAGACCCUGGUCCGGGGCAAUGGGACCACUGUU 36 
                     GGUCAGACCCUGGUCCGGG CAAUGGGACCACUG  
  ind_0035_00018 147 GGUCAGACCCUGGUCCGGGACAAUGGGACCACUG-- 180
                     **********************************.. PP

>> ind_0035_00019  
 rank     E-value  score  bias mdl mdl from   mdl to       seq from      seq to       acc trunc   gc
 ----   --------- ------ ----- --- -------- --------    ----------- -----------      ---- ----- ----
 (27) !   3.5e-13   54.4   0.0  cm        1       36 []         147         182 + .. 0.99    no 0.64

                                                          NC
                     :::::<<<--<<<<<<_________>>>>>>-->>> CS
  patent_aligned   1 GGUCAGACCCUGGUCCGGGGCAAUGGGACCACUGUU 36 
                     G UCAGACCCUGGUCCGGG CAAUGGGACCACUGUU
  ind_0035_00019 147 GCUCAGACCCUGGUCCGGGCCAAUGGGACCACUGUU 182
                     ******************999*************** PP

>> ind_0035_00024  
 rank     E-value  score  bias mdl mdl from   mdl to       seq from      seq to       acc trunc   gc
 ----   --------- ------ ----- --- -------- --------    ----------- -----------      ---- ----- ----
 (28) !   1.6e-12   51.9   0.0  cm        1       36 []         147         182 + .. 1.00    no 0.56

                                                          NC
                     :::::<<<--<<<<<<_________>>>>>>-->>> CS
  patent_aligned   1 GGUCAGACCCUGGUCCGGGGCAAUGGGACCACUGUU 36 
                     GGUCAGACC UGGUCCGG  CAAUGGGACCACUGUU
  ind_0035_00024 147 GGUCAGACCUUGGUCCGGAACAAUGGGACCACUGUU 182
                     ************************************ PP

>> ind_0035_00005  
 rank     E-value  score  bias mdl mdl from   mdl to       seq from      seq to       acc trunc   gc
 ----   --------- ------ ----- --- -------- --------    ----------- -----------      ---- ----- ----
 (29) !   2.1e-12   51.4   0.0  cm        1       36 []         147         182 + .. 1.00    no 0.56

                                                          NC
                     :::::<<<--<<<<<<_________>>>>>>-->>> CS
  patent_aligned   1 GGUCAGACCCUGGUCCGGGGCAAUGGGACCACUGUU 36 
                      GUCAGACCCUGGUCCGGG  AAUGGGACCACUGUU
  ind_0035_00005 147 UGUCAGACCCUGGUCCGGGAAAAUGGGACCACUGUU 182
                     ************************************ PP

>> ind_0035_00014  
 rank     E-value  score  bias mdl mdl from   mdl to       seq from      seq to       acc trunc   gc
 ----   --------- ------ ----- --- -------- --------    ----------- -----------      ---- ----- ----
 (30) !   2.3e-12   51.3   0.0  cm        1       36 []         147         182 + .. 1.00    no 0.56

                                                          NC
                     :::::<<<--<<<<<<_________>>>>>>-->>> CS
  patent_aligned   1 GGUCAGACCCUGGUCCGGGGCAAUGGGACCACUGUU 36 
                      GUCAGACCCU GUCCGGG CAAUGGGAC ACUGUU
  ind_0035_00014 147 UGUCAGACCCUGGUCCGGGACAAUGGGACUACUGUU 182
                     ************************************ PP

>> ind_0035_00008  
 rank     E-value  score  bias mdl mdl from   mdl to       seq from      seq to       acc trunc   gc
 ----   --------- ------ ----- --- -------- --------    ----------- -----------      ---- ----- ----
 (31) !   2.5e-12   51.1   0.0  cm        1       36 []         147         182 + .. 1.00    no 0.64

                                                          NC
                     :::::<<<--<<<<<<_________>>>>>>-->>> CS
  patent_aligned   1 GGUCAGACCCUGGUCCGGGGCAAUGGGACCACUGUU 36 
                     G UCAGACCCUGGUCCGGG CAAUGGGACCAC GUU
  ind_0035_00008 147 GCUCAGACCCUGGUCCGGGACAAUGGGACCACCGUU 182
                     ************************************ PP

>> ind_0035_00047  
 rank     E-value  score  bias mdl mdl from   mdl to       seq from      seq to       acc trunc   gc
 ----   --------- ------ ----- --- -------- --------    ----------- -----------      ---- ----- ----
 (32) !   3.6e-12   50.6   0.0  cm        1       36 []         147         182 + .. 1.00    no 0.58

                                                          NC
                     :::::<<<--<<<<<<_________>>>>>>-->>> CS
  patent_aligned   1 GGUCAGACCCUGGUCCGGGGCAAUGGGACCACUGUU 36 
                      GUC GACCCUGGUCCGGG CAAUGGGACCACUGUU
  ind_0035_00047 147 UGUCUGACCCUGGUCCGGGUCAAUGGGACCACUGUU 182
                     ************************************ PP

>> ind_0035_00025  
 rank     E-value  score  bias mdl mdl from   mdl to       seq from      seq to       acc trunc   gc
 ----   --------- ------ ----- --- -------- --------    ----------- -----------      ---- ----- ----
 (33) !   5.1e-12   50.0   0.0  cm        1       36 []         147         182 + .. 1.00    no 0.58

                                                          NC
                     :::::<<<--<<<<<<_________>>>>>>-->>> CS
  patent_aligned   1 GGUCAGACCCUGGUCCGGGGCAAUGGGACCACUGUU 36 
                     G UCAGACCCUGGUCCGG  CAAUGGGACCACUGUU
  ind_0035_00025 147 GCUCAGACCCUGGUCCGGAUCAAUGGGACCACUGUU 182
                     ************************************ PP

>> ind_0035_00007  
 rank     E-value  score  bias mdl mdl from   mdl to       seq from      seq to       acc trunc   gc
 ----   --------- ------ ----- --- -------- --------    ----------- -----------      ---- ----- ----
 (34) !   5.2e-12   50.0   0.0  cm        1       36 []         147         180 + .. 1.00    no 0.62

                          vv                           vv NC
                     :::::<<<--<<<<<<_________>>>>>>-->>> CS
  patent_aligned   1 GGUCAGACCCUGGUCCGGGGCAAUGGGACCACUGUU 36 
                     GGUCAGACC UGGUCCGGG CAAUGGGACCACUG  
  ind_0035_00007 147 GGUCAGACCUUGGUCCGGGACAAUGGGACCACUG-- 180
                     **********************************.. PP

>> ind_0035_00012  
 rank     E-value  score  bias mdl mdl from   mdl to       seq from      seq to       acc trunc   gc
 ----   --------- ------ ----- --- -------- --------    ----------- -----------      ---- ----- ----
 (35) !   5.3e-12   49.9   0.0  cm        1       36 []         147         182 + .. 0.99    no 0.58

                                                          NC
                     :::::<<<--<<<<<<_________>>>>>>-->>> CS
  patent_aligned   1 GGUCAGACCCUGGUCCGGGGCAAUGGGACCACUGUU 36 
                     GGUCAGACC UGGUCCGG  CAAUGGGACCACUGUU
  ind_0035_00012 147 GGUCAGACCUUGGUCCGGCUCAAUGGGACCACUGUU 182
                     *****************9999*************** PP

>> ind_0035_00022  
 rank     E-value  score  bias mdl mdl from   mdl to       seq from      seq to       acc trunc   gc
 ----   --------- ------ ----- --- -------- --------    ----------- -----------      ---- ----- ----
 (36) !   6.4e-12   49.6   0.0  cm        1       36 []         147         182 + .. 0.99    no 0.61

                                                          NC
                     :::::<<<--<<<<<<_________>>>>>>-->>> CS
  patent_aligned   1 GGUCAGACCCUGGUCCGGGGCAAUGGGACCACUGUU 36 
                     G UCAGACCCUGGUCCGGG  AAUGGGACCACUGUU
  ind_0035_00022 147 GCUCAGACCCUGGUCCGGGAGAAUGGGACCACUGUU 182
                     *******************99*************** PP

>> ind_0035_00029  
 rank     E-value  score  bias mdl mdl from   mdl to       seq from      seq to       acc trunc   gc
 ----   --------- ------ ----- --- -------- --------    ----------- -----------      ---- ----- ----
 (37) !   6.7e-12   49.5   0.0  cm        1       36 []         147         182 + .. 1.00    no 0.58

                                                          NC
                     :::::<<<--<<<<<<_________>>>>>>-->>> CS
  patent_aligned   1 GGUCAGACCCUGGUCCGGGGCAAUGGGACCACUGUU 36 
                     GGUCAGAC CUGGUCCG G CAAUGGGACCACUGUU
  ind_0035_00029 147 GGUCAGACGCUGGUCCGUGACAAUGGGACCACUGUU 182
                     ************************************ PP

>> ind_0035_00049  
 rank     E-value  score  bias mdl mdl from   mdl to       seq from      seq to       acc trunc   gc
 ----   --------- ------ ----- --- -------- --------    ----------- -----------      ---- ----- ----
 (38) !   1.4e-11   48.4   0.0  cm        1       36 []         147         182 + .. 1.00    no 0.56

                            v                         v   NC
                     :::::<<<--<<<<<<_________>>>>>>-->>> CS
  patent_aligned   1 GGUCAGACCCUGGUCCGGGGCAAUGGGACCACUGUU 36 
                      GUCAGA CCUGGUCCGGG CAAUGGGACCACU UU
  ind_0035_00049 147 UGUCAGACCCUGGUCCGGGUCAAUGGGACCACUAUU 182
                     ************************************ PP

>> ind_0035_00020  
 rank     E-value  score  bias mdl mdl from   mdl to       seq from      seq to       acc trunc   gc
 ----   --------- ------ ----- --- -------- --------    ----------- -----------      ---- ----- ----
 (39) !   1.7e-11   48.0   0.0  cm        1       36 []         147         182 + .. 1.00    no 0.58

                            v                         v   NC
                     :::::<<<--<<<<<<_________>>>>>>-->>> CS
  patent_aligned   1 GGUCAGACCCUGGUCCGGGGCAAUGGGACCACUGUU 36 
                     G UCAGA CCUGGUCCGGG CAAUGGGACCACU UU
  ind_0035_00020 147 GCUCAGACCCUGGUCCGGGACAAUGGGACCACUAUU 182
                     ************************************ PP

>> ind_0035_00043  
 rank     E-value  score  bias mdl mdl from   mdl to       seq from      seq to       acc trunc   gc
 ----   --------- ------ ----- --- -------- --------    ----------- -----------      ---- ----- ----
 (40) !   1.7e-11   48.0   0.0  cm        3       36 .]         149         182 + .. 1.00    no 0.59

                                                        NC
                     :::<<<--<<<<<<_________>>>>>>-->>> CS
  patent_aligned   3 UCAGACCCUGGUCCGGGGCAAUGGGACCACUGUU 36 
                     UCAGACCCUGGUCCGGG CAAUGGGACCACUGUU
  ind_0035_00043 149 UCAGACCCUGGUCCGGGUCAAUGGGACCACUGUU 182
                     9********************************* PP

>> ind_0035_00011  
 rank     E-value  score  bias mdl mdl from   mdl to       seq from      seq to       acc trunc   gc
 ----   --------- ------ ----- --- -------- --------    ----------- -----------      ---- ----- ----
 (41) !   2.6e-11   47.3   0.0  cm        1       36 []         147         182 + .. 1.00    no 0.53

                                                          NC
                     :::::<<<--<<<<<<_________>>>>>>-->>> CS
  patent_aligned   1 GGUCAGACCCUGGUCCGGGGCAAUGGGACCACUGUU 36 
                      GUCAGACCCUGGUCC GG  AAUGGGACCACUGUU
  ind_0035_00011 147 UGUCAGACCCUGGUCCAGGAUAAUGGGACCACUGUU 182
                     ************************************ PP

>> ind_0035_00028  
 rank     E-value  score  bias mdl mdl from   mdl to       seq from      seq to       acc trunc   gc
 ----   --------- ------ ----- --- -------- --------    ----------- -----------      ---- ----- ----
 (42) !   7.9e-11   45.5   0.0  cm        1       36 []         147         182 + .. 1.00    no 0.56

                                                          NC
                     :::::<<<--<<<<<<_________>>>>>>-->>> CS
  patent_aligned   1 GGUCAGACCCUGGUCCGGGGCAAUGGGACCACUGUU 36 
                     G UCAGACC UGGUCCG G CAAUGGGACCACUGUU
  ind_0035_00028 147 GCUCAGACCUUGGUCCGUGACAAUGGGACCACUGUU 182
                     ************************************ PP

>> ind_0035_00040  
 rank     E-value  score  bias mdl mdl from   mdl to       seq from      seq to       acc trunc   gc
 ----   --------- ------ ----- --- -------- --------    ----------- -----------      ---- ----- ----
 (43) !     8e-11   45.5   0.0  cm        1       36 []         147         182 + .. 0.97    no 0.58

                                                          NC
                     :::::<<<--<<<<<<_________>>>>>>-->>> CS
  patent_aligned   1 GGUCAGACCCUGGUCCGGGGCAAUGGGACCACUGUU 36 
                     GGUCAGAC CUGGUCCGGG C AU GGACCACUGUU
  ind_0035_00040 147 GGUCAGACUCUGGUCCGGGACUAUCGGACCACUGUU 182
                     *******************998888*********** PP

>> ind_0035_00035  
 rank     E-value  score  bias mdl mdl from   mdl to       seq from      seq to       acc trunc   gc
 ----   --------- ------ ----- --- -------- --------    ----------- -----------      ---- ----- ----
 (44) !   9.8e-11   45.1   0.0  cm        1       36 []         147         182 + .. 1.00    no 0.56

                                                          NC
                     :::::<<<--<<<<<<_________>>>>>>-->>> CS
  patent_aligned   1 GGUCAGACCCUGGUCCGGGGCAAUGGGACCACUGUU 36 
                      GUCAGA CCUGGUCCGGG CA UGGGACCACU UU
  ind_0035_00035 147 UGUCAGAUCCUGGUCCGGGUCAUUGGGACCACUGUU 182
                     ************************************ PP

>> ind_0035_00006  
 rank     E-value  score  bias mdl mdl from   mdl to       seq from      seq to       acc trunc   gc
 ----   --------- ------ ----- --- -------- --------    ----------- -----------      ---- ----- ----
 (45) !   3.5e-10   43.1   0.0  cm        3       36 .]         149         182 + .. 1.00    no 0.56

                                                        NC
                     :::<<<--<<<<<<_________>>>>>>-->>> CS
  patent_aligned   3 UCAGACCCUGGUCCGGGGCAAUGGGACCACUGUU 36 
                     UCAGACCCUGGUCCG G CAAUGGGACCACUGUU
  ind_0035_00006 149 UCAGACCCUGGUCCGUGACAAUGGGACCACUGUU 182
                     9********************************* PP

>> ind_0035_00015  
 rank     E-value  score  bias mdl mdl from   mdl to       seq from      seq to       acc trunc   gc
 ----   --------- ------ ----- --- -------- --------    ----------- -----------      ---- ----- ----
 (46) !   5.8e-10   42.2   0.0  cm        1       36 []         147         182 + .. 1.00    no 0.61

                                v                 v       NC
                     :::::<<<--<<<<<<_________>>>>>>-->>> CS
  patent_aligned   1 GGUCAGACCCUGGUCCGGGGCAAUGGGACCACUGUU 36 
                      GUCAGACCCU GUCCGGG CA UGGGAC ACUGUU
  ind_0035_00015 147 UGUCAGACCCUGGUCCGGGACAGUGGGACGACUGUU 182
                     ************************************ PP

>> ind_0035_00031  
 rank     E-value  score  bias mdl mdl from   mdl to       seq from      seq to       acc trunc   gc
 ----   --------- ------ ----- --- -------- --------    ----------- -----------      ---- ----- ----
 (47) !   1.3e-09   40.9   0.0  cm        1       36 []         147         182 + .. 1.00    no 0.58

                            v                         v   NC
                     :::::<<<--<<<<<<_________>>>>>>-->>> CS
  patent_aligned   1 GGUCAGACCCUGGUCCGGGGCAAUGGGACCACUGUU 36 
                     G UC GA CCUGGUCCGGG CAAUGGGACCACU UU
  ind_0035_00031 147 GCUCUGACCCUGGUCCGGGUCAAUGGGACCACUUUU 182
                     ************************************ PP

>> ind_0035_00039  
 rank     E-value  score  bias mdl mdl from   mdl to       seq from      seq to       acc trunc   gc
 ----   --------- ------ ----- --- -------- --------    ----------- -----------      ---- ----- ----
 (48) !   1.4e-09   40.9   0.0  cm        1       36 []         147         182 + .. 1.00    no 0.56

                                    v         v           NC
                     :::::<<<--<<<<<<_________>>>>>>-->>> CS
  patent_aligned   1 GGUCAGACCCUGGUCCGGGGCAAUGGGACCACUGUU 36 
                     GGUCAGAC CUGGUC  GG CAAUG GACCACUGUU
  ind_0035_00039 147 GGUCAGACGCUGGUCAAGGACAAUGGGACCACUGUU 182
                     ************************************ PP

>> ind_0035_00037  
 rank     E-value  score  bias mdl mdl from   mdl to       seq from      seq to       acc trunc   gc
 ----   --------- ------ ----- --- -------- --------    ----------- -----------      ---- ----- ----
 (49) !   3.1e-09   39.5   0.0  cm        1       36 []         147         182 + .. 1.00    no 0.61

                                  v             v         NC
                     :::::<<<--<<<<<<_________>>>>>>-->>> CS
  patent_aligned   1 GGUCAGACCCUGGUCCGGGGCAAUGGGACCACUGUU 36 
                     G UCAGACC UGG CCGGG CAAUGGG CCACUGUU
  ind_0035_00037 147 GCUCAGACCGUGGACCGGGACAAUGGGACCACUGUU 182
                     ************************************ PP

>> ind_0035_00032  
 rank     E-value  score  bias mdl mdl from   mdl to       seq from      seq to       acc trunc   gc
 ----   --------- ------ ----- --- -------- --------    ----------- -----------      ---- ----- ----
 (50) !   2.4e-08   36.1   0.0  cm        1       36 []         147         182 + .. 1.00    no 0.64

                               vv                 vv      NC
                     :::::<<<--<<<<<<_________>>>>>>-->>> CS
  patent_aligned   1 GGUCAGACCCUGGUCCGGGGCAAUGGGACCACUGUU 36 
                     GGUCAGAC C  GUCCGGG CAAUGGGAC  CUGUU
  ind_0035_00032 147 GGUCAGACGCUCGUCCGGGACAAUGGGACCCCUGUU 182
                     ************************************ PP



Internal CM pipeline statistics summary:
----------------------------------------
Query model(s):                                                  1  (36 consensus positions)
Target sequences:                                               50  (19700 residues searched)
Target sequences re-searched for truncated hits:                50  (10200 residues re-searched)
Windows   passing  local HMM SSV           filter:             208  (0.4194); expected (0.35)
Windows   passing  local HMM Viterbi       filter:                  (off)
Windows   passing  local HMM Viterbi  bias filter:                  (off)
Windows   passing  local HMM Forward       filter:             106  (0.1947); expected (0.02)
Windows   passing  local HMM Forward  bias filter:             106  (0.1947); expected (0.02)
Windows   passing glocal HMM Forward       filter:              63  (0.1347); expected (0.02)
Windows   passing glocal HMM Forward  bias filter:              63  (0.1347); expected (0.02)
Envelopes passing glocal HMM envelope defn filter:              63  (0.08181); expected (0.02)
Envelopes passing  local CM  CYK           filter:              60  (0.07709); expected (0.0001)
Total CM hits reported:                                         50  (0.05993); includes 0 truncated hit(s)

# CPU time: 0.08u 0.00s 00:00:00.08 Elapsed: 00:00:00.09
# Alignment of 50 hits satisfying inclusion thresholds saved to: optimization_a7/100gen/_workspace/cmsearch_logs/gen_0035/patent_cmsearch.sto
//
[ok]
