# cmsearch :: search CM(s) against a sequence database
# INFERNAL 1.1.5 (Sep 2023)
# Copyright (C) 2023 Howard Hughes Medical Institute.
# Freely distributed under the BSD open source license.
# - - - - - - - - - - - - - - - - - - - - - - - - - - - - - - - - - - - -
# query CM file:                         A7_analysis/patent.cm
# target sequence database:              /tmp/tmp18ygdux9/queries.fa
# output directed to file:               optimization_a7/100gen/_workspace/cmsearch_logs/gen_0008/patent_cmsearch.out
# MSA of significant hits saved to file: optimization_a7/100gen/_workspace/cmsearch_logs/gen_0008/patent_cmsearch.sto
# tabular output of hits:                optimization_a7/100gen/_workspace/cmsearch_logs/gen_0008/patent_cmsearch.tblout
# max ASCII text line length:            unlimited
# sequence reporting threshold:          E-value <= 1000
# number of worker threads:              4
# - - - - - - - - - - - - - - - - - - - - - - - - - - - - - - - - - - - -

Query:       patent_aligned  [CLEN=36]
Hit scores:
 rank     E-value  score  bias  sequence        start    end   mdl trunc   gc  description
 ----   --------- ------ -----  -------------- ------ ------   --- ----- ----  -----------
  (1) !   7.8e-15   60.6   0.0  ind_0008_00048    147    182 +  cm    no 0.61  -
  (2) !   7.6e-14   56.9   0.0  ind_0008_00000    147    182 +  cm    no 0.61  -
  (3) !   7.6e-14   56.9   0.0  ind_0008_00028    147    182 +  cm    no 0.61  -
  (4) !   7.6e-14   56.9   0.0  ind_0008_00040    147    182 +  cm    no 0.61  -
  (5) !   3.3e-13   54.5   0.0  ind_0008_00030    147    182 +  cm    no 0.61  -
  (6) !   1.2e-12   52.4   0.0  ind_0008_00017    147    182 +  cm    no 0.69  -
  (7) !   1.4e-11   48.3   0.0  ind_0008_00004    147    182 +  cm    no 0.61  -
  (8) !   1.5e-11   48.2   0.0  ind_0008_00009    147    182 +  cm    no 0.64  -
  (9) !   2.7e-11   47.2   0.0  ind_0008_00023    147    182 +  cm    no 0.61  -
 (10) !     3e-11   47.1   0.0  ind_0008_00007    147    182 +  cm    no 0.61  -
 (11) !   7.1e-11   45.7   0.0  ind_0008_00047    147    182 +  cm    no 0.61  -
 (12) !   1.2e-10   44.8   0.0  ind_0008_00008    147    182 +  cm    no 0.75  -
 (13) !   1.5e-10   44.4   0.0  ind_0008_00041    147    182 +  cm    no 0.58  -
 (14) !   1.6e-10   44.4   0.0  ind_0008_00043    147    182 +  cm    no 0.67  -
 (15) !   2.2e-10   43.8   0.0  ind_0008_00027    147    181 +  cm    no 0.63  -
 (16) !   2.2e-10   43.8   0.0  ind_0008_00032    147    181 +  cm    no 0.63  -
 (17) !   4.5e-09   38.9   0.0  ind_0008_00033    146    182 +  cm    no 0.65  -
 (18) !   4.6e-09   38.9   0.0  ind_0008_00025    147    182 +  cm    no 0.56  -
 (19) !     1e-08   37.5   0.0  ind_0008_00039    147    181 +  cm    no 0.63  -
 (20) !   5.1e-08   34.9   0.0  ind_0008_00002    152    182 +  cm    no 0.61  -
 (21) !   1.3e-07   33.3   0.0  ind_0008_00006    147    180 +  cm    no 0.71  -
 (22) !   2.6e-07   32.3   0.0  ind_0008_00014    147    182 +  cm    no 0.67  -
 (23) !   2.6e-07   32.2   0.0  ind_0008_00003    146    180 +  cm    no 0.74  -
 (24) !   2.6e-07   32.2   0.0  ind_0008_00018    146    180 +  cm    no 0.74  -
 (25) !   2.6e-07   32.2   0.0  ind_0008_00034    146    180 +  cm    no 0.74  -
 (26) !     3e-07   32.0   0.0  ind_0008_00046    147    182 +  cm    no 0.64  -
 (27) !   4.4e-07   31.4   0.0  ind_0008_00001    147    182 +  cm    no 0.61  -
 (28) !   4.9e-07   31.2   0.0  ind_0008_00038    147    180 +  cm    no 0.74  -
 (29) !   5.7e-07   31.0   0.0  ind_0008_00036    147    182 +  cm    no 0.58  -
 (30) !   1.1e-05   26.1   0.0  ind_0008_00005    146    182 +  cm    no 0.70  -
 (31) !   1.4e-05   25.7   0.0  ind_0008_00037    152    182 +  cm    no 0.58  -
 (32) !   2.7e-05   24.7   0.0  ind_0008_00022    149    182 +  cm    no 0.65  -
 (33) !   3.6e-05   24.2   0.0  ind_0008_00035    147    182 +  cm    no 0.75  -
 (34) !   9.7e-05   22.6   0.0  ind_0008_00011    147    172 +  cm    no 0.81  -
 (35) !   0.00012   22.3   0.0  ind_0008_00012    147    180 +  cm    no 0.68  -
 (36) !   0.00012   22.2   0.0  ind_0008_00026    147    182 +  cm    no 0.64  -
 (37) !   0.00013   22.1   0.0  ind_0008_00021    147    182 +  cm    no 0.75  -
 (38) !   0.00014   22.0   0.0  ind_0008_00029    147    180 +  cm    no 0.74  -
 (39) !   0.00018   21.6   0.0  ind_0008_00016    147    172 +  cm    no 0.81  -
 (40) !   0.00022   21.2   0.0  ind_0008_00015    150    182 +  cm    no 0.73  -
 (41) !   0.00025   21.0   0.0  ind_0008_00013    146    182 +  cm    no 0.57  -
 (42) !    0.0003   20.7   0.0  ind_0008_00045    147    182 +  cm    no 0.58  -
 (43) !   0.00045   20.0   0.0  ind_0008_00020    147    182 +  cm    no 0.69  -
 (44) !    0.0024   17.3   0.0  ind_0008_00010    147    182 +  cm    no 0.75  -
 (45) !    0.0025   17.3   0.0  ind_0008_00019    147    180 +  cm    no 0.65  -
 (46) !    0.0032   16.9   0.0  ind_0008_00024    147    179 +  cm    no 0.67  -
 (47) !    0.0074   15.5   0.0  ind_0008_00049    147    180 +  cm    no 0.62  -
 (48) !    0.0092   15.1   0.0  ind_0008_00031    147    180 +  cm    no 0.59  -
 ------ inclusion threshold ------
 (49) ?     0.012   14.6   0.0  ind_0008_00016    155    124 -  cm    no 0.56  -
 (50) ?     0.075   11.7   0.0  ind_0008_00042    146    179 +  cm    no 0.68  -
 (51) ?       0.5    8.6   0.0  ind_0008_00022    177    157 -  cm    no 0.71  -
 (52) ?   1.4e+02   -0.7   0.0  ind_0008_00035    186    197 +  cm    3' 0.67  -


Hit alignments:
>> ind_0008_00048  
 rank     E-value  score  bias mdl mdl from   mdl to       seq from      seq to       acc trunc   gc
 ----   --------- ------ ----- --- -------- --------    ----------- -----------      ---- ----- ----
  (1) !   7.8e-15   60.6   0.0  cm        1       36 []         147         182 + .. 1.00    no 0.61

                                                          NC
                     :::::<<<--<<<<<<_________>>>>>>-->>> CS
  patent_aligned   1 GGUCAGACCCUGGUCCGGGGCAAUGGGACCACUGUU 36 
                     GGUCAGACCCUGGUCCGG GCAAUGGGACCACUGUU
  ind_0008_00048 147 GGUCAGACCCUGGUCCGGUGCAAUGGGACCACUGUU 182
                     ************************************ PP

>> ind_0008_00000  
 rank     E-value  score  bias mdl mdl from   mdl to       seq from      seq to       acc trunc   gc
 ----   --------- ------ ----- --- -------- --------    ----------- -----------      ---- ----- ----
  (2) !   7.6e-14   56.9   0.0  cm        1       36 []         147         182 + .. 1.00    no 0.61

                                                          NC
                     :::::<<<--<<<<<<_________>>>>>>-->>> CS
  patent_aligned   1 GGUCAGACCCUGGUCCGGGGCAAUGGGACCACUGUU 36 
                     GG CAGACCCUGGUCCGGG CAAUGGGACCACUGUU
  ind_0008_00000 147 GGACAGACCCUGGUCCGGGACAAUGGGACCACUGUU 182
                     ************************************ PP

>> ind_0008_00028  
 rank     E-value  score  bias mdl mdl from   mdl to       seq from      seq to       acc trunc   gc
 ----   --------- ------ ----- --- -------- --------    ----------- -----------      ---- ----- ----
  (3) !   7.6e-14   56.9   0.0  cm        1       36 []         147         182 + .. 1.00    no 0.61

                                                          NC
                     :::::<<<--<<<<<<_________>>>>>>-->>> CS
  patent_aligned   1 GGUCAGACCCUGGUCCGGGGCAAUGGGACCACUGUU 36 
                     GG CAGACCCUGGUCCGGG CAAUGGGACCACUGUU
  ind_0008_00028 147 GGACAGACCCUGGUCCGGGACAAUGGGACCACUGUU 182
                     ************************************ PP

>> ind_0008_00040  
 rank     E-value  score  bias mdl mdl from   mdl to       seq from      seq to       acc trunc   gc
 ----   --------- ------ ----- --- -------- --------    ----------- -----------      ---- ----- ----
  (4) !   7.6e-14   56.9   0.0  cm        1       36 []         147         182 + .. 1.00    no 0.61

                                                          NC
                     :::::<<<--<<<<<<_________>>>>>>-->>> CS
  patent_aligned   1 GGUCAGACCCUGGUCCGGGGCAAUGGGACCACUGUU 36 
                     GG CAGACCCUGGUCCGGG CAAUGGGACCACUGUU
  ind_0008_00040 147 GGACAGACCCUGGUCCGGGACAAUGGGACCACUGUU 182
                     ************************************ PP

>> ind_0008_00030  
 rank     E-value  score  bias mdl mdl from   mdl to       seq from      seq to       acc trunc   gc
 ----   --------- ------ ----- --- -------- --------    ----------- -----------      ---- ----- ----
  (5) !   3.3e-13   54.5   0.0  cm        1       36 []         147         182 + .. 1.00    no 0.61

                                                          NC
                     :::::<<<--<<<<<<_________>>>>>>-->>> CS
  patent_aligned   1 GGUCAGACCCUGGUCCGGGGCAAUGGGACCACUGUU 36 
                     GGUCAGAC CUGGUCCG GGCAAUGGGACCACUGUU
  ind_0008_00030 147 GGUCAGACGCUGGUCCGUGGCAAUGGGACCACUGUU 182
                     ************************************ PP

>> ind_0008_00017  
 rank     E-value  score  bias mdl mdl from   mdl to       seq from      seq to       acc trunc   gc
 ----   --------- ------ ----- --- -------- --------    ----------- -----------      ---- ----- ----
  (6) !   1.2e-12   52.4   0.0  cm        1       36 []         147         182 + .. 1.00    no 0.69

                           v                           v  NC
                     :::::<<<--<<<<<<_________>>>>>>-->>> CS
  patent_aligned   1 GGUCAGACCCUGGUCCGGGGCAAUGGGACCACUGUU 36 
                     GGUCAG CCCUGGUCCGGGGC AUGGGACCACUG U
  ind_0008_00017 147 GGUCAGCCCCUGGUCCGGGGCCAUGGGACCACUGUU 182
                     *********************9************** PP

>> ind_0008_00004  
 rank     E-value  score  bias mdl mdl from   mdl to       seq from      seq to       acc trunc   gc
 ----   --------- ------ ----- --- -------- --------    ----------- -----------      ---- ----- ----
  (7) !   1.4e-11   48.3   0.0  cm        1       36 []         147         182 + .. 1.00    no 0.61

                                 v               v        NC
                     :::::<<<--<<<<<<_________>>>>>>-->>> CS
  patent_aligned   1 GGUCAGACCCUGGUCCGGGGCAAUGGGACCACUGUU 36 
                     GGUCAGACCCUG UCCGGGG AA GGGA CACUGUU
  ind_0008_00004 147 GGUCAGACCCUGGUCCGGGGUAACGGGAACACUGUU 182
                     ************************************ PP

>> ind_0008_00009  
 rank     E-value  score  bias mdl mdl from   mdl to       seq from      seq to       acc trunc   gc
 ----   --------- ------ ----- --- -------- --------    ----------- -----------      ---- ----- ----
  (8) !   1.5e-11   48.2   0.0  cm        1       36 []         147         182 + .. 1.00    no 0.64

                               v                   v      NC
                     :::::<<<--<<<<<<_________>>>>>>-->>> CS
  patent_aligned   1 GGUCAGACCCUGGUCCGGGGCAAUGGGACCACUGUU 36 
                     GG CAGACCC GGUCCG GGCAAUGGGACC CUGUU
  ind_0008_00009 147 GGCCAGACCCUGGUCCGUGGCAAUGGGACCUCUGUU 182
                     ************************************ PP

>> ind_0008_00023  
 rank     E-value  score  bias mdl mdl from   mdl to       seq from      seq to       acc trunc   gc
 ----   --------- ------ ----- --- -------- --------    ----------- -----------      ---- ----- ----
  (9) !   2.7e-11   47.2   0.0  cm        1       36 []         147         182 + .. 1.00    no 0.61

                                   v           v          NC
                     :::::<<<--<<<<<<_________>>>>>>-->>> CS
  patent_aligned   1 GGUCAGACCCUGGUCCGGGGCAAUGGGACCACUGUU 36 
                     GG CAGACCCUGGU CGGG CAAUGG ACCACUGUU
  ind_0008_00023 147 GGACAGACCCUGGUCCGGGACAAUGGCACCACUGUU 182
                     ************************************ PP

>> ind_0008_00007  
 rank     E-value  score  bias mdl mdl from   mdl to       seq from      seq to       acc trunc   gc
 ----   --------- ------ ----- --- -------- --------    ----------- -----------      ---- ----- ----
 (10) !     3e-11   47.1   0.0  cm        1       36 []         147         182 + .. 1.00    no 0.61

                                 v               v        NC
                     :::::<<<--<<<<<<_________>>>>>>-->>> CS
  patent_aligned   1 GGUCAGACCCUGGUCCGGGGCAAUGGGACCACUGUU 36 
                     GGUCAG  CCUG UCCGGGGCAAUGGGA CACU  U
  ind_0008_00007 147 GGUCAGGUCCUGUUCCGGGGCAAUGGGACCACUGUU 182
                     ************************************ PP

>> ind_0008_00047  
 rank     E-value  score  bias mdl mdl from   mdl to       seq from      seq to       acc trunc   gc
 ----   --------- ------ ----- --- -------- --------    ----------- -----------      ---- ----- ----
 (11) !   7.1e-11   45.7   0.0  cm        1       36 []         147         182 + .. 0.98    no 0.61

                                                          NC
                     :::::<<<--<<<<<<_________>>>>>>-->>> CS
  patent_aligned   1 GGUCAGACCCUGGUCCGGGGCAAUGGGACCACUGUU 36 
                     GGUCAGACCCUGGUCCGGGG AA  GGACCA UGUU
  ind_0008_00047 147 GGUCAGACCCUGGUCCGGGGAAACAGGACCAGUGUU 182
                     ********************99988*********** PP

>> ind_0008_00008  
 rank     E-value  score  bias mdl mdl from   mdl to       seq from      seq to       acc trunc   gc
 ----   --------- ------ ----- --- -------- --------    ----------- -----------      ---- ----- ----
 (12) !   1.2e-10   44.8   0.0  cm        1       36 []         147         182 + .. 0.99    no 0.75

                                  v             v         NC
                     :::::<<<--<<<<<<_________>>>>>>-->>> CS
  patent_aligned   1 GGUCAGACCCUGGUCCGGGGCAAUGGGACCACUGUU 36 
                     GGUCA:ACCCUGG CCGGGGC  UGGG CCACUGU:
  ind_0008_00008 147 GGUCAGACCCUGGCCCGGGGCCGUGGGACCACUGUC 182
                     *********************99************* PP

>> ind_0008_00041  
 rank     E-value  score  bias mdl mdl from   mdl to       seq from      seq to       acc trunc   gc
 ----   --------- ------ ----- --- -------- --------    ----------- -----------      ---- ----- ----
 (13) !   1.5e-10   44.4   0.0  cm        1       36 []         147         182 + .. 1.00    no 0.58

                               v                   v      NC
                     :::::<<<--<<<<<<_________>>>>>>-->>> CS
  patent_aligned   1 GGUCAGACCCUGGUCCGGGGCAAUGGGACCACUGUU 36 
                     G  CAGACCC GGUCCGGG CAAUGGGACC CUGUU
  ind_0008_00041 147 GAACAGACCCUGGUCCGGGACAAUGGGACCUCUGUU 182
                     ************************************ PP

>> ind_0008_00043  
 rank     E-value  score  bias mdl mdl from   mdl to       seq from      seq to       acc trunc   gc
 ----   --------- ------ ----- --- -------- --------    ----------- -----------      ---- ----- ----
 (14) !   1.6e-10   44.4   0.0  cm        1       36 []         147         182 + .. 1.00    no 0.67

                                                          NC
                     :::::<<<--<<<<<<_________>>>>>>-->>> CS
  patent_aligned   1 GGUCAGACCCUGGUCCGGGGCAAUGGGACCACUGUU 36 
                     GGUCAGAC CUGG CCGGGGCAA GGG CCA UGUU
  ind_0008_00043 147 GGUCAGACGCUGGUCCGGGGCAACGGGGCCAAUGUU 182
                     ************************************ PP

>> ind_0008_00027  
 rank     E-value  score  bias mdl mdl from   mdl to       seq from      seq to       acc trunc   gc
 ----   --------- ------ ----- --- -------- --------    ----------- -----------      ---- ----- ----
 (15) !   2.2e-10   43.8   0.0  cm        1       36 []         147         181 + .. 1.00    no 0.63

                          v      v               v      v NC
                     :::::<<<--<<<<<<_________>>>>>>-->>> CS
  patent_aligned   1 GGUCAGACCCUGGUCCGGGGCAAUGGGACCACUGUU 36 
                     GGUCAGACCCUG UCCGGGG AA GGGA CACUGU 
  ind_0008_00027 147 GGUCAGACCCUGGUCCGGGGUAACGGGAACACUGU- 181
                     ***********************************. PP

>> ind_0008_00032  
 rank     E-value  score  bias mdl mdl from   mdl to       seq from      seq to       acc trunc   gc
 ----   --------- ------ ----- --- -------- --------    ----------- -----------      ---- ----- ----
 (16) !   2.2e-10   43.8   0.0  cm        1       36 []         147         181 + .. 1.00    no 0.63

                          v      v               v      v NC
                     :::::<<<--<<<<<<_________>>>>>>-->>> CS
  patent_aligned   1 GGUCAGACCCUGGUCCGGGGCAAUGGGACCACUGUU 36 
                     GGUCAGACCCUG UCCGGGG AA GGGA CACUGU 
  ind_0008_00032 147 GGUCAGACCCUGGUCCGGGGUAACGGGAACACUGU- 181
                     ***********************************. PP

>> ind_0008_00033  
 rank     E-value  score  bias mdl mdl from   mdl to       seq from      seq to       acc trunc   gc
 ----   --------- ------ ----- --- -------- --------    ----------- -----------      ---- ----- ----
 (17) !   4.5e-09   38.9   0.0  cm        1       36 []         146         182 + .. 0.97    no 0.65

                                                           NC
                     :::.::<<<--<<<<<<_________>>>>>>-->>> CS
  patent_aligned   1 GGU.CAGACCCUGGUCCGGGGCAAUGGGACCACUGUU 36 
                     GGU CAGACCCUGGUCCG GGC A GGGACCA UGUU
  ind_0008_00033 146 GGUcCAGACCCUGGUCCGAGGCGACGGGACCAUUGUU 182
                     ***55*****************9************** PP

>> ind_0008_00025  
 rank     E-value  score  bias mdl mdl from   mdl to       seq from      seq to       acc trunc   gc
 ----   --------- ------ ----- --- -------- --------    ----------- -----------      ---- ----- ----
 (18) !   4.6e-09   38.9   0.0  cm        1       36 []         147         182 + .. 0.99    no 0.56

                                   vv         vv          NC
                     :::::<<<--<<<<<<_________>>>>>>-->>> CS
  patent_aligned   1 GGUCAGACCCUGGUCCGGGGCAAUGGGACCACUGUU 36 
                     GG CAGACCCUGGU  GGG CAAUG  ACCACUGUU
  ind_0008_00025 147 GGACAGACCCUGGUACGGGACAAUGUGACCACUGUU 182
                     *************************88********* PP

>> ind_0008_00039  
 rank     E-value  score  bias mdl mdl from   mdl to       seq from      seq to       acc trunc   gc
 ----   --------- ------ ----- --- -------- --------    ----------- -----------      ---- ----- ----
 (19) !     1e-08   37.5   0.0  cm        1       36 []         147         181 + .. 1.00    no 0.63

                          v      v               v      v NC
                     :::::<<<--<<<<<<_________>>>>>>-->>> CS
  patent_aligned   1 GGUCAGACCCUGGUCCGGGGCAAUGGGACCACUGUU 36 
                     GG CAGACCC G UCCGGG CAAUGGGA C CUGU 
  ind_0008_00039 147 GGACAGACCCUGGUCCGGGACAAUGGGAACGCUGU- 181
                     ***********************************. PP

>> ind_0008_00002  
 rank     E-value  score  bias mdl mdl from   mdl to       seq from      seq to       acc trunc   gc
 ----   --------- ------ ----- --- -------- --------    ----------- -----------      ---- ----- ----
 (20) !   5.1e-08   34.9   0.0  cm        6       36 .]         152         182 + .. 0.98    no 0.61

                                                     NC
                     <<<--<<<<<<_________>>>>>>-->>> CS
  patent_aligned   6 GACCCUGGUCCGGGGCAAUGGGACCACUGUU 36 
                     GACCCUGGUCCGGGG AA  GGACCACUGUU
  ind_0008_00002 152 GACCCUGGUCCGGGGUAACAGGACCACUGUU 182
                     ***************99988*********** PP

>> ind_0008_00006  
 rank     E-value  score  bias mdl mdl from   mdl to       seq from      seq to       acc trunc   gc
 ----   --------- ------ ----- --- -------- --------    ----------- -----------      ---- ----- ----
 (21) !   1.3e-07   33.3   0.0  cm        1       36 []         147         180 + .. 0.98    no 0.71

                          vv        v         v        vv NC
                     :::::<<<--<<<<<<_________>>>>>>-->>> CS
  patent_aligned   1 GGUCAGACCCUGGUCCGGGGCAAUGGGACCACUGUU 36 
                     GGUCAGAC CUGGUC GGGGCAA   GACCACUG  
  ind_0008_00006 147 GGUCAGACGCUGGUCCGGGGCAACCCGACCACUG-- 180
                     **********************9779********.. PP

>> ind_0008_00014  
 rank     E-value  score  bias mdl mdl from   mdl to       seq from      seq to       acc trunc   gc
 ----   --------- ------ ----- --- -------- --------    ----------- -----------      ---- ----- ----
 (22) !   2.6e-07   32.3   0.0  cm        1       36 []         147         182 + .. 0.97    no 0.67

                               v                   v      NC
                     :::::<<<--<<<<<<_________>>>>>>-->>> CS
  patent_aligned   1 GGUCAGACCCUGGUCCGGGGCAAUGGGACCACUGUU 36 
                     GG CAGACCC GGUCCG G CA  GGGACC CUGUU
  ind_0008_00014 147 GGACAGACCCGGGUCCGAGACACCGGGACCACUGUU 182
                     *****************99999889*********** PP

>> ind_0008_00003  
 rank     E-value  score  bias mdl mdl from   mdl to       seq from      seq to       acc trunc   gc
 ----   --------- ------ ----- --- -------- --------    ----------- -----------      ---- ----- ----
 (23) !   2.6e-07   32.2   0.0  cm        1       36 []         146         180 + .. 0.99    no 0.74

                           vv      v             v      vv NC
                     :::.::<<<--<<<<<<_________>>>>>>-->>> CS
  patent_aligned   1 GGU.CAGACCCUGGUCCGGGGCAAUGGGACCACUGUU 36 
                     GGU CAGACCCUGG CCGGGGC A GGG CCACUG  
  ind_0008_00003 146 GGUaCAGACCCUGGCCCGGGGCGACGGGACCACUG-- 180
                     **99******************9************.. PP

>> ind_0008_00018  
 rank     E-value  score  bias mdl mdl from   mdl to       seq from      seq to       acc trunc   gc
 ----   --------- ------ ----- --- -------- --------    ----------- -----------      ---- ----- ----
 (24) !   2.6e-07   32.2   0.0  cm        1       36 []         146         180 + .. 0.99    no 0.74

                           vv      v             v      vv NC
                     :::.::<<<--<<<<<<_________>>>>>>-->>> CS
  patent_aligned   1 GGU.CAGACCCUGGUCCGGGGCAAUGGGACCACUGUU 36 
                     GGU CAGACCCUGG CCGGGGC A GGG CCACUG  
  ind_0008_00018 146 GGUaCAGACCCUGGCCCGGGGCGACGGGACCACUG-- 180
                     **99******************9************.. PP

>> ind_0008_00034  
 rank     E-value  score  bias mdl mdl from   mdl to       seq from      seq to       acc trunc   gc
 ----   --------- ------ ----- --- -------- --------    ----------- -----------      ---- ----- ----
 (25) !   2.6e-07   32.2   0.0  cm        1       36 []         146         180 + .. 0.99    no 0.74

                           vv      v             v      vv NC
                     :::.::<<<--<<<<<<_________>>>>>>-->>> CS
  patent_aligned   1 GGU.CAGACCCUGGUCCGGGGCAAUGGGACCACUGUU 36 
                     GGU CAGACCCUGG CCGGGGC A GGG CCACUG  
  ind_0008_00034 146 GGUaCAGACCCUGGCCCGGGGCGACGGGACCACUG-- 180
                     **99******************9************.. PP

>> ind_0008_00046  
 rank     E-value  score  bias mdl mdl from   mdl to       seq from      seq to       acc trunc   gc
 ----   --------- ------ ----- --- -------- --------    ----------- -----------      ---- ----- ----
 (26) !     3e-07   32.0   0.0  cm        1       36 []         147         182 + .. 0.99    no 0.64

                           v     v               v     v  NC
                     :::::<<<--<<<<<<_________>>>>>>-->>> CS
  patent_aligned   1 GGUCAGACCCUGGUCCGGGGCAAUGGGACCACUGUU 36 
                     GGUCA  CCCUG UCCGGGG  A GGGA CACUG  
  ind_0008_00046 147 GGUCAUCCCCUGAUCCGGGGUGACGGGACCACUGUA 182
                     ********************99999*********** PP

>> ind_0008_00001  
 rank     E-value  score  bias mdl mdl from   mdl to       seq from      seq to       acc trunc   gc
 ----   --------- ------ ----- --- -------- --------    ----------- -----------      ---- ----- ----
 (27) !   4.4e-07   31.4   0.0  cm        1       36 []         147         182 + .. 0.88    no 0.61

                                    v       v           NC
                     :::::<<<--<<<<<<__~~~~~>>>>>>-->>> CS
  patent_aligned   1 GGUCAGACCCUGGUCCGG*[7]*GGACCACUGUU 36 
                     GGUCAGACCCUGGUC GG      GACCA UGUU
  ind_0008_00001 147 GGUCAGACCCUGGUCCGG*[7]*CGACCAGUGUU 182
                     ***************666..6..6********** PP

>> ind_0008_00038  
 rank     E-value  score  bias mdl mdl from   mdl to       seq from      seq to       acc trunc   gc
 ----   --------- ------ ----- --- -------- --------    ----------- -----------      ---- ----- ----
 (28) !   4.9e-07   31.2   0.0  cm        1       36 []         147         180 + .. 0.93    no 0.74

                          vv        v           v        vv NC
                     :::::<<<--<<<<<<______~~~~~>>>>>>-->>> CS
  patent_aligned   1 GGUCAGACCCUGGUCCGGGGCA*[3]*GGACCACUGUU 36 
                     GG CAGACCCUGGUC GGGGC       GACCACUG  
  ind_0008_00038 147 GGACAGACCCUGGUCCGGGGCG*[3]*CGACCACUG-- 180
                     ********************93..6..9********.. PP

>> ind_0008_00036  
 rank     E-value  score  bias mdl mdl from   mdl to       seq from      seq to       acc trunc   gc
 ----   --------- ------ ----- --- -------- --------    ----------- -----------      ---- ----- ----
 (29) !   5.7e-07   31.0   0.0  cm        1       36 []         147         182 + .. 0.98    no 0.58

                                    v         v           NC
                     :::::<<<--<<<<<<_________>>>>>>-->>> CS
  patent_aligned   1 GGUCAGACCCUGGUCCGGGGCAAUGGGACCACUGUU 36 
                     GGUCAGA CCUGGUC GG GCAA   GACCA U UU
  ind_0008_00036 147 GGUCAGAUCCUGGUCCGGAGCAACACGACCAGUGUU 182
                     **********************988*********** PP

>> ind_0008_00005  
 rank     E-value  score  bias mdl mdl from   mdl to       seq from      seq to       acc trunc   gc
 ----   --------- ------ ----- --- -------- --------    ----------- -----------      ---- ----- ----
 (30) !   1.1e-05   26.1   0.0  cm        1       36 []         146         182 + .. 0.96    no 0.70

                           v       v             v       v NC
                     :::.::<<<--<<<<<<_________>>>>>>-->>> CS
  patent_aligned   1 GGU.CAGACCCUGGUCCGGGGCAAUGGGACCACUGUU 36 
                     GGU CA ACCCUGG CCGGGGC A GGG CCA UGU 
  ind_0008_00005 146 GGUcCAUACCCUGGUCCGGGGCGACGGGCCCAGUGUU 182
                     ***5599***************9************** PP

>> ind_0008_00037  
 rank     E-value  score  bias mdl mdl from   mdl to       seq from      seq to       acc trunc   gc
 ----   --------- ------ ----- --- -------- --------    ----------- -----------      ---- ----- ----
 (31) !   1.4e-05   25.7   0.0  cm        6       36 .]         152         182 + .. 0.98    no 0.58

                            v               v        NC
                     <<<--<<<<<<_________>>>>>>-->>> CS
  patent_aligned   6 GACCCUGGUCCGGGGCAAUGGGACCACUGUU 36 
                     GACCCUG UCCGGGG AA  GGA CACUGUU
  ind_0008_00037 152 GACCCUGUUCCGGGGUAACAGGACCACUGUU 182
                     ***************99988*********** PP

>> ind_0008_00022  
 rank     E-value  score  bias mdl mdl from   mdl to       seq from      seq to       acc trunc   gc
 ----   --------- ------ ----- --- -------- --------    ----------- -----------      ---- ----- ----
 (32) !   2.7e-05   24.7   0.0  cm        3       36 .]         149         182 + .. 0.96    no 0.65

                          v                         v   NC
                     :::<<<--<<<<<<____~~~~~>>>>>>-->>> CS
  patent_aligned   3 UCAGACCCUGGUCCGGGG*[5]*GGACCACUGUU 36 
                     UCA:A CCUGGUCCGGGG     GGACCACU U:
  ind_0008_00022 149 UCAGAGCCUGGUCCGGGG*[5]*GGACCACUAUC 182
                     9****************8..8..*********** PP

>> ind_0008_00035  
 rank     E-value  score  bias mdl mdl from   mdl to       seq from      seq to       acc trunc   gc
 ----   --------- ------ ----- --- -------- --------    ----------- -----------      ---- ----- ----
 (33) !   3.6e-05   24.2   0.0  cm        1       36 []         147         182 + .. 1.00    no 0.75

                           v   v  v             v  v   v  NC
                     :::::<<<--<<<<<<_________>>>>>>-->>> CS
  patent_aligned   1 GGUCAGACCCUGGUCCGGGGCAAUGGGACCACUGUU 36 
                     GG CAG CCC GG CCGG GC AUGGG CC CUG U
  ind_0008_00035 147 GGACAGCCCCGGGCCCGGCGCGAUGGGACCACUGUU 182
                     ************************************ PP

>> ind_0008_00011  
 rank     E-value  score  bias mdl mdl from   mdl to       seq from      seq to       acc trunc   gc
 ----   --------- ------ ----- --- -------- --------    ----------- -----------      ---- ----- ----
 (34) !   9.7e-05   22.6   0.0  cm        1       36 []         147         172 + .. 0.99    no 0.81

                          vv                        vv NC
                     :::::<<<--<<<<<<_~~~~~>>>>>>-->>> CS
  patent_aligned   1 GGUCAGACCCUGGUCCG*[8]*GGACCACUGUU 36 
                     GG CAGACCCUGG CCG     GG CCAC G  
  ind_0008_00011 147 GGACAGACCCUGGCCCG*[0]*GGGCCACGG-- 172
                     ****************7.....*********.. PP

>> ind_0008_00012  
 rank     E-value  score  bias mdl mdl from   mdl to       seq from      seq to       acc trunc   gc
 ----   --------- ------ ----- --- -------- --------    ----------- -----------      ---- ----- ----
 (35) !   0.00012   22.3   0.0  cm        1       36 []         147         180 + .. 0.84    no 0.68

                          vv       vv         vv       vv NC
                     :::::<<<--<<<<<<_________>>>>>>-->>> CS
  patent_aligned   1 GGUCAGACCCUGGUCCGGGGCAAUGGGACCACUGUU 36 
                     GG CAGACCCUGGU  G GGCA  G  ACCACUG  
  ind_0008_00012 147 GGACAGACCCUGGUCCGAGGCACCGUCACCACUG-- 180
                     **************6666666655555*******.. PP

>> ind_0008_00026  
 rank     E-value  score  bias mdl mdl from   mdl to       seq from      seq to       acc trunc   gc
 ----   --------- ------ ----- --- -------- --------    ----------- -----------      ---- ----- ----
 (36) !   0.00012   22.2   0.0  cm        1       36 []         147         182 + .. 0.98    no 0.64

                           v       v           v       v  NC
                     :::::<<<--<<<<<<_________>>>>>>-->>> CS
  patent_aligned   1 GGUCAGACCCUGGUCCGGGGCAAUGGGACCACUGUU 36 
                     GG CA: C CUGGU CG GGCA  GG ACCACUG :
  ind_0008_00026 147 GGACAAACACUGGUCCGAGGCACCGGCACCACUGCU 182
                     **********************99999********* PP

>> ind_0008_00021  
 rank     E-value  score  bias mdl mdl from   mdl to       seq from      seq to       acc trunc   gc
 ----   --------- ------ ----- --- -------- --------    ----------- -----------      ---- ----- ----
 (37) !   0.00013   22.1   0.0  cm        1       36 []         147         182 + .. 0.95    no 0.75

                           v                      v  NC
                     :::::<<<--<<<<<~~~~~~>>>>>-->>> CS
  patent_aligned   1 GGUCAGACCCUGGUC*[11]*GACCACUGUU 36 
                     GG CAG CCCUGGUC      GACCACUG U
  ind_0008_00021 147 GGACAGCCCCUGGUC*[11]*GACCACUGCU 182
                     ***************...8..9********* PP

>> ind_0008_00029  
 rank     E-value  score  bias mdl mdl from   mdl to       seq from      seq to       acc trunc   gc
 ----   --------- ------ ----- --- -------- --------    ----------- -----------      ---- ----- ----
 (38) !   0.00014   22.0   0.0  cm        1       36 []         147         180 + .. 0.95    no 0.74

                          vv      v             v      vv NC
                     :::::<<<--<<<<<<_________>>>>>>-->>> CS
  patent_aligned   1 GGUCAGACCCUGGUCCGGGGCAAUGGGACCACUGUU 36 
                     G  CAGACCCU G CCGGGGC   GGG C ACUG  
  ind_0008_00029 147 GUACAGACCCUGGCCCGGGGCGGCGGGACUACUG-- 180
                     ********************96667*********.. PP

>> ind_0008_00016  
 rank     E-value  score  bias mdl mdl from   mdl to       seq from      seq to       acc trunc   gc
 ----   --------- ------ ----- --- -------- --------    ----------- -----------      ---- ----- ----
 (39) !   0.00018   21.6   0.0  cm        1       36 []         147         172 + .. 0.99    no 0.81

                          vv                        vv NC
                     :::::<<<--<<<<<<_~~~~~>>>>>>-->>> CS
  patent_aligned   1 GGUCAGACCCUGGUCCG*[8]*GGACCACUGUU 36 
                     GGUC GACCCUGG CCG     GG CCAC G  
  ind_0008_00016 147 GGUCUGACCCUGGCCCG*[0]*GGGCCACGG-- 172
                     ****************7.....*********.. PP

>> ind_0008_00015  
 rank     E-value  score  bias mdl mdl from   mdl to       seq from      seq to       acc trunc   gc
 ----   --------- ------ ----- --- -------- --------    ----------- -----------      ---- ----- ----
 (40) !   0.00022   21.2   0.0  cm        4       36 .]         150         182 + .. 1.00    no 0.73

                        v   v  v             v  v   v  NC
                     ::<<<--<<<<<<_________>>>>>>-->>> CS
  patent_aligned   4 CAGACCCUGGUCCGGGGCAAUGGGACCACUGUU 36 
                     CA: CCC GG CCGGGGCAA GGG CC CUG :
  ind_0008_00015 150 CAAACCCCGGCCCGGGGCAACGGGACCACUGCU 182
                     ********************************* PP

>> ind_0008_00013  
 rank     E-value  score  bias mdl mdl from   mdl to       seq from      seq to       acc trunc   gc
 ----   --------- ------ ----- --- -------- --------    ----------- -----------      ---- ----- ----
 (41) !   0.00025   21.0   0.0  cm        1       36 []         146         182 + .. 0.86    no 0.57

                                     v       v           NC
                     :::::.<<<--<<<<<<__~~~~~>>>>>>-->>> CS
  patent_aligned   1 GGUCA.GACCCUGGUCCGG*[7]*GGACCACUGUU 36 
                     GGU A GAC CUGGUC GG      GACCACUGUU
  ind_0008_00013 146 GGUAAaGACUCUGGUCCGG*[7]*CGACCACUGUU 182
                     ***766**********776..7..5********** PP

>> ind_0008_00045  
 rank     E-value  score  bias mdl mdl from   mdl to       seq from      seq to       acc trunc   gc
 ----   --------- ------ ----- --- -------- --------    ----------- -----------      ---- ----- ----
 (42) !    0.0003   20.7   0.0  cm        1       36 []         147         182 + .. 0.97    no 0.58

                               vvv               vvv      NC
                     :::::<<<--<<<<<<_________>>>>>>-->>> CS
  patent_aligned   1 GGUCAGACCCUGGUCCGGGGCAAUGGGACCACUGUU 36 
                     GG  AGACCC   UCCGGGG AA GGGA   CUGUU
  ind_0008_00045 147 GGAUAGACCCACGUCCGGGGUAACGGGAACACUGUU 182
                     **********988**************9999***** PP

>> ind_0008_00020  
 rank     E-value  score  bias mdl mdl from   mdl to       seq from      seq to       acc trunc   gc
 ----   --------- ------ ----- --- -------- --------    ----------- -----------      ---- ----- ----
 (43) !   0.00045   20.0   0.0  cm        1       36 []         147         182 + .. 0.93    no 0.69

                            v   vv               vv   v   NC
                     :::::<<<--<<<<<<_________>>>>>>-->>> CS
  patent_aligned   1 GGUCAGACCCUGGUCCGGGGCAAUGGGACCACUGUU 36 
                     GG CAGA CCU  UCCGGGGC   GGGA  ACU UU
  ind_0008_00020 147 GGACAGACCCUCGUCCGGGGCGCCGGGAACACUCUU 182
                     ********************95556**999****** PP

>> ind_0008_00010  
 rank     E-value  score  bias mdl mdl from   mdl to       seq from      seq to       acc trunc   gc
 ----   --------- ------ ----- --- -------- --------    ----------- -----------      ---- ----- ----
 (44) !    0.0024   17.3   0.0  cm        1       36 []         147         182 + .. 0.98    no 0.75

                           v   v   v           v   v   v  NC
                     :::::<<<--<<<<<<_________>>>>>>-->>> CS
  patent_aligned   1 GGUCAGACCCUGGUCCGGGGCAAUGGGACCACUGUU 36 
                     GG CAG CCC GGU CG GGCA  GG ACC CUG U
  ind_0008_00010 147 GGACAGCCCCGGGUCCGAGGCACCGGCACCACUGCU 182
                     **********************99999********* PP

>> ind_0008_00019  
 rank     E-value  score  bias mdl mdl from   mdl to       seq from      seq to       acc trunc   gc
 ----   --------- ------ ----- --- -------- --------    ----------- -----------      ---- ----- ----
 (45) !    0.0025   17.3   0.0  cm        1       36 []         147         180 + .. 0.98    no 0.65

                          vv    v  v           v  v    vv NC
                     :::::<<<--<<<<<<_________>>>>>>-->>> CS
  patent_aligned   1 GGUCAGACCCUGGUCCGGGGCAAUGGGACCACUGUU 36 
                     GG CAGAC CU GU CG GGCA  GG AC ACUG  
  ind_0008_00019 147 GGACAGACACUAGUCCGAGGCACCGGCACCACUG-- 180
                     **********************99999*******.. PP

>> ind_0008_00024  
 rank     E-value  score  bias mdl mdl from   mdl to       seq from      seq to       acc trunc   gc
 ----   --------- ------ ----- --- -------- --------    ----------- -----------      ---- ----- ----
 (46) !    0.0032   16.9   0.0  cm        1       36 []         147         179 + .. 0.98    no 0.67

                          vvv                    vvv NC
                     :::::<<<--<<<<<~~~~~~>>>>>-->>> CS
  patent_aligned   1 GGUCAGACCCUGGUC*[11]*GACCACUGUU 36 
                     G  CAGACCCUGGUC      GACCACU   
  ind_0008_00024 147 GUACAGACCCUGGUC*[11]*GACCACU--- 179
                     **************9...9..9******... PP

>> ind_0008_00049  
 rank     E-value  score  bias mdl mdl from   mdl to       seq from      seq to       acc trunc   gc
 ----   --------- ------ ----- --- -------- --------    ----------- -----------      ---- ----- ----
 (47) !    0.0074   15.5   0.0  cm        1       36 []         147         180 + .. 0.98    no 0.62

                          vv                    vv NC
                     :::::<<<--<<<<~~~~~~>>>>-->>> CS
  patent_aligned   1 GGUCAGACCCUGGU*[13]*ACCACUGUU 36 
                     GGU AGAC CUGGU      ACCACUG  
  ind_0008_00049 147 GGUUAGACACUGGU*[13]*ACCACUG-- 180
                     *************9...9..9******.. PP

>> ind_0008_00031  
 rank     E-value  score  bias mdl mdl from   mdl to       seq from      seq to       acc trunc   gc
 ----   --------- ------ ----- --- -------- --------    ----------- -----------      ---- ----- ----
 (48) !    0.0092   15.1   0.0  cm        1       36 []         147         180 + .. 0.87    no 0.59

                          vv        v            v        vv NC
                     :::::<<<--<<<<<<_______~~~~~>>>>>>-->>> CS
  patent_aligned   1 GGUCAGACCCUGGUCCGGGGCAA*[2]*GGACCACUGUU 36 
                     GG CAGACCCUG UC GG G AA      GA CA UG  
  ind_0008_00031 147 GGACAGACCCUGGUCCGGAGAAA*[2]*CGAUCAGUG-- 180
                     ***************77766555..5..7********.. PP

>> ind_0008_00016  
 rank     E-value  score  bias mdl mdl from   mdl to       seq from      seq to       acc trunc   gc
 ----   --------- ------ ----- --- -------- --------    ----------- -----------      ---- ----- ----
 (49) ?     0.012   14.6   0.0  cm        1       36 []         155         124 - .. 0.98    no 0.56

                                           NC
                     :::::<<<--~~~~~~-->>> CS
  patent_aligned   1 GGUCAGACCC*[21]*CUGUU 36 
                     GGUCA:ACCC      CUGU:
  ind_0008_00016 155 GGUCAGACCC*[17]*CUGUC 124
                     **********...*..89*** PP

>> ind_0008_00042  
 rank     E-value  score  bias mdl mdl from   mdl to       seq from      seq to       acc trunc   gc
 ----   --------- ------ ----- --- -------- --------    ----------- -----------      ---- ----- ----
 (50) ?     0.075   11.7   0.0  cm        1       36 []         146         179 + .. 0.87    no 0.68

                           vvv     v              v     vvv NC
                     :::.::<<<--<<<<<<_____.____>>>>>>-->>> CS
  patent_aligned   1 GGU.CAGACCCUGGUCCGGGGC.AAUGGGACCACUGUU 36 
                     GGU CA A CCUGG CCGGGG   A GGGACCACU   
  ind_0008_00042 146 GGUaCACAACCUGG-CCGGGGGuGACGGGACCACU--- 179
                     **99**********.888877546677********... PP

>> ind_0008_00022  
 rank     E-value  score  bias mdl mdl from   mdl to       seq from      seq to       acc trunc   gc
 ----   --------- ------ ----- --- -------- --------    ----------- -----------      ---- ----- ----
 (51) ?       0.5    8.6   0.0  cm       11       31 ..         177         157 - .. 0.98    no 0.71

                                         NC
                     <<<<<<__~~~~~>>>>>> CS
  patent_aligned  11 UGGUCCGG*[7]*GGACCA 31 
                     UGGUCCGG     GGACCA
  ind_0008_00022 177 UGGUCCGG*[7]*GGACCA 157
                     ******98..*..****** PP

>> ind_0008_00035  
 rank     E-value  score  bias mdl mdl from   mdl to       seq from      seq to       acc trunc   gc
 ----   --------- ------ ----- --- -------- --------    ----------- -----------      ---- ----- ----
 (52) ?   1.4e+02   -0.7   0.0  cm        1       12 [~         186         197 + .~ 0.99    3' 0.67

                          ???  ??       NC
                     :::::<<<--<<~~~~~~ CS
  patent_aligned   1 GGUCAGACCCUG*[24]> 36 
                      GUC  ACCC G      
  ind_0008_00035 186 CGUCUAACCCCG*[ 0]> 197
                     ************...... PP



Internal CM pipeline statistics summary:
----------------------------------------
Query model(s):                                                  1  (36 consensus positions)
Target sequences:                                               50  (19700 residues searched)
Target sequences re-searched for truncated hits:                50  (10200 residues re-searched)
Windows   passing  local HMM SSV           filter:             222  (0.449); expected (0.35)
Windows   passing  local HMM Viterbi       filter:                  (off)
Windows   passing  local HMM Viterbi  bias filter:                  (off)
Windows   passing  local HMM Forward       filter:             127  (0.2484); expected (0.02)
Windows   passing  local HMM Forward  bias filter:             127  (0.2484); expected (0.02)
Windows   passing glocal HMM Forward       filter:              61  (0.1709); expected (0.02)
Windows   passing glocal HMM Forward  bias filter:              61  (0.1709); expected (0.02)
Envelopes passing glocal HMM envelope defn filter:              61  (0.07786); expected (0.02)
Envelopes passing  local CM  CYK           filter:              58  (0.07308); expected (0.0001)
Total CM hits reported:                                         52  (0.05967); includes 1 truncated hit(s)

# CPU time: 0.16u 0.00s 00:00:00.16 Elapsed: 00:00:00.16
# Alignment of 48 hits satisfying inclusion thresholds saved to: optimization_a7/100gen/_workspace/cmsearch_logs/gen_0008/patent_cmsearch.sto
//
[ok]
