# cmsearch :: search CM(s) against a sequence database
# INFERNAL 1.1.5 (Sep 2023)
# Copyright (C) 2023 Howard Hughes Medical Institute.
# Freely distributed under the BSD open source license.
# - - - - - - - - - - - - - - - - - - - - - - - - - - - - - - - - - - - -
# query CM file:                         A7_analysis/patent.cm
# target sequence database:              /tmp/tmpzyyxmkgl/queries.fa
# output directed to file:               optimization_a7/100gen/_workspace/cmsearch_logs/gen_0019/patent_cmsearch.out
# MSA of significant hits saved to file: optimization_a7/100gen/_workspace/cmsearch_logs/gen_0019/patent_cmsearch.sto
# tabular output of hits:                optimization_a7/100gen/_workspace/cmsearch_logs/gen_0019/patent_cmsearch.tblout
# max ASCII text line length:            unlimited
# sequence reporting threshold:          E-value <= 1000
# number of worker threads:              4
# - - - - - - - - - - - - - - - - - - - - - - - - - - - - - - - - - - - -

Query:       patent_aligned  [CLEN=36]
Hit scores:
 rank     E-value  score  bias  sequence        start    end   mdl trunc   gc  description
 ----   --------- ------ -----  -------------- ------ ------   --- ----- ----  -----------
  (1) !   1.3e-07   33.4   0.0  ind_0019_00033    147    182 +  cm    no 0.64  -
  (2) !   1.5e-07   33.2   0.0  ind_0019_00034    147    182 +  cm    no 0.61  -
  (3) !   2.7e-07   32.2   0.0  ind_0019_00017    147    182 +  cm    no 0.61  -
  (4) !   3.1e-07   32.0   0.0  ind_0019_00046    147    182 +  cm    no 0.64  -
  (5) !   1.2e-06   29.7   0.0  ind_0019_00031    147    182 +  cm    no 0.61  -
  (6) !   1.6e-06   29.3   0.0  ind_0019_00002    147    182 +  cm    no 0.64  -
  (7) !   1.6e-06   29.3   0.0  ind_0019_00004    147    182 +  cm    no 0.64  -
  (8) !   1.6e-06   29.3   0.0  ind_0019_00022    147    182 +  cm    no 0.64  -
  (9) !     3e-06   28.2   0.0  ind_0019_00018    147    182 +  cm    no 0.67  -
 (10) !   3.6e-06   28.0   0.0  ind_0019_00000    147    182 +  cm    no 0.67  -
 (11) !   3.6e-06   28.0   0.0  ind_0019_00001    147    182 +  cm    no 0.67  -
 (12) !   3.6e-06   28.0   0.0  ind_0019_00044    147    182 +  cm    no 0.67  -
 (13) !   3.6e-06   28.0   0.0  ind_0019_00045    147    182 +  cm    no 0.67  -
 (14) !   5.3e-06   27.3   0.0  ind_0019_00015    147    182 +  cm    no 0.58  -
 (15) !     6e-06   27.1   0.0  ind_0019_00008    147    182 +  cm    no 0.58  -
 (16) !     6e-06   27.1   0.0  ind_0019_00011    147    182 +  cm    no 0.58  -
 (17) !   7.2e-06   26.8   0.0  ind_0019_00003    147    182 +  cm    no 0.61  -
 (18) !     1e-05   26.3   0.0  ind_0019_00047    147    182 +  cm    no 0.64  -
 (19) !   1.6e-05   25.5   0.0  ind_0019_00012    147    182 +  cm    no 0.58  -
 (20) !   1.6e-05   25.5   0.0  ind_0019_00013    147    182 +  cm    no 0.61  -
 (21) !   2.5e-05   24.8   0.0  ind_0019_00025    147    182 +  cm    no 0.67  -
 (22) !   3.1e-05   24.4   0.0  ind_0019_00006    147    182 +  cm    no 0.61  -
 (23) !   3.3e-05   24.3   0.0  ind_0019_00026    147    182 +  cm    no 0.67  -
 (24) !   4.4e-05   23.9   0.0  ind_0019_00005    147    182 +  cm    no 0.64  -
 (25) !   7.1e-05   23.1   0.0  ind_0019_00028    147    182 +  cm    no 0.61  -
 (26) !   9.2e-05   22.6   0.0  ind_0019_00041    147    182 +  cm    no 0.67  -
 (27) !   0.00016   21.7   0.0  ind_0019_00019    147    182 +  cm    no 0.61  -
 (28) !   0.00017   21.7   0.0  ind_0019_00016    147    182 +  cm    no 0.61  -
 (29) !   0.00027   20.9   0.0  ind_0019_00043    147    182 +  cm    no 0.67  -
 (30) !   0.00028   20.9   0.0  ind_0019_00049    147    182 +  cm    no 0.61  -
 (31) !   0.00042   20.2   0.0  ind_0019_00009    147    182 +  cm    no 0.69  -
 (32) !   0.00049   19.9   0.0  ind_0019_00014    147    182 +  cm    no 0.61  -
 (33) !   0.00057   19.7   0.0  ind_0019_00038    147    182 +  cm    no 0.56  -
 (34) !   0.00062   19.5   0.0  ind_0019_00039    147    182 +  cm    no 0.58  -
 (35) !   0.00086   19.0   0.0  ind_0019_00007    147    182 +  cm    no 0.64  -
 (36) !    0.0012   18.5   0.0  ind_0019_00048    147    182 +  cm    no 0.56  -
 (37) !    0.0016   17.9   0.0  ind_0019_00042    147    182 +  cm    no 0.69  -
 (38) !    0.0033   16.8   0.0  ind_0019_00037    147    180 +  cm    no 0.65  -
 ------ inclusion threshold ------
 (39) ?     0.012   14.7   0.0  ind_0019_00024    147    182 +  cm    no 0.58  -
 (40) ?     0.045   12.5   0.0  ind_0019_00041    155    141 -  cm    no 0.53  -
 (41) ?     0.047   12.5   0.0  ind_0019_00029    155    140 -  cm    no 0.56  -
 (42) ?     0.047   12.5   0.0  ind_0019_00007    155    140 -  cm    no 0.56  -
 (43) ?     0.047   12.5   0.0  ind_0019_00024    155    140 -  cm    no 0.56  -
 (44) ?     0.048   12.4   0.0  ind_0019_00027    147    182 +  cm    no 0.67  -
 (45) ?     0.066   11.9   0.0  ind_0019_00040    147    182 +  cm    no 0.61  -
 (46) ?     0.072   11.8   0.0  ind_0019_00029    147    182 +  cm    no 0.58  -
 (47) ?     0.084   11.5   0.0  ind_0019_00006    155    113 -  cm    no 0.44  -
 (48) ?      0.14   10.6   0.0  ind_0019_00037    155    119 -  cm    no 0.49  -
 (49) ?      0.14   10.6   0.0  ind_0019_00015    155    119 -  cm    no 0.49  -
 (50) ?      0.14   10.6   0.0  ind_0019_00001    155    119 -  cm    no 0.46  -
 (51) ?      0.29    9.5   0.0  ind_0019_00036    147    179 +  cm    no 0.67  -
 (52) ?      0.31    9.4   0.0  ind_0019_00035    147    182 +  cm    no 0.64  -
 (53) ?      0.35    9.1   0.0  ind_0019_00010    147    182 +  cm    no 0.61  -
 (54) ?      0.37    9.1   0.0  ind_0019_00002    155    119 -  cm    no 0.51  -
 (55) ?      0.46    8.7   0.0  ind_0019_00025    155    119 -  cm    no 0.54  -
 (56) ?      0.55    8.4   0.0  ind_0019_00032    147    182 +  cm    no 0.56  -
 (57) ?      0.65    8.2   0.0  ind_0019_00020    147    182 +  cm    no 0.58  -
 (58) ?   6.5e+02   -3.1   0.0  ind_0019_00011    194    197 +  cm    3' 0.75  -
 (59) ?   6.5e+02   -3.1   0.0  ind_0019_00008    194    197 +  cm    3' 0.75  -
 (60) ?   7.9e+02   -3.5   0.0  ind_0019_00034    197    197 +  cm    3' 1.00  -
 (61) ?   9.8e+02   -3.8   0.0  ind_0019_00029    138    120 -  cm    no 0.47  -


Hit alignments:
>> ind_0019_00033  
 rank     E-value  score  bias mdl mdl from   mdl to       seq from      seq to       acc trunc   gc
 ----   --------- ------ ----- --- -------- --------    ----------- -----------      ---- ----- ----
  (1) !   1.3e-07   33.4   0.0  cm        1       36 []         147         182 + .. 1.00    no 0.64

                                                          NC
                     :::::<<<--<<<<<<_________>>>>>>-->>> CS
  patent_aligned   1 GGUCAGACCCUGGUCCGGGGCAAUGGGACCACUGUU 36 
                     GGUCAGACC UGG CC  GGCAA GGG CCA UGUU
  ind_0019_00033 147 GGUCAGACCAUGGUCCCCGGCAACGGGGCCAUUGUU 182
                     ************************************ PP

>> ind_0019_00034  
 rank     E-value  score  bias mdl mdl from   mdl to       seq from      seq to       acc trunc   gc
 ----   --------- ------ ----- --- -------- --------    ----------- -----------      ---- ----- ----
  (2) !   1.5e-07   33.2   0.0  cm        1       36 []         147         182 + .. 1.00    no 0.61

                               v                   v      NC
                     :::::<<<--<<<<<<_________>>>>>>-->>> CS
  patent_aligned   1 GGUCAGACCCUGGUCCGGGGCAAUGGGACCACUGUU 36 
                     GGUC GACC  GGUCC  GGCAA GGGACC CUGUU
  ind_0019_00034 147 GGUCGGACCAUGGUCCAAGGCAACGGGACCUCUGUU 182
                     ************************************ PP

>> ind_0019_00017  
 rank     E-value  score  bias mdl mdl from   mdl to       seq from      seq to       acc trunc   gc
 ----   --------- ------ ----- --- -------- --------    ----------- -----------      ---- ----- ----
  (3) !   2.7e-07   32.2   0.0  cm        1       36 []         147         182 + .. 0.99    no 0.61

                                                          NC
                     :::::<<<--<<<<<<_________>>>>>>-->>> CS
  patent_aligned   1 GGUCAGACCCUGGUCCGGGGCAAUGGGACCACUGUU 36 
                     G UCAGACC  G UCCG G CAAUGGGA C CUGUU
  ind_0019_00017 147 GCUCAGACCAUGCUCCGAGCCAAUGGGAGCGCUGUU 182
                     ******************999*************** PP

>> ind_0019_00046  
 rank     E-value  score  bias mdl mdl from   mdl to       seq from      seq to       acc trunc   gc
 ----   --------- ------ ----- --- -------- --------    ----------- -----------      ---- ----- ----
  (4) !   3.1e-07   32.0   0.0  cm        1       36 []         147         182 + .. 0.99    no 0.64

                                                          NC
                     :::::<<<--<<<<<<_________>>>>>>-->>> CS
  patent_aligned   1 GGUCAGACCCUGGUCCGGGGCAAUGGGACCACUGUU 36 
                     GGUCAGACC  G  CCG G CAAUGGG  C CUGUU
  ind_0019_00046 147 GGUCAGACCAUGCUCCGAGCCAAUGGGGGCGCUGUU 182
                     ******************999*************** PP

>> ind_0019_00031  
 rank     E-value  score  bias mdl mdl from   mdl to       seq from      seq to       acc trunc   gc
 ----   --------- ------ ----- --- -------- --------    ----------- -----------      ---- ----- ----
  (5) !   1.2e-06   29.7   0.0  cm        1       36 []         147         182 + .. 1.00    no 0.61

                                                          NC
                     :::::<<<--<<<<<<_________>>>>>>-->>> CS
  patent_aligned   1 GGUCAGACCCUGGUCCGGGGCAAUGGGACCACUGUU 36 
                     GGUCAGACC  G  CC  GGCAAUGGG  C CUGUU
  ind_0019_00031 147 GGUCAGACCAUGUUCCCAGGCAAUGGGGGCGCUGUU 182
                     ************************************ PP

>> ind_0019_00002  
 rank     E-value  score  bias mdl mdl from   mdl to       seq from      seq to       acc trunc   gc
 ----   --------- ------ ----- --- -------- --------    ----------- -----------      ---- ----- ----
  (6) !   1.6e-06   29.3   0.0  cm        1       36 []         147         182 + .. 1.00    no 0.64

                                                          NC
                     :::::<<<--<<<<<<_________>>>>>>-->>> CS
  patent_aligned   1 GGUCAGACCCUGGUCCGGGGCAAUGGGACCACUGUU 36 
                     GGUC GACC  GG CC  GGCAA GGG CC CUGUU
  ind_0019_00002 147 GGUCUGACCAUGGUCCAAGGCAACGGGGCCGCUGUU 182
                     ************************************ PP

>> ind_0019_00004  
 rank     E-value  score  bias mdl mdl from   mdl to       seq from      seq to       acc trunc   gc
 ----   --------- ------ ----- --- -------- --------    ----------- -----------      ---- ----- ----
  (7) !   1.6e-06   29.3   0.0  cm        1       36 []         147         182 + .. 1.00    no 0.64

                                                          NC
                     :::::<<<--<<<<<<_________>>>>>>-->>> CS
  patent_aligned   1 GGUCAGACCCUGGUCCGGGGCAAUGGGACCACUGUU 36 
                     GGUC GACC  GG CC  GGCAA GGG CC CUGUU
  ind_0019_00004 147 GGUCUGACCAUGGUCCAAGGCAACGGGGCCGCUGUU 182
                     ************************************ PP

>> ind_0019_00022  
 rank     E-value  score  bias mdl mdl from   mdl to       seq from      seq to       acc trunc   gc
 ----   --------- ------ ----- --- -------- --------    ----------- -----------      ---- ----- ----
  (8) !   1.6e-06   29.3   0.0  cm        1       36 []         147         182 + .. 1.00    no 0.64

                                                          NC
                     :::::<<<--<<<<<<_________>>>>>>-->>> CS
  patent_aligned   1 GGUCAGACCCUGGUCCGGGGCAAUGGGACCACUGUU 36 
                     GGUC GACC  GG CC  GGCAA GGG CC CUGUU
  ind_0019_00022 147 GGUCUGACCAUGGUCCAAGGCAACGGGGCCGCUGUU 182
                     ************************************ PP

>> ind_0019_00018  
 rank     E-value  score  bias mdl mdl from   mdl to       seq from      seq to       acc trunc   gc
 ----   --------- ------ ----- --- -------- --------    ----------- -----------      ---- ----- ----
  (9) !     3e-06   28.2   0.0  cm        1       36 []         147         182 + .. 0.99    no 0.67

                                                          NC
                     :::::<<<--<<<<<<_________>>>>>>-->>> CS
  patent_aligned   1 GGUCAGACCCUGGUCCGGGGCAAUGGGACCACUGUU 36 
                     G UCAGACC  G  CCG G CAAUGGG  C CUGUU
  ind_0019_00018 147 GCUCAGACCACGCUCCGAGCCAAUGGGGGCGCUGUU 182
                     ******************999*************** PP

>> ind_0019_00000  
 rank     E-value  score  bias mdl mdl from   mdl to       seq from      seq to       acc trunc   gc
 ----   --------- ------ ----- --- -------- --------    ----------- -----------      ---- ----- ----
 (10) !   3.6e-06   28.0   0.0  cm        1       36 []         147         182 + .. 1.00    no 0.67

                                                          NC
                     :::::<<<--<<<<<<_________>>>>>>-->>> CS
  patent_aligned   1 GGUCAGACCCUGGUCCGGGGCAAUGGGACCACUGUU 36 
                     GGUC GACC  GG CC  GGCAA GGG CC CUGUU
  ind_0019_00000 147 GGUCUGACCAUGGUCCCAGGCAACGGGGCCGCUGUU 182
                     ************************************ PP

>> ind_0019_00001  
 rank     E-value  score  bias mdl mdl from   mdl to       seq from      seq to       acc trunc   gc
 ----   --------- ------ ----- --- -------- --------    ----------- -----------      ---- ----- ----
 (11) !   3.6e-06   28.0   0.0  cm        1       36 []         147         182 + .. 1.00    no 0.67

                                                          NC
                     :::::<<<--<<<<<<_________>>>>>>-->>> CS
  patent_aligned   1 GGUCAGACCCUGGUCCGGGGCAAUGGGACCACUGUU 36 
                     GGUC GACC  GG CC  GGCAA GGG CC CUGUU
  ind_0019_00001 147 GGUCUGACCAUGGUCCCAGGCAACGGGGCCGCUGUU 182
                     ************************************ PP

>> ind_0019_00044  
 rank     E-value  score  bias mdl mdl from   mdl to       seq from      seq to       acc trunc   gc
 ----   --------- ------ ----- --- -------- --------    ----------- -----------      ---- ----- ----
 (12) !   3.6e-06   28.0   0.0  cm        1       36 []         147         182 + .. 1.00    no 0.67

                                                          NC
                     :::::<<<--<<<<<<_________>>>>>>-->>> CS
  patent_aligned   1 GGUCAGACCCUGGUCCGGGGCAAUGGGACCACUGUU 36 
                     GGUC GACC  GG CC  GGCAA GGG CC CUGUU
  ind_0019_00044 147 GGUCUGACCAUGGUCCCAGGCAACGGGGCCGCUGUU 182
                     ************************************ PP

>> ind_0019_00045  
 rank     E-value  score  bias mdl mdl from   mdl to       seq from      seq to       acc trunc   gc
 ----   --------- ------ ----- --- -------- --------    ----------- -----------      ---- ----- ----
 (13) !   3.6e-06   28.0   0.0  cm        1       36 []         147         182 + .. 1.00    no 0.67

                                                          NC
                     :::::<<<--<<<<<<_________>>>>>>-->>> CS
  patent_aligned   1 GGUCAGACCCUGGUCCGGGGCAAUGGGACCACUGUU 36 
                     GGUC GACC  GG CC  GGCAA GGG CC CUGUU
  ind_0019_00045 147 GGUCUGACCAUGGUCCCAGGCAACGGGGCCGCUGUU 182
                     ************************************ PP

>> ind_0019_00015  
 rank     E-value  score  bias mdl mdl from   mdl to       seq from      seq to       acc trunc   gc
 ----   --------- ------ ----- --- -------- --------    ----------- -----------      ---- ----- ----
 (14) !   5.3e-06   27.3   0.0  cm        1       36 []         147         182 + .. 1.00    no 0.58

                                   v           v          NC
                     :::::<<<--<<<<<<_________>>>>>>-->>> CS
  patent_aligned   1 GGUCAGACCCUGGUCCGGGGCAAUGGGACCACUGUU 36 
                     GGUC GACC  GGU C  GGCAA GG ACC CUGUU
  ind_0019_00015 147 GGUCUGACCAUGGUCCAAGGCAACGGAACCGCUGUU 182
                     ************************************ PP

>> ind_0019_00008  
 rank     E-value  score  bias mdl mdl from   mdl to       seq from      seq to       acc trunc   gc
 ----   --------- ------ ----- --- -------- --------    ----------- -----------      ---- ----- ----
 (15) !     6e-06   27.1   0.0  cm        1       36 []         147         182 + .. 1.00    no 0.58

                                  v             v         NC
                     :::::<<<--<<<<<<_________>>>>>>-->>> CS
  patent_aligned   1 GGUCAGACCCUGGUCCGGGGCAAUGGGACCACUGUU 36 
                     GGUCAGACC  G  CC  GGCAA GGG  C CUGUU
  ind_0019_00008 147 GGUCAGACCAUGGUCCAAGGCAACGGGUUCGCUGUU 182
                     ************************************ PP

>> ind_0019_00011  
 rank     E-value  score  bias mdl mdl from   mdl to       seq from      seq to       acc trunc   gc
 ----   --------- ------ ----- --- -------- --------    ----------- -----------      ---- ----- ----
 (16) !     6e-06   27.1   0.0  cm        1       36 []         147         182 + .. 1.00    no 0.58

                                  v             v         NC
                     :::::<<<--<<<<<<_________>>>>>>-->>> CS
  patent_aligned   1 GGUCAGACCCUGGUCCGGGGCAAUGGGACCACUGUU 36 
                     GGUCAGACC  G  CC  GGCAA GGG  C CUGUU
  ind_0019_00011 147 GGUCAGACCAUGGUCCAAGGCAACGGGUUCGCUGUU 182
                     ************************************ PP

>> ind_0019_00003  
 rank     E-value  score  bias mdl mdl from   mdl to       seq from      seq to       acc trunc   gc
 ----   --------- ------ ----- --- -------- --------    ----------- -----------      ---- ----- ----
 (17) !   7.2e-06   26.8   0.0  cm        1       36 []         147         182 + .. 1.00    no 0.61

                                                          NC
                     :::::<<<--<<<<<<_________>>>>>>-->>> CS
  patent_aligned   1 GGUCAGACCCUGGUCCGGGGCAAUGGGACCACUGUU 36 
                     G UCAGACC  G  CCG G CAAUGGG  C CUGUU
  ind_0019_00003 147 GCUCAGACCAUGCUCCGAGUCAAUGGGGGCGCUGUU 182
                     ************************************ PP

>> ind_0019_00047  
 rank     E-value  score  bias mdl mdl from   mdl to       seq from      seq to       acc trunc   gc
 ----   --------- ------ ----- --- -------- --------    ----------- -----------      ---- ----- ----
 (18) !     1e-05   26.3   0.0  cm        1       36 []         147         182 + .. 0.99    no 0.64

                                                          NC
                     :::::<<<--<<<<<<_________>>>>>>-->>> CS
  patent_aligned   1 GGUCAGACCCUGGUCCGGGGCAAUGGGACCACUGUU 36 
                     G UCAGACC  G  CCG G CAAUGGG  C CUGUU
  ind_0019_00047 147 GCUCAGACCAUGCUCCGAGCCAAUGGGGGCGCUGUU 182
                     ******************999*************** PP

>> ind_0019_00012  
 rank     E-value  score  bias mdl mdl from   mdl to       seq from      seq to       acc trunc   gc
 ----   --------- ------ ----- --- -------- --------    ----------- -----------      ---- ----- ----
 (19) !   1.6e-05   25.5   0.0  cm        1       36 []         147         182 + .. 1.00    no 0.58

                                                          NC
                     :::::<<<--<<<<<<_________>>>>>>-->>> CS
  patent_aligned   1 GGUCAGACCCUGGUCCGGGGCAAUGGGACCACUGUU 36 
                     GG C GACC  G UCC  GGCAA GGGA C CUGUU
  ind_0019_00012 147 GGCCUGACCAUGAUCCUAGGCAACGGGAUCGCUGUU 182
                     ************************************ PP

>> ind_0019_00013  
 rank     E-value  score  bias mdl mdl from   mdl to       seq from      seq to       acc trunc   gc
 ----   --------- ------ ----- --- -------- --------    ----------- -----------      ---- ----- ----
 (20) !   1.6e-05   25.5   0.0  cm        1       36 []         147         182 + .. 0.99    no 0.61

                                                          NC
                     :::::<<<--<<<<<<_________>>>>>>-->>> CS
  patent_aligned   1 GGUCAGACCCUGGUCCGGGGCAAUGGGACCACUGUU 36 
                     G UCAGACC UG  CCG G CAA GGG  CACUGUU
  ind_0019_00013 147 GCUCAGACCAUGUUCCGAGCCAACGGGGGCACUGUU 182
                     *****************9999*************** PP

>> ind_0019_00025  
 rank     E-value  score  bias mdl mdl from   mdl to       seq from      seq to       acc trunc   gc
 ----   --------- ------ ----- --- -------- --------    ----------- -----------      ---- ----- ----
 (21) !   2.5e-05   24.8   0.0  cm        1       36 []         147         182 + .. 1.00    no 0.67

                                                          NC
                     :::::<<<--<<<<<<_________>>>>>>-->>> CS
  patent_aligned   1 GGUCAGACCCUGGUCCGGGGCAAUGGGACCACUGUU 36 
                     GGUC GACC  GG CC  GGCAA GGG CC C GUU
  ind_0019_00025 147 GGUCUGACCAUGGUCCAAGGCAACGGGGCCGCCGUU 182
                     ************************************ PP

>> ind_0019_00006  
 rank     E-value  score  bias mdl mdl from   mdl to       seq from      seq to       acc trunc   gc
 ----   --------- ------ ----- --- -------- --------    ----------- -----------      ---- ----- ----
 (22) !   3.1e-05   24.4   0.0  cm        1       36 []         147         182 + .. 1.00    no 0.61

                                                          NC
                     :::::<<<--<<<<<<_________>>>>>>-->>> CS
  patent_aligned   1 GGUCAGACCCUGGUCCGGGGCAAUGGGACCACUGUU 36 
                     GGUC GACC  GG CC  G CAA GGG CC CUGUU
  ind_0019_00006 147 GGUCUGACCAUGGUCCAAGACAACGGGGCCGCUGUU 182
                     ************************************ PP

>> ind_0019_00026  
 rank     E-value  score  bias mdl mdl from   mdl to       seq from      seq to       acc trunc   gc
 ----   --------- ------ ----- --- -------- --------    ----------- -----------      ---- ----- ----
 (23) !   3.3e-05   24.3   0.0  cm        1       36 []         147         182 + .. 1.00    no 0.67

                                                          NC
                     :::::<<<--<<<<<<_________>>>>>>-->>> CS
  patent_aligned   1 GGUCAGACCCUGGUCCGGGGCAAUGGGACCACUGUU 36 
                     GG C GACC  GG CC  GGCAA GGG CC CUGUU
  ind_0019_00026 147 GGCCUGACCAUGGUCCUAGGCAACGGGGCCGCUGUU 182
                     ************************************ PP

>> ind_0019_00005  
 rank     E-value  score  bias mdl mdl from   mdl to       seq from      seq to       acc trunc   gc
 ----   --------- ------ ----- --- -------- --------    ----------- -----------      ---- ----- ----
 (24) !   4.4e-05   23.9   0.0  cm        1       36 []         147         182 + .. 1.00    no 0.64

                                 v               v        NC
                     :::::<<<--<<<<<<_________>>>>>>-->>> CS
  patent_aligned   1 GGUCAGACCCUGGUCCGGGGCAAUGGGACCACUGUU 36 
                     G UC GACC  G  CCG GGCAAUGGG  C CUGUU
  ind_0019_00005 147 GCUCUGACCAUGGUCCGAGGCAAUGGGGGCGCUGUU 182
                     ************************************ PP

>> ind_0019_00028  
 rank     E-value  score  bias mdl mdl from   mdl to       seq from      seq to       acc trunc   gc
 ----   --------- ------ ----- --- -------- --------    ----------- -----------      ---- ----- ----
 (25) !   7.1e-05   23.1   0.0  cm        1       36 []         147         182 + .. 1.00    no 0.61

                                                          NC
                     :::::<<<--<<<<<<_________>>>>>>-->>> CS
  patent_aligned   1 GGUCAGACCCUGGUCCGGGGCAAUGGGACCACUGUU 36 
                     GG C GACC  G UCC  GGCAA GGGA C CUGUU
  ind_0019_00028 147 GGGCUGACCAUGGUCCUUGGCAACGGGAUCGCUGUU 182
                     ************************************ PP

>> ind_0019_00041  
 rank     E-value  score  bias mdl mdl from   mdl to       seq from      seq to       acc trunc   gc
 ----   --------- ------ ----- --- -------- --------    ----------- -----------      ---- ----- ----
 (26) !   9.2e-05   22.6   0.0  cm        1       36 []         147         182 + .. 0.99    no 0.67

                                                          NC
                     :::::<<<--<<<<<<_________>>>>>>-->>> CS
  patent_aligned   1 GGUCAGACCCUGGUCCGGGGCAAUGGGACCACUGUU 36 
                     GGUC GACC  GG CC  GGCA  GGG CC CUGUU
  ind_0019_00041 147 GGUCUGACCAUGGUCCCAGGCAUCGGGGCCGCUGUU 182
                     *********************9999*********** PP

>> ind_0019_00019  
 rank     E-value  score  bias mdl mdl from   mdl to       seq from      seq to       acc trunc   gc
 ----   --------- ------ ----- --- -------- --------    ----------- -----------      ---- ----- ----
 (27) !   0.00016   21.7   0.0  cm        1       36 []         147         182 + .. 0.99    no 0.61

                                 v               v        NC
                     :::::<<<--<<<<<<_________>>>>>>-->>> CS
  patent_aligned   1 GGUCAGACCCUGGUCCGGGGCAAUGGGACCACUGUU 36 
                     G UCAGACC  G  CCG G CAAUGGG  C CUGUU
  ind_0019_00019 147 GCUCAGACCAUGCUCCGAGCCAAUGGGGUCGCUGUU 182
                     *****************9999*************** PP

>> ind_0019_00016  
 rank     E-value  score  bias mdl mdl from   mdl to       seq from      seq to       acc trunc   gc
 ----   --------- ------ ----- --- -------- --------    ----------- -----------      ---- ----- ----
 (28) !   0.00017   21.7   0.0  cm        1       36 []         147         182 + .. 1.00    no 0.61

                                v                 v       NC
                     :::::<<<--<<<<<<_________>>>>>>-->>> CS
  patent_aligned   1 GGUCAGACCCUGGUCCGGGGCAAUGGGACCACUGUU 36 
                     GGUC GACC   G CC  GGCAA GGG C  CUGUU
  ind_0019_00016 147 GGUCUGACCAUAGUCCAAGGCAACGGGGCCGCUGUU 182
                     ************************************ PP

>> ind_0019_00043  
 rank     E-value  score  bias mdl mdl from   mdl to       seq from      seq to       acc trunc   gc
 ----   --------- ------ ----- --- -------- --------    ----------- -----------      ---- ----- ----
 (29) !   0.00027   20.9   0.0  cm        1       36 []         147         182 + .. 1.00    no 0.67

                               v                   v      NC
                     :::::<<<--<<<<<<_________>>>>>>-->>> CS
  patent_aligned   1 GGUCAGACCCUGGUCCGGGGCAAUGGGACCACUGUU 36 
                     GG C GACC  GG CC  GGCAA GGG CC CUGUU
  ind_0019_00043 147 GGCCUGACCAUGGUCCAAGGCAACGGGGCCCCUGUU 182
                     ************************************ PP

>> ind_0019_00049  
 rank     E-value  score  bias mdl mdl from   mdl to       seq from      seq to       acc trunc   gc
 ----   --------- ------ ----- --- -------- --------    ----------- -----------      ---- ----- ----
 (30) !   0.00028   20.9   0.0  cm        1       36 []         147         182 + .. 0.99    no 0.61

                                                          NC
                     :::::<<<--<<<<<<_________>>>>>>-->>> CS
  patent_aligned   1 GGUCAGACCCUGGUCCGGGGCAAUGGGACCACUGUU 36 
                     G UCAGACC     CCG G CAAUGGG    CUGUU
  ind_0019_00049 147 GCUCAGACCAUGCUCCGAGCCAAUGGGGGUGCUGUU 182
                     ******************999*************** PP

>> ind_0019_00009  
 rank     E-value  score  bias mdl mdl from   mdl to       seq from      seq to       acc trunc   gc
 ----   --------- ------ ----- --- -------- --------    ----------- -----------      ---- ----- ----
 (31) !   0.00042   20.2   0.0  cm        1       36 []         147         182 + .. 1.00    no 0.69

                               v  v             v  v      NC
                     :::::<<<--<<<<<<_________>>>>>>-->>> CS
  patent_aligned   1 GGUCAGACCCUGGUCCGGGGCAAUGGGACCACUGUU 36 
                     GGUC GACC  GG CC  GGCAA GGG CC CUGUU
  ind_0019_00009 147 GGUCUGACCAGGGACCCAGGCAACGGGGCCGCUGUU 182
                     ************************************ PP

>> ind_0019_00014  
 rank     E-value  score  bias mdl mdl from   mdl to       seq from      seq to       acc trunc   gc
 ----   --------- ------ ----- --- -------- --------    ----------- -----------      ---- ----- ----
 (32) !   0.00049   19.9   0.0  cm        1       36 []         147         182 + .. 0.99    no 0.61

                                 v                v        NC
                     :::::<<<--<<<<<<_____.____>>>>>>-->>> CS
  patent_aligned   1 GGUCAGACCCUGGUCCGGGGC.AAUGGGACCACUGUU 36 
                     G UCAGACC  G   CGG GC AAUGG  +C CUGUU
  ind_0019_00014 147 GCUCAGACCAUG-CUCGGAGCcAAUGGGGACGCUGUU 182
                     ************.99********************** PP

>> ind_0019_00038  
 rank     E-value  score  bias mdl mdl from   mdl to       seq from      seq to       acc trunc   gc
 ----   --------- ------ ----- --- -------- --------    ----------- -----------      ---- ----- ----
 (33) !   0.00057   19.7   0.0  cm        1       36 []         147         182 + .. 0.99    no 0.56

                               v                   v      NC
                     :::::<<<--<<<<<<_________>>>>>>-->>> CS
  patent_aligned   1 GGUCAGACCCUGGUCCGGGGCAAUGGGACCACUGUU 36 
                     GGUC GACC  G UCC   GCAA GGGA C CUGUU
  ind_0019_00038 147 GGUCUGACCAAGGUCCUAUGCAACGGGAUCGCUGUU 182
                     ************************************ PP

>> ind_0019_00039  
 rank     E-value  score  bias mdl mdl from   mdl to       seq from      seq to       acc trunc   gc
 ----   --------- ------ ----- --- -------- --------    ----------- -----------      ---- ----- ----
 (34) !   0.00062   19.5   0.0  cm        1       36 []         147         182 + .. 1.00    no 0.58

                                                          NC
                     :::::<<<--<<<<<<_________>>>>>>-->>> CS
  patent_aligned   1 GGUCAGACCCUGGUCCGGGGCAAUGGGACCACUGUU 36 
                     GGU  GAC   GG CC  GGCAA GGG CC CUGUU
  ind_0019_00039 147 GGUAUGACUAUGGUCCAAGGCAACGGGGCCGCUGUU 182
                     ************************************ PP

>> ind_0019_00007  
 rank     E-value  score  bias mdl mdl from   mdl to       seq from      seq to       acc trunc   gc
 ----   --------- ------ ----- --- -------- --------    ----------- -----------      ---- ----- ----
 (35) !   0.00086   19.0   0.0  cm        1       36 []         147         182 + .. 1.00    no 0.64

                                v                 v       NC
                     :::::<<<--<<<<<<_________>>>>>>-->>> CS
  patent_aligned   1 GGUCAGACCCUGGUCCGGGGCAAUGGGACCACUGUU 36 
                     GGUC GACC   G CC  GGCAA GGG C  CUGUU
  ind_0019_00007 147 GGUCUGACCAUGGUCCCAGGCAACGGGGCAGCUGUU 182
                     ************************************ PP

>> ind_0019_00048  
 rank     E-value  score  bias mdl mdl from   mdl to       seq from      seq to       acc trunc   gc
 ----   --------- ------ ----- --- -------- --------    ----------- -----------      ---- ----- ----
 (36) !    0.0012   18.5   0.0  cm        1       36 []         147         182 + .. 1.00    no 0.56

                                  v             v         NC
                     :::::<<<--<<<<<<_________>>>>>>-->>> CS
  patent_aligned   1 GGUCAGACCCUGGUCCGGGGCAAUGGGACCACUGUU 36 
                     GGUC :ACC  G  CC  GGCAA GGG  C CUGU:
  ind_0019_00048 147 GGUCUAACCAUGGUCCUAGGCAACGGGUUCGCUGUU 182
                     ************************************ PP

>> ind_0019_00042  
 rank     E-value  score  bias mdl mdl from   mdl to       seq from      seq to       acc trunc   gc
 ----   --------- ------ ----- --- -------- --------    ----------- -----------      ---- ----- ----
 (37) !    0.0016   17.9   0.0  cm        1       36 []         147         182 + .. 0.90    no 0.69

                                                       NC
                     :::::<<<--<<<<<<_~~~~~>>>>>>-->>> CS
  patent_aligned   1 GGUCAGACCCUGGUCCG*[8]*GGACCACUGUU 36 
                     GGUC GACC  GG CC      GG CC CUGUU
  ind_0019_00042 147 GGUCUGACCGUGGUCCC*[8]*GGGCCGCUGUU 182
                     ***************95..6..*********** PP

>> ind_0019_00037  
 rank     E-value  score  bias mdl mdl from   mdl to       seq from      seq to       acc trunc   gc
 ----   --------- ------ ----- --- -------- --------    ----------- -----------      ---- ----- ----
 (38) !    0.0033   16.8   0.0  cm        1       36 []         147         180 + .. 0.99    no 0.65

                          vv                           vv NC
                     :::::<<<--<<<<<<_________>>>>>>-->>> CS
  patent_aligned   1 GGUCAGACCCUGGUCCGGGGCAAUGGGACCACUGUU 36 
                     GGUC GACC  GG CC  G CAA GGG CC CUG  
  ind_0019_00037 147 GGUCUGACCAUGGUCCAAGUCAACGGGGCCGCUG-- 180
                     **********************************.. PP

>> ind_0019_00024  
 rank     E-value  score  bias mdl mdl from   mdl to       seq from      seq to       acc trunc   gc
 ----   --------- ------ ----- --- -------- --------    ----------- -----------      ---- ----- ----
 (39) ?     0.012   14.7   0.0  cm        1       36 []         147         182 + .. 0.99    no 0.58

                                v                 v       NC
                     :::::<<<--<<<<<<_________>>>>>>-->>> CS
  patent_aligned   1 GGUCAGACCCUGGUCCGGGGCAAUGGGACCACUGUU 36 
                     GGUC GACC   G  C  GGCAA GG  C  CUGUU
  ind_0019_00024 147 GGUCUGACCAUGGUUCAAGGCAACGGGGCAGCUGUU 182
                     ************************************ PP

>> ind_0019_00041  
 rank     E-value  score  bias mdl mdl from   mdl to       seq from      seq to       acc trunc   gc
 ----   --------- ------ ----- --- -------- --------    ----------- -----------      ---- ----- ----
 (40) ?     0.045   12.5   0.0  cm        1       36 []         155         141 - .. 0.98    no 0.53

                                        NC
                     :::::<<<-~~~~~~>>> CS
  patent_aligned   1 GGUCAGACC*[24]*GUU 36 
                     GGUCAGACC      GUU
  ind_0019_00041 155 GGUCAGACC*[ 3]*GUU 141
                     ********8...9..*** PP

>> ind_0019_00029  
 rank     E-value  score  bias mdl mdl from   mdl to       seq from      seq to       acc trunc   gc
 ----   --------- ------ ----- --- -------- --------    ----------- -----------      ---- ----- ----
 (41) ?     0.047   12.5   0.0  cm        1       36 []         155         140 - .. 0.97    no 0.56

                                        NC
                     :::::<<<-~~~~~~>>> CS
  patent_aligned   1 GGUCAGACC*[24]*GUU 36 
                     GGUCAGACC      GUU
  ind_0019_00029 155 GGUCAGACC*[ 4]*GUU 140
                     ********8...*..*** PP

>> ind_0019_00007  
 rank     E-value  score  bias mdl mdl from   mdl to       seq from      seq to       acc trunc   gc
 ----   --------- ------ ----- --- -------- --------    ----------- -----------      ---- ----- ----
 (42) ?     0.047   12.5   0.0  cm        1       36 []         155         140 - .. 0.97    no 0.56

                                        NC
                     :::::<<<-~~~~~~>>> CS
  patent_aligned   1 GGUCAGACC*[24]*GUU 36 
                     GGUCAGACC      GUU
  ind_0019_00007 155 GGUCAGACC*[ 4]*GUU 140
                     ********8...*..*** PP

>> ind_0019_00024  
 rank     E-value  score  bias mdl mdl from   mdl to       seq from      seq to       acc trunc   gc
 ----   --------- ------ ----- --- -------- --------    ----------- -----------      ---- ----- ----
 (43) ?     0.047   12.5   0.0  cm        1       36 []         155         140 - .. 0.97    no 0.56

                                        NC
                     :::::<<<-~~~~~~>>> CS
  patent_aligned   1 GGUCAGACC*[24]*GUU 36 
                     GGUCAGACC      GUU
  ind_0019_00024 155 GGUCAGACC*[ 4]*GUU 140
                     ********8...*..*** PP

>> ind_0019_00027  
 rank     E-value  score  bias mdl mdl from   mdl to       seq from      seq to       acc trunc   gc
 ----   --------- ------ ----- --- -------- --------    ----------- -----------      ---- ----- ----
 (44) ?     0.048   12.4   0.0  cm        1       36 []         147         182 + .. 0.99    no 0.67

                                 v               v        NC
                     :::::<<<--<<<<<<_________>>>>>>-->>> CS
  patent_aligned   1 GGUCAGACCCUGGUCCGGGGCAAUGGGACCACUGUU 36 
                     G UC GACC  G  CCG G CAA GGG  C CUGUU
  ind_0019_00027 147 GCUCUGACCAUGGUCCGUGCCAACGGGGGCGCUGUU 182
                     *****************9999*************** PP

>> ind_0019_00040  
 rank     E-value  score  bias mdl mdl from   mdl to       seq from      seq to       acc trunc   gc
 ----   --------- ------ ----- --- -------- --------    ----------- -----------      ---- ----- ----
 (45) ?     0.066   11.9   0.0  cm        1       36 []         147         182 + .. 0.99    no 0.61

                           v      v             v      v  NC
                     :::::<<<--<<<<<<_________>>>>>>-->>> CS
  patent_aligned   1 GGUCAGACCCUGGUCCGGGGCAAUGGGACCACUGUU 36 
                     GGUCAG CC  G  CC  GG AA GGG  C CUG U
  ind_0019_00040 147 GGUCAGCCCAUGCACCAAGGUAACGGGAGCGCUGUU 182
                     ************************************ PP

>> ind_0019_00029  
 rank     E-value  score  bias mdl mdl from   mdl to       seq from      seq to       acc trunc   gc
 ----   --------- ------ ----- --- -------- --------    ----------- -----------      ---- ----- ----
 (46) ?     0.072   11.8   0.0  cm        1       36 []         147         182 + .. 0.95    no 0.58

                                v  v           v  v       NC
                     :::::<<<--<<<<<<_________>>>>>>-->>> CS
  patent_aligned   1 GGUCAGACCCUGGUCCGGGGCAAUGGGACCACUGUU 36 
                     GGUC GACC   G  C  GGCAA GG  C  CUGUU
  ind_0019_00029 147 GGUCUGACCAUGGUCCAAGGCAACGGUGCAGCUGUU 182
                     ****************99***9998888888***** PP

>> ind_0019_00006  
 rank     E-value  score  bias mdl mdl from   mdl to       seq from      seq to       acc trunc   gc
 ----   --------- ------ ----- --- -------- --------    ----------- -----------      ---- ----- ----
 (47) ?     0.084   11.5   0.0  cm        1       36 []         155         113 - .. 0.96    no 0.44

                                           NC
                     :::::<<<--~~~~~~-->>> CS
  patent_aligned   1 GGUCAGACCC*[21]*CUGUU 36 
                     GGUCAGACC       CUGUU
  ind_0019_00006 155 GGUCAGACCA*[28]*CUGUU 113
                     ********96...*..56*** PP

>> ind_0019_00037  
 rank     E-value  score  bias mdl mdl from   mdl to       seq from      seq to       acc trunc   gc
 ----   --------- ------ ----- --- -------- --------    ----------- -----------      ---- ----- ----
 (48) ?      0.14   10.6   0.0  cm        1       36 []         155         119 - .. 0.99    no 0.49

                                        NC
                     :::::<<<-~~~~~~>>> CS
  patent_aligned   1 GGUCAGACC*[24]*GUU 36 
                     GGUCAGACC      GUU
  ind_0019_00037 155 GGUCAGACC*[25]*GUU 119
                     ********8...*..*** PP

>> ind_0019_00015  
 rank     E-value  score  bias mdl mdl from   mdl to       seq from      seq to       acc trunc   gc
 ----   --------- ------ ----- --- -------- --------    ----------- -----------      ---- ----- ----
 (49) ?      0.14   10.6   0.0  cm        1       36 []         155         119 - .. 0.99    no 0.49

                                        NC
                     :::::<<<-~~~~~~>>> CS
  patent_aligned   1 GGUCAGACC*[24]*GUU 36 
                     GGUCAGACC      GUU
  ind_0019_00015 155 GGUCAGACC*[25]*GUU 119
                     ********8...*..*** PP

>> ind_0019_00001  
 rank     E-value  score  bias mdl mdl from   mdl to       seq from      seq to       acc trunc   gc
 ----   --------- ------ ----- --- -------- --------    ----------- -----------      ---- ----- ----
 (50) ?      0.14   10.6   0.0  cm        1       36 []         155         119 - .. 0.99    no 0.46

                                        NC
                     :::::<<<-~~~~~~>>> CS
  patent_aligned   1 GGUCAGACC*[24]*GUU 36 
                     GGUCAGACC      GUU
  ind_0019_00001 155 GGUCAGACC*[25]*GUU 119
                     ********8...*..*** PP

>> ind_0019_00036  
 rank     E-value  score  bias mdl mdl from   mdl to       seq from      seq to       acc trunc   gc
 ----   --------- ------ ----- --- -------- --------    ----------- -----------      ---- ----- ----
 (51) ?      0.29    9.5   0.0  cm        1       36 []         147         179 + .. 0.99    no 0.67

                          vvv                         vvv NC
                     :::::<<<--<<<<<<_________>>>>>>-->>> CS
  patent_aligned   1 GGUCAGACCCUGGUCCGGGGCAAUGGGACCACUGUU 36 
                     G UCAGA C  G  CCG G CAAUGGG  C C    
  ind_0019_00036 147 GCUCAGAACAUGCUCCGAGCCAAUGGGGGCGCG--- 179
                     ******************999************... PP

>> ind_0019_00035  
 rank     E-value  score  bias mdl mdl from   mdl to       seq from      seq to       acc trunc   gc
 ----   --------- ------ ----- --- -------- --------    ----------- -----------      ---- ----- ----
 (52) ?      0.31    9.4   0.0  cm        1       36 []         147         182 + .. 0.95    no 0.64

                                 v v           v v        NC
                     :::::<<<--<<<<<<_________>>>>>>-->>> CS
  patent_aligned   1 GGUCAGACCCUGGUCCGGGGCAAUGGGACCACUGUU 36 
                     G UC GACC  G   CG GGCA UGG   C CUGUU
  ind_0019_00035 147 GCUCUGACCAUGGUCCGAGGCAUUGGCGGCGCUGUU 182
                     *********************99988777******* PP

>> ind_0019_00010  
 rank     E-value  score  bias mdl mdl from   mdl to       seq from      seq to       acc trunc   gc
 ----   --------- ------ ----- --- -------- --------    ----------- -----------      ---- ----- ----
 (53) ?      0.35    9.1   0.0  cm        1       36 []         147         182 + .. 0.99    no 0.61

                                    v         v           NC
                     :::::<<<--<<<<<<_________>>>>>>-->>> CS
  patent_aligned   1 GGUCAGACCCUGGUCCGGGGCAAUGGGACCACUGUU 36 
                     GG C GACC  G UC   GGCAA G GA C  UGUU
  ind_0019_00010 147 GGCCUGACCAUGGUCGUAGGCAACGGGAUCGGUGUU 182
                     ***************999****************** PP

>> ind_0019_00002  
 rank     E-value  score  bias mdl mdl from   mdl to       seq from      seq to       acc trunc   gc
 ----   --------- ------ ----- --- -------- --------    ----------- -----------      ---- ----- ----
 (54) ?      0.37    9.1   0.0  cm        1       36 []         155         119 - .. 0.93    no 0.51

                                         NC
                     :::::<<<--~~~~~~>>> CS
  patent_aligned   1 GGUCAGACCC*[23]*GUU 36 
                     GGUCA:ACC       GU:
  ind_0019_00002 155 GGUCAGACCA*[24]*GUC 119
                     ********95...9..*** PP

>> ind_0019_00025  
 rank     E-value  score  bias mdl mdl from   mdl to       seq from      seq to       acc trunc   gc
 ----   --------- ------ ----- --- -------- --------    ----------- -----------      ---- ----- ----
 (55) ?      0.46    8.7   0.0  cm        1       36 []         155         119 - .. 0.94    no 0.54

                                        NC
                     :::::<<<-~~~~~~>>> CS
  patent_aligned   1 GGUCAGACC*[24]*GUU 36 
                     GGUCA:ACC      GU:
  ind_0019_00025 155 GGUCAGACC*[25]*GUC 119
                     ********9...9..*** PP

>> ind_0019_00032  
 rank     E-value  score  bias mdl mdl from   mdl to       seq from      seq to       acc trunc   gc
 ----   --------- ------ ----- --- -------- --------    ----------- -----------      ---- ----- ----
 (56) ?      0.55    8.4   0.0  cm        1       36 []         147         182 + .. 0.94    no 0.56

                                 v v           v v        NC
                     :::::<<<--<<<<<<_________>>>>>>-->>> CS
  patent_aligned   1 GGUCAGACCCUGGUCCGGGGCAAUGGGACCACUGUU 36 
                     G UCAGAC   G   C  GGCAAUGG   C CUGUU
  ind_0019_00032 147 GCUCAGACAAUGCUGCAAGGCAAUGGGGUCGCUGUU 182
                     ********9999888999**********9******* PP

>> ind_0019_00020  
 rank     E-value  score  bias mdl mdl from   mdl to       seq from      seq to       acc trunc   gc
 ----   --------- ------ ----- --- -------- --------    ----------- -----------      ---- ----- ----
 (57) ?      0.65    8.2   0.0  cm        1       36 []         147         182 + .. 0.99    no 0.58

                          v       v             v       v NC
                     :::::<<<--<<<<<<_________>>>>>>-->>> CS
  patent_aligned   1 GGUCAGACCCUGGUCCGGGGCAAUGGGACCACUGUU 36 
                     GGUC  ACC  G  CC  GGCA  GGG  C CUGU 
  ind_0019_00020 147 GGUCUCACCAUGGUCCUAGGCAUCGGGUUCGCUGUU 182
                     **********************999*********** PP

>> ind_0019_00011  
 rank     E-value  score  bias mdl mdl from   mdl to       seq from      seq to       acc trunc   gc
 ----   --------- ------ ----- --- -------- --------    ----------- -----------      ---- ----- ----
 (58) ?   6.5e+02   -3.1   0.0  cm        1        4 [~         194         197 + .~ 1.00    3' 0.75

                                NC
                     ::::~~~~~~ CS
  patent_aligned   1 GGUC*[32]> 36 
                      GUC      
  ind_0019_00011 194 CGUC*[ 0]> 197
                     ****...... PP

>> ind_0019_00008  
 rank     E-value  score  bias mdl mdl from   mdl to       seq from      seq to       acc trunc   gc
 ----   --------- ------ ----- --- -------- --------    ----------- -----------      ---- ----- ----
 (59) ?   6.5e+02   -3.1   0.0  cm        1        4 [~         194         197 + .~ 1.00    3' 0.75

                                NC
                     ::::~~~~~~ CS
  patent_aligned   1 GGUC*[32]> 36 
                      GUC      
  ind_0019_00008 194 CGUC*[ 0]> 197
                     ****...... PP

>> ind_0019_00034  
 rank     E-value  score  bias mdl mdl from   mdl to       seq from      seq to       acc trunc   gc
 ----   --------- ------ ----- --- -------- --------    ----------- -----------      ---- ----- ----
 (60) ?   7.9e+02   -3.5   0.0  cm        1        1 [~         197         197 + .~ 0.99    3' 1.00

                             NC
                     :~~~~~~ CS
  patent_aligned   1 G*[35]> 36 
                     G      
  ind_0019_00034 197 G*[ 0]> 197
                     *...... PP

>> ind_0019_00029  
 rank     E-value  score  bias mdl mdl from   mdl to       seq from      seq to       acc trunc   gc
 ----   --------- ------ ----- --- -------- --------    ----------- -----------      ---- ----- ----
 (61) ?   9.8e+02   -3.8   0.0  cm        9       33 ..         138         120 - .. 0.99    no 0.47

                                    NC
                     --<<~~~~~~>>-- CS
  patent_aligned   9 CCUG*[17]*CACU 33 
                     CCUG      CACU
  ind_0019_00029 138 CCUG*[11]*CACU 120
                     ***9...*..9*** PP



Internal CM pipeline statistics summary:
----------------------------------------
Query model(s):                                                  1  (36 consensus positions)
Target sequences:                                               50  (19700 residues searched)
Target sequences re-searched for truncated hits:                50  (10200 residues re-searched)
Windows   passing  local HMM SSV           filter:             245  (0.4952); expected (0.35)
Windows   passing  local HMM Viterbi       filter:                  (off)
Windows   passing  local HMM Viterbi  bias filter:                  (off)
Windows   passing  local HMM Forward       filter:             154  (0.327); expected (0.02)
Windows   passing  local HMM Forward  bias filter:             154  (0.327); expected (0.02)
Windows   passing glocal HMM Forward       filter:             105  (0.2399); expected (0.02)
Windows   passing glocal HMM Forward  bias filter:             102  (0.2298); expected (0.02)
Envelopes passing glocal HMM envelope defn filter:             102  (0.1479); expected (0.02)
Envelopes passing  local CM  CYK           filter:              92  (0.1296); expected (0.0001)
Total CM hits reported:                                         61  (0.06739); includes 3 truncated hit(s)

# CPU time: 0.74u 0.00s 00:00:00.74 Elapsed: 00:00:00.75
# Alignment of 38 hits satisfying inclusion thresholds saved to: optimization_a7/100gen/_workspace/cmsearch_logs/gen_0019/patent_cmsearch.sto
//
[ok]
