# cmsearch :: search CM(s) against a sequence database
# INFERNAL 1.1.5 (Sep 2023)
# Copyright (C) 2023 Howard Hughes Medical Institute.
# Freely distributed under the BSD open source license.
# - - - - - - - - - - - - - - - - - - - - - - - - - - - - - - - - - - - -
# query CM file:                         A7_analysis/patent.cm
# target sequence database:              /tmp/tmp3u35shnm/queries.fa
# output directed to file:               optimization_a7/100gen/_workspace/cmsearch_logs/gen_0042/patent_cmsearch.out
# MSA of significant hits saved to file: optimization_a7/100gen/_workspace/cmsearch_logs/gen_0042/patent_cmsearch.sto
# tabular output of hits:                optimization_a7/100gen/_workspace/cmsearch_logs/gen_0042/patent_cmsearch.tblout
# max ASCII text line length:            unlimited
# sequence reporting threshold:          E-value <= 1000
# number of worker threads:              4
# - - - - - - - - - - - - - - - - - - - - - - - - - - - - - - - - - - - -

Query:       patent_aligned  [CLEN=36]
Hit scores:
 rank     E-value  score  bias  sequence        start    end   mdl trunc   gc  description
 ----   --------- ------ -----  -------------- ------ ------   --- ----- ----  -----------
  (1) !   5.4e-09   38.6   0.0  ind_0042_00001    147    182 +  cm    no 0.72  -
  (2) !   5.4e-09   38.6   0.0  ind_0042_00002    147    182 +  cm    no 0.72  -
  (3) !   5.4e-09   38.6   0.0  ind_0042_00016    147    182 +  cm    no 0.72  -
  (4) !   5.4e-09   38.6   0.0  ind_0042_00026    147    182 +  cm    no 0.72  -
  (5) !   5.4e-09   38.6   0.0  ind_0042_00027    147    182 +  cm    no 0.72  -
  (6) !   5.4e-09   38.6   0.0  ind_0042_00041    147    182 +  cm    no 0.72  -
  (7) !     7e-09   38.2   0.0  ind_0042_00047    147    182 +  cm    no 0.72  -
  (8) !   1.7e-08   36.7   0.0  ind_0042_00043    147    182 +  cm    no 0.67  -
  (9) !   1.8e-08   36.6   0.0  ind_0042_00010    147    182 +  cm    no 0.69  -
 (10) !   1.8e-08   36.6   0.0  ind_0042_00032    147    182 +  cm    no 0.69  -
 (11) !   7.4e-08   34.3   0.0  ind_0042_00013    147    182 +  cm    no 0.75  -
 (12) !   1.4e-07   33.2   0.0  ind_0042_00000    147    182 +  cm    no 0.69  -
 (13) !   1.4e-07   33.2   0.0  ind_0042_00034    147    182 +  cm    no 0.69  -
 (14) !   3.7e-07   31.7   0.0  ind_0042_00049    147    180 +  cm    no 0.76  -
 (15) !   4.7e-07   31.3   0.0  ind_0042_00003    147    182 +  cm    no 0.67  -
 (16) !   4.7e-07   31.3   0.0  ind_0042_00004    147    182 +  cm    no 0.67  -
 (17) !   4.7e-07   31.3   0.0  ind_0042_00006    147    182 +  cm    no 0.67  -
 (18) !   4.7e-07   31.3   0.0  ind_0042_00008    147    182 +  cm    no 0.67  -
 (19) !   4.7e-07   31.3   0.0  ind_0042_00018    147    182 +  cm    no 0.67  -
 (20) !   4.7e-07   31.3   0.0  ind_0042_00020    147    182 +  cm    no 0.67  -
 (21) !   4.7e-07   31.3   0.0  ind_0042_00022    147    182 +  cm    no 0.67  -
 (22) !   4.7e-07   31.3   0.0  ind_0042_00030    147    182 +  cm    no 0.67  -
 (23) !   4.7e-07   31.3   0.0  ind_0042_00033    147    182 +  cm    no 0.67  -
 (24) !   4.7e-07   31.3   0.0  ind_0042_00035    147    182 +  cm    no 0.67  -
 (25) !   4.7e-07   31.3   0.0  ind_0042_00036    147    182 +  cm    no 0.67  -
 (26) !   4.7e-07   31.3   0.0  ind_0042_00040    147    182 +  cm    no 0.67  -
 (27) !   4.7e-07   31.3   0.0  ind_0042_00045    147    182 +  cm    no 0.67  -
 (28) !   4.7e-07   31.3   0.0  ind_0042_00046    147    182 +  cm    no 0.67  -
 (29) !   7.4e-07   30.5   0.0  ind_0042_00017    147    182 +  cm    no 0.67  -
 (30) !   1.1e-06   29.9   0.0  ind_0042_00015    147    182 +  cm    no 0.69  -
 (31) !   2.1e-06   28.8   0.0  ind_0042_00038    147    182 +  cm    no 0.64  -
 (32) !   3.2e-06   28.2   0.0  ind_0042_00019    147    182 +  cm    no 0.67  -
 (33) !   5.5e-06   27.3   0.0  ind_0042_00021    147    182 +  cm    no 0.69  -
 (34) !   7.3e-06   26.8   0.0  ind_0042_00031    147    182 +  cm    no 0.64  -
 (35) !   1.1e-05   26.1   0.0  ind_0042_00023    147    182 +  cm    no 0.69  -
 (36) !   1.2e-05   26.0   0.0  ind_0042_00025    147    182 +  cm    no 0.64  -
 (37) !   1.3e-05   25.9   0.0  ind_0042_00029    147    182 +  cm    no 0.64  -
 (38) !   1.5e-05   25.7   0.0  ind_0042_00009    147    182 +  cm    no 0.69  -
 (39) !   1.5e-05   25.7   0.0  ind_0042_00012    147    182 +  cm    no 0.69  -
 (40) !   1.8e-05   25.3   0.0  ind_0042_00024    147    182 +  cm    no 0.67  -
 (41) !   1.9e-05   25.2   0.0  ind_0042_00028    147    182 +  cm    no 0.67  -
 (42) !   5.3e-05   23.6   0.0  ind_0042_00039    147    182 +  cm    no 0.64  -
 (43) !   7.2e-05   23.1   0.0  ind_0042_00044    147    182 +  cm    no 0.69  -
 (44) !   0.00011   22.4   0.0  ind_0042_00005    147    182 +  cm    no 0.64  -
 (45) !    0.0002   21.4   0.0  ind_0042_00014    147    182 +  cm    no 0.67  -
 (46) !    0.0016   17.9   0.0  ind_0042_00037    147    182 +  cm    no 0.61  -
 (47) !    0.0026   17.2   0.0  ind_0042_00048    147    182 +  cm    no 0.67  -
 (48) !    0.0031   16.9   0.0  ind_0042_00011    147    182 +  cm    no 0.69  -
 (49) !    0.0037   16.6   0.0  ind_0042_00007    147    182 +  cm    no 0.64  -
 ------ inclusion threshold ------
 (50) ?     0.032   13.1   0.0  ind_0042_00048    155    119 -  cm    no 0.49  -
 (51) ?     0.032   13.1   0.0  ind_0042_00002    155    119 -  cm    no 0.43  -
 (52) ?     0.032   13.1   0.0  ind_0042_00049    155    119 -  cm    no 0.43  -
 (53) ?     0.057   12.1   0.0  ind_0042_00027    155    129 -  cm    no 0.41  -
 (54) ?     0.082   11.5   0.0  ind_0042_00013    155    119 -  cm    no 0.43  -
 (55) ?     0.084   11.5   0.0  ind_0042_00001    155    119 -  cm    no 0.41  -
 (56) ?     0.084   11.5   0.0  ind_0042_00026    155    119 -  cm    no 0.41  -
 (57) ?     0.084   11.5   0.0  ind_0042_00041    155    119 -  cm    no 0.41  -
 (58) ?      0.14   10.7   0.0  ind_0042_00005    155    116 -  cm    no 0.45  -
 (59) ?      0.14   10.7   0.0  ind_0042_00028    155    119 -  cm    no 0.49  -
 (60) ?      0.14   10.6   0.0  ind_0042_00036    155    119 -  cm    no 0.51  -
 (61) ?      0.14   10.6   0.0  ind_0042_00016    155    119 -  cm    no 0.46  -
 (62) ?      0.14   10.6   0.0  ind_0042_00006    155    119 -  cm    no 0.46  -
 (63) ?      0.14   10.6   0.0  ind_0042_00014    155    119 -  cm    no 0.49  -
 (64) ?      0.14   10.6   0.0  ind_0042_00024    155    119 -  cm    no 0.51  -
 (65) ?      0.14   10.6   0.0  ind_0042_00033    155    119 -  cm    no 0.49  -
 (66) ?      0.14   10.6   0.0  ind_0042_00035    155    119 -  cm    no 0.49  -
 (67) ?      0.14   10.6   0.0  ind_0042_00021    155    119 -  cm    no 0.49  -
 (68) ?      0.14   10.6   0.0  ind_0042_00000    155    119 -  cm    no 0.46  -
 (69) ?      0.14   10.6   0.0  ind_0042_00010    155    119 -  cm    no 0.46  -
 (70) ?      0.14   10.6   0.0  ind_0042_00011    155    119 -  cm    no 0.46  -
 (71) ?      0.14   10.6   0.0  ind_0042_00015    155    119 -  cm    no 0.46  -
 (72) ?      0.14   10.6   0.0  ind_0042_00034    155    119 -  cm    no 0.46  -
 (73) ?      0.14   10.6   0.0  ind_0042_00040    155    119 -  cm    no 0.46  -
 (74) ?      0.14   10.6   0.0  ind_0042_00046    155    119 -  cm    no 0.46  -
 (75) ?      0.14   10.6   0.0  ind_0042_00047    155    119 -  cm    no 0.46  -
 (76) ?      0.14   10.6   0.0  ind_0042_00030    155    119 -  cm    no 0.46  -
 (77) ?      0.14   10.6   0.0  ind_0042_00032    155    119 -  cm    no 0.43  -
 (78) ?        35    1.7   0.0  ind_0042_00016    108     95 -  cm    no 0.64  -
 (79) ?   1.8e+02   -1.0   0.0  ind_0042_00014    162    156 -  cm    no 0.71  -
 (80) ?   2.1e+02   -1.3   0.0  ind_0042_00006    108    105 -  cm    no 0.75  -
 (81) ?   6.7e+02   -3.2   0.0  ind_0042_00016    114    112 -  cm    no 0.67  -


Hit alignments:
>> ind_0042_00001  
 rank     E-value  score  bias mdl mdl from   mdl to       seq from      seq to       acc trunc   gc
 ----   --------- ------ ----- --- -------- --------    ----------- -----------      ---- ----- ----
  (1) !   5.4e-09   38.6   0.0  cm        1       36 []         147         182 + .. 1.00    no 0.72

                                                          NC
                     :::::<<<--<<<<<<_________>>>>>>-->>> CS
  patent_aligned   1 GGUCAGACCCUGGUCCGGGGCAAUGGGACCACUGUU 36 
                     GGUC GACCC GG CC  GGCAA GGG CC CUGUU
  ind_0042_00001 147 GGUCUGACCCCGGCCCAAGGCAACGGGGCCGCUGUU 182
                     ************************************ PP

>> ind_0042_00002  
 rank     E-value  score  bias mdl mdl from   mdl to       seq from      seq to       acc trunc   gc
 ----   --------- ------ ----- --- -------- --------    ----------- -----------      ---- ----- ----
  (2) !   5.4e-09   38.6   0.0  cm        1       36 []         147         182 + .. 1.00    no 0.72

                                                          NC
                     :::::<<<--<<<<<<_________>>>>>>-->>> CS
  patent_aligned   1 GGUCAGACCCUGGUCCGGGGCAAUGGGACCACUGUU 36 
                     GGUC GACCC GG CC  GGCAA GGG CC CUGUU
  ind_0042_00002 147 GGUCUGACCCCGGCCCAAGGCAACGGGGCCGCUGUU 182
                     ************************************ PP

>> ind_0042_00016  
 rank     E-value  score  bias mdl mdl from   mdl to       seq from      seq to       acc trunc   gc
 ----   --------- ------ ----- --- -------- --------    ----------- -----------      ---- ----- ----
  (3) !   5.4e-09   38.6   0.0  cm        1       36 []         147         182 + .. 1.00    no 0.72

                                                          NC
                     :::::<<<--<<<<<<_________>>>>>>-->>> CS
  patent_aligned   1 GGUCAGACCCUGGUCCGGGGCAAUGGGACCACUGUU 36 
                     GGUC GACCC GG CC  GGCAA GGG CC CUGUU
  ind_0042_00016 147 GGUCUGACCCCGGCCCAAGGCAACGGGGCCGCUGUU 182
                     ************************************ PP

>> ind_0042_00026  
 rank     E-value  score  bias mdl mdl from   mdl to       seq from      seq to       acc trunc   gc
 ----   --------- ------ ----- --- -------- --------    ----------- -----------      ---- ----- ----
  (4) !   5.4e-09   38.6   0.0  cm        1       36 []         147         182 + .. 1.00    no 0.72

                                                          NC
                     :::::<<<--<<<<<<_________>>>>>>-->>> CS
  patent_aligned   1 GGUCAGACCCUGGUCCGGGGCAAUGGGACCACUGUU 36 
                     GGUC GACCC GG CC  GGCAA GGG CC CUGUU
  ind_0042_00026 147 GGUCUGACCCCGGCCCAAGGCAACGGGGCCGCUGUU 182
                     ************************************ PP

>> ind_0042_00027  
 rank     E-value  score  bias mdl mdl from   mdl to       seq from      seq to       acc trunc   gc
 ----   --------- ------ ----- --- -------- --------    ----------- -----------      ---- ----- ----
  (5) !   5.4e-09   38.6   0.0  cm        1       36 []         147         182 + .. 1.00    no 0.72

                                                          NC
                     :::::<<<--<<<<<<_________>>>>>>-->>> CS
  patent_aligned   1 GGUCAGACCCUGGUCCGGGGCAAUGGGACCACUGUU 36 
                     GGUC GACCC GG CC  GGCAA GGG CC CUGUU
  ind_0042_00027 147 GGUCUGACCCCGGCCCAAGGCAACGGGGCCGCUGUU 182
                     ************************************ PP

>> ind_0042_00041  
 rank     E-value  score  bias mdl mdl from   mdl to       seq from      seq to       acc trunc   gc
 ----   --------- ------ ----- --- -------- --------    ----------- -----------      ---- ----- ----
  (6) !   5.4e-09   38.6   0.0  cm        1       36 []         147         182 + .. 1.00    no 0.72

                                                          NC
                     :::::<<<--<<<<<<_________>>>>>>-->>> CS
  patent_aligned   1 GGUCAGACCCUGGUCCGGGGCAAUGGGACCACUGUU 36 
                     GGUC GACCC GG CC  GGCAA GGG CC CUGUU
  ind_0042_00041 147 GGUCUGACCCCGGCCCAAGGCAACGGGGCCGCUGUU 182
                     ************************************ PP

>> ind_0042_00047  
 rank     E-value  score  bias mdl mdl from   mdl to       seq from      seq to       acc trunc   gc
 ----   --------- ------ ----- --- -------- --------    ----------- -----------      ---- ----- ----
  (7) !     7e-09   38.2   0.0  cm        1       36 []         147         182 + .. 1.00    no 0.72

                                                          NC
                     :::::<<<--<<<<<<_________>>>>>>-->>> CS
  patent_aligned   1 GGUCAGACCCUGGUCCGGGGCAAUGGGACCACUGUU 36 
                     GGUC GACC  GG CCG GGCAA GGG CC CUGUU
  ind_0042_00047 147 GGUCUGACCACGGCCCGAGGCAACGGGGCCGCUGUU 182
                     ************************************ PP

>> ind_0042_00043  
 rank     E-value  score  bias mdl mdl from   mdl to       seq from      seq to       acc trunc   gc
 ----   --------- ------ ----- --- -------- --------    ----------- -----------      ---- ----- ----
  (8) !   1.7e-08   36.7   0.0  cm        1       36 []         147         182 + .. 1.00    no 0.67

                                                          NC
                     :::::<<<--<<<<<<_________>>>>>>-->>> CS
  patent_aligned   1 GGUCAGACCCUGGUCCGGGGCAAUGGGACCACUGUU 36 
                     GGUCAGACC  GG CC  GGCAA GGG CC CUGUU
  ind_0042_00043 147 GGUCAGACCACGGUCCAAGGCAACGGGGCCGCUGUU 182
                     ************************************ PP

>> ind_0042_00010  
 rank     E-value  score  bias mdl mdl from   mdl to       seq from      seq to       acc trunc   gc
 ----   --------- ------ ----- --- -------- --------    ----------- -----------      ---- ----- ----
  (9) !   1.8e-08   36.6   0.0  cm        1       36 []         147         182 + .. 1.00    no 0.69

                                                          NC
                     :::::<<<--<<<<<<_________>>>>>>-->>> CS
  patent_aligned   1 GGUCAGACCCUGGUCCGGGGCAAUGGGACCACUGUU 36 
                     GGUC GACCC GG CC  GGCAA GGG CC CUGUU
  ind_0042_00010 147 GGUCUGACCCCGGUCCAAGGCAACGGGGCCGCUGUU 182
                     ************************************ PP

>> ind_0042_00032  
 rank     E-value  score  bias mdl mdl from   mdl to       seq from      seq to       acc trunc   gc
 ----   --------- ------ ----- --- -------- --------    ----------- -----------      ---- ----- ----
 (10) !   1.8e-08   36.6   0.0  cm        1       36 []         147         182 + .. 1.00    no 0.69

                                                          NC
                     :::::<<<--<<<<<<_________>>>>>>-->>> CS
  patent_aligned   1 GGUCAGACCCUGGUCCGGGGCAAUGGGACCACUGUU 36 
                     GGUC GACCC GG CC  GGCAA GGG CC CUGUU
  ind_0042_00032 147 GGUCUGACCCCGGUCCAAGGCAACGGGGCCGCUGUU 182
                     ************************************ PP

>> ind_0042_00013  
 rank     E-value  score  bias mdl mdl from   mdl to       seq from      seq to       acc trunc   gc
 ----   --------- ------ ----- --- -------- --------    ----------- -----------      ---- ----- ----
 (11) !   7.4e-08   34.3   0.0  cm        1       36 []         147         182 + .. 1.00    no 0.75

                                                          NC
                     :::::<<<--<<<<<<_________>>>>>>-->>> CS
  patent_aligned   1 GGUCAGACCCUGGUCCGGGGCAAUGGGACCACUGUU 36 
                     GG C GACCC GG CC  GGCAA GGG CC CUGUU
  ind_0042_00013 147 GGCCUGACCCCGGCCCAAGGCAACGGGGCCGCUGUU 182
                     ************************************ PP

>> ind_0042_00000  
 rank     E-value  score  bias mdl mdl from   mdl to       seq from      seq to       acc trunc   gc
 ----   --------- ------ ----- --- -------- --------    ----------- -----------      ---- ----- ----
 (12) !   1.4e-07   33.2   0.0  cm        1       36 []         147         182 + .. 1.00    no 0.69

                                                          NC
                     :::::<<<--<<<<<<_________>>>>>>-->>> CS
  patent_aligned   1 GGUCAGACCCUGGUCCGGGGCAAUGGGACCACUGUU 36 
                     GGUC GACC  GG CC  GGCAA GGG CC CUGUU
  ind_0042_00000 147 GGUCUGACCACGGCCCAAGGCAACGGGGCCGCUGUU 182
                     ************************************ PP

>> ind_0042_00034  
 rank     E-value  score  bias mdl mdl from   mdl to       seq from      seq to       acc trunc   gc
 ----   --------- ------ ----- --- -------- --------    ----------- -----------      ---- ----- ----
 (13) !   1.4e-07   33.2   0.0  cm        1       36 []         147         182 + .. 1.00    no 0.69

                                                          NC
                     :::::<<<--<<<<<<_________>>>>>>-->>> CS
  patent_aligned   1 GGUCAGACCCUGGUCCGGGGCAAUGGGACCACUGUU 36 
                     GGUC GACC  GG CC  GGCAA GGG CC CUGUU
  ind_0042_00034 147 GGUCUGACCACGGCCCAAGGCAACGGGGCCGCUGUU 182
                     ************************************ PP

>> ind_0042_00049  
 rank     E-value  score  bias mdl mdl from   mdl to       seq from      seq to       acc trunc   gc
 ----   --------- ------ ----- --- -------- --------    ----------- -----------      ---- ----- ----
 (14) !   3.7e-07   31.7   0.0  cm        1       36 []         147         180 + .. 1.00    no 0.76

                          vv                           vv NC
                     :::::<<<--<<<<<<_________>>>>>>-->>> CS
  patent_aligned   1 GGUCAGACCCUGGUCCGGGGCAAUGGGACCACUGUU 36 
                     GGUC GACCC GG CC  GGCAA GGG CC CUG  
  ind_0042_00049 147 GGUCUGACCCCGGCCCAAGGCAACGGGGCCGCUG-- 180
                     **********************************.. PP

>> ind_0042_00003  
 rank     E-value  score  bias mdl mdl from   mdl to       seq from      seq to       acc trunc   gc
 ----   --------- ------ ----- --- -------- --------    ----------- -----------      ---- ----- ----
 (15) !   4.7e-07   31.3   0.0  cm        1       36 []         147         182 + .. 1.00    no 0.67

                                                          NC
                     :::::<<<--<<<<<<_________>>>>>>-->>> CS
  patent_aligned   1 GGUCAGACCCUGGUCCGGGGCAAUGGGACCACUGUU 36 
                     GGUC GACC  GG CC  GGCAA GGG CC CUGUU
  ind_0042_00003 147 GGUCUGACCACGGUCCAAGGCAACGGGGCCGCUGUU 182
                     ************************************ PP

>> ind_0042_00004  
 rank     E-value  score  bias mdl mdl from   mdl to       seq from      seq to       acc trunc   gc
 ----   --------- ------ ----- --- -------- --------    ----------- -----------      ---- ----- ----
 (16) !   4.7e-07   31.3   0.0  cm        1       36 []         147         182 + .. 1.00    no 0.67

                                                          NC
                     :::::<<<--<<<<<<_________>>>>>>-->>> CS
  patent_aligned   1 GGUCAGACCCUGGUCCGGGGCAAUGGGACCACUGUU 36 
                     GGUC GACC  GG CC  GGCAA GGG CC CUGUU
  ind_0042_00004 147 GGUCUGACCACGGUCCAAGGCAACGGGGCCGCUGUU 182
                     ************************************ PP

>> ind_0042_00006  
 rank     E-value  score  bias mdl mdl from   mdl to       seq from      seq to       acc trunc   gc
 ----   --------- ------ ----- --- -------- --------    ----------- -----------      ---- ----- ----
 (17) !   4.7e-07   31.3   0.0  cm        1       36 []         147         182 + .. 1.00    no 0.67

                                                          NC
                     :::::<<<--<<<<<<_________>>>>>>-->>> CS
  patent_aligned   1 GGUCAGACCCUGGUCCGGGGCAAUGGGACCACUGUU 36 
                     GGUC GACC  GG CC  GGCAA GGG CC CUGUU
  ind_0042_00006 147 GGUCUGACCACGGUCCAAGGCAACGGGGCCGCUGUU 182
                     ************************************ PP

>> ind_0042_00008  
 rank     E-value  score  bias mdl mdl from   mdl to       seq from      seq to       acc trunc   gc
 ----   --------- ------ ----- --- -------- --------    ----------- -----------      ---- ----- ----
 (18) !   4.7e-07   31.3   0.0  cm        1       36 []         147         182 + .. 1.00    no 0.67

                                                          NC
                     :::::<<<--<<<<<<_________>>>>>>-->>> CS
  patent_aligned   1 GGUCAGACCCUGGUCCGGGGCAAUGGGACCACUGUU 36 
                     GGUC GACC  GG CC  GGCAA GGG CC CUGUU
  ind_0042_00008 147 GGUCUGACCACGGUCCAAGGCAACGGGGCCGCUGUU 182
                     ************************************ PP

>> ind_0042_00018  
 rank     E-value  score  bias mdl mdl from   mdl to       seq from      seq to       acc trunc   gc
 ----   --------- ------ ----- --- -------- --------    ----------- -----------      ---- ----- ----
 (19) !   4.7e-07   31.3   0.0  cm        1       36 []         147         182 + .. 1.00    no 0.67

                                                          NC
                     :::::<<<--<<<<<<_________>>>>>>-->>> CS
  patent_aligned   1 GGUCAGACCCUGGUCCGGGGCAAUGGGACCACUGUU 36 
                     GGUC GACC  GG CC  GGCAA GGG CC CUGUU
  ind_0042_00018 147 GGUCUGACCACGGUCCAAGGCAACGGGGCCGCUGUU 182
                     ************************************ PP

>> ind_0042_00020  
 rank     E-value  score  bias mdl mdl from   mdl to       seq from      seq to       acc trunc   gc
 ----   --------- ------ ----- --- -------- --------    ----------- -----------      ---- ----- ----
 (20) !   4.7e-07   31.3   0.0  cm        1       36 []         147         182 + .. 1.00    no 0.67

                                                          NC
                     :::::<<<--<<<<<<_________>>>>>>-->>> CS
  patent_aligned   1 GGUCAGACCCUGGUCCGGGGCAAUGGGACCACUGUU 36 
                     GGUC GACC  GG CC  GGCAA GGG CC CUGUU
  ind_0042_00020 147 GGUCUGACCACGGUCCAAGGCAACGGGGCCGCUGUU 182
                     ************************************ PP

>> ind_0042_00022  
 rank     E-value  score  bias mdl mdl from   mdl to       seq from      seq to       acc trunc   gc
 ----   --------- ------ ----- --- -------- --------    ----------- -----------      ---- ----- ----
 (21) !   4.7e-07   31.3   0.0  cm        1       36 []         147         182 + .. 1.00    no 0.67

                                                          NC
                     :::::<<<--<<<<<<_________>>>>>>-->>> CS
  patent_aligned   1 GGUCAGACCCUGGUCCGGGGCAAUGGGACCACUGUU 36 
                     GGUC GACC  GG CC  GGCAA GGG CC CUGUU
  ind_0042_00022 147 GGUCUGACCACGGUCCAAGGCAACGGGGCCGCUGUU 182
                     ************************************ PP

>> ind_0042_00030  
 rank     E-value  score  bias mdl mdl from   mdl to       seq from      seq to       acc trunc   gc
 ----   --------- ------ ----- --- -------- --------    ----------- -----------      ---- ----- ----
 (22) !   4.7e-07   31.3   0.0  cm        1       36 []         147         182 + .. 1.00    no 0.67

                                                          NC
                     :::::<<<--<<<<<<_________>>>>>>-->>> CS
  patent_aligned   1 GGUCAGACCCUGGUCCGGGGCAAUGGGACCACUGUU 36 
                     GGUC GACC  GG CC  GGCAA GGG CC CUGUU
  ind_0042_00030 147 GGUCUGACCACGGUCCAAGGCAACGGGGCCGCUGUU 182
                     ************************************ PP

>> ind_0042_00033  
 rank     E-value  score  bias mdl mdl from   mdl to       seq from      seq to       acc trunc   gc
 ----   --------- ------ ----- --- -------- --------    ----------- -----------      ---- ----- ----
 (23) !   4.7e-07   31.3   0.0  cm        1       36 []         147         182 + .. 1.00    no 0.67

                                                          NC
                     :::::<<<--<<<<<<_________>>>>>>-->>> CS
  patent_aligned   1 GGUCAGACCCUGGUCCGGGGCAAUGGGACCACUGUU 36 
                     GGUC GACC  GG CC  GGCAA GGG CC CUGUU
  ind_0042_00033 147 GGUCUGACCACGGUCCAAGGCAACGGGGCCGCUGUU 182
                     ************************************ PP

>> ind_0042_00035  
 rank     E-value  score  bias mdl mdl from   mdl to       seq from      seq to       acc trunc   gc
 ----   --------- ------ ----- --- -------- --------    ----------- -----------      ---- ----- ----
 (24) !   4.7e-07   31.3   0.0  cm        1       36 []         147         182 + .. 1.00    no 0.67

                                                          NC
                     :::::<<<--<<<<<<_________>>>>>>-->>> CS
  patent_aligned   1 GGUCAGACCCUGGUCCGGGGCAAUGGGACCACUGUU 36 
                     GGUC GACC  GG CC  GGCAA GGG CC CUGUU
  ind_0042_00035 147 GGUCUGACCACGGUCCAAGGCAACGGGGCCGCUGUU 182
                     ************************************ PP

>> ind_0042_00036  
 rank     E-value  score  bias mdl mdl from   mdl to       seq from      seq to       acc trunc   gc
 ----   --------- ------ ----- --- -------- --------    ----------- -----------      ---- ----- ----
 (25) !   4.7e-07   31.3   0.0  cm        1       36 []         147         182 + .. 1.00    no 0.67

                                                          NC
                     :::::<<<--<<<<<<_________>>>>>>-->>> CS
  patent_aligned   1 GGUCAGACCCUGGUCCGGGGCAAUGGGACCACUGUU 36 
                     GGUC GACC  GG CC  GGCAA GGG CC CUGUU
  ind_0042_00036 147 GGUCUGACCACGGUCCAAGGCAACGGGGCCGCUGUU 182
                     ************************************ PP

>> ind_0042_00040  
 rank     E-value  score  bias mdl mdl from   mdl to       seq from      seq to       acc trunc   gc
 ----   --------- ------ ----- --- -------- --------    ----------- -----------      ---- ----- ----
 (26) !   4.7e-07   31.3   0.0  cm        1       36 []         147         182 + .. 1.00    no 0.67

                                                          NC
                     :::::<<<--<<<<<<_________>>>>>>-->>> CS
  patent_aligned   1 GGUCAGACCCUGGUCCGGGGCAAUGGGACCACUGUU 36 
                     GGUC GACC  GG CC  GGCAA GGG CC CUGUU
  ind_0042_00040 147 GGUCUGACCACGGUCCAAGGCAACGGGGCCGCUGUU 182
                     ************************************ PP

>> ind_0042_00045  
 rank     E-value  score  bias mdl mdl from   mdl to       seq from      seq to       acc trunc   gc
 ----   --------- ------ ----- --- -------- --------    ----------- -----------      ---- ----- ----
 (27) !   4.7e-07   31.3   0.0  cm        1       36 []         147         182 + .. 1.00    no 0.67

                                                          NC
                     :::::<<<--<<<<<<_________>>>>>>-->>> CS
  patent_aligned   1 GGUCAGACCCUGGUCCGGGGCAAUGGGACCACUGUU 36 
                     GGUC GACC  GG CC  GGCAA GGG CC CUGUU
  ind_0042_00045 147 GGUCUGACCACGGUCCAAGGCAACGGGGCCGCUGUU 182
                     ************************************ PP

>> ind_0042_00046  
 rank     E-value  score  bias mdl mdl from   mdl to       seq from      seq to       acc trunc   gc
 ----   --------- ------ ----- --- -------- --------    ----------- -----------      ---- ----- ----
 (28) !   4.7e-07   31.3   0.0  cm        1       36 []         147         182 + .. 1.00    no 0.67

                                                          NC
                     :::::<<<--<<<<<<_________>>>>>>-->>> CS
  patent_aligned   1 GGUCAGACCCUGGUCCGGGGCAAUGGGACCACUGUU 36 
                     GGUC GACC  GG CC  GGCAA GGG CC CUGUU
  ind_0042_00046 147 GGUCUGACCACGGUCCAAGGCAACGGGGCCGCUGUU 182
                     ************************************ PP

>> ind_0042_00017  
 rank     E-value  score  bias mdl mdl from   mdl to       seq from      seq to       acc trunc   gc
 ----   --------- ------ ----- --- -------- --------    ----------- -----------      ---- ----- ----
 (29) !   7.4e-07   30.5   0.0  cm        1       36 []         147         182 + .. 1.00    no 0.67

                                                          NC
                     :::::<<<--<<<<<<_________>>>>>>-->>> CS
  patent_aligned   1 GGUCAGACCCUGGUCCGGGGCAAUGGGACCACUGUU 36 
                     GGUC GACC  GG CC  GGCAA GGG CC CUGUU
  ind_0042_00017 147 GGUCUGACCACGGUCCAUGGCAACGGGGCCGCUGUU 182
                     ************************************ PP

>> ind_0042_00015  
 rank     E-value  score  bias mdl mdl from   mdl to       seq from      seq to       acc trunc   gc
 ----   --------- ------ ----- --- -------- --------    ----------- -----------      ---- ----- ----
 (30) !   1.1e-06   29.9   0.0  cm        1       36 []         147         182 + .. 1.00    no 0.69

                                                          NC
                     :::::<<<--<<<<<<_________>>>>>>-->>> CS
  patent_aligned   1 GGUCAGACCCUGGUCCGGGGCAAUGGGACCACUGUU 36 
                     GGUC GACC  GG CC  GGCAA GGG CC CUGUU
  ind_0042_00015 147 GGUCUGACCACGGUCCACGGCAACGGGGCCGCUGUU 182
                     ************************************ PP

>> ind_0042_00038  
 rank     E-value  score  bias mdl mdl from   mdl to       seq from      seq to       acc trunc   gc
 ----   --------- ------ ----- --- -------- --------    ----------- -----------      ---- ----- ----
 (31) !   2.1e-06   28.8   0.0  cm        1       36 []         147         182 + .. 1.00    no 0.64

                                                          NC
                     :::::<<<--<<<<<<_________>>>>>>-->>> CS
  patent_aligned   1 GGUCAGACCCUGGUCCGGGGCAAUGGGACCACUGUU 36 
                     GGUC :ACC  GG CC  GGCAA GGG CC CUGU:
  ind_0042_00038 147 GGUCUAACCACGGUCCAAGGCAACGGGGCCGCUGUU 182
                     ************************************ PP

>> ind_0042_00019  
 rank     E-value  score  bias mdl mdl from   mdl to       seq from      seq to       acc trunc   gc
 ----   --------- ------ ----- --- -------- --------    ----------- -----------      ---- ----- ----
 (32) !   3.2e-06   28.2   0.0  cm        1       36 []         147         182 + .. 0.99    no 0.67

                                                          NC
                     :::::<<<--<<<<<<_________>>>>>>-->>> CS
  patent_aligned   1 GGUCAGACCCUGGUCCGGGGCAAUGGGACCACUGUU 36 
                     GGUC :ACCC GG CC  GG AA GGG CC CUGU:
  ind_0042_00019 147 GGUCUAACCCCGGUCCAAGGGAACGGGGCCGCUGUU 182
                     ************************************ PP

>> ind_0042_00021  
 rank     E-value  score  bias mdl mdl from   mdl to       seq from      seq to       acc trunc   gc
 ----   --------- ------ ----- --- -------- --------    ----------- -----------      ---- ----- ----
 (33) !   5.5e-06   27.3   0.0  cm        1       36 []         147         182 + .. 1.00    no 0.69

                               v                   v      NC
                     :::::<<<--<<<<<<_________>>>>>>-->>> CS
  patent_aligned   1 GGUCAGACCCUGGUCCGGGGCAAUGGGACCACUGUU 36 
                     GGUC GACC  GG CC  GGCAA GGG CC CUGUU
  ind_0042_00021 147 GGUCUGACCAGGGCCCAAGGCAACGGGGCCGCUGUU 182
                     ************************************ PP

>> ind_0042_00031  
 rank     E-value  score  bias mdl mdl from   mdl to       seq from      seq to       acc trunc   gc
 ----   --------- ------ ----- --- -------- --------    ----------- -----------      ---- ----- ----
 (34) !   7.3e-06   26.8   0.0  cm        1       36 []         147         182 + .. 1.00    no 0.64

                                                          NC
                     :::::<<<--<<<<<<_________>>>>>>-->>> CS
  patent_aligned   1 GGUCAGACCCUGGUCCGGGGCAAUGGGACCACUGUU 36 
                     GGUC GACC  GG CC  GGCAA GGG CC  UGUU
  ind_0042_00031 147 GGUCUGACCACGGUCCAAGGCAACGGGGCCGUUGUU 182
                     ************************************ PP

>> ind_0042_00023  
 rank     E-value  score  bias mdl mdl from   mdl to       seq from      seq to       acc trunc   gc
 ----   --------- ------ ----- --- -------- --------    ----------- -----------      ---- ----- ----
 (35) !   1.1e-05   26.1   0.0  cm        1       36 []         147         182 + .. 0.99    no 0.69

                                                          NC
                     :::::<<<--<<<<<<_________>>>>>>-->>> CS
  patent_aligned   1 GGUCAGACCCUGGUCCGGGGCAAUGGGACCACUGUU 36 
                     GGUC GACC  GG CC  GGCA  GGG CC CUGUU
  ind_0042_00023 147 GGUCUGACCACGGUCCAAGGCAGCGGGGCCGCUGUU 182
                     **********************999*********** PP

>> ind_0042_00025  
 rank     E-value  score  bias mdl mdl from   mdl to       seq from      seq to       acc trunc   gc
 ----   --------- ------ ----- --- -------- --------    ----------- -----------      ---- ----- ----
 (36) !   1.2e-05   26.0   0.0  cm        1       36 []         147         182 + .. 1.00    no 0.64

                                                          NC
                     :::::<<<--<<<<<<_________>>>>>>-->>> CS
  patent_aligned   1 GGUCAGACCCUGGUCCGGGGCAAUGGGACCACUGUU 36 
                     GGUC GACC  GG CC  GG AA GGG CC CUGUU
  ind_0042_00025 147 GGUCUGACCACGGUCCAAGGAAACGGGGCCGCUGUU 182
                     ************************************ PP

>> ind_0042_00029  
 rank     E-value  score  bias mdl mdl from   mdl to       seq from      seq to       acc trunc   gc
 ----   --------- ------ ----- --- -------- --------    ----------- -----------      ---- ----- ----
 (37) !   1.3e-05   25.9   0.0  cm        1       36 []         147         182 + .. 1.00    no 0.64

                                                          NC
                     :::::<<<--<<<<<<_________>>>>>>-->>> CS
  patent_aligned   1 GGUCAGACCCUGGUCCGGGGCAAUGGGACCACUGUU 36 
                     GGUC GA C  GG CC  GGCAA GGG CC CU UU
  ind_0042_00029 147 GGUCUGAUCACGGUCCAAGGCAACGGGGCCGCUGUU 182
                     ************************************ PP

>> ind_0042_00009  
 rank     E-value  score  bias mdl mdl from   mdl to       seq from      seq to       acc trunc   gc
 ----   --------- ------ ----- --- -------- --------    ----------- -----------      ---- ----- ----
 (38) !   1.5e-05   25.7   0.0  cm        1       36 []         147         182 + .. 0.99    no 0.69

                                                          NC
                     :::::<<<--<<<<<<_________>>>>>>-->>> CS
  patent_aligned   1 GGUCAGACCCUGGUCCGGGGCAAUGGGACCACUGUU 36 
                     GGUC GACC  GG CC  GGCA  GGG CC CUGUU
  ind_0042_00009 147 GGUCUGACCACGGUCCAAGGCACCGGGGCCGCUGUU 182
                     **********************999*********** PP

>> ind_0042_00012  
 rank     E-value  score  bias mdl mdl from   mdl to       seq from      seq to       acc trunc   gc
 ----   --------- ------ ----- --- -------- --------    ----------- -----------      ---- ----- ----
 (39) !   1.5e-05   25.7   0.0  cm        1       36 []         147         182 + .. 0.99    no 0.69

                                                          NC
                     :::::<<<--<<<<<<_________>>>>>>-->>> CS
  patent_aligned   1 GGUCAGACCCUGGUCCGGGGCAAUGGGACCACUGUU 36 
                     GGUC GACC  GG CC  GGCA  GGG CC CUGUU
  ind_0042_00012 147 GGUCUGACCACGGUCCAAGGCACCGGGGCCGCUGUU 182
                     **********************999*********** PP

>> ind_0042_00024  
 rank     E-value  score  bias mdl mdl from   mdl to       seq from      seq to       acc trunc   gc
 ----   --------- ------ ----- --- -------- --------    ----------- -----------      ---- ----- ----
 (40) !   1.8e-05   25.3   0.0  cm        1       36 []         147         182 + .. 1.00    no 0.67

                               v                   v      NC
                     :::::<<<--<<<<<<_________>>>>>>-->>> CS
  patent_aligned   1 GGUCAGACCCUGGUCCGGGGCAAUGGGACCACUGUU 36 
                     GGUC GACC  GG CC  GGCAA GGG CC CUGUU
  ind_0042_00024 147 GGUCUGACCAGGGUCCAAGGCAACGGGGCCGCUGUU 182
                     ************************************ PP

>> ind_0042_00028  
 rank     E-value  score  bias mdl mdl from   mdl to       seq from      seq to       acc trunc   gc
 ----   --------- ------ ----- --- -------- --------    ----------- -----------      ---- ----- ----
 (41) !   1.9e-05   25.2   0.0  cm        1       36 []         147         182 + .. 0.99    no 0.67

                                                          NC
                     :::::<<<--<<<<<<_________>>>>>>-->>> CS
  patent_aligned   1 GGUCAGACCCUGGUCCGGGGCAAUGGGACCACUGUU 36 
                     GGUC GACC  GG CC  GG AA GGG CC CUGUU
  ind_0042_00028 147 GGUCUGACCACGGUCCAAGGGAACGGGGCCGCUGUU 182
                     ************************************ PP

>> ind_0042_00039  
 rank     E-value  score  bias mdl mdl from   mdl to       seq from      seq to       acc trunc   gc
 ----   --------- ------ ----- --- -------- --------    ----------- -----------      ---- ----- ----
 (42) !   5.3e-05   23.6   0.0  cm        1       36 []         147         182 + .. 0.98    no 0.64

                                   v           v          NC
                     :::::<<<--<<<<<<_________>>>>>>-->>> CS
  patent_aligned   1 GGUCAGACCCUGGUCCGGGGCAAUGGGACCACUGUU 36 
                     GGUC GACC  GG  C  GGCAA GG  CC CUGUU
  ind_0042_00039 147 GGUCUGACCACGGUCCAAGGCAACGGAGCCGCUGUU 182
                     ***********************99999******** PP

>> ind_0042_00044  
 rank     E-value  score  bias mdl mdl from   mdl to       seq from      seq to       acc trunc   gc
 ----   --------- ------ ----- --- -------- --------    ----------- -----------      ---- ----- ----
 (43) !   7.2e-05   23.1   0.0  cm        1       36 []         147         182 + .. 1.00    no 0.69

                           v                           v  NC
                     :::::<<<--<<<<<<_________>>>>>>-->>> CS
  patent_aligned   1 GGUCAGACCCUGGUCCGGGGCAAUGGGACCACUGUU 36 
                     GGUC G CC  GG CC  GGCAA GGG CC CUG U
  ind_0042_00044 147 GGUCUGCCCACGGUCCAAGGCAACGGGGCCGCUGUU 182
                     ************************************ PP

>> ind_0042_00005  
 rank     E-value  score  bias mdl mdl from   mdl to       seq from      seq to       acc trunc   gc
 ----   --------- ------ ----- --- -------- --------    ----------- -----------      ---- ----- ----
 (44) !   0.00011   22.4   0.0  cm        1       36 []         147         182 + .. 1.00    no 0.64

                                   v           v          NC
                     :::::<<<--<<<<<<_________>>>>>>-->>> CS
  patent_aligned   1 GGUCAGACCCUGGUCCGGGGCAAUGGGACCACUGUU 36 
                     GGUC GACC  GG  C  GGCAA GG  CC CUGUU
  ind_0042_00005 147 GGUCUGACCACGGUCCAAGGCAACGGUGCCGCUGUU 182
                     ************************************ PP

>> ind_0042_00014  
 rank     E-value  score  bias mdl mdl from   mdl to       seq from      seq to       acc trunc   gc
 ----   --------- ------ ----- --- -------- --------    ----------- -----------      ---- ----- ----
 (45) !    0.0002   21.4   0.0  cm        1       36 []         147         182 + .. 0.98    no 0.67

                                  v             v         NC
                     :::::<<<--<<<<<<_________>>>>>>-->>> CS
  patent_aligned   1 GGUCAGACCCUGGUCCGGGGCAAUGGGACCACUGUU 36 
                     GGUC GACC  GG CC  G CAA GGG CC CUGUU
  ind_0042_00014 147 GGUCUGACCACGGACCAAGCCAACGGGGCCGCUGUU 182
                     ****************99999*************** PP

>> ind_0042_00037  
 rank     E-value  score  bias mdl mdl from   mdl to       seq from      seq to       acc trunc   gc
 ----   --------- ------ ----- --- -------- --------    ----------- -----------      ---- ----- ----
 (46) !    0.0016   17.9   0.0  cm        1       36 []         147         182 + .. 1.00    no 0.61

                                   v           v          NC
                     :::::<<<--<<<<<<_________>>>>>>-->>> CS
  patent_aligned   1 GGUCAGACCCUGGUCCGGGGCAAUGGGACCACUGUU 36 
                      GUC GACC  GG  C  GGCAA GG  CC CUGUU
  ind_0042_00037 147 AGUCUGACCACGGUACAAGGCAACGGGGCCGCUGUU 182
                     ************************************ PP

>> ind_0042_00048  
 rank     E-value  score  bias mdl mdl from   mdl to       seq from      seq to       acc trunc   gc
 ----   --------- ------ ----- --- -------- --------    ----------- -----------      ---- ----- ----
 (47) !    0.0026   17.2   0.0  cm        1       36 []         147         182 + .. 0.92    no 0.67

                                 v               v        NC
                     :::::<<<--<<<<<<_________>>>>>>-->>> CS
  patent_aligned   1 GGUCAGACCCUGGUCCGGGGCAAUGGGACCACUGUU 36 
                     GGUC GACC  G  CC  GGCA  GGG  C CUGUU
  ind_0042_00048 147 GGUCUGACCACGGUCCAAGGCACCGGGGACGCUGUU 182
                     ****************99999877777778****** PP

>> ind_0042_00011  
 rank     E-value  score  bias mdl mdl from   mdl to       seq from      seq to       acc trunc   gc
 ----   --------- ------ ----- --- -------- --------    ----------- -----------      ---- ----- ----
 (48) !    0.0031   16.9   0.0  cm        1       36 []         147         182 + .. 0.99    no 0.69

                                 v               v        NC
                     :::::<<<--<<<<<<_________>>>>>>-->>> CS
  patent_aligned   1 GGUCAGACCCUGGUCCGGGGCAAUGGGACCACUGUU 36 
                     GGUC GACC  G  CC  GGCA  GGG  C CUGUU
  ind_0042_00011 147 GGUCUGACCACGGUCCAAGGCAGCGGGGGCGCUGUU 182
                     **********************999*********** PP

>> ind_0042_00007  
 rank     E-value  score  bias mdl mdl from   mdl to       seq from      seq to       acc trunc   gc
 ----   --------- ------ ----- --- -------- --------    ----------- -----------      ---- ----- ----
 (49) !    0.0037   16.6   0.0  cm        1       36 []         147         182 + .. 1.00    no 0.64

                                   v           v          NC
                     :::::<<<--<<<<<<_________>>>>>>-->>> CS
  patent_aligned   1 GGUCAGACCCUGGUCCGGGGCAAUGGGACCACUGUU 36 
                     G UC GACC  GG  C  GGCAA GG  CC CUGUU
  ind_0042_00007 147 GUUCUGACCACGGUCCAAGGCAACGGCGCCGCUGUU 182
                     ************************************ PP

>> ind_0042_00048  
 rank     E-value  score  bias mdl mdl from   mdl to       seq from      seq to       acc trunc   gc
 ----   --------- ------ ----- --- -------- --------    ----------- -----------      ---- ----- ----
 (50) ?     0.032   13.1   0.0  cm        1       36 []         155         119 - .. 0.98    no 0.49

                                         NC
                     :::::<<<--~~~~~~>>> CS
  patent_aligned   1 GGUCAGACCC*[23]*GUU 36 
                     GGUCAGACCC      GUU
  ind_0042_00048 155 GGUCAGACCC*[24]*GUU 119
                     *********8...9..*** PP

>> ind_0042_00002  
 rank     E-value  score  bias mdl mdl from   mdl to       seq from      seq to       acc trunc   gc
 ----   --------- ------ ----- --- -------- --------    ----------- -----------      ---- ----- ----
 (51) ?     0.032   13.1   0.0  cm        1       36 []         155         119 - .. 0.98    no 0.43

                                         NC
                     :::::<<<--~~~~~~>>> CS
  patent_aligned   1 GGUCAGACCC*[23]*GUU 36 
                     GGUCAGACCC      GUU
  ind_0042_00002 155 GGUCAGACCC*[24]*GUU 119
                     *********8...9..*** PP

>> ind_0042_00049  
 rank     E-value  score  bias mdl mdl from   mdl to       seq from      seq to       acc trunc   gc
 ----   --------- ------ ----- --- -------- --------    ----------- -----------      ---- ----- ----
 (52) ?     0.032   13.1   0.0  cm        1       36 []         155         119 - .. 0.98    no 0.43

                                         NC
                     :::::<<<--~~~~~~>>> CS
  patent_aligned   1 GGUCAGACCC*[23]*GUU 36 
                     GGUCAGACCC      GUU
  ind_0042_00049 155 GGUCAGACCC*[24]*GUU 119
                     *********8...9..*** PP

>> ind_0042_00027  
 rank     E-value  score  bias mdl mdl from   mdl to       seq from      seq to       acc trunc   gc
 ----   --------- ------ ----- --- -------- --------    ----------- -----------      ---- ----- ----
 (53) ?     0.057   12.1   0.0  cm        1       36 []         155         129 - .. 0.94    no 0.41

                                        NC
                     :::::<<<-~~~~~~>>> CS
  patent_aligned   1 GGUCAGACC*[24]*GUU 36 
                     GGUCAGACC      GUU
  ind_0042_00027 155 GGUCAGACC*[15]*GUU 129
                     ********9...9..*** PP

>> ind_0042_00013  
 rank     E-value  score  bias mdl mdl from   mdl to       seq from      seq to       acc trunc   gc
 ----   --------- ------ ----- --- -------- --------    ----------- -----------      ---- ----- ----
 (54) ?     0.082   11.5   0.0  cm        1       36 []         155         119 - .. 0.97    no 0.43

                                             NC
                     :::::<<<--<~~~~~~>-->>> CS
  patent_aligned   1 GGUCAGACCCU*[19]*ACUGUU 36 
                     GGUCAG CCCU      AC G U
  ind_0042_00013 155 GGUCAGGCCCU*[20]*ACAGUU 119
                     **********9...9..999*** PP

>> ind_0042_00001  
 rank     E-value  score  bias mdl mdl from   mdl to       seq from      seq to       acc trunc   gc
 ----   --------- ------ ----- --- -------- --------    ----------- -----------      ---- ----- ----
 (55) ?     0.084   11.5   0.0  cm        1       36 []         155         119 - .. 0.92    no 0.41

                                         NC
                     :::::<<<--~~~~~~>>> CS
  patent_aligned   1 GGUCAGACCC*[23]*GUU 36 
                     GGUCAGACC       GUU
  ind_0042_00001 155 GGUCAGACCA*[24]*GUU 119
                     ********95...9..*** PP

>> ind_0042_00026  
 rank     E-value  score  bias mdl mdl from   mdl to       seq from      seq to       acc trunc   gc
 ----   --------- ------ ----- --- -------- --------    ----------- -----------      ---- ----- ----
 (56) ?     0.084   11.5   0.0  cm        1       36 []         155         119 - .. 0.92    no 0.41

                                         NC
                     :::::<<<--~~~~~~>>> CS
  patent_aligned   1 GGUCAGACCC*[23]*GUU 36 
                     GGUCAGACC       GUU
  ind_0042_00026 155 GGUCAGACCA*[24]*GUU 119
                     ********95...9..*** PP

>> ind_0042_00041  
 rank     E-value  score  bias mdl mdl from   mdl to       seq from      seq to       acc trunc   gc
 ----   --------- ------ ----- --- -------- --------    ----------- -----------      ---- ----- ----
 (57) ?     0.084   11.5   0.0  cm        1       36 []         155         119 - .. 0.92    no 0.41

                                         NC
                     :::::<<<--~~~~~~>>> CS
  patent_aligned   1 GGUCAGACCC*[23]*GUU 36 
                     GGUCAGACC       GUU
  ind_0042_00041 155 GGUCAGACCA*[24]*GUU 119
                     ********95...9..*** PP

>> ind_0042_00005  
 rank     E-value  score  bias mdl mdl from   mdl to       seq from      seq to       acc trunc   gc
 ----   --------- ------ ----- --- -------- --------    ----------- -----------      ---- ----- ----
 (58) ?      0.14   10.7   0.0  cm        1       36 []         155         116 - .. 0.98    no 0.45

                                        NC
                     :::::<<<-~~~~~~>>> CS
  patent_aligned   1 GGUCAGACC*[24]*GUU 36 
                     GGUCAGACC      GUU
  ind_0042_00005 155 GGUCAGACC*[28]*GUU 116
                     ********8...*..*** PP

>> ind_0042_00028  
 rank     E-value  score  bias mdl mdl from   mdl to       seq from      seq to       acc trunc   gc
 ----   --------- ------ ----- --- -------- --------    ----------- -----------      ---- ----- ----
 (59) ?      0.14   10.7   0.0  cm        1       36 []         155         119 - .. 0.99    no 0.49

                                        NC
                     :::::<<<-~~~~~~>>> CS
  patent_aligned   1 GGUCAGACC*[24]*GUU 36 
                     GGUCAGACC      GUU
  ind_0042_00028 155 GGUCAGACC*[25]*GUU 119
                     ********8...*..*** PP

>> ind_0042_00036  
 rank     E-value  score  bias mdl mdl from   mdl to       seq from      seq to       acc trunc   gc
 ----   --------- ------ ----- --- -------- --------    ----------- -----------      ---- ----- ----
 (60) ?      0.14   10.6   0.0  cm        1       36 []         155         119 - .. 0.99    no 0.51

                                        NC
                     :::::<<<-~~~~~~>>> CS
  patent_aligned   1 GGUCAGACC*[24]*GUU 36 
                     GGUCAGACC      GUU
  ind_0042_00036 155 GGUCAGACC*[25]*GUU 119
                     ********8...*..*** PP

>> ind_0042_00016  
 rank     E-value  score  bias mdl mdl from   mdl to       seq from      seq to       acc trunc   gc
 ----   --------- ------ ----- --- -------- --------    ----------- -----------      ---- ----- ----
 (61) ?      0.14   10.6   0.0  cm        1       36 []         155         119 - .. 0.99    no 0.46

                                        NC
                     :::::<<<-~~~~~~>>> CS
  patent_aligned   1 GGUCAGACC*[24]*GUU 36 
                     GGUCAGACC      GUU
  ind_0042_00016 155 GGUCAGACC*[25]*GUU 119
                     ********8...*..*** PP

>> ind_0042_00006  
 rank     E-value  score  bias mdl mdl from   mdl to       seq from      seq to       acc trunc   gc
 ----   --------- ------ ----- --- -------- --------    ----------- -----------      ---- ----- ----
 (62) ?      0.14   10.6   0.0  cm        1       36 []         155         119 - .. 0.99    no 0.46

                                        NC
                     :::::<<<-~~~~~~>>> CS
  patent_aligned   1 GGUCAGACC*[24]*GUU 36 
                     GGUCAGACC      GUU
  ind_0042_00006 155 GGUCAGACC*[25]*GUU 119
                     ********8...*..*** PP

>> ind_0042_00014  
 rank     E-value  score  bias mdl mdl from   mdl to       seq from      seq to       acc trunc   gc
 ----   --------- ------ ----- --- -------- --------    ----------- -----------      ---- ----- ----
 (63) ?      0.14   10.6   0.0  cm        1       36 []         155         119 - .. 0.99    no 0.49

                                        NC
                     :::::<<<-~~~~~~>>> CS
  patent_aligned   1 GGUCAGACC*[24]*GUU 36 
                     GGUCAGACC      GUU
  ind_0042_00014 155 GGUCAGACC*[25]*GUU 119
                     ********8...*..*** PP

>> ind_0042_00024  
 rank     E-value  score  bias mdl mdl from   mdl to       seq from      seq to       acc trunc   gc
 ----   --------- ------ ----- --- -------- --------    ----------- -----------      ---- ----- ----
 (64) ?      0.14   10.6   0.0  cm        1       36 []         155         119 - .. 0.99    no 0.51

                                        NC
                     :::::<<<-~~~~~~>>> CS
  patent_aligned   1 GGUCAGACC*[24]*GUU 36 
                     GGUCAGACC      GUU
  ind_0042_00024 155 GGUCAGACC*[25]*GUU 119
                     ********8...*..*** PP

>> ind_0042_00033  
 rank     E-value  score  bias mdl mdl from   mdl to       seq from      seq to       acc trunc   gc
 ----   --------- ------ ----- --- -------- --------    ----------- -----------      ---- ----- ----
 (65) ?      0.14   10.6   0.0  cm        1       36 []         155         119 - .. 0.99    no 0.49

                                        NC
                     :::::<<<-~~~~~~>>> CS
  patent_aligned   1 GGUCAGACC*[24]*GUU 36 
                     GGUCAGACC      GUU
  ind_0042_00033 155 GGUCAGACC*[25]*GUU 119
                     ********8...*..*** PP

>> ind_0042_00035  
 rank     E-value  score  bias mdl mdl from   mdl to       seq from      seq to       acc trunc   gc
 ----   --------- ------ ----- --- -------- --------    ----------- -----------      ---- ----- ----
 (66) ?      0.14   10.6   0.0  cm        1       36 []         155         119 - .. 0.99    no 0.49

                                        NC
                     :::::<<<-~~~~~~>>> CS
  patent_aligned   1 GGUCAGACC*[24]*GUU 36 
                     GGUCAGACC      GUU
  ind_0042_00035 155 GGUCAGACC*[25]*GUU 119
                     ********8...*..*** PP

>> ind_0042_00021  
 rank     E-value  score  bias mdl mdl from   mdl to       seq from      seq to       acc trunc   gc
 ----   --------- ------ ----- --- -------- --------    ----------- -----------      ---- ----- ----
 (67) ?      0.14   10.6   0.0  cm        1       36 []         155         119 - .. 0.99    no 0.49

                                        NC
                     :::::<<<-~~~~~~>>> CS
  patent_aligned   1 GGUCAGACC*[24]*GUU 36 
                     GGUCAGACC      GUU
  ind_0042_00021 155 GGUCAGACC*[25]*GUU 119
                     ********8...*..*** PP

>> ind_0042_00000  
 rank     E-value  score  bias mdl mdl from   mdl to       seq from      seq to       acc trunc   gc
 ----   --------- ------ ----- --- -------- --------    ----------- -----------      ---- ----- ----
 (68) ?      0.14   10.6   0.0  cm        1       36 []         155         119 - .. 0.99    no 0.46

                                        NC
                     :::::<<<-~~~~~~>>> CS
  patent_aligned   1 GGUCAGACC*[24]*GUU 36 
                     GGUCAGACC      GUU
  ind_0042_00000 155 GGUCAGACC*[25]*GUU 119
                     ********8...*..*** PP

>> ind_0042_00010  
 rank     E-value  score  bias mdl mdl from   mdl to       seq from      seq to       acc trunc   gc
 ----   --------- ------ ----- --- -------- --------    ----------- -----------      ---- ----- ----
 (69) ?      0.14   10.6   0.0  cm        1       36 []         155         119 - .. 0.99    no 0.46

                                        NC
                     :::::<<<-~~~~~~>>> CS
  patent_aligned   1 GGUCAGACC*[24]*GUU 36 
                     GGUCAGACC      GUU
  ind_0042_00010 155 GGUCAGACC*[25]*GUU 119
                     ********8...*..*** PP

>> ind_0042_00011  
 rank     E-value  score  bias mdl mdl from   mdl to       seq from      seq to       acc trunc   gc
 ----   --------- ------ ----- --- -------- --------    ----------- -----------      ---- ----- ----
 (70) ?      0.14   10.6   0.0  cm        1       36 []         155         119 - .. 0.99    no 0.46

                                        NC
                     :::::<<<-~~~~~~>>> CS
  patent_aligned   1 GGUCAGACC*[24]*GUU 36 
                     GGUCAGACC      GUU
  ind_0042_00011 155 GGUCAGACC*[25]*GUU 119
                     ********8...*..*** PP

>> ind_0042_00015  
 rank     E-value  score  bias mdl mdl from   mdl to       seq from      seq to       acc trunc   gc
 ----   --------- ------ ----- --- -------- --------    ----------- -----------      ---- ----- ----
 (71) ?      0.14   10.6   0.0  cm        1       36 []         155         119 - .. 0.99    no 0.46

                                        NC
                     :::::<<<-~~~~~~>>> CS
  patent_aligned   1 GGUCAGACC*[24]*GUU 36 
                     GGUCAGACC      GUU
  ind_0042_00015 155 GGUCAGACC*[25]*GUU 119
                     ********8...*..*** PP

>> ind_0042_00034  
 rank     E-value  score  bias mdl mdl from   mdl to       seq from      seq to       acc trunc   gc
 ----   --------- ------ ----- --- -------- --------    ----------- -----------      ---- ----- ----
 (72) ?      0.14   10.6   0.0  cm        1       36 []         155         119 - .. 0.99    no 0.46

                                        NC
                     :::::<<<-~~~~~~>>> CS
  patent_aligned   1 GGUCAGACC*[24]*GUU 36 
                     GGUCAGACC      GUU
  ind_0042_00034 155 GGUCAGACC*[25]*GUU 119
                     ********8...*..*** PP

>> ind_0042_00040  
 rank     E-value  score  bias mdl mdl from   mdl to       seq from      seq to       acc trunc   gc
 ----   --------- ------ ----- --- -------- --------    ----------- -----------      ---- ----- ----
 (73) ?      0.14   10.6   0.0  cm        1       36 []         155         119 - .. 0.99    no 0.46

                                        NC
                     :::::<<<-~~~~~~>>> CS
  patent_aligned   1 GGUCAGACC*[24]*GUU 36 
                     GGUCAGACC      GUU
  ind_0042_00040 155 GGUCAGACC*[25]*GUU 119
                     ********8...*..*** PP

>> ind_0042_00046  
 rank     E-value  score  bias mdl mdl from   mdl to       seq from      seq to       acc trunc   gc
 ----   --------- ------ ----- --- -------- --------    ----------- -----------      ---- ----- ----
 (74) ?      0.14   10.6   0.0  cm        1       36 []         155         119 - .. 0.99    no 0.46

                                        NC
                     :::::<<<-~~~~~~>>> CS
  patent_aligned   1 GGUCAGACC*[24]*GUU 36 
                     GGUCAGACC      GUU
  ind_0042_00046 155 GGUCAGACC*[25]*GUU 119
                     ********8...*..*** PP

>> ind_0042_00047  
 rank     E-value  score  bias mdl mdl from   mdl to       seq from      seq to       acc trunc   gc
 ----   --------- ------ ----- --- -------- --------    ----------- -----------      ---- ----- ----
 (75) ?      0.14   10.6   0.0  cm        1       36 []         155         119 - .. 0.99    no 0.46

                                        NC
                     :::::<<<-~~~~~~>>> CS
  patent_aligned   1 GGUCAGACC*[24]*GUU 36 
                     GGUCAGACC      GUU
  ind_0042_00047 155 GGUCAGACC*[25]*GUU 119
                     ********8...*..*** PP

>> ind_0042_00030  
 rank     E-value  score  bias mdl mdl from   mdl to       seq from      seq to       acc trunc   gc
 ----   --------- ------ ----- --- -------- --------    ----------- -----------      ---- ----- ----
 (76) ?      0.14   10.6   0.0  cm        1       36 []         155         119 - .. 0.99    no 0.46

                                        NC
                     :::::<<<-~~~~~~>>> CS
  patent_aligned   1 GGUCAGACC*[24]*GUU 36 
                     GGUCAGACC      GUU
  ind_0042_00030 155 GGUCAGACC*[25]*GUU 119
                     ********8...*..*** PP

>> ind_0042_00032  
 rank     E-value  score  bias mdl mdl from   mdl to       seq from      seq to       acc trunc   gc
 ----   --------- ------ ----- --- -------- --------    ----------- -----------      ---- ----- ----
 (77) ?      0.14   10.6   0.0  cm        1       36 []         155         119 - .. 0.99    no 0.43

                                        NC
                     :::::<<<-~~~~~~>>> CS
  patent_aligned   1 GGUCAGACC*[24]*GUU 36 
                     GGUCAGACC      GUU
  ind_0042_00032 155 GGUCAGACC*[25]*GUU 119
                     ********8...*..*** PP

>> ind_0042_00016  
 rank     E-value  score  bias mdl mdl from   mdl to       seq from      seq to       acc trunc   gc
 ----   --------- ------ ----- --- -------- --------    ----------- -----------      ---- ----- ----
 (78) ?        35    1.7   0.0  cm        1       36 []         108          95 - .. 0.80    no 0.64

                                   NC
                     :::::<~~~~~~> CS
  patent_aligned   1 GGUCAG*[29]*U 36 
                     GGUCA:      :
  ind_0042_00016 108 GGUCAA*[ 7]*U 95 
                     ****97...7..6 PP

>> ind_0042_00014  
 rank     E-value  score  bias mdl mdl from   mdl to       seq from      seq to       acc trunc   gc
 ----   --------- ------ ----- --- -------- --------    ----------- -----------      ---- ----- ----
 (79) ?   1.8e+02   -1.0   0.0  cm        1       36 []         162         156 - .. 0.83    no 0.71

                                NC
                     ::::~~~~~~ CS
  patent_aligned   1 GGUC*[32]* 36 
                     GGUC      
  ind_0042_00014 162 GGUC*[ 3]* 156
                     ***8...7.. PP

>> ind_0042_00006  
 rank     E-value  score  bias mdl mdl from   mdl to       seq from      seq to       acc trunc   gc
 ----   --------- ------ ----- --- -------- --------    ----------- -----------      ---- ----- ----
 (80) ?   2.1e+02   -1.3   0.0  cm        1       36 []         108         105 - .. 0.92    no 0.75

                                NC
                     ::::~~~~~~ CS
  patent_aligned   1 GGUC*[32]* 36 
                     GGUC      
  ind_0042_00006 108 GGUC*[ 0]* 105
                     **97...... PP

>> ind_0042_00016  
 rank     E-value  score  bias mdl mdl from   mdl to       seq from      seq to       acc trunc   gc
 ----   --------- ------ ----- --- -------- --------    ----------- -----------      ---- ----- ----
 (81) ?   6.7e+02   -3.2   0.0  cm        1       36 []         114         112 - .. 0.90    no 0.67

                               NC
                     :::~~~~~~ CS
  patent_aligned   1 GGU*[33]* 36 
                     GGU      
  ind_0042_00016 114 GGU*[ 0]* 112
                     *97...... PP



Internal CM pipeline statistics summary:
----------------------------------------
Query model(s):                                                  1  (36 consensus positions)
Target sequences:                                               50  (19700 residues searched)
Target sequences re-searched for truncated hits:                50  (10200 residues re-searched)
Windows   passing  local HMM SSV           filter:             286  (0.5365); expected (0.35)
Windows   passing  local HMM Viterbi       filter:                  (off)
Windows   passing  local HMM Viterbi  bias filter:                  (off)
Windows   passing  local HMM Forward       filter:             190  (0.372); expected (0.02)
Windows   passing  local HMM Forward  bias filter:             186  (0.3584); expected (0.02)
Windows   passing glocal HMM Forward       filter:             133  (0.3034); expected (0.02)
Windows   passing glocal HMM Forward  bias filter:             128  (0.2864); expected (0.02)
Envelopes passing glocal HMM envelope defn filter:             128  (0.1827); expected (0.02)
Envelopes passing  local CM  CYK           filter:             120  (0.1683); expected (0.0001)
Total CM hits reported:                                         81  (0.09428); includes 0 truncated hit(s)

# CPU time: 0.97u 0.00s 00:00:00.97 Elapsed: 00:00:00.99
# Alignment of 49 hits satisfying inclusion thresholds saved to: optimization_a7/100gen/_workspace/cmsearch_logs/gen_0042/patent_cmsearch.sto
//
[ok]
