# cmsearch :: search CM(s) against a sequence database
# INFERNAL 1.1.5 (Sep 2023)
# Copyright (C) 2023 Howard Hughes Medical Institute.
# Freely distributed under the BSD open source license.
# - - - - - - - - - - - - - - - - - - - - - - - - - - - - - - - - - - - -
# query CM file:                         A7_analysis/patent.cm
# target sequence database:              /tmp/tmpjyg8sxgw/queries.fa
# output directed to file:               optimization_a7/100gen/_workspace/cmsearch_logs/gen_0056/patent_cmsearch.out
# MSA of significant hits saved to file: optimization_a7/100gen/_workspace/cmsearch_logs/gen_0056/patent_cmsearch.sto
# tabular output of hits:                optimization_a7/100gen/_workspace/cmsearch_logs/gen_0056/patent_cmsearch.tblout
# max ASCII text line length:            unlimited
# sequence reporting threshold:          E-value <= 1000
# number of worker threads:              4
# - - - - - - - - - - - - - - - - - - - - - - - - - - - - - - - - - - - -

Query:       patent_aligned  [CLEN=36]
Hit scores:
 rank     E-value  score  bias  sequence        start    end   mdl trunc   gc  description
 ----   --------- ------ -----  -------------- ------ ------   --- ----- ----  -----------
  (1) !   2.4e-16   66.3   0.0  ind_0056_00000    147    182 +  cm    no 0.64  -
  (2) !   2.4e-16   66.3   0.0  ind_0056_00001    147    182 +  cm    no 0.64  -
  (3) !   2.4e-16   66.3   0.0  ind_0056_00002    147    182 +  cm    no 0.64  -
  (4) !   2.4e-16   66.3   0.0  ind_0056_00003    147    182 +  cm    no 0.64  -
  (5) !   2.4e-16   66.3   0.0  ind_0056_00004    147    182 +  cm    no 0.64  -
  (6) !   2.4e-16   66.3   0.0  ind_0056_00008    147    182 +  cm    no 0.64  -
  (7) !   2.4e-16   66.3   0.0  ind_0056_00012    147    182 +  cm    no 0.64  -
  (8) !   2.4e-16   66.3   0.0  ind_0056_00015    147    182 +  cm    no 0.64  -
  (9) !   2.4e-16   66.3   0.0  ind_0056_00026    147    182 +  cm    no 0.64  -
 (10) !   2.4e-16   66.3   0.0  ind_0056_00034    147    182 +  cm    no 0.64  -
 (11) !   2.4e-16   66.3   0.0  ind_0056_00037    147    182 +  cm    no 0.64  -
 (12) !   2.4e-16   66.3   0.0  ind_0056_00039    147    182 +  cm    no 0.64  -
 (13) !   3.4e-15   61.9   0.0  ind_0056_00022    147    182 +  cm    no 0.61  -
 (14) !   3.7e-15   61.8   0.0  ind_0056_00024    147    181 +  cm    no 0.66  -
 (15) !   3.7e-15   61.8   0.0  ind_0056_00042    147    181 +  cm    no 0.66  -
 (16) !     5e-15   61.3   0.0  ind_0056_00005    147    182 +  cm    no 0.61  -
 (17) !     5e-15   61.3   0.0  ind_0056_00007    147    182 +  cm    no 0.61  -
 (18) !     5e-15   61.3   0.0  ind_0056_00009    147    182 +  cm    no 0.61  -
 (19) !     5e-15   61.3   0.0  ind_0056_00011    147    182 +  cm    no 0.61  -
 (20) !     5e-15   61.3   0.0  ind_0056_00013    147    182 +  cm    no 0.61  -
 (21) !     5e-15   61.3   0.0  ind_0056_00014    147    182 +  cm    no 0.61  -
 (22) !     5e-15   61.3   0.0  ind_0056_00018    147    182 +  cm    no 0.61  -
 (23) !     5e-15   61.3   0.0  ind_0056_00019    147    182 +  cm    no 0.61  -
 (24) !     5e-15   61.3   0.0  ind_0056_00020    147    182 +  cm    no 0.61  -
 (25) !     5e-15   61.3   0.0  ind_0056_00021    147    182 +  cm    no 0.61  -
 (26) !     5e-15   61.3   0.0  ind_0056_00023    147    182 +  cm    no 0.61  -
 (27) !     5e-15   61.3   0.0  ind_0056_00025    147    182 +  cm    no 0.61  -
 (28) !     5e-15   61.3   0.0  ind_0056_00028    147    182 +  cm    no 0.61  -
 (29) !     5e-15   61.3   0.0  ind_0056_00029    147    182 +  cm    no 0.61  -
 (30) !     5e-15   61.3   0.0  ind_0056_00030    147    182 +  cm    no 0.61  -
 (31) !     5e-15   61.3   0.0  ind_0056_00033    147    182 +  cm    no 0.61  -
 (32) !     5e-15   61.3   0.0  ind_0056_00035    147    182 +  cm    no 0.61  -
 (33) !     5e-15   61.3   0.0  ind_0056_00036    147    182 +  cm    no 0.61  -
 (34) !     5e-15   61.3   0.0  ind_0056_00040    147    182 +  cm    no 0.61  -
 (35) !     5e-15   61.3   0.0  ind_0056_00041    147    182 +  cm    no 0.61  -
 (36) !     5e-15   61.3   0.0  ind_0056_00043    147    182 +  cm    no 0.61  -
 (37) !     5e-15   61.3   0.0  ind_0056_00044    147    182 +  cm    no 0.61  -
 (38) !     5e-15   61.3   0.0  ind_0056_00045    147    182 +  cm    no 0.61  -
 (39) !     5e-15   61.3   0.0  ind_0056_00048    147    182 +  cm    no 0.61  -
 (40) !     5e-15   61.3   0.0  ind_0056_00049    147    182 +  cm    no 0.61  -
 (41) !   5.9e-15   61.1   0.0  ind_0056_00010    147    182 +  cm    no 0.64  -
 (42) !   6.4e-15   60.9   0.0  ind_0056_00017    147    182 +  cm    no 0.61  -
 (43) !   7.8e-14   56.8   0.0  ind_0056_00006    147    182 +  cm    no 0.61  -
 (44) !   1.1e-13   56.3   0.0  ind_0056_00016    147    182 +  cm    no 0.58  -
 (45) !   2.1e-12   51.4   0.0  ind_0056_00038    147    182 +  cm    no 0.67  -
 (46) !   2.5e-12   51.2   0.0  ind_0056_00032    147    182 +  cm    no 0.67  -
 (47) !   3.6e-12   50.6   0.0  ind_0056_00031    147    182 +  cm    no 0.64  -
 (48) !   7.3e-12   49.4   0.0  ind_0056_00047    147    182 +  cm    no 0.58  -
 (49) !   1.2e-11   48.6   0.0  ind_0056_00046    147    182 +  cm    no 0.64  -
 (50) !     7e-10   41.9   0.0  ind_0056_00027    147    182 +  cm    no 0.61  -
 ------ inclusion threshold ------
 (51) ?      0.11   11.0   0.0  ind_0056_00028    155    142 -  cm    no 0.57  -
 (52) ?      0.11   11.0   0.0  ind_0056_00011    155    142 -  cm    no 0.57  -
 (53) ?      0.11   11.0   0.0  ind_0056_00047    155    142 -  cm    no 0.57  -


Hit alignments:
>> ind_0056_00000  
 rank     E-value  score  bias mdl mdl from   mdl to       seq from      seq to       acc trunc   gc
 ----   --------- ------ ----- --- -------- --------    ----------- -----------      ---- ----- ----
  (1) !   2.4e-16   66.3   0.0  cm        1       36 []         147         182 + .. 1.00    no 0.64

                                                          NC
                     :::::<<<--<<<<<<_________>>>>>>-->>> CS
  patent_aligned   1 GGUCAGACCCUGGUCCGGGGCAAUGGGACCACUGUU 36 
                     GGUCAGACCCUGGUCCGGGGCAAUGGGACCACUGUU
  ind_0056_00000 147 GGUCAGACCCUGGUCCGGGGCAAUGGGACCACUGUU 182
                     ************************************ PP

>> ind_0056_00001  
 rank     E-value  score  bias mdl mdl from   mdl to       seq from      seq to       acc trunc   gc
 ----   --------- ------ ----- --- -------- --------    ----------- -----------      ---- ----- ----
  (2) !   2.4e-16   66.3   0.0  cm        1       36 []         147         182 + .. 1.00    no 0.64

                                                          NC
                     :::::<<<--<<<<<<_________>>>>>>-->>> CS
  patent_aligned   1 GGUCAGACCCUGGUCCGGGGCAAUGGGACCACUGUU 36 
                     GGUCAGACCCUGGUCCGGGGCAAUGGGACCACUGUU
  ind_0056_00001 147 GGUCAGACCCUGGUCCGGGGCAAUGGGACCACUGUU 182
                     ************************************ PP

>> ind_0056_00002  
 rank     E-value  score  bias mdl mdl from   mdl to       seq from      seq to       acc trunc   gc
 ----   --------- ------ ----- --- -------- --------    ----------- -----------      ---- ----- ----
  (3) !   2.4e-16   66.3   0.0  cm        1       36 []         147         182 + .. 1.00    no 0.64

                                                          NC
                     :::::<<<--<<<<<<_________>>>>>>-->>> CS
  patent_aligned   1 GGUCAGACCCUGGUCCGGGGCAAUGGGACCACUGUU 36 
                     GGUCAGACCCUGGUCCGGGGCAAUGGGACCACUGUU
  ind_0056_00002 147 GGUCAGACCCUGGUCCGGGGCAAUGGGACCACUGUU 182
                     ************************************ PP

>> ind_0056_00003  
 rank     E-value  score  bias mdl mdl from   mdl to       seq from      seq to       acc trunc   gc
 ----   --------- ------ ----- --- -------- --------    ----------- -----------      ---- ----- ----
  (4) !   2.4e-16   66.3   0.0  cm        1       36 []         147         182 + .. 1.00    no 0.64

                                                          NC
                     :::::<<<--<<<<<<_________>>>>>>-->>> CS
  patent_aligned   1 GGUCAGACCCUGGUCCGGGGCAAUGGGACCACUGUU 36 
                     GGUCAGACCCUGGUCCGGGGCAAUGGGACCACUGUU
  ind_0056_00003 147 GGUCAGACCCUGGUCCGGGGCAAUGGGACCACUGUU 182
                     ************************************ PP

>> ind_0056_00004  
 rank     E-value  score  bias mdl mdl from   mdl to       seq from      seq to       acc trunc   gc
 ----   --------- ------ ----- --- -------- --------    ----------- -----------      ---- ----- ----
  (5) !   2.4e-16   66.3   0.0  cm        1       36 []         147         182 + .. 1.00    no 0.64

                                                          NC
                     :::::<<<--<<<<<<_________>>>>>>-->>> CS
  patent_aligned   1 GGUCAGACCCUGGUCCGGGGCAAUGGGACCACUGUU 36 
                     GGUCAGACCCUGGUCCGGGGCAAUGGGACCACUGUU
  ind_0056_00004 147 GGUCAGACCCUGGUCCGGGGCAAUGGGACCACUGUU 182
                     ************************************ PP

>> ind_0056_00008  
 rank     E-value  score  bias mdl mdl from   mdl to       seq from      seq to       acc trunc   gc
 ----   --------- ------ ----- --- -------- --------    ----------- -----------      ---- ----- ----
  (6) !   2.4e-16   66.3   0.0  cm        1       36 []         147         182 + .. 1.00    no 0.64

                                                          NC
                     :::::<<<--<<<<<<_________>>>>>>-->>> CS
  patent_aligned   1 GGUCAGACCCUGGUCCGGGGCAAUGGGACCACUGUU 36 
                     GGUCAGACCCUGGUCCGGGGCAAUGGGACCACUGUU
  ind_0056_00008 147 GGUCAGACCCUGGUCCGGGGCAAUGGGACCACUGUU 182
                     ************************************ PP

>> ind_0056_00012  
 rank     E-value  score  bias mdl mdl from   mdl to       seq from      seq to       acc trunc   gc
 ----   --------- ------ ----- --- -------- --------    ----------- -----------      ---- ----- ----
  (7) !   2.4e-16   66.3   0.0  cm        1       36 []         147         182 + .. 1.00    no 0.64

                                                          NC
                     :::::<<<--<<<<<<_________>>>>>>-->>> CS
  patent_aligned   1 GGUCAGACCCUGGUCCGGGGCAAUGGGACCACUGUU 36 
                     GGUCAGACCCUGGUCCGGGGCAAUGGGACCACUGUU
  ind_0056_00012 147 GGUCAGACCCUGGUCCGGGGCAAUGGGACCACUGUU 182
                     ************************************ PP

>> ind_0056_00015  
 rank     E-value  score  bias mdl mdl from   mdl to       seq from      seq to       acc trunc   gc
 ----   --------- ------ ----- --- -------- --------    ----------- -----------      ---- ----- ----
  (8) !   2.4e-16   66.3   0.0  cm        1       36 []         147         182 + .. 1.00    no 0.64

                                                          NC
                     :::::<<<--<<<<<<_________>>>>>>-->>> CS
  patent_aligned   1 GGUCAGACCCUGGUCCGGGGCAAUGGGACCACUGUU 36 
                     GGUCAGACCCUGGUCCGGGGCAAUGGGACCACUGUU
  ind_0056_00015 147 GGUCAGACCCUGGUCCGGGGCAAUGGGACCACUGUU 182
                     ************************************ PP

>> ind_0056_00026  
 rank     E-value  score  bias mdl mdl from   mdl to       seq from      seq to       acc trunc   gc
 ----   --------- ------ ----- --- -------- --------    ----------- -----------      ---- ----- ----
  (9) !   2.4e-16   66.3   0.0  cm        1       36 []         147         182 + .. 1.00    no 0.64

                                                          NC
                     :::::<<<--<<<<<<_________>>>>>>-->>> CS
  patent_aligned   1 GGUCAGACCCUGGUCCGGGGCAAUGGGACCACUGUU 36 
                     GGUCAGACCCUGGUCCGGGGCAAUGGGACCACUGUU
  ind_0056_00026 147 GGUCAGACCCUGGUCCGGGGCAAUGGGACCACUGUU 182
                     ************************************ PP

>> ind_0056_00034  
 rank     E-value  score  bias mdl mdl from   mdl to       seq from      seq to       acc trunc   gc
 ----   --------- ------ ----- --- -------- --------    ----------- -----------      ---- ----- ----
 (10) !   2.4e-16   66.3   0.0  cm        1       36 []         147         182 + .. 1.00    no 0.64

                                                          NC
                     :::::<<<--<<<<<<_________>>>>>>-->>> CS
  patent_aligned   1 GGUCAGACCCUGGUCCGGGGCAAUGGGACCACUGUU 36 
                     GGUCAGACCCUGGUCCGGGGCAAUGGGACCACUGUU
  ind_0056_00034 147 GGUCAGACCCUGGUCCGGGGCAAUGGGACCACUGUU 182
                     ************************************ PP

>> ind_0056_00037  
 rank     E-value  score  bias mdl mdl from   mdl to       seq from      seq to       acc trunc   gc
 ----   --------- ------ ----- --- -------- --------    ----------- -----------      ---- ----- ----
 (11) !   2.4e-16   66.3   0.0  cm        1       36 []         147         182 + .. 1.00    no 0.64

                                                          NC
                     :::::<<<--<<<<<<_________>>>>>>-->>> CS
  patent_aligned   1 GGUCAGACCCUGGUCCGGGGCAAUGGGACCACUGUU 36 
                     GGUCAGACCCUGGUCCGGGGCAAUGGGACCACUGUU
  ind_0056_00037 147 GGUCAGACCCUGGUCCGGGGCAAUGGGACCACUGUU 182
                     ************************************ PP

>> ind_0056_00039  
 rank     E-value  score  bias mdl mdl from   mdl to       seq from      seq to       acc trunc   gc
 ----   --------- ------ ----- --- -------- --------    ----------- -----------      ---- ----- ----
 (12) !   2.4e-16   66.3   0.0  cm        1       36 []         147         182 + .. 1.00    no 0.64

                                                          NC
                     :::::<<<--<<<<<<_________>>>>>>-->>> CS
  patent_aligned   1 GGUCAGACCCUGGUCCGGGGCAAUGGGACCACUGUU 36 
                     GGUCAGACCCUGGUCCGGGGCAAUGGGACCACUGUU
  ind_0056_00039 147 GGUCAGACCCUGGUCCGGGGCAAUGGGACCACUGUU 182
                     ************************************ PP

>> ind_0056_00022  
 rank     E-value  score  bias mdl mdl from   mdl to       seq from      seq to       acc trunc   gc
 ----   --------- ------ ----- --- -------- --------    ----------- -----------      ---- ----- ----
 (13) !   3.4e-15   61.9   0.0  cm        1       36 []         147         182 + .. 1.00    no 0.61

                                                          NC
                     :::::<<<--<<<<<<_________>>>>>>-->>> CS
  patent_aligned   1 GGUCAGACCCUGGUCCGGGGCAAUGGGACCACUGUU 36 
                     G UCAGACCCUGGUCCGGGGCAAUGGGACCACUGUU
  ind_0056_00022 147 GAUCAGACCCUGGUCCGGGGCAAUGGGACCACUGUU 182
                     ************************************ PP

>> ind_0056_00024  
 rank     E-value  score  bias mdl mdl from   mdl to       seq from      seq to       acc trunc   gc
 ----   --------- ------ ----- --- -------- --------    ----------- -----------      ---- ----- ----
 (14) !   3.7e-15   61.8   0.0  cm        1       36 []         147         181 + .. 1.00    no 0.66

                          v                             v NC
                     :::::<<<--<<<<<<_________>>>>>>-->>> CS
  patent_aligned   1 GGUCAGACCCUGGUCCGGGGCAAUGGGACCACUGUU 36 
                     GGUCAGACCCUGGUCCGGGGCAAUGGGACCACUGU 
  ind_0056_00024 147 GGUCAGACCCUGGUCCGGGGCAAUGGGACCACUGU- 181
                     ***********************************. PP

>> ind_0056_00042  
 rank     E-value  score  bias mdl mdl from   mdl to       seq from      seq to       acc trunc   gc
 ----   --------- ------ ----- --- -------- --------    ----------- -----------      ---- ----- ----
 (15) !   3.7e-15   61.8   0.0  cm        1       36 []         147         181 + .. 1.00    no 0.66

                          v                             v NC
                     :::::<<<--<<<<<<_________>>>>>>-->>> CS
  patent_aligned   1 GGUCAGACCCUGGUCCGGGGCAAUGGGACCACUGUU 36 
                     GGUCAGACCCUGGUCCGGGGCAAUGGGACCACUGU 
  ind_0056_00042 147 GGUCAGACCCUGGUCCGGGGCAAUGGGACCACUGU- 181
                     ***********************************. PP

>> ind_0056_00005  
 rank     E-value  score  bias mdl mdl from   mdl to       seq from      seq to       acc trunc   gc
 ----   --------- ------ ----- --- -------- --------    ----------- -----------      ---- ----- ----
 (16) !     5e-15   61.3   0.0  cm        1       36 []         147         182 + .. 1.00    no 0.61

                                                          NC
                     :::::<<<--<<<<<<_________>>>>>>-->>> CS
  patent_aligned   1 GGUCAGACCCUGGUCCGGGGCAAUGGGACCACUGUU 36 
                     GGUCAGACCCUGGUCCGGG CAAUGGGACCACUGUU
  ind_0056_00005 147 GGUCAGACCCUGGUCCGGGACAAUGGGACCACUGUU 182
                     ************************************ PP

>> ind_0056_00007  
 rank     E-value  score  bias mdl mdl from   mdl to       seq from      seq to       acc trunc   gc
 ----   --------- ------ ----- --- -------- --------    ----------- -----------      ---- ----- ----
 (17) !     5e-15   61.3   0.0  cm        1       36 []         147         182 + .. 1.00    no 0.61

                                                          NC
                     :::::<<<--<<<<<<_________>>>>>>-->>> CS
  patent_aligned   1 GGUCAGACCCUGGUCCGGGGCAAUGGGACCACUGUU 36 
                     GGUCAGACCCUGGUCCGGG CAAUGGGACCACUGUU
  ind_0056_00007 147 GGUCAGACCCUGGUCCGGGACAAUGGGACCACUGUU 182
                     ************************************ PP

>> ind_0056_00009  
 rank     E-value  score  bias mdl mdl from   mdl to       seq from      seq to       acc trunc   gc
 ----   --------- ------ ----- --- -------- --------    ----------- -----------      ---- ----- ----
 (18) !     5e-15   61.3   0.0  cm        1       36 []         147         182 + .. 1.00    no 0.61

                                                          NC
                     :::::<<<--<<<<<<_________>>>>>>-->>> CS
  patent_aligned   1 GGUCAGACCCUGGUCCGGGGCAAUGGGACCACUGUU 36 
                     GGUCAGACCCUGGUCCGGG CAAUGGGACCACUGUU
  ind_0056_00009 147 GGUCAGACCCUGGUCCGGGACAAUGGGACCACUGUU 182
                     ************************************ PP

>> ind_0056_00011  
 rank     E-value  score  bias mdl mdl from   mdl to       seq from      seq to       acc trunc   gc
 ----   --------- ------ ----- --- -------- --------    ----------- -----------      ---- ----- ----
 (19) !     5e-15   61.3   0.0  cm        1       36 []         147         182 + .. 1.00    no 0.61

                                                          NC
                     :::::<<<--<<<<<<_________>>>>>>-->>> CS
  patent_aligned   1 GGUCAGACCCUGGUCCGGGGCAAUGGGACCACUGUU 36 
                     GGUCAGACCCUGGUCCGGG CAAUGGGACCACUGUU
  ind_0056_00011 147 GGUCAGACCCUGGUCCGGGACAAUGGGACCACUGUU 182
                     ************************************ PP

>> ind_0056_00013  
 rank     E-value  score  bias mdl mdl from   mdl to       seq from      seq to       acc trunc   gc
 ----   --------- ------ ----- --- -------- --------    ----------- -----------      ---- ----- ----
 (20) !     5e-15   61.3   0.0  cm        1       36 []         147         182 + .. 1.00    no 0.61

                                                          NC
                     :::::<<<--<<<<<<_________>>>>>>-->>> CS
  patent_aligned   1 GGUCAGACCCUGGUCCGGGGCAAUGGGACCACUGUU 36 
                     GGUCAGACCCUGGUCCGGG CAAUGGGACCACUGUU
  ind_0056_00013 147 GGUCAGACCCUGGUCCGGGACAAUGGGACCACUGUU 182
                     ************************************ PP

>> ind_0056_00014  
 rank     E-value  score  bias mdl mdl from   mdl to       seq from      seq to       acc trunc   gc
 ----   --------- ------ ----- --- -------- --------    ----------- -----------      ---- ----- ----
 (21) !     5e-15   61.3   0.0  cm        1       36 []         147         182 + .. 1.00    no 0.61

                                                          NC
                     :::::<<<--<<<<<<_________>>>>>>-->>> CS
  patent_aligned   1 GGUCAGACCCUGGUCCGGGGCAAUGGGACCACUGUU 36 
                     GGUCAGACCCUGGUCCGGG CAAUGGGACCACUGUU
  ind_0056_00014 147 GGUCAGACCCUGGUCCGGGACAAUGGGACCACUGUU 182
                     ************************************ PP

>> ind_0056_00018  
 rank     E-value  score  bias mdl mdl from   mdl to       seq from      seq to       acc trunc   gc
 ----   --------- ------ ----- --- -------- --------    ----------- -----------      ---- ----- ----
 (22) !     5e-15   61.3   0.0  cm        1       36 []         147         182 + .. 1.00    no 0.61

                                                          NC
                     :::::<<<--<<<<<<_________>>>>>>-->>> CS
  patent_aligned   1 GGUCAGACCCUGGUCCGGGGCAAUGGGACCACUGUU 36 
                     GGUCAGACCCUGGUCCGGG CAAUGGGACCACUGUU
  ind_0056_00018 147 GGUCAGACCCUGGUCCGGGACAAUGGGACCACUGUU 182
                     ************************************ PP

>> ind_0056_00019  
 rank     E-value  score  bias mdl mdl from   mdl to       seq from      seq to       acc trunc   gc
 ----   --------- ------ ----- --- -------- --------    ----------- -----------      ---- ----- ----
 (23) !     5e-15   61.3   0.0  cm        1       36 []         147         182 + .. 1.00    no 0.61

                                                          NC
                     :::::<<<--<<<<<<_________>>>>>>-->>> CS
  patent_aligned   1 GGUCAGACCCUGGUCCGGGGCAAUGGGACCACUGUU 36 
                     GGUCAGACCCUGGUCCGGG CAAUGGGACCACUGUU
  ind_0056_00019 147 GGUCAGACCCUGGUCCGGGACAAUGGGACCACUGUU 182
                     ************************************ PP

>> ind_0056_00020  
 rank     E-value  score  bias mdl mdl from   mdl to       seq from      seq to       acc trunc   gc
 ----   --------- ------ ----- --- -------- --------    ----------- -----------      ---- ----- ----
 (24) !     5e-15   61.3   0.0  cm        1       36 []         147         182 + .. 1.00    no 0.61

                                                          NC
                     :::::<<<--<<<<<<_________>>>>>>-->>> CS
  patent_aligned   1 GGUCAGACCCUGGUCCGGGGCAAUGGGACCACUGUU 36 
                     GGUCAGACCCUGGUCCGGG CAAUGGGACCACUGUU
  ind_0056_00020 147 GGUCAGACCCUGGUCCGGGACAAUGGGACCACUGUU 182
                     ************************************ PP

>> ind_0056_00021  
 rank     E-value  score  bias mdl mdl from   mdl to       seq from      seq to       acc trunc   gc
 ----   --------- ------ ----- --- -------- --------    ----------- -----------      ---- ----- ----
 (25) !     5e-15   61.3   0.0  cm        1       36 []         147         182 + .. 1.00    no 0.61

                                                          NC
                     :::::<<<--<<<<<<_________>>>>>>-->>> CS
  patent_aligned   1 GGUCAGACCCUGGUCCGGGGCAAUGGGACCACUGUU 36 
                     GGUCAGACCCUGGUCCGGG CAAUGGGACCACUGUU
  ind_0056_00021 147 GGUCAGACCCUGGUCCGGGACAAUGGGACCACUGUU 182
                     ************************************ PP

>> ind_0056_00023  
 rank     E-value  score  bias mdl mdl from   mdl to       seq from      seq to       acc trunc   gc
 ----   --------- ------ ----- --- -------- --------    ----------- -----------      ---- ----- ----
 (26) !     5e-15   61.3   0.0  cm        1       36 []         147         182 + .. 1.00    no 0.61

                                                          NC
                     :::::<<<--<<<<<<_________>>>>>>-->>> CS
  patent_aligned   1 GGUCAGACCCUGGUCCGGGGCAAUGGGACCACUGUU 36 
                     GGUCAGACCCUGGUCCGGG CAAUGGGACCACUGUU
  ind_0056_00023 147 GGUCAGACCCUGGUCCGGGACAAUGGGACCACUGUU 182
                     ************************************ PP

>> ind_0056_00025  
 rank     E-value  score  bias mdl mdl from   mdl to       seq from      seq to       acc trunc   gc
 ----   --------- ------ ----- --- -------- --------    ----------- -----------      ---- ----- ----
 (27) !     5e-15   61.3   0.0  cm        1       36 []         147         182 + .. 1.00    no 0.61

                                                          NC
                     :::::<<<--<<<<<<_________>>>>>>-->>> CS
  patent_aligned   1 GGUCAGACCCUGGUCCGGGGCAAUGGGACCACUGUU 36 
                     GGUCAGACCCUGGUCCGGG CAAUGGGACCACUGUU
  ind_0056_00025 147 GGUCAGACCCUGGUCCGGGACAAUGGGACCACUGUU 182
                     ************************************ PP

>> ind_0056_00028  
 rank     E-value  score  bias mdl mdl from   mdl to       seq from      seq to       acc trunc   gc
 ----   --------- ------ ----- --- -------- --------    ----------- -----------      ---- ----- ----
 (28) !     5e-15   61.3   0.0  cm        1       36 []         147         182 + .. 1.00    no 0.61

                                                          NC
                     :::::<<<--<<<<<<_________>>>>>>-->>> CS
  patent_aligned   1 GGUCAGACCCUGGUCCGGGGCAAUGGGACCACUGUU 36 
                     GGUCAGACCCUGGUCCGGG CAAUGGGACCACUGUU
  ind_0056_00028 147 GGUCAGACCCUGGUCCGGGACAAUGGGACCACUGUU 182
                     ************************************ PP

>> ind_0056_00029  
 rank     E-value  score  bias mdl mdl from   mdl to       seq from      seq to       acc trunc   gc
 ----   --------- ------ ----- --- -------- --------    ----------- -----------      ---- ----- ----
 (29) !     5e-15   61.3   0.0  cm        1       36 []         147         182 + .. 1.00    no 0.61

                                                          NC
                     :::::<<<--<<<<<<_________>>>>>>-->>> CS
  patent_aligned   1 GGUCAGACCCUGGUCCGGGGCAAUGGGACCACUGUU 36 
                     GGUCAGACCCUGGUCCGGG CAAUGGGACCACUGUU
  ind_0056_00029 147 GGUCAGACCCUGGUCCGGGACAAUGGGACCACUGUU 182
                     ************************************ PP

>> ind_0056_00030  
 rank     E-value  score  bias mdl mdl from   mdl to       seq from      seq to       acc trunc   gc
 ----   --------- ------ ----- --- -------- --------    ----------- -----------      ---- ----- ----
 (30) !     5e-15   61.3   0.0  cm        1       36 []         147         182 + .. 1.00    no 0.61

                                                          NC
                     :::::<<<--<<<<<<_________>>>>>>-->>> CS
  patent_aligned   1 GGUCAGACCCUGGUCCGGGGCAAUGGGACCACUGUU 36 
                     GGUCAGACCCUGGUCCGGG CAAUGGGACCACUGUU
  ind_0056_00030 147 GGUCAGACCCUGGUCCGGGACAAUGGGACCACUGUU 182
                     ************************************ PP

>> ind_0056_00033  
 rank     E-value  score  bias mdl mdl from   mdl to       seq from      seq to       acc trunc   gc
 ----   --------- ------ ----- --- -------- --------    ----------- -----------      ---- ----- ----
 (31) !     5e-15   61.3   0.0  cm        1       36 []         147         182 + .. 1.00    no 0.61

                                                          NC
                     :::::<<<--<<<<<<_________>>>>>>-->>> CS
  patent_aligned   1 GGUCAGACCCUGGUCCGGGGCAAUGGGACCACUGUU 36 
                     GGUCAGACCCUGGUCCGGG CAAUGGGACCACUGUU
  ind_0056_00033 147 GGUCAGACCCUGGUCCGGGACAAUGGGACCACUGUU 182
                     ************************************ PP

>> ind_0056_00035  
 rank     E-value  score  bias mdl mdl from   mdl to       seq from      seq to       acc trunc   gc
 ----   --------- ------ ----- --- -------- --------    ----------- -----------      ---- ----- ----
 (32) !     5e-15   61.3   0.0  cm        1       36 []         147         182 + .. 1.00    no 0.61

                                                          NC
                     :::::<<<--<<<<<<_________>>>>>>-->>> CS
  patent_aligned   1 GGUCAGACCCUGGUCCGGGGCAAUGGGACCACUGUU 36 
                     GGUCAGACCCUGGUCCGGG CAAUGGGACCACUGUU
  ind_0056_00035 147 GGUCAGACCCUGGUCCGGGACAAUGGGACCACUGUU 182
                     ************************************ PP

>> ind_0056_00036  
 rank     E-value  score  bias mdl mdl from   mdl to       seq from      seq to       acc trunc   gc
 ----   --------- ------ ----- --- -------- --------    ----------- -----------      ---- ----- ----
 (33) !     5e-15   61.3   0.0  cm        1       36 []         147         182 + .. 1.00    no 0.61

                                                          NC
                     :::::<<<--<<<<<<_________>>>>>>-->>> CS
  patent_aligned   1 GGUCAGACCCUGGUCCGGGGCAAUGGGACCACUGUU 36 
                     GGUCAGACCCUGGUCCGGG CAAUGGGACCACUGUU
  ind_0056_00036 147 GGUCAGACCCUGGUCCGGGACAAUGGGACCACUGUU 182
                     ************************************ PP

>> ind_0056_00040  
 rank     E-value  score  bias mdl mdl from   mdl to       seq from      seq to       acc trunc   gc
 ----   --------- ------ ----- --- -------- --------    ----------- -----------      ---- ----- ----
 (34) !     5e-15   61.3   0.0  cm        1       36 []         147         182 + .. 1.00    no 0.61

                                                          NC
                     :::::<<<--<<<<<<_________>>>>>>-->>> CS
  patent_aligned   1 GGUCAGACCCUGGUCCGGGGCAAUGGGACCACUGUU 36 
                     GGUCAGACCCUGGUCCGGG CAAUGGGACCACUGUU
  ind_0056_00040 147 GGUCAGACCCUGGUCCGGGACAAUGGGACCACUGUU 182
                     ************************************ PP

>> ind_0056_00041  
 rank     E-value  score  bias mdl mdl from   mdl to       seq from      seq to       acc trunc   gc
 ----   --------- ------ ----- --- -------- --------    ----------- -----------      ---- ----- ----
 (35) !     5e-15   61.3   0.0  cm        1       36 []         147         182 + .. 1.00    no 0.61

                                                          NC
                     :::::<<<--<<<<<<_________>>>>>>-->>> CS
  patent_aligned   1 GGUCAGACCCUGGUCCGGGGCAAUGGGACCACUGUU 36 
                     GGUCAGACCCUGGUCCGGG CAAUGGGACCACUGUU
  ind_0056_00041 147 GGUCAGACCCUGGUCCGGGACAAUGGGACCACUGUU 182
                     ************************************ PP

>> ind_0056_00043  
 rank     E-value  score  bias mdl mdl from   mdl to       seq from      seq to       acc trunc   gc
 ----   --------- ------ ----- --- -------- --------    ----------- -----------      ---- ----- ----
 (36) !     5e-15   61.3   0.0  cm        1       36 []         147         182 + .. 1.00    no 0.61

                                                          NC
                     :::::<<<--<<<<<<_________>>>>>>-->>> CS
  patent_aligned   1 GGUCAGACCCUGGUCCGGGGCAAUGGGACCACUGUU 36 
                     GGUCAGACCCUGGUCCGGG CAAUGGGACCACUGUU
  ind_0056_00043 147 GGUCAGACCCUGGUCCGGGACAAUGGGACCACUGUU 182
                     ************************************ PP

>> ind_0056_00044  
 rank     E-value  score  bias mdl mdl from   mdl to       seq from      seq to       acc trunc   gc
 ----   --------- ------ ----- --- -------- --------    ----------- -----------      ---- ----- ----
 (37) !     5e-15   61.3   0.0  cm        1       36 []         147         182 + .. 1.00    no 0.61

                                                          NC
                     :::::<<<--<<<<<<_________>>>>>>-->>> CS
  patent_aligned   1 GGUCAGACCCUGGUCCGGGGCAAUGGGACCACUGUU 36 
                     GGUCAGACCCUGGUCCGGG CAAUGGGACCACUGUU
  ind_0056_00044 147 GGUCAGACCCUGGUCCGGGACAAUGGGACCACUGUU 182
                     ************************************ PP

>> ind_0056_00045  
 rank     E-value  score  bias mdl mdl from   mdl to       seq from      seq to       acc trunc   gc
 ----   --------- ------ ----- --- -------- --------    ----------- -----------      ---- ----- ----
 (38) !     5e-15   61.3   0.0  cm        1       36 []         147         182 + .. 1.00    no 0.61

                                                          NC
                     :::::<<<--<<<<<<_________>>>>>>-->>> CS
  patent_aligned   1 GGUCAGACCCUGGUCCGGGGCAAUGGGACCACUGUU 36 
                     GGUCAGACCCUGGUCCGGG CAAUGGGACCACUGUU
  ind_0056_00045 147 GGUCAGACCCUGGUCCGGGACAAUGGGACCACUGUU 182
                     ************************************ PP

>> ind_0056_00048  
 rank     E-value  score  bias mdl mdl from   mdl to       seq from      seq to       acc trunc   gc
 ----   --------- ------ ----- --- -------- --------    ----------- -----------      ---- ----- ----
 (39) !     5e-15   61.3   0.0  cm        1       36 []         147         182 + .. 1.00    no 0.61

                                                          NC
                     :::::<<<--<<<<<<_________>>>>>>-->>> CS
  patent_aligned   1 GGUCAGACCCUGGUCCGGGGCAAUGGGACCACUGUU 36 
                     GGUCAGACCCUGGUCCGGG CAAUGGGACCACUGUU
  ind_0056_00048 147 GGUCAGACCCUGGUCCGGGACAAUGGGACCACUGUU 182
                     ************************************ PP

>> ind_0056_00049  
 rank     E-value  score  bias mdl mdl from   mdl to       seq from      seq to       acc trunc   gc
 ----   --------- ------ ----- --- -------- --------    ----------- -----------      ---- ----- ----
 (40) !     5e-15   61.3   0.0  cm        1       36 []         147         182 + .. 1.00    no 0.61

                                                          NC
                     :::::<<<--<<<<<<_________>>>>>>-->>> CS
  patent_aligned   1 GGUCAGACCCUGGUCCGGGGCAAUGGGACCACUGUU 36 
                     GGUCAGACCCUGGUCCGGG CAAUGGGACCACUGUU
  ind_0056_00049 147 GGUCAGACCCUGGUCCGGGACAAUGGGACCACUGUU 182
                     ************************************ PP

>> ind_0056_00010  
 rank     E-value  score  bias mdl mdl from   mdl to       seq from      seq to       acc trunc   gc
 ----   --------- ------ ----- --- -------- --------    ----------- -----------      ---- ----- ----
 (41) !   5.9e-15   61.1   0.0  cm        1       36 []         147         182 + .. 1.00    no 0.64

                                                          NC
                     :::::<<<--<<<<<<_________>>>>>>-->>> CS
  patent_aligned   1 GGUCAGACCCUGGUCCGGGGCAAUGGGACCACUGUU 36 
                      GUCAGACCCUGGUCCGGGGCAAUGGGACCACUGUU
  ind_0056_00010 147 CGUCAGACCCUGGUCCGGGGCAAUGGGACCACUGUU 182
                     ************************************ PP

>> ind_0056_00017  
 rank     E-value  score  bias mdl mdl from   mdl to       seq from      seq to       acc trunc   gc
 ----   --------- ------ ----- --- -------- --------    ----------- -----------      ---- ----- ----
 (42) !   6.4e-15   60.9   0.0  cm        1       36 []         147         182 + .. 1.00    no 0.61

                                                          NC
                     :::::<<<--<<<<<<_________>>>>>>-->>> CS
  patent_aligned   1 GGUCAGACCCUGGUCCGGGGCAAUGGGACCACUGUU 36 
                     GGUCAGAC CUGGUCCGGGGCAAUGGGACCACUGUU
  ind_0056_00017 147 GGUCAGACACUGGUCCGGGGCAAUGGGACCACUGUU 182
                     ************************************ PP

>> ind_0056_00006  
 rank     E-value  score  bias mdl mdl from   mdl to       seq from      seq to       acc trunc   gc
 ----   --------- ------ ----- --- -------- --------    ----------- -----------      ---- ----- ----
 (43) !   7.8e-14   56.8   0.0  cm        1       36 []         147         182 + .. 1.00    no 0.61

                                   v           v          NC
                     :::::<<<--<<<<<<_________>>>>>>-->>> CS
  patent_aligned   1 GGUCAGACCCUGGUCCGGGGCAAUGGGACCACUGUU 36 
                     GGUCAGACCCUGGU CGGGGCAAUGG ACCACUGUU
  ind_0056_00006 147 GGUCAGACCCUGGUACGGGGCAAUGGGACCACUGUU 182
                     ************************************ PP

>> ind_0056_00016  
 rank     E-value  score  bias mdl mdl from   mdl to       seq from      seq to       acc trunc   gc
 ----   --------- ------ ----- --- -------- --------    ----------- -----------      ---- ----- ----
 (44) !   1.1e-13   56.3   0.0  cm        1       36 []         147         182 + .. 1.00    no 0.58

                                                          NC
                     :::::<<<--<<<<<<_________>>>>>>-->>> CS
  patent_aligned   1 GGUCAGACCCUGGUCCGGGGCAAUGGGACCACUGUU 36 
                     G UCAGACCCUGGUCCGGG CAAUGGGACCACUGUU
  ind_0056_00016 147 GUUCAGACCCUGGUCCGGGACAAUGGGACCACUGUU 182
                     ************************************ PP

>> ind_0056_00038  
 rank     E-value  score  bias mdl mdl from   mdl to       seq from      seq to       acc trunc   gc
 ----   --------- ------ ----- --- -------- --------    ----------- -----------      ---- ----- ----
 (45) !   2.1e-12   51.4   0.0  cm        1       36 []         147         182 + .. 1.00    no 0.67

                                  v             v         NC
                     :::::<<<--<<<<<<_________>>>>>>-->>> CS
  patent_aligned   1 GGUCAGACCCUGGUCCGGGGCAAUGGGACCACUGUU 36 
                     GGUCAGACCCUGG CCGGGGCAAUGGG CCAC GUU
  ind_0056_00038 147 GGUCAGACCCUGGUCCGGGGCAAUGGGCCCACAGUU 182
                     ************************************ PP

>> ind_0056_00032  
 rank     E-value  score  bias mdl mdl from   mdl to       seq from      seq to       acc trunc   gc
 ----   --------- ------ ----- --- -------- --------    ----------- -----------      ---- ----- ----
 (46) !   2.5e-12   51.2   0.0  cm        1       36 []         147         182 + .. 1.00    no 0.67

                                                          NC
                     :::::<<<--<<<<<<_________>>>>>>-->>> CS
  patent_aligned   1 GGUCAGACCCUGGUCCGGGGCAAUGGGACCACUGUU 36 
                     GGUCAGACCCUGGUCCGGG C AUGGGACCAC GUU
  ind_0056_00032 147 GGUCAGACCCUGGUCCGGGACCAUGGGACCACCGUU 182
                     *********************9************** PP

>> ind_0056_00031  
 rank     E-value  score  bias mdl mdl from   mdl to       seq from      seq to       acc trunc   gc
 ----   --------- ------ ----- --- -------- --------    ----------- -----------      ---- ----- ----
 (47) !   3.6e-12   50.6   0.0  cm        1       36 []         147         182 + .. 1.00    no 0.64

                            v                         v   NC
                     :::::<<<--<<<<<<_________>>>>>>-->>> CS
  patent_aligned   1 GGUCAGACCCUGGUCCGGGGCAAUGGGACCACUGUU 36 
                     GGUCAGA CCUGGUCC GGGCAAUGGGACCACU UU
  ind_0056_00031 147 GGUCAGACCCUGGUCCCGGGCAAUGGGACCACUCUU 182
                     ************************************ PP

>> ind_0056_00047  
 rank     E-value  score  bias mdl mdl from   mdl to       seq from      seq to       acc trunc   gc
 ----   --------- ------ ----- --- -------- --------    ----------- -----------      ---- ----- ----
 (48) !   7.3e-12   49.4   0.0  cm        1       36 []         147         182 + .. 1.00    no 0.58

                                                          NC
                     :::::<<<--<<<<<<_________>>>>>>-->>> CS
  patent_aligned   1 GGUCAGACCCUGGUCCGGGGCAAUGGGACCACUGUU 36 
                     GGUCAGACCCUGGUCCG G CAAU GGACCACUGUU
  ind_0056_00047 147 GGUCAGACCCUGGUCCGCGACAAUUGGACCACUGUU 182
                     ************************************ PP

>> ind_0056_00046  
 rank     E-value  score  bias mdl mdl from   mdl to       seq from      seq to       acc trunc   gc
 ----   --------- ------ ----- --- -------- --------    ----------- -----------      ---- ----- ----
 (49) !   1.2e-11   48.6   0.0  cm        1       36 []         147         182 + .. 1.00    no 0.64

                           v                           v  NC
                     :::::<<<--<<<<<<_________>>>>>>-->>> CS
  patent_aligned   1 GGUCAGACCCUGGUCCGGGGCAAUGGGACCACUGUU 36 
                     GGUCAG CCCUGGUCCGGG C AUGGGACCACUG U
  ind_0056_00046 147 GGUCAGUCCCUGGUCCGGGACCAUGGGACCACUGUU 182
                     *********************9************** PP

>> ind_0056_00027  
 rank     E-value  score  bias mdl mdl from   mdl to       seq from      seq to       acc trunc   gc
 ----   --------- ------ ----- --- -------- --------    ----------- -----------      ---- ----- ----
 (50) !     7e-10   41.9   0.0  cm        1       36 []         147         182 + .. 1.00    no 0.61

                            v  v                   v  v   NC
                     :::::<<<--<<<<<<_________>>>>>>-->>> CS
  patent_aligned   1 GGUCAGACCCUGGUCCGGGGCAAUGGGACCACUGUU 36 
                     GGUCAGA CC GGUCCGGG CAAUGGGACC CU UU
  ind_0056_00027 147 GGUCAGACCCAGGUCCGGGACAAUGGGACCACUCUU 182
                     ************************************ PP

>> ind_0056_00028  
 rank     E-value  score  bias mdl mdl from   mdl to       seq from      seq to       acc trunc   gc
 ----   --------- ------ ----- --- -------- --------    ----------- -----------      ---- ----- ----
 (51) ?      0.11   11.0   0.0  cm        1       36 []         155         142 - .. 0.97    no 0.57

                                          NC
                     :::::<<<--~~~~~~->>> CS
  patent_aligned   1 GGUCAGACCC*[22]*UGUU 36 
                     GGUC GACCC      UGUU
  ind_0056_00028 155 GGUCUGACCC*[ 0]*UGUU 142
                     *********9......7*** PP

>> ind_0056_00011  
 rank     E-value  score  bias mdl mdl from   mdl to       seq from      seq to       acc trunc   gc
 ----   --------- ------ ----- --- -------- --------    ----------- -----------      ---- ----- ----
 (52) ?      0.11   11.0   0.0  cm        1       36 []         155         142 - .. 0.97    no 0.57

                                          NC
                     :::::<<<--~~~~~~->>> CS
  patent_aligned   1 GGUCAGACCC*[22]*UGUU 36 
                     GGUC GACCC      UGUU
  ind_0056_00011 155 GGUCUGACCC*[ 0]*UGUU 142
                     *********9......7*** PP

>> ind_0056_00047  
 rank     E-value  score  bias mdl mdl from   mdl to       seq from      seq to       acc trunc   gc
 ----   --------- ------ ----- --- -------- --------    ----------- -----------      ---- ----- ----
 (53) ?      0.11   11.0   0.0  cm        1       36 []         155         142 - .. 0.97    no 0.57

                                          NC
                     :::::<<<--~~~~~~->>> CS
  patent_aligned   1 GGUCAGACCC*[22]*UGUU 36 
                     GGUC GACCC      UGUU
  ind_0056_00047 155 GGUCUGACCC*[ 0]*UGUU 142
                     *********9......7*** PP



Internal CM pipeline statistics summary:
----------------------------------------
Query model(s):                                                  1  (36 consensus positions)
Target sequences:                                               50  (19700 residues searched)
Target sequences re-searched for truncated hits:                50  (10200 residues re-searched)
Windows   passing  local HMM SSV           filter:             277  (0.5708); expected (0.35)
Windows   passing  local HMM Viterbi       filter:                  (off)
Windows   passing  local HMM Viterbi  bias filter:                  (off)
Windows   passing  local HMM Forward       filter:             104  (0.1787); expected (0.02)
Windows   passing  local HMM Forward  bias filter:             104  (0.1787); expected (0.02)
Windows   passing glocal HMM Forward       filter:              56  (0.1091); expected (0.02)
Windows   passing glocal HMM Forward  bias filter:              56  (0.1091); expected (0.02)
Envelopes passing glocal HMM envelope defn filter:              56  (0.06933); expected (0.02)
Envelopes passing  local CM  CYK           filter:              56  (0.06769); expected (0.0001)
Total CM hits reported:                                         53  (0.06154); includes 0 truncated hit(s)

# CPU time: 0.05u 0.00s 00:00:00.05 Elapsed: 00:00:00.06
# Alignment of 50 hits satisfying inclusion thresholds saved to: optimization_a7/100gen/_workspace/cmsearch_logs/gen_0056/patent_cmsearch.sto
//
[ok]
