# cmsearch :: search CM(s) against a sequence database
# INFERNAL 1.1.5 (Sep 2023)
# Copyright (C) 2023 Howard Hughes Medical Institute.
# Freely distributed under the BSD open source license.
# - - - - - - - - - - - - - - - - - - - - - - - - - - - - - - - - - - - -
# query CM file:                         A7_analysis/patent.cm
# target sequence database:              /tmp/tmpbde5ufab/queries.fa
# output directed to file:               optimization_a7/100gen/_workspace/cmsearch_logs/gen_0022/patent_cmsearch.out
# MSA of significant hits saved to file: optimization_a7/100gen/_workspace/cmsearch_logs/gen_0022/patent_cmsearch.sto
# tabular output of hits:                optimization_a7/100gen/_workspace/cmsearch_logs/gen_0022/patent_cmsearch.tblout
# max ASCII text line length:            unlimited
# sequence reporting threshold:          E-value <= 1000
# number of worker threads:              4
# - - - - - - - - - - - - - - - - - - - - - - - - - - - - - - - - - - - -

Query:       patent_aligned  [CLEN=36]
Hit scores:
 rank     E-value  score  bias  sequence        start    end   mdl trunc   gc  description
 ----   --------- ------ -----  -------------- ------ ------   --- ----- ----  -----------
  (1) !   2.2e-14   58.9   0.0  ind_0022_00004    147    182 +  cm    no 0.64  -
  (2) !     7e-14   57.0   0.0  ind_0022_00023    147    182 +  cm    no 0.58  -
  (3) !   7.6e-14   56.9   0.0  ind_0022_00046    147    181 +  cm    no 0.63  -
  (4) !   5.3e-13   53.7   0.0  ind_0022_00038    147    182 +  cm    no 0.58  -
  (5) !     1e-12   52.6   0.0  ind_0022_00000    147    182 +  cm    no 0.64  -
  (6) !   1.8e-12   51.7   0.0  ind_0022_00012    147    182 +  cm    no 0.64  -
  (7) !   2.3e-12   51.3   0.0  ind_0022_00018    147    182 +  cm    no 0.61  -
  (8) !   9.8e-12   48.9   0.0  ind_0022_00033    147    182 +  cm    no 0.61  -
  (9) !   1.2e-11   48.6   0.0  ind_0022_00049    147    180 +  cm    no 0.68  -
 (10) !   1.7e-11   48.0   0.0  ind_0022_00010    147    182 +  cm    no 0.56  -
 (11) !   2.5e-11   47.4   0.0  ind_0022_00035    147    182 +  cm    no 0.67  -
 (12) !   2.5e-11   47.4   0.0  ind_0022_00001    147    182 +  cm    no 0.58  -
 (13) !   3.4e-11   46.9   0.0  ind_0022_00048    147    182 +  cm    no 0.69  -
 (14) !   5.5e-11   46.1   0.0  ind_0022_00015    147    182 +  cm    no 0.61  -
 (15) !   7.5e-11   45.6   0.0  ind_0022_00032    147    182 +  cm    no 0.58  -
 (16) !   9.5e-11   45.2   0.0  ind_0022_00002    147    182 +  cm    no 0.69  -
 (17) !   1.1e-10   44.9   0.0  ind_0022_00003    147    182 +  cm    no 0.61  -
 (18) !   2.3e-10   43.8   0.0  ind_0022_00040    147    182 +  cm    no 0.64  -
 (19) !   3.1e-10   43.3   0.0  ind_0022_00028    147    182 +  cm    no 0.64  -
 (20) !   3.5e-10   43.1   0.0  ind_0022_00026    147    182 +  cm    no 0.67  -
 (21) !   4.5e-10   42.7   0.0  ind_0022_00009    147    182 +  cm    no 0.61  -
 (22) !   4.6e-10   42.6   0.0  ind_0022_00034    147    182 +  cm    no 0.58  -
 (23) !   4.9e-10   42.5   0.0  ind_0022_00013    147    182 +  cm    no 0.64  -
 (24) !   6.9e-10   42.0   0.0  ind_0022_00020    147    182 +  cm    no 0.64  -
 (25) !     8e-10   41.7   0.0  ind_0022_00017    147    182 +  cm    no 0.67  -
 (26) !   1.4e-09   40.9   0.0  ind_0022_00042    147    182 +  cm    no 0.67  -
 (27) !   1.4e-09   40.8   0.0  ind_0022_00019    147    182 +  cm    no 0.69  -
 (28) !   1.7e-09   40.5   0.0  ind_0022_00025    147    182 +  cm    no 0.64  -
 (29) !   2.1e-09   40.2   0.0  ind_0022_00029    147    182 +  cm    no 0.61  -
 (30) !   2.3e-09   40.0   0.0  ind_0022_00037    147    182 +  cm    no 0.61  -
 (31) !   2.7e-09   39.7   0.0  ind_0022_00007    147    182 +  cm    no 0.56  -
 (32) !   3.6e-09   39.3   0.0  ind_0022_00030    147    180 +  cm    no 0.68  -
 (33) !   3.7e-09   39.2   0.0  ind_0022_00006    147    182 +  cm    no 0.67  -
 (34) !   3.9e-09   39.1   0.0  ind_0022_00044    147    182 +  cm    no 0.69  -
 (35) !     4e-09   39.1   0.0  ind_0022_00047    147    182 +  cm    no 0.64  -
 (36) !   5.6e-09   38.5   0.0  ind_0022_00014    147    182 +  cm    no 0.64  -
 (37) !   9.1e-09   37.7   0.0  ind_0022_00041    147    182 +  cm    no 0.58  -
 (38) !   1.8e-08   36.6   0.0  ind_0022_00039    147    182 +  cm    no 0.61  -
 (39) !   1.8e-08   36.6   0.0  ind_0022_00005    147    179 +  cm    no 0.67  -
 (40) !   4.2e-08   35.2   0.0  ind_0022_00011    147    180 +  cm    no 0.65  -
 (41) !   7.2e-08   34.4   0.0  ind_0022_00022    147    182 +  cm    no 0.67  -
 (42) !   9.6e-08   33.9   0.0  ind_0022_00027    147    179 +  cm    no 0.70  -
 (43) !   2.6e-07   32.3   0.0  ind_0022_00024    147    182 +  cm    no 0.58  -
 (44) !   3.4e-07   31.8   0.0  ind_0022_00045    147    179 +  cm    no 0.67  -
 (45) !     8e-07   30.4   0.0  ind_0022_00036    147    182 +  cm    no 0.56  -
 (46) !   8.1e-07   30.4   0.0  ind_0022_00021    147    182 +  cm    no 0.75  -
 (47) !   1.5e-06   29.4   0.0  ind_0022_00043    147    180 +  cm    no 0.71  -
 (48) !   1.8e-06   29.0   0.0  ind_0022_00016    147    182 +  cm    no 0.64  -
 (49) !    0.0017   17.9   0.0  ind_0022_00008    147    179 +  cm    no 0.61  -
 (50) !    0.0022   17.5   0.0  ind_0022_00031    147    180 +  cm    no 0.74  -
 ------ inclusion threshold ------
 (51) ?      0.11   11.0   0.0  ind_0022_00035    155    142 -  cm    no 0.57  -
 (52) ?      0.13   10.8   0.0  ind_0022_00019    155    142 -  cm    no 0.57  -
 (53) ?       0.7    8.0   0.0  ind_0022_00041    155    136 -  cm    no 0.60  -
 (54) ?   1.2e+02   -0.3   0.0  ind_0022_00041    133    111 -  cm    no 0.48  -
 (55) ?   1.4e+02   -0.6   0.0  ind_0022_00009    186    197 +  cm    3' 0.42  -
 (56) ?   7.7e+02   -3.4   0.0  ind_0022_00025    186    197 +  cm    3' 0.50  -
 (57) ?   8.6e+02   -3.6   0.0  ind_0022_00015    194    197 +  cm    3' 0.75  -


Hit alignments:
>> ind_0022_00004  
 rank     E-value  score  bias mdl mdl from   mdl to       seq from      seq to       acc trunc   gc
 ----   --------- ------ ----- --- -------- --------    ----------- -----------      ---- ----- ----
  (1) !   2.2e-14   58.9   0.0  cm        1       36 []         147         182 + .. 1.00    no 0.64

                                                          NC
                     :::::<<<--<<<<<<_________>>>>>>-->>> CS
  patent_aligned   1 GGUCAGACCCUGGUCCGGGGCAAUGGGACCACUGUU 36 
                     GGUCA:ACCCUGGUCCGGG CAAUGGGACCACUGU:
  ind_0022_00004 147 GGUCAGACCCUGGUCCGGGACAAUGGGACCACUGUC 182
                     ************************************ PP

>> ind_0022_00023  
 rank     E-value  score  bias mdl mdl from   mdl to       seq from      seq to       acc trunc   gc
 ----   --------- ------ ----- --- -------- --------    ----------- -----------      ---- ----- ----
  (2) !     7e-14   57.0   0.0  cm        1       36 []         147         182 + .. 1.00    no 0.58

                                                          NC
                     :::::<<<--<<<<<<_________>>>>>>-->>> CS
  patent_aligned   1 GGUCAGACCCUGGUCCGGGGCAAUGGGACCACUGUU 36 
                     G UCAGACCCUGGUCCGGG CAAUGGGACCACUGUU
  ind_0022_00023 147 GAUCAGACCCUGGUCCGGGACAAUGGGACCACUGUU 182
                     ************************************ PP

>> ind_0022_00046  
 rank     E-value  score  bias mdl mdl from   mdl to       seq from      seq to       acc trunc   gc
 ----   --------- ------ ----- --- -------- --------    ----------- -----------      ---- ----- ----
  (3) !   7.6e-14   56.9   0.0  cm        1       36 []         147         181 + .. 1.00    no 0.63

                          v                             v NC
                     :::::<<<--<<<<<<_________>>>>>>-->>> CS
  patent_aligned   1 GGUCAGACCCUGGUCCGGGGCAAUGGGACCACUGUU 36 
                     GGUCAGACCCUGGUCCGGG CAAUGGGACCACUGU 
  ind_0022_00046 147 GGUCAGACCCUGGUCCGGGACAAUGGGACCACUGU- 181
                     ***********************************. PP

>> ind_0022_00038  
 rank     E-value  score  bias mdl mdl from   mdl to       seq from      seq to       acc trunc   gc
 ----   --------- ------ ----- --- -------- --------    ----------- -----------      ---- ----- ----
  (4) !   5.3e-13   53.7   0.0  cm        1       36 []         147         182 + .. 1.00    no 0.58

                                 v               v        NC
                     :::::<<<--<<<<<<_________>>>>>>-->>> CS
  patent_aligned   1 GGUCAGACCCUGGUCCGGGGCAAUGGGACCACUGUU 36 
                     GGUCAGACCCUG UCCGGG CAAUGGGA CACUGUU
  ind_0022_00038 147 GGUCAGACCCUGAUCCGGGACAAUGGGACCACUGUU 182
                     ************************************ PP

>> ind_0022_00000  
 rank     E-value  score  bias mdl mdl from   mdl to       seq from      seq to       acc trunc   gc
 ----   --------- ------ ----- --- -------- --------    ----------- -----------      ---- ----- ----
  (5) !     1e-12   52.6   0.0  cm        1       36 []         147         182 + .. 1.00    no 0.64

                                                          NC
                     :::::<<<--<<<<<<_________>>>>>>-->>> CS
  patent_aligned   1 GGUCAGACCCUGGUCCGGGGCAAUGGGACCACUGUU 36 
                     GGUCA:ACCCUGGUCC GG CAAUGGGACCACUGU:
  ind_0022_00000 147 GGUCAGACCCUGGUCCCGGACAAUGGGACCACUGUC 182
                     ************************************ PP

>> ind_0022_00012  
 rank     E-value  score  bias mdl mdl from   mdl to       seq from      seq to       acc trunc   gc
 ----   --------- ------ ----- --- -------- --------    ----------- -----------      ---- ----- ----
  (6) !   1.8e-12   51.7   0.0  cm        1       36 []         147         182 + .. 1.00    no 0.64

                                  v             v         NC
                     :::::<<<--<<<<<<_________>>>>>>-->>> CS
  patent_aligned   1 GGUCAGACCCUGGUCCGGGGCAAUGGGACCACUGUU 36 
                     GGUCAGACCCUGG CCGGG CAAUGGG CCACUGUU
  ind_0022_00012 147 GGUCAGACCCUGGGCCGGGACAAUGGGACCACUGUU 182
                     ************************************ PP

>> ind_0022_00018  
 rank     E-value  score  bias mdl mdl from   mdl to       seq from      seq to       acc trunc   gc
 ----   --------- ------ ----- --- -------- --------    ----------- -----------      ---- ----- ----
  (7) !   2.3e-12   51.3   0.0  cm        1       36 []         147         182 + .. 1.00    no 0.61

                                 v               v        NC
                     :::::<<<--<<<<<<_________>>>>>>-->>> CS
  patent_aligned   1 GGUCAGACCCUGGUCCGGGGCAAUGGGACCACUGUU 36 
                     GGUCA:ACCCUG UCCGGG CAAUGGGA CACUGU:
  ind_0022_00018 147 GGUCAGACCCUGAUCCGGGACAAUGGGACCACUGUC 182
                     ************************************ PP

>> ind_0022_00033  
 rank     E-value  score  bias mdl mdl from   mdl to       seq from      seq to       acc trunc   gc
 ----   --------- ------ ----- --- -------- --------    ----------- -----------      ---- ----- ----
  (8) !   9.8e-12   48.9   0.0  cm        1       36 []         147         182 + .. 1.00    no 0.61

                          v                             v NC
                     :::::<<<--<<<<<<_________>>>>>>-->>> CS
  patent_aligned   1 GGUCAGACCCUGGUCCGGGGCAAUGGGACCACUGUU 36 
                     GGUCA ACCC GGUCCGGGGCAAUGGGACC  UGU 
  ind_0022_00033 147 GGUCAUACCCUGGUCCGGGGCAAUGGGACCGAUGUU 182
                     ************************************ PP

>> ind_0022_00049  
 rank     E-value  score  bias mdl mdl from   mdl to       seq from      seq to       acc trunc   gc
 ----   --------- ------ ----- --- -------- --------    ----------- -----------      ---- ----- ----
  (9) !   1.2e-11   48.6   0.0  cm        1       36 []         147         180 + .. 1.00    no 0.68

                          vv                           vv NC
                     :::::<<<--<<<<<<_________>>>>>>-->>> CS
  patent_aligned   1 GGUCAGACCCUGGUCCGGGGCAAUGGGACCACUGUU 36 
                     GGUCAGACCC GGUCCGGG CAAUGGGACC CUG  
  ind_0022_00049 147 GGUCAGACCCUGGUCCGGGACAAUGGGACCGCUG-- 180
                     **********************************.. PP

>> ind_0022_00010  
 rank     E-value  score  bias mdl mdl from   mdl to       seq from      seq to       acc trunc   gc
 ----   --------- ------ ----- --- -------- --------    ----------- -----------      ---- ----- ----
 (10) !   1.7e-11   48.0   0.0  cm        1       36 []         147         182 + .. 1.00    no 0.56

                                 v               v        NC
                     :::::<<<--<<<<<<_________>>>>>>-->>> CS
  patent_aligned   1 GGUCAGACCCUGGUCCGGGGCAAUGGGACCACUGUU 36 
                     GGUCAGACCCUG UCC GG CAAUGGGA CACUGUU
  ind_0022_00010 147 GGUCAGACCCUGAUCCUGGACAAUGGGACCACUGUU 182
                     ************************************ PP

>> ind_0022_00035  
 rank     E-value  score  bias mdl mdl from   mdl to       seq from      seq to       acc trunc   gc
 ----   --------- ------ ----- --- -------- --------    ----------- -----------      ---- ----- ----
 (11) !   2.5e-11   47.4   0.0  cm        1       36 []         147         182 + .. 1.00    no 0.67

                                                          NC
                     :::::<<<--<<<<<<_________>>>>>>-->>> CS
  patent_aligned   1 GGUCAGACCCUGGUCCGGGGCAAUGGGACCACUGUU 36 
                     GGUCA:ACCCUGGUCC GG C AUGGGACCACUGU:
  ind_0022_00035 147 GGUCAGACCCUGGUCCCGGACGAUGGGACCACUGUC 182
                     ************************************ PP

>> ind_0022_00001  
 rank     E-value  score  bias mdl mdl from   mdl to       seq from      seq to       acc trunc   gc
 ----   --------- ------ ----- --- -------- --------    ----------- -----------      ---- ----- ----
 (12) !   2.5e-11   47.4   0.0  cm        1       36 []         147         182 + .. 1.00    no 0.58

                                 v               v        NC
                     :::::<<<--<<<<<<_________>>>>>>-->>> CS
  patent_aligned   1 GGUCAGACCCUGGUCCGGGGCAAUGGGACCACUGUU 36 
                     GGUCAGACCCUG UCC GG CAAUGGGA CACUGUU
  ind_0022_00001 147 GGUCAGACCCUGAUCCCGGACAAUGGGACCACUGUU 182
                     ************************************ PP

>> ind_0022_00048  
 rank     E-value  score  bias mdl mdl from   mdl to       seq from      seq to       acc trunc   gc
 ----   --------- ------ ----- --- -------- --------    ----------- -----------      ---- ----- ----
 (13) !   3.4e-11   46.9   0.0  cm        1       36 []         147         182 + .. 1.00    no 0.69

                                  v             v         NC
                     :::::<<<--<<<<<<_________>>>>>>-->>> CS
  patent_aligned   1 GGUCAGACCCUGGUCCGGGGCAAUGGGACCACUGUU 36 
                     GGUCAGACCCUGG CCGGG CAAUGGG CCAC GUU
  ind_0022_00048 147 GGUCAGACCCUGGGCCGGGACAAUGGGGCCACCGUU 182
                     ************************************ PP

>> ind_0022_00015  
 rank     E-value  score  bias mdl mdl from   mdl to       seq from      seq to       acc trunc   gc
 ----   --------- ------ ----- --- -------- --------    ----------- -----------      ---- ----- ----
 (14) !   5.5e-11   46.1   0.0  cm        1       36 []         147         182 + .. 0.99    no 0.61

                                 v               v        NC
                     :::::<<<--<<<<<<_________>>>>>>-->>> CS
  patent_aligned   1 GGUCAGACCCUGGUCCGGGGCAAUGGGACCACUGUU 36 
                     GGUCAGACCCUG UCC GG CAAUGGGA CACUGUU
  ind_0022_00015 147 GGUCAGACCCUGAUCCCGGCCAAUGGGACCACUGUU 182
                     ****************99999*************** PP

>> ind_0022_00032  
 rank     E-value  score  bias mdl mdl from   mdl to       seq from      seq to       acc trunc   gc
 ----   --------- ------ ----- --- -------- --------    ----------- -----------      ---- ----- ----
 (15) !   7.5e-11   45.6   0.0  cm        1       36 []         147         182 + .. 1.00    no 0.58

                                 v               v        NC
                     :::::<<<--<<<<<<_________>>>>>>-->>> CS
  patent_aligned   1 GGUCAGACCCUGGUCCGGGGCAAUGGGACCACUGUU 36 
                     GGUCA:ACCCUG UCCGG  CAAUGGGA CACUGU:
  ind_0022_00032 147 GGUCAGACCCUGAUCCGGUACAAUGGGACCACUGUC 182
                     ************************************ PP

>> ind_0022_00002  
 rank     E-value  score  bias mdl mdl from   mdl to       seq from      seq to       acc trunc   gc
 ----   --------- ------ ----- --- -------- --------    ----------- -----------      ---- ----- ----
 (16) !   9.5e-11   45.2   0.0  cm        1       36 []         147         182 + .. 1.00    no 0.69

                                                          NC
                     :::::<<<--<<<<<<_________>>>>>>-->>> CS
  patent_aligned   1 GGUCAGACCCUGGUCCGGGGCAAUGGGACCACUGUU 36 
                     GG C GACCCUGGUCC GGGCAA GGGACCACUGUU
  ind_0022_00002 147 GGCCCGACCCUGGUCCCGGGCAAAGGGACCACUGUU 182
                     ************************************ PP

>> ind_0022_00003  
 rank     E-value  score  bias mdl mdl from   mdl to       seq from      seq to       acc trunc   gc
 ----   --------- ------ ----- --- -------- --------    ----------- -----------      ---- ----- ----
 (17) !   1.1e-10   44.9   0.0  cm        1       36 []         147         182 + .. 1.00    no 0.61

                                 v               v        NC
                     :::::<<<--<<<<<<_________>>>>>>-->>> CS
  patent_aligned   1 GGUCAGACCCUGGUCCGGGGCAAUGGGACCACUGUU 36 
                     GGUCA:ACCCUG UCC GG CAAUGGGA CACUGU:
  ind_0022_00003 147 GGUCAGACCCUGAUCCCGGACAAUGGGACCACUGUC 182
                     ************************************ PP

>> ind_0022_00040  
 rank     E-value  score  bias mdl mdl from   mdl to       seq from      seq to       acc trunc   gc
 ----   --------- ------ ----- --- -------- --------    ----------- -----------      ---- ----- ----
 (18) !   2.3e-10   43.8   0.0  cm        1       36 []         147         182 + .. 1.00    no 0.64

                                                          NC
                     :::::<<<--<<<<<<_________>>>>>>-->>> CS
  patent_aligned   1 GGUCAGACCCUGGUCCGGGGCAAUGGGACCACUGUU 36 
                     GGUC GACCCUGGU C GGGCAA GG ACCACUGUU
  ind_0022_00040 147 GGUCCGACCCUGGUUCCGGGCAAAGGGACCACUGUU 182
                     ************************************ PP

>> ind_0022_00028  
 rank     E-value  score  bias mdl mdl from   mdl to       seq from      seq to       acc trunc   gc
 ----   --------- ------ ----- --- -------- --------    ----------- -----------      ---- ----- ----
 (19) !   3.1e-10   43.3   0.0  cm        1       36 []         147         182 + .. 1.00    no 0.64

                                  v             v         NC
                     :::::<<<--<<<<<<_________>>>>>>-->>> CS
  patent_aligned   1 GGUCAGACCCUGGUCCGGGGCAAUGGGACCACUGUU 36 
                      GUCAGACCCUGG CCGGG CAAUGGG CCAC GUU
  ind_0022_00028 147 AGUCAGACCCUGGGCCGGGACAAUGGGACCACCGUU 182
                     ************************************ PP

>> ind_0022_00026  
 rank     E-value  score  bias mdl mdl from   mdl to       seq from      seq to       acc trunc   gc
 ----   --------- ------ ----- --- -------- --------    ----------- -----------      ---- ----- ----
 (20) !   3.5e-10   43.1   0.0  cm        1       36 []         147         182 + .. 1.00    no 0.67

                                  v             v         NC
                     :::::<<<--<<<<<<_________>>>>>>-->>> CS
  patent_aligned   1 GGUCAGACCCUGGUCCGGGGCAAUGGGACCACUGUU 36 
                     GGUCA:ACCCUGG C GGG CAAUG G CCACUGU:
  ind_0022_00026 147 GGUCAGACCCUGGGCGGGGACAAUGCGACCACUGUC 182
                     ************************************ PP

>> ind_0022_00009  
 rank     E-value  score  bias mdl mdl from   mdl to       seq from      seq to       acc trunc   gc
 ----   --------- ------ ----- --- -------- --------    ----------- -----------      ---- ----- ----
 (21) !   4.5e-10   42.7   0.0  cm        1       36 []         147         182 + .. 1.00    no 0.61

                                                          NC
                     :::::<<<--<<<<<<_________>>>>>>-->>> CS
  patent_aligned   1 GGUCAGACCCUGGUCCGGGGCAAUGGGACCACUGUU 36 
                     GGUCA:A CC GGUCCG G CAAUGGGACC CU U:
  ind_0022_00009 147 GGUCAGAUCCUGGUCCGAGACAAUGGGACCGCUGUC 182
                     ************************************ PP

>> ind_0022_00034  
 rank     E-value  score  bias mdl mdl from   mdl to       seq from      seq to       acc trunc   gc
 ----   --------- ------ ----- --- -------- --------    ----------- -----------      ---- ----- ----
 (22) !   4.6e-10   42.6   0.0  cm        1       36 []         147         182 + .. 1.00    no 0.58

                                 v               v        NC
                     :::::<<<--<<<<<<_________>>>>>>-->>> CS
  patent_aligned   1 GGUCAGACCCUGGUCCGGGGCAAUGGGACCACUGUU 36 
                     GGUCAGACCCUG UCC GG CAA GGGA CACUGUU
  ind_0022_00034 147 GGUCAGACCCUGAUCCCGGACAAAGGGACCACUGUU 182
                     ************************************ PP

>> ind_0022_00013  
 rank     E-value  score  bias mdl mdl from   mdl to       seq from      seq to       acc trunc   gc
 ----   --------- ------ ----- --- -------- --------    ----------- -----------      ---- ----- ----
 (23) !   4.9e-10   42.5   0.0  cm        1       36 []         147         182 + .. 0.99    no 0.64

                                                          NC
                     :::::<<<--<<<<<<_________>>>>>>-->>> CS
  patent_aligned   1 GGUCAGACCCUGGUCCGGGGCAAUGGGACCACUGUU 36 
                     GGUCA:ACCCUGGUCC  G C AUGGGACCACUGU:
  ind_0022_00013 147 GGUCAGACCCUGGUCCCAGACGAUGGGACCACUGUC 182
                     ****************99***9************** PP

>> ind_0022_00020  
 rank     E-value  score  bias mdl mdl from   mdl to       seq from      seq to       acc trunc   gc
 ----   --------- ------ ----- --- -------- --------    ----------- -----------      ---- ----- ----
 (24) !   6.9e-10   42.0   0.0  cm        1       36 []         147         182 + .. 1.00    no 0.64

                            v                         v   NC
                     :::::<<<--<<<<<<_________>>>>>>-->>> CS
  patent_aligned   1 GGUCAGACCCUGGUCCGGGGCAAUGGGACCACUGUU 36 
                     GGUC GA CC GGUCCGGG CAAUGGGACC CU UU
  ind_0022_00020 147 GGUCCGAACCCGGUCCGGGACAAUGGGACCGCUAUU 182
                     ************************************ PP

>> ind_0022_00017  
 rank     E-value  score  bias mdl mdl from   mdl to       seq from      seq to       acc trunc   gc
 ----   --------- ------ ----- --- -------- --------    ----------- -----------      ---- ----- ----
 (25) !     8e-10   41.7   0.0  cm        1       36 []         147         182 + .. 1.00    no 0.67

                                                          NC
                     :::::<<<--<<<<<<_________>>>>>>-->>> CS
  patent_aligned   1 GGUCAGACCCUGGUCCGGGGCAAUGGGACCACUGUU 36 
                     G UCA:ACCCUGGUCC GG C AUGGGACCACUGU:
  ind_0022_00017 147 GCUCAGACCCUGGUCCCGGACGAUGGGACCACUGUC 182
                     ************************************ PP

>> ind_0022_00042  
 rank     E-value  score  bias mdl mdl from   mdl to       seq from      seq to       acc trunc   gc
 ----   --------- ------ ----- --- -------- --------    ----------- -----------      ---- ----- ----
 (26) !   1.4e-09   40.9   0.0  cm        1       36 []         147         182 + .. 0.94    no 0.67

                                                           NC
                     :::::<<<--<<<<<<_____.____>>>>>>-->>> CS
  patent_aligned   1 GGUCAGACCCUGGUCCGGGGC.AAUGGGACCACUGUU 36 
                     GG C GACCCUGGUCC GGGC AAU GGACCACUGUU
  ind_0022_00042 147 GGCCCGACCCUGGUCCCGGGCaAAU-GGACCACUGUU 182
                     *********************5555.*********** PP

>> ind_0022_00019  
 rank     E-value  score  bias mdl mdl from   mdl to       seq from      seq to       acc trunc   gc
 ----   --------- ------ ----- --- -------- --------    ----------- -----------      ---- ----- ----
 (27) !   1.4e-09   40.8   0.0  cm        1       36 []         147         182 + .. 1.00    no 0.69

                               v                   v      NC
                     :::::<<<--<<<<<<_________>>>>>>-->>> CS
  patent_aligned   1 GGUCAGACCCUGGUCCGGGGCAAUGGGACCACUGUU 36 
                     GGUC GACCC GGUCCGGG C AUGGGACC CUGUU
  ind_0022_00019 147 GGUCUGACCCGGGUCCGGGACGAUGGGACCGCUGUU 182
                     ************************************ PP

>> ind_0022_00025  
 rank     E-value  score  bias mdl mdl from   mdl to       seq from      seq to       acc trunc   gc
 ----   --------- ------ ----- --- -------- --------    ----------- -----------      ---- ----- ----
 (28) !   1.7e-09   40.5   0.0  cm        1       36 []         147         182 + .. 0.98    no 0.64

                                                          NC
                     :::::<<<--<<<<<<_________>>>>>>-->>> CS
  patent_aligned   1 GGUCAGACCCUGGUCCGGGGCAAUGGGACCACUGUU 36 
                     G UCAGACCCUGGUCC GG C  UGGGACCACUGUU
  ind_0022_00025 147 GAUCAGACCCUGGUCCCGGACGGUGGGACCACUGUU 182
                     ******************9998899*********** PP

>> ind_0022_00029  
 rank     E-value  score  bias mdl mdl from   mdl to       seq from      seq to       acc trunc   gc
 ----   --------- ------ ----- --- -------- --------    ----------- -----------      ---- ----- ----
 (29) !   2.1e-09   40.2   0.0  cm        1       36 []         147         182 + .. 1.00    no 0.61

                                v                 v       NC
                     :::::<<<--<<<<<<_________>>>>>>-->>> CS
  patent_aligned   1 GGUCAGACCCUGGUCCGGGGCAAUGGGACCACUGUU 36 
                     GGUCAGACCC  GUCC GG CAAUGGGAC  CUGUU
  ind_0022_00029 147 GGUCAGACCCUGGUCCCGGACAAUGGGACAGCUGUU 182
                     ************************************ PP

>> ind_0022_00037  
 rank     E-value  score  bias mdl mdl from   mdl to       seq from      seq to       acc trunc   gc
 ----   --------- ------ ----- --- -------- --------    ----------- -----------      ---- ----- ----
 (30) !   2.3e-09   40.0   0.0  cm        1       36 []         147         182 + .. 0.99    no 0.61

                                 v               v        NC
                     :::::<<<--<<<<<<_________>>>>>>-->>> CS
  patent_aligned   1 GGUCAGACCCUGGUCCGGGGCAAUGGGACCACUGUU 36 
                     GGUCAGACC UG UCC GG CAAUGGGA CACUGUU
  ind_0022_00037 147 GGUCAGACCGUGAUCCCGGCCAAUGGGACCACUGUU 182
                     ****************99999*************** PP

>> ind_0022_00007  
 rank     E-value  score  bias mdl mdl from   mdl to       seq from      seq to       acc trunc   gc
 ----   --------- ------ ----- --- -------- --------    ----------- -----------      ---- ----- ----
 (31) !   2.7e-09   39.7   0.0  cm        1       36 []         147         182 + .. 1.00    no 0.56

                            v    v               v    v   NC
                     :::::<<<--<<<<<<_________>>>>>>-->>> CS
  patent_aligned   1 GGUCAGACCCUGGUCCGGGGCAAUGGGACCACUGUU 36 
                     GGUCAGA CCUG UCC GG CAAUGGGA CACU UU
  ind_0022_00007 147 GGUCAGACCCUGAUCCCGGACAAUGGGACCACUAUU 182
                     ************************************ PP

>> ind_0022_00030  
 rank     E-value  score  bias mdl mdl from   mdl to       seq from      seq to       acc trunc   gc
 ----   --------- ------ ----- --- -------- --------    ----------- -----------      ---- ----- ----
 (32) !   3.6e-09   39.3   0.0  cm        1       36 []         147         180 + .. 1.00    no 0.68

                          vv    v                 v    vv NC
                     :::::<<<--<<<<<<_________>>>>>>-->>> CS
  patent_aligned   1 GGUCAGACCCUGGUCCGGGGCAAUGGGACCACUGUU 36 
                     GGUCAGACCCU GUCC GGGCAA GGGAC ACUG  
  ind_0022_00030 147 GGUCAGACCCUCGUCCCGGGCAAAGGGACCACUG-- 180
                     **********************************.. PP

>> ind_0022_00006  
 rank     E-value  score  bias mdl mdl from   mdl to       seq from      seq to       acc trunc   gc
 ----   --------- ------ ----- --- -------- --------    ----------- -----------      ---- ----- ----
 (33) !   3.7e-09   39.2   0.0  cm        1       36 []         147         182 + .. 1.00    no 0.67

                                  v             v         NC
                     :::::<<<--<<<<<<_________>>>>>>-->>> CS
  patent_aligned   1 GGUCAGACCCUGGUCCGGGGCAAUGGGACCACUGUU 36 
                     GGUC GACCCUGG CC GG CAAUGGG CCACUGUU
  ind_0022_00006 147 GGUCCGACCCUGGUCCCGGACAAUGGGCCCACUGUU 182
                     ************************************ PP

>> ind_0022_00044  
 rank     E-value  score  bias mdl mdl from   mdl to       seq from      seq to       acc trunc   gc
 ----   --------- ------ ----- --- -------- --------    ----------- -----------      ---- ----- ----
 (34) !   3.9e-09   39.1   0.0  cm        1       36 []         147         182 + .. 0.99    no 0.69

                                                          NC
                     :::::<<<--<<<<<<_________>>>>>>-->>> CS
  patent_aligned   1 GGUCAGACCCUGGUCCGGGGCAAUGGGACCACUGUU 36 
                     GG C GACCCUGGUCC GGG AA GGGACCACUGUU
  ind_0022_00044 147 GGCCCGACCCUGGUCCCGGGGAAAGGGACCACUGUU 182
                     ************************************ PP

>> ind_0022_00047  
 rank     E-value  score  bias mdl mdl from   mdl to       seq from      seq to       acc trunc   gc
 ----   --------- ------ ----- --- -------- --------    ----------- -----------      ---- ----- ----
 (35) !     4e-09   39.1   0.0  cm        1       36 []         147         182 + .. 1.00    no 0.64

                                  v             v         NC
                     :::::<<<--<<<<<<_________>>>>>>-->>> CS
  patent_aligned   1 GGUCAGACCCUGGUCCGGGGCAAUGGGACCACUGUU 36 
                     GGUCAGACCC GG CC GG CAAUGGG CC CUGUU
  ind_0022_00047 147 GGUCAGACCCUGGACCCGGACAAUGGGACCGCUGUU 182
                     ************************************ PP

>> ind_0022_00014  
 rank     E-value  score  bias mdl mdl from   mdl to       seq from      seq to       acc trunc   gc
 ----   --------- ------ ----- --- -------- --------    ----------- -----------      ---- ----- ----
 (36) !   5.6e-09   38.5   0.0  cm        1       36 []         147         182 + .. 1.00    no 0.64

                                   v           v          NC
                     :::::<<<--<<<<<<_________>>>>>>-->>> CS
  patent_aligned   1 GGUCAGACCCUGGUCCGGGGCAAUGGGACCACUGUU 36 
                     GGUCA:ACCCUGGU C GG C AUGG ACCACUGU:
  ind_0022_00014 147 GGUCAGACCCUGGUCCCGGACGAUGGUACCACUGUC 182
                     *********************9************** PP

>> ind_0022_00041  
 rank     E-value  score  bias mdl mdl from   mdl to       seq from      seq to       acc trunc   gc
 ----   --------- ------ ----- --- -------- --------    ----------- -----------      ---- ----- ----
 (37) !   9.1e-09   37.7   0.0  cm        1       36 []         147         182 + .. 0.99    no 0.58

                                v                 v       NC
                     :::::<<<--<<<<<<_________>>>>>>-->>> CS
  patent_aligned   1 GGUCAGACCCUGGUCCGGGGCAAUGGGACCACUGUU 36 
                     GGUCA:ACCCU GU C GG CAAUGG AC ACUGU:
  ind_0022_00041 147 GGUCAGACCCUUGUUCCGGACAAUGGGACCACUGUC 182
                     ****************9******************* PP

>> ind_0022_00039  
 rank     E-value  score  bias mdl mdl from   mdl to       seq from      seq to       acc trunc   gc
 ----   --------- ------ ----- --- -------- --------    ----------- -----------      ---- ----- ----
 (38) !   1.8e-08   36.6   0.0  cm        1       36 []         147         182 + .. 0.98    no 0.61

                                 v               v        NC
                     :::::<<<--<<<<<<_________>>>>>>-->>> CS
  patent_aligned   1 GGUCAGACCCUGGUCCGGGGCAAUGGGACCACUGUU 36 
                     GGUCAGACCCUG UCC  G CAA GGGA CACUGUU
  ind_0022_00039 147 GGUCAGACCCUGAUCCCCGACAACGGGACCACUGUU 182
                     ****************999999999*********** PP

>> ind_0022_00005  
 rank     E-value  score  bias mdl mdl from   mdl to       seq from      seq to       acc trunc   gc
 ----   --------- ------ ----- --- -------- --------    ----------- -----------      ---- ----- ----
 (39) !   1.8e-08   36.6   0.0  cm        1       36 []         147         179 + .. 1.00    no 0.67

                          vvv      v           v      vvv NC
                     :::::<<<--<<<<<<_________>>>>>>-->>> CS
  patent_aligned   1 GGUCAGACCCUGGUCCGGGGCAAUGGGACCACUGUU 36 
                     GGUCAGACCCUGGU CGGG C AUGG ACCACU   
  ind_0022_00005 147 GGUCAGACCCUGGUCCGGGACGAUGGCACCACU--- 179
                     *********************************... PP

>> ind_0022_00011  
 rank     E-value  score  bias mdl mdl from   mdl to       seq from      seq to       acc trunc   gc
 ----   --------- ------ ----- --- -------- --------    ----------- -----------      ---- ----- ----
 (40) !   4.2e-08   35.2   0.0  cm        1       36 []         147         180 + .. 1.00    no 0.65

                          vv                           vv NC
                     :::::<<<--<<<<<<_________>>>>>>-->>> CS
  patent_aligned   1 GGUCAGACCCUGGUCCGGGGCAAUGGGACCACUGUU 36 
                      GU AG CCC GGUCCGGG CAAUGGGACC CUG  
  ind_0022_00011 147 UGUAAGCCCCUGGUCCGGGACAAUGGGACCGCUG-- 180
                     **********************************.. PP

>> ind_0022_00022  
 rank     E-value  score  bias mdl mdl from   mdl to       seq from      seq to       acc trunc   gc
 ----   --------- ------ ----- --- -------- --------    ----------- -----------      ---- ----- ----
 (41) !   7.2e-08   34.4   0.0  cm        1       36 []         147         182 + .. 1.00    no 0.67

                                   v           v          NC
                     :::::<<<--<<<<<<_________>>>>>>-->>> CS
  patent_aligned   1 GGUCAGACCCUGGUCCGGGGCAAUGGGACCACUGUU 36 
                     GG C :ACCCUGGU C GGGCAA GG ACCACUGU:
  ind_0022_00022 147 GGCCCGACCCUGGUUCCGGGCAAAGGUACCACUGUC 182
                     ************************************ PP

>> ind_0022_00027  
 rank     E-value  score  bias mdl mdl from   mdl to       seq from      seq to       acc trunc   gc
 ----   --------- ------ ----- --- -------- --------    ----------- -----------      ---- ----- ----
 (42) !   9.6e-08   33.9   0.0  cm        1       36 []         147         179 + .. 1.00    no 0.70

                          vvv                         vvv NC
                     :::::<<<--<<<<<<_________>>>>>>-->>> CS
  patent_aligned   1 GGUCAGACCCUGGUCCGGGGCAAUGGGACCACUGUU 36 
                     GG C GA CCUGGUCC GGGCAA GGGACCACU   
  ind_0022_00027 147 GGCCCGAACCUGGUCCCGGGCAAAGGGACCACU--- 179
                     *********************************... PP

>> ind_0022_00024  
 rank     E-value  score  bias mdl mdl from   mdl to       seq from      seq to       acc trunc   gc
 ----   --------- ------ ----- --- -------- --------    ----------- -----------      ---- ----- ----
 (43) !   2.6e-07   32.3   0.0  cm        1       36 []         147         182 + .. 1.00    no 0.58

                                v   v         v   v       NC
                     :::::<<<--<<<<<<_________>>>>>>-->>> CS
  patent_aligned   1 GGUCAGACCCUGGUCCGGGGCAAUGGGACCACUGUU 36 
                     GGUCAGACCC  GUC  GG CAAUG GAC  CUGUU
  ind_0022_00024 147 GGUCAGACCCUGGUCCCGGACAAUGAGACAGCUGUU 182
                     ************************************ PP

>> ind_0022_00045  
 rank     E-value  score  bias mdl mdl from   mdl to       seq from      seq to       acc trunc   gc
 ----   --------- ------ ----- --- -------- --------    ----------- -----------      ---- ----- ----
 (44) !   3.4e-07   31.8   0.0  cm        1       36 []         147         179 + .. 1.00    no 0.67

                          vvv      v           v      vvv NC
                     :::::<<<--<<<<<<_________>>>>>>-->>> CS
  patent_aligned   1 GGUCAGACCCUGGUCCGGGGCAAUGGGACCACUGUU 36 
                     GGUCAGACCCUGGU CGGG C AUGG ACCAC    
  ind_0022_00045 147 GGUCAGACCCUGGUCCGGGACGAUGGCACCACA--- 179
                     *********************************... PP

>> ind_0022_00036  
 rank     E-value  score  bias mdl mdl from   mdl to       seq from      seq to       acc trunc   gc
 ----   --------- ------ ----- --- -------- --------    ----------- -----------      ---- ----- ----
 (45) !     8e-07   30.4   0.0  cm        1       36 []         147         182 + .. 1.00    no 0.56

                                vv v           v vv       NC
                     :::::<<<--<<<<<<_________>>>>>>-->>> CS
  patent_aligned   1 GGUCAGACCCUGGUCCGGGGCAAUGGGACCACUGUU 36 
                     GGUCAGACCCU  U C GG CAAUGG A  ACUGUU
  ind_0022_00036 147 GGUCAGACCCUCAUCCCGGACAAUGGAACCACUGUU 182
                     ************************************ PP

>> ind_0022_00021  
 rank     E-value  score  bias mdl mdl from   mdl to       seq from      seq to       acc trunc   gc
 ----   --------- ------ ----- --- -------- --------    ----------- -----------      ---- ----- ----
 (46) !   8.1e-07   30.4   0.0  cm        1       36 []         147         182 + .. 0.97    no 0.75

                               v                   v      NC
                     :::::<<<--<<<<<<_________>>>>>>-->>> CS
  patent_aligned   1 GGUCAGACCCUGGUCCGGGGCAAUGGGACCACUGUU 36 
                     GG C GACCC GGUCC GGGC A GGGACC CUGUU
  ind_0022_00021 147 GGCCCGACCCGGGUCCCGGGCCAAGGGACCACUGUU 182
                     *********************7779*********** PP

>> ind_0022_00043  
 rank     E-value  score  bias mdl mdl from   mdl to       seq from      seq to       acc trunc   gc
 ----   --------- ------ ----- --- -------- --------    ----------- -----------      ---- ----- ----
 (47) !   1.5e-06   29.4   0.0  cm        1       36 []         147         180 + .. 1.00    no 0.71

                          vv        v         v        vv NC
                     :::::<<<--<<<<<<_________>>>>>>-->>> CS
  patent_aligned   1 GGUCAGACCCUGGUCCGGGGCAAUGGGACCACUGUU 36 
                     GG C GACCCUGGUC  GGGCAA G GACCACUG  
  ind_0022_00043 147 GGCCCGACCCUGGUCCCGGGCAAAGUGACCACUG-- 180
                     **********************************.. PP

>> ind_0022_00016  
 rank     E-value  score  bias mdl mdl from   mdl to       seq from      seq to       acc trunc   gc
 ----   --------- ------ ----- --- -------- --------    ----------- -----------      ---- ----- ----
 (48) !   1.8e-06   29.0   0.0  cm        1       36 []         147         182 + .. 0.99    no 0.64

                               vv                 vv      NC
                     :::::<<<--<<<<<<_________>>>>>>-->>> CS
  patent_aligned   1 GGUCAGACCCUGGUCCGGGGCAAUGGGACCACUGUU 36 
                     GGUCAGACC   GUCC GG CAAUGGGAC  CUGUU
  ind_0022_00016 147 GGUCAGACCGGGGUCCCGGCCAAUGGGACAACUGUU 182
                     ****************99999*************** PP

>> ind_0022_00008  
 rank     E-value  score  bias mdl mdl from   mdl to       seq from      seq to       acc trunc   gc
 ----   --------- ------ ----- --- -------- --------    ----------- -----------      ---- ----- ----
 (49) !    0.0017   17.9   0.0  cm        1       36 []         147         179 + .. 1.00    no 0.61

                          vvv  v v               v v  vvv NC
                     :::::<<<--<<<<<<_________>>>>>>-->>> CS
  patent_aligned   1 GGUCAGACCCUGGUCCGGGGCAAUGGGACCACUGUU 36 
                     G UCAGACCC G UCC GG C AUGGGA C CU   
  ind_0022_00008 147 GAUCAGACCCAGAUCCCGGACGAUGGGACCACU--- 179
                     *********************************... PP

>> ind_0022_00031  
 rank     E-value  score  bias mdl mdl from   mdl to       seq from      seq to       acc trunc   gc
 ----   --------- ------ ----- --- -------- --------    ----------- -----------      ---- ----- ----
 (50) !    0.0022   17.5   0.0  cm        1       36 []         147         180 + .. 1.00    no 0.74

                          vv    v                 v    vv NC
                     :::::<<<--<<<<<<_________>>>>>>-->>> CS
  patent_aligned   1 GGUCAGACCCUGGUCCGGGGCAAUGGGACCACUGUU 36 
                     G  C GAC CU GUCC GGGCAA GGGAC ACUG  
  ind_0022_00031 147 GCCCCGACGCUCGUCCCGGGCAAAGGGACCACUG-- 180
                     **********************************.. PP

>> ind_0022_00035  
 rank     E-value  score  bias mdl mdl from   mdl to       seq from      seq to       acc trunc   gc
 ----   --------- ------ ----- --- -------- --------    ----------- -----------      ---- ----- ----
 (51) ?      0.11   11.0   0.0  cm        1       36 []         155         142 - .. 0.97    no 0.57

                                          NC
                     :::::<<<--~~~~~~->>> CS
  patent_aligned   1 GGUCAGACCC*[22]*UGUU 36 
                     GGUC GACCC      UGUU
  ind_0022_00035 155 GGUCUGACCC*[ 0]*UGUU 142
                     *********9......7*** PP

>> ind_0022_00019  
 rank     E-value  score  bias mdl mdl from   mdl to       seq from      seq to       acc trunc   gc
 ----   --------- ------ ----- --- -------- --------    ----------- -----------      ---- ----- ----
 (52) ?      0.13   10.8   0.0  cm        1       36 []         155         142 - .. 0.94    no 0.57

                                        NC
                     :::::<<<-~~~~~~>>> CS
  patent_aligned   1 GGUCAGACC*[24]*GUU 36 
                     GGUCA:ACC      GU:
  ind_0022_00019 155 GGUCAGACC*[ 2]*GUC 142
                     ********9...6..*** PP

>> ind_0022_00041  
 rank     E-value  score  bias mdl mdl from   mdl to       seq from      seq to       acc trunc   gc
 ----   --------- ------ ----- --- -------- --------    ----------- -----------      ---- ----- ----
 (53) ?       0.7    8.0   0.0  cm        1       36 []         155         136 - .. 0.97    no 0.60

                          v              v NC
                     :::::<<<--~~~~~~-->>> CS
  patent_aligned   1 GGUCAGACCC*[21]*CUGUU 36 
                     GGUC GACCC      CUGU 
  ind_0022_00041 155 GGUCUGACCC*[ 6]*CUGU- 136
                     **********...9..89**. PP

>> ind_0022_00041  
 rank     E-value  score  bias mdl mdl from   mdl to       seq from      seq to       acc trunc   gc
 ----   --------- ------ ----- --- -------- --------    ----------- -----------      ---- ----- ----
 (54) ?   1.2e+02   -0.3   0.0  cm        7       35 ..         133         111 - .. 0.99    no 0.48

                                      NC
                     <<--<~~~~~~>-->> CS
  patent_aligned   7 ACCCU*[19]*ACUGU 35 
                     ACCCU      ACUGU
  ind_0022_00041 133 ACCCU*[13]*ACUGU 111
                     ****9...*..9**** PP

>> ind_0022_00009  
 rank     E-value  score  bias mdl mdl from   mdl to       seq from      seq to       acc trunc   gc
 ----   --------- ------ ----- --- -------- --------    ----------- -----------      ---- ----- ----
 (55) ?   1.4e+02   -0.6   0.0  cm        1       12 [~         186         197 + .~ 0.97    3' 0.42

                          ???  ??       NC
                     :::::<<<--<<~~~~~~ CS
  patent_aligned   1 GGUCAGACCCUG*[24]> 36 
                     GGU A A CCU       
  ind_0022_00009 186 GGUAAAAUCCUC*[ 0]> 197
                     **********98...... PP

>> ind_0022_00025  
 rank     E-value  score  bias mdl mdl from   mdl to       seq from      seq to       acc trunc   gc
 ----   --------- ------ ----- --- -------- --------    ----------- -----------      ---- ----- ----
 (56) ?   7.7e+02   -3.4   0.0  cm        1       12 [~         186         197 + .~ 0.97    3' 0.50

                          ???  ??       NC
                     :::::<<<--<<~~~~~~ CS
  patent_aligned   1 GGUCAGACCCUG*[24]> 36 
                      GUCA   CCU       
  ind_0022_00025 186 CGUCAACUCCUA*[ 0]> 197
                     **********99...... PP

>> ind_0022_00015  
 rank     E-value  score  bias mdl mdl from   mdl to       seq from      seq to       acc trunc   gc
 ----   --------- ------ ----- --- -------- --------    ----------- -----------      ---- ----- ----
 (57) ?   8.6e+02   -3.6   0.0  cm        1        4 [~         194         197 + .~ 1.00    3' 0.75

                                NC
                     ::::~~~~~~ CS
  patent_aligned   1 GGUC*[32]> 36 
                     G UC      
  ind_0022_00015 194 GCUC*[ 0]> 197
                     ****...... PP



Internal CM pipeline statistics summary:
----------------------------------------
Query model(s):                                                  1  (36 consensus positions)
Target sequences:                                               50  (19700 residues searched)
Target sequences re-searched for truncated hits:                50  (10200 residues re-searched)
Windows   passing  local HMM SSV           filter:             260  (0.5334); expected (0.35)
Windows   passing  local HMM Viterbi       filter:                  (off)
Windows   passing  local HMM Viterbi  bias filter:                  (off)
Windows   passing  local HMM Forward       filter:             130  (0.2585); expected (0.02)
Windows   passing  local HMM Forward  bias filter:             126  (0.2478); expected (0.02)
Windows   passing glocal HMM Forward       filter:              84  (0.2003); expected (0.02)
Windows   passing glocal HMM Forward  bias filter:              84  (0.2003); expected (0.02)
Envelopes passing glocal HMM envelope defn filter:              84  (0.1158); expected (0.02)
Envelopes passing  local CM  CYK           filter:              79  (0.1078); expected (0.0001)
Total CM hits reported:                                         57  (0.06368); includes 3 truncated hit(s)

# CPU time: 0.27u 0.00s 00:00:00.27 Elapsed: 00:00:00.27
# Alignment of 50 hits satisfying inclusion thresholds saved to: optimization_a7/100gen/_workspace/cmsearch_logs/gen_0022/patent_cmsearch.sto
//
[ok]
