# cmsearch :: search CM(s) against a sequence database
# INFERNAL 1.1.5 (Sep 2023)
# Copyright (C) 2023 Howard Hughes Medical Institute.
# Freely distributed under the BSD open source license.
# - - - - - - - - - - - - - - - - - - - - - - - - - - - - - - - - - - - -
# query CM file:                         A7_analysis/patent.cm
# target sequence database:              /tmp/tmpfv6xxeqf/queries.fa
# output directed to file:               optimization_a7/100gen/_workspace/cmsearch_logs/gen_0003/patent_cmsearch.out
# MSA of significant hits saved to file: optimization_a7/100gen/_workspace/cmsearch_logs/gen_0003/patent_cmsearch.sto
# tabular output of hits:                optimization_a7/100gen/_workspace/cmsearch_logs/gen_0003/patent_cmsearch.tblout
# max ASCII text line length:            unlimited
# sequence reporting threshold:          E-value <= 1000
# number of worker threads:              4
# - - - - - - - - - - - - - - - - - - - - - - - - - - - - - - - - - - - -

Query:       patent_aligned  [CLEN=36]
Hit scores:
 rank     E-value  score  bias  sequence        start    end   mdl trunc   gc  description
 ----   --------- ------ -----  -------------- ------ ------   --- ----- ----  -----------
  (1) !     1e-14   60.1   0.0  ind_0003_00025    147    182 +  cm    no 0.64  -
  (2) !   5.2e-07   31.1   0.0  ind_0003_00042    147    180 +  cm    no 0.59  -
  (3) !   2.6e-06   28.5   0.0  ind_0003_00024    147    182 +  cm    no 0.56  -
  (4) !   2.6e-06   28.5   0.0  ind_0003_00035    147    182 +  cm    no 0.56  -
  (5) !   0.00011   22.4   0.0  ind_0003_00009    147    182 +  cm    no 0.58  -
  (6) !   0.00012   22.2   0.0  ind_0003_00048    147    182 +  cm    no 0.56  -
  (7) !   0.00016   21.8   0.0  ind_0003_00028    149    182 +  cm    no 0.65  -
  (8) !   0.00087   19.0   0.0  ind_0003_00003    147    181 +  cm    no 0.57  -
  (9) !    0.0015   18.1   0.0  ind_0003_00019    147    182 +  cm    no 0.56  -
 (10) !     0.002   17.6   0.0  ind_0003_00001    147    182 +  cm    no 0.64  -
 (11) !     0.002   17.6   0.0  ind_0003_00000    147    182 +  cm    no 0.47  -
 (12) !    0.0026   17.2   0.0  ind_0003_00004    147    171 +  cm    no 0.64  -
 (13) !    0.0038   16.6   0.0  ind_0003_00002    147    182 +  cm    no 0.50  -
 (14) !    0.0057   15.9   0.0  ind_0003_00036    147    181 +  cm    no 0.49  -
 (15) !    0.0098   15.0   0.0  ind_0003_00006    147    180 +  cm    no 0.68  -
 ------ inclusion threshold ------
 (16) ?      0.01   15.0   0.0  ind_0003_00012    147    182 +  cm    no 0.61  -
 (17) ?      0.02   13.9   0.0  ind_0003_00011    147    182 +  cm    no 0.58  -
 (18) ?      0.02   13.8   0.0  ind_0003_00032    147    179 +  cm    no 0.61  -
 (19) ?     0.084   11.5   0.0  ind_0003_00030    147    171 +  cm    no 0.64  -
 (20) ?      0.24    9.8   0.0  ind_0003_00010    147    179 +  cm    no 0.64  -
 (21) ?      0.28    9.5   0.0  ind_0003_00043    147    181 +  cm    no 0.54  -
 (22) ?       0.3    9.4   0.0  ind_0003_00047    147    179 +  cm    no 0.58  -
 (23) ?      0.45    8.8   0.0  ind_0003_00031    160    174 +  cm    no 0.80  -
 (24) ?      0.48    8.7   0.0  ind_0003_00008    151    179 +  cm    no 0.55  -
 (25) ?   6.7e+02   -3.2   0.0  ind_0003_00024    143    145 +  cm    no 0.67  -


Hit alignments:
>> ind_0003_00025  
 rank     E-value  score  bias mdl mdl from   mdl to       seq from      seq to       acc trunc   gc
 ----   --------- ------ ----- --- -------- --------    ----------- -----------      ---- ----- ----
  (1) !     1e-14   60.1   0.0  cm        1       36 []         147         182 + .. 1.00    no 0.64

                                                          NC
                     :::::<<<--<<<<<<_________>>>>>>-->>> CS
  patent_aligned   1 GGUCAGACCCUGGUCCGGGGCAAUGGGACCACUGUU 36 
                     GGUCAGACCCUGGUCCGGGGCAAUGGGACCA UGUU
  ind_0003_00025 147 GGUCAGACCCUGGUCCGGGGCAAUGGGACCAGUGUU 182
                     ************************************ PP

>> ind_0003_00042  
 rank     E-value  score  bias mdl mdl from   mdl to       seq from      seq to       acc trunc   gc
 ----   --------- ------ ----- --- -------- --------    ----------- -----------      ---- ----- ----
  (2) !   5.2e-07   31.1   0.0  cm        1       36 []         147         180 + .. 1.00    no 0.59

                          vv        v         v        vv NC
                     :::::<<<--<<<<<<_________>>>>>>-->>> CS
  patent_aligned   1 GGUCAGACCCUGGUCCGGGGCAAUGGGACCACUGUU 36 
                     GG CAGACC UGGU  GG GCAAUG  ACCACUG  
  ind_0003_00042 147 GGCCAGACCUUGGUUCGGAGCAAUGUGACCACUG-- 180
                     **********************************.. PP

>> ind_0003_00024  
 rank     E-value  score  bias mdl mdl from   mdl to       seq from      seq to       acc trunc   gc
 ----   --------- ------ ----- --- -------- --------    ----------- -----------      ---- ----- ----
  (3) !   2.6e-06   28.5   0.0  cm        1       36 []         147         182 + .. 1.00    no 0.56

                                v                 v       NC
                     :::::<<<--<<<<<<_________>>>>>>-->>> CS
  patent_aligned   1 GGUCAGACCCUGGUCCGGGGCAAUGGGACCACUGUU 36 
                     G UC GA CCU  UCCGGGG AA GGGA  ACU UU
  ind_0003_00024 147 GUUCGGAUCCUAGUCCGGGGUAACGGGAUCACUGUU 182
                     ************************************ PP

>> ind_0003_00035  
 rank     E-value  score  bias mdl mdl from   mdl to       seq from      seq to       acc trunc   gc
 ----   --------- ------ ----- --- -------- --------    ----------- -----------      ---- ----- ----
  (4) !   2.6e-06   28.5   0.0  cm        1       36 []         147         182 + .. 1.00    no 0.56

                                                          NC
                     :::::<<<--<<<<<<_________>>>>>>-->>> CS
  patent_aligned   1 GGUCAGACCCUGGUCCGGGGCAAUGGGACCACUGUU 36 
                     GGU AGACC UG U  GG GCAAUG  A CAC GUU
  ind_0003_00035 147 GGUGAGACCUUGCUUUGGCGCAAUGGAAGCACCGUU 182
                     ************************************ PP

>> ind_0003_00009  
 rank     E-value  score  bias mdl mdl from   mdl to       seq from      seq to       acc trunc   gc
 ----   --------- ------ ----- --- -------- --------    ----------- -----------      ---- ----- ----
  (5) !   0.00011   22.4   0.0  cm        1       36 []         147         182 + .. 0.97    no 0.58

                                v v           v v       NC
                     :::::<<<--<<<<<<__~~~~~>>>>>>-->>> CS
  patent_aligned   1 GGUCAGACCCUGGUCCGG*[7]*GGACCACUGUU 36 
                     GGUCAGA CCU G CCGG     GG C ACU UU
  ind_0003_00009 147 GGUCAGAUCCUUGUCCGG*[7]*GGUCCACUGUU 182
                     *****************8..9..*********** PP

>> ind_0003_00048  
 rank     E-value  score  bias mdl mdl from   mdl to       seq from      seq to       acc trunc   gc
 ----   --------- ------ ----- --- -------- --------    ----------- -----------      ---- ----- ----
  (6) !   0.00012   22.2   0.0  cm        1       36 []         147         182 + .. 1.00    no 0.56

                            v     vv           vv     v   NC
                     :::::<<<--<<<<<<_________>>>>>>-->>> CS
  patent_aligned   1 GGUCAGACCCUGGUCCGGGGCAAUGGGACCACUGUU 36 
                     GGUCAGA  CUGG  CG GGCAAUGG  CCA U UU
  ind_0003_00048 147 GGUCAGAAUCUGGACCGCGGCAAUGGCACCAUUGUU 182
                     ************************************ PP

>> ind_0003_00028  
 rank     E-value  score  bias mdl mdl from   mdl to       seq from      seq to       acc trunc   gc
 ----   --------- ------ ----- --- -------- --------    ----------- -----------      ---- ----- ----
  (7) !   0.00016   21.8   0.0  cm        1       36 []         149         182 + .. 0.96    no 0.65

                               v                   v      NC
                     :::::<<<--<<<<<<_________>>>>>>-->>> CS
  patent_aligned   1 GGUCAGACCCUGGUCCGGGGCAAUGGGACCACUGUU 36 
                     GG  AGACCC  GUCCG GGC A GGGAC  CUGUU
  ind_0003_00028 149 GG--AGACCCGGGUCCGUGGCCAAGGGACUACUGUU 182
                     *9..8****************7779*********** PP

>> ind_0003_00003  
 rank     E-value  score  bias mdl mdl from   mdl to       seq from      seq to       acc trunc   gc
 ----   --------- ------ ----- --- -------- --------    ----------- -----------      ---- ----- ----
  (8) !   0.00087   19.0   0.0  cm        1       36 []         147         181 + .. 1.00    no 0.57

                          v                             v NC
                     :::::<<<--<<<<<<_________>>>>>>-->>> CS
  patent_aligned   1 GGUCAGACCCUGGUCCGGGGCAAUGGGACCACUGUU 36 
                     G UCAGACC  G U C GGG  AUGG A C CUGU 
  ind_0003_00003 147 GUUCAGACCUUGGUGCUGGGUCAUGGCAUCGCUGU- 181
                     *********************9*************. PP

>> ind_0003_00019  
 rank     E-value  score  bias mdl mdl from   mdl to       seq from      seq to       acc trunc   gc
 ----   --------- ------ ----- --- -------- --------    ----------- -----------      ---- ----- ----
  (9) !    0.0015   18.1   0.0  cm        1       36 []         147         182 + .. 1.00    no 0.56

                           v    v                 v    v  NC
                     :::::<<<--<<<<<<_________>>>>>>-->>> CS
  patent_aligned   1 GGUCAGACCCUGGUCCGGGGCAAUGGGACCACUGUU 36 
                     GG  A: CC U GU CGG GC AUGG AC ACUG :
  ind_0003_00019 147 GGAUAAACCGUAGUUCGGAGCGAUGGGACCACUGCU 182
                     ************************************ PP

>> ind_0003_00001  
 rank     E-value  score  bias mdl mdl from   mdl to       seq from      seq to       acc trunc   gc
 ----   --------- ------ ----- --- -------- --------    ----------- -----------      ---- ----- ----
 (10) !     0.002   17.6   0.0  cm        1       36 []         147         182 + .. 0.90    no 0.64

                                 vv             vv        NC
                     :::::<<<--<<<<<<_________>>>>>>-->>> CS
  patent_aligned   1 GGUCAGACCCUGGUCCGGGGCAAUGGGACCACUGUU 36 
                     GGUCAGACCC G  CC  G CAA GGG  C C GUU
  ind_0003_00001 147 GGUCAGACCCUGAUCCUCGCCAACGGGUCCGCAGUU 182
                     ************9999777778888999999***** PP

>> ind_0003_00000  
 rank     E-value  score  bias mdl mdl from   mdl to       seq from      seq to       acc trunc   gc
 ----   --------- ------ ----- --- -------- --------    ----------- -----------      ---- ----- ----
 (11) !     0.002   17.6   0.0  cm        1       36 []         147         182 + .. 0.99    no 0.47

                            v    v v           v v    v   NC
                     :::::<<<--<<<<<<_________>>>>>>-->>> CS
  patent_aligned   1 GGUCAGACCCUGGUCCGGGGCAAUGGGACCACUGUU 36 
                      GUCA:A C UG U CGG  CAAUGG A CACU U:
  ind_0003_00000 147 AGUCAAACCUUGCUUCGGACCAAUGGCACCACUAUU 182
                     ******************999*************** PP

>> ind_0003_00004  
 rank     E-value  score  bias mdl mdl from   mdl to       seq from      seq to       acc trunc   gc
 ----   --------- ------ ----- --- -------- --------    ----------- -----------      ---- ----- ----
 (12) !    0.0026   17.2   0.0  cm        1       36 []         147         171 + .. 0.99    no 0.64

                          vvv                    vvv NC
                     :::::<<<--<<<<<~~~~~~>>>>>-->>> CS
  patent_aligned   1 GGUCAGACCCUGGUC*[11]*GACCACUGUU 36 
                     GGUCAG  CCUGGUC      GACCAC    
  ind_0003_00004 147 GGUCAGUACCUGGUC*[ 3]*GACCACG--- 171
                     **************9...*..9******... PP

>> ind_0003_00002  
 rank     E-value  score  bias mdl mdl from   mdl to       seq from      seq to       acc trunc   gc
 ----   --------- ------ ----- --- -------- --------    ----------- -----------      ---- ----- ----
 (13) !    0.0038   16.6   0.0  cm        1       36 []         147         182 + .. 1.00    no 0.50

                            v    v               v    v   NC
                     :::::<<<--<<<<<<_________>>>>>>-->>> CS
  patent_aligned   1 GGUCAGACCCUGGUCCGGGGCAAUGGGACCACUGUU 36 
                      GUCAGA C UG U  GGGG AAUG  A CAC  UU
  ind_0003_00002 147 AGUCAGAGCUUGCUUUGGGGGAAUGGAAACACCGUU 182
                     ************************************ PP

>> ind_0003_00036  
 rank     E-value  score  bias mdl mdl from   mdl to       seq from      seq to       acc trunc   gc
 ----   --------- ------ ----- --- -------- --------    ----------- -----------      ---- ----- ----
 (14) !    0.0057   15.9   0.0  cm        1       36 []         147         181 + .. 1.00    no 0.49

                          v    v                   v    v NC
                     :::::<<<--<<<<<<_________>>>>>>-->>> CS
  patent_aligned   1 GGUCAGACCCUGGUCCGGGGCAAUGGGACCACUGUU 36 
                     G UCAGACC  G U C GGG AAU G A C CUGU 
  ind_0003_00036 147 GUUCAGACCAUGGUGCUGGGUAAUUGCAUCUCUGU- 181
                     ***********************************. PP

>> ind_0003_00006  
 rank     E-value  score  bias mdl mdl from   mdl to       seq from      seq to       acc trunc   gc
 ----   --------- ------ ----- --- -------- --------    ----------- -----------      ---- ----- ----
 (15) !    0.0098   15.0   0.0  cm        1       36 []         147         180 + .. 1.00    no 0.68

                          vv      v v         v v      vv NC
                     :::::<<<--<<<<<<_________>>>>>>-->>> CS
  patent_aligned   1 GGUCAGACCCUGGUCCGGGGCAAUGGGACCACUGUU 36 
                     G UC  ACCCUGG C GGGGCA UG G CCA UG  
  ind_0003_00006 147 GCUCUUACCCUGGUCCGGGGCAGUGCGCCCAUUG-- 180
                     **********************************.. PP

>> ind_0003_00012  
 rank     E-value  score  bias mdl mdl from   mdl to       seq from      seq to       acc trunc   gc
 ----   --------- ------ ----- --- -------- --------    ----------- -----------      ---- ----- ----
 (16) ?      0.01   15.0   0.0  cm        1       36 []         147         182 + .. 0.92    no 0.61

                                               NC
                     :::::<<<--<<~~~~~~>>-->>> CS
  patent_aligned   1 GGUCAGACCCUG*[17]*CACUGUU 36 
                     GGUCAGACCC G      C C GUU
  ind_0003_00012 147 GGUCAGACCCUG*[17]*CGCAGUU 182
                     **********77...9..6677*** PP

>> ind_0003_00011  
 rank     E-value  score  bias mdl mdl from   mdl to       seq from      seq to       acc trunc   gc
 ----   --------- ------ ----- --- -------- --------    ----------- -----------      ---- ----- ----
 (17) ?      0.02   13.9   0.0  cm        1       36 []         147         182 + .. 0.95    no 0.58

                                    v         v           NC
                     :::::<<<--<<<<<<_________>>>>>>-->>> CS
  patent_aligned   1 GGUCAGACCCUGGUCCGGGGCAAUGGGACCACUGUU 36 
                     GGUC GACC  G U    GGCA UG  A C CUGUU
  ind_0003_00011 147 GGUCGGACCAUGGUGAAAGGCAGUGGCAUCGCUGUU 182
                     **************9999999999999********* PP

>> ind_0003_00032  
 rank     E-value  score  bias mdl mdl from   mdl to       seq from      seq to       acc trunc   gc
 ----   --------- ------ ----- --- -------- --------    ----------- -----------      ---- ----- ----
 (18) ?      0.02   13.8   0.0  cm        1       36 []         147         179 + .. 0.93    no 0.61

                          vvv     vvv         vvv     vvv NC
                     :::::<<<--<<<<<<_________>>>>>>-->>> CS
  patent_aligned   1 GGUCAGACCCUGGUCCGGGGCAAUGGGACCACUGUU 36 
                     GGUCAG   CUGG   GGGGC AUG   CCACU   
  ind_0003_00032 147 GGUCAGCAACUGGGGCGGGGCUAUGUAACCACU--- 179
                     *************777*****9999777*****... PP

>> ind_0003_00030  
 rank     E-value  score  bias mdl mdl from   mdl to       seq from      seq to       acc trunc   gc
 ----   --------- ------ ----- --- -------- --------    ----------- -----------      ---- ----- ----
 (19) ?     0.084   11.5   0.0  cm        1       36 []         147         171 + .. 0.99    no 0.64

                          vvv                    vvv NC
                     :::::<<<--<<<<<~~~~~~>>>>>-->>> CS
  patent_aligned   1 GGUCAGACCCUGGUC*[11]*GACCACUGUU 36 
                     G UCAG  CCUGGUC      GACCAC    
  ind_0003_00030 147 GCUCAGUACCUGGUC*[ 3]*GACCACG--- 171
                     **************9...*..9******... PP

>> ind_0003_00010  
 rank     E-value  score  bias mdl mdl from   mdl to       seq from      seq to       acc trunc   gc
 ----   --------- ------ ----- --- -------- --------    ----------- -----------      ---- ----- ----
 (20) ?      0.24    9.8   0.0  cm        1       36 []         147         179 + .. 0.99    no 0.64

                          vvv    vv             vv    vvv NC
                     :::::<<<--<<<<<<_________>>>>>>-->>> CS
  patent_aligned   1 GGUCAGACCCUGGUCCGGGGCAAUGGGACCACUGUU 36 
                     G  CA ACCCUG  CCGG GC A GGG  CACU   
  ind_0003_00010 147 GUACAUACCCUGGGCCGGAGCGACGGGAACACU--- 179
                     *********************9***********... PP

>> ind_0003_00043  
 rank     E-value  score  bias mdl mdl from   mdl to       seq from      seq to       acc trunc   gc
 ----   --------- ------ ----- --- -------- --------    ----------- -----------      ---- ----- ----
 (21) ?      0.28    9.5   0.0  cm        1       36 []         147         181 + .. 0.99    no 0.54

                          v    v                   v    v NC
                     :::::<<<--<<<<<<_________>>>>>>-->>> CS
  patent_aligned   1 GGUCAGACCCUGGUCCGGGGCAAUGGGACCACUGUU 36 
                     G UCAGACC  G U C GGG  AUGG A C  UGU 
  ind_0003_00043 147 GUUCAGACCUUGGUGCUGGGACAUGGCAUCCUUGU- 181
                     *********************9*************. PP

>> ind_0003_00047  
 rank     E-value  score  bias mdl mdl from   mdl to       seq from      seq to       acc trunc   gc
 ----   --------- ------ ----- --- -------- --------    ----------- -----------      ---- ----- ----
 (22) ?       0.3    9.4   0.0  cm        1       36 []         147         179 + .. 0.97    no 0.58

                          vvv      v           v      vvv NC
                     :::::<<<--<<<<<<_________>>>>>>-->>> CS
  patent_aligned   1 GGUCAGACCCUGGUCCGGGGCAAUGGGACCACUGUU 36 
                     GGUC GACC UG U CGGGG   UGG A CA U   
  ind_0003_00047 147 GGUCGGACCAUGCUUCGGGGUUUUGGCAGCAAU--- 179
                     ********************97888********... PP

>> ind_0003_00031  
 rank     E-value  score  bias mdl mdl from   mdl to       seq from      seq to       acc trunc   gc
 ----   --------- ------ ----- --- -------- --------    ----------- -----------      ---- ----- ----
 (23) ?      0.45    8.8   0.0  cm       14       28 ..         160         174 + .. 0.98    no 0.80

                                     NC
                     <<<_________>>> CS
  patent_aligned  14 UCCGGGGCAAUGGGA 28 
                     UCCGGGGC A GGGA
  ind_0003_00031 160 UCCGGGGCCACGGGA 174
                     ********99***** PP

>> ind_0003_00008  
 rank     E-value  score  bias mdl mdl from   mdl to       seq from      seq to       acc trunc   gc
 ----   --------- ------ ----- --- -------- --------    ----------- -----------      ---- ----- ----
 (24) ?      0.48    8.7   0.0  cm        1       36 []         151         179 + .. 0.98    no 0.55

                                 v v           v v        NC
                     :::::<<<--<<<<<<_________>>>>>>-->>> CS
  patent_aligned   1 GGUCAGACCCUGGUCCGGGGCAAUGGGACCACUGUU 36 
                     GG CA    CUG U CGGGGC AU G A CACU   
  ind_0003_00008 151 GGACA----CUGCUCCGGGGCUAUAGUAUCACU--- 179
                     *****....9***********9**9********... PP

>> ind_0003_00024  
 rank     E-value  score  bias mdl mdl from   mdl to       seq from      seq to       acc trunc   gc
 ----   --------- ------ ----- --- -------- --------    ----------- -----------      ---- ----- ----
 (25) ?   6.7e+02   -3.2   0.0  cm        1       36 []         143         145 + .. 0.90    no 0.67

                               NC
                     :::~~~~~~ CS
  patent_aligned   1 GGU*[33]* 36 
                     GGU      
  ind_0003_00024 143 GGU*[ 0]* 145
                     *97...... PP



Internal CM pipeline statistics summary:
----------------------------------------
Query model(s):                                                  1  (36 consensus positions)
Target sequences:                                               50  (19700 residues searched)
Target sequences re-searched for truncated hits:                50  (10200 residues re-searched)
Windows   passing  local HMM SSV           filter:             161  (0.3159); expected (0.35)
Windows   passing  local HMM Viterbi       filter:                  (off)
Windows   passing  local HMM Viterbi  bias filter:                  (off)
Windows   passing  local HMM Forward       filter:              84  (0.1597); expected (0.02)
Windows   passing  local HMM Forward  bias filter:              82  (0.156); expected (0.02)
Windows   passing glocal HMM Forward       filter:              40  (0.1058); expected (0.02)
Windows   passing glocal HMM Forward  bias filter:              40  (0.1058); expected (0.02)
Envelopes passing glocal HMM envelope defn filter:              40  (0.05043); expected (0.02)
Envelopes passing  local CM  CYK           filter:              28  (0.03615); expected (0.0001)
Total CM hits reported:                                         25  (0.02672); includes 0 truncated hit(s)

# CPU time: 0.12u 0.00s 00:00:00.12 Elapsed: 00:00:00.12
# Alignment of 15 hits satisfying inclusion thresholds saved to: optimization_a7/100gen/_workspace/cmsearch_logs/gen_0003/patent_cmsearch.sto
//
[ok]
