# cmsearch :: search CM(s) against a sequence database
# INFERNAL 1.1.5 (Sep 2023)
# Copyright (C) 2023 Howard Hughes Medical Institute.
# Freely distributed under the BSD open source license.
# - - - - - - - - - - - - - - - - - - - - - - - - - - - - - - - - - - - -
# query CM file:                         A7_analysis/patent.cm
# target sequence database:              /tmp/tmpf7nlb90a/queries.fa
# output directed to file:               optimization_a7/100gen/_workspace/cmsearch_logs/gen_0100/patent_cmsearch.out
# MSA of significant hits saved to file: optimization_a7/100gen/_workspace/cmsearch_logs/gen_0100/patent_cmsearch.sto
# tabular output of hits:                optimization_a7/100gen/_workspace/cmsearch_logs/gen_0100/patent_cmsearch.tblout
# max ASCII text line length:            unlimited
# sequence reporting threshold:          E-value <= 1000
# number of worker threads:              4
# - - - - - - - - - - - - - - - - - - - - - - - - - - - - - - - - - - - -

Query:       patent_aligned  [CLEN=36]
Hit scores:
 rank     E-value  score  bias  sequence        start    end   mdl trunc   gc  description
 ----   --------- ------ -----  -------------- ------ ------   --- ----- ----  -----------
  (1) !   2.4e-10   43.7   0.0  ind_0100_00000    147    182 +  cm    no 0.78  -
  (2) !   2.4e-10   43.7   0.0  ind_0100_00001    147    182 +  cm    no 0.78  -
  (3) !   2.4e-10   43.7   0.0  ind_0100_00002    147    182 +  cm    no 0.78  -
  (4) !   2.4e-10   43.7   0.0  ind_0100_00003    147    182 +  cm    no 0.78  -
  (5) !   2.4e-10   43.7   0.0  ind_0100_00004    147    182 +  cm    no 0.78  -
  (6) !   2.4e-10   43.7   0.0  ind_0100_00005    147    182 +  cm    no 0.78  -
  (7) !   2.4e-10   43.7   0.0  ind_0100_00007    147    182 +  cm    no 0.78  -
  (8) !   2.4e-10   43.7   0.0  ind_0100_00008    147    182 +  cm    no 0.78  -
  (9) !   2.4e-10   43.7   0.0  ind_0100_00009    147    182 +  cm    no 0.78  -
 (10) !   2.4e-10   43.7   0.0  ind_0100_00010    147    182 +  cm    no 0.78  -
 (11) !   2.4e-10   43.7   0.0  ind_0100_00011    147    182 +  cm    no 0.78  -
 (12) !   2.4e-10   43.7   0.0  ind_0100_00012    147    182 +  cm    no 0.78  -
 (13) !   2.4e-10   43.7   0.0  ind_0100_00013    147    182 +  cm    no 0.78  -
 (14) !   2.4e-10   43.7   0.0  ind_0100_00015    147    182 +  cm    no 0.78  -
 (15) !   2.4e-10   43.7   0.0  ind_0100_00016    147    182 +  cm    no 0.78  -
 (16) !   2.4e-10   43.7   0.0  ind_0100_00017    147    182 +  cm    no 0.78  -
 (17) !   2.4e-10   43.7   0.0  ind_0100_00019    147    182 +  cm    no 0.78  -
 (18) !   2.4e-10   43.7   0.0  ind_0100_00021    147    182 +  cm    no 0.78  -
 (19) !   2.4e-10   43.7   0.0  ind_0100_00022    147    182 +  cm    no 0.78  -
 (20) !   2.4e-10   43.7   0.0  ind_0100_00023    147    182 +  cm    no 0.78  -
 (21) !   2.4e-10   43.7   0.0  ind_0100_00025    147    182 +  cm    no 0.78  -
 (22) !   2.4e-10   43.7   0.0  ind_0100_00026    147    182 +  cm    no 0.78  -
 (23) !   2.4e-10   43.7   0.0  ind_0100_00027    147    182 +  cm    no 0.78  -
 (24) !   2.4e-10   43.7   0.0  ind_0100_00028    147    182 +  cm    no 0.78  -
 (25) !   2.4e-10   43.7   0.0  ind_0100_00029    147    182 +  cm    no 0.78  -
 (26) !   2.4e-10   43.7   0.0  ind_0100_00030    147    182 +  cm    no 0.78  -
 (27) !   2.4e-10   43.7   0.0  ind_0100_00031    147    182 +  cm    no 0.78  -
 (28) !   2.4e-10   43.7   0.0  ind_0100_00032    147    182 +  cm    no 0.78  -
 (29) !   2.4e-10   43.7   0.0  ind_0100_00033    147    182 +  cm    no 0.78  -
 (30) !   2.4e-10   43.7   0.0  ind_0100_00034    147    182 +  cm    no 0.78  -
 (31) !   2.4e-10   43.7   0.0  ind_0100_00036    147    182 +  cm    no 0.78  -
 (32) !   2.4e-10   43.7   0.0  ind_0100_00037    147    182 +  cm    no 0.78  -
 (33) !   2.4e-10   43.7   0.0  ind_0100_00038    147    182 +  cm    no 0.78  -
 (34) !   2.4e-10   43.7   0.0  ind_0100_00039    147    182 +  cm    no 0.78  -
 (35) !   2.4e-10   43.7   0.0  ind_0100_00040    147    182 +  cm    no 0.78  -
 (36) !   2.4e-10   43.7   0.0  ind_0100_00041    147    182 +  cm    no 0.78  -
 (37) !   2.4e-10   43.7   0.0  ind_0100_00042    147    182 +  cm    no 0.78  -
 (38) !   2.4e-10   43.7   0.0  ind_0100_00043    147    182 +  cm    no 0.78  -
 (39) !   2.4e-10   43.7   0.0  ind_0100_00044    147    182 +  cm    no 0.78  -
 (40) !   2.4e-10   43.7   0.0  ind_0100_00046    147    182 +  cm    no 0.78  -
 (41) !   2.4e-10   43.7   0.0  ind_0100_00047    147    182 +  cm    no 0.78  -
 (42) !   2.4e-10   43.7   0.0  ind_0100_00048    147    182 +  cm    no 0.78  -
 (43) !   2.4e-10   43.7   0.0  ind_0100_00049    147    182 +  cm    no 0.78  -
 (44) !   2.7e-10   43.5   0.0  ind_0100_00045    147    182 +  cm    no 0.75  -
 (45) !   7.8e-10   41.8   0.0  ind_0100_00018    147    182 +  cm    no 0.75  -
 (46) !   4.3e-09   39.0   0.0  ind_0100_00024    147    182 +  cm    no 0.75  -
 (47) !   9.8e-09   37.6   0.0  ind_0100_00014    147    182 +  cm    no 0.78  -
 (48) !   1.7e-08   36.7   0.1  ind_0100_00020    147    180 +  cm    no 0.82  -
 (49) !   8.2e-08   34.1   0.0  ind_0100_00035    147    182 +  cm    no 0.78  -
 (50) !   8.5e-08   34.1   0.0  ind_0100_00006    147    182 +  cm    no 0.78  -
 ------ inclusion threshold ------
 (51) ?     0.084   11.5   0.0  ind_0100_00045    155    119 -  cm    no 0.43  -


Hit alignments:
>> ind_0100_00000  
 rank     E-value  score  bias mdl mdl from   mdl to       seq from      seq to       acc trunc   gc
 ----   --------- ------ ----- --- -------- --------    ----------- -----------      ---- ----- ----
  (1) !   2.4e-10   43.7   0.0  cm        1       36 []         147         182 + .. 1.00    no 0.78

                                                          NC
                     :::::<<<--<<<<<<_________>>>>>>-->>> CS
  patent_aligned   1 GGUCAGACCCUGGUCCGGGGCAAUGGGACCACUGUU 36 
                     GGUC GACCC GG CCG GGCAA GGG CC CUGUU
  ind_0100_00000 147 GGUCGGACCCCGGCCCGAGGCAACGGGGCCGCUGUU 182
                     ************************************ PP

>> ind_0100_00001  
 rank     E-value  score  bias mdl mdl from   mdl to       seq from      seq to       acc trunc   gc
 ----   --------- ------ ----- --- -------- --------    ----------- -----------      ---- ----- ----
  (2) !   2.4e-10   43.7   0.0  cm        1       36 []         147         182 + .. 1.00    no 0.78

                                                          NC
                     :::::<<<--<<<<<<_________>>>>>>-->>> CS
  patent_aligned   1 GGUCAGACCCUGGUCCGGGGCAAUGGGACCACUGUU 36 
                     GGUC GACCC GG CCG GGCAA GGG CC CUGUU
  ind_0100_00001 147 GGUCGGACCCCGGCCCGAGGCAACGGGGCCGCUGUU 182
                     ************************************ PP

>> ind_0100_00002  
 rank     E-value  score  bias mdl mdl from   mdl to       seq from      seq to       acc trunc   gc
 ----   --------- ------ ----- --- -------- --------    ----------- -----------      ---- ----- ----
  (3) !   2.4e-10   43.7   0.0  cm        1       36 []         147         182 + .. 1.00    no 0.78

                                                          NC
                     :::::<<<--<<<<<<_________>>>>>>-->>> CS
  patent_aligned   1 GGUCAGACCCUGGUCCGGGGCAAUGGGACCACUGUU 36 
                     GGUC GACCC GG CCG GGCAA GGG CC CUGUU
  ind_0100_00002 147 GGUCGGACCCCGGCCCGAGGCAACGGGGCCGCUGUU 182
                     ************************************ PP

>> ind_0100_00003  
 rank     E-value  score  bias mdl mdl from   mdl to       seq from      seq to       acc trunc   gc
 ----   --------- ------ ----- --- -------- --------    ----------- -----------      ---- ----- ----
  (4) !   2.4e-10   43.7   0.0  cm        1       36 []         147         182 + .. 1.00    no 0.78

                                                          NC
                     :::::<<<--<<<<<<_________>>>>>>-->>> CS
  patent_aligned   1 GGUCAGACCCUGGUCCGGGGCAAUGGGACCACUGUU 36 
                     GGUC GACCC GG CCG GGCAA GGG CC CUGUU
  ind_0100_00003 147 GGUCGGACCCCGGCCCGAGGCAACGGGGCCGCUGUU 182
                     ************************************ PP

>> ind_0100_00004  
 rank     E-value  score  bias mdl mdl from   mdl to       seq from      seq to       acc trunc   gc
 ----   --------- ------ ----- --- -------- --------    ----------- -----------      ---- ----- ----
  (5) !   2.4e-10   43.7   0.0  cm        1       36 []         147         182 + .. 1.00    no 0.78

                                                          NC
                     :::::<<<--<<<<<<_________>>>>>>-->>> CS
  patent_aligned   1 GGUCAGACCCUGGUCCGGGGCAAUGGGACCACUGUU 36 
                     GGUC GACCC GG CCG GGCAA GGG CC CUGUU
  ind_0100_00004 147 GGUCGGACCCCGGCCCGAGGCAACGGGGCCGCUGUU 182
                     ************************************ PP

>> ind_0100_00005  
 rank     E-value  score  bias mdl mdl from   mdl to       seq from      seq to       acc trunc   gc
 ----   --------- ------ ----- --- -------- --------    ----------- -----------      ---- ----- ----
  (6) !   2.4e-10   43.7   0.0  cm        1       36 []         147         182 + .. 1.00    no 0.78

                                                          NC
                     :::::<<<--<<<<<<_________>>>>>>-->>> CS
  patent_aligned   1 GGUCAGACCCUGGUCCGGGGCAAUGGGACCACUGUU 36 
                     GGUC GACCC GG CCG GGCAA GGG CC CUGUU
  ind_0100_00005 147 GGUCGGACCCCGGCCCGAGGCAACGGGGCCGCUGUU 182
                     ************************************ PP

>> ind_0100_00007  
 rank     E-value  score  bias mdl mdl from   mdl to       seq from      seq to       acc trunc   gc
 ----   --------- ------ ----- --- -------- --------    ----------- -----------      ---- ----- ----
  (7) !   2.4e-10   43.7   0.0  cm        1       36 []         147         182 + .. 1.00    no 0.78

                                                          NC
                     :::::<<<--<<<<<<_________>>>>>>-->>> CS
  patent_aligned   1 GGUCAGACCCUGGUCCGGGGCAAUGGGACCACUGUU 36 
                     GGUC GACCC GG CCG GGCAA GGG CC CUGUU
  ind_0100_00007 147 GGUCGGACCCCGGCCCGAGGCAACGGGGCCGCUGUU 182
                     ************************************ PP

>> ind_0100_00008  
 rank     E-value  score  bias mdl mdl from   mdl to       seq from      seq to       acc trunc   gc
 ----   --------- ------ ----- --- -------- --------    ----------- -----------      ---- ----- ----
  (8) !   2.4e-10   43.7   0.0  cm        1       36 []         147         182 + .. 1.00    no 0.78

                                                          NC
                     :::::<<<--<<<<<<_________>>>>>>-->>> CS
  patent_aligned   1 GGUCAGACCCUGGUCCGGGGCAAUGGGACCACUGUU 36 
                     GGUC GACCC GG CCG GGCAA GGG CC CUGUU
  ind_0100_00008 147 GGUCGGACCCCGGCCCGAGGCAACGGGGCCGCUGUU 182
                     ************************************ PP

>> ind_0100_00009  
 rank     E-value  score  bias mdl mdl from   mdl to       seq from      seq to       acc trunc   gc
 ----   --------- ------ ----- --- -------- --------    ----------- -----------      ---- ----- ----
  (9) !   2.4e-10   43.7   0.0  cm        1       36 []         147         182 + .. 1.00    no 0.78

                                                          NC
                     :::::<<<--<<<<<<_________>>>>>>-->>> CS
  patent_aligned   1 GGUCAGACCCUGGUCCGGGGCAAUGGGACCACUGUU 36 
                     GGUC GACCC GG CCG GGCAA GGG CC CUGUU
  ind_0100_00009 147 GGUCGGACCCCGGCCCGAGGCAACGGGGCCGCUGUU 182
                     ************************************ PP

>> ind_0100_00010  
 rank     E-value  score  bias mdl mdl from   mdl to       seq from      seq to       acc trunc   gc
 ----   --------- ------ ----- --- -------- --------    ----------- -----------      ---- ----- ----
 (10) !   2.4e-10   43.7   0.0  cm        1       36 []         147         182 + .. 1.00    no 0.78

                                                          NC
                     :::::<<<--<<<<<<_________>>>>>>-->>> CS
  patent_aligned   1 GGUCAGACCCUGGUCCGGGGCAAUGGGACCACUGUU 36 
                     GGUC GACCC GG CCG GGCAA GGG CC CUGUU
  ind_0100_00010 147 GGUCGGACCCCGGCCCGAGGCAACGGGGCCGCUGUU 182
                     ************************************ PP

>> ind_0100_00011  
 rank     E-value  score  bias mdl mdl from   mdl to       seq from      seq to       acc trunc   gc
 ----   --------- ------ ----- --- -------- --------    ----------- -----------      ---- ----- ----
 (11) !   2.4e-10   43.7   0.0  cm        1       36 []         147         182 + .. 1.00    no 0.78

                                                          NC
                     :::::<<<--<<<<<<_________>>>>>>-->>> CS
  patent_aligned   1 GGUCAGACCCUGGUCCGGGGCAAUGGGACCACUGUU 36 
                     GGUC GACCC GG CCG GGCAA GGG CC CUGUU
  ind_0100_00011 147 GGUCGGACCCCGGCCCGAGGCAACGGGGCCGCUGUU 182
                     ************************************ PP

>> ind_0100_00012  
 rank     E-value  score  bias mdl mdl from   mdl to       seq from      seq to       acc trunc   gc
 ----   --------- ------ ----- --- -------- --------    ----------- -----------      ---- ----- ----
 (12) !   2.4e-10   43.7   0.0  cm        1       36 []         147         182 + .. 1.00    no 0.78

                                                          NC
                     :::::<<<--<<<<<<_________>>>>>>-->>> CS
  patent_aligned   1 GGUCAGACCCUGGUCCGGGGCAAUGGGACCACUGUU 36 
                     GGUC GACCC GG CCG GGCAA GGG CC CUGUU
  ind_0100_00012 147 GGUCGGACCCCGGCCCGAGGCAACGGGGCCGCUGUU 182
                     ************************************ PP

>> ind_0100_00013  
 rank     E-value  score  bias mdl mdl from   mdl to       seq from      seq to       acc trunc   gc
 ----   --------- ------ ----- --- -------- --------    ----------- -----------      ---- ----- ----
 (13) !   2.4e-10   43.7   0.0  cm        1       36 []         147         182 + .. 1.00    no 0.78

                                                          NC
                     :::::<<<--<<<<<<_________>>>>>>-->>> CS
  patent_aligned   1 GGUCAGACCCUGGUCCGGGGCAAUGGGACCACUGUU 36 
                     GGUC GACCC GG CCG GGCAA GGG CC CUGUU
  ind_0100_00013 147 GGUCGGACCCCGGCCCGAGGCAACGGGGCCGCUGUU 182
                     ************************************ PP

>> ind_0100_00015  
 rank     E-value  score  bias mdl mdl from   mdl to       seq from      seq to       acc trunc   gc
 ----   --------- ------ ----- --- -------- --------    ----------- -----------      ---- ----- ----
 (14) !   2.4e-10   43.7   0.0  cm        1       36 []         147         182 + .. 1.00    no 0.78

                                                          NC
                     :::::<<<--<<<<<<_________>>>>>>-->>> CS
  patent_aligned   1 GGUCAGACCCUGGUCCGGGGCAAUGGGACCACUGUU 36 
                     GGUC GACCC GG CCG GGCAA GGG CC CUGUU
  ind_0100_00015 147 GGUCGGACCCCGGCCCGAGGCAACGGGGCCGCUGUU 182
                     ************************************ PP

>> ind_0100_00016  
 rank     E-value  score  bias mdl mdl from   mdl to       seq from      seq to       acc trunc   gc
 ----   --------- ------ ----- --- -------- --------    ----------- -----------      ---- ----- ----
 (15) !   2.4e-10   43.7   0.0  cm        1       36 []         147         182 + .. 1.00    no 0.78

                                                          NC
                     :::::<<<--<<<<<<_________>>>>>>-->>> CS
  patent_aligned   1 GGUCAGACCCUGGUCCGGGGCAAUGGGACCACUGUU 36 
                     GGUC GACCC GG CCG GGCAA GGG CC CUGUU
  ind_0100_00016 147 GGUCGGACCCCGGCCCGAGGCAACGGGGCCGCUGUU 182
                     ************************************ PP

>> ind_0100_00017  
 rank     E-value  score  bias mdl mdl from   mdl to       seq from      seq to       acc trunc   gc
 ----   --------- ------ ----- --- -------- --------    ----------- -----------      ---- ----- ----
 (16) !   2.4e-10   43.7   0.0  cm        1       36 []         147         182 + .. 1.00    no 0.78

                                                          NC
                     :::::<<<--<<<<<<_________>>>>>>-->>> CS
  patent_aligned   1 GGUCAGACCCUGGUCCGGGGCAAUGGGACCACUGUU 36 
                     GGUC GACCC GG CCG GGCAA GGG CC CUGUU
  ind_0100_00017 147 GGUCGGACCCCGGCCCGAGGCAACGGGGCCGCUGUU 182
                     ************************************ PP

>> ind_0100_00019  
 rank     E-value  score  bias mdl mdl from   mdl to       seq from      seq to       acc trunc   gc
 ----   --------- ------ ----- --- -------- --------    ----------- -----------      ---- ----- ----
 (17) !   2.4e-10   43.7   0.0  cm        1       36 []         147         182 + .. 1.00    no 0.78

                                                          NC
                     :::::<<<--<<<<<<_________>>>>>>-->>> CS
  patent_aligned   1 GGUCAGACCCUGGUCCGGGGCAAUGGGACCACUGUU 36 
                     GGUC GACCC GG CCG GGCAA GGG CC CUGUU
  ind_0100_00019 147 GGUCGGACCCCGGCCCGAGGCAACGGGGCCGCUGUU 182
                     ************************************ PP

>> ind_0100_00021  
 rank     E-value  score  bias mdl mdl from   mdl to       seq from      seq to       acc trunc   gc
 ----   --------- ------ ----- --- -------- --------    ----------- -----------      ---- ----- ----
 (18) !   2.4e-10   43.7   0.0  cm        1       36 []         147         182 + .. 1.00    no 0.78

                                                          NC
                     :::::<<<--<<<<<<_________>>>>>>-->>> CS
  patent_aligned   1 GGUCAGACCCUGGUCCGGGGCAAUGGGACCACUGUU 36 
                     GGUC GACCC GG CCG GGCAA GGG CC CUGUU
  ind_0100_00021 147 GGUCGGACCCCGGCCCGAGGCAACGGGGCCGCUGUU 182
                     ************************************ PP

>> ind_0100_00022  
 rank     E-value  score  bias mdl mdl from   mdl to       seq from      seq to       acc trunc   gc
 ----   --------- ------ ----- --- -------- --------    ----------- -----------      ---- ----- ----
 (19) !   2.4e-10   43.7   0.0  cm        1       36 []         147         182 + .. 1.00    no 0.78

                                                          NC
                     :::::<<<--<<<<<<_________>>>>>>-->>> CS
  patent_aligned   1 GGUCAGACCCUGGUCCGGGGCAAUGGGACCACUGUU 36 
                     GGUC GACCC GG CCG GGCAA GGG CC CUGUU
  ind_0100_00022 147 GGUCGGACCCCGGCCCGAGGCAACGGGGCCGCUGUU 182
                     ************************************ PP

>> ind_0100_00023  
 rank     E-value  score  bias mdl mdl from   mdl to       seq from      seq to       acc trunc   gc
 ----   --------- ------ ----- --- -------- --------    ----------- -----------      ---- ----- ----
 (20) !   2.4e-10   43.7   0.0  cm        1       36 []         147         182 + .. 1.00    no 0.78

                                                          NC
                     :::::<<<--<<<<<<_________>>>>>>-->>> CS
  patent_aligned   1 GGUCAGACCCUGGUCCGGGGCAAUGGGACCACUGUU 36 
                     GGUC GACCC GG CCG GGCAA GGG CC CUGUU
  ind_0100_00023 147 GGUCGGACCCCGGCCCGAGGCAACGGGGCCGCUGUU 182
                     ************************************ PP

>> ind_0100_00025  
 rank     E-value  score  bias mdl mdl from   mdl to       seq from      seq to       acc trunc   gc
 ----   --------- ------ ----- --- -------- --------    ----------- -----------      ---- ----- ----
 (21) !   2.4e-10   43.7   0.0  cm        1       36 []         147         182 + .. 1.00    no 0.78

                                                          NC
                     :::::<<<--<<<<<<_________>>>>>>-->>> CS
  patent_aligned   1 GGUCAGACCCUGGUCCGGGGCAAUGGGACCACUGUU 36 
                     GGUC GACCC GG CCG GGCAA GGG CC CUGUU
  ind_0100_00025 147 GGUCGGACCCCGGCCCGAGGCAACGGGGCCGCUGUU 182
                     ************************************ PP

>> ind_0100_00026  
 rank     E-value  score  bias mdl mdl from   mdl to       seq from      seq to       acc trunc   gc
 ----   --------- ------ ----- --- -------- --------    ----------- -----------      ---- ----- ----
 (22) !   2.4e-10   43.7   0.0  cm        1       36 []         147         182 + .. 1.00    no 0.78

                                                          NC
                     :::::<<<--<<<<<<_________>>>>>>-->>> CS
  patent_aligned   1 GGUCAGACCCUGGUCCGGGGCAAUGGGACCACUGUU 36 
                     GGUC GACCC GG CCG GGCAA GGG CC CUGUU
  ind_0100_00026 147 GGUCGGACCCCGGCCCGAGGCAACGGGGCCGCUGUU 182
                     ************************************ PP

>> ind_0100_00027  
 rank     E-value  score  bias mdl mdl from   mdl to       seq from      seq to       acc trunc   gc
 ----   --------- ------ ----- --- -------- --------    ----------- -----------      ---- ----- ----
 (23) !   2.4e-10   43.7   0.0  cm        1       36 []         147         182 + .. 1.00    no 0.78

                                                          NC
                     :::::<<<--<<<<<<_________>>>>>>-->>> CS
  patent_aligned   1 GGUCAGACCCUGGUCCGGGGCAAUGGGACCACUGUU 36 
                     GGUC GACCC GG CCG GGCAA GGG CC CUGUU
  ind_0100_00027 147 GGUCGGACCCCGGCCCGAGGCAACGGGGCCGCUGUU 182
                     ************************************ PP

>> ind_0100_00028  
 rank     E-value  score  bias mdl mdl from   mdl to       seq from      seq to       acc trunc   gc
 ----   --------- ------ ----- --- -------- --------    ----------- -----------      ---- ----- ----
 (24) !   2.4e-10   43.7   0.0  cm        1       36 []         147         182 + .. 1.00    no 0.78

                                                          NC
                     :::::<<<--<<<<<<_________>>>>>>-->>> CS
  patent_aligned   1 GGUCAGACCCUGGUCCGGGGCAAUGGGACCACUGUU 36 
                     GGUC GACCC GG CCG GGCAA GGG CC CUGUU
  ind_0100_00028 147 GGUCGGACCCCGGCCCGAGGCAACGGGGCCGCUGUU 182
                     ************************************ PP

>> ind_0100_00029  
 rank     E-value  score  bias mdl mdl from   mdl to       seq from      seq to       acc trunc   gc
 ----   --------- ------ ----- --- -------- --------    ----------- -----------      ---- ----- ----
 (25) !   2.4e-10   43.7   0.0  cm        1       36 []         147         182 + .. 1.00    no 0.78

                                                          NC
                     :::::<<<--<<<<<<_________>>>>>>-->>> CS
  patent_aligned   1 GGUCAGACCCUGGUCCGGGGCAAUGGGACCACUGUU 36 
                     GGUC GACCC GG CCG GGCAA GGG CC CUGUU
  ind_0100_00029 147 GGUCGGACCCCGGCCCGAGGCAACGGGGCCGCUGUU 182
                     ************************************ PP

>> ind_0100_00030  
 rank     E-value  score  bias mdl mdl from   mdl to       seq from      seq to       acc trunc   gc
 ----   --------- ------ ----- --- -------- --------    ----------- -----------      ---- ----- ----
 (26) !   2.4e-10   43.7   0.0  cm        1       36 []         147         182 + .. 1.00    no 0.78

                                                          NC
                     :::::<<<--<<<<<<_________>>>>>>-->>> CS
  patent_aligned   1 GGUCAGACCCUGGUCCGGGGCAAUGGGACCACUGUU 36 
                     GGUC GACCC GG CCG GGCAA GGG CC CUGUU
  ind_0100_00030 147 GGUCGGACCCCGGCCCGAGGCAACGGGGCCGCUGUU 182
                     ************************************ PP

>> ind_0100_00031  
 rank     E-value  score  bias mdl mdl from   mdl to       seq from      seq to       acc trunc   gc
 ----   --------- ------ ----- --- -------- --------    ----------- -----------      ---- ----- ----
 (27) !   2.4e-10   43.7   0.0  cm        1       36 []         147         182 + .. 1.00    no 0.78

                                                          NC
                     :::::<<<--<<<<<<_________>>>>>>-->>> CS
  patent_aligned   1 GGUCAGACCCUGGUCCGGGGCAAUGGGACCACUGUU 36 
                     GGUC GACCC GG CCG GGCAA GGG CC CUGUU
  ind_0100_00031 147 GGUCGGACCCCGGCCCGAGGCAACGGGGCCGCUGUU 182
                     ************************************ PP

>> ind_0100_00032  
 rank     E-value  score  bias mdl mdl from   mdl to       seq from      seq to       acc trunc   gc
 ----   --------- ------ ----- --- -------- --------    ----------- -----------      ---- ----- ----
 (28) !   2.4e-10   43.7   0.0  cm        1       36 []         147         182 + .. 1.00    no 0.78

                                                          NC
                     :::::<<<--<<<<<<_________>>>>>>-->>> CS
  patent_aligned   1 GGUCAGACCCUGGUCCGGGGCAAUGGGACCACUGUU 36 
                     GGUC GACCC GG CCG GGCAA GGG CC CUGUU
  ind_0100_00032 147 GGUCGGACCCCGGCCCGAGGCAACGGGGCCGCUGUU 182
                     ************************************ PP

>> ind_0100_00033  
 rank     E-value  score  bias mdl mdl from   mdl to       seq from      seq to       acc trunc   gc
 ----   --------- ------ ----- --- -------- --------    ----------- -----------      ---- ----- ----
 (29) !   2.4e-10   43.7   0.0  cm        1       36 []         147         182 + .. 1.00    no 0.78

                                                          NC
                     :::::<<<--<<<<<<_________>>>>>>-->>> CS
  patent_aligned   1 GGUCAGACCCUGGUCCGGGGCAAUGGGACCACUGUU 36 
                     GGUC GACCC GG CCG GGCAA GGG CC CUGUU
  ind_0100_00033 147 GGUCGGACCCCGGCCCGAGGCAACGGGGCCGCUGUU 182
                     ************************************ PP

>> ind_0100_00034  
 rank     E-value  score  bias mdl mdl from   mdl to       seq from      seq to       acc trunc   gc
 ----   --------- ------ ----- --- -------- --------    ----------- -----------      ---- ----- ----
 (30) !   2.4e-10   43.7   0.0  cm        1       36 []         147         182 + .. 1.00    no 0.78

                                                          NC
                     :::::<<<--<<<<<<_________>>>>>>-->>> CS
  patent_aligned   1 GGUCAGACCCUGGUCCGGGGCAAUGGGACCACUGUU 36 
                     GGUC GACCC GG CCG GGCAA GGG CC CUGUU
  ind_0100_00034 147 GGUCGGACCCCGGCCCGAGGCAACGGGGCCGCUGUU 182
                     ************************************ PP

>> ind_0100_00036  
 rank     E-value  score  bias mdl mdl from   mdl to       seq from      seq to       acc trunc   gc
 ----   --------- ------ ----- --- -------- --------    ----------- -----------      ---- ----- ----
 (31) !   2.4e-10   43.7   0.0  cm        1       36 []         147         182 + .. 1.00    no 0.78

                                                          NC
                     :::::<<<--<<<<<<_________>>>>>>-->>> CS
  patent_aligned   1 GGUCAGACCCUGGUCCGGGGCAAUGGGACCACUGUU 36 
                     GGUC GACCC GG CCG GGCAA GGG CC CUGUU
  ind_0100_00036 147 GGUCGGACCCCGGCCCGAGGCAACGGGGCCGCUGUU 182
                     ************************************ PP

>> ind_0100_00037  
 rank     E-value  score  bias mdl mdl from   mdl to       seq from      seq to       acc trunc   gc
 ----   --------- ------ ----- --- -------- --------    ----------- -----------      ---- ----- ----
 (32) !   2.4e-10   43.7   0.0  cm        1       36 []         147         182 + .. 1.00    no 0.78

                                                          NC
                     :::::<<<--<<<<<<_________>>>>>>-->>> CS
  patent_aligned   1 GGUCAGACCCUGGUCCGGGGCAAUGGGACCACUGUU 36 
                     GGUC GACCC GG CCG GGCAA GGG CC CUGUU
  ind_0100_00037 147 GGUCGGACCCCGGCCCGAGGCAACGGGGCCGCUGUU 182
                     ************************************ PP

>> ind_0100_00038  
 rank     E-value  score  bias mdl mdl from   mdl to       seq from      seq to       acc trunc   gc
 ----   --------- ------ ----- --- -------- --------    ----------- -----------      ---- ----- ----
 (33) !   2.4e-10   43.7   0.0  cm        1       36 []         147         182 + .. 1.00    no 0.78

                                                          NC
                     :::::<<<--<<<<<<_________>>>>>>-->>> CS
  patent_aligned   1 GGUCAGACCCUGGUCCGGGGCAAUGGGACCACUGUU 36 
                     GGUC GACCC GG CCG GGCAA GGG CC CUGUU
  ind_0100_00038 147 GGUCGGACCCCGGCCCGAGGCAACGGGGCCGCUGUU 182
                     ************************************ PP

>> ind_0100_00039  
 rank     E-value  score  bias mdl mdl from   mdl to       seq from      seq to       acc trunc   gc
 ----   --------- ------ ----- --- -------- --------    ----------- -----------      ---- ----- ----
 (34) !   2.4e-10   43.7   0.0  cm        1       36 []         147         182 + .. 1.00    no 0.78

                                                          NC
                     :::::<<<--<<<<<<_________>>>>>>-->>> CS
  patent_aligned   1 GGUCAGACCCUGGUCCGGGGCAAUGGGACCACUGUU 36 
                     GGUC GACCC GG CCG GGCAA GGG CC CUGUU
  ind_0100_00039 147 GGUCGGACCCCGGCCCGAGGCAACGGGGCCGCUGUU 182
                     ************************************ PP

>> ind_0100_00040  
 rank     E-value  score  bias mdl mdl from   mdl to       seq from      seq to       acc trunc   gc
 ----   --------- ------ ----- --- -------- --------    ----------- -----------      ---- ----- ----
 (35) !   2.4e-10   43.7   0.0  cm        1       36 []         147         182 + .. 1.00    no 0.78

                                                          NC
                     :::::<<<--<<<<<<_________>>>>>>-->>> CS
  patent_aligned   1 GGUCAGACCCUGGUCCGGGGCAAUGGGACCACUGUU 36 
                     GGUC GACCC GG CCG GGCAA GGG CC CUGUU
  ind_0100_00040 147 GGUCGGACCCCGGCCCGAGGCAACGGGGCCGCUGUU 182
                     ************************************ PP

>> ind_0100_00041  
 rank     E-value  score  bias mdl mdl from   mdl to       seq from      seq to       acc trunc   gc
 ----   --------- ------ ----- --- -------- --------    ----------- -----------      ---- ----- ----
 (36) !   2.4e-10   43.7   0.0  cm        1       36 []         147         182 + .. 1.00    no 0.78

                                                          NC
                     :::::<<<--<<<<<<_________>>>>>>-->>> CS
  patent_aligned   1 GGUCAGACCCUGGUCCGGGGCAAUGGGACCACUGUU 36 
                     GGUC GACCC GG CCG GGCAA GGG CC CUGUU
  ind_0100_00041 147 GGUCGGACCCCGGCCCGAGGCAACGGGGCCGCUGUU 182
                     ************************************ PP

>> ind_0100_00042  
 rank     E-value  score  bias mdl mdl from   mdl to       seq from      seq to       acc trunc   gc
 ----   --------- ------ ----- --- -------- --------    ----------- -----------      ---- ----- ----
 (37) !   2.4e-10   43.7   0.0  cm        1       36 []         147         182 + .. 1.00    no 0.78

                                                          NC
                     :::::<<<--<<<<<<_________>>>>>>-->>> CS
  patent_aligned   1 GGUCAGACCCUGGUCCGGGGCAAUGGGACCACUGUU 36 
                     GGUC GACCC GG CCG GGCAA GGG CC CUGUU
  ind_0100_00042 147 GGUCGGACCCCGGCCCGAGGCAACGGGGCCGCUGUU 182
                     ************************************ PP

>> ind_0100_00043  
 rank     E-value  score  bias mdl mdl from   mdl to       seq from      seq to       acc trunc   gc
 ----   --------- ------ ----- --- -------- --------    ----------- -----------      ---- ----- ----
 (38) !   2.4e-10   43.7   0.0  cm        1       36 []         147         182 + .. 1.00    no 0.78

                                                          NC
                     :::::<<<--<<<<<<_________>>>>>>-->>> CS
  patent_aligned   1 GGUCAGACCCUGGUCCGGGGCAAUGGGACCACUGUU 36 
                     GGUC GACCC GG CCG GGCAA GGG CC CUGUU
  ind_0100_00043 147 GGUCGGACCCCGGCCCGAGGCAACGGGGCCGCUGUU 182
                     ************************************ PP

>> ind_0100_00044  
 rank     E-value  score  bias mdl mdl from   mdl to       seq from      seq to       acc trunc   gc
 ----   --------- ------ ----- --- -------- --------    ----------- -----------      ---- ----- ----
 (39) !   2.4e-10   43.7   0.0  cm        1       36 []         147         182 + .. 1.00    no 0.78

                                                          NC
                     :::::<<<--<<<<<<_________>>>>>>-->>> CS
  patent_aligned   1 GGUCAGACCCUGGUCCGGGGCAAUGGGACCACUGUU 36 
                     GGUC GACCC GG CCG GGCAA GGG CC CUGUU
  ind_0100_00044 147 GGUCGGACCCCGGCCCGAGGCAACGGGGCCGCUGUU 182
                     ************************************ PP

>> ind_0100_00046  
 rank     E-value  score  bias mdl mdl from   mdl to       seq from      seq to       acc trunc   gc
 ----   --------- ------ ----- --- -------- --------    ----------- -----------      ---- ----- ----
 (40) !   2.4e-10   43.7   0.0  cm        1       36 []         147         182 + .. 1.00    no 0.78

                                                          NC
                     :::::<<<--<<<<<<_________>>>>>>-->>> CS
  patent_aligned   1 GGUCAGACCCUGGUCCGGGGCAAUGGGACCACUGUU 36 
                     GGUC GACCC GG CCG GGCAA GGG CC CUGUU
  ind_0100_00046 147 GGUCGGACCCCGGCCCGAGGCAACGGGGCCGCUGUU 182
                     ************************************ PP

>> ind_0100_00047  
 rank     E-value  score  bias mdl mdl from   mdl to       seq from      seq to       acc trunc   gc
 ----   --------- ------ ----- --- -------- --------    ----------- -----------      ---- ----- ----
 (41) !   2.4e-10   43.7   0.0  cm        1       36 []         147         182 + .. 1.00    no 0.78

                                                          NC
                     :::::<<<--<<<<<<_________>>>>>>-->>> CS
  patent_aligned   1 GGUCAGACCCUGGUCCGGGGCAAUGGGACCACUGUU 36 
                     GGUC GACCC GG CCG GGCAA GGG CC CUGUU
  ind_0100_00047 147 GGUCGGACCCCGGCCCGAGGCAACGGGGCCGCUGUU 182
                     ************************************ PP

>> ind_0100_00048  
 rank     E-value  score  bias mdl mdl from   mdl to       seq from      seq to       acc trunc   gc
 ----   --------- ------ ----- --- -------- --------    ----------- -----------      ---- ----- ----
 (42) !   2.4e-10   43.7   0.0  cm        1       36 []         147         182 + .. 1.00    no 0.78

                                                          NC
                     :::::<<<--<<<<<<_________>>>>>>-->>> CS
  patent_aligned   1 GGUCAGACCCUGGUCCGGGGCAAUGGGACCACUGUU 36 
                     GGUC GACCC GG CCG GGCAA GGG CC CUGUU
  ind_0100_00048 147 GGUCGGACCCCGGCCCGAGGCAACGGGGCCGCUGUU 182
                     ************************************ PP

>> ind_0100_00049  
 rank     E-value  score  bias mdl mdl from   mdl to       seq from      seq to       acc trunc   gc
 ----   --------- ------ ----- --- -------- --------    ----------- -----------      ---- ----- ----
 (43) !   2.4e-10   43.7   0.0  cm        1       36 []         147         182 + .. 1.00    no 0.78

                                                          NC
                     :::::<<<--<<<<<<_________>>>>>>-->>> CS
  patent_aligned   1 GGUCAGACCCUGGUCCGGGGCAAUGGGACCACUGUU 36 
                     GGUC GACCC GG CCG GGCAA GGG CC CUGUU
  ind_0100_00049 147 GGUCGGACCCCGGCCCGAGGCAACGGGGCCGCUGUU 182
                     ************************************ PP

>> ind_0100_00045  
 rank     E-value  score  bias mdl mdl from   mdl to       seq from      seq to       acc trunc   gc
 ----   --------- ------ ----- --- -------- --------    ----------- -----------      ---- ----- ----
 (44) !   2.7e-10   43.5   0.0  cm        1       36 []         147         182 + .. 1.00    no 0.75

                                                          NC
                     :::::<<<--<<<<<<_________>>>>>>-->>> CS
  patent_aligned   1 GGUCAGACCCUGGUCCGGGGCAAUGGGACCACUGUU 36 
                     GGUC GACCC GG CCG GGCAA GGG CC CUGUU
  ind_0100_00045 147 GGUCUGACCCCGGCCCGAGGCAACGGGGCCGCUGUU 182
                     ************************************ PP

>> ind_0100_00018  
 rank     E-value  score  bias mdl mdl from   mdl to       seq from      seq to       acc trunc   gc
 ----   --------- ------ ----- --- -------- --------    ----------- -----------      ---- ----- ----
 (45) !   7.8e-10   41.8   0.0  cm        1       36 []         147         182 + .. 1.00    no 0.75

                                                          NC
                     :::::<<<--<<<<<<_________>>>>>>-->>> CS
  patent_aligned   1 GGUCAGACCCUGGUCCGGGGCAAUGGGACCACUGUU 36 
                     GGUC GACCC GG CCG GGCAA GGG CC CUGUU
  ind_0100_00018 147 GGUCGGACCCUGGCCCGAGGCAACGGGGCCGCUGUU 182
                     ************************************ PP

>> ind_0100_00024  
 rank     E-value  score  bias mdl mdl from   mdl to       seq from      seq to       acc trunc   gc
 ----   --------- ------ ----- --- -------- --------    ----------- -----------      ---- ----- ----
 (46) !   4.3e-09   39.0   0.0  cm        1       36 []         147         182 + .. 0.99    no 0.75

                                                          NC
                     :::::<<<--<<<<<<_________>>>>>>-->>> CS
  patent_aligned   1 GGUCAGACCCUGGUCCGGGGCAAUGGGACCACUGUU 36 
                     GGUC GACCC GG CCG GGCAA  GG CC CUGUU
  ind_0100_00024 147 GGUCGGACCCCGGCCCGAGGCAACAGGGCCGCUGUU 182
                     ***********************99*********** PP

>> ind_0100_00014  
 rank     E-value  score  bias mdl mdl from   mdl to       seq from      seq to       acc trunc   gc
 ----   --------- ------ ----- --- -------- --------    ----------- -----------      ---- ----- ----
 (47) !   9.8e-09   37.6   0.0  cm        1       36 []         147         182 + .. 1.00    no 0.78

                                  v             v         NC
                     :::::<<<--<<<<<<_________>>>>>>-->>> CS
  patent_aligned   1 GGUCAGACCCUGGUCCGGGGCAAUGGGACCACUGUU 36 
                     GGUC GACCC GG CCG GGCAA GGG CC CUGUU
  ind_0100_00014 147 GGUCGGACCCCGGCCCGAGGCAACGGGCCCGCUGUU 182
                     ************************************ PP

>> ind_0100_00020  
 rank     E-value  score  bias mdl mdl from   mdl to       seq from      seq to       acc trunc   gc
 ----   --------- ------ ----- --- -------- --------    ----------- -----------      ---- ----- ----
 (48) !   1.7e-08   36.7   0.1  cm        1       36 []         147         180 + .. 1.00    no 0.82

                          vv                           vv NC
                     :::::<<<--<<<<<<_________>>>>>>-->>> CS
  patent_aligned   1 GGUCAGACCCUGGUCCGGGGCAAUGGGACCACUGUU 36 
                     GGUC GACCC GG CCG GGCAA GGG CC CUG  
  ind_0100_00020 147 GGUCGGACCCCGGCCCGAGGCAACGGGGCCGCUG-- 180
                     **********************************.. PP

>> ind_0100_00035  
 rank     E-value  score  bias mdl mdl from   mdl to       seq from      seq to       acc trunc   gc
 ----   --------- ------ ----- --- -------- --------    ----------- -----------      ---- ----- ----
 (49) !   8.2e-08   34.1   0.0  cm        1       36 []         147         182 + .. 0.99    no 0.78

                                    v         v           NC
                     :::::<<<--<<<<<<_________>>>>>>-->>> CS
  patent_aligned   1 GGUCAGACCCUGGUCCGGGGCAAUGGGACCACUGUU 36 
                     GGUC GACCC GG C G GGCAA G G CC CUGUU
  ind_0100_00035 147 GGUCGGACCCCGGCCGGAGGCAACGGGGCCGCUGUU 182
                     ************************************ PP

>> ind_0100_00006  
 rank     E-value  score  bias mdl mdl from   mdl to       seq from      seq to       acc trunc   gc
 ----   --------- ------ ----- --- -------- --------    ----------- -----------      ---- ----- ----
 (50) !   8.5e-08   34.1   0.0  cm        1       36 []         147         182 + .. 1.00    no 0.78

                                    v         v           NC
                     :::::<<<--<<<<<<_________>>>>>>-->>> CS
  patent_aligned   1 GGUCAGACCCUGGUCCGGGGCAAUGGGACCACUGUU 36 
                     GGUC GACCC GG C G GGCAA G G CC CUGUU
  ind_0100_00006 147 GGUCGGACCCCGGCCCGAGGCAACGCGGCCGCUGUU 182
                     ************************************ PP

>> ind_0100_00045  
 rank     E-value  score  bias mdl mdl from   mdl to       seq from      seq to       acc trunc   gc
 ----   --------- ------ ----- --- -------- --------    ----------- -----------      ---- ----- ----
 (51) ?     0.084   11.5   0.0  cm        1       36 []         155         119 - .. 0.92    no 0.43

                                         NC
                     :::::<<<--~~~~~~>>> CS
  patent_aligned   1 GGUCAGACCC*[23]*GUU 36 
                     GGUCAGACC       GUU
  ind_0100_00045 155 GGUCAGACCA*[24]*GUU 119
                     ********95...9..*** PP



Internal CM pipeline statistics summary:
----------------------------------------
Query model(s):                                                  1  (36 consensus positions)
Target sequences:                                               50  (19700 residues searched)
Target sequences re-searched for truncated hits:                50  (10200 residues re-searched)
Windows   passing  local HMM SSV           filter:             251  (0.4712); expected (0.35)
Windows   passing  local HMM Viterbi       filter:                  (off)
Windows   passing  local HMM Viterbi  bias filter:                  (off)
Windows   passing  local HMM Forward       filter:             102  (0.1666); expected (0.02)
Windows   passing  local HMM Forward  bias filter:             102  (0.1666); expected (0.02)
Windows   passing glocal HMM Forward       filter:              52  (0.09258); expected (0.02)
Windows   passing glocal HMM Forward  bias filter:              52  (0.09258); expected (0.02)
Envelopes passing glocal HMM envelope defn filter:              52  (0.06314); expected (0.02)
Envelopes passing  local CM  CYK           filter:              52  (0.06314); expected (0.0001)
Total CM hits reported:                                         51  (0.06137); includes 0 truncated hit(s)

# CPU time: 0.07u 0.00s 00:00:00.07 Elapsed: 00:00:00.08
# Alignment of 50 hits satisfying inclusion thresholds saved to: optimization_a7/100gen/_workspace/cmsearch_logs/gen_0100/patent_cmsearch.sto
//
[ok]
