# cmsearch :: search CM(s) against a sequence database
# INFERNAL 1.1.5 (Sep 2023)
# Copyright (C) 2023 Howard Hughes Medical Institute.
# Freely distributed under the BSD open source license.
# - - - - - - - - - - - - - - - - - - - - - - - - - - - - - - - - - - - -
# query CM file:                         A7_analysis/patent.cm
# target sequence database:              /tmp/tmpqr9tcpzg/queries.fa
# output directed to file:               /projects/health_sciences/bms/biochemistry/gardner_group/nadia/UTR_optimization/optimization_a7/100gen_extended/results/patent_cmsearch.out
# MSA of significant hits saved to file: /projects/health_sciences/bms/biochemistry/gardner_group/nadia/UTR_optimization/optimization_a7/100gen_extended/results/patent_cmsearch.sto
# tabular output of hits:                /projects/health_sciences/bms/biochemistry/gardner_group/nadia/UTR_optimization/optimization_a7/100gen_extended/results/patent_cmsearch.tblout
# max ASCII text line length:            unlimited
# sequence reporting threshold:          E-value <= 1000
# number of worker threads:              4
# - - - - - - - - - - - - - - - - - - - - - - - - - - - - - - - - - - - -

Query:       patent_aligned  [CLEN=36]
Hit scores:
 rank     E-value  score  bias  sequence           start    end   mdl trunc   gc  description
 ----   --------- ------ -----  ----------------- ------ ------   --- ----- ----  -----------
  (1) !   1.4e-08   30.6   0.0  best_3utr_evolved    147    182 +  cm    no 0.67  -


Hit alignments:
>> best_3utr_evolved  
 rank     E-value  score  bias mdl mdl from   mdl to       seq from      seq to       acc trunc   gc
 ----   --------- ------ ----- --- -------- --------    ----------- -----------      ---- ----- ----
  (1) !   1.4e-08   30.6   0.0  cm        1       36 []         147         182 + .. 1.00    no 0.67

                                                             NC
                        :::::<<<--<<<<<<_________>>>>>>-->>> CS
     patent_aligned   1 GGUCAGACCCUGGUCCGGGGCAAUGGGACCACUGUU 36 
                        GG C GACC UG U CGGGGCAAU G A CAC GUU
  best_3utr_evolved 147 GGCCGGACCUUGCUGCGGGGCAAUAGCAGCACCGUU 182
                        ************************************ PP



Internal CM pipeline statistics summary:
----------------------------------------
Query model(s):                                                  1  (36 consensus positions)
Target sequences:                                                1  (394 residues searched)
Target sequences re-searched for truncated hits:                 1  (204 residues re-searched)
Windows   passing  local HMM SSV           filter:               8  (0.7676); expected (0.35)
Windows   passing  local HMM Viterbi       filter:                  (off)
Windows   passing  local HMM Viterbi  bias filter:                  (off)
Windows   passing  local HMM Forward       filter:               3  (0.3495); expected (0.02)
Windows   passing  local HMM Forward  bias filter:               3  (0.3495); expected (0.02)
Windows   passing glocal HMM Forward       filter:               2  (0.2642); expected (0.02)
Windows   passing glocal HMM Forward  bias filter:               2  (0.2642); expected (0.02)
Envelopes passing glocal HMM envelope defn filter:               2  (0.102); expected (0.02)
Envelopes passing  local CM  CYK           filter:               1  (0.0602); expected (0.0001)
Total CM hits reported:                                          1  (0.0602); includes 0 truncated hit(s)

# CPU time: 0.00u 0.00s 00:00:00.00 Elapsed: 00:00:00.01
# Alignment of 1 hits satisfying inclusion thresholds saved to: /projects/health_sciences/bms/biochemistry/gardner_group/nadia/UTR_optimization/optimization_a7/100gen_extended/results/patent_cmsearch.sto
//
[ok]
