# cmsearch :: search CM(s) against a sequence database
# INFERNAL 1.1.5 (Sep 2023)
# Copyright (C) 2023 Howard Hughes Medical Institute.
# Freely distributed under the BSD open source license.
# - - - - - - - - - - - - - - - - - - - - - - - - - - - - - - - - - - - -
# query CM file:                         A7_analysis/patent.cm
# target sequence database:              /tmp/tmp_0lbh545/queries.fa
# output directed to file:               optimization_a7/100gen/_workspace/cmsearch_logs/gen_0027/patent_cmsearch.out
# MSA of significant hits saved to file: optimization_a7/100gen/_workspace/cmsearch_logs/gen_0027/patent_cmsearch.sto
# tabular output of hits:                optimization_a7/100gen/_workspace/cmsearch_logs/gen_0027/patent_cmsearch.tblout
# max ASCII text line length:            unlimited
# sequence reporting threshold:          E-value <= 1000
# number of worker threads:              4
# - - - - - - - - - - - - - - - - - - - - - - - - - - - - - - - - - - - -

Query:       patent_aligned  [CLEN=36]
Hit scores:
 rank     E-value  score  bias  sequence        start    end   mdl trunc   gc  description
 ----   --------- ------ -----  -------------- ------ ------   --- ----- ----  -----------
  (1) !   4.7e-07   31.3   0.0  ind_0027_00027    147    182 +  cm    no 0.67  -
  (2) !   1.1e-06   29.9   0.0  ind_0027_00004    147    182 +  cm    no 0.69  -
  (3) !   1.1e-06   29.9   0.0  ind_0027_00037    147    182 +  cm    no 0.69  -
  (4) !   1.6e-06   29.3   0.0  ind_0027_00002    147    182 +  cm    no 0.64  -
  (5) !   1.6e-06   29.3   0.0  ind_0027_00003    147    182 +  cm    no 0.64  -
  (6) !   1.6e-06   29.3   0.0  ind_0027_00006    147    182 +  cm    no 0.64  -
  (7) !   1.6e-06   29.3   0.0  ind_0027_00008    147    182 +  cm    no 0.64  -
  (8) !   1.6e-06   29.3   0.0  ind_0027_00010    147    182 +  cm    no 0.64  -
  (9) !   1.6e-06   29.3   0.0  ind_0027_00033    147    182 +  cm    no 0.64  -
 (10) !   1.6e-06   29.3   0.0  ind_0027_00034    147    182 +  cm    no 0.64  -
 (11) !   1.6e-06   29.3   0.0  ind_0027_00044    147    182 +  cm    no 0.64  -
 (12) !   3.6e-06   28.0   0.0  ind_0027_00000    147    182 +  cm    no 0.67  -
 (13) !   3.6e-06   28.0   0.0  ind_0027_00001    147    182 +  cm    no 0.67  -
 (14) !   3.6e-06   28.0   0.0  ind_0027_00018    147    182 +  cm    no 0.67  -
 (15) !   3.6e-06   28.0   0.0  ind_0027_00032    147    182 +  cm    no 0.67  -
 (16) !   3.6e-06   28.0   0.0  ind_0027_00035    147    182 +  cm    no 0.67  -
 (17) !   4.4e-06   27.6   0.0  ind_0027_00030    147    182 +  cm    no 0.69  -
 (18) !   5.6e-06   27.2   0.0  ind_0027_00026    147    182 +  cm    no 0.67  -
 (19) !   1.2e-05   25.9   0.0  ind_0027_00009    147    182 +  cm    no 0.72  -
 (20) !   2.2e-05   25.0   0.0  ind_0027_00014    147    182 +  cm    no 0.67  -
 (21) !   2.2e-05   25.0   0.0  ind_0027_00046    147    182 +  cm    no 0.67  -
 (22) !   2.4e-05   24.9   0.0  ind_0027_00016    147    181 +  cm    no 0.66  -
 (23) !   2.4e-05   24.9   0.0  ind_0027_00028    147    182 +  cm    no 0.67  -
 (24) !   2.8e-05   24.6   0.0  ind_0027_00031    147    182 +  cm    no 0.64  -
 (25) !   3.7e-05   24.2   0.0  ind_0027_00040    147    182 +  cm    no 0.67  -
 (26) !   3.8e-05   24.1   0.0  ind_0027_00015    147    182 +  cm    no 0.67  -
 (27) !   6.7e-05   23.2   0.0  ind_0027_00048    147    182 +  cm    no 0.67  -
 (28) !   8.4e-05   22.8   0.0  ind_0027_00024    147    182 +  cm    no 0.69  -
 (29) !    0.0001   22.5   0.0  ind_0027_00025    147    182 +  cm    no 0.64  -
 (30) !   0.00011   22.3   0.0  ind_0027_00047    147    182 +  cm    no 0.67  -
 (31) !   0.00015   21.9   0.0  ind_0027_00012    147    182 +  cm    no 0.67  -
 (32) !   0.00019   21.5   0.0  ind_0027_00005    147    182 +  cm    no 0.69  -
 (33) !   0.00029   20.8   0.0  ind_0027_00023    147    182 +  cm    no 0.64  -
 (34) !   0.00035   20.5   0.0  ind_0027_00013    147    182 +  cm    no 0.69  -
 (35) !   0.00039   20.3   0.0  ind_0027_00017    147    182 +  cm    no 0.64  -
 (36) !   0.00043   20.1   0.0  ind_0027_00043    147    182 +  cm    no 0.61  -
 (37) !   0.00072   19.3   0.0  ind_0027_00019    147    182 +  cm    no 0.67  -
 (38) !   0.00073   19.3   0.0  ind_0027_00011    147    182 +  cm    no 0.58  -
 (39) !    0.0014   18.3   0.0  ind_0027_00029    147    182 +  cm    no 0.67  -
 (40) !     0.002   17.6   0.0  ind_0027_00049    147    182 +  cm    no 0.67  -
 (41) !     0.003   17.0   0.0  ind_0027_00036    147    182 +  cm    no 0.67  -
 (42) !    0.0036   16.6   0.0  ind_0027_00021    147    182 +  cm    no 0.67  -
 (43) !    0.0037   16.6   0.0  ind_0027_00007    147    182 +  cm    no 0.64  -
 (44) !    0.0094   15.1   0.0  ind_0027_00045    147    182 +  cm    no 0.64  -
 ------ inclusion threshold ------
 (45) ?      0.02   13.8   0.0  ind_0027_00038    147    182 +  cm    no 0.69  -
 (46) ?     0.035   12.9   0.0  ind_0027_00044    155    138 -  cm    no 0.50  -
 (47) ?     0.045   12.5   0.0  ind_0027_00022    147    182 +  cm    no 0.67  -
 (48) ?     0.045   12.5   0.0  ind_0027_00038    155    141 -  cm    no 0.53  -
 (49) ?     0.047   12.5   0.0  ind_0027_00016    155    140 -  cm    no 0.56  -
 (50) ?     0.076   11.7   0.0  ind_0027_00017    155    130 -  cm    no 0.50  -
 (51) ?     0.079   11.6   0.0  ind_0027_00006    155    119 -  cm    no 0.51  -
 (52) ?     0.084   11.5   0.0  ind_0027_00042    155    119 -  cm    no 0.49  -
 (53) ?     0.084   11.5   0.0  ind_0027_00001    155    119 -  cm    no 0.49  -
 (54) ?      0.11   11.1   0.0  ind_0027_00036    155    124 -  cm    no 0.50  -
 (55) ?      0.11   11.1   0.0  ind_0027_00045    155    124 -  cm    no 0.50  -
 (56) ?      0.14   10.6   0.0  ind_0027_00018    155    119 -  cm    no 0.46  -
 (57) ?      0.14   10.6   0.0  ind_0027_00024    155    119 -  cm    no 0.49  -
 (58) ?      0.43    8.8   0.0  ind_0027_00018     77     94 +  cm    no 0.67  -
 (59) ?      0.62    8.2   0.0  ind_0027_00020    137    182 +  cm    no 0.63  -
 (60) ?      0.99    7.5   0.0  ind_0027_00041    147    182 +  cm    no 0.67  -
 (61) ?        13    3.3   0.0  ind_0027_00038    108     94 -  cm    no 0.67  -
 (62) ?   2.1e+02   -1.3   0.0  ind_0027_00029    140    143 +  cm    no 0.75  -
 (63) ?   2.1e+02   -1.3   0.0  ind_0027_00047    140    143 +  cm    no 0.75  -
 (64) ?   7.9e+02   -3.5   0.0  ind_0027_00045    197    197 +  cm    3' 1.00  -


Hit alignments:
>> ind_0027_00027  
 rank     E-value  score  bias mdl mdl from   mdl to       seq from      seq to       acc trunc   gc
 ----   --------- ------ ----- --- -------- --------    ----------- -----------      ---- ----- ----
  (1) !   4.7e-07   31.3   0.0  cm        1       36 []         147         182 + .. 1.00    no 0.67

                                                          NC
                     :::::<<<--<<<<<<_________>>>>>>-->>> CS
  patent_aligned   1 GGUCAGACCCUGGUCCGGGGCAAUGGGACCACUGUU 36 
                     GGUC GACC  GG CC  GGCAA GGG CC CUGUU
  ind_0027_00027 147 GGUCUGACCACGGUCCAAGGCAACGGGGCCGCUGUU 182
                     ************************************ PP

>> ind_0027_00004  
 rank     E-value  score  bias mdl mdl from   mdl to       seq from      seq to       acc trunc   gc
 ----   --------- ------ ----- --- -------- --------    ----------- -----------      ---- ----- ----
  (2) !   1.1e-06   29.9   0.0  cm        1       36 []         147         182 + .. 1.00    no 0.69

                                                          NC
                     :::::<<<--<<<<<<_________>>>>>>-->>> CS
  patent_aligned   1 GGUCAGACCCUGGUCCGGGGCAAUGGGACCACUGUU 36 
                     GGUC GACC  GG CC  GGCAA GGG CC CUGUU
  ind_0027_00004 147 GGUCUGACCACGGUCCCAGGCAACGGGGCCGCUGUU 182
                     ************************************ PP

>> ind_0027_00037  
 rank     E-value  score  bias mdl mdl from   mdl to       seq from      seq to       acc trunc   gc
 ----   --------- ------ ----- --- -------- --------    ----------- -----------      ---- ----- ----
  (3) !   1.1e-06   29.9   0.0  cm        1       36 []         147         182 + .. 1.00    no 0.69

                                                          NC
                     :::::<<<--<<<<<<_________>>>>>>-->>> CS
  patent_aligned   1 GGUCAGACCCUGGUCCGGGGCAAUGGGACCACUGUU 36 
                     GGUC GACC  GG CC  GGCAA GGG CC CUGUU
  ind_0027_00037 147 GGUCUGACCACGGUCCCAGGCAACGGGGCCGCUGUU 182
                     ************************************ PP

>> ind_0027_00002  
 rank     E-value  score  bias mdl mdl from   mdl to       seq from      seq to       acc trunc   gc
 ----   --------- ------ ----- --- -------- --------    ----------- -----------      ---- ----- ----
  (4) !   1.6e-06   29.3   0.0  cm        1       36 []         147         182 + .. 1.00    no 0.64

                                                          NC
                     :::::<<<--<<<<<<_________>>>>>>-->>> CS
  patent_aligned   1 GGUCAGACCCUGGUCCGGGGCAAUGGGACCACUGUU 36 
                     GGUC GACC  GG CC  GGCAA GGG CC CUGUU
  ind_0027_00002 147 GGUCUGACCAUGGUCCAAGGCAACGGGGCCGCUGUU 182
                     ************************************ PP

>> ind_0027_00003  
 rank     E-value  score  bias mdl mdl from   mdl to       seq from      seq to       acc trunc   gc
 ----   --------- ------ ----- --- -------- --------    ----------- -----------      ---- ----- ----
  (5) !   1.6e-06   29.3   0.0  cm        1       36 []         147         182 + .. 1.00    no 0.64

                                                          NC
                     :::::<<<--<<<<<<_________>>>>>>-->>> CS
  patent_aligned   1 GGUCAGACCCUGGUCCGGGGCAAUGGGACCACUGUU 36 
                     GGUC GACC  GG CC  GGCAA GGG CC CUGUU
  ind_0027_00003 147 GGUCUGACCAUGGUCCAAGGCAACGGGGCCGCUGUU 182
                     ************************************ PP

>> ind_0027_00006  
 rank     E-value  score  bias mdl mdl from   mdl to       seq from      seq to       acc trunc   gc
 ----   --------- ------ ----- --- -------- --------    ----------- -----------      ---- ----- ----
  (6) !   1.6e-06   29.3   0.0  cm        1       36 []         147         182 + .. 1.00    no 0.64

                                                          NC
                     :::::<<<--<<<<<<_________>>>>>>-->>> CS
  patent_aligned   1 GGUCAGACCCUGGUCCGGGGCAAUGGGACCACUGUU 36 
                     GGUC GACC  GG CC  GGCAA GGG CC CUGUU
  ind_0027_00006 147 GGUCUGACCAUGGUCCAAGGCAACGGGGCCGCUGUU 182
                     ************************************ PP

>> ind_0027_00008  
 rank     E-value  score  bias mdl mdl from   mdl to       seq from      seq to       acc trunc   gc
 ----   --------- ------ ----- --- -------- --------    ----------- -----------      ---- ----- ----
  (7) !   1.6e-06   29.3   0.0  cm        1       36 []         147         182 + .. 1.00    no 0.64

                                                          NC
                     :::::<<<--<<<<<<_________>>>>>>-->>> CS
  patent_aligned   1 GGUCAGACCCUGGUCCGGGGCAAUGGGACCACUGUU 36 
                     GGUC GACC  GG CC  GGCAA GGG CC CUGUU
  ind_0027_00008 147 GGUCUGACCAUGGUCCAAGGCAACGGGGCCGCUGUU 182
                     ************************************ PP

>> ind_0027_00010  
 rank     E-value  score  bias mdl mdl from   mdl to       seq from      seq to       acc trunc   gc
 ----   --------- ------ ----- --- -------- --------    ----------- -----------      ---- ----- ----
  (8) !   1.6e-06   29.3   0.0  cm        1       36 []         147         182 + .. 1.00    no 0.64

                                                          NC
                     :::::<<<--<<<<<<_________>>>>>>-->>> CS
  patent_aligned   1 GGUCAGACCCUGGUCCGGGGCAAUGGGACCACUGUU 36 
                     GGUC GACC  GG CC  GGCAA GGG CC CUGUU
  ind_0027_00010 147 GGUCUGACCAUGGUCCAAGGCAACGGGGCCGCUGUU 182
                     ************************************ PP

>> ind_0027_00033  
 rank     E-value  score  bias mdl mdl from   mdl to       seq from      seq to       acc trunc   gc
 ----   --------- ------ ----- --- -------- --------    ----------- -----------      ---- ----- ----
  (9) !   1.6e-06   29.3   0.0  cm        1       36 []         147         182 + .. 1.00    no 0.64

                                                          NC
                     :::::<<<--<<<<<<_________>>>>>>-->>> CS
  patent_aligned   1 GGUCAGACCCUGGUCCGGGGCAAUGGGACCACUGUU 36 
                     GGUC GACC  GG CC  GGCAA GGG CC CUGUU
  ind_0027_00033 147 GGUCUGACCAUGGUCCAAGGCAACGGGGCCGCUGUU 182
                     ************************************ PP

>> ind_0027_00034  
 rank     E-value  score  bias mdl mdl from   mdl to       seq from      seq to       acc trunc   gc
 ----   --------- ------ ----- --- -------- --------    ----------- -----------      ---- ----- ----
 (10) !   1.6e-06   29.3   0.0  cm        1       36 []         147         182 + .. 1.00    no 0.64

                                                          NC
                     :::::<<<--<<<<<<_________>>>>>>-->>> CS
  patent_aligned   1 GGUCAGACCCUGGUCCGGGGCAAUGGGACCACUGUU 36 
                     GGUC GACC  GG CC  GGCAA GGG CC CUGUU
  ind_0027_00034 147 GGUCUGACCAUGGUCCAAGGCAACGGGGCCGCUGUU 182
                     ************************************ PP

>> ind_0027_00044  
 rank     E-value  score  bias mdl mdl from   mdl to       seq from      seq to       acc trunc   gc
 ----   --------- ------ ----- --- -------- --------    ----------- -----------      ---- ----- ----
 (11) !   1.6e-06   29.3   0.0  cm        1       36 []         147         182 + .. 1.00    no 0.64

                                                          NC
                     :::::<<<--<<<<<<_________>>>>>>-->>> CS
  patent_aligned   1 GGUCAGACCCUGGUCCGGGGCAAUGGGACCACUGUU 36 
                     GGUC GACC  GG CC  GGCAA GGG CC CUGUU
  ind_0027_00044 147 GGUCUGACCAUGGUCCAAGGCAACGGGGCCGCUGUU 182
                     ************************************ PP

>> ind_0027_00000  
 rank     E-value  score  bias mdl mdl from   mdl to       seq from      seq to       acc trunc   gc
 ----   --------- ------ ----- --- -------- --------    ----------- -----------      ---- ----- ----
 (12) !   3.6e-06   28.0   0.0  cm        1       36 []         147         182 + .. 1.00    no 0.67

                                                          NC
                     :::::<<<--<<<<<<_________>>>>>>-->>> CS
  patent_aligned   1 GGUCAGACCCUGGUCCGGGGCAAUGGGACCACUGUU 36 
                     GGUC GACC  GG CC  GGCAA GGG CC CUGUU
  ind_0027_00000 147 GGUCUGACCAUGGUCCCAGGCAACGGGGCCGCUGUU 182
                     ************************************ PP

>> ind_0027_00001  
 rank     E-value  score  bias mdl mdl from   mdl to       seq from      seq to       acc trunc   gc
 ----   --------- ------ ----- --- -------- --------    ----------- -----------      ---- ----- ----
 (13) !   3.6e-06   28.0   0.0  cm        1       36 []         147         182 + .. 1.00    no 0.67

                                                          NC
                     :::::<<<--<<<<<<_________>>>>>>-->>> CS
  patent_aligned   1 GGUCAGACCCUGGUCCGGGGCAAUGGGACCACUGUU 36 
                     GGUC GACC  GG CC  GGCAA GGG CC CUGUU
  ind_0027_00001 147 GGUCUGACCAUGGUCCCAGGCAACGGGGCCGCUGUU 182
                     ************************************ PP

>> ind_0027_00018  
 rank     E-value  score  bias mdl mdl from   mdl to       seq from      seq to       acc trunc   gc
 ----   --------- ------ ----- --- -------- --------    ----------- -----------      ---- ----- ----
 (14) !   3.6e-06   28.0   0.0  cm        1       36 []         147         182 + .. 1.00    no 0.67

                                                          NC
                     :::::<<<--<<<<<<_________>>>>>>-->>> CS
  patent_aligned   1 GGUCAGACCCUGGUCCGGGGCAAUGGGACCACUGUU 36 
                     GGUC GACC  GG CC  GGCAA GGG CC CUGUU
  ind_0027_00018 147 GGUCUGACCAUGGUCCCAGGCAACGGGGCCGCUGUU 182
                     ************************************ PP

>> ind_0027_00032  
 rank     E-value  score  bias mdl mdl from   mdl to       seq from      seq to       acc trunc   gc
 ----   --------- ------ ----- --- -------- --------    ----------- -----------      ---- ----- ----
 (15) !   3.6e-06   28.0   0.0  cm        1       36 []         147         182 + .. 1.00    no 0.67

                                                          NC
                     :::::<<<--<<<<<<_________>>>>>>-->>> CS
  patent_aligned   1 GGUCAGACCCUGGUCCGGGGCAAUGGGACCACUGUU 36 
                     GGUC GACC  GG CC  GGCAA GGG CC CUGUU
  ind_0027_00032 147 GGUCUGACCAUGGUCCCAGGCAACGGGGCCGCUGUU 182
                     ************************************ PP

>> ind_0027_00035  
 rank     E-value  score  bias mdl mdl from   mdl to       seq from      seq to       acc trunc   gc
 ----   --------- ------ ----- --- -------- --------    ----------- -----------      ---- ----- ----
 (16) !   3.6e-06   28.0   0.0  cm        1       36 []         147         182 + .. 1.00    no 0.67

                                                          NC
                     :::::<<<--<<<<<<_________>>>>>>-->>> CS
  patent_aligned   1 GGUCAGACCCUGGUCCGGGGCAAUGGGACCACUGUU 36 
                     GGUC GACC  GG CC  GGCAA GGG CC CUGUU
  ind_0027_00035 147 GGUCUGACCAUGGUCCCAGGCAACGGGGCCGCUGUU 182
                     ************************************ PP

>> ind_0027_00030  
 rank     E-value  score  bias mdl mdl from   mdl to       seq from      seq to       acc trunc   gc
 ----   --------- ------ ----- --- -------- --------    ----------- -----------      ---- ----- ----
 (17) !   4.4e-06   27.6   0.0  cm        1       36 []         147         182 + .. 1.00    no 0.69

                                                          NC
                     :::::<<<--<<<<<<_________>>>>>>-->>> CS
  patent_aligned   1 GGUCAGACCCUGGUCCGGGGCAAUGGGACCACUGUU 36 
                     GGUC GACC  GG CC  GGCAA GGG CC CUGUU
  ind_0027_00030 147 GGUCCGACCAUGGUCCCAGGCAACGGGGCCGCUGUU 182
                     ************************************ PP

>> ind_0027_00026  
 rank     E-value  score  bias mdl mdl from   mdl to       seq from      seq to       acc trunc   gc
 ----   --------- ------ ----- --- -------- --------    ----------- -----------      ---- ----- ----
 (18) !   5.6e-06   27.2   0.0  cm        1       36 []         147         182 + .. 1.00    no 0.67

                                                          NC
                     :::::<<<--<<<<<<_________>>>>>>-->>> CS
  patent_aligned   1 GGUCAGACCCUGGUCCGGGGCAAUGGGACCACUGUU 36 
                     GGUC GACC  GG CC  GGCAA GGG CC CUGUU
  ind_0027_00026 147 GGUCUGACCAUGGUCCCUGGCAACGGGGCCGCUGUU 182
                     ************************************ PP

>> ind_0027_00009  
 rank     E-value  score  bias mdl mdl from   mdl to       seq from      seq to       acc trunc   gc
 ----   --------- ------ ----- --- -------- --------    ----------- -----------      ---- ----- ----
 (19) !   1.2e-05   25.9   0.0  cm        1       36 []         147         182 + .. 0.99    no 0.72

                                  v             v         NC
                     :::::<<<--<<<<<<_________>>>>>>-->>> CS
  patent_aligned   1 GGUCAGACCCUGGUCCGGGGCAAUGGGACCACUGUU 36 
                     GGUC GACC  GG CC  GGCAA GGG CC CUGUU
  ind_0027_00009 147 GGUCUGACCACGGGCCCAGGCAACGGGGCCGCUGUU 182
                     *************9**9******************* PP

>> ind_0027_00014  
 rank     E-value  score  bias mdl mdl from   mdl to       seq from      seq to       acc trunc   gc
 ----   --------- ------ ----- --- -------- --------    ----------- -----------      ---- ----- ----
 (20) !   2.2e-05   25.0   0.0  cm        1       36 []         147         182 + .. 1.00    no 0.67

                                 v               v        NC
                     :::::<<<--<<<<<<_________>>>>>>-->>> CS
  patent_aligned   1 GGUCAGACCCUGGUCCGGGGCAAUGGGACCACUGUU 36 
                     GGUC GACC  G  CCG GGCAA GGG  C CUGUU
  ind_0027_00014 147 GGUCUGACCAUGGUCCGAGGCAACGGGGGCGCUGUU 182
                     ************************************ PP

>> ind_0027_00046  
 rank     E-value  score  bias mdl mdl from   mdl to       seq from      seq to       acc trunc   gc
 ----   --------- ------ ----- --- -------- --------    ----------- -----------      ---- ----- ----
 (21) !   2.2e-05   25.0   0.0  cm        1       36 []         147         182 + .. 1.00    no 0.67

                                 v               v        NC
                     :::::<<<--<<<<<<_________>>>>>>-->>> CS
  patent_aligned   1 GGUCAGACCCUGGUCCGGGGCAAUGGGACCACUGUU 36 
                     GGUC GACC  G  CCG GGCAA GGG  C CUGUU
  ind_0027_00046 147 GGUCUGACCAUGGUCCGAGGCAACGGGGGCGCUGUU 182
                     ************************************ PP

>> ind_0027_00016  
 rank     E-value  score  bias mdl mdl from   mdl to       seq from      seq to       acc trunc   gc
 ----   --------- ------ ----- --- -------- --------    ----------- -----------      ---- ----- ----
 (22) !   2.4e-05   24.9   0.0  cm        1       36 []         147         181 + .. 1.00    no 0.66

                          v                             v NC
                     :::::<<<--<<<<<<_________>>>>>>-->>> CS
  patent_aligned   1 GGUCAGACCCUGGUCCGGGGCAAUGGGACCACUGUU 36 
                     GGUC GACC  GG CC  GGCAA GGG CC CUGU 
  ind_0027_00016 147 GGUCUGACCAUGGUCCAAGGCAACGGGGCCGCUGU- 181
                     ***********************************. PP

>> ind_0027_00028  
 rank     E-value  score  bias mdl mdl from   mdl to       seq from      seq to       acc trunc   gc
 ----   --------- ------ ----- --- -------- --------    ----------- -----------      ---- ----- ----
 (23) !   2.4e-05   24.9   0.0  cm        1       36 []         147         182 + .. 1.00    no 0.67

                               v                   v      NC
                     :::::<<<--<<<<<<_________>>>>>>-->>> CS
  patent_aligned   1 GGUCAGACCCUGGUCCGGGGCAAUGGGACCACUGUU 36 
                     GGUC GACC  GG CC  GGCAA GGG CC CUGUU
  ind_0027_00028 147 GGUCUGACCACGGUCCCUGGCAACGGGGCCACUGUU 182
                     ************************************ PP

>> ind_0027_00031  
 rank     E-value  score  bias mdl mdl from   mdl to       seq from      seq to       acc trunc   gc
 ----   --------- ------ ----- --- -------- --------    ----------- -----------      ---- ----- ----
 (24) !   2.8e-05   24.6   0.0  cm        1       36 []         147         182 + .. 1.00    no 0.64

                                                          NC
                     :::::<<<--<<<<<<_________>>>>>>-->>> CS
  patent_aligned   1 GGUCAGACCCUGGUCCGGGGCAAUGGGACCACUGUU 36 
                     GGUC GACC  GG CC  GGCAA GGG CC C GUU
  ind_0027_00031 147 GGUCUGACCAUGGUCCAAGGCAACGGGGCCGCAGUU 182
                     ************************************ PP

>> ind_0027_00040  
 rank     E-value  score  bias mdl mdl from   mdl to       seq from      seq to       acc trunc   gc
 ----   --------- ------ ----- --- -------- --------    ----------- -----------      ---- ----- ----
 (25) !   3.7e-05   24.2   0.0  cm        1       36 []         147         182 + .. 0.99    no 0.67

                                                          NC
                     :::::<<<--<<<<<<_________>>>>>>-->>> CS
  patent_aligned   1 GGUCAGACCCUGGUCCGGGGCAAUGGGACCACUGUU 36 
                     GGUC GACC  GG CC  GGCA  GGG CC CUGUU
  ind_0027_00040 147 GGUCUGACCAUGGUCCAAGGCAGCGGGGCCGCUGUU 182
                     **********************999*********** PP

>> ind_0027_00015  
 rank     E-value  score  bias mdl mdl from   mdl to       seq from      seq to       acc trunc   gc
 ----   --------- ------ ----- --- -------- --------    ----------- -----------      ---- ----- ----
 (26) !   3.8e-05   24.1   0.0  cm        1       36 []         147         182 + .. 1.00    no 0.67

                                                          NC
                     :::::<<<--<<<<<<_________>>>>>>-->>> CS
  patent_aligned   1 GGUCAGACCCUGGUCCGGGGCAAUGGGACCACUGUU 36 
                     GG C GACC  GG CC  GGCAA GGG CC CUGUU
  ind_0027_00015 147 GGGCUGACCAUGGUCCAAGGCAACGGGGCCGCUGUU 182
                     ************************************ PP

>> ind_0027_00048  
 rank     E-value  score  bias mdl mdl from   mdl to       seq from      seq to       acc trunc   gc
 ----   --------- ------ ----- --- -------- --------    ----------- -----------      ---- ----- ----
 (27) !   6.7e-05   23.2   0.0  cm        1       36 []         147         182 + .. 1.00    no 0.67

                            v                         v   NC
                     :::::<<<--<<<<<<_________>>>>>>-->>> CS
  patent_aligned   1 GGUCAGACCCUGGUCCGGGGCAAUGGGACCACUGUU 36 
                     GGUC GA C  GG CCG GGCAA GGG CC CU UU
  ind_0027_00048 147 GGUCUGACCAUGGUCCGUGGCAAGGGGGCCGCUCUU 182
                     ************************************ PP

>> ind_0027_00024  
 rank     E-value  score  bias mdl mdl from   mdl to       seq from      seq to       acc trunc   gc
 ----   --------- ------ ----- --- -------- --------    ----------- -----------      ---- ----- ----
 (28) !   8.4e-05   22.8   0.0  cm        1       36 []         147         182 + .. 0.99    no 0.69

                                                          NC
                     :::::<<<--<<<<<<_________>>>>>>-->>> CS
  patent_aligned   1 GGUCAGACCCUGGUCCGGGGCAAUGGGACCACUGUU 36 
                     GGUC GACC  GG CC  GGCA  GGG CC CUGUU
  ind_0027_00024 147 GGUCUGACCAUGGUCCCAGGCAGCGGGGCCGCUGUU 182
                     **********************999*********** PP

>> ind_0027_00025  
 rank     E-value  score  bias mdl mdl from   mdl to       seq from      seq to       acc trunc   gc
 ----   --------- ------ ----- --- -------- --------    ----------- -----------      ---- ----- ----
 (29) !    0.0001   22.5   0.0  cm        1       36 []         147         182 + .. 1.00    no 0.64

                                                          NC
                     :::::<<<--<<<<<<_________>>>>>>-->>> CS
  patent_aligned   1 GGUCAGACCCUGGUCCGGGGCAAUGGGACCACUGUU 36 
                     GGUC GACC   G CC  GGCAA GGG C  CUGUU
  ind_0027_00025 147 GGUCUGACCAUGGUCCCAGGCAACGGGGCUGCUGUU 182
                     ************************************ PP

>> ind_0027_00047  
 rank     E-value  score  bias mdl mdl from   mdl to       seq from      seq to       acc trunc   gc
 ----   --------- ------ ----- --- -------- --------    ----------- -----------      ---- ----- ----
 (30) !   0.00011   22.3   0.0  cm        1       36 []         147         182 + .. 1.00    no 0.67

                                                          NC
                     :::::<<<--<<<<<<_________>>>>>>-->>> CS
  patent_aligned   1 GGUCAGACCCUGGUCCGGGGCAAUGGGACCACUGUU 36 
                     GGU  GACC  GG CC  GGCAA GGG CC CUGUU
  ind_0027_00047 147 GGUACGACCAUGGUCCCAGGCAACGGGGCCGCUGUU 182
                     ************************************ PP

>> ind_0027_00012  
 rank     E-value  score  bias mdl mdl from   mdl to       seq from      seq to       acc trunc   gc
 ----   --------- ------ ----- --- -------- --------    ----------- -----------      ---- ----- ----
 (31) !   0.00015   21.9   0.0  cm        1       36 []         147         182 + .. 1.00    no 0.67

                                                          NC
                     :::::<<<--<<<<<<_________>>>>>>-->>> CS
  patent_aligned   1 GGUCAGACCCUGGUCCGGGGCAAUGGGACCACUGUU 36 
                     GGU  GACC  GG CC  GGCAA GGG CC CUGUU
  ind_0027_00012 147 GGUGUGACCAUGGUCCCAGGCAACGGGGCCGCUGUU 182
                     ************************************ PP

>> ind_0027_00005  
 rank     E-value  score  bias mdl mdl from   mdl to       seq from      seq to       acc trunc   gc
 ----   --------- ------ ----- --- -------- --------    ----------- -----------      ---- ----- ----
 (32) !   0.00019   21.5   0.0  cm        1       36 []         147         182 + .. 0.98    no 0.69

                                                          NC
                     :::::<<<--<<<<<<_________>>>>>>-->>> CS
  patent_aligned   1 GGUCAGACCCUGGUCCGGGGCAAUGGGACCACUGUU 36 
                     GGUC GACC  GG CC   GCAA GGG CC CUGUU
  ind_0027_00005 147 GGUCCGACCAUGGUCCCACGCAACGGGGCCGCUGUU 182
                     ****************999999999*********** PP

>> ind_0027_00023  
 rank     E-value  score  bias mdl mdl from   mdl to       seq from      seq to       acc trunc   gc
 ----   --------- ------ ----- --- -------- --------    ----------- -----------      ---- ----- ----
 (33) !   0.00029   20.8   0.0  cm        1       36 []         147         182 + .. 0.98    no 0.64

                                v                 v       NC
                     :::::<<<--<<<<<<_________>>>>>>-->>> CS
  patent_aligned   1 GGUCAGACCCUGGUCCGGGGCAAUGGGACCACUGUU 36 
                     GGUC GACC   G CC GGGCAA  GG C  CUGUU
  ind_0027_00023 147 GGUCUGACCAUAGUCCAGGGCAACCGGGCCGCUGUU 182
                     **********************977*********** PP

>> ind_0027_00013  
 rank     E-value  score  bias mdl mdl from   mdl to       seq from      seq to       acc trunc   gc
 ----   --------- ------ ----- --- -------- --------    ----------- -----------      ---- ----- ----
 (34) !   0.00035   20.5   0.0  cm        1       36 []         147         182 + .. 0.98    no 0.69

                                    v         v           NC
                     :::::<<<--<<<<<<_________>>>>>>-->>> CS
  patent_aligned   1 GGUCAGACCCUGGUCCGGGGCAAUGGGACCACUGUU 36 
                     GGUC GACC  GG C   GGCAA G G CC CUGUU
  ind_0027_00013 147 GGUCUGACCACGGUCCCAGGCAACGCGGCCGCUGUU 182
                     ***************999***9999999******** PP

>> ind_0027_00017  
 rank     E-value  score  bias mdl mdl from   mdl to       seq from      seq to       acc trunc   gc
 ----   --------- ------ ----- --- -------- --------    ----------- -----------      ---- ----- ----
 (35) !   0.00039   20.3   0.0  cm        1       36 []         147         182 + .. 1.00    no 0.64

                                v                 v       NC
                     :::::<<<--<<<<<<_________>>>>>>-->>> CS
  patent_aligned   1 GGUCAGACCCUGGUCCGGGGCAAUGGGACCACUGUU 36 
                     GGUC GACC   G CC  GGCAA GGG C  CUGUU
  ind_0027_00017 147 GGUCUGACCAUAGUCCCAGGCAACGGGGCCGCUGUU 182
                     ************************************ PP

>> ind_0027_00043  
 rank     E-value  score  bias mdl mdl from   mdl to       seq from      seq to       acc trunc   gc
 ----   --------- ------ ----- --- -------- --------    ----------- -----------      ---- ----- ----
 (36) !   0.00043   20.1   0.0  cm        1       36 []         147         182 + .. 1.00    no 0.61

                                 v               v        NC
                     :::::<<<--<<<<<<_________>>>>>>-->>> CS
  patent_aligned   1 GGUCAGACCCUGGUCCGGGGCAAUGGGACCACUGUU 36 
                     GGUC GACC  G  CC  GGCAA GGG  C CUGUU
  ind_0027_00043 147 GGUCUGACCAUGUUCCAAGGCAACGGGGCCGCUGUU 182
                     ************************************ PP

>> ind_0027_00019  
 rank     E-value  score  bias mdl mdl from   mdl to       seq from      seq to       acc trunc   gc
 ----   --------- ------ ----- --- -------- --------    ----------- -----------      ---- ----- ----
 (37) !   0.00072   19.3   0.0  cm        1       36 []         147         182 + .. 0.99    no 0.67

                                   v           v          NC
                     :::::<<<--<<<<<<_________>>>>>>-->>> CS
  patent_aligned   1 GGUCAGACCCUGGUCCGGGGCAAUGGGACCACUGUU 36 
                     GGUC GACC  GG  C  GGCAA GG  CC CUGUU
  ind_0027_00019 147 GGUCGGACCAUGGUCCCAGGCAACGGUGCCGCUGUU 182
                     ************************************ PP

>> ind_0027_00011  
 rank     E-value  score  bias mdl mdl from   mdl to       seq from      seq to       acc trunc   gc
 ----   --------- ------ ----- --- -------- --------    ----------- -----------      ---- ----- ----
 (38) !   0.00073   19.3   0.0  cm        1       36 []         147         182 + .. 1.00    no 0.58

                            v                         v   NC
                     :::::<<<--<<<<<<_________>>>>>>-->>> CS
  patent_aligned   1 GGUCAGACCCUGGUCCGGGGCAAUGGGACCACUGUU 36 
                     GGUC :A C  GG CC  GGCAA GGG CC CU U:
  ind_0027_00011 147 GGUCUAACCAUGGUCCAAGGCAACGGGGCCGCUAUU 182
                     ************************************ PP

>> ind_0027_00029  
 rank     E-value  score  bias mdl mdl from   mdl to       seq from      seq to       acc trunc   gc
 ----   --------- ------ ----- --- -------- --------    ----------- -----------      ---- ----- ----
 (39) !    0.0014   18.3   0.0  cm        1       36 []         147         182 + .. 1.00    no 0.67

                           v                           v  NC
                     :::::<<<--<<<<<<_________>>>>>>-->>> CS
  patent_aligned   1 GGUCAGACCCUGGUCCGGGGCAAUGGGACCACUGUU 36 
                      GUC G CC  GG CC  GGCAA GGG CC CUG U
  ind_0027_00029 147 UGUCUGUCCACGGUCCCAGGCAACGGGGCCGCUGUU 182
                     ************************************ PP

>> ind_0027_00049  
 rank     E-value  score  bias mdl mdl from   mdl to       seq from      seq to       acc trunc   gc
 ----   --------- ------ ----- --- -------- --------    ----------- -----------      ---- ----- ----
 (40) !     0.002   17.6   0.0  cm        1       36 []         147         182 + .. 0.98    no 0.67

                               v                   v      NC
                     :::::<<<--<<<<<<_________>>>>>>-->>> CS
  patent_aligned   1 GGUCAGACCCUGGUCCGGGGCAAUGGGACCACUGUU 36 
                     GGUC GACC  GG CC   GCAA GGG CC CUGUU
  ind_0027_00049 147 GGUCUGACCAUGGUCCCACGCAACGGGGCCCCUGUU 182
                     ****************999999999*********** PP

>> ind_0027_00036  
 rank     E-value  score  bias mdl mdl from   mdl to       seq from      seq to       acc trunc   gc
 ----   --------- ------ ----- --- -------- --------    ----------- -----------      ---- ----- ----
 (41) !     0.003   17.0   0.0  cm        1       36 []         147         182 + .. 0.92    no 0.67

                                                            NC
                     :::::<<<--<<<<<<_____~~~~~>>>>>>.-->>> CS
  patent_aligned   1 GGUCAGACCCUGGUCCGGGGC*[4]*GGACCA.CUGUU 36 
                     GGUC GACC UGG CC  GGC     GG CCA CUGUU
  ind_0027_00036 147 GGUCUGACCAUGGUCCCAGGC*[3]*GGGCCAgCUGUU 182
                     ****************66666..7..999********* PP

>> ind_0027_00021  
 rank     E-value  score  bias mdl mdl from   mdl to       seq from      seq to       acc trunc   gc
 ----   --------- ------ ----- --- -------- --------    ----------- -----------      ---- ----- ----
 (42) !    0.0036   16.6   0.0  cm        1       36 []         147         182 + .. 0.99    no 0.67

                            v                         v   NC
                     :::::<<<--<<<<<<_________>>>>>>-->>> CS
  patent_aligned   1 GGUCAGACCCUGGUCCGGGGCAAUGGGACCACUGUU 36 
                     GGUC GA C  GG CC  GGC A GGG CC CU UU
  ind_0027_00021 147 GGUCUGAGCACGGUCCAAGGCUACGGGGCCGCUGUU 182
                     *********************999************ PP

>> ind_0027_00007  
 rank     E-value  score  bias mdl mdl from   mdl to       seq from      seq to       acc trunc   gc
 ----   --------- ------ ----- --- -------- --------    ----------- -----------      ---- ----- ----
 (43) !    0.0037   16.6   0.0  cm        1       36 []         147         182 + .. 1.00    no 0.64

                           v                           v  NC
                     :::::<<<--<<<<<<_________>>>>>>-->>> CS
  patent_aligned   1 GGUCAGACCCUGGUCCGGGGCAAUGGGACCACUGUU 36 
                     G UC G CC  GG CC  GGCAA GGG CC CUG U
  ind_0027_00007 147 GCUCUGUCCAUGGUCCAAGGCAACGGGGCCGCUGUU 182
                     ************************************ PP

>> ind_0027_00045  
 rank     E-value  score  bias mdl mdl from   mdl to       seq from      seq to       acc trunc   gc
 ----   --------- ------ ----- --- -------- --------    ----------- -----------      ---- ----- ----
 (44) !    0.0094   15.1   0.0  cm        1       36 []         147         182 + .. 0.95    no 0.64

                                  v v         v v         NC
                     :::::<<<--<<<<<<_________>>>>>>-->>> CS
  patent_aligned   1 GGUCAGACCCUGGUCCGGGGCAAUGGGACCACUGUU 36 
                     GGUC GACC  GG C   GGCAA G G CC CUGUU
  ind_0027_00045 147 GGUCUGACCAUGGUCCCAGGCAACGUGCCCGCUGUU 182
                     *************999999999999999******** PP

>> ind_0027_00038  
 rank     E-value  score  bias mdl mdl from   mdl to       seq from      seq to       acc trunc   gc
 ----   --------- ------ ----- --- -------- --------    ----------- -----------      ---- ----- ----
 (45) ?      0.02   13.8   0.0  cm        1       36 []         147         182 + .. 0.98    no 0.69

                                 v               v        NC
                     :::::<<<--<<<<<<_________>>>>>>-->>> CS
  patent_aligned   1 GGUCAGACCCUGGUCCGGGGCAAUGGGACCACUGUU 36 
                     GGUC GACC  G  CC  GGC A GGG  C CUGUU
  ind_0027_00038 147 GGUCUGACCAUGCUCCCAGGCGACGGGGCCGCUGUU 182
                     ****************999999999*********** PP

>> ind_0027_00044  
 rank     E-value  score  bias mdl mdl from   mdl to       seq from      seq to       acc trunc   gc
 ----   --------- ------ ----- --- -------- --------    ----------- -----------      ---- ----- ----
 (46) ?     0.035   12.9   0.0  cm        1       36 []         155         138 - .. 0.91    no 0.50

                                        NC
                     :::::<<<-~~~~~~>>> CS
  patent_aligned   1 GGUCAGACC*[24]*GUU 36 
                     GGUCAGACC      GUU
  ind_0027_00044 155 GGUCAGACC*[ 6]*GUU 138
                     ********9...7..*** PP

>> ind_0027_00022  
 rank     E-value  score  bias mdl mdl from   mdl to       seq from      seq to       acc trunc   gc
 ----   --------- ------ ----- --- -------- --------    ----------- -----------      ---- ----- ----
 (47) ?     0.045   12.5   0.0  cm        1       36 []         147         182 + .. 0.99    no 0.67

                                 v               v        NC
                     :::::<<<--<<<<<<_________>>>>>>-->>> CS
  patent_aligned   1 GGUCAGACCCUGGUCCGGGGCAAUGGGACCACUGUU 36 
                     GG C GACC  G  CC  GGC A GGG  C CUGUU
  ind_0027_00022 147 GGCCUGACCACGUUCCAAGGCUACGGGGCCGCUGUU 182
                     *********************9999*********** PP

>> ind_0027_00038  
 rank     E-value  score  bias mdl mdl from   mdl to       seq from      seq to       acc trunc   gc
 ----   --------- ------ ----- --- -------- --------    ----------- -----------      ---- ----- ----
 (48) ?     0.045   12.5   0.0  cm        1       36 []         155         141 - .. 0.98    no 0.53

                                        NC
                     :::::<<<-~~~~~~>>> CS
  patent_aligned   1 GGUCAGACC*[24]*GUU 36 
                     GGUCAGACC      GUU
  ind_0027_00038 155 GGUCAGACC*[ 3]*GUU 141
                     ********8...9..*** PP

>> ind_0027_00016  
 rank     E-value  score  bias mdl mdl from   mdl to       seq from      seq to       acc trunc   gc
 ----   --------- ------ ----- --- -------- --------    ----------- -----------      ---- ----- ----
 (49) ?     0.047   12.5   0.0  cm        1       36 []         155         140 - .. 0.97    no 0.56

                                        NC
                     :::::<<<-~~~~~~>>> CS
  patent_aligned   1 GGUCAGACC*[24]*GUU 36 
                     GGUCAGACC      GUU
  ind_0027_00016 155 GGUCAGACC*[ 4]*GUU 140
                     ********8...*..*** PP

>> ind_0027_00017  
 rank     E-value  score  bias mdl mdl from   mdl to       seq from      seq to       acc trunc   gc
 ----   --------- ------ ----- --- -------- --------    ----------- -----------      ---- ----- ----
 (50) ?     0.076   11.7   0.0  cm        1       36 []         155         130 - .. 0.97    no 0.50

                                        NC
                     :::::<<<-~~~~~~>>> CS
  patent_aligned   1 GGUCAGACC*[24]*GUU 36 
                     GGUCAGACC      GUU
  ind_0027_00017 155 GGUCAGACC*[14]*GUU 130
                     ********8...9..*** PP

>> ind_0027_00006  
 rank     E-value  score  bias mdl mdl from   mdl to       seq from      seq to       acc trunc   gc
 ----   --------- ------ ----- --- -------- --------    ----------- -----------      ---- ----- ----
 (51) ?     0.079   11.6   0.0  cm        1       36 []         155         119 - .. 0.92    no 0.51

                                         NC
                     :::::<<<--~~~~~~>>> CS
  patent_aligned   1 GGUCAGACCC*[23]*GUU 36 
                     GGUCAGACC       GUU
  ind_0027_00006 155 GGUCAGACCU*[24]*GUU 119
                     ********95...9..*** PP

>> ind_0027_00042  
 rank     E-value  score  bias mdl mdl from   mdl to       seq from      seq to       acc trunc   gc
 ----   --------- ------ ----- --- -------- --------    ----------- -----------      ---- ----- ----
 (52) ?     0.084   11.5   0.0  cm        1       36 []         155         119 - .. 0.92    no 0.49

                                         NC
                     :::::<<<--~~~~~~>>> CS
  patent_aligned   1 GGUCAGACCC*[23]*GUU 36 
                     GGUCAGACC       GUU
  ind_0027_00042 155 GGUCAGACCA*[24]*GUU 119
                     ********95...9..*** PP

>> ind_0027_00001  
 rank     E-value  score  bias mdl mdl from   mdl to       seq from      seq to       acc trunc   gc
 ----   --------- ------ ----- --- -------- --------    ----------- -----------      ---- ----- ----
 (53) ?     0.084   11.5   0.0  cm        1       36 []         155         119 - .. 0.93    no 0.49

                                         NC
                     :::::<<<--~~~~~~>>> CS
  patent_aligned   1 GGUCAGACCC*[23]*GUU 36 
                     GGUCAGACC       GUU
  ind_0027_00001 155 GGUCAGACCA*[24]*GUU 119
                     ********95...9..*** PP

>> ind_0027_00036  
 rank     E-value  score  bias mdl mdl from   mdl to       seq from      seq to       acc trunc   gc
 ----   --------- ------ ----- --- -------- --------    ----------- -----------      ---- ----- ----
 (54) ?      0.11   11.1   0.0  cm        1       36 []         155         124 - .. 0.99    no 0.50

                                        NC
                     :::::<<<-~~~~~~>>> CS
  patent_aligned   1 GGUCAGACC*[24]*GUU 36 
                     GGUCAGACC      GUU
  ind_0027_00036 155 GGUCAGACC*[20]*GUU 124
                     ********8...*..*** PP

>> ind_0027_00045  
 rank     E-value  score  bias mdl mdl from   mdl to       seq from      seq to       acc trunc   gc
 ----   --------- ------ ----- --- -------- --------    ----------- -----------      ---- ----- ----
 (55) ?      0.11   11.1   0.0  cm        1       36 []         155         124 - .. 0.99    no 0.50

                                        NC
                     :::::<<<-~~~~~~>>> CS
  patent_aligned   1 GGUCAGACC*[24]*GUU 36 
                     GGUCAGACC      GUU
  ind_0027_00045 155 GGUCAGACC*[20]*GUU 124
                     ********8...*..*** PP

>> ind_0027_00018  
 rank     E-value  score  bias mdl mdl from   mdl to       seq from      seq to       acc trunc   gc
 ----   --------- ------ ----- --- -------- --------    ----------- -----------      ---- ----- ----
 (56) ?      0.14   10.6   0.0  cm        1       36 []         155         119 - .. 0.99    no 0.46

                                        NC
                     :::::<<<-~~~~~~>>> CS
  patent_aligned   1 GGUCAGACC*[24]*GUU 36 
                     GGUCAGACC      GUU
  ind_0027_00018 155 GGUCAGACC*[25]*GUU 119
                     ********8...*..*** PP

>> ind_0027_00024  
 rank     E-value  score  bias mdl mdl from   mdl to       seq from      seq to       acc trunc   gc
 ----   --------- ------ ----- --- -------- --------    ----------- -----------      ---- ----- ----
 (57) ?      0.14   10.6   0.0  cm        1       36 []         155         119 - .. 0.99    no 0.49

                                        NC
                     :::::<<<-~~~~~~>>> CS
  patent_aligned   1 GGUCAGACC*[24]*GUU 36 
                     GGUCAGACC      GUU
  ind_0027_00024 155 GGUCAGACC*[25]*GUU 119
                     ********8...*..*** PP

>> ind_0027_00018  
 rank     E-value  score  bias mdl mdl from   mdl to       seq from      seq to       acc trunc   gc
 ----   --------- ------ ----- --- -------- --------    ----------- -----------      ---- ----- ----
 (58) ?      0.43    8.8   0.0  cm       14       28 ..          77          94 + .. 0.88    no 0.67

                                       NC
                    <<<_____...____>>> CS
  patent_aligned 14 UCCGGGGC...AAUGGGA 28
                    UCCGGGG    AAUGGGA
  ind_0027_00018 77 UCCGGGGUcgcAAUGGGA 94
                    ******85566******* PP

>> ind_0027_00020  
 rank     E-value  score  bias mdl mdl from   mdl to       seq from      seq to       acc trunc   gc
 ----   --------- ------ ----- --- -------- --------    ----------- -----------      ---- ----- ----
 (59) ?      0.62    8.2   0.0  cm        1       36 []         137         182 + .. 0.97    no 0.63

                           v                           v  NC
                     :::::<<<--<<<<<<___~~~~~~>>>>>>-->>> CS
  patent_aligned   1 GGUCAGACCCUGGUCCGGG*[ 6]*GGACCACUGUU 36 
                     GGU AG CC  GG C GGG       G CC CUG U
  ind_0027_00020 137 GGU-AGUCCUCGGUCUGGG*[17]*GGGCCGCUGUU 182
                     **9.9***********987...*..9********** PP

>> ind_0027_00041  
 rank     E-value  score  bias mdl mdl from   mdl to       seq from      seq to       acc trunc   gc
 ----   --------- ------ ----- --- -------- --------    ----------- -----------      ---- ----- ----
 (60) ?      0.99    7.5   0.0  cm        1       36 []         147         182 + .. 0.95    no 0.67

                                vv               vv       NC
                     :::::<<<--<<<<<<_________>>>>>>-->>> CS
  patent_aligned   1 GGUCAGACCCUGGUCCGGGGCAAUGGGACCACUGUU 36 
                     GGUC GA C     CC  GGCAA GGG    CU UU
  ind_0027_00041 147 GGUCUGAUCUCCCUCCCAGGCAACGGGGCCGCUGUU 182
                     *******999999999999***************** PP

>> ind_0027_00038  
 rank     E-value  score  bias mdl mdl from   mdl to       seq from      seq to       acc trunc   gc
 ----   --------- ------ ----- --- -------- --------    ----------- -----------      ---- ----- ----
 (61) ?        13    3.3   0.0  cm        1       36 []         108          94 - .. 0.91    no 0.67

                                   NC
                     :::::<~~~~~~> CS
  patent_aligned   1 GGUCAG*[29]*U 36 
                     GGUCAG      U
  ind_0027_00038 108 GGUCAG*[ 8]*U 94 
                     *****9...9..9 PP

>> ind_0027_00029  
 rank     E-value  score  bias mdl mdl from   mdl to       seq from      seq to       acc trunc   gc
 ----   --------- ------ ----- --- -------- --------    ----------- -----------      ---- ----- ----
 (62) ?   2.1e+02   -1.3   0.0  cm        1       36 []         140         143 + .. 0.92    no 0.75

                                NC
                     ::::~~~~~~ CS
  patent_aligned   1 GGUC*[32]* 36 
                     GGUC      
  ind_0027_00029 140 GGUC*[ 0]* 143
                     **97...... PP

>> ind_0027_00047  
 rank     E-value  score  bias mdl mdl from   mdl to       seq from      seq to       acc trunc   gc
 ----   --------- ------ ----- --- -------- --------    ----------- -----------      ---- ----- ----
 (63) ?   2.1e+02   -1.3   0.0  cm        1       36 []         140         143 + .. 0.92    no 0.75

                                NC
                     ::::~~~~~~ CS
  patent_aligned   1 GGUC*[32]* 36 
                     GGUC      
  ind_0027_00047 140 GGUC*[ 0]* 143
                     **97...... PP

>> ind_0027_00045  
 rank     E-value  score  bias mdl mdl from   mdl to       seq from      seq to       acc trunc   gc
 ----   --------- ------ ----- --- -------- --------    ----------- -----------      ---- ----- ----
 (64) ?   7.9e+02   -3.5   0.0  cm        1        1 [~         197         197 + .~ 0.99    3' 1.00

                             NC
                     :~~~~~~ CS
  patent_aligned   1 G*[35]> 36 
                     G      
  ind_0027_00045 197 G*[ 0]> 197
                     *...... PP



Internal CM pipeline statistics summary:
----------------------------------------
Query model(s):                                                  1  (36 consensus positions)
Target sequences:                                               50  (19700 residues searched)
Target sequences re-searched for truncated hits:                50  (10200 residues re-searched)
Windows   passing  local HMM SSV           filter:             270  (0.5555); expected (0.35)
Windows   passing  local HMM Viterbi       filter:                  (off)
Windows   passing  local HMM Viterbi  bias filter:                  (off)
Windows   passing  local HMM Forward       filter:             185  (0.402); expected (0.02)
Windows   passing  local HMM Forward  bias filter:             183  (0.3952); expected (0.02)
Windows   passing glocal HMM Forward       filter:             116  (0.2756); expected (0.02)
Windows   passing glocal HMM Forward  bias filter:             112  (0.2619); expected (0.02)
Envelopes passing glocal HMM envelope defn filter:             113  (0.164); expected (0.02)
Envelopes passing  local CM  CYK           filter:             100  (0.1417); expected (0.0001)
Total CM hits reported:                                         64  (0.07037); includes 1 truncated hit(s)

# CPU time: 0.82u 0.00s 00:00:00.82 Elapsed: 00:00:00.83
# Alignment of 44 hits satisfying inclusion thresholds saved to: optimization_a7/100gen/_workspace/cmsearch_logs/gen_0027/patent_cmsearch.sto
//
[ok]
