# cmsearch :: search CM(s) against a sequence database
# INFERNAL 1.1.5 (Sep 2023)
# Copyright (C) 2023 Howard Hughes Medical Institute.
# Freely distributed under the BSD open source license.
# - - - - - - - - - - - - - - - - - - - - - - - - - - - - - - - - - - - -
# query CM file:                         A7_analysis/patent.cm
# target sequence database:              /tmp/tmpbxxhsodd/queries.fa
# output directed to file:               optimization_a7/100gen/_workspace/cmsearch_logs/gen_0007/patent_cmsearch.out
# MSA of significant hits saved to file: optimization_a7/100gen/_workspace/cmsearch_logs/gen_0007/patent_cmsearch.sto
# tabular output of hits:                optimization_a7/100gen/_workspace/cmsearch_logs/gen_0007/patent_cmsearch.tblout
# max ASCII text line length:            unlimited
# sequence reporting threshold:          E-value <= 1000
# number of worker threads:              4
# - - - - - - - - - - - - - - - - - - - - - - - - - - - - - - - - - - - -

Query:       patent_aligned  [CLEN=36]
Hit scores:
 rank     E-value  score  bias  sequence        start    end   mdl trunc   gc  description
 ----   --------- ------ -----  -------------- ------ ------   --- ----- ----  -----------
  (1) !   4.6e-07   31.3   0.0  ind_0007_00021    147    182 +  cm    no 0.53  -
  (2) !   4.9e-07   31.2   0.0  ind_0007_00044    147    182 +  cm    no 0.58  -
  (3) !   2.6e-06   28.5   0.0  ind_0007_00004    147    182 +  cm    no 0.56  -
  (4) !   1.2e-05   26.0   0.0  ind_0007_00013    147    182 +  cm    no 0.58  -
  (5) !   1.7e-05   25.4   0.0  ind_0007_00000    147    182 +  cm    no 0.56  -
  (6) !     3e-05   24.5   0.0  ind_0007_00040    147    182 +  cm    no 0.56  -
  (7) !   3.1e-05   24.4   0.0  ind_0007_00002    147    182 +  cm    no 0.50  -
  (8) !   3.1e-05   24.4   0.0  ind_0007_00003    147    182 +  cm    no 0.50  -
  (9) !   3.1e-05   24.4   0.0  ind_0007_00010    147    182 +  cm    no 0.50  -
 (10) !   4.4e-05   23.8   0.0  ind_0007_00001    147    182 +  cm    no 0.61  -
 (11) !   7.7e-05   23.0   0.0  ind_0007_00014    147    182 +  cm    no 0.53  -
 (12) !   0.00032   20.6   0.0  ind_0007_00018    147    182 +  cm    no 0.53  -
 (13) !   0.00045   20.1   0.0  ind_0007_00043    147    182 +  cm    no 0.47  -
 (14) !   0.00082   19.1   0.0  ind_0007_00009    147    182 +  cm    no 0.47  -
 (15) !   0.00088   19.0   0.0  ind_0007_00048    147    182 +  cm    no 0.53  -
 (16) !    0.0025   17.2   0.0  ind_0007_00046    147    181 +  cm    no 0.60  -
 (17) !     0.003   16.9   0.0  ind_0007_00041    147    171 +  cm    no 0.64  -
 (18) !    0.0036   16.6   0.0  ind_0007_00042    147    182 +  cm    no 0.58  -
 (19) !    0.0038   16.6   0.0  ind_0007_00038    147    182 +  cm    no 0.50  -
 (20) !    0.0048   16.2   0.0  ind_0007_00006    147    182 +  cm    no 0.61  -
 (21) !    0.0048   16.2   0.0  ind_0007_00037    147    182 +  cm    no 0.61  -
 (22) !    0.0059   15.9   0.0  ind_0007_00047    147    182 +  cm    no 0.56  -
 ------ inclusion threshold ------
 (23) ?     0.017   14.1   0.0  ind_0007_00029    147    182 +  cm    no 0.58  -
 (24) ?     0.031   13.1   0.0  ind_0007_00016    147    182 +  cm    no 0.56  -
 (25) ?     0.045   12.5   0.0  ind_0007_00005    147    161 +  cm    no 0.53  -
 (26) ?     0.065   11.9   0.0  ind_0007_00024    147    182 +  cm    no 0.50  -
 (27) ?      0.09   11.4   0.0  ind_0007_00034    147    182 +  cm    no 0.56  -
 (28) ?     0.095   11.3   0.0  ind_0007_00049    147    175 +  cm    no 0.59  -
 (29) ?      0.16   10.5   0.0  ind_0007_00031    147    182 +  cm    no 0.53  -
 (30) ?       0.4    9.0   0.0  ind_0007_00036    147    182 +  cm    no 0.44  -
 (31) ?      0.46    8.7   0.0  ind_0007_00027    147    160 +  cm    no 0.50  -
 (32) ?      0.96    7.5   0.0  ind_0007_00023    147    182 +  cm    no 0.42  -
 (33) ?        10    3.7   0.0  ind_0007_00011    147    197 +  cm    3' 0.63  -
 (34) ?        80    0.3   0.0  ind_0007_00005    165    171 +  cm    no 0.57  -
 (35) ?        80    0.3   0.0  ind_0007_00027    165    171 +  cm    no 0.57  -
 (36) ?   6.4e+02   -3.1   0.0  ind_0007_00027    172    175 +  cm    no 0.50  -
 (37) ?   6.4e+02   -3.1   0.0  ind_0007_00049    179    182 +  cm    no 0.50  -


Hit alignments:
>> ind_0007_00021  
 rank     E-value  score  bias mdl mdl from   mdl to       seq from      seq to       acc trunc   gc
 ----   --------- ------ ----- --- -------- --------    ----------- -----------      ---- ----- ----
  (1) !   4.6e-07   31.3   0.0  cm        1       36 []         147         182 + .. 0.99    no 0.53

                                  v             v         NC
                     :::::<<<--<<<<<<_________>>>>>>-->>> CS
  patent_aligned   1 GGUCAGACCCUGGUCCGGGGCAAUGGGACCACUGUU 36 
                     GGUCAGACC UG  CC  G CAAUGGG  CACUGUU
  ind_0007_00021 147 GGUCAGACCAUGGUCCAAGCCAAUGGGUUCACUGUU 182
                     ****************99999*************** PP

>> ind_0007_00044  
 rank     E-value  score  bias mdl mdl from   mdl to       seq from      seq to       acc trunc   gc
 ----   --------- ------ ----- --- -------- --------    ----------- -----------      ---- ----- ----
  (2) !   4.9e-07   31.2   0.0  cm        1       36 []         147         182 + .. 0.99    no 0.58

                                  v             v         NC
                     :::::<<<--<<<<<<_________>>>>>>-->>> CS
  patent_aligned   1 GGUCAGACCCUGGUCCGGGGCAAUGGGACCACUGUU 36 
                     GGU AGACCC G  CCG G CAAUGGG  C CUGUU
  ind_0007_00044 147 GGUUAGACCCUGGUCCGAGCCAAUGGGUUCGCUGUU 182
                     ******************999*************** PP

>> ind_0007_00004  
 rank     E-value  score  bias mdl mdl from   mdl to       seq from      seq to       acc trunc   gc
 ----   --------- ------ ----- --- -------- --------    ----------- -----------      ---- ----- ----
  (3) !   2.6e-06   28.5   0.0  cm        1       36 []         147         182 + .. 1.00    no 0.56

                                                          NC
                     :::::<<<--<<<<<<_________>>>>>>-->>> CS
  patent_aligned   1 GGUCAGACCCUGGUCCGGGGCAAUGGGACCACUGUU 36 
                     GGU AGACC UG U  GG GCAAUG  A CAC GUU
  ind_0007_00004 147 GGUGAGACCUUGCUUUGGCGCAAUGGAAGCACCGUU 182
                     ************************************ PP

>> ind_0007_00013  
 rank     E-value  score  bias mdl mdl from   mdl to       seq from      seq to       acc trunc   gc
 ----   --------- ------ ----- --- -------- --------    ----------- -----------      ---- ----- ----
  (4) !   1.2e-05   26.0   0.0  cm        1       36 []         147         182 + .. 1.00    no 0.58

                                                          NC
                     :::::<<<--<<<<<<_________>>>>>>-->>> CS
  patent_aligned   1 GGUCAGACCCUGGUCCGGGGCAAUGGGACCACUGUU 36 
                     GGU A:ACC UG U  GG GCAAUG  A CAC GU:
  ind_0007_00013 147 GGUGAGACCUUGCUUUGGCGCAAUGGAAGCACCGUC 182
                     ************************************ PP

>> ind_0007_00000  
 rank     E-value  score  bias mdl mdl from   mdl to       seq from      seq to       acc trunc   gc
 ----   --------- ------ ----- --- -------- --------    ----------- -----------      ---- ----- ----
  (5) !   1.7e-05   25.4   0.0  cm        1       36 []         147         182 + .. 0.99    no 0.56

                                  v             v         NC
                     :::::<<<--<<<<<<_________>>>>>>-->>> CS
  patent_aligned   1 GGUCAGACCCUGGUCCGGGGCAAUGGGACCACUGUU 36 
                     GGUCAGACC  G  CC  G CAAUGGG  C CUGUU
  ind_0007_00000 147 GGUCAGACCAUGGUCCAAGCCAAUGGGUUCGCUGUU 182
                     ****************99999*************** PP

>> ind_0007_00040  
 rank     E-value  score  bias mdl mdl from   mdl to       seq from      seq to       acc trunc   gc
 ----   --------- ------ ----- --- -------- --------    ----------- -----------      ---- ----- ----
  (6) !     3e-05   24.5   0.0  cm        1       36 []         147         182 + .. 0.99    no 0.56

                                  v             v         NC
                     :::::<<<--<<<<<<_________>>>>>>-->>> CS
  patent_aligned   1 GGUCAGACCCUGGUCCGGGGCAAUGGGACCACUGUU 36 
                      GUCA:ACC UG  CCG G C AUGGG  CACUGU:
  ind_0007_00040 147 AGUCAAACCUUGCUCCGAGCCCAUGGGUGCACUGUU 182
                     *****************99999************** PP

>> ind_0007_00002  
 rank     E-value  score  bias mdl mdl from   mdl to       seq from      seq to       acc trunc   gc
 ----   --------- ------ ----- --- -------- --------    ----------- -----------      ---- ----- ----
  (7) !   3.1e-05   24.4   0.0  cm        1       36 []         147         182 + .. 0.99    no 0.50

                            v                         v   NC
                     :::::<<<--<<<<<<_________>>>>>>-->>> CS
  patent_aligned   1 GGUCAGACCCUGGUCCGGGGCAAUGGGACCACUGUU 36 
                      GUCA:A C UG U CGG  CAAUGG A CACU U:
  ind_0007_00002 147 AGUCAAACCUUGCUGCGGACCAAUGGCAGCACUAUU 182
                     ******************999*************** PP

>> ind_0007_00003  
 rank     E-value  score  bias mdl mdl from   mdl to       seq from      seq to       acc trunc   gc
 ----   --------- ------ ----- --- -------- --------    ----------- -----------      ---- ----- ----
  (8) !   3.1e-05   24.4   0.0  cm        1       36 []         147         182 + .. 0.99    no 0.50

                            v                         v   NC
                     :::::<<<--<<<<<<_________>>>>>>-->>> CS
  patent_aligned   1 GGUCAGACCCUGGUCCGGGGCAAUGGGACCACUGUU 36 
                      GUCA:A C UG U CGG  CAAUGG A CACU U:
  ind_0007_00003 147 AGUCAAACCUUGCUGCGGACCAAUGGCAGCACUAUU 182
                     ******************999*************** PP

>> ind_0007_00010  
 rank     E-value  score  bias mdl mdl from   mdl to       seq from      seq to       acc trunc   gc
 ----   --------- ------ ----- --- -------- --------    ----------- -----------      ---- ----- ----
  (9) !   3.1e-05   24.4   0.0  cm        1       36 []         147         182 + .. 0.99    no 0.50

                            v                         v   NC
                     :::::<<<--<<<<<<_________>>>>>>-->>> CS
  patent_aligned   1 GGUCAGACCCUGGUCCGGGGCAAUGGGACCACUGUU 36 
                      GUCA:A C UG U CGG  CAAUGG A CACU U:
  ind_0007_00010 147 AGUCAAACCUUGCUGCGGACCAAUGGCAGCACUAUU 182
                     ******************999*************** PP

>> ind_0007_00001  
 rank     E-value  score  bias mdl mdl from   mdl to       seq from      seq to       acc trunc   gc
 ----   --------- ------ ----- --- -------- --------    ----------- -----------      ---- ----- ----
 (10) !   4.4e-05   23.8   0.0  cm        1       36 []         147         182 + .. 0.99    no 0.61

                                 v               v        NC
                     :::::<<<--<<<<<<_________>>>>>>-->>> CS
  patent_aligned   1 GGUCAGACCCUGGUCCGGGGCAAUGGGACCACUGUU 36 
                     GGUCAGACC  G  CC  G CAAUGGG  C CUGUU
  ind_0007_00001 147 GGUCAGACCAUGGUCCAAGCCAAUGGGGGCGCUGUU 182
                     ****************99999*************** PP

>> ind_0007_00014  
 rank     E-value  score  bias mdl mdl from   mdl to       seq from      seq to       acc trunc   gc
 ----   --------- ------ ----- --- -------- --------    ----------- -----------      ---- ----- ----
 (11) !   7.7e-05   23.0   0.0  cm        1       36 []         147         182 + .. 0.99    no 0.53

                                                          NC
                     :::::<<<--<<<<<<_________>>>>>>-->>> CS
  patent_aligned   1 GGUCAGACCCUGGUCCGGGGCAAUGGGACCACUGUU 36 
                     GGU AGACC  G  CC  G CAAUGGG  C CUGUU
  ind_0007_00014 147 GGUUAGACCAUGGACCAAGCCAAUGGGUUCGCUGUU 182
                     ****************99999*************** PP

>> ind_0007_00018  
 rank     E-value  score  bias mdl mdl from   mdl to       seq from      seq to       acc trunc   gc
 ----   --------- ------ ----- --- -------- --------    ----------- -----------      ---- ----- ----
 (12) !   0.00032   20.6   0.0  cm        1       36 []         147         182 + .. 0.98    no 0.53

                                  v             v         NC
                     :::::<<<--<<<<<<_________>>>>>>-->>> CS
  patent_aligned   1 GGUCAGACCCUGGUCCGGGGCAAUGGGACCACUGUU 36 
                     GGUCAGACC  G  CC  G CAAU GG  C CUGUU
  ind_0007_00018 147 GGUCAGACCAUGGUCCAAGCCAAUAGGUUCGCUGUU 182
                     ****************99999***9*********** PP

>> ind_0007_00043  
 rank     E-value  score  bias mdl mdl from   mdl to       seq from      seq to       acc trunc   gc
 ----   --------- ------ ----- --- -------- --------    ----------- -----------      ---- ----- ----
 (13) !   0.00045   20.1   0.0  cm        1       36 []         147         182 + .. 0.99    no 0.47

                            v    v               v    v   NC
                     :::::<<<--<<<<<<_________>>>>>>-->>> CS
  patent_aligned   1 GGUCAGACCCUGGUCCGGGGCAAUGGGACCACUGUU 36 
                      GUCA:A C UG U CGG  CAAUGG A CACU U:
  ind_0007_00043 147 AGUCAAACCUUGAUGCGGACCAAUGGCAGCACUAUU 182
                     ******************999*************** PP

>> ind_0007_00009  
 rank     E-value  score  bias mdl mdl from   mdl to       seq from      seq to       acc trunc   gc
 ----   --------- ------ ----- --- -------- --------    ----------- -----------      ---- ----- ----
 (14) !   0.00082   19.1   0.0  cm        1       36 []         147         182 + .. 0.99    no 0.47

                            v                         v   NC
                     :::::<<<--<<<<<<_________>>>>>>-->>> CS
  patent_aligned   1 GGUCAGACCCUGGUCCGGGGCAAUGGGACCACUGUU 36 
                      GUCA:A C UG U CGG  CAAUGG A CA U U:
  ind_0007_00009 147 AGUCAAACCUUGCUGCGGACCAAUGGCAGCAAUAUU 182
                     ******************999*************** PP

>> ind_0007_00048  
 rank     E-value  score  bias mdl mdl from   mdl to       seq from      seq to       acc trunc   gc
 ----   --------- ------ ----- --- -------- --------    ----------- -----------      ---- ----- ----
 (15) !   0.00088   19.0   0.0  cm        1       36 []         147         182 + .. 0.98    no 0.53

                            v    v               v    v   NC
                     :::::<<<--<<<<<<_________>>>>>>-->>> CS
  patent_aligned   1 GGUCAGACCCUGGUCCGGGGCAAUGGGACCACUGUU 36 
                     GGUCA:A C UG U CGG  CAAU G A CACU U:
  ind_0007_00048 147 GGUCAAACCUUGGUGCGGACCAAUCGCAGCACUAUU 182
                     *****************99999999*********** PP

>> ind_0007_00046  
 rank     E-value  score  bias mdl mdl from   mdl to       seq from      seq to       acc trunc   gc
 ----   --------- ------ ----- --- -------- --------    ----------- -----------      ---- ----- ----
 (16) !    0.0025   17.2   0.0  cm        1       36 []         147         181 + .. 0.90    no 0.60

                          v                            v NC
                     :::::<<<--<<<<<<___~~~~~>>>>>>-->>> CS
  patent_aligned   1 GGUCAGACCCUGGUCCGGG*[6]*GGACCACUGUU 36 
                     GGUCAGA C U GUCCG G     GGAC AC  U 
  ind_0007_00046 147 GGUCAGAGCGUGGUCCGAG*[6]*GGACUACACU- 181
                     ****************965..6..****999999. PP

>> ind_0007_00041  
 rank     E-value  score  bias mdl mdl from   mdl to       seq from      seq to       acc trunc   gc
 ----   --------- ------ ----- --- -------- --------    ----------- -----------      ---- ----- ----
 (17) !     0.003   16.9   0.0  cm        1       36 []         147         171 + .. 0.93    no 0.64

                          vv                    vv NC
                     :::::<<<--<<<<~~~~~~>>>>-->>> CS
  patent_aligned   1 GGUCAGACCCUGGU*[13]*ACCACUGUU 36 
                     GGUCAGACCCUGGU      ACCA  G  
  ind_0007_00041 147 GGUCAGACCCUGGU*[ 4]*ACCAACG-- 171
                     **************...6..*******.. PP

>> ind_0007_00042  
 rank     E-value  score  bias mdl mdl from   mdl to       seq from      seq to       acc trunc   gc
 ----   --------- ------ ----- --- -------- --------    ----------- -----------      ---- ----- ----
 (18) !    0.0036   16.6   0.0  cm        1       36 []         147         182 + .. 0.86    no 0.58

                                 vv             vv        NC
                     :::::<<<--<<<<<<_________>>>>>>-->>> CS
  patent_aligned   1 GGUCAGACCCUGGUCCGGGGCAAUGGGACCACUGUU 36 
                     GGUCAGACCC G  CC  G CAA GGG  C C GUU
  ind_0007_00042 147 GGUCAGACCCUGAUCCUCGACAACGGGUACGCAGUU 182
                     **********99888877777777788779999*** PP

>> ind_0007_00038  
 rank     E-value  score  bias mdl mdl from   mdl to       seq from      seq to       acc trunc   gc
 ----   --------- ------ ----- --- -------- --------    ----------- -----------      ---- ----- ----
 (19) !    0.0038   16.6   0.0  cm        1       36 []         147         182 + .. 0.91    no 0.50

                            v       v          v       v   NC
                     :::::<<<--<<<<<<_____.____>>>>>>-->>> CS
  patent_aligned   1 GGUCAGACCCUGGUCCGGGGC.AAUGGGACCACUGUU 36 
                      GUCA:A C UG U  GGG C AAUGG A CACU U:
  ind_0007_00038 147 AGUCAAACCUUGCUG-GGGACcAAUGGCAGCACUAUU 182
                     **************7.555567****9********** PP

>> ind_0007_00006  
 rank     E-value  score  bias mdl mdl from   mdl to       seq from      seq to       acc trunc   gc
 ----   --------- ------ ----- --- -------- --------    ----------- -----------      ---- ----- ----
 (20) !    0.0048   16.2   0.0  cm        1       36 []         147         182 + .. 0.90    no 0.61

                                             NC
                     :::::<<<--<~~~~~~>-->>> CS
  patent_aligned   1 GGUCAGACCCU*[19]*ACUGUU 36 
                     GGUCAGACCCU      AC GUU
  ind_0007_00006 147 GGUCAGACCCU*[19]*ACAGUU 182
                     **********9...9..789*** PP

>> ind_0007_00037  
 rank     E-value  score  bias mdl mdl from   mdl to       seq from      seq to       acc trunc   gc
 ----   --------- ------ ----- --- -------- --------    ----------- -----------      ---- ----- ----
 (21) !    0.0048   16.2   0.0  cm        1       36 []         147         182 + .. 0.90    no 0.61

                                             NC
                     :::::<<<--<~~~~~~>-->>> CS
  patent_aligned   1 GGUCAGACCCU*[19]*ACUGUU 36 
                     GGUCAGACCCU      AC GUU
  ind_0007_00037 147 GGUCAGACCCU*[19]*ACAGUU 182
                     **********9...9..789*** PP

>> ind_0007_00047  
 rank     E-value  score  bias mdl mdl from   mdl to       seq from      seq to       acc trunc   gc
 ----   --------- ------ ----- --- -------- --------    ----------- -----------      ---- ----- ----
 (22) !    0.0059   15.9   0.0  cm        1       36 []         147         182 + .. 0.94    no 0.56

                                v                 v       NC
                     :::::<<<--<<<<<<_________>>>>>>-->>> CS
  patent_aligned   1 GGUCAGACCCUGGUCCGGGGCAAUGGGACCACUGUU 36 
                     GGUCAGACC     CC  G CAAUGGG    CUGUU
  ind_0007_00047 147 GGUCAGACCAUUUUCCAAGCCAAUGGGGGCGCUGUU 182
                     **********999999998889999999999***** PP

>> ind_0007_00029  
 rank     E-value  score  bias mdl mdl from   mdl to       seq from      seq to       acc trunc   gc
 ----   --------- ------ ----- --- -------- --------    ----------- -----------      ---- ----- ----
 (23) ?     0.017   14.1   0.0  cm        1       36 []         147         182 + .. 0.70    no 0.58

                                 vvvv       vvvv        NC
                     :::::<<<--<<<<<<_~~~~~~>>>>>>-->>> CS
  patent_aligned   1 GGUCAGACCCUGGUCCG*[ 8]*GGACCACUGUU 36 
                     GGUCAGACCC G+UCC           C   GUU
  ind_0007_00029 147 GGUCAGACCCUGAUCCU*[12]*----CGGAGUU 182
                     *********96666665...5......5555*** PP

>> ind_0007_00016  
 rank     E-value  score  bias mdl mdl from   mdl to       seq from      seq to       acc trunc   gc
 ----   --------- ------ ----- --- -------- --------    ----------- -----------      ---- ----- ----
 (24) ?     0.031   13.1   0.0  cm        1       36 []         147         182 + .. 0.91    no 0.56

                            v      vv          vv      v   NC
                     :::::<<<--<<<<<<_____.____>>>>>>-->>> CS
  patent_aligned   1 GGUCAGACCCUGGUCCGGGGC.AAUGGGACCACUGUU 36 
                     GGUCA:A C  G U  G GGC AAUGG A C CU U:
  ind_0007_00016 147 GGUCAAACCUUGCUG-GAGGCcAAUGGGAGCGCUAUU 182
                     ************772.558999****99********* PP

>> ind_0007_00005  
 rank     E-value  score  bias mdl mdl from   mdl to       seq from      seq to       acc trunc   gc
 ----   --------- ------ ----- --- -------- --------    ----------- -----------      ---- ----- ----
 (25) ?     0.045   12.5   0.0  cm        1       36 []         147         161 + .. 0.98    no 0.53

                                        NC
                     :::::<<<-~~~~~~>>> CS
  patent_aligned   1 GGUCAGACC*[24]*GUU 36 
                     GGUCAGACC      GUU
  ind_0007_00005 147 GGUCAGACC*[ 3]*GUU 161
                     ********8...9..*** PP

>> ind_0007_00024  
 rank     E-value  score  bias mdl mdl from   mdl to       seq from      seq to       acc trunc   gc
 ----   --------- ------ ----- --- -------- --------    ----------- -----------      ---- ----- ----
 (26) ?     0.065   11.9   0.0  cm        1       36 []         147         182 + .. 0.95    no 0.50

                          v      v v            v v      v NC
                     :::::<<<--<<<<<<_____.____>>>>>>-->>> CS
  patent_aligned   1 GGUCAGACCCUGGUCCGGGGC.AAUGGGACCACUGUU 36 
                      GU A ACC UG U CG  GC AAUGG A CACUGU 
  ind_0007_00024 147 AGUUACACCAUGGUGCGA-GCuAAUGGGAGCACUGUU 182
                     ****************76.566*************** PP

>> ind_0007_00034  
 rank     E-value  score  bias mdl mdl from   mdl to       seq from      seq to       acc trunc   gc
 ----   --------- ------ ----- --- -------- --------    ----------- -----------      ---- ----- ----
 (27) ?      0.09   11.4   0.0  cm        1       36 []         147         182 + .. 0.94    no 0.56

                          v v                          v v NC
                     :::::<<<--<<.<<<<_________>>>>>>-->>> CS
  patent_aligned   1 GGUCAGACCCUG.GUCCGGGGCAAUGGGACCACUGUU 36 
                      GUCA A CCUG  U CGG  CAAUGG A CACU UU
  ind_0007_00034 147 AGUCA-ACCCUGgCUGCGGACCAAUGGCAGCACUAUU 182
                     ****5.99***559*****999*************** PP

>> ind_0007_00049  
 rank     E-value  score  bias mdl mdl from   mdl to       seq from      seq to       acc trunc   gc
 ----   --------- ------ ----- --- -------- --------    ----------- -----------      ---- ----- ----
 (28) ?     0.095   11.3   0.0  cm        1       36 []         147         175 + .. 0.98    no 0.59

                                        NC
                     :::::<<<-~~~~~~>>> CS
  patent_aligned   1 GGUCAGACC*[24]*GUU 36 
                     GGUCAGACC      GUU
  ind_0007_00049 147 GGUCAGACC*[17]*GUU 175
                     ********8...*..*** PP

>> ind_0007_00031  
 rank     E-value  score  bias mdl mdl from   mdl to       seq from      seq to       acc trunc   gc
 ----   --------- ------ ----- --- -------- --------    ----------- -----------      ---- ----- ----
 (29) ?      0.16   10.5   0.0  cm        1       36 []         147         182 + .. 0.70    no 0.53

                                               NC
                     :::::<<<--<<~~~~~~>>-->>> CS
  patent_aligned   1 GGUCAGACCCUG*[17]*CACUGUU 36 
                     GG CAGACCCUG      CA  GUU
  ind_0007_00031 147 GGACAGACCCUG*[19]*CA--GUU 182
                     *********976...5..66..*** PP

>> ind_0007_00036  
 rank     E-value  score  bias mdl mdl from   mdl to       seq from      seq to       acc trunc   gc
 ----   --------- ------ ----- --- -------- --------    ----------- -----------      ---- ----- ----
 (30) ?       0.4    9.0   0.0  cm        1       36 []         147         182 + .. 0.90    no 0.44

                            v            v   NC
                     :::::<<<--<~~~~~~>-->>> CS
  patent_aligned   1 GGUCAGACCCU*[19]*ACUGUU 36 
                     GGUCAGA C U      ACU UU
  ind_0007_00036 147 GGUCAGACCUU*[19]*ACUAUU 182
                     *******7766...9..9999** PP

>> ind_0007_00027  
 rank     E-value  score  bias mdl mdl from   mdl to       seq from      seq to       acc trunc   gc
 ----   --------- ------ ----- --- -------- --------    ----------- -----------      ---- ----- ----
 (31) ?      0.46    8.7   0.0  cm        1       36 []         147         160 + .. 0.98    no 0.50

                                        NC
                     :::::<<<-~~~~~~>>> CS
  patent_aligned   1 GGUCAGACC*[24]*GUU 36 
                      GUCAGACC      GUU
  ind_0007_00027 147 AGUCAGACC*[ 2]*GUU 160
                     ********8...9..*** PP

>> ind_0007_00023  
 rank     E-value  score  bias mdl mdl from   mdl to       seq from      seq to       acc trunc   gc
 ----   --------- ------ ----- --- -------- --------    ----------- -----------      ---- ----- ----
 (32) ?      0.96    7.5   0.0  cm        1       36 []         147         182 + .. 0.97    no 0.42

                            v    v v           v v    v   NC
                     :::::<<<--<<<<<<_________>>>>>>-->>> CS
  patent_aligned   1 GGUCAGACCCUGGUCCGGGGCAAUGGGACCACUGUU 36 
                      GUCA:A C UG U  GG  CAAUG  A CA U U:
  ind_0007_00023 147 AGUCAAACCUUGCUUUGGACCAAUGGCACCAUUAUU 182
                     **************9999999*************** PP

>> ind_0007_00011  
 rank     E-value  score  bias mdl mdl from   mdl to       seq from      seq to       acc trunc   gc
 ----   --------- ------ ----- --- -------- --------    ----------- -----------      ---- ----- ----
 (33) ?        10    3.7   0.0  cm        1       25 [~         147         197 + .~ 0.88    3' 0.63

                          ???  ??????             NC
                     :::::<<<--<<<<<<~~~~~~~~~~~~ CS
  patent_aligned   1 GGUCAGACCCUGGUCC*[ 9]**[11]> 36 
                     GG CAGACC UGGUCC            
  ind_0007_00011 147 GGCCAGACCUUGGUCC*[35]**[ 0]> 197
                     ************9987...8........ PP

>> ind_0007_00005  
 rank     E-value  score  bias mdl mdl from   mdl to       seq from      seq to       acc trunc   gc
 ----   --------- ------ ----- --- -------- --------    ----------- -----------      ---- ----- ----
 (34) ?        80    0.3   0.0  cm       20       25 ..         165         171 + .. 0.95    no 0.57

                             NC
                     __.____ CS
  patent_aligned  20 GC.AAUG 25 
                     GC AAUG
  ind_0007_00005 165 GCcAAUG 171
                     999**** PP

>> ind_0007_00027  
 rank     E-value  score  bias mdl mdl from   mdl to       seq from      seq to       acc trunc   gc
 ----   --------- ------ ----- --- -------- --------    ----------- -----------      ---- ----- ----
 (35) ?        80    0.3   0.0  cm       20       25 ..         165         171 + .. 0.95    no 0.57

                             NC
                     __.____ CS
  patent_aligned  20 GC.AAUG 25 
                     GC AAUG
  ind_0007_00027 165 GCcAAUG 171
                     999**** PP

>> ind_0007_00027  
 rank     E-value  score  bias mdl mdl from   mdl to       seq from      seq to       acc trunc   gc
 ----   --------- ------ ----- --- -------- --------    ----------- -----------      ---- ----- ----
 (36) ?   6.4e+02   -3.1   0.0  cm        1       36 []         172         175 + .. 0.90    no 0.50

                               NC
                     :::~~~~~~ CS
  patent_aligned   1 GGU*[33]* 36 
                     GGU      
  ind_0007_00027 172 GGU*[ 1]* 175
                     **8...9.. PP

>> ind_0007_00049  
 rank     E-value  score  bias mdl mdl from   mdl to       seq from      seq to       acc trunc   gc
 ----   --------- ------ ----- --- -------- --------    ----------- -----------      ---- ----- ----
 (37) ?   6.4e+02   -3.1   0.0  cm        1       36 []         179         182 + .. 0.90    no 0.50

                               NC
                     :::~~~~~~ CS
  patent_aligned   1 GGU*[33]* 36 
                     GGU      
  ind_0007_00049 179 GGU*[ 1]* 182
                     **8...9.. PP



Internal CM pipeline statistics summary:
----------------------------------------
Query model(s):                                                  1  (36 consensus positions)
Target sequences:                                               50  (19700 residues searched)
Target sequences re-searched for truncated hits:                50  (10200 residues re-searched)
Windows   passing  local HMM SSV           filter:             177  (0.3476); expected (0.35)
Windows   passing  local HMM Viterbi       filter:                  (off)
Windows   passing  local HMM Viterbi  bias filter:                  (off)
Windows   passing  local HMM Forward       filter:              95  (0.1809); expected (0.02)
Windows   passing  local HMM Forward  bias filter:              95  (0.1809); expected (0.02)
Windows   passing glocal HMM Forward       filter:              54  (0.1338); expected (0.02)
Windows   passing glocal HMM Forward  bias filter:              54  (0.1338); expected (0.02)
Envelopes passing glocal HMM envelope defn filter:              54  (0.07328); expected (0.02)
Envelopes passing  local CM  CYK           filter:              46  (0.06258); expected (0.0001)
Total CM hits reported:                                         37  (0.0406); includes 1 truncated hit(s)

# CPU time: 0.28u 0.00s 00:00:00.28 Elapsed: 00:00:00.29
# Alignment of 22 hits satisfying inclusion thresholds saved to: optimization_a7/100gen/_workspace/cmsearch_logs/gen_0007/patent_cmsearch.sto
//
[ok]
