# cmsearch :: search CM(s) against a sequence database
# INFERNAL 1.1.5 (Sep 2023)
# Copyright (C) 2023 Howard Hughes Medical Institute.
# Freely distributed under the BSD open source license.
# - - - - - - - - - - - - - - - - - - - - - - - - - - - - - - - - - - - -
# query CM file:                         A7_analysis/patent.cm
# target sequence database:              /tmp/tmp_xj6wadg/queries.fa
# output directed to file:               optimization_a7/100gen/_workspace/cmsearch_logs/gen_0044/patent_cmsearch.out
# MSA of significant hits saved to file: optimization_a7/100gen/_workspace/cmsearch_logs/gen_0044/patent_cmsearch.sto
# tabular output of hits:                optimization_a7/100gen/_workspace/cmsearch_logs/gen_0044/patent_cmsearch.tblout
# max ASCII text line length:            unlimited
# sequence reporting threshold:          E-value <= 1000
# number of worker threads:              4
# - - - - - - - - - - - - - - - - - - - - - - - - - - - - - - - - - - - -

Query:       patent_aligned  [CLEN=36]
Hit scores:
 rank     E-value  score  bias  sequence        start    end   mdl trunc   gc  description
 ----   --------- ------ -----  -------------- ------ ------   --- ----- ----  -----------
  (1) !   2.4e-10   43.7   0.0  ind_0044_00007    147    182 +  cm    no 0.78  -
  (2) !   2.7e-10   43.5   0.0  ind_0044_00001    147    182 +  cm    no 0.75  -
  (3) !   2.7e-10   43.5   0.0  ind_0044_00024    147    182 +  cm    no 0.75  -
  (4) !   3.4e-10   43.1   0.0  ind_0044_00002    147    182 +  cm    no 0.69  -
  (5) !   3.4e-10   43.1   0.0  ind_0044_00018    147    182 +  cm    no 0.69  -
  (6) !   8.7e-10   41.6   0.0  ind_0044_00027    147    182 +  cm    no 0.72  -
  (7) !   5.4e-09   38.6   0.0  ind_0044_00004    147    182 +  cm    no 0.72  -
  (8) !   5.4e-09   38.6   0.0  ind_0044_00016    147    182 +  cm    no 0.72  -
  (9) !   5.4e-09   38.6   0.0  ind_0044_00020    147    182 +  cm    no 0.72  -
 (10) !   5.4e-09   38.6   0.0  ind_0044_00026    147    182 +  cm    no 0.72  -
 (11) !   5.4e-09   38.6   0.0  ind_0044_00038    147    182 +  cm    no 0.72  -
 (12) !   5.4e-09   38.6   0.0  ind_0044_00047    147    182 +  cm    no 0.72  -
 (13) !   5.4e-09   38.6   0.0  ind_0044_00048    147    182 +  cm    no 0.72  -
 (14) !   5.4e-09   38.6   0.0  ind_0044_00049    147    182 +  cm    no 0.72  -
 (15) !     7e-09   38.2   0.0  ind_0044_00043    147    182 +  cm    no 0.72  -
 (16) !   1.8e-08   36.6   0.0  ind_0044_00003    147    182 +  cm    no 0.69  -
 (17) !   1.8e-08   36.6   0.0  ind_0044_00005    147    182 +  cm    no 0.69  -
 (18) !   1.8e-08   36.6   0.0  ind_0044_00011    147    182 +  cm    no 0.69  -
 (19) !   1.8e-08   36.6   0.0  ind_0044_00019    147    182 +  cm    no 0.69  -
 (20) !   1.8e-08   36.6   0.0  ind_0044_00022    147    182 +  cm    no 0.69  -
 (21) !   1.8e-08   36.6   0.0  ind_0044_00025    147    182 +  cm    no 0.69  -
 (22) !   1.8e-08   36.6   0.0  ind_0044_00035    147    182 +  cm    no 0.69  -
 (23) !   1.8e-08   36.6   0.0  ind_0044_00036    147    182 +  cm    no 0.69  -
 (24) !     3e-08   35.8   0.0  ind_0044_00014    147    182 +  cm    no 0.64  -
 (25) !   1.4e-07   33.2   0.0  ind_0044_00000    147    182 +  cm    no 0.69  -
 (26) !   2.5e-07   32.3   0.0  ind_0044_00034    147    182 +  cm    no 0.72  -
 (27) !   4.7e-07   31.3   0.0  ind_0044_00021    147    182 +  cm    no 0.67  -
 (28) !   4.7e-07   31.3   0.0  ind_0044_00008    147    182 +  cm    no 0.67  -
 (29) !   4.7e-07   31.3   0.0  ind_0044_00028    147    182 +  cm    no 0.67  -
 (30) !   4.7e-07   31.3   0.0  ind_0044_00031    147    182 +  cm    no 0.67  -
 (31) !   4.7e-07   31.3   0.0  ind_0044_00033    147    182 +  cm    no 0.67  -
 (32) !   4.7e-07   31.3   0.0  ind_0044_00039    147    182 +  cm    no 0.67  -
 (33) !   4.7e-07   31.3   0.0  ind_0044_00044    147    182 +  cm    no 0.67  -
 (34) !   4.7e-07   31.3   0.0  ind_0044_00045    147    182 +  cm    no 0.67  -
 (35) !   4.9e-07   31.2   0.0  ind_0044_00012    147    182 +  cm    no 0.67  -
 (36) !   1.7e-06   29.2   0.0  ind_0044_00037    147    182 +  cm    no 0.69  -
 (37) !   1.7e-06   29.2   0.0  ind_0044_00010    147    182 +  cm    no 0.69  -
 (38) !   3.4e-06   28.1   0.0  ind_0044_00017    147    182 +  cm    no 0.72  -
 (39) !   4.8e-06   27.5   0.0  ind_0044_00029    147    182 +  cm    no 0.75  -
 (40) !   5.7e-06   27.2   0.0  ind_0044_00013    147    182 +  cm    no 0.67  -
 (41) !     6e-06   27.1   0.0  ind_0044_00032    147    182 +  cm    no 0.69  -
 (42) !   1.3e-05   25.9   0.0  ind_0044_00015    147    182 +  cm    no 0.64  -
 (43) !   1.9e-05   25.2   0.0  ind_0044_00006    147    182 +  cm    no 0.67  -
 (44) !   2.9e-05   24.5   0.0  ind_0044_00041    147    182 +  cm    no 0.64  -
 (45) !   4.5e-05   23.8   0.0  ind_0044_00042    147    182 +  cm    no 0.67  -
 (46) !   8.2e-05   22.9   0.0  ind_0044_00046    147    182 +  cm    no 0.72  -
 (47) !     9e-05   22.7   0.0  ind_0044_00009    147    182 +  cm    no 0.64  -
 (48) !    0.0004   20.2   0.0  ind_0044_00023    147    180 +  cm    no 0.74  -
 (49) !   0.00085   19.0   0.0  ind_0044_00030    147    182 +  cm    no 0.69  -
 (50) !    0.0017   17.9   0.0  ind_0044_00040    147    182 +  cm    no 0.67  -
 ------ inclusion threshold ------
 (51) ?     0.032   13.1   0.0  ind_0044_00016    155    119 -  cm    no 0.43  -
 (52) ?     0.032   13.1   0.0  ind_0044_00004    155    119 -  cm    no 0.43  -
 (53) ?     0.032   13.1   0.0  ind_0044_00034    155    119 -  cm    no 0.43  -
 (54) ?     0.032   13.1   0.0  ind_0044_00045    155    119 -  cm    no 0.46  -
 (55) ?     0.032   13.1   0.0  ind_0044_00013    155    119 -  cm    no 0.43  -
 (56) ?     0.057   12.1   0.0  ind_0044_00020    155    129 -  cm    no 0.44  -
 (57) ?     0.073   11.7   0.0  ind_0044_00006    155    132 -  cm    no 0.50  -
 (58) ?     0.082   11.5   0.0  ind_0044_00031    155    119 -  cm    no 0.43  -
 (59) ?     0.084   11.5   0.0  ind_0044_00029    155    119 -  cm    no 0.46  -
 (60) ?     0.084   11.5   0.0  ind_0044_00035    155    119 -  cm    no 0.46  -
 (61) ?     0.084   11.5   0.0  ind_0044_00003    155    119 -  cm    no 0.43  -
 (62) ?     0.084   11.5   0.0  ind_0044_00011    155    119 -  cm    no 0.43  -
 (63) ?     0.084   11.5   0.0  ind_0044_00025    155    119 -  cm    no 0.43  -
 (64) ?     0.084   11.5   0.0  ind_0044_00047    155    119 -  cm    no 0.43  -
 (65) ?     0.084   11.5   0.0  ind_0044_00001    155    119 -  cm    no 0.41  -
 (66) ?     0.084   11.5   0.0  ind_0044_00026    155    119 -  cm    no 0.41  -
 (67) ?     0.084   11.5   0.0  ind_0044_00038    155    119 -  cm    no 0.41  -
 (68) ?     0.084   11.5   0.0  ind_0044_00010    155    119 -  cm    no 0.41  -
 (69) ?       0.1   11.2   0.0  ind_0044_00014    155    119 -  cm    no 0.46  -
 (70) ?      0.14   10.7   0.0  ind_0044_00037    155    106 -  cm    no 0.48  -
 (71) ?      0.14   10.6   0.0  ind_0044_00032    155    119 -  cm    no 0.46  -
 (72) ?      0.14   10.6   0.0  ind_0044_00017    155    119 -  cm    no 0.49  -
 (73) ?      0.14   10.6   0.0  ind_0044_00043    155    119 -  cm    no 0.49  -
 (74) ?      0.14   10.6   0.0  ind_0044_00048    155    119 -  cm    no 0.49  -
 (75) ?      0.14   10.6   0.0  ind_0044_00000    155    119 -  cm    no 0.46  -
 (76) ?      0.14   10.6   0.0  ind_0044_00005    155    119 -  cm    no 0.46  -
 (77) ?      0.14   10.6   0.0  ind_0044_00036    155    119 -  cm    no 0.46  -
 (78) ?      0.14   10.6   0.0  ind_0044_00049    155    119 -  cm    no 0.46  -
 (79) ?      0.14   10.6   0.0  ind_0044_00019    155    119 -  cm    no 0.49  -
 (80) ?      0.14   10.6   0.0  ind_0044_00022    155    119 -  cm    no 0.46  -
 (81) ?       0.2   10.1   0.0  ind_0044_00018    155    132 -  cm    no 0.54  -
 (82) ?       0.3    9.4   0.0  ind_0044_00012    155    132 -  cm    no 0.50  -
 (83) ?        13    3.2   0.0  ind_0044_00032    108    102 -  cm    no 0.57  -
 (84) ?        13    3.2   0.0  ind_0044_00006    108    102 -  cm    no 0.57  -
 (85) ?   2.1e+02   -1.3   0.0  ind_0044_00006    114    110 -  cm    no 0.80  -
 (86) ?   2.4e+02   -1.5   0.0  ind_0044_00029    118    115 -  cm    no 0.25  -
 (87) ?   6.4e+02   -3.1   0.0  ind_0044_00029    114    111 -  cm    no 0.50  -
 (88) ?   6.7e+02   -3.2   0.0  ind_0044_00029    108    106 -  cm    no 0.67  -


Hit alignments:
>> ind_0044_00007  
 rank     E-value  score  bias mdl mdl from   mdl to       seq from      seq to       acc trunc   gc
 ----   --------- ------ ----- --- -------- --------    ----------- -----------      ---- ----- ----
  (1) !   2.4e-10   43.7   0.0  cm        1       36 []         147         182 + .. 1.00    no 0.78

                                                          NC
                     :::::<<<--<<<<<<_________>>>>>>-->>> CS
  patent_aligned   1 GGUCAGACCCUGGUCCGGGGCAAUGGGACCACUGUU 36 
                     GGUC GACCC GG CCG GGCAA GGG CC CUGUU
  ind_0044_00007 147 GGUCGGACCCCGGCCCGAGGCAACGGGGCCGCUGUU 182
                     ************************************ PP

>> ind_0044_00001  
 rank     E-value  score  bias mdl mdl from   mdl to       seq from      seq to       acc trunc   gc
 ----   --------- ------ ----- --- -------- --------    ----------- -----------      ---- ----- ----
  (2) !   2.7e-10   43.5   0.0  cm        1       36 []         147         182 + .. 1.00    no 0.75

                                                          NC
                     :::::<<<--<<<<<<_________>>>>>>-->>> CS
  patent_aligned   1 GGUCAGACCCUGGUCCGGGGCAAUGGGACCACUGUU 36 
                     GGUC GACCC GG CCG GGCAA GGG CC CUGUU
  ind_0044_00001 147 GGUCUGACCCCGGCCCGAGGCAACGGGGCCGCUGUU 182
                     ************************************ PP

>> ind_0044_00024  
 rank     E-value  score  bias mdl mdl from   mdl to       seq from      seq to       acc trunc   gc
 ----   --------- ------ ----- --- -------- --------    ----------- -----------      ---- ----- ----
  (3) !   2.7e-10   43.5   0.0  cm        1       36 []         147         182 + .. 1.00    no 0.75

                                                          NC
                     :::::<<<--<<<<<<_________>>>>>>-->>> CS
  patent_aligned   1 GGUCAGACCCUGGUCCGGGGCAAUGGGACCACUGUU 36 
                     GGUC GACCC GG CCG GGCAA GGG CC CUGUU
  ind_0044_00024 147 GGUCUGACCCCGGCCCGAGGCAACGGGGCCGCUGUU 182
                     ************************************ PP

>> ind_0044_00002  
 rank     E-value  score  bias mdl mdl from   mdl to       seq from      seq to       acc trunc   gc
 ----   --------- ------ ----- --- -------- --------    ----------- -----------      ---- ----- ----
  (4) !   3.4e-10   43.1   0.0  cm        1       36 []         147         182 + .. 1.00    no 0.69

                                                          NC
                     :::::<<<--<<<<<<_________>>>>>>-->>> CS
  patent_aligned   1 GGUCAGACCCUGGUCCGGGGCAAUGGGACCACUGUU 36 
                     GGUC GACCC GG CC  GGCAAUGGG CC CUGUU
  ind_0044_00002 147 GGUCUGACCCCGGCCCAAGGCAAUGGGGCCGCUGUU 182
                     ************************************ PP

>> ind_0044_00018  
 rank     E-value  score  bias mdl mdl from   mdl to       seq from      seq to       acc trunc   gc
 ----   --------- ------ ----- --- -------- --------    ----------- -----------      ---- ----- ----
  (5) !   3.4e-10   43.1   0.0  cm        1       36 []         147         182 + .. 1.00    no 0.69

                                                          NC
                     :::::<<<--<<<<<<_________>>>>>>-->>> CS
  patent_aligned   1 GGUCAGACCCUGGUCCGGGGCAAUGGGACCACUGUU 36 
                     GGUC GACCC GG CC  GGCAAUGGG CC CUGUU
  ind_0044_00018 147 GGUCUGACCCCGGCCCAAGGCAAUGGGGCCGCUGUU 182
                     ************************************ PP

>> ind_0044_00027  
 rank     E-value  score  bias mdl mdl from   mdl to       seq from      seq to       acc trunc   gc
 ----   --------- ------ ----- --- -------- --------    ----------- -----------      ---- ----- ----
  (6) !   8.7e-10   41.6   0.0  cm        1       36 []         147         182 + .. 1.00    no 0.72

                                                          NC
                     :::::<<<--<<<<<<_________>>>>>>-->>> CS
  patent_aligned   1 GGUCAGACCCUGGUCCGGGGCAAUGGGACCACUGUU 36 
                     GGUC GACCC GG CCG GGCAA GGG CC CUGUU
  ind_0044_00027 147 GGUCUGACCCCGGUCCGAGGCAACGGGGCCGCUGUU 182
                     ************************************ PP

>> ind_0044_00004  
 rank     E-value  score  bias mdl mdl from   mdl to       seq from      seq to       acc trunc   gc
 ----   --------- ------ ----- --- -------- --------    ----------- -----------      ---- ----- ----
  (7) !   5.4e-09   38.6   0.0  cm        1       36 []         147         182 + .. 1.00    no 0.72

                                                          NC
                     :::::<<<--<<<<<<_________>>>>>>-->>> CS
  patent_aligned   1 GGUCAGACCCUGGUCCGGGGCAAUGGGACCACUGUU 36 
                     GGUC GACCC GG CC  GGCAA GGG CC CUGUU
  ind_0044_00004 147 GGUCUGACCCCGGCCCAAGGCAACGGGGCCGCUGUU 182
                     ************************************ PP

>> ind_0044_00016  
 rank     E-value  score  bias mdl mdl from   mdl to       seq from      seq to       acc trunc   gc
 ----   --------- ------ ----- --- -------- --------    ----------- -----------      ---- ----- ----
  (8) !   5.4e-09   38.6   0.0  cm        1       36 []         147         182 + .. 1.00    no 0.72

                                                          NC
                     :::::<<<--<<<<<<_________>>>>>>-->>> CS
  patent_aligned   1 GGUCAGACCCUGGUCCGGGGCAAUGGGACCACUGUU 36 
                     GGUC GACCC GG CC  GGCAA GGG CC CUGUU
  ind_0044_00016 147 GGUCUGACCCCGGCCCAAGGCAACGGGGCCGCUGUU 182
                     ************************************ PP

>> ind_0044_00020  
 rank     E-value  score  bias mdl mdl from   mdl to       seq from      seq to       acc trunc   gc
 ----   --------- ------ ----- --- -------- --------    ----------- -----------      ---- ----- ----
  (9) !   5.4e-09   38.6   0.0  cm        1       36 []         147         182 + .. 1.00    no 0.72

                                                          NC
                     :::::<<<--<<<<<<_________>>>>>>-->>> CS
  patent_aligned   1 GGUCAGACCCUGGUCCGGGGCAAUGGGACCACUGUU 36 
                     GGUC GACCC GG CC  GGCAA GGG CC CUGUU
  ind_0044_00020 147 GGUCUGACCCCGGCCCAAGGCAACGGGGCCGCUGUU 182
                     ************************************ PP

>> ind_0044_00026  
 rank     E-value  score  bias mdl mdl from   mdl to       seq from      seq to       acc trunc   gc
 ----   --------- ------ ----- --- -------- --------    ----------- -----------      ---- ----- ----
 (10) !   5.4e-09   38.6   0.0  cm        1       36 []         147         182 + .. 1.00    no 0.72

                                                          NC
                     :::::<<<--<<<<<<_________>>>>>>-->>> CS
  patent_aligned   1 GGUCAGACCCUGGUCCGGGGCAAUGGGACCACUGUU 36 
                     GGUC GACCC GG CC  GGCAA GGG CC CUGUU
  ind_0044_00026 147 GGUCUGACCCCGGCCCAAGGCAACGGGGCCGCUGUU 182
                     ************************************ PP

>> ind_0044_00038  
 rank     E-value  score  bias mdl mdl from   mdl to       seq from      seq to       acc trunc   gc
 ----   --------- ------ ----- --- -------- --------    ----------- -----------      ---- ----- ----
 (11) !   5.4e-09   38.6   0.0  cm        1       36 []         147         182 + .. 1.00    no 0.72

                                                          NC
                     :::::<<<--<<<<<<_________>>>>>>-->>> CS
  patent_aligned   1 GGUCAGACCCUGGUCCGGGGCAAUGGGACCACUGUU 36 
                     GGUC GACCC GG CC  GGCAA GGG CC CUGUU
  ind_0044_00038 147 GGUCUGACCCCGGCCCAAGGCAACGGGGCCGCUGUU 182
                     ************************************ PP

>> ind_0044_00047  
 rank     E-value  score  bias mdl mdl from   mdl to       seq from      seq to       acc trunc   gc
 ----   --------- ------ ----- --- -------- --------    ----------- -----------      ---- ----- ----
 (12) !   5.4e-09   38.6   0.0  cm        1       36 []         147         182 + .. 1.00    no 0.72

                                                          NC
                     :::::<<<--<<<<<<_________>>>>>>-->>> CS
  patent_aligned   1 GGUCAGACCCUGGUCCGGGGCAAUGGGACCACUGUU 36 
                     GGUC GACCC GG CC  GGCAA GGG CC CUGUU
  ind_0044_00047 147 GGUCUGACCCCGGCCCAAGGCAACGGGGCCGCUGUU 182
                     ************************************ PP

>> ind_0044_00048  
 rank     E-value  score  bias mdl mdl from   mdl to       seq from      seq to       acc trunc   gc
 ----   --------- ------ ----- --- -------- --------    ----------- -----------      ---- ----- ----
 (13) !   5.4e-09   38.6   0.0  cm        1       36 []         147         182 + .. 1.00    no 0.72

                                                          NC
                     :::::<<<--<<<<<<_________>>>>>>-->>> CS
  patent_aligned   1 GGUCAGACCCUGGUCCGGGGCAAUGGGACCACUGUU 36 
                     GGUC GACCC GG CC  GGCAA GGG CC CUGUU
  ind_0044_00048 147 GGUCUGACCCCGGCCCAAGGCAACGGGGCCGCUGUU 182
                     ************************************ PP

>> ind_0044_00049  
 rank     E-value  score  bias mdl mdl from   mdl to       seq from      seq to       acc trunc   gc
 ----   --------- ------ ----- --- -------- --------    ----------- -----------      ---- ----- ----
 (14) !   5.4e-09   38.6   0.0  cm        1       36 []         147         182 + .. 1.00    no 0.72

                                                          NC
                     :::::<<<--<<<<<<_________>>>>>>-->>> CS
  patent_aligned   1 GGUCAGACCCUGGUCCGGGGCAAUGGGACCACUGUU 36 
                     GGUC GACCC GG CC  GGCAA GGG CC CUGUU
  ind_0044_00049 147 GGUCUGACCCCGGCCCAAGGCAACGGGGCCGCUGUU 182
                     ************************************ PP

>> ind_0044_00043  
 rank     E-value  score  bias mdl mdl from   mdl to       seq from      seq to       acc trunc   gc
 ----   --------- ------ ----- --- -------- --------    ----------- -----------      ---- ----- ----
 (15) !     7e-09   38.2   0.0  cm        1       36 []         147         182 + .. 1.00    no 0.72

                                                          NC
                     :::::<<<--<<<<<<_________>>>>>>-->>> CS
  patent_aligned   1 GGUCAGACCCUGGUCCGGGGCAAUGGGACCACUGUU 36 
                     GGUC GACC  GG CCG GGCAA GGG CC CUGUU
  ind_0044_00043 147 GGUCUGACCACGGCCCGAGGCAACGGGGCCGCUGUU 182
                     ************************************ PP

>> ind_0044_00003  
 rank     E-value  score  bias mdl mdl from   mdl to       seq from      seq to       acc trunc   gc
 ----   --------- ------ ----- --- -------- --------    ----------- -----------      ---- ----- ----
 (16) !   1.8e-08   36.6   0.0  cm        1       36 []         147         182 + .. 1.00    no 0.69

                                                          NC
                     :::::<<<--<<<<<<_________>>>>>>-->>> CS
  patent_aligned   1 GGUCAGACCCUGGUCCGGGGCAAUGGGACCACUGUU 36 
                     GGUC GACCC GG CC  GGCAA GGG CC CUGUU
  ind_0044_00003 147 GGUCUGACCCCGGUCCAAGGCAACGGGGCCGCUGUU 182
                     ************************************ PP

>> ind_0044_00005  
 rank     E-value  score  bias mdl mdl from   mdl to       seq from      seq to       acc trunc   gc
 ----   --------- ------ ----- --- -------- --------    ----------- -----------      ---- ----- ----
 (17) !   1.8e-08   36.6   0.0  cm        1       36 []         147         182 + .. 1.00    no 0.69

                                                          NC
                     :::::<<<--<<<<<<_________>>>>>>-->>> CS
  patent_aligned   1 GGUCAGACCCUGGUCCGGGGCAAUGGGACCACUGUU 36 
                     GGUC GACCC GG CC  GGCAA GGG CC CUGUU
  ind_0044_00005 147 GGUCUGACCCCGGUCCAAGGCAACGGGGCCGCUGUU 182
                     ************************************ PP

>> ind_0044_00011  
 rank     E-value  score  bias mdl mdl from   mdl to       seq from      seq to       acc trunc   gc
 ----   --------- ------ ----- --- -------- --------    ----------- -----------      ---- ----- ----
 (18) !   1.8e-08   36.6   0.0  cm        1       36 []         147         182 + .. 1.00    no 0.69

                                                          NC
                     :::::<<<--<<<<<<_________>>>>>>-->>> CS
  patent_aligned   1 GGUCAGACCCUGGUCCGGGGCAAUGGGACCACUGUU 36 
                     GGUC GACCC GG CC  GGCAA GGG CC CUGUU
  ind_0044_00011 147 GGUCUGACCCCGGUCCAAGGCAACGGGGCCGCUGUU 182
                     ************************************ PP

>> ind_0044_00019  
 rank     E-value  score  bias mdl mdl from   mdl to       seq from      seq to       acc trunc   gc
 ----   --------- ------ ----- --- -------- --------    ----------- -----------      ---- ----- ----
 (19) !   1.8e-08   36.6   0.0  cm        1       36 []         147         182 + .. 1.00    no 0.69

                                                          NC
                     :::::<<<--<<<<<<_________>>>>>>-->>> CS
  patent_aligned   1 GGUCAGACCCUGGUCCGGGGCAAUGGGACCACUGUU 36 
                     GGUC GACCC GG CC  GGCAA GGG CC CUGUU
  ind_0044_00019 147 GGUCUGACCCCGGUCCAAGGCAACGGGGCCGCUGUU 182
                     ************************************ PP

>> ind_0044_00022  
 rank     E-value  score  bias mdl mdl from   mdl to       seq from      seq to       acc trunc   gc
 ----   --------- ------ ----- --- -------- --------    ----------- -----------      ---- ----- ----
 (20) !   1.8e-08   36.6   0.0  cm        1       36 []         147         182 + .. 1.00    no 0.69

                                                          NC
                     :::::<<<--<<<<<<_________>>>>>>-->>> CS
  patent_aligned   1 GGUCAGACCCUGGUCCGGGGCAAUGGGACCACUGUU 36 
                     GGUC GACCC GG CC  GGCAA GGG CC CUGUU
  ind_0044_00022 147 GGUCUGACCCCGGUCCAAGGCAACGGGGCCGCUGUU 182
                     ************************************ PP

>> ind_0044_00025  
 rank     E-value  score  bias mdl mdl from   mdl to       seq from      seq to       acc trunc   gc
 ----   --------- ------ ----- --- -------- --------    ----------- -----------      ---- ----- ----
 (21) !   1.8e-08   36.6   0.0  cm        1       36 []         147         182 + .. 1.00    no 0.69

                                                          NC
                     :::::<<<--<<<<<<_________>>>>>>-->>> CS
  patent_aligned   1 GGUCAGACCCUGGUCCGGGGCAAUGGGACCACUGUU 36 
                     GGUC GACCC GG CC  GGCAA GGG CC CUGUU
  ind_0044_00025 147 GGUCUGACCCCGGUCCAAGGCAACGGGGCCGCUGUU 182
                     ************************************ PP

>> ind_0044_00035  
 rank     E-value  score  bias mdl mdl from   mdl to       seq from      seq to       acc trunc   gc
 ----   --------- ------ ----- --- -------- --------    ----------- -----------      ---- ----- ----
 (22) !   1.8e-08   36.6   0.0  cm        1       36 []         147         182 + .. 1.00    no 0.69

                                                          NC
                     :::::<<<--<<<<<<_________>>>>>>-->>> CS
  patent_aligned   1 GGUCAGACCCUGGUCCGGGGCAAUGGGACCACUGUU 36 
                     GGUC GACCC GG CC  GGCAA GGG CC CUGUU
  ind_0044_00035 147 GGUCUGACCCCGGUCCAAGGCAACGGGGCCGCUGUU 182
                     ************************************ PP

>> ind_0044_00036  
 rank     E-value  score  bias mdl mdl from   mdl to       seq from      seq to       acc trunc   gc
 ----   --------- ------ ----- --- -------- --------    ----------- -----------      ---- ----- ----
 (23) !   1.8e-08   36.6   0.0  cm        1       36 []         147         182 + .. 1.00    no 0.69

                                                          NC
                     :::::<<<--<<<<<<_________>>>>>>-->>> CS
  patent_aligned   1 GGUCAGACCCUGGUCCGGGGCAAUGGGACCACUGUU 36 
                     GGUC GACCC GG CC  GGCAA GGG CC CUGUU
  ind_0044_00036 147 GGUCUGACCCCGGUCCAAGGCAACGGGGCCGCUGUU 182
                     ************************************ PP

>> ind_0044_00014  
 rank     E-value  score  bias mdl mdl from   mdl to       seq from      seq to       acc trunc   gc
 ----   --------- ------ ----- --- -------- --------    ----------- -----------      ---- ----- ----
 (24) !     3e-08   35.8   0.0  cm        1       36 []         147         182 + .. 1.00    no 0.64

                                                          NC
                     :::::<<<--<<<<<<_________>>>>>>-->>> CS
  patent_aligned   1 GGUCAGACCCUGGUCCGGGGCAAUGGGACCACUGUU 36 
                     GGUC GACC  GG CC  GGCAAUGGG CC CUGUU
  ind_0044_00014 147 GGUCUGACCACGGUCCAAGGCAAUGGGGCCGCUGUU 182
                     ************************************ PP

>> ind_0044_00000  
 rank     E-value  score  bias mdl mdl from   mdl to       seq from      seq to       acc trunc   gc
 ----   --------- ------ ----- --- -------- --------    ----------- -----------      ---- ----- ----
 (25) !   1.4e-07   33.2   0.0  cm        1       36 []         147         182 + .. 1.00    no 0.69

                                                          NC
                     :::::<<<--<<<<<<_________>>>>>>-->>> CS
  patent_aligned   1 GGUCAGACCCUGGUCCGGGGCAAUGGGACCACUGUU 36 
                     GGUC GACC  GG CC  GGCAA GGG CC CUGUU
  ind_0044_00000 147 GGUCUGACCACGGCCCAAGGCAACGGGGCCGCUGUU 182
                     ************************************ PP

>> ind_0044_00034  
 rank     E-value  score  bias mdl mdl from   mdl to       seq from      seq to       acc trunc   gc
 ----   --------- ------ ----- --- -------- --------    ----------- -----------      ---- ----- ----
 (26) !   2.5e-07   32.3   0.0  cm        1       36 []         147         182 + .. 0.99    no 0.72

                                                          NC
                     :::::<<<--<<<<<<_________>>>>>>-->>> CS
  patent_aligned   1 GGUCAGACCCUGGUCCGGGGCAAUGGGACCACUGUU 36 
                     GGUC GACCC GG CC   GCAA GGG CC CUGUU
  ind_0044_00034 147 GGUCUGACCCCGGCCCAACGCAACGGGGCCGCUGUU 182
                     *****************99***************** PP

>> ind_0044_00021  
 rank     E-value  score  bias mdl mdl from   mdl to       seq from      seq to       acc trunc   gc
 ----   --------- ------ ----- --- -------- --------    ----------- -----------      ---- ----- ----
 (27) !   4.7e-07   31.3   0.0  cm        1       36 []         147         182 + .. 1.00    no 0.67

                                                          NC
                     :::::<<<--<<<<<<_________>>>>>>-->>> CS
  patent_aligned   1 GGUCAGACCCUGGUCCGGGGCAAUGGGACCACUGUU 36 
                     GGUC GAC C GG CC  GGCAA GGG CC CUGUU
  ind_0044_00021 147 GGUCUGACACCGGUCCAAGGCAACGGGGCCGCUGUU 182
                     ************************************ PP

>> ind_0044_00008  
 rank     E-value  score  bias mdl mdl from   mdl to       seq from      seq to       acc trunc   gc
 ----   --------- ------ ----- --- -------- --------    ----------- -----------      ---- ----- ----
 (28) !   4.7e-07   31.3   0.0  cm        1       36 []         147         182 + .. 1.00    no 0.67

                                                          NC
                     :::::<<<--<<<<<<_________>>>>>>-->>> CS
  patent_aligned   1 GGUCAGACCCUGGUCCGGGGCAAUGGGACCACUGUU 36 
                     GGUC GACC  GG CC  GGCAA GGG CC CUGUU
  ind_0044_00008 147 GGUCUGACCACGGUCCAAGGCAACGGGGCCGCUGUU 182
                     ************************************ PP

>> ind_0044_00028  
 rank     E-value  score  bias mdl mdl from   mdl to       seq from      seq to       acc trunc   gc
 ----   --------- ------ ----- --- -------- --------    ----------- -----------      ---- ----- ----
 (29) !   4.7e-07   31.3   0.0  cm        1       36 []         147         182 + .. 1.00    no 0.67

                                                          NC
                     :::::<<<--<<<<<<_________>>>>>>-->>> CS
  patent_aligned   1 GGUCAGACCCUGGUCCGGGGCAAUGGGACCACUGUU 36 
                     GGUC GACC  GG CC  GGCAA GGG CC CUGUU
  ind_0044_00028 147 GGUCUGACCACGGUCCAAGGCAACGGGGCCGCUGUU 182
                     ************************************ PP

>> ind_0044_00031  
 rank     E-value  score  bias mdl mdl from   mdl to       seq from      seq to       acc trunc   gc
 ----   --------- ------ ----- --- -------- --------    ----------- -----------      ---- ----- ----
 (30) !   4.7e-07   31.3   0.0  cm        1       36 []         147         182 + .. 1.00    no 0.67

                                                          NC
                     :::::<<<--<<<<<<_________>>>>>>-->>> CS
  patent_aligned   1 GGUCAGACCCUGGUCCGGGGCAAUGGGACCACUGUU 36 
                     GGUC GACC  GG CC  GGCAA GGG CC CUGUU
  ind_0044_00031 147 GGUCUGACCACGGUCCAAGGCAACGGGGCCGCUGUU 182
                     ************************************ PP

>> ind_0044_00033  
 rank     E-value  score  bias mdl mdl from   mdl to       seq from      seq to       acc trunc   gc
 ----   --------- ------ ----- --- -------- --------    ----------- -----------      ---- ----- ----
 (31) !   4.7e-07   31.3   0.0  cm        1       36 []         147         182 + .. 1.00    no 0.67

                                                          NC
                     :::::<<<--<<<<<<_________>>>>>>-->>> CS
  patent_aligned   1 GGUCAGACCCUGGUCCGGGGCAAUGGGACCACUGUU 36 
                     GGUC GACC  GG CC  GGCAA GGG CC CUGUU
  ind_0044_00033 147 GGUCUGACCACGGUCCAAGGCAACGGGGCCGCUGUU 182
                     ************************************ PP

>> ind_0044_00039  
 rank     E-value  score  bias mdl mdl from   mdl to       seq from      seq to       acc trunc   gc
 ----   --------- ------ ----- --- -------- --------    ----------- -----------      ---- ----- ----
 (32) !   4.7e-07   31.3   0.0  cm        1       36 []         147         182 + .. 1.00    no 0.67

                                                          NC
                     :::::<<<--<<<<<<_________>>>>>>-->>> CS
  patent_aligned   1 GGUCAGACCCUGGUCCGGGGCAAUGGGACCACUGUU 36 
                     GGUC GACC  GG CC  GGCAA GGG CC CUGUU
  ind_0044_00039 147 GGUCUGACCACGGUCCAAGGCAACGGGGCCGCUGUU 182
                     ************************************ PP

>> ind_0044_00044  
 rank     E-value  score  bias mdl mdl from   mdl to       seq from      seq to       acc trunc   gc
 ----   --------- ------ ----- --- -------- --------    ----------- -----------      ---- ----- ----
 (33) !   4.7e-07   31.3   0.0  cm        1       36 []         147         182 + .. 1.00    no 0.67

                                                          NC
                     :::::<<<--<<<<<<_________>>>>>>-->>> CS
  patent_aligned   1 GGUCAGACCCUGGUCCGGGGCAAUGGGACCACUGUU 36 
                     GGUC GACC  GG CC  GGCAA GGG CC CUGUU
  ind_0044_00044 147 GGUCUGACCACGGUCCAAGGCAACGGGGCCGCUGUU 182
                     ************************************ PP

>> ind_0044_00045  
 rank     E-value  score  bias mdl mdl from   mdl to       seq from      seq to       acc trunc   gc
 ----   --------- ------ ----- --- -------- --------    ----------- -----------      ---- ----- ----
 (34) !   4.7e-07   31.3   0.0  cm        1       36 []         147         182 + .. 1.00    no 0.67

                                                          NC
                     :::::<<<--<<<<<<_________>>>>>>-->>> CS
  patent_aligned   1 GGUCAGACCCUGGUCCGGGGCAAUGGGACCACUGUU 36 
                     GGUC GACC  GG CC  GGCAA GGG CC CUGUU
  ind_0044_00045 147 GGUCUGACCACGGUCCAAGGCAACGGGGCCGCUGUU 182
                     ************************************ PP

>> ind_0044_00012  
 rank     E-value  score  bias mdl mdl from   mdl to       seq from      seq to       acc trunc   gc
 ----   --------- ------ ----- --- -------- --------    ----------- -----------      ---- ----- ----
 (35) !   4.9e-07   31.2   0.0  cm        1       36 []         147         182 + .. 1.00    no 0.67

                                                          NC
                     :::::<<<--<<<<<<_________>>>>>>-->>> CS
  patent_aligned   1 GGUCAGACCCUGGUCCGGGGCAAUGGGACCACUGUU 36 
                     GGUC GACCC G  CC  GGCAA GGG  C CUGUU
  ind_0044_00012 147 GGUCUGACCCCGGUCCAAGGCAACGGGGUCGCUGUU 182
                     ************************************ PP

>> ind_0044_00037  
 rank     E-value  score  bias mdl mdl from   mdl to       seq from      seq to       acc trunc   gc
 ----   --------- ------ ----- --- -------- --------    ----------- -----------      ---- ----- ----
 (36) !   1.7e-06   29.2   0.0  cm        1       36 []         147         182 + .. 0.99    no 0.69

                                    v         v           NC
                     :::::<<<--<<<<<<_________>>>>>>-->>> CS
  patent_aligned   1 GGUCAGACCCUGGUCCGGGGCAAUGGGACCACUGUU 36 
                     GGUC GACCC GG C   GGCAA G G CC CUGUU
  ind_0044_00037 147 GGUCUGACCCCGGCCAAAGGCAACGGGGCCGCUGUU 182
                     ************************************ PP

>> ind_0044_00010  
 rank     E-value  score  bias mdl mdl from   mdl to       seq from      seq to       acc trunc   gc
 ----   --------- ------ ----- --- -------- --------    ----------- -----------      ---- ----- ----
 (37) !   1.7e-06   29.2   0.0  cm        1       36 []         147         182 + .. 1.00    no 0.69

                                   v           v          NC
                     :::::<<<--<<<<<<_________>>>>>>-->>> CS
  patent_aligned   1 GGUCAGACCCUGGUCCGGGGCAAUGGGACCACUGUU 36 
                     GGUC GACCC GG  C  GGCAA GG  CC CUGUU
  ind_0044_00010 147 GGUCUGACCCCGGCACAAGGCAACGGGGCCGCUGUU 182
                     ************************************ PP

>> ind_0044_00017  
 rank     E-value  score  bias mdl mdl from   mdl to       seq from      seq to       acc trunc   gc
 ----   --------- ------ ----- --- -------- --------    ----------- -----------      ---- ----- ----
 (38) !   3.4e-06   28.1   0.0  cm        1       36 []         147         182 + .. 0.99    no 0.72

                                                          NC
                     :::::<<<--<<<<<<_________>>>>>>-->>> CS
  patent_aligned   1 GGUCAGACCCUGGUCCGGGGCAAUGGGACCACUGUU 36 
                     GGUC GACC  GG CC  GGCA  GGG CC CUGUU
  ind_0044_00017 147 GGUCUGACCACGGCCCAAGGCAGCGGGGCCGCUGUU 182
                     **********************999*********** PP

>> ind_0044_00029  
 rank     E-value  score  bias mdl mdl from   mdl to       seq from      seq to       acc trunc   gc
 ----   --------- ------ ----- --- -------- --------    ----------- -----------      ---- ----- ----
 (39) !   4.8e-06   27.5   0.0  cm        1       36 []         147         182 + .. 0.99    no 0.75

                               v                   v      NC
                     :::::<<<--<<<<<<_________>>>>>>-->>> CS
  patent_aligned   1 GGUCAGACCCUGGUCCGGGGCAAUGGGACCACUGUU 36 
                     GGUC GACCC GG CC  GGC A GGG CC CUGUU
  ind_0044_00029 147 GGUCUGACCCGGGCCCAAGGCGACGGGGCCGCUGUU 182
                     *********************99************* PP

>> ind_0044_00013  
 rank     E-value  score  bias mdl mdl from   mdl to       seq from      seq to       acc trunc   gc
 ----   --------- ------ ----- --- -------- --------    ----------- -----------      ---- ----- ----
 (40) !   5.7e-06   27.2   0.0  cm        1       36 []         147         182 + .. 1.00    no 0.67

                                   v           v          NC
                     :::::<<<--<<<<<<_________>>>>>>-->>> CS
  patent_aligned   1 GGUCAGACCCUGGUCCGGGGCAAUGGGACCACUGUU 36 
                     GGUC GACCC GG  C  GGCAA GG  CC CUGUU
  ind_0044_00013 147 GGUCUGACCCCGGUACAAGGCAACGGGGCCGCUGUU 182
                     ************************************ PP

>> ind_0044_00032  
 rank     E-value  score  bias mdl mdl from   mdl to       seq from      seq to       acc trunc   gc
 ----   --------- ------ ----- --- -------- --------    ----------- -----------      ---- ----- ----
 (41) !     6e-06   27.1   0.0  cm        1       36 []         147         182 + .. 0.99    no 0.69

                                    v         v           NC
                     :::::<<<--<<<<<<_________>>>>>>-->>> CS
  patent_aligned   1 GGUCAGACCCUGGUCCGGGGCAAUGGGACCACUGUU 36 
                     GGUC GACCC GG C   GGCAA G G CC CUGUU
  ind_0044_00032 147 GGUCUGACCCCGGUCCAAGGCAACGCGGCCGCUGUU 182
                     ************************99********** PP

>> ind_0044_00015  
 rank     E-value  score  bias mdl mdl from   mdl to       seq from      seq to       acc trunc   gc
 ----   --------- ------ ----- --- -------- --------    ----------- -----------      ---- ----- ----
 (42) !   1.3e-05   25.9   0.0  cm        1       36 []         147         182 + .. 1.00    no 0.64

                                                          NC
                     :::::<<<--<<<<<<_________>>>>>>-->>> CS
  patent_aligned   1 GGUCAGACCCUGGUCCGGGGCAAUGGGACCACUGUU 36 
                     GGUC GACC  G  CC  GGCAA GGG  C CUGUU
  ind_0044_00015 147 GGUCUGACCACGGUCCAAGGCAACGGGGUCGCUGUU 182
                     ************************************ PP

>> ind_0044_00006  
 rank     E-value  score  bias mdl mdl from   mdl to       seq from      seq to       acc trunc   gc
 ----   --------- ------ ----- --- -------- --------    ----------- -----------      ---- ----- ----
 (43) !   1.9e-05   25.2   0.0  cm        1       36 []         147         182 + .. 1.00    no 0.67

                               v                   v      NC
                     :::::<<<--<<<<<<_________>>>>>>-->>> CS
  patent_aligned   1 GGUCAGACCCUGGUCCGGGGCAAUGGGACCACUGUU 36 
                     GGUC GACC  GG CC  GGCAA GGG CC CUGUU
  ind_0044_00006 147 GGUCUGACCACGGUCCAAGGCAACGGGGCCCCUGUU 182
                     ************************************ PP

>> ind_0044_00041  
 rank     E-value  score  bias mdl mdl from   mdl to       seq from      seq to       acc trunc   gc
 ----   --------- ------ ----- --- -------- --------    ----------- -----------      ---- ----- ----
 (44) !   2.9e-05   24.5   0.0  cm        1       36 []         147         182 + .. 1.00    no 0.64

                                 v               v        NC
                     :::::<<<--<<<<<<_________>>>>>>-->>> CS
  patent_aligned   1 GGUCAGACCCUGGUCCGGGGCAAUGGGACCACUGUU 36 
                     GGUC GACC  G  CC  GGCAA GGG  C CUGUU
  ind_0044_00041 147 GGUCUGACCUCGAUCCAAGGCAACGGGGCCGCUGUU 182
                     ************************************ PP

>> ind_0044_00042  
 rank     E-value  score  bias mdl mdl from   mdl to       seq from      seq to       acc trunc   gc
 ----   --------- ------ ----- --- -------- --------    ----------- -----------      ---- ----- ----
 (45) !   4.5e-05   23.8   0.0  cm        1       36 []         147         182 + .. 1.00    no 0.67

                          v                             v NC
                     :::::<<<--<<<<<<_________>>>>>>-->>> CS
  patent_aligned   1 GGUCAGACCCUGGUCCGGGGCAAUGGGACCACUGUU 36 
                     GGUC  ACC  GG CC  GGCAA GGG CC CUGU 
  ind_0044_00042 147 GGUCUCACCACGGUCCAAGGCAACGGGGCCGCUGUU 182
                     ************************************ PP

>> ind_0044_00046  
 rank     E-value  score  bias mdl mdl from   mdl to       seq from      seq to       acc trunc   gc
 ----   --------- ------ ----- --- -------- --------    ----------- -----------      ---- ----- ----
 (46) !   8.2e-05   22.9   0.0  cm        1       36 []         147         182 + .. 0.99    no 0.72

                                                          NC
                     :::::<<<--<<<<<<_________>>>>>>-->>> CS
  patent_aligned   1 GGUCAGACCCUGGUCCGGGGCAAUGGGACCACUGUU 36 
                      GUC GACC  GG CC  GGCA  GGG CC CUGUU
  ind_0044_00046 147 CGUCUGACCACGGCCCAAGGCAGCGGGGCCGCUGUU 182
                     **********************999*********** PP

>> ind_0044_00009  
 rank     E-value  score  bias mdl mdl from   mdl to       seq from      seq to       acc trunc   gc
 ----   --------- ------ ----- --- -------- --------    ----------- -----------      ---- ----- ----
 (47) !     9e-05   22.7   0.0  cm        1       36 []         147         182 + .. 1.00    no 0.64

                               v                   v      NC
                     :::::<<<--<<<<<<_________>>>>>>-->>> CS
  patent_aligned   1 GGUCAGACCCUGGUCCGGGGCAAUGGGACCACUGUU 36 
                     GGUC GA C  GG CC  GGCAA GGG CC CU UU
  ind_0044_00009 147 GGUCUGAUCACGGCCCAAGGCAACGGGGCCUCUGUU 182
                     ************************************ PP

>> ind_0044_00023  
 rank     E-value  score  bias mdl mdl from   mdl to       seq from      seq to       acc trunc   gc
 ----   --------- ------ ----- --- -------- --------    ----------- -----------      ---- ----- ----
 (48) !    0.0004   20.2   0.0  cm        1       36 []         147         180 + .. 1.00    no 0.74

                          vv                           vv NC
                     :::::<<<--<<<<<<_________>>>>>>-->>> CS
  patent_aligned   1 GGUCAGACCCUGGUCCGGGGCAAUGGGACCACUGUU 36 
                     GGUC GAC   GG CC  GGCAA GGG CC CUG  
  ind_0044_00023 147 GGUCUGACGACGGCCCAAGGCAACGGGGCCGCUG-- 180
                     **********************************.. PP

>> ind_0044_00030  
 rank     E-value  score  bias mdl mdl from   mdl to       seq from      seq to       acc trunc   gc
 ----   --------- ------ ----- --- -------- --------    ----------- -----------      ---- ----- ----
 (49) !   0.00085   19.0   0.0  cm        1       36 []         147         182 + .. 0.99    no 0.69

                                 v               v        NC
                     :::::<<<--<<<<<<_________>>>>>>-->>> CS
  patent_aligned   1 GGUCAGACCCUGGUCCGGGGCAAUGGGACCACUGUU 36 
                     G UC GACCC G  CC  GGC A GGG  C CUGUU
  ind_0044_00030 147 GUUCUGACCCCGGCCCAAGGCUACGGGGGCGCUGUU 182
                     *********************9999*********** PP

>> ind_0044_00040  
 rank     E-value  score  bias mdl mdl from   mdl to       seq from      seq to       acc trunc   gc
 ----   --------- ------ ----- --- -------- --------    ----------- -----------      ---- ----- ----
 (50) !    0.0017   17.9   0.0  cm        1       36 []         147         182 + .. 0.99    no 0.67

                            v       v         v       v   NC
                     :::::<<<--<<<<<<_________>>>>>>-->>> CS
  patent_aligned   1 GGUCAGACCCUGGUCCGGGGCAAUGGGACCACUGUU 36 
                     GGUC GA CC GG C   GGCAA G G CC CU UU
  ind_0044_00040 147 GGUCUGAGCCCGGUCAAAGGCAACGGGGCCGCUGUU 182
                     ************************************ PP

>> ind_0044_00016  
 rank     E-value  score  bias mdl mdl from   mdl to       seq from      seq to       acc trunc   gc
 ----   --------- ------ ----- --- -------- --------    ----------- -----------      ---- ----- ----
 (51) ?     0.032   13.1   0.0  cm        1       36 []         155         119 - .. 0.97    no 0.43

                                         NC
                     :::::<<<--~~~~~~>>> CS
  patent_aligned   1 GGUCAGACCC*[23]*GUU 36 
                     GGUCAGACCC      GUU
  ind_0044_00016 155 GGUCAGACCC*[24]*GUU 119
                     *********8...9..*** PP

>> ind_0044_00004  
 rank     E-value  score  bias mdl mdl from   mdl to       seq from      seq to       acc trunc   gc
 ----   --------- ------ ----- --- -------- --------    ----------- -----------      ---- ----- ----
 (52) ?     0.032   13.1   0.0  cm        1       36 []         155         119 - .. 0.98    no 0.43

                                         NC
                     :::::<<<--~~~~~~>>> CS
  patent_aligned   1 GGUCAGACCC*[23]*GUU 36 
                     GGUCAGACCC      GUU
  ind_0044_00004 155 GGUCAGACCC*[24]*GUU 119
                     *********8...9..*** PP

>> ind_0044_00034  
 rank     E-value  score  bias mdl mdl from   mdl to       seq from      seq to       acc trunc   gc
 ----   --------- ------ ----- --- -------- --------    ----------- -----------      ---- ----- ----
 (53) ?     0.032   13.1   0.0  cm        1       36 []         155         119 - .. 0.98    no 0.43

                                         NC
                     :::::<<<--~~~~~~>>> CS
  patent_aligned   1 GGUCAGACCC*[23]*GUU 36 
                     GGUCAGACCC      GUU
  ind_0044_00034 155 GGUCAGACCC*[24]*GUU 119
                     *********8...9..*** PP

>> ind_0044_00045  
 rank     E-value  score  bias mdl mdl from   mdl to       seq from      seq to       acc trunc   gc
 ----   --------- ------ ----- --- -------- --------    ----------- -----------      ---- ----- ----
 (54) ?     0.032   13.1   0.0  cm        1       36 []         155         119 - .. 0.98    no 0.46

                                         NC
                     :::::<<<--~~~~~~>>> CS
  patent_aligned   1 GGUCAGACCC*[23]*GUU 36 
                     GGUCAGACCC      GUU
  ind_0044_00045 155 GGUCAGACCC*[24]*GUU 119
                     *********8...9..*** PP

>> ind_0044_00013  
 rank     E-value  score  bias mdl mdl from   mdl to       seq from      seq to       acc trunc   gc
 ----   --------- ------ ----- --- -------- --------    ----------- -----------      ---- ----- ----
 (55) ?     0.032   13.1   0.0  cm        1       36 []         155         119 - .. 0.93    no 0.43

                                                 NC
                     :::::<<<--<<<~~~~~~>>>-->>> CS
  patent_aligned   1 GGUCAGACCCUGG*[15]*CCACUGUU 36 
                     GGUCAGACC U G      C AC GUU
  ind_0044_00013 155 GGUCAGACCAUGG*[16]*CUACAGUU 119
                     *********8876...*..67888*** PP

>> ind_0044_00020  
 rank     E-value  score  bias mdl mdl from   mdl to       seq from      seq to       acc trunc   gc
 ----   --------- ------ ----- --- -------- --------    ----------- -----------      ---- ----- ----
 (56) ?     0.057   12.1   0.0  cm        1       36 []         155         129 - .. 0.94    no 0.44

                                        NC
                     :::::<<<-~~~~~~>>> CS
  patent_aligned   1 GGUCAGACC*[24]*GUU 36 
                     GGUCAGACC      GUU
  ind_0044_00020 155 GGUCAGACC*[15]*GUU 129
                     ********9...9..*** PP

>> ind_0044_00006  
 rank     E-value  score  bias mdl mdl from   mdl to       seq from      seq to       acc trunc   gc
 ----   --------- ------ ----- --- -------- --------    ----------- -----------      ---- ----- ----
 (57) ?     0.073   11.7   0.0  cm        1       36 []         155         132 - .. 0.98    no 0.50

                                        NC
                     :::::<<<-~~~~~~>>> CS
  patent_aligned   1 GGUCAGACC*[24]*GUU 36 
                     GGUCAGACC      GUU
  ind_0044_00006 155 GGUCAGACC*[12]*GUU 132
                     ********8...*..*** PP

>> ind_0044_00031  
 rank     E-value  score  bias mdl mdl from   mdl to       seq from      seq to       acc trunc   gc
 ----   --------- ------ ----- --- -------- --------    ----------- -----------      ---- ----- ----
 (58) ?     0.082   11.5   0.0  cm        1       36 []         155         119 - .. 0.92    no 0.43

                                         NC
                     :::::<<<--~~~~~~>>> CS
  patent_aligned   1 GGUCAGACCC*[23]*GUU 36 
                     GGUCAGACC       GUU
  ind_0044_00031 155 GGUCAGACCA*[24]*GUU 119
                     ********95...9..*** PP

>> ind_0044_00029  
 rank     E-value  score  bias mdl mdl from   mdl to       seq from      seq to       acc trunc   gc
 ----   --------- ------ ----- --- -------- --------    ----------- -----------      ---- ----- ----
 (59) ?     0.084   11.5   0.0  cm        1       36 []         155         119 - .. 0.92    no 0.46

                                         NC
                     :::::<<<--~~~~~~>>> CS
  patent_aligned   1 GGUCAGACCC*[23]*GUU 36 
                     GGUCAGACC       GUU
  ind_0044_00029 155 GGUCAGACCA*[24]*GUU 119
                     ********95...9..*** PP

>> ind_0044_00035  
 rank     E-value  score  bias mdl mdl from   mdl to       seq from      seq to       acc trunc   gc
 ----   --------- ------ ----- --- -------- --------    ----------- -----------      ---- ----- ----
 (60) ?     0.084   11.5   0.0  cm        1       36 []         155         119 - .. 0.92    no 0.46

                                         NC
                     :::::<<<--~~~~~~>>> CS
  patent_aligned   1 GGUCAGACCC*[23]*GUU 36 
                     GGUCAGACC       GUU
  ind_0044_00035 155 GGUCAGACCA*[24]*GUU 119
                     ********95...9..*** PP

>> ind_0044_00003  
 rank     E-value  score  bias mdl mdl from   mdl to       seq from      seq to       acc trunc   gc
 ----   --------- ------ ----- --- -------- --------    ----------- -----------      ---- ----- ----
 (61) ?     0.084   11.5   0.0  cm        1       36 []         155         119 - .. 0.92    no 0.43

                                         NC
                     :::::<<<--~~~~~~>>> CS
  patent_aligned   1 GGUCAGACCC*[23]*GUU 36 
                     GGUCAGACC       GUU
  ind_0044_00003 155 GGUCAGACCA*[24]*GUU 119
                     ********95...9..*** PP

>> ind_0044_00011  
 rank     E-value  score  bias mdl mdl from   mdl to       seq from      seq to       acc trunc   gc
 ----   --------- ------ ----- --- -------- --------    ----------- -----------      ---- ----- ----
 (62) ?     0.084   11.5   0.0  cm        1       36 []         155         119 - .. 0.92    no 0.43

                                         NC
                     :::::<<<--~~~~~~>>> CS
  patent_aligned   1 GGUCAGACCC*[23]*GUU 36 
                     GGUCAGACC       GUU
  ind_0044_00011 155 GGUCAGACCA*[24]*GUU 119
                     ********95...9..*** PP

>> ind_0044_00025  
 rank     E-value  score  bias mdl mdl from   mdl to       seq from      seq to       acc trunc   gc
 ----   --------- ------ ----- --- -------- --------    ----------- -----------      ---- ----- ----
 (63) ?     0.084   11.5   0.0  cm        1       36 []         155         119 - .. 0.92    no 0.43

                                         NC
                     :::::<<<--~~~~~~>>> CS
  patent_aligned   1 GGUCAGACCC*[23]*GUU 36 
                     GGUCAGACC       GUU
  ind_0044_00025 155 GGUCAGACCA*[24]*GUU 119
                     ********95...9..*** PP

>> ind_0044_00047  
 rank     E-value  score  bias mdl mdl from   mdl to       seq from      seq to       acc trunc   gc
 ----   --------- ------ ----- --- -------- --------    ----------- -----------      ---- ----- ----
 (64) ?     0.084   11.5   0.0  cm        1       36 []         155         119 - .. 0.92    no 0.43

                                         NC
                     :::::<<<--~~~~~~>>> CS
  patent_aligned   1 GGUCAGACCC*[23]*GUU 36 
                     GGUCAGACC       GUU
  ind_0044_00047 155 GGUCAGACCA*[24]*GUU 119
                     ********95...9..*** PP

>> ind_0044_00001  
 rank     E-value  score  bias mdl mdl from   mdl to       seq from      seq to       acc trunc   gc
 ----   --------- ------ ----- --- -------- --------    ----------- -----------      ---- ----- ----
 (65) ?     0.084   11.5   0.0  cm        1       36 []         155         119 - .. 0.92    no 0.41

                                         NC
                     :::::<<<--~~~~~~>>> CS
  patent_aligned   1 GGUCAGACCC*[23]*GUU 36 
                     GGUCAGACC       GUU
  ind_0044_00001 155 GGUCAGACCA*[24]*GUU 119
                     ********95...9..*** PP

>> ind_0044_00026  
 rank     E-value  score  bias mdl mdl from   mdl to       seq from      seq to       acc trunc   gc
 ----   --------- ------ ----- --- -------- --------    ----------- -----------      ---- ----- ----
 (66) ?     0.084   11.5   0.0  cm        1       36 []         155         119 - .. 0.92    no 0.41

                                         NC
                     :::::<<<--~~~~~~>>> CS
  patent_aligned   1 GGUCAGACCC*[23]*GUU 36 
                     GGUCAGACC       GUU
  ind_0044_00026 155 GGUCAGACCA*[24]*GUU 119
                     ********95...9..*** PP

>> ind_0044_00038  
 rank     E-value  score  bias mdl mdl from   mdl to       seq from      seq to       acc trunc   gc
 ----   --------- ------ ----- --- -------- --------    ----------- -----------      ---- ----- ----
 (67) ?     0.084   11.5   0.0  cm        1       36 []         155         119 - .. 0.92    no 0.41

                                         NC
                     :::::<<<--~~~~~~>>> CS
  patent_aligned   1 GGUCAGACCC*[23]*GUU 36 
                     GGUCAGACC       GUU
  ind_0044_00038 155 GGUCAGACCA*[24]*GUU 119
                     ********95...9..*** PP

>> ind_0044_00010  
 rank     E-value  score  bias mdl mdl from   mdl to       seq from      seq to       acc trunc   gc
 ----   --------- ------ ----- --- -------- --------    ----------- -----------      ---- ----- ----
 (68) ?     0.084   11.5   0.0  cm        1       36 []         155         119 - .. 0.93    no 0.41

                                         NC
                     :::::<<<--~~~~~~>>> CS
  patent_aligned   1 GGUCAGACCC*[23]*GUU 36 
                     GGUCAGACC       GUU
  ind_0044_00010 155 GGUCAGACCA*[24]*GUU 119
                     ********95...9..*** PP

>> ind_0044_00014  
 rank     E-value  score  bias mdl mdl from   mdl to       seq from      seq to       acc trunc   gc
 ----   --------- ------ ----- --- -------- --------    ----------- -----------      ---- ----- ----
 (69) ?       0.1   11.2   0.0  cm        1       36 []         155         119 - .. 0.94    no 0.46

                                        NC
                     :::::<<<-~~~~~~>>> CS
  patent_aligned   1 GGUCAGACC*[24]*GUU 36 
                     GGUCAGACC      GUU
  ind_0044_00014 155 GGUCAGACC*[25]*GUU 119
                     ********9...9..*** PP

>> ind_0044_00037  
 rank     E-value  score  bias mdl mdl from   mdl to       seq from      seq to       acc trunc   gc
 ----   --------- ------ ----- --- -------- --------    ----------- -----------      ---- ----- ----
 (70) ?      0.14   10.7   0.0  cm        1       36 []         155         106 - .. 0.97    no 0.48

                                          NC
                     :::::<<<--~~~~~~->>> CS
  patent_aligned   1 GGUCAGACCC*[22]*UGUU 36 
                     GGUCAGACC       UGUU
  ind_0044_00037 155 GGUCAGACCA*[36]*UGUU 106
                     ********96...*..6*** PP

>> ind_0044_00032  
 rank     E-value  score  bias mdl mdl from   mdl to       seq from      seq to       acc trunc   gc
 ----   --------- ------ ----- --- -------- --------    ----------- -----------      ---- ----- ----
 (71) ?      0.14   10.6   0.0  cm        1       36 []         155         119 - .. 0.99    no 0.46

                                        NC
                     :::::<<<-~~~~~~>>> CS
  patent_aligned   1 GGUCAGACC*[24]*GUU 36 
                     GGUCAGACC      GUU
  ind_0044_00032 155 GGUCAGACC*[25]*GUU 119
                     ********8...*..*** PP

>> ind_0044_00017  
 rank     E-value  score  bias mdl mdl from   mdl to       seq from      seq to       acc trunc   gc
 ----   --------- ------ ----- --- -------- --------    ----------- -----------      ---- ----- ----
 (72) ?      0.14   10.6   0.0  cm        1       36 []         155         119 - .. 0.99    no 0.49

                                        NC
                     :::::<<<-~~~~~~>>> CS
  patent_aligned   1 GGUCAGACC*[24]*GUU 36 
                     GGUCAGACC      GUU
  ind_0044_00017 155 GGUCAGACC*[25]*GUU 119
                     ********8...*..*** PP

>> ind_0044_00043  
 rank     E-value  score  bias mdl mdl from   mdl to       seq from      seq to       acc trunc   gc
 ----   --------- ------ ----- --- -------- --------    ----------- -----------      ---- ----- ----
 (73) ?      0.14   10.6   0.0  cm        1       36 []         155         119 - .. 0.99    no 0.49

                                        NC
                     :::::<<<-~~~~~~>>> CS
  patent_aligned   1 GGUCAGACC*[24]*GUU 36 
                     GGUCAGACC      GUU
  ind_0044_00043 155 GGUCAGACC*[25]*GUU 119
                     ********8...*..*** PP

>> ind_0044_00048  
 rank     E-value  score  bias mdl mdl from   mdl to       seq from      seq to       acc trunc   gc
 ----   --------- ------ ----- --- -------- --------    ----------- -----------      ---- ----- ----
 (74) ?      0.14   10.6   0.0  cm        1       36 []         155         119 - .. 0.99    no 0.49

                                        NC
                     :::::<<<-~~~~~~>>> CS
  patent_aligned   1 GGUCAGACC*[24]*GUU 36 
                     GGUCAGACC      GUU
  ind_0044_00048 155 GGUCAGACC*[25]*GUU 119
                     ********8...*..*** PP

>> ind_0044_00000  
 rank     E-value  score  bias mdl mdl from   mdl to       seq from      seq to       acc trunc   gc
 ----   --------- ------ ----- --- -------- --------    ----------- -----------      ---- ----- ----
 (75) ?      0.14   10.6   0.0  cm        1       36 []         155         119 - .. 0.99    no 0.46

                                        NC
                     :::::<<<-~~~~~~>>> CS
  patent_aligned   1 GGUCAGACC*[24]*GUU 36 
                     GGUCAGACC      GUU
  ind_0044_00000 155 GGUCAGACC*[25]*GUU 119
                     ********8...*..*** PP

>> ind_0044_00005  
 rank     E-value  score  bias mdl mdl from   mdl to       seq from      seq to       acc trunc   gc
 ----   --------- ------ ----- --- -------- --------    ----------- -----------      ---- ----- ----
 (76) ?      0.14   10.6   0.0  cm        1       36 []         155         119 - .. 0.99    no 0.46

                                        NC
                     :::::<<<-~~~~~~>>> CS
  patent_aligned   1 GGUCAGACC*[24]*GUU 36 
                     GGUCAGACC      GUU
  ind_0044_00005 155 GGUCAGACC*[25]*GUU 119
                     ********8...*..*** PP

>> ind_0044_00036  
 rank     E-value  score  bias mdl mdl from   mdl to       seq from      seq to       acc trunc   gc
 ----   --------- ------ ----- --- -------- --------    ----------- -----------      ---- ----- ----
 (77) ?      0.14   10.6   0.0  cm        1       36 []         155         119 - .. 0.99    no 0.46

                                        NC
                     :::::<<<-~~~~~~>>> CS
  patent_aligned   1 GGUCAGACC*[24]*GUU 36 
                     GGUCAGACC      GUU
  ind_0044_00036 155 GGUCAGACC*[25]*GUU 119
                     ********8...*..*** PP

>> ind_0044_00049  
 rank     E-value  score  bias mdl mdl from   mdl to       seq from      seq to       acc trunc   gc
 ----   --------- ------ ----- --- -------- --------    ----------- -----------      ---- ----- ----
 (78) ?      0.14   10.6   0.0  cm        1       36 []         155         119 - .. 0.99    no 0.46

                                        NC
                     :::::<<<-~~~~~~>>> CS
  patent_aligned   1 GGUCAGACC*[24]*GUU 36 
                     GGUCAGACC      GUU
  ind_0044_00049 155 GGUCAGACC*[25]*GUU 119
                     ********8...*..*** PP

>> ind_0044_00019  
 rank     E-value  score  bias mdl mdl from   mdl to       seq from      seq to       acc trunc   gc
 ----   --------- ------ ----- --- -------- --------    ----------- -----------      ---- ----- ----
 (79) ?      0.14   10.6   0.0  cm        1       36 []         155         119 - .. 0.99    no 0.49

                                        NC
                     :::::<<<-~~~~~~>>> CS
  patent_aligned   1 GGUCAGACC*[24]*GUU 36 
                     GGUCAGACC      GUU
  ind_0044_00019 155 GGUCAGACC*[25]*GUU 119
                     ********8...*..*** PP

>> ind_0044_00022  
 rank     E-value  score  bias mdl mdl from   mdl to       seq from      seq to       acc trunc   gc
 ----   --------- ------ ----- --- -------- --------    ----------- -----------      ---- ----- ----
 (80) ?      0.14   10.6   0.0  cm        1       36 []         155         119 - .. 0.99    no 0.46

                                        NC
                     :::::<<<-~~~~~~>>> CS
  patent_aligned   1 GGUCAGACC*[24]*GUU 36 
                     GGUCAGACC      GUU
  ind_0044_00022 155 GGUCAGACC*[25]*GUU 119
                     ********8...*..*** PP

>> ind_0044_00018  
 rank     E-value  score  bias mdl mdl from   mdl to       seq from      seq to       acc trunc   gc
 ----   --------- ------ ----- --- -------- --------    ----------- -----------      ---- ----- ----
 (81) ?       0.2   10.1   0.0  cm        1       36 []         155         132 - .. 0.83    no 0.54

                          v            v NC
                     :::::<<<--~~~~~~>>> CS
  patent_aligned   1 GGUCAGACCC*[23]*GUU 36 
                     GGUCAGACCC      GU 
  ind_0044_00018 155 GGUCAGACCC*[12]*GU- 132
                     *********9...7..*9. PP

>> ind_0044_00012  
 rank     E-value  score  bias mdl mdl from   mdl to       seq from      seq to       acc trunc   gc
 ----   --------- ------ ----- --- -------- --------    ----------- -----------      ---- ----- ----
 (82) ?       0.3    9.4   0.0  cm        1       36 []         155         132 - .. 0.97    no 0.50

                          v            v NC
                     :::::<<<--~~~~~~>>> CS
  patent_aligned   1 GGUCAGACCC*[23]*GUU 36 
                     GGUCAGACCC      GU 
  ind_0044_00012 155 GGUCAGACCC*[12]*GU- 132
                     ********98...*..98. PP

>> ind_0044_00032  
 rank     E-value  score  bias mdl mdl from   mdl to       seq from      seq to       acc trunc   gc
 ----   --------- ------ ----- --- -------- --------    ----------- -----------      ---- ----- ----
 (83) ?        13    3.2   0.0  cm        1       36 []         108         102 - .. 0.95    no 0.57

                                   NC
                     :::::<~~~~~~> CS
  patent_aligned   1 GGUCAG*[29]*U 36 
                     GGUCAG      U
  ind_0044_00032 108 GGUCAG*[ 0]*U 102
                     *****9......9 PP

>> ind_0044_00006  
 rank     E-value  score  bias mdl mdl from   mdl to       seq from      seq to       acc trunc   gc
 ----   --------- ------ ----- --- -------- --------    ----------- -----------      ---- ----- ----
 (84) ?        13    3.2   0.0  cm        1       36 []         108         102 - .. 0.95    no 0.57

                                   NC
                     :::::<~~~~~~> CS
  patent_aligned   1 GGUCAG*[29]*U 36 
                     GGUCAG      U
  ind_0044_00006 108 GGUCAG*[ 0]*U 102
                     *****9......9 PP

>> ind_0044_00006  
 rank     E-value  score  bias mdl mdl from   mdl to       seq from      seq to       acc trunc   gc
 ----   --------- ------ ----- --- -------- --------    ----------- -----------      ---- ----- ----
 (85) ?   2.1e+02   -1.3   0.0  cm        1       36 []         114         110 - .. 0.92    no 0.80

                                NC
                     ::::~~~~~~ CS
  patent_aligned   1 GGUC*[32]* 36 
                     GGUC      
  ind_0044_00006 114 GGUC*[ 1]* 110
                     **98...9.. PP

>> ind_0044_00029  
 rank     E-value  score  bias mdl mdl from   mdl to       seq from      seq to       acc trunc   gc
 ----   --------- ------ ----- --- -------- --------    ----------- -----------      ---- ----- ----
 (86) ?   2.4e+02   -1.5   0.0  cm       22       25 ..         118         115 - .. 1.00    no 0.25

                          NC
                     ____ CS
  patent_aligned  22 AAUG 25 
                     AAUG
  ind_0044_00029 118 AAUG 115
                     **** PP

>> ind_0044_00029  
 rank     E-value  score  bias mdl mdl from   mdl to       seq from      seq to       acc trunc   gc
 ----   --------- ------ ----- --- -------- --------    ----------- -----------      ---- ----- ----
 (87) ?   6.4e+02   -3.1   0.0  cm        1       36 []         114         111 - .. 0.90    no 0.50

                               NC
                     :::~~~~~~ CS
  patent_aligned   1 GGU*[33]* 36 
                     GGU      
  ind_0044_00029 114 GGU*[ 1]* 111
                     **8...9.. PP

>> ind_0044_00029  
 rank     E-value  score  bias mdl mdl from   mdl to       seq from      seq to       acc trunc   gc
 ----   --------- ------ ----- --- -------- --------    ----------- -----------      ---- ----- ----
 (88) ?   6.7e+02   -3.2   0.0  cm        1       36 []         108         106 - .. 0.90    no 0.67

                               NC
                     :::~~~~~~ CS
  patent_aligned   1 GGU*[33]* 36 
                     GGU      
  ind_0044_00029 108 GGU*[ 0]* 106
                     *97...... PP



Internal CM pipeline statistics summary:
----------------------------------------
Query model(s):                                                  1  (36 consensus positions)
Target sequences:                                               50  (19700 residues searched)
Target sequences re-searched for truncated hits:                50  (10200 residues re-searched)
Windows   passing  local HMM SSV           filter:             270  (0.5205); expected (0.35)
Windows   passing  local HMM Viterbi       filter:                  (off)
Windows   passing  local HMM Viterbi  bias filter:                  (off)
Windows   passing  local HMM Forward       filter:             184  (0.3802); expected (0.02)
Windows   passing  local HMM Forward  bias filter:             178  (0.3597); expected (0.02)
Windows   passing glocal HMM Forward       filter:             124  (0.2947); expected (0.02)
Windows   passing glocal HMM Forward  bias filter:             123  (0.2913); expected (0.02)
Envelopes passing glocal HMM envelope defn filter:             123  (0.1789); expected (0.02)
Envelopes passing  local CM  CYK           filter:             122  (0.1701); expected (0.0001)
Total CM hits reported:                                         88  (0.09953); includes 0 truncated hit(s)

# CPU time: 0.85u 0.00s 00:00:00.85 Elapsed: 00:00:00.86
# Alignment of 50 hits satisfying inclusion thresholds saved to: optimization_a7/100gen/_workspace/cmsearch_logs/gen_0044/patent_cmsearch.sto
//
[ok]
