# cmsearch :: search CM(s) against a sequence database
# INFERNAL 1.1.5 (Sep 2023)
# Copyright (C) 2023 Howard Hughes Medical Institute.
# Freely distributed under the BSD open source license.
# - - - - - - - - - - - - - - - - - - - - - - - - - - - - - - - - - - - -
# query CM file:                         A7_analysis/patent.cm
# target sequence database:              /tmp/tmpv3vpngbt/queries.fa
# output directed to file:               optimization_a7/38gen/_workspace/cmsearch_logs/gen_0018/patent_cmsearch.out
# MSA of significant hits saved to file: optimization_a7/38gen/_workspace/cmsearch_logs/gen_0018/patent_cmsearch.sto
# tabular output of hits:                optimization_a7/38gen/_workspace/cmsearch_logs/gen_0018/patent_cmsearch.tblout
# max ASCII text line length:            unlimited
# sequence reporting threshold:          E-value <= 1000
# number of worker threads:              4
# - - - - - - - - - - - - - - - - - - - - - - - - - - - - - - - - - - - -

Query:       patent_aligned  [CLEN=36]
Hit scores:
 rank     E-value  score  bias  sequence        start    end   mdl trunc   gc  description
 ----   --------- ------ -----  -------------- ------ ------   --- ----- ----  -----------
  (1) !   9.3e-14   56.5   0.0  ind_0018_00041    147    182 +  cm    no 0.64  -
  (2) !   1.6e-13   55.7   0.0  ind_0018_00020    147    182 +  cm    no 0.64  -
  (3) !   4.8e-13   53.8   0.0  ind_0018_00012    147    182 +  cm    no 0.64  -
  (4) !   4.8e-13   53.8   0.0  ind_0018_00027    147    182 +  cm    no 0.64  -
  (5) !   7.8e-13   53.0   0.0  ind_0018_00026    147    182 +  cm    no 0.61  -
  (6) !   1.8e-12   51.7   0.0  ind_0018_00031    147    182 +  cm    no 0.69  -
  (7) !   2.8e-12   51.0   0.0  ind_0018_00038    147    179 +  cm    no 0.64  -
  (8) !   4.4e-12   50.2   0.0  ind_0018_00000    147    182 +  cm    no 0.64  -
  (9) !   5.8e-12   49.8   0.0  ind_0018_00001    147    182 +  cm    no 0.67  -
 (10) !   5.8e-12   49.8   0.0  ind_0018_00002    147    182 +  cm    no 0.67  -
 (11) !   5.8e-12   49.8   0.0  ind_0018_00007    147    182 +  cm    no 0.67  -
 (12) !   5.8e-12   49.8   0.0  ind_0018_00008    147    182 +  cm    no 0.67  -
 (13) !   5.8e-12   49.8   0.0  ind_0018_00014    147    182 +  cm    no 0.67  -
 (14) !   7.6e-12   49.3   0.0  ind_0018_00005    147    182 +  cm    no 0.64  -
 (15) !   7.6e-12   49.3   0.0  ind_0018_00040    147    182 +  cm    no 0.64  -
 (16) !   2.6e-11   47.3   0.0  ind_0018_00013    147    182 +  cm    no 0.69  -
 (17) !   4.9e-11   46.3   0.0  ind_0018_00010    147    182 +  cm    no 0.69  -
 (18) !   5.2e-11   46.2   0.0  ind_0018_00035    147    182 +  cm    no 0.64  -
 (19) !   1.2e-10   44.9   0.0  ind_0018_00023    147    182 +  cm    no 0.61  -
 (20) !   1.2e-10   44.9   0.0  ind_0018_00033    147    182 +  cm    no 0.61  -
 (21) !   1.2e-10   44.9   0.0  ind_0018_00045    147    182 +  cm    no 0.61  -
 (22) !   1.2e-10   44.8   0.0  ind_0018_00003    147    182 +  cm    no 0.61  -
 (23) !   1.6e-10   44.3   0.0  ind_0018_00006    147    182 +  cm    no 0.67  -
 (24) !   1.7e-10   44.3   0.0  ind_0018_00004    147    182 +  cm    no 0.61  -
 (25) !   1.7e-10   44.3   0.0  ind_0018_00018    147    182 +  cm    no 0.61  -
 (26) !   1.8e-10   44.1   0.0  ind_0018_00017    147    182 +  cm    no 0.64  -
 (27) !   1.8e-10   44.1   0.0  ind_0018_00024    147    182 +  cm    no 0.64  -
 (28) !   1.8e-10   44.1   0.0  ind_0018_00032    147    182 +  cm    no 0.64  -
 (29) !   1.8e-10   44.1   0.0  ind_0018_00039    147    182 +  cm    no 0.64  -
 (30) !   1.9e-10   44.1   0.0  ind_0018_00029    147    182 +  cm    no 0.64  -
 (31) !   2.5e-10   43.6   0.0  ind_0018_00042    147    182 +  cm    no 0.64  -
 (32) !   2.5e-10   43.6   0.0  ind_0018_00015    147    182 +  cm    no 0.67  -
 (33) !   2.6e-10   43.6   0.0  ind_0018_00048    147    182 +  cm    no 0.72  -
 (34) !   3.9e-10   42.9   0.0  ind_0018_00049    147    180 +  cm    no 0.71  -
 (35) !   6.3e-10   42.1   0.0  ind_0018_00030    147    182 +  cm    no 0.69  -
 (36) !   6.9e-10   42.0   0.0  ind_0018_00009    147    182 +  cm    no 0.67  -
 (37) !   1.5e-09   40.7   0.0  ind_0018_00016    147    182 +  cm    no 0.61  -
 (38) !     2e-09   40.2   0.0  ind_0018_00021    147    182 +  cm    no 0.64  -
 (39) !   2.3e-09   40.0   0.0  ind_0018_00019    147    182 +  cm    no 0.58  -
 (40) !   2.9e-09   39.6   0.0  ind_0018_00044    147    182 +  cm    no 0.64  -
 (41) !   1.5e-08   37.0   0.0  ind_0018_00022    147    182 +  cm    no 0.58  -
 (42) !     2e-08   36.5   0.0  ind_0018_00025    147    182 +  cm    no 0.61  -
 (43) !   2.3e-08   36.2   0.0  ind_0018_00043    147    182 +  cm    no 0.61  -
 (44) !   3.5e-08   35.5   0.0  ind_0018_00011    147    182 +  cm    no 0.58  -
 (45) !   4.2e-08   35.2   0.0  ind_0018_00037    147    182 +  cm    no 0.61  -
 (46) !   4.2e-08   35.2   0.0  ind_0018_00046    147    182 +  cm    no 0.61  -
 (47) !   4.7e-08   35.1   0.0  ind_0018_00036    147    181 +  cm    no 0.71  -
 (48) !   3.4e-07   31.8   0.0  ind_0018_00047    147    182 +  cm    no 0.56  -
 (49) !   7.8e-07   30.4   0.0  ind_0018_00034    147    182 +  cm    no 0.61  -
 (50) !   1.4e-05   25.7   0.0  ind_0018_00028    147    182 +  cm    no 0.61  -
 ------ inclusion threshold ------
 (51) ?       0.2   10.1   0.0  ind_0018_00029    155    140 -  cm    no 0.75  -
 (52) ?       0.2   10.1   0.0  ind_0018_00001    155    140 -  cm    no 0.69  -
 (53) ?       0.2   10.1   0.0  ind_0018_00002    155    140 -  cm    no 0.69  -
 (54) ?       0.2   10.1   0.0  ind_0018_00007    155    140 -  cm    no 0.69  -
 (55) ?       0.2   10.1   0.0  ind_0018_00008    155    140 -  cm    no 0.69  -
 (56) ?       0.2   10.1   0.0  ind_0018_00014    155    140 -  cm    no 0.69  -
 (57) ?       0.2   10.1   0.0  ind_0018_00020    155    140 -  cm    no 0.69  -
 (58) ?       0.2   10.1   0.0  ind_0018_00049    155    140 -  cm    no 0.69  -
 (59) ?       0.2   10.1   0.0  ind_0018_00015    155    140 -  cm    no 0.69  -
 (60) ?       0.2   10.1   0.0  ind_0018_00031    155    140 -  cm    no 0.69  -
 (61) ?      0.57    8.4   0.0  ind_0018_00040    155    132 -  cm    no 0.75  -
 (62) ?      0.72    8.0   0.0  ind_0018_00005    155    132 -  cm    no 0.67  -
 (63) ?   6.4e+02   -3.1   0.0  ind_0018_00029    135    132 -  cm    no 0.50  -


Hit alignments:
>> ind_0018_00041  
 rank     E-value  score  bias mdl mdl from   mdl to       seq from      seq to       acc trunc   gc
 ----   --------- ------ ----- --- -------- --------    ----------- -----------      ---- ----- ----
  (1) !   9.3e-14   56.5   0.0  cm        1       36 []         147         182 + .. 1.00    no 0.64

                                                          NC
                     :::::<<<--<<<<<<_________>>>>>>-->>> CS
  patent_aligned   1 GGUCAGACCCUGGUCCGGGGCAAUGGGACCACUGUU 36 
                     GGUC GACC UGGUCCGGGGCAAUGGGACCACUGUU
  ind_0018_00041 147 GGUCGGACCUUGGUCCGGGGCAAUGGGACCACUGUU 182
                     ************************************ PP

>> ind_0018_00020  
 rank     E-value  score  bias mdl mdl from   mdl to       seq from      seq to       acc trunc   gc
 ----   --------- ------ ----- --- -------- --------    ----------- -----------      ---- ----- ----
  (2) !   1.6e-13   55.7   0.0  cm        1       36 []         147         182 + .. 1.00    no 0.64

                                                          NC
                     :::::<<<--<<<<<<_________>>>>>>-->>> CS
  patent_aligned   1 GGUCAGACCCUGGUCCGGGGCAAUGGGACCACUGUU 36 
                     GGUC GACC UGGUCCGGGGCAAUGGGACCACUGUU
  ind_0018_00020 147 GGUCGGACCAUGGUCCGGGGCAAUGGGACCACUGUU 182
                     ************************************ PP

>> ind_0018_00012  
 rank     E-value  score  bias mdl mdl from   mdl to       seq from      seq to       acc trunc   gc
 ----   --------- ------ ----- --- -------- --------    ----------- -----------      ---- ----- ----
  (3) !   4.8e-13   53.8   0.0  cm        1       36 []         147         182 + .. 1.00    no 0.64

                                                          NC
                     :::::<<<--<<<<<<_________>>>>>>-->>> CS
  patent_aligned   1 GGUCAGACCCUGGUCCGGGGCAAUGGGACCACUGUU 36 
                     GGUCAGACCCUGGUCCG GG AAUGGGACCACUGUU
  ind_0018_00012 147 GGUCAGACCCUGGUCCGCGGGAAUGGGACCACUGUU 182
                     ************************************ PP

>> ind_0018_00027  
 rank     E-value  score  bias mdl mdl from   mdl to       seq from      seq to       acc trunc   gc
 ----   --------- ------ ----- --- -------- --------    ----------- -----------      ---- ----- ----
  (4) !   4.8e-13   53.8   0.0  cm        1       36 []         147         182 + .. 1.00    no 0.64

                                                          NC
                     :::::<<<--<<<<<<_________>>>>>>-->>> CS
  patent_aligned   1 GGUCAGACCCUGGUCCGGGGCAAUGGGACCACUGUU 36 
                     GGUCAGACCCUGGUCCG GG AAUGGGACCACUGUU
  ind_0018_00027 147 GGUCAGACCCUGGUCCGCGGGAAUGGGACCACUGUU 182
                     ************************************ PP

>> ind_0018_00026  
 rank     E-value  score  bias mdl mdl from   mdl to       seq from      seq to       acc trunc   gc
 ----   --------- ------ ----- --- -------- --------    ----------- -----------      ---- ----- ----
  (5) !   7.8e-13   53.0   0.0  cm        1       36 []         147         182 + .. 1.00    no 0.61

                                                          NC
                     :::::<<<--<<<<<<_________>>>>>>-->>> CS
  patent_aligned   1 GGUCAGACCCUGGUCCGGGGCAAUGGGACCACUGUU 36 
                     GGUCA:ACCCU GUCCGGGG AAUGGGAC ACUGU:
  ind_0018_00026 147 GGUCAGACCCUGGUCCGGGGAAAUGGGACUACUGUC 182
                     ************************************ PP

>> ind_0018_00031  
 rank     E-value  score  bias mdl mdl from   mdl to       seq from      seq to       acc trunc   gc
 ----   --------- ------ ----- --- -------- --------    ----------- -----------      ---- ----- ----
  (6) !   1.8e-12   51.7   0.0  cm        1       36 []         147         182 + .. 1.00    no 0.69

                                                          NC
                     :::::<<<--<<<<<<_________>>>>>>-->>> CS
  patent_aligned   1 GGUCAGACCCUGGUCCGGGGCAAUGGGACCACUGUU 36 
                     GGUC GACC UGG CCGGGGCAAUGGG CCACUGUU
  ind_0018_00031 147 GGUCGGACCAUGGCCCGGGGCAAUGGGGCCACUGUU 182
                     ************************************ PP

>> ind_0018_00038  
 rank     E-value  score  bias mdl mdl from   mdl to       seq from      seq to       acc trunc   gc
 ----   --------- ------ ----- --- -------- --------    ----------- -----------      ---- ----- ----
  (7) !   2.8e-12   51.0   0.0  cm        1       36 []         147         179 + .. 1.00    no 0.64

                          vvv                         vvv NC
                     :::::<<<--<<<<<<_________>>>>>>-->>> CS
  patent_aligned   1 GGUCAGACCCUGGUCCGGGGCAAUGGGACCACUGUU 36 
                     GGUCAGACCCUGGUCCGGGG AAUGGGACCACU   
  ind_0018_00038 147 GGUCAGACCCUGGUCCGGGGAAAUGGGACCACU--- 179
                     *********************************... PP

>> ind_0018_00000  
 rank     E-value  score  bias mdl mdl from   mdl to       seq from      seq to       acc trunc   gc
 ----   --------- ------ ----- --- -------- --------    ----------- -----------      ---- ----- ----
  (8) !   4.4e-12   50.2   0.0  cm        1       36 []         147         182 + .. 1.00    no 0.64

                                                          NC
                     :::::<<<--<<<<<<_________>>>>>>-->>> CS
  patent_aligned   1 GGUCAGACCCUGGUCCGGGGCAAUGGGACCACUGUU 36 
                     GGUC GACC UGGUCCG GGCAAUGGGACCACUGUU
  ind_0018_00000 147 GGUCGGACCUUGGUCCGCGGCAAUGGGACCACUGUU 182
                     ************************************ PP

>> ind_0018_00001  
 rank     E-value  score  bias mdl mdl from   mdl to       seq from      seq to       acc trunc   gc
 ----   --------- ------ ----- --- -------- --------    ----------- -----------      ---- ----- ----
  (9) !   5.8e-12   49.8   0.0  cm        1       36 []         147         182 + .. 1.00    no 0.67

                                                          NC
                     :::::<<<--<<<<<<_________>>>>>>-->>> CS
  patent_aligned   1 GGUCAGACCCUGGUCCGGGGCAAUGGGACCACUGUU 36 
                     GGUC GACC UGG CCGGGGCAAUGGG CCACUGUU
  ind_0018_00001 147 GGUCGGACCAUGGUCCGGGGCAAUGGGGCCACUGUU 182
                     ************************************ PP

>> ind_0018_00002  
 rank     E-value  score  bias mdl mdl from   mdl to       seq from      seq to       acc trunc   gc
 ----   --------- ------ ----- --- -------- --------    ----------- -----------      ---- ----- ----
 (10) !   5.8e-12   49.8   0.0  cm        1       36 []         147         182 + .. 1.00    no 0.67

                                                          NC
                     :::::<<<--<<<<<<_________>>>>>>-->>> CS
  patent_aligned   1 GGUCAGACCCUGGUCCGGGGCAAUGGGACCACUGUU 36 
                     GGUC GACC UGG CCGGGGCAAUGGG CCACUGUU
  ind_0018_00002 147 GGUCGGACCAUGGUCCGGGGCAAUGGGGCCACUGUU 182
                     ************************************ PP

>> ind_0018_00007  
 rank     E-value  score  bias mdl mdl from   mdl to       seq from      seq to       acc trunc   gc
 ----   --------- ------ ----- --- -------- --------    ----------- -----------      ---- ----- ----
 (11) !   5.8e-12   49.8   0.0  cm        1       36 []         147         182 + .. 1.00    no 0.67

                                                          NC
                     :::::<<<--<<<<<<_________>>>>>>-->>> CS
  patent_aligned   1 GGUCAGACCCUGGUCCGGGGCAAUGGGACCACUGUU 36 
                     GGUC GACC UGG CCGGGGCAAUGGG CCACUGUU
  ind_0018_00007 147 GGUCGGACCAUGGUCCGGGGCAAUGGGGCCACUGUU 182
                     ************************************ PP

>> ind_0018_00008  
 rank     E-value  score  bias mdl mdl from   mdl to       seq from      seq to       acc trunc   gc
 ----   --------- ------ ----- --- -------- --------    ----------- -----------      ---- ----- ----
 (12) !   5.8e-12   49.8   0.0  cm        1       36 []         147         182 + .. 1.00    no 0.67

                                                          NC
                     :::::<<<--<<<<<<_________>>>>>>-->>> CS
  patent_aligned   1 GGUCAGACCCUGGUCCGGGGCAAUGGGACCACUGUU 36 
                     GGUC GACC UGG CCGGGGCAAUGGG CCACUGUU
  ind_0018_00008 147 GGUCGGACCAUGGUCCGGGGCAAUGGGGCCACUGUU 182
                     ************************************ PP

>> ind_0018_00014  
 rank     E-value  score  bias mdl mdl from   mdl to       seq from      seq to       acc trunc   gc
 ----   --------- ------ ----- --- -------- --------    ----------- -----------      ---- ----- ----
 (13) !   5.8e-12   49.8   0.0  cm        1       36 []         147         182 + .. 1.00    no 0.67

                                                          NC
                     :::::<<<--<<<<<<_________>>>>>>-->>> CS
  patent_aligned   1 GGUCAGACCCUGGUCCGGGGCAAUGGGACCACUGUU 36 
                     GGUC GACC UGG CCGGGGCAAUGGG CCACUGUU
  ind_0018_00014 147 GGUCGGACCAUGGUCCGGGGCAAUGGGGCCACUGUU 182
                     ************************************ PP

>> ind_0018_00005  
 rank     E-value  score  bias mdl mdl from   mdl to       seq from      seq to       acc trunc   gc
 ----   --------- ------ ----- --- -------- --------    ----------- -----------      ---- ----- ----
 (14) !   7.6e-12   49.3   0.0  cm        1       36 []         147         182 + .. 1.00    no 0.64

                                                          NC
                     :::::<<<--<<<<<<_________>>>>>>-->>> CS
  patent_aligned   1 GGUCAGACCCUGGUCCGGGGCAAUGGGACCACUGUU 36 
                     GGUC GACC UGGUCCG GGCAAUGGGACCACUGUU
  ind_0018_00005 147 GGUCGGACCAUGGUCCGCGGCAAUGGGACCACUGUU 182
                     ************************************ PP

>> ind_0018_00040  
 rank     E-value  score  bias mdl mdl from   mdl to       seq from      seq to       acc trunc   gc
 ----   --------- ------ ----- --- -------- --------    ----------- -----------      ---- ----- ----
 (15) !   7.6e-12   49.3   0.0  cm        1       36 []         147         182 + .. 1.00    no 0.64

                                                          NC
                     :::::<<<--<<<<<<_________>>>>>>-->>> CS
  patent_aligned   1 GGUCAGACCCUGGUCCGGGGCAAUGGGACCACUGUU 36 
                     GGUC GACC UGGUCCG GGCAAUGGGACCACUGUU
  ind_0018_00040 147 GGUCGGACCAUGGUCCGCGGCAAUGGGACCACUGUU 182
                     ************************************ PP

>> ind_0018_00013  
 rank     E-value  score  bias mdl mdl from   mdl to       seq from      seq to       acc trunc   gc
 ----   --------- ------ ----- --- -------- --------    ----------- -----------      ---- ----- ----
 (16) !   2.6e-11   47.3   0.0  cm        1       36 []         147         182 + .. 1.00    no 0.69

                                                          NC
                     :::::<<<--<<<<<<_________>>>>>>-->>> CS
  patent_aligned   1 GGUCAGACCCUGGUCCGGGGCAAUGGGACCACUGUU 36 
                     GGUC :ACCCUGG CCGGGG AAUGGG CCACUGU:
  ind_0018_00013 147 GGUCGGACCCUGGUCCGGGGAAAUGGGGCCACUGUC 182
                     ************************************ PP

>> ind_0018_00010  
 rank     E-value  score  bias mdl mdl from   mdl to       seq from      seq to       acc trunc   gc
 ----   --------- ------ ----- --- -------- --------    ----------- -----------      ---- ----- ----
 (17) !   4.9e-11   46.3   0.0  cm        1       36 []         147         182 + .. 1.00    no 0.69

                                                          NC
                     :::::<<<--<<<<<<_________>>>>>>-->>> CS
  patent_aligned   1 GGUCAGACCCUGGUCCGGGGCAAUGGGACCACUGUU 36 
                     GGUC GACC UGG CCG GGCAAUGGG CCACUGUU
  ind_0018_00010 147 GGUCGGACCUUGGCCCGCGGCAAUGGGGCCACUGUU 182
                     ************************************ PP

>> ind_0018_00035  
 rank     E-value  score  bias mdl mdl from   mdl to       seq from      seq to       acc trunc   gc
 ----   --------- ------ ----- --- -------- --------    ----------- -----------      ---- ----- ----
 (18) !   5.2e-11   46.2   0.0  cm        1       36 []         147         182 + .. 1.00    no 0.64

                                                          NC
                     :::::<<<--<<<<<<_________>>>>>>-->>> CS
  patent_aligned   1 GGUCAGACCCUGGUCCGGGGCAAUGGGACCACUGUU 36 
                     GGUC GAC  UGG CCGGGGCAAUGGG CCACUGUU
  ind_0018_00035 147 GGUCGGACUUUGGUCCGGGGCAAUGGGGCCACUGUU 182
                     ************************************ PP

>> ind_0018_00023  
 rank     E-value  score  bias mdl mdl from   mdl to       seq from      seq to       acc trunc   gc
 ----   --------- ------ ----- --- -------- --------    ----------- -----------      ---- ----- ----
 (19) !   1.2e-10   44.9   0.0  cm        1       36 []         147         182 + .. 1.00    no 0.61

                                                          NC
                     :::::<<<--<<<<<<_________>>>>>>-->>> CS
  patent_aligned   1 GGUCAGACCCUGGUCCGGGGCAAUGGGACCACUGUU 36 
                     GGUC GACC UGGUCCG GG AAUGGGACCACUGUU
  ind_0018_00023 147 GGUCGGACCUUGGUCCGCGGAAAUGGGACCACUGUU 182
                     ************************************ PP

>> ind_0018_00033  
 rank     E-value  score  bias mdl mdl from   mdl to       seq from      seq to       acc trunc   gc
 ----   --------- ------ ----- --- -------- --------    ----------- -----------      ---- ----- ----
 (20) !   1.2e-10   44.9   0.0  cm        1       36 []         147         182 + .. 1.00    no 0.61

                                                          NC
                     :::::<<<--<<<<<<_________>>>>>>-->>> CS
  patent_aligned   1 GGUCAGACCCUGGUCCGGGGCAAUGGGACCACUGUU 36 
                     GGUC GACC UGGUCCG GG AAUGGGACCACUGUU
  ind_0018_00033 147 GGUCGGACCUUGGUCCGCGGAAAUGGGACCACUGUU 182
                     ************************************ PP

>> ind_0018_00045  
 rank     E-value  score  bias mdl mdl from   mdl to       seq from      seq to       acc trunc   gc
 ----   --------- ------ ----- --- -------- --------    ----------- -----------      ---- ----- ----
 (21) !   1.2e-10   44.9   0.0  cm        1       36 []         147         182 + .. 1.00    no 0.61

                                                          NC
                     :::::<<<--<<<<<<_________>>>>>>-->>> CS
  patent_aligned   1 GGUCAGACCCUGGUCCGGGGCAAUGGGACCACUGUU 36 
                     GGUC GACC UGGUCCG GG AAUGGGACCACUGUU
  ind_0018_00045 147 GGUCGGACCUUGGUCCGCGGAAAUGGGACCACUGUU 182
                     ************************************ PP

>> ind_0018_00003  
 rank     E-value  score  bias mdl mdl from   mdl to       seq from      seq to       acc trunc   gc
 ----   --------- ------ ----- --- -------- --------    ----------- -----------      ---- ----- ----
 (22) !   1.2e-10   44.8   0.0  cm        1       36 []         147         182 + .. 1.00    no 0.61

                                                          NC
                     :::::<<<--<<<<<<_________>>>>>>-->>> CS
  patent_aligned   1 GGUCAGACCCUGGUCCGGGGCAAUGGGACCACUGUU 36 
                     GGUC GACC UGGUCCG GG AAUGGGACCACUGUU
  ind_0018_00003 147 GGUCGGACCUUGGUCCGUGGGAAUGGGACCACUGUU 182
                     ************************************ PP

>> ind_0018_00006  
 rank     E-value  score  bias mdl mdl from   mdl to       seq from      seq to       acc trunc   gc
 ----   --------- ------ ----- --- -------- --------    ----------- -----------      ---- ----- ----
 (23) !   1.6e-10   44.3   0.0  cm        1       36 []         147         182 + .. 1.00    no 0.67

                                                          NC
                     :::::<<<--<<<<<<_________>>>>>>-->>> CS
  patent_aligned   1 GGUCAGACCCUGGUCCGGGGCAAUGGGACCACUGUU 36 
                     GGUC GACC UGG CCG GGCAAUGGG CCACUGUU
  ind_0018_00006 147 GGUCGGACCUUGGUCCGCGGCAAUGGGGCCACUGUU 182
                     ************************************ PP

>> ind_0018_00004  
 rank     E-value  score  bias mdl mdl from   mdl to       seq from      seq to       acc trunc   gc
 ----   --------- ------ ----- --- -------- --------    ----------- -----------      ---- ----- ----
 (24) !   1.7e-10   44.3   0.0  cm        1       36 []         147         182 + .. 1.00    no 0.61

                                                          NC
                     :::::<<<--<<<<<<_________>>>>>>-->>> CS
  patent_aligned   1 GGUCAGACCCUGGUCCGGGGCAAUGGGACCACUGUU 36 
                     GGUC GACC UGGUCCG GG AAUGGGACCACUGUU
  ind_0018_00004 147 GGUCCGACCUUGGUCCGUGGGAAUGGGACCACUGUU 182
                     ************************************ PP

>> ind_0018_00018  
 rank     E-value  score  bias mdl mdl from   mdl to       seq from      seq to       acc trunc   gc
 ----   --------- ------ ----- --- -------- --------    ----------- -----------      ---- ----- ----
 (25) !   1.7e-10   44.3   0.0  cm        1       36 []         147         182 + .. 1.00    no 0.61

                                                          NC
                     :::::<<<--<<<<<<_________>>>>>>-->>> CS
  patent_aligned   1 GGUCAGACCCUGGUCCGGGGCAAUGGGACCACUGUU 36 
                     GGUC GACC UGGUCCG GG AAUGGGACCACUGUU
  ind_0018_00018 147 GGUCCGACCUUGGUCCGUGGGAAUGGGACCACUGUU 182
                     ************************************ PP

>> ind_0018_00017  
 rank     E-value  score  bias mdl mdl from   mdl to       seq from      seq to       acc trunc   gc
 ----   --------- ------ ----- --- -------- --------    ----------- -----------      ---- ----- ----
 (26) !   1.8e-10   44.1   0.0  cm        1       36 []         147         182 + .. 1.00    no 0.64

                                                          NC
                     :::::<<<--<<<<<<_________>>>>>>-->>> CS
  patent_aligned   1 GGUCAGACCCUGGUCCGGGGCAAUGGGACCACUGUU 36 
                     GGUC GACC UGGUCCG GG AAUGGGACCACUGUU
  ind_0018_00017 147 GGUCGGACCUUGGUCCGCGGGAAUGGGACCACUGUU 182
                     ************************************ PP

>> ind_0018_00024  
 rank     E-value  score  bias mdl mdl from   mdl to       seq from      seq to       acc trunc   gc
 ----   --------- ------ ----- --- -------- --------    ----------- -----------      ---- ----- ----
 (27) !   1.8e-10   44.1   0.0  cm        1       36 []         147         182 + .. 1.00    no 0.64

                                                          NC
                     :::::<<<--<<<<<<_________>>>>>>-->>> CS
  patent_aligned   1 GGUCAGACCCUGGUCCGGGGCAAUGGGACCACUGUU 36 
                     GGUC GACC UGGUCCG GG AAUGGGACCACUGUU
  ind_0018_00024 147 GGUCGGACCUUGGUCCGCGGGAAUGGGACCACUGUU 182
                     ************************************ PP

>> ind_0018_00032  
 rank     E-value  score  bias mdl mdl from   mdl to       seq from      seq to       acc trunc   gc
 ----   --------- ------ ----- --- -------- --------    ----------- -----------      ---- ----- ----
 (28) !   1.8e-10   44.1   0.0  cm        1       36 []         147         182 + .. 1.00    no 0.64

                                                          NC
                     :::::<<<--<<<<<<_________>>>>>>-->>> CS
  patent_aligned   1 GGUCAGACCCUGGUCCGGGGCAAUGGGACCACUGUU 36 
                     GGUC GACC UGGUCCG GG AAUGGGACCACUGUU
  ind_0018_00032 147 GGUCGGACCUUGGUCCGCGGGAAUGGGACCACUGUU 182
                     ************************************ PP

>> ind_0018_00039  
 rank     E-value  score  bias mdl mdl from   mdl to       seq from      seq to       acc trunc   gc
 ----   --------- ------ ----- --- -------- --------    ----------- -----------      ---- ----- ----
 (29) !   1.8e-10   44.1   0.0  cm        1       36 []         147         182 + .. 1.00    no 0.64

                                                          NC
                     :::::<<<--<<<<<<_________>>>>>>-->>> CS
  patent_aligned   1 GGUCAGACCCUGGUCCGGGGCAAUGGGACCACUGUU 36 
                     GGUC GACC UGGUCCG GG AAUGGGACCACUGUU
  ind_0018_00039 147 GGUCGGACCUUGGUCCGCGGGAAUGGGACCACUGUU 182
                     ************************************ PP

>> ind_0018_00029  
 rank     E-value  score  bias mdl mdl from   mdl to       seq from      seq to       acc trunc   gc
 ----   --------- ------ ----- --- -------- --------    ----------- -----------      ---- ----- ----
 (30) !   1.9e-10   44.1   0.0  cm        1       36 []         147         182 + .. 1.00    no 0.64

                                                          NC
                     :::::<<<--<<<<<<_________>>>>>>-->>> CS
  patent_aligned   1 GGUCAGACCCUGGUCCGGGGCAAUGGGACCACUGUU 36 
                     GGUC GACC UGG CCG GGCAAUGGG CCACUGUU
  ind_0018_00029 147 GGUCGGACCAUGGUCCGUGGCAAUGGGGCCACUGUU 182
                     ************************************ PP

>> ind_0018_00042  
 rank     E-value  score  bias mdl mdl from   mdl to       seq from      seq to       acc trunc   gc
 ----   --------- ------ ----- --- -------- --------    ----------- -----------      ---- ----- ----
 (31) !   2.5e-10   43.6   0.0  cm        1       36 []         147         182 + .. 1.00    no 0.64

                                                          NC
                     :::::<<<--<<<<<<_________>>>>>>-->>> CS
  patent_aligned   1 GGUCAGACCCUGGUCCGGGGCAAUGGGACCACUGUU 36 
                     GGUC GACC UGGUCCG GG AAUGGGACCACUGUU
  ind_0018_00042 147 GGUCCGACCUUGGUCCGCGGGAAUGGGACCACUGUU 182
                     ************************************ PP

>> ind_0018_00015  
 rank     E-value  score  bias mdl mdl from   mdl to       seq from      seq to       acc trunc   gc
 ----   --------- ------ ----- --- -------- --------    ----------- -----------      ---- ----- ----
 (32) !   2.5e-10   43.6   0.0  cm        1       36 []         147         182 + .. 1.00    no 0.67

                                                          NC
                     :::::<<<--<<<<<<_________>>>>>>-->>> CS
  patent_aligned   1 GGUCAGACCCUGGUCCGGGGCAAUGGGACCACUGUU 36 
                     GGUC GACC UGG  CGGGGCAAUGG  CCACUGUU
  ind_0018_00015 147 GGUCGGACCAUGGUGCGGGGCAAUGGCGCCACUGUU 182
                     ************************************ PP

>> ind_0018_00048  
 rank     E-value  score  bias mdl mdl from   mdl to       seq from      seq to       acc trunc   gc
 ----   --------- ------ ----- --- -------- --------    ----------- -----------      ---- ----- ----
 (33) !   2.6e-10   43.6   0.0  cm        1       36 []         147         182 + .. 0.99    no 0.72

                           v                           v  NC
                     :::::<<<--<<<<<<_________>>>>>>-->>> CS
  patent_aligned   1 GGUCAGACCCUGGUCCGGGGCAAUGGGACCACUGUU 36 
                     GGUC G CC UGG CCGGGGCAAUGGG CCACUG U
  ind_0018_00048 147 GGUCGGCCCAUGGCCCGGGGCAAUGGGGCCACUGUU 182
                     ************************************ PP

>> ind_0018_00049  
 rank     E-value  score  bias mdl mdl from   mdl to       seq from      seq to       acc trunc   gc
 ----   --------- ------ ----- --- -------- --------    ----------- -----------      ---- ----- ----
 (34) !   3.9e-10   42.9   0.0  cm        1       36 []         147         180 + .. 1.00    no 0.71

                          vv                           vv NC
                     :::::<<<--<<<<<<_________>>>>>>-->>> CS
  patent_aligned   1 GGUCAGACCCUGGUCCGGGGCAAUGGGACCACUGUU 36 
                     GGUC GACC UGG CCGGGGCAAUGGG CCACUG  
  ind_0018_00049 147 GGUCGGACCAUGGUCCGGGGCAAUGGGGCCACUG-- 180
                     **********************************.. PP

>> ind_0018_00030  
 rank     E-value  score  bias mdl mdl from   mdl to       seq from      seq to       acc trunc   gc
 ----   --------- ------ ----- --- -------- --------    ----------- -----------      ---- ----- ----
 (35) !   6.3e-10   42.1   0.0  cm        1       36 []         147         182 + .. 1.00    no 0.69

                                    v         v           NC
                     :::::<<<--<<<<<<_________>>>>>>-->>> CS
  patent_aligned   1 GGUCAGACCCUGGUCCGGGGCAAUGGGACCACUGUU 36 
                     GGUC GACC UGG C GGGGCAAUG G CCACUGUU
  ind_0018_00030 147 GGUCGGACCAUGGCCCGGGGCAAUGCGGCCACUGUU 182
                     ************************************ PP

>> ind_0018_00009  
 rank     E-value  score  bias mdl mdl from   mdl to       seq from      seq to       acc trunc   gc
 ----   --------- ------ ----- --- -------- --------    ----------- -----------      ---- ----- ----
 (36) !   6.9e-10   42.0   0.0  cm        1       36 []         147         182 + .. 1.00    no 0.67

                                  v             v         NC
                     :::::<<<--<<<<<<_________>>>>>>-->>> CS
  patent_aligned   1 GGUCAGACCCUGGUCCGGGGCAAUGGGACCACUGUU 36 
                     GGUC GACC UGG CCG GGCAAUGGG CCACUGUU
  ind_0018_00009 147 GGUCGGACCUUGGCCCGCGGCAAUGGGACCACUGUU 182
                     ************************************ PP

>> ind_0018_00016  
 rank     E-value  score  bias mdl mdl from   mdl to       seq from      seq to       acc trunc   gc
 ----   --------- ------ ----- --- -------- --------    ----------- -----------      ---- ----- ----
 (37) !   1.5e-09   40.7   0.0  cm        1       36 []         147         182 + .. 1.00    no 0.61

                                    v         v           NC
                     :::::<<<--<<<<<<_________>>>>>>-->>> CS
  patent_aligned   1 GGUCAGACCCUGGUCCGGGGCAAUGGGACCACUGUU 36 
                     GGUC GACC UGGUC GGGG AAUG GACCACUGUU
  ind_0018_00016 147 GGUCGGACCAUGGUCCGGGGGAAUGUGACCACUGUU 182
                     ************************************ PP

>> ind_0018_00021  
 rank     E-value  score  bias mdl mdl from   mdl to       seq from      seq to       acc trunc   gc
 ----   --------- ------ ----- --- -------- --------    ----------- -----------      ---- ----- ----
 (38) !     2e-09   40.2   0.0  cm        1       36 []         147         182 + .. 1.00    no 0.64

                                                          NC
                     :::::<<<--<<<<<<_________>>>>>>-->>> CS
  patent_aligned   1 GGUCAGACCCUGGUCCGGGGCAAUGGGACCACUGUU 36 
                     GGUC G CC UGGUCCG GG AAUGGGACCACUG U
  ind_0018_00021 147 GGUCGGGCCUUGGUCCGUGGGAAUGGGACCACUGUU 182
                     ************************************ PP

>> ind_0018_00019  
 rank     E-value  score  bias mdl mdl from   mdl to       seq from      seq to       acc trunc   gc
 ----   --------- ------ ----- --- -------- --------    ----------- -----------      ---- ----- ----
 (39) !   2.3e-09   40.0   0.0  cm        1       36 []         147         182 + .. 1.00    no 0.58

                                                          NC
                     :::::<<<--<<<<<<_________>>>>>>-->>> CS
  patent_aligned   1 GGUCAGACCCUGGUCCGGGGCAAUGGGACCACUGUU 36 
                     GGUC GACC UGGUCCG GG AAU GGACCACUGUU
  ind_0018_00019 147 GGUCGGACCUUGGUCCGCGGAAAUAGGACCACUGUU 182
                     ************************************ PP

>> ind_0018_00044  
 rank     E-value  score  bias mdl mdl from   mdl to       seq from      seq to       acc trunc   gc
 ----   --------- ------ ----- --- -------- --------    ----------- -----------      ---- ----- ----
 (40) !   2.9e-09   39.6   0.0  cm        1       36 []         147         182 + .. 1.00    no 0.64

                                                          NC
                     :::::<<<--<<<<<<_________>>>>>>-->>> CS
  patent_aligned   1 GGUCAGACCCUGGUCCGGGGCAAUGGGACCACUGUU 36 
                     GG C GACC UGGUCCG GG AAUGGGACCACUGUU
  ind_0018_00044 147 GGGCGGACCUUGGUCCGCGGAAAUGGGACCACUGUU 182
                     ************************************ PP

>> ind_0018_00022  
 rank     E-value  score  bias mdl mdl from   mdl to       seq from      seq to       acc trunc   gc
 ----   --------- ------ ----- --- -------- --------    ----------- -----------      ---- ----- ----
 (41) !   1.5e-08   37.0   0.0  cm        1       36 []         147         182 + .. 1.00    no 0.58

                                   v           v          NC
                     :::::<<<--<<<<<<_________>>>>>>-->>> CS
  patent_aligned   1 GGUCAGACCCUGGUCCGGGGCAAUGGGACCACUGUU 36 
                     GGUC GAC CUGGU CG GG AAUGG ACCACUGUU
  ind_0018_00022 147 GGUCGGACUCUGGUCCGCGGAAAUGGAACCACUGUU 182
                     ************************************ PP

>> ind_0018_00025  
 rank     E-value  score  bias mdl mdl from   mdl to       seq from      seq to       acc trunc   gc
 ----   --------- ------ ----- --- -------- --------    ----------- -----------      ---- ----- ----
 (42) !     2e-08   36.5   0.0  cm        1       36 []         147         182 + .. 1.00    no 0.61

                                 v               v        NC
                     :::::<<<--<<<<<<_________>>>>>>-->>> CS
  patent_aligned   1 GGUCAGACCCUGGUCCGGGGCAAUGGGACCACUGUU 36 
                     GGUC GACC UG UCCG GG AAUGGGA CACUGUU
  ind_0018_00025 147 GGUCGGACCUUGAUCCGCGGGAAUGGGACCACUGUU 182
                     ************************************ PP

>> ind_0018_00043  
 rank     E-value  score  bias mdl mdl from   mdl to       seq from      seq to       acc trunc   gc
 ----   --------- ------ ----- --- -------- --------    ----------- -----------      ---- ----- ----
 (43) !   2.3e-08   36.2   0.0  cm        1       36 []         147         182 + .. 1.00    no 0.61

                                    v         v           NC
                     :::::<<<--<<<<<<_________>>>>>>-->>> CS
  patent_aligned   1 GGUCAGACCCUGGUCCGGGGCAAUGGGACCACUGUU 36 
                     GGUC GACC UGGUC G GG AAUG GACCACUGUU
  ind_0018_00043 147 GGUCGGACCUUGGUCCGCGGGAAUGAGACCACUGUU 182
                     ************************************ PP

>> ind_0018_00011  
 rank     E-value  score  bias mdl mdl from   mdl to       seq from      seq to       acc trunc   gc
 ----   --------- ------ ----- --- -------- --------    ----------- -----------      ---- ----- ----
 (44) !   3.5e-08   35.5   0.0  cm        1       36 []         147         182 + .. 1.00    no 0.58

                                 v               v        NC
                     :::::<<<--<<<<<<_________>>>>>>-->>> CS
  patent_aligned   1 GGUCAGACCCUGGUCCGGGGCAAUGGGACCACUGUU 36 
                     GGUC GACC UG UCCG GG AAUGGGA CACUGUU
  ind_0018_00011 147 GGUCGGACCUUGUUCCGUGGGAAUGGGACCACUGUU 182
                     ************************************ PP

>> ind_0018_00037  
 rank     E-value  score  bias mdl mdl from   mdl to       seq from      seq to       acc trunc   gc
 ----   --------- ------ ----- --- -------- --------    ----------- -----------      ---- ----- ----
 (45) !   4.2e-08   35.2   0.0  cm        1       36 []         147         182 + .. 1.00    no 0.61

                                    v         v           NC
                     :::::<<<--<<<<<<_________>>>>>>-->>> CS
  patent_aligned   1 GGUCAGACCCUGGUCCGGGGCAAUGGGACCACUGUU 36 
                     GGUC GACC UGGUC G GG AAUG GACCACUGUU
  ind_0018_00037 147 GGUCGGACCUUGGUCCGCGGGAAUGUGACCACUGUU 182
                     ************************************ PP

>> ind_0018_00046  
 rank     E-value  score  bias mdl mdl from   mdl to       seq from      seq to       acc trunc   gc
 ----   --------- ------ ----- --- -------- --------    ----------- -----------      ---- ----- ----
 (46) !   4.2e-08   35.2   0.0  cm        1       36 []         147         182 + .. 1.00    no 0.61

                                    v         v           NC
                     :::::<<<--<<<<<<_________>>>>>>-->>> CS
  patent_aligned   1 GGUCAGACCCUGGUCCGGGGCAAUGGGACCACUGUU 36 
                     GGUC GAC  UGGUC G GGCAAUG GACCACUGUU
  ind_0018_00046 147 GGUCGGACUAUGGUCCGCGGCAAUGCGACCACUGUU 182
                     ************************************ PP

>> ind_0018_00036  
 rank     E-value  score  bias mdl mdl from   mdl to       seq from      seq to       acc trunc   gc
 ----   --------- ------ ----- --- -------- --------    ----------- -----------      ---- ----- ----
 (47) !   4.7e-08   35.1   0.0  cm        1       36 []         147         181 + .. 1.00    no 0.71

                          v       v             v       v NC
                     :::::<<<--<<<<<<_________>>>>>>-->>> CS
  patent_aligned   1 GGUCAGACCCUGGUCCGGGGCAAUGGGACCACUGUU 36 
                     GGUC GACC UGG CCGGGG AAUGGG CCACUGU 
  ind_0018_00036 147 GGUCGGACCAUGGCCCGGGGGAAUGGGCCCACUGU- 181
                     ***********************************. PP

>> ind_0018_00047  
 rank     E-value  score  bias mdl mdl from   mdl to       seq from      seq to       acc trunc   gc
 ----   --------- ------ ----- --- -------- --------    ----------- -----------      ---- ----- ----
 (48) !   3.4e-07   31.8   0.0  cm        1       36 []         147         182 + .. 1.00    no 0.56

                            v                         v   NC
                     :::::<<<--<<<<<<_________>>>>>>-->>> CS
  patent_aligned   1 GGUCAGACCCUGGUCCGGGGCAAUGGGACCACUGUU 36 
                      GUC GA C UGGUCCG GG AAUGGGACCACU UU
  ind_0018_00047 147 AGUCGGAACUUGGUCCGCGGAAAUGGGACCACUGUU 182
                     ************************************ PP

>> ind_0018_00034  
 rank     E-value  score  bias mdl mdl from   mdl to       seq from      seq to       acc trunc   gc
 ----   --------- ------ ----- --- -------- --------    ----------- -----------      ---- ----- ----
 (49) !   7.8e-07   30.4   0.0  cm        1       36 []         147         182 + .. 1.00    no 0.61

                                v                 v       NC
                     :::::<<<--<<<<<<_________>>>>>>-->>> CS
  patent_aligned   1 GGUCAGACCCUGGUCCGGGGCAAUGGGACCACUGUU 36 
                     GG C GACC U GUCCG GG AAUGGGAC ACUGUU
  ind_0018_00034 147 GGACGGACCUUUGUCCGCGGGAAUGGGACCACUGUU 182
                     ************************************ PP

>> ind_0018_00028  
 rank     E-value  score  bias mdl mdl from   mdl to       seq from      seq to       acc trunc   gc
 ----   --------- ------ ----- --- -------- --------    ----------- -----------      ---- ----- ----
 (50) !   1.4e-05   25.7   0.0  cm        1       36 []         147         182 + .. 1.00    no 0.61

                               v                   v      NC
                     :::::<<<--<<<<<<_________>>>>>>-->>> CS
  patent_aligned   1 GGUCAGACCCUGGUCCGGGGCAAUGGGACCACUGUU 36 
                     GGUC GACC  GG CCG  GCAAU GG CC CUGUU
  ind_0018_00028 147 GGUCGGACCUUGGUCCGCAGCAAUUGGGCCUCUGUU 182
                     ************************************ PP

>> ind_0018_00029  
 rank     E-value  score  bias mdl mdl from   mdl to       seq from      seq to       acc trunc   gc
 ----   --------- ------ ----- --- -------- --------    ----------- -----------      ---- ----- ----
 (51) ?       0.2   10.1   0.0  cm        1       36 []         155         140 - .. 0.98    no 0.75

                                           NC
                     :::::<<<--~~~~~~-->>> CS
  patent_aligned   1 GGUCAGACCC*[21]*CUGUU 36 
                     GGUC :ACCC      CUGU:
  ind_0018_00029 155 GGUCCGACCC*[ 1]*CUGUC 140
                     **********...*..79*** PP

>> ind_0018_00001  
 rank     E-value  score  bias mdl mdl from   mdl to       seq from      seq to       acc trunc   gc
 ----   --------- ------ ----- --- -------- --------    ----------- -----------      ---- ----- ----
 (52) ?       0.2   10.1   0.0  cm        1       36 []         155         140 - .. 0.98    no 0.69

                                           NC
                     :::::<<<--~~~~~~-->>> CS
  patent_aligned   1 GGUCAGACCC*[21]*CUGUU 36 
                     GGUC :ACCC      CUGU:
  ind_0018_00001 155 GGUCCGACCC*[ 1]*CUGUC 140
                     **********...*..79*** PP

>> ind_0018_00002  
 rank     E-value  score  bias mdl mdl from   mdl to       seq from      seq to       acc trunc   gc
 ----   --------- ------ ----- --- -------- --------    ----------- -----------      ---- ----- ----
 (53) ?       0.2   10.1   0.0  cm        1       36 []         155         140 - .. 0.98    no 0.69

                                           NC
                     :::::<<<--~~~~~~-->>> CS
  patent_aligned   1 GGUCAGACCC*[21]*CUGUU 36 
                     GGUC :ACCC      CUGU:
  ind_0018_00002 155 GGUCCGACCC*[ 1]*CUGUC 140
                     **********...*..79*** PP

>> ind_0018_00007  
 rank     E-value  score  bias mdl mdl from   mdl to       seq from      seq to       acc trunc   gc
 ----   --------- ------ ----- --- -------- --------    ----------- -----------      ---- ----- ----
 (54) ?       0.2   10.1   0.0  cm        1       36 []         155         140 - .. 0.98    no 0.69

                                           NC
                     :::::<<<--~~~~~~-->>> CS
  patent_aligned   1 GGUCAGACCC*[21]*CUGUU 36 
                     GGUC :ACCC      CUGU:
  ind_0018_00007 155 GGUCCGACCC*[ 1]*CUGUC 140
                     **********...*..79*** PP

>> ind_0018_00008  
 rank     E-value  score  bias mdl mdl from   mdl to       seq from      seq to       acc trunc   gc
 ----   --------- ------ ----- --- -------- --------    ----------- -----------      ---- ----- ----
 (55) ?       0.2   10.1   0.0  cm        1       36 []         155         140 - .. 0.98    no 0.69

                                           NC
                     :::::<<<--~~~~~~-->>> CS
  patent_aligned   1 GGUCAGACCC*[21]*CUGUU 36 
                     GGUC :ACCC      CUGU:
  ind_0018_00008 155 GGUCCGACCC*[ 1]*CUGUC 140
                     **********...*..79*** PP

>> ind_0018_00014  
 rank     E-value  score  bias mdl mdl from   mdl to       seq from      seq to       acc trunc   gc
 ----   --------- ------ ----- --- -------- --------    ----------- -----------      ---- ----- ----
 (56) ?       0.2   10.1   0.0  cm        1       36 []         155         140 - .. 0.98    no 0.69

                                           NC
                     :::::<<<--~~~~~~-->>> CS
  patent_aligned   1 GGUCAGACCC*[21]*CUGUU 36 
                     GGUC :ACCC      CUGU:
  ind_0018_00014 155 GGUCCGACCC*[ 1]*CUGUC 140
                     **********...*..79*** PP

>> ind_0018_00020  
 rank     E-value  score  bias mdl mdl from   mdl to       seq from      seq to       acc trunc   gc
 ----   --------- ------ ----- --- -------- --------    ----------- -----------      ---- ----- ----
 (57) ?       0.2   10.1   0.0  cm        1       36 []         155         140 - .. 0.98    no 0.69

                                           NC
                     :::::<<<--~~~~~~-->>> CS
  patent_aligned   1 GGUCAGACCC*[21]*CUGUU 36 
                     GGUC :ACCC      CUGU:
  ind_0018_00020 155 GGUCCGACCC*[ 1]*CUGUC 140
                     **********...*..79*** PP

>> ind_0018_00049  
 rank     E-value  score  bias mdl mdl from   mdl to       seq from      seq to       acc trunc   gc
 ----   --------- ------ ----- --- -------- --------    ----------- -----------      ---- ----- ----
 (58) ?       0.2   10.1   0.0  cm        1       36 []         155         140 - .. 0.98    no 0.69

                                           NC
                     :::::<<<--~~~~~~-->>> CS
  patent_aligned   1 GGUCAGACCC*[21]*CUGUU 36 
                     GGUC :ACCC      CUGU:
  ind_0018_00049 155 GGUCCGACCC*[ 1]*CUGUC 140
                     **********...*..79*** PP

>> ind_0018_00015  
 rank     E-value  score  bias mdl mdl from   mdl to       seq from      seq to       acc trunc   gc
 ----   --------- ------ ----- --- -------- --------    ----------- -----------      ---- ----- ----
 (59) ?       0.2   10.1   0.0  cm        1       36 []         155         140 - .. 0.98    no 0.69

                                           NC
                     :::::<<<--~~~~~~-->>> CS
  patent_aligned   1 GGUCAGACCC*[21]*CUGUU 36 
                     GGUC :ACCC      CUGU:
  ind_0018_00015 155 GGUCCGACCC*[ 1]*CUGUC 140
                     **********...*..79*** PP

>> ind_0018_00031  
 rank     E-value  score  bias mdl mdl from   mdl to       seq from      seq to       acc trunc   gc
 ----   --------- ------ ----- --- -------- --------    ----------- -----------      ---- ----- ----
 (60) ?       0.2   10.1   0.0  cm        1       36 []         155         140 - .. 0.98    no 0.69

                                           NC
                     :::::<<<--~~~~~~-->>> CS
  patent_aligned   1 GGUCAGACCC*[21]*CUGUU 36 
                     GGUC :ACCC      CUGU:
  ind_0018_00031 155 GGUCCGACCC*[ 1]*CUGUC 140
                     **********...*..79*** PP

>> ind_0018_00040  
 rank     E-value  score  bias mdl mdl from   mdl to       seq from      seq to       acc trunc   gc
 ----   --------- ------ ----- --- -------- --------    ----------- -----------      ---- ----- ----
 (61) ?      0.57    8.4   0.0  cm        1       36 []         155         132 - .. 0.95    no 0.75

                                         NC
                     :::::<<<--~~~~~~>>> CS
  patent_aligned   1 GGUCAGACCC*[23]*GUU 36 
                     GGUC GACCC      GUU
  ind_0018_00040 155 GGUCCGACCC*[11]*GUU 132
                     *********8...9..*** PP

>> ind_0018_00005  
 rank     E-value  score  bias mdl mdl from   mdl to       seq from      seq to       acc trunc   gc
 ----   --------- ------ ----- --- -------- --------    ----------- -----------      ---- ----- ----
 (62) ?      0.72    8.0   0.0  cm        1       36 []         155         132 - .. 0.98    no 0.67

                                         NC
                     :::::<<<--~~~~~~>>> CS
  patent_aligned   1 GGUCAGACCC*[23]*GUU 36 
                     GGUC GACCC      GUU
  ind_0018_00005 155 GGUCCGACCC*[11]*GUU 132
                     ********98...*..*** PP

>> ind_0018_00029  
 rank     E-value  score  bias mdl mdl from   mdl to       seq from      seq to       acc trunc   gc
 ----   --------- ------ ----- --- -------- --------    ----------- -----------      ---- ----- ----
 (63) ?   6.4e+02   -3.1   0.0  cm        1       36 []         135         132 - .. 0.90    no 0.50

                               NC
                     :::~~~~~~ CS
  patent_aligned   1 GGU*[33]* 36 
                     GGU      
  ind_0018_00029 135 GGU*[ 1]* 132
                     **8...9.. PP



Internal CM pipeline statistics summary:
----------------------------------------
Query model(s):                                                  1  (36 consensus positions)
Target sequences:                                               50  (19700 residues searched)
Target sequences re-searched for truncated hits:                50  (10200 residues re-searched)
Windows   passing  local HMM SSV           filter:             293  (0.5684); expected (0.35)
Windows   passing  local HMM Viterbi       filter:                  (off)
Windows   passing  local HMM Viterbi  bias filter:                  (off)
Windows   passing  local HMM Forward       filter:             150  (0.2818); expected (0.02)
Windows   passing  local HMM Forward  bias filter:             148  (0.2785); expected (0.02)
Windows   passing glocal HMM Forward       filter:              85  (0.1959); expected (0.02)
Windows   passing glocal HMM Forward  bias filter:              85  (0.1959); expected (0.02)
Envelopes passing glocal HMM envelope defn filter:              85  (0.111); expected (0.02)
Envelopes passing  local CM  CYK           filter:              81  (0.1014); expected (0.0001)
Total CM hits reported:                                         63  (0.06709); includes 0 truncated hit(s)

# CPU time: 0.26u 0.00s 00:00:00.26 Elapsed: 00:00:00.26
# Alignment of 50 hits satisfying inclusion thresholds saved to: optimization_a7/38gen/_workspace/cmsearch_logs/gen_0018/patent_cmsearch.sto
//
[ok]
