# cmsearch :: search CM(s) against a sequence database
# INFERNAL 1.1.5 (Sep 2023)
# Copyright (C) 2023 Howard Hughes Medical Institute.
# Freely distributed under the BSD open source license.
# - - - - - - - - - - - - - - - - - - - - - - - - - - - - - - - - - - - -
# query CM file:                         A7_analysis/patent.cm
# target sequence database:              /tmp/tmp7or4z8m_/queries.fa
# output directed to file:               optimization_a7/100gen/_workspace/cmsearch_logs/gen_0067/patent_cmsearch.out
# MSA of significant hits saved to file: optimization_a7/100gen/_workspace/cmsearch_logs/gen_0067/patent_cmsearch.sto
# tabular output of hits:                optimization_a7/100gen/_workspace/cmsearch_logs/gen_0067/patent_cmsearch.tblout
# max ASCII text line length:            unlimited
# sequence reporting threshold:          E-value <= 1000
# number of worker threads:              4
# - - - - - - - - - - - - - - - - - - - - - - - - - - - - - - - - - - - -

Query:       patent_aligned  [CLEN=36]
Hit scores:
 rank     E-value  score  bias  sequence        start    end   mdl trunc   gc  description
 ----   --------- ------ -----  -------------- ------ ------   --- ----- ----  -----------
  (1) !   2.4e-10   43.7   0.0  ind_0067_00000    147    182 +  cm    no 0.78  -
  (2) !   2.4e-10   43.7   0.0  ind_0067_00001    147    182 +  cm    no 0.78  -
  (3) !   2.4e-10   43.7   0.0  ind_0067_00002    147    182 +  cm    no 0.78  -
  (4) !   2.4e-10   43.7   0.0  ind_0067_00003    147    182 +  cm    no 0.78  -
  (5) !   2.4e-10   43.7   0.0  ind_0067_00004    147    182 +  cm    no 0.78  -
  (6) !   2.4e-10   43.7   0.0  ind_0067_00005    147    182 +  cm    no 0.78  -
  (7) !   2.4e-10   43.7   0.0  ind_0067_00006    147    182 +  cm    no 0.78  -
  (8) !   2.4e-10   43.7   0.0  ind_0067_00007    147    182 +  cm    no 0.78  -
  (9) !   2.4e-10   43.7   0.0  ind_0067_00008    147    182 +  cm    no 0.78  -
 (10) !   2.4e-10   43.7   0.0  ind_0067_00010    147    182 +  cm    no 0.78  -
 (11) !   2.4e-10   43.7   0.0  ind_0067_00012    147    182 +  cm    no 0.78  -
 (12) !   2.4e-10   43.7   0.0  ind_0067_00014    147    182 +  cm    no 0.78  -
 (13) !   2.4e-10   43.7   0.0  ind_0067_00015    147    182 +  cm    no 0.78  -
 (14) !   2.4e-10   43.7   0.0  ind_0067_00017    147    182 +  cm    no 0.78  -
 (15) !   2.4e-10   43.7   0.0  ind_0067_00019    147    182 +  cm    no 0.78  -
 (16) !   2.4e-10   43.7   0.0  ind_0067_00020    147    182 +  cm    no 0.78  -
 (17) !   2.4e-10   43.7   0.0  ind_0067_00022    147    182 +  cm    no 0.78  -
 (18) !   2.4e-10   43.7   0.0  ind_0067_00023    147    182 +  cm    no 0.78  -
 (19) !   2.4e-10   43.7   0.0  ind_0067_00026    147    182 +  cm    no 0.78  -
 (20) !   2.4e-10   43.7   0.0  ind_0067_00027    147    182 +  cm    no 0.78  -
 (21) !   2.4e-10   43.7   0.0  ind_0067_00028    147    182 +  cm    no 0.78  -
 (22) !   2.4e-10   43.7   0.0  ind_0067_00029    147    182 +  cm    no 0.78  -
 (23) !   2.4e-10   43.7   0.0  ind_0067_00030    147    182 +  cm    no 0.78  -
 (24) !   2.4e-10   43.7   0.0  ind_0067_00031    147    182 +  cm    no 0.78  -
 (25) !   2.4e-10   43.7   0.0  ind_0067_00033    147    182 +  cm    no 0.78  -
 (26) !   2.4e-10   43.7   0.0  ind_0067_00035    147    182 +  cm    no 0.78  -
 (27) !   2.4e-10   43.7   0.0  ind_0067_00036    147    182 +  cm    no 0.78  -
 (28) !   2.4e-10   43.7   0.0  ind_0067_00038    147    182 +  cm    no 0.78  -
 (29) !   2.4e-10   43.7   0.0  ind_0067_00039    147    182 +  cm    no 0.78  -
 (30) !   2.4e-10   43.7   0.0  ind_0067_00040    147    182 +  cm    no 0.78  -
 (31) !   2.4e-10   43.7   0.0  ind_0067_00041    147    182 +  cm    no 0.78  -
 (32) !   2.4e-10   43.7   0.0  ind_0067_00046    147    182 +  cm    no 0.78  -
 (33) !   2.4e-10   43.7   0.0  ind_0067_00048    147    182 +  cm    no 0.78  -
 (34) !   2.4e-10   43.7   0.0  ind_0067_00049    147    182 +  cm    no 0.78  -
 (35) !   2.7e-10   43.5   0.0  ind_0067_00021    147    182 +  cm    no 0.75  -
 (36) !   7.8e-10   41.8   0.0  ind_0067_00011    147    182 +  cm    no 0.75  -
 (37) !   7.8e-10   41.8   0.0  ind_0067_00024    147    182 +  cm    no 0.75  -
 (38) !   1.1e-09   41.3   0.0  ind_0067_00032    147    182 +  cm    no 0.75  -
 (39) !   3.8e-09   39.1   0.0  ind_0067_00034    147    182 +  cm    no 0.81  -
 (40) !   4.8e-09   38.8   0.0  ind_0067_00018    147    182 +  cm    no 0.75  -
 (41) !   5.4e-09   38.6   0.0  ind_0067_00025    147    182 +  cm    no 0.75  -
 (42) !   6.3e-09   38.3   0.0  ind_0067_00013    147    182 +  cm    no 0.75  -
 (43) !   6.3e-09   38.3   0.0  ind_0067_00042    147    182 +  cm    no 0.75  -
 (44) !   6.3e-09   38.3   0.0  ind_0067_00043    147    182 +  cm    no 0.75  -
 (45) !   7.4e-09   38.1   0.0  ind_0067_00016    147    182 +  cm    no 0.81  -
 (46) !   7.4e-09   38.1   0.0  ind_0067_00044    147    182 +  cm    no 0.81  -
 (47) !   7.6e-09   38.0   0.0  ind_0067_00009    147    182 +  cm    no 0.75  -
 (48) !   8.5e-09   37.8   0.0  ind_0067_00045    147    182 +  cm    no 0.78  -
 (49) !   7.5e-08   34.3   0.0  ind_0067_00037    147    182 +  cm    no 0.75  -
 (50) !     3e-07   32.0   0.0  ind_0067_00047    147    182 +  cm    no 0.81  -
 ------ inclusion threshold ------
 (51) ?      0.19   10.2   0.0  ind_0067_00006    155    119 -  cm    no 0.46  -


Hit alignments:
>> ind_0067_00000  
 rank     E-value  score  bias mdl mdl from   mdl to       seq from      seq to       acc trunc   gc
 ----   --------- ------ ----- --- -------- --------    ----------- -----------      ---- ----- ----
  (1) !   2.4e-10   43.7   0.0  cm        1       36 []         147         182 + .. 1.00    no 0.78

                                                          NC
                     :::::<<<--<<<<<<_________>>>>>>-->>> CS
  patent_aligned   1 GGUCAGACCCUGGUCCGGGGCAAUGGGACCACUGUU 36 
                     GGUC GACCC GG CCG GGCAA GGG CC CUGUU
  ind_0067_00000 147 GGUCGGACCCCGGCCCGAGGCAACGGGGCCGCUGUU 182
                     ************************************ PP

>> ind_0067_00001  
 rank     E-value  score  bias mdl mdl from   mdl to       seq from      seq to       acc trunc   gc
 ----   --------- ------ ----- --- -------- --------    ----------- -----------      ---- ----- ----
  (2) !   2.4e-10   43.7   0.0  cm        1       36 []         147         182 + .. 1.00    no 0.78

                                                          NC
                     :::::<<<--<<<<<<_________>>>>>>-->>> CS
  patent_aligned   1 GGUCAGACCCUGGUCCGGGGCAAUGGGACCACUGUU 36 
                     GGUC GACCC GG CCG GGCAA GGG CC CUGUU
  ind_0067_00001 147 GGUCGGACCCCGGCCCGAGGCAACGGGGCCGCUGUU 182
                     ************************************ PP

>> ind_0067_00002  
 rank     E-value  score  bias mdl mdl from   mdl to       seq from      seq to       acc trunc   gc
 ----   --------- ------ ----- --- -------- --------    ----------- -----------      ---- ----- ----
  (3) !   2.4e-10   43.7   0.0  cm        1       36 []         147         182 + .. 1.00    no 0.78

                                                          NC
                     :::::<<<--<<<<<<_________>>>>>>-->>> CS
  patent_aligned   1 GGUCAGACCCUGGUCCGGGGCAAUGGGACCACUGUU 36 
                     GGUC GACCC GG CCG GGCAA GGG CC CUGUU
  ind_0067_00002 147 GGUCGGACCCCGGCCCGAGGCAACGGGGCCGCUGUU 182
                     ************************************ PP

>> ind_0067_00003  
 rank     E-value  score  bias mdl mdl from   mdl to       seq from      seq to       acc trunc   gc
 ----   --------- ------ ----- --- -------- --------    ----------- -----------      ---- ----- ----
  (4) !   2.4e-10   43.7   0.0  cm        1       36 []         147         182 + .. 1.00    no 0.78

                                                          NC
                     :::::<<<--<<<<<<_________>>>>>>-->>> CS
  patent_aligned   1 GGUCAGACCCUGGUCCGGGGCAAUGGGACCACUGUU 36 
                     GGUC GACCC GG CCG GGCAA GGG CC CUGUU
  ind_0067_00003 147 GGUCGGACCCCGGCCCGAGGCAACGGGGCCGCUGUU 182
                     ************************************ PP

>> ind_0067_00004  
 rank     E-value  score  bias mdl mdl from   mdl to       seq from      seq to       acc trunc   gc
 ----   --------- ------ ----- --- -------- --------    ----------- -----------      ---- ----- ----
  (5) !   2.4e-10   43.7   0.0  cm        1       36 []         147         182 + .. 1.00    no 0.78

                                                          NC
                     :::::<<<--<<<<<<_________>>>>>>-->>> CS
  patent_aligned   1 GGUCAGACCCUGGUCCGGGGCAAUGGGACCACUGUU 36 
                     GGUC GACCC GG CCG GGCAA GGG CC CUGUU
  ind_0067_00004 147 GGUCGGACCCCGGCCCGAGGCAACGGGGCCGCUGUU 182
                     ************************************ PP

>> ind_0067_00005  
 rank     E-value  score  bias mdl mdl from   mdl to       seq from      seq to       acc trunc   gc
 ----   --------- ------ ----- --- -------- --------    ----------- -----------      ---- ----- ----
  (6) !   2.4e-10   43.7   0.0  cm        1       36 []         147         182 + .. 1.00    no 0.78

                                                          NC
                     :::::<<<--<<<<<<_________>>>>>>-->>> CS
  patent_aligned   1 GGUCAGACCCUGGUCCGGGGCAAUGGGACCACUGUU 36 
                     GGUC GACCC GG CCG GGCAA GGG CC CUGUU
  ind_0067_00005 147 GGUCGGACCCCGGCCCGAGGCAACGGGGCCGCUGUU 182
                     ************************************ PP

>> ind_0067_00006  
 rank     E-value  score  bias mdl mdl from   mdl to       seq from      seq to       acc trunc   gc
 ----   --------- ------ ----- --- -------- --------    ----------- -----------      ---- ----- ----
  (7) !   2.4e-10   43.7   0.0  cm        1       36 []         147         182 + .. 1.00    no 0.78

                                                          NC
                     :::::<<<--<<<<<<_________>>>>>>-->>> CS
  patent_aligned   1 GGUCAGACCCUGGUCCGGGGCAAUGGGACCACUGUU 36 
                     GGUC GACCC GG CCG GGCAA GGG CC CUGUU
  ind_0067_00006 147 GGUCGGACCCCGGCCCGAGGCAACGGGGCCGCUGUU 182
                     ************************************ PP

>> ind_0067_00007  
 rank     E-value  score  bias mdl mdl from   mdl to       seq from      seq to       acc trunc   gc
 ----   --------- ------ ----- --- -------- --------    ----------- -----------      ---- ----- ----
  (8) !   2.4e-10   43.7   0.0  cm        1       36 []         147         182 + .. 1.00    no 0.78

                                                          NC
                     :::::<<<--<<<<<<_________>>>>>>-->>> CS
  patent_aligned   1 GGUCAGACCCUGGUCCGGGGCAAUGGGACCACUGUU 36 
                     GGUC GACCC GG CCG GGCAA GGG CC CUGUU
  ind_0067_00007 147 GGUCGGACCCCGGCCCGAGGCAACGGGGCCGCUGUU 182
                     ************************************ PP

>> ind_0067_00008  
 rank     E-value  score  bias mdl mdl from   mdl to       seq from      seq to       acc trunc   gc
 ----   --------- ------ ----- --- -------- --------    ----------- -----------      ---- ----- ----
  (9) !   2.4e-10   43.7   0.0  cm        1       36 []         147         182 + .. 1.00    no 0.78

                                                          NC
                     :::::<<<--<<<<<<_________>>>>>>-->>> CS
  patent_aligned   1 GGUCAGACCCUGGUCCGGGGCAAUGGGACCACUGUU 36 
                     GGUC GACCC GG CCG GGCAA GGG CC CUGUU
  ind_0067_00008 147 GGUCGGACCCCGGCCCGAGGCAACGGGGCCGCUGUU 182
                     ************************************ PP

>> ind_0067_00010  
 rank     E-value  score  bias mdl mdl from   mdl to       seq from      seq to       acc trunc   gc
 ----   --------- ------ ----- --- -------- --------    ----------- -----------      ---- ----- ----
 (10) !   2.4e-10   43.7   0.0  cm        1       36 []         147         182 + .. 1.00    no 0.78

                                                          NC
                     :::::<<<--<<<<<<_________>>>>>>-->>> CS
  patent_aligned   1 GGUCAGACCCUGGUCCGGGGCAAUGGGACCACUGUU 36 
                     GGUC GACCC GG CCG GGCAA GGG CC CUGUU
  ind_0067_00010 147 GGUCGGACCCCGGCCCGAGGCAACGGGGCCGCUGUU 182
                     ************************************ PP

>> ind_0067_00012  
 rank     E-value  score  bias mdl mdl from   mdl to       seq from      seq to       acc trunc   gc
 ----   --------- ------ ----- --- -------- --------    ----------- -----------      ---- ----- ----
 (11) !   2.4e-10   43.7   0.0  cm        1       36 []         147         182 + .. 1.00    no 0.78

                                                          NC
                     :::::<<<--<<<<<<_________>>>>>>-->>> CS
  patent_aligned   1 GGUCAGACCCUGGUCCGGGGCAAUGGGACCACUGUU 36 
                     GGUC GACCC GG CCG GGCAA GGG CC CUGUU
  ind_0067_00012 147 GGUCGGACCCCGGCCCGAGGCAACGGGGCCGCUGUU 182
                     ************************************ PP

>> ind_0067_00014  
 rank     E-value  score  bias mdl mdl from   mdl to       seq from      seq to       acc trunc   gc
 ----   --------- ------ ----- --- -------- --------    ----------- -----------      ---- ----- ----
 (12) !   2.4e-10   43.7   0.0  cm        1       36 []         147         182 + .. 1.00    no 0.78

                                                          NC
                     :::::<<<--<<<<<<_________>>>>>>-->>> CS
  patent_aligned   1 GGUCAGACCCUGGUCCGGGGCAAUGGGACCACUGUU 36 
                     GGUC GACCC GG CCG GGCAA GGG CC CUGUU
  ind_0067_00014 147 GGUCGGACCCCGGCCCGAGGCAACGGGGCCGCUGUU 182
                     ************************************ PP

>> ind_0067_00015  
 rank     E-value  score  bias mdl mdl from   mdl to       seq from      seq to       acc trunc   gc
 ----   --------- ------ ----- --- -------- --------    ----------- -----------      ---- ----- ----
 (13) !   2.4e-10   43.7   0.0  cm        1       36 []         147         182 + .. 1.00    no 0.78

                                                          NC
                     :::::<<<--<<<<<<_________>>>>>>-->>> CS
  patent_aligned   1 GGUCAGACCCUGGUCCGGGGCAAUGGGACCACUGUU 36 
                     GGUC GACCC GG CCG GGCAA GGG CC CUGUU
  ind_0067_00015 147 GGUCGGACCCCGGCCCGAGGCAACGGGGCCGCUGUU 182
                     ************************************ PP

>> ind_0067_00017  
 rank     E-value  score  bias mdl mdl from   mdl to       seq from      seq to       acc trunc   gc
 ----   --------- ------ ----- --- -------- --------    ----------- -----------      ---- ----- ----
 (14) !   2.4e-10   43.7   0.0  cm        1       36 []         147         182 + .. 1.00    no 0.78

                                                          NC
                     :::::<<<--<<<<<<_________>>>>>>-->>> CS
  patent_aligned   1 GGUCAGACCCUGGUCCGGGGCAAUGGGACCACUGUU 36 
                     GGUC GACCC GG CCG GGCAA GGG CC CUGUU
  ind_0067_00017 147 GGUCGGACCCCGGCCCGAGGCAACGGGGCCGCUGUU 182
                     ************************************ PP

>> ind_0067_00019  
 rank     E-value  score  bias mdl mdl from   mdl to       seq from      seq to       acc trunc   gc
 ----   --------- ------ ----- --- -------- --------    ----------- -----------      ---- ----- ----
 (15) !   2.4e-10   43.7   0.0  cm        1       36 []         147         182 + .. 1.00    no 0.78

                                                          NC
                     :::::<<<--<<<<<<_________>>>>>>-->>> CS
  patent_aligned   1 GGUCAGACCCUGGUCCGGGGCAAUGGGACCACUGUU 36 
                     GGUC GACCC GG CCG GGCAA GGG CC CUGUU
  ind_0067_00019 147 GGUCGGACCCCGGCCCGAGGCAACGGGGCCGCUGUU 182
                     ************************************ PP

>> ind_0067_00020  
 rank     E-value  score  bias mdl mdl from   mdl to       seq from      seq to       acc trunc   gc
 ----   --------- ------ ----- --- -------- --------    ----------- -----------      ---- ----- ----
 (16) !   2.4e-10   43.7   0.0  cm        1       36 []         147         182 + .. 1.00    no 0.78

                                                          NC
                     :::::<<<--<<<<<<_________>>>>>>-->>> CS
  patent_aligned   1 GGUCAGACCCUGGUCCGGGGCAAUGGGACCACUGUU 36 
                     GGUC GACCC GG CCG GGCAA GGG CC CUGUU
  ind_0067_00020 147 GGUCGGACCCCGGCCCGAGGCAACGGGGCCGCUGUU 182
                     ************************************ PP

>> ind_0067_00022  
 rank     E-value  score  bias mdl mdl from   mdl to       seq from      seq to       acc trunc   gc
 ----   --------- ------ ----- --- -------- --------    ----------- -----------      ---- ----- ----
 (17) !   2.4e-10   43.7   0.0  cm        1       36 []         147         182 + .. 1.00    no 0.78

                                                          NC
                     :::::<<<--<<<<<<_________>>>>>>-->>> CS
  patent_aligned   1 GGUCAGACCCUGGUCCGGGGCAAUGGGACCACUGUU 36 
                     GGUC GACCC GG CCG GGCAA GGG CC CUGUU
  ind_0067_00022 147 GGUCGGACCCCGGCCCGAGGCAACGGGGCCGCUGUU 182
                     ************************************ PP

>> ind_0067_00023  
 rank     E-value  score  bias mdl mdl from   mdl to       seq from      seq to       acc trunc   gc
 ----   --------- ------ ----- --- -------- --------    ----------- -----------      ---- ----- ----
 (18) !   2.4e-10   43.7   0.0  cm        1       36 []         147         182 + .. 1.00    no 0.78

                                                          NC
                     :::::<<<--<<<<<<_________>>>>>>-->>> CS
  patent_aligned   1 GGUCAGACCCUGGUCCGGGGCAAUGGGACCACUGUU 36 
                     GGUC GACCC GG CCG GGCAA GGG CC CUGUU
  ind_0067_00023 147 GGUCGGACCCCGGCCCGAGGCAACGGGGCCGCUGUU 182
                     ************************************ PP

>> ind_0067_00026  
 rank     E-value  score  bias mdl mdl from   mdl to       seq from      seq to       acc trunc   gc
 ----   --------- ------ ----- --- -------- --------    ----------- -----------      ---- ----- ----
 (19) !   2.4e-10   43.7   0.0  cm        1       36 []         147         182 + .. 1.00    no 0.78

                                                          NC
                     :::::<<<--<<<<<<_________>>>>>>-->>> CS
  patent_aligned   1 GGUCAGACCCUGGUCCGGGGCAAUGGGACCACUGUU 36 
                     GGUC GACCC GG CCG GGCAA GGG CC CUGUU
  ind_0067_00026 147 GGUCGGACCCCGGCCCGAGGCAACGGGGCCGCUGUU 182
                     ************************************ PP

>> ind_0067_00027  
 rank     E-value  score  bias mdl mdl from   mdl to       seq from      seq to       acc trunc   gc
 ----   --------- ------ ----- --- -------- --------    ----------- -----------      ---- ----- ----
 (20) !   2.4e-10   43.7   0.0  cm        1       36 []         147         182 + .. 1.00    no 0.78

                                                          NC
                     :::::<<<--<<<<<<_________>>>>>>-->>> CS
  patent_aligned   1 GGUCAGACCCUGGUCCGGGGCAAUGGGACCACUGUU 36 
                     GGUC GACCC GG CCG GGCAA GGG CC CUGUU
  ind_0067_00027 147 GGUCGGACCCCGGCCCGAGGCAACGGGGCCGCUGUU 182
                     ************************************ PP

>> ind_0067_00028  
 rank     E-value  score  bias mdl mdl from   mdl to       seq from      seq to       acc trunc   gc
 ----   --------- ------ ----- --- -------- --------    ----------- -----------      ---- ----- ----
 (21) !   2.4e-10   43.7   0.0  cm        1       36 []         147         182 + .. 1.00    no 0.78

                                                          NC
                     :::::<<<--<<<<<<_________>>>>>>-->>> CS
  patent_aligned   1 GGUCAGACCCUGGUCCGGGGCAAUGGGACCACUGUU 36 
                     GGUC GACCC GG CCG GGCAA GGG CC CUGUU
  ind_0067_00028 147 GGUCGGACCCCGGCCCGAGGCAACGGGGCCGCUGUU 182
                     ************************************ PP

>> ind_0067_00029  
 rank     E-value  score  bias mdl mdl from   mdl to       seq from      seq to       acc trunc   gc
 ----   --------- ------ ----- --- -------- --------    ----------- -----------      ---- ----- ----
 (22) !   2.4e-10   43.7   0.0  cm        1       36 []         147         182 + .. 1.00    no 0.78

                                                          NC
                     :::::<<<--<<<<<<_________>>>>>>-->>> CS
  patent_aligned   1 GGUCAGACCCUGGUCCGGGGCAAUGGGACCACUGUU 36 
                     GGUC GACCC GG CCG GGCAA GGG CC CUGUU
  ind_0067_00029 147 GGUCGGACCCCGGCCCGAGGCAACGGGGCCGCUGUU 182
                     ************************************ PP

>> ind_0067_00030  
 rank     E-value  score  bias mdl mdl from   mdl to       seq from      seq to       acc trunc   gc
 ----   --------- ------ ----- --- -------- --------    ----------- -----------      ---- ----- ----
 (23) !   2.4e-10   43.7   0.0  cm        1       36 []         147         182 + .. 1.00    no 0.78

                                                          NC
                     :::::<<<--<<<<<<_________>>>>>>-->>> CS
  patent_aligned   1 GGUCAGACCCUGGUCCGGGGCAAUGGGACCACUGUU 36 
                     GGUC GACCC GG CCG GGCAA GGG CC CUGUU
  ind_0067_00030 147 GGUCGGACCCCGGCCCGAGGCAACGGGGCCGCUGUU 182
                     ************************************ PP

>> ind_0067_00031  
 rank     E-value  score  bias mdl mdl from   mdl to       seq from      seq to       acc trunc   gc
 ----   --------- ------ ----- --- -------- --------    ----------- -----------      ---- ----- ----
 (24) !   2.4e-10   43.7   0.0  cm        1       36 []         147         182 + .. 1.00    no 0.78

                                                          NC
                     :::::<<<--<<<<<<_________>>>>>>-->>> CS
  patent_aligned   1 GGUCAGACCCUGGUCCGGGGCAAUGGGACCACUGUU 36 
                     GGUC GACCC GG CCG GGCAA GGG CC CUGUU
  ind_0067_00031 147 GGUCGGACCCCGGCCCGAGGCAACGGGGCCGCUGUU 182
                     ************************************ PP

>> ind_0067_00033  
 rank     E-value  score  bias mdl mdl from   mdl to       seq from      seq to       acc trunc   gc
 ----   --------- ------ ----- --- -------- --------    ----------- -----------      ---- ----- ----
 (25) !   2.4e-10   43.7   0.0  cm        1       36 []         147         182 + .. 1.00    no 0.78

                                                          NC
                     :::::<<<--<<<<<<_________>>>>>>-->>> CS
  patent_aligned   1 GGUCAGACCCUGGUCCGGGGCAAUGGGACCACUGUU 36 
                     GGUC GACCC GG CCG GGCAA GGG CC CUGUU
  ind_0067_00033 147 GGUCGGACCCCGGCCCGAGGCAACGGGGCCGCUGUU 182
                     ************************************ PP

>> ind_0067_00035  
 rank     E-value  score  bias mdl mdl from   mdl to       seq from      seq to       acc trunc   gc
 ----   --------- ------ ----- --- -------- --------    ----------- -----------      ---- ----- ----
 (26) !   2.4e-10   43.7   0.0  cm        1       36 []         147         182 + .. 1.00    no 0.78

                                                          NC
                     :::::<<<--<<<<<<_________>>>>>>-->>> CS
  patent_aligned   1 GGUCAGACCCUGGUCCGGGGCAAUGGGACCACUGUU 36 
                     GGUC GACCC GG CCG GGCAA GGG CC CUGUU
  ind_0067_00035 147 GGUCGGACCCCGGCCCGAGGCAACGGGGCCGCUGUU 182
                     ************************************ PP

>> ind_0067_00036  
 rank     E-value  score  bias mdl mdl from   mdl to       seq from      seq to       acc trunc   gc
 ----   --------- ------ ----- --- -------- --------    ----------- -----------      ---- ----- ----
 (27) !   2.4e-10   43.7   0.0  cm        1       36 []         147         182 + .. 1.00    no 0.78

                                                          NC
                     :::::<<<--<<<<<<_________>>>>>>-->>> CS
  patent_aligned   1 GGUCAGACCCUGGUCCGGGGCAAUGGGACCACUGUU 36 
                     GGUC GACCC GG CCG GGCAA GGG CC CUGUU
  ind_0067_00036 147 GGUCGGACCCCGGCCCGAGGCAACGGGGCCGCUGUU 182
                     ************************************ PP

>> ind_0067_00038  
 rank     E-value  score  bias mdl mdl from   mdl to       seq from      seq to       acc trunc   gc
 ----   --------- ------ ----- --- -------- --------    ----------- -----------      ---- ----- ----
 (28) !   2.4e-10   43.7   0.0  cm        1       36 []         147         182 + .. 1.00    no 0.78

                                                          NC
                     :::::<<<--<<<<<<_________>>>>>>-->>> CS
  patent_aligned   1 GGUCAGACCCUGGUCCGGGGCAAUGGGACCACUGUU 36 
                     GGUC GACCC GG CCG GGCAA GGG CC CUGUU
  ind_0067_00038 147 GGUCGGACCCCGGCCCGAGGCAACGGGGCCGCUGUU 182
                     ************************************ PP

>> ind_0067_00039  
 rank     E-value  score  bias mdl mdl from   mdl to       seq from      seq to       acc trunc   gc
 ----   --------- ------ ----- --- -------- --------    ----------- -----------      ---- ----- ----
 (29) !   2.4e-10   43.7   0.0  cm        1       36 []         147         182 + .. 1.00    no 0.78

                                                          NC
                     :::::<<<--<<<<<<_________>>>>>>-->>> CS
  patent_aligned   1 GGUCAGACCCUGGUCCGGGGCAAUGGGACCACUGUU 36 
                     GGUC GACCC GG CCG GGCAA GGG CC CUGUU
  ind_0067_00039 147 GGUCGGACCCCGGCCCGAGGCAACGGGGCCGCUGUU 182
                     ************************************ PP

>> ind_0067_00040  
 rank     E-value  score  bias mdl mdl from   mdl to       seq from      seq to       acc trunc   gc
 ----   --------- ------ ----- --- -------- --------    ----------- -----------      ---- ----- ----
 (30) !   2.4e-10   43.7   0.0  cm        1       36 []         147         182 + .. 1.00    no 0.78

                                                          NC
                     :::::<<<--<<<<<<_________>>>>>>-->>> CS
  patent_aligned   1 GGUCAGACCCUGGUCCGGGGCAAUGGGACCACUGUU 36 
                     GGUC GACCC GG CCG GGCAA GGG CC CUGUU
  ind_0067_00040 147 GGUCGGACCCCGGCCCGAGGCAACGGGGCCGCUGUU 182
                     ************************************ PP

>> ind_0067_00041  
 rank     E-value  score  bias mdl mdl from   mdl to       seq from      seq to       acc trunc   gc
 ----   --------- ------ ----- --- -------- --------    ----------- -----------      ---- ----- ----
 (31) !   2.4e-10   43.7   0.0  cm        1       36 []         147         182 + .. 1.00    no 0.78

                                                          NC
                     :::::<<<--<<<<<<_________>>>>>>-->>> CS
  patent_aligned   1 GGUCAGACCCUGGUCCGGGGCAAUGGGACCACUGUU 36 
                     GGUC GACCC GG CCG GGCAA GGG CC CUGUU
  ind_0067_00041 147 GGUCGGACCCCGGCCCGAGGCAACGGGGCCGCUGUU 182
                     ************************************ PP

>> ind_0067_00046  
 rank     E-value  score  bias mdl mdl from   mdl to       seq from      seq to       acc trunc   gc
 ----   --------- ------ ----- --- -------- --------    ----------- -----------      ---- ----- ----
 (32) !   2.4e-10   43.7   0.0  cm        1       36 []         147         182 + .. 1.00    no 0.78

                                                          NC
                     :::::<<<--<<<<<<_________>>>>>>-->>> CS
  patent_aligned   1 GGUCAGACCCUGGUCCGGGGCAAUGGGACCACUGUU 36 
                     GGUC GACCC GG CCG GGCAA GGG CC CUGUU
  ind_0067_00046 147 GGUCGGACCCCGGCCCGAGGCAACGGGGCCGCUGUU 182
                     ************************************ PP

>> ind_0067_00048  
 rank     E-value  score  bias mdl mdl from   mdl to       seq from      seq to       acc trunc   gc
 ----   --------- ------ ----- --- -------- --------    ----------- -----------      ---- ----- ----
 (33) !   2.4e-10   43.7   0.0  cm        1       36 []         147         182 + .. 1.00    no 0.78

                                                          NC
                     :::::<<<--<<<<<<_________>>>>>>-->>> CS
  patent_aligned   1 GGUCAGACCCUGGUCCGGGGCAAUGGGACCACUGUU 36 
                     GGUC GACCC GG CCG GGCAA GGG CC CUGUU
  ind_0067_00048 147 GGUCGGACCCCGGCCCGAGGCAACGGGGCCGCUGUU 182
                     ************************************ PP

>> ind_0067_00049  
 rank     E-value  score  bias mdl mdl from   mdl to       seq from      seq to       acc trunc   gc
 ----   --------- ------ ----- --- -------- --------    ----------- -----------      ---- ----- ----
 (34) !   2.4e-10   43.7   0.0  cm        1       36 []         147         182 + .. 1.00    no 0.78

                                                          NC
                     :::::<<<--<<<<<<_________>>>>>>-->>> CS
  patent_aligned   1 GGUCAGACCCUGGUCCGGGGCAAUGGGACCACUGUU 36 
                     GGUC GACCC GG CCG GGCAA GGG CC CUGUU
  ind_0067_00049 147 GGUCGGACCCCGGCCCGAGGCAACGGGGCCGCUGUU 182
                     ************************************ PP

>> ind_0067_00021  
 rank     E-value  score  bias mdl mdl from   mdl to       seq from      seq to       acc trunc   gc
 ----   --------- ------ ----- --- -------- --------    ----------- -----------      ---- ----- ----
 (35) !   2.7e-10   43.5   0.0  cm        1       36 []         147         182 + .. 1.00    no 0.75

                                                          NC
                     :::::<<<--<<<<<<_________>>>>>>-->>> CS
  patent_aligned   1 GGUCAGACCCUGGUCCGGGGCAAUGGGACCACUGUU 36 
                     GGUC GACCC GG CCG GGCAA GGG CC CUGUU
  ind_0067_00021 147 GGUCGGACCCCGGCCCGAGGCAAAGGGGCCGCUGUU 182
                     ************************************ PP

>> ind_0067_00011  
 rank     E-value  score  bias mdl mdl from   mdl to       seq from      seq to       acc trunc   gc
 ----   --------- ------ ----- --- -------- --------    ----------- -----------      ---- ----- ----
 (36) !   7.8e-10   41.8   0.0  cm        1       36 []         147         182 + .. 1.00    no 0.75

                                                          NC
                     :::::<<<--<<<<<<_________>>>>>>-->>> CS
  patent_aligned   1 GGUCAGACCCUGGUCCGGGGCAAUGGGACCACUGUU 36 
                     GGUC GACCC GG CCG GGCAA GGG CC CUGUU
  ind_0067_00011 147 GGUCGGACCCCGGUCCGAGGCAACGGGGCCGCUGUU 182
                     ************************************ PP

>> ind_0067_00024  
 rank     E-value  score  bias mdl mdl from   mdl to       seq from      seq to       acc trunc   gc
 ----   --------- ------ ----- --- -------- --------    ----------- -----------      ---- ----- ----
 (37) !   7.8e-10   41.8   0.0  cm        1       36 []         147         182 + .. 1.00    no 0.75

                                                          NC
                     :::::<<<--<<<<<<_________>>>>>>-->>> CS
  patent_aligned   1 GGUCAGACCCUGGUCCGGGGCAAUGGGACCACUGUU 36 
                     GGUC GACCC GG CCG GGCAA GGG CC CUGUU
  ind_0067_00024 147 GGUCGGACCCCGGUCCGAGGCAACGGGGCCGCUGUU 182
                     ************************************ PP

>> ind_0067_00032  
 rank     E-value  score  bias mdl mdl from   mdl to       seq from      seq to       acc trunc   gc
 ----   --------- ------ ----- --- -------- --------    ----------- -----------      ---- ----- ----
 (38) !   1.1e-09   41.3   0.0  cm        1       36 []         147         182 + .. 1.00    no 0.75

                                                          NC
                     :::::<<<--<<<<<<_________>>>>>>-->>> CS
  patent_aligned   1 GGUCAGACCCUGGUCCGGGGCAAUGGGACCACUGUU 36 
                     GGUC :ACCC GG CCG GGCAA GGG CC CUGU:
  ind_0067_00032 147 GGUCGAACCCCGGCCCGAGGCAACGGGGCCGCUGUU 182
                     ************************************ PP

>> ind_0067_00034  
 rank     E-value  score  bias mdl mdl from   mdl to       seq from      seq to       acc trunc   gc
 ----   --------- ------ ----- --- -------- --------    ----------- -----------      ---- ----- ----
 (39) !   3.8e-09   39.1   0.0  cm        1       36 []         147         182 + .. 1.00    no 0.81

                                                          NC
                     :::::<<<--<<<<<<_________>>>>>>-->>> CS
  patent_aligned   1 GGUCAGACCCUGGUCCGGGGCAAUGGGACCACUGUU 36 
                     GGUC GACCC GG CCG GGCAA GGG CC C GUU
  ind_0067_00034 147 GGUCGGACCCCGGCCCGAGGCAACGGGGCCGCCGUU 182
                     ************************************ PP

>> ind_0067_00018  
 rank     E-value  score  bias mdl mdl from   mdl to       seq from      seq to       acc trunc   gc
 ----   --------- ------ ----- --- -------- --------    ----------- -----------      ---- ----- ----
 (40) !   4.8e-09   38.8   0.0  cm        1       36 []         147         182 + .. 1.00    no 0.75

                                                          NC
                     :::::<<<--<<<<<<_________>>>>>>-->>> CS
  patent_aligned   1 GGUCAGACCCUGGUCCGGGGCAAUGGGACCACUGUU 36 
                     GGUC GACCC GG CCG G CAA GGG CC CUGUU
  ind_0067_00018 147 GGUCGGACCCCGGCCCGAGACAACGGGGCCGCUGUU 182
                     ************************************ PP

>> ind_0067_00025  
 rank     E-value  score  bias mdl mdl from   mdl to       seq from      seq to       acc trunc   gc
 ----   --------- ------ ----- --- -------- --------    ----------- -----------      ---- ----- ----
 (41) !   5.4e-09   38.6   0.0  cm        1       36 []         147         182 + .. 1.00    no 0.75

                                  v             v         NC
                     :::::<<<--<<<<<<_________>>>>>>-->>> CS
  patent_aligned   1 GGUCAGACCCUGGUCCGGGGCAAUGGGACCACUGUU 36 
                     GGUC GACCC GG CCG GGCAA GGG CC CUGUU
  ind_0067_00025 147 GGUCGGACCCCGGCCCGAGGCAACGGGUCCGCUGUU 182
                     ************************************ PP

>> ind_0067_00013  
 rank     E-value  score  bias mdl mdl from   mdl to       seq from      seq to       acc trunc   gc
 ----   --------- ------ ----- --- -------- --------    ----------- -----------      ---- ----- ----
 (42) !   6.3e-09   38.3   0.0  cm        1       36 []         147         182 + .. 1.00    no 0.75

                                                          NC
                     :::::<<<--<<<<<<_________>>>>>>-->>> CS
  patent_aligned   1 GGUCAGACCCUGGUCCGGGGCAAUGGGACCACUGUU 36 
                     GGUC GACC  GG CCG GGCAA GGG CC CUGUU
  ind_0067_00013 147 GGUCGGACCACGGCCCGAGGCAACGGGGCCGCUGUU 182
                     ************************************ PP

>> ind_0067_00042  
 rank     E-value  score  bias mdl mdl from   mdl to       seq from      seq to       acc trunc   gc
 ----   --------- ------ ----- --- -------- --------    ----------- -----------      ---- ----- ----
 (43) !   6.3e-09   38.3   0.0  cm        1       36 []         147         182 + .. 1.00    no 0.75

                                                          NC
                     :::::<<<--<<<<<<_________>>>>>>-->>> CS
  patent_aligned   1 GGUCAGACCCUGGUCCGGGGCAAUGGGACCACUGUU 36 
                     GGUC GACC  GG CCG GGCAA GGG CC CUGUU
  ind_0067_00042 147 GGUCGGACCACGGCCCGAGGCAACGGGGCCGCUGUU 182
                     ************************************ PP

>> ind_0067_00043  
 rank     E-value  score  bias mdl mdl from   mdl to       seq from      seq to       acc trunc   gc
 ----   --------- ------ ----- --- -------- --------    ----------- -----------      ---- ----- ----
 (44) !   6.3e-09   38.3   0.0  cm        1       36 []         147         182 + .. 1.00    no 0.75

                                                          NC
                     :::::<<<--<<<<<<_________>>>>>>-->>> CS
  patent_aligned   1 GGUCAGACCCUGGUCCGGGGCAAUGGGACCACUGUU 36 
                     GGUC GACC  GG CCG GGCAA GGG CC CUGUU
  ind_0067_00043 147 GGUCGGACCACGGCCCGAGGCAACGGGGCCGCUGUU 182
                     ************************************ PP

>> ind_0067_00016  
 rank     E-value  score  bias mdl mdl from   mdl to       seq from      seq to       acc trunc   gc
 ----   --------- ------ ----- --- -------- --------    ----------- -----------      ---- ----- ----
 (45) !   7.4e-09   38.1   0.0  cm        1       36 []         147         182 + .. 0.99    no 0.81

                                                          NC
                     :::::<<<--<<<<<<_________>>>>>>-->>> CS
  patent_aligned   1 GGUCAGACCCUGGUCCGGGGCAAUGGGACCACUGUU 36 
                     GGUC GACCC GG CCG GGC A GGG CC CUGUU
  ind_0067_00016 147 GGUCGGACCCCGGCCCGAGGCCACGGGGCCGCUGUU 182
                     *********************99************* PP

>> ind_0067_00044  
 rank     E-value  score  bias mdl mdl from   mdl to       seq from      seq to       acc trunc   gc
 ----   --------- ------ ----- --- -------- --------    ----------- -----------      ---- ----- ----
 (46) !   7.4e-09   38.1   0.0  cm        1       36 []         147         182 + .. 0.99    no 0.81

                                                          NC
                     :::::<<<--<<<<<<_________>>>>>>-->>> CS
  patent_aligned   1 GGUCAGACCCUGGUCCGGGGCAAUGGGACCACUGUU 36 
                     GGUC GACCC GG CCG GGC A GGG CC CUGUU
  ind_0067_00044 147 GGUCGGACCCCGGCCCGAGGCCACGGGGCCGCUGUU 182
                     *********************99************* PP

>> ind_0067_00009  
 rank     E-value  score  bias mdl mdl from   mdl to       seq from      seq to       acc trunc   gc
 ----   --------- ------ ----- --- -------- --------    ----------- -----------      ---- ----- ----
 (47) !   7.6e-09   38.0   0.0  cm        1       36 []         147         182 + .. 1.00    no 0.75

                                                          NC
                     :::::<<<--<<<<<<_________>>>>>>-->>> CS
  patent_aligned   1 GGUCAGACCCUGGUCCGGGGCAAUGGGACCACUGUU 36 
                     GGUC GACCC GG CC  GGCAA GGG CC CUGUU
  ind_0067_00009 147 GGUCGGACCCCGGCCCUAGGCAACGGGGCCGCUGUU 182
                     ************************************ PP

>> ind_0067_00045  
 rank     E-value  score  bias mdl mdl from   mdl to       seq from      seq to       acc trunc   gc
 ----   --------- ------ ----- --- -------- --------    ----------- -----------      ---- ----- ----
 (48) !   8.5e-09   37.8   0.0  cm        1       36 []         147         182 + .. 0.98    no 0.78

                                                          NC
                     :::::<<<--<<<<<<_________>>>>>>-->>> CS
  patent_aligned   1 GGUCAGACCCUGGUCCGGGGCAAUGGGACCACUGUU 36 
                     GGUC GACCC GG CCG GGCAA  GG CC CUGUU
  ind_0067_00045 147 GGUCGGACCCCGGCCCGAGGCAACCGGGCCGCUGUU 182
                     **********************977*********** PP

>> ind_0067_00037  
 rank     E-value  score  bias mdl mdl from   mdl to       seq from      seq to       acc trunc   gc
 ----   --------- ------ ----- --- -------- --------    ----------- -----------      ---- ----- ----
 (49) !   7.5e-08   34.3   0.0  cm        1       36 []         147         182 + .. 1.00    no 0.75

                                    v         v           NC
                     :::::<<<--<<<<<<_________>>>>>>-->>> CS
  patent_aligned   1 GGUCAGACCCUGGUCCGGGGCAAUGGGACCACUGUU 36 
                     GGUC GACCC GG C G GGCAA G G CC CUGUU
  ind_0067_00037 147 GGUCGGACCCCGGCCAGAGGCAACGGGGCCGCUGUU 182
                     ************************************ PP

>> ind_0067_00047  
 rank     E-value  score  bias mdl mdl from   mdl to       seq from      seq to       acc trunc   gc
 ----   --------- ------ ----- --- -------- --------    ----------- -----------      ---- ----- ----
 (50) !     3e-07   32.0   0.0  cm        1       36 []         147         182 + .. 1.00    no 0.81

                                                          NC
                     :::::<<<--<<<<<<_________>>>>>>-->>> CS
  patent_aligned   1 GGUCAGACCCUGGUCCGGGGCAAUGGGACCACUGUU 36 
                     GGUC GACC  GG CCG GGCAA GGG CC C GUU
  ind_0067_00047 147 GGUCGGACCGCGGCCCGAGGCAACGGGGCCGCGGUU 182
                     ************************************ PP

>> ind_0067_00006  
 rank     E-value  score  bias mdl mdl from   mdl to       seq from      seq to       acc trunc   gc
 ----   --------- ------ ----- --- -------- --------    ----------- -----------      ---- ----- ----
 (51) ?      0.19   10.2   0.0  cm        1       36 []         155         119 - .. 0.97    no 0.46

                                             NC
                     :::::<<<--<~~~~~~>-->>> CS
  patent_aligned   1 GGUCAGACCCU*[19]*ACUGUU 36 
                     GGUC GACCCU      AC GUU
  ind_0067_00006 155 GGUCCGACCCU*[20]*ACAGUU 119
                     **********9...*..899*** PP



Internal CM pipeline statistics summary:
----------------------------------------
Query model(s):                                                  1  (36 consensus positions)
Target sequences:                                               50  (19700 residues searched)
Target sequences re-searched for truncated hits:                50  (10200 residues re-searched)
Windows   passing  local HMM SSV           filter:             244  (0.4607); expected (0.35)
Windows   passing  local HMM Viterbi       filter:                  (off)
Windows   passing  local HMM Viterbi  bias filter:                  (off)
Windows   passing  local HMM Forward       filter:             102  (0.1708); expected (0.02)
Windows   passing  local HMM Forward  bias filter:             102  (0.1708); expected (0.02)
Windows   passing glocal HMM Forward       filter:              60  (0.1081); expected (0.02)
Windows   passing glocal HMM Forward  bias filter:              60  (0.1081); expected (0.02)
Envelopes passing glocal HMM envelope defn filter:              60  (0.07679); expected (0.02)
Envelopes passing  local CM  CYK           filter:              60  (0.07679); expected (0.0001)
Total CM hits reported:                                         51  (0.06144); includes 0 truncated hit(s)

# CPU time: 0.20u 0.00s 00:00:00.20 Elapsed: 00:00:00.21
# Alignment of 50 hits satisfying inclusion thresholds saved to: optimization_a7/100gen/_workspace/cmsearch_logs/gen_0067/patent_cmsearch.sto
//
[ok]
