# cmsearch :: search CM(s) against a sequence database
# INFERNAL 1.1.5 (Sep 2023)
# Copyright (C) 2023 Howard Hughes Medical Institute.
# Freely distributed under the BSD open source license.
# - - - - - - - - - - - - - - - - - - - - - - - - - - - - - - - - - - - -
# query CM file:                         A7_analysis/patent.cm
# target sequence database:              /tmp/tmpsudvmwhm/queries.fa
# output directed to file:               optimization_a7/100gen/_workspace/cmsearch_logs/gen_0034/patent_cmsearch.out
# MSA of significant hits saved to file: optimization_a7/100gen/_workspace/cmsearch_logs/gen_0034/patent_cmsearch.sto
# tabular output of hits:                optimization_a7/100gen/_workspace/cmsearch_logs/gen_0034/patent_cmsearch.tblout
# max ASCII text line length:            unlimited
# sequence reporting threshold:          E-value <= 1000
# number of worker threads:              4
# - - - - - - - - - - - - - - - - - - - - - - - - - - - - - - - - - - - -

Query:       patent_aligned  [CLEN=36]
Hit scores:
 rank     E-value  score  bias  sequence        start    end   mdl trunc   gc  description
 ----   --------- ------ -----  -------------- ------ ------   --- ----- ----  -----------
  (1) !     5e-15   61.3   0.0  ind_0034_00000    147    182 +  cm    no 0.61  -
  (2) !     5e-15   61.3   0.0  ind_0034_00004    147    182 +  cm    no 0.61  -
  (3) !     5e-15   61.3   0.0  ind_0034_00006    147    182 +  cm    no 0.61  -
  (4) !     5e-15   61.3   0.0  ind_0034_00008    147    182 +  cm    no 0.61  -
  (5) !     5e-15   61.3   0.0  ind_0034_00023    147    182 +  cm    no 0.61  -
  (6) !     5e-15   61.3   0.0  ind_0034_00036    147    182 +  cm    no 0.61  -
  (7) !     5e-15   61.3   0.0  ind_0034_00040    147    182 +  cm    no 0.61  -
  (8) !     5e-15   61.3   0.0  ind_0034_00048    147    182 +  cm    no 0.61  -
  (9) !   8.2e-14   56.7   0.0  ind_0034_00030    147    182 +  cm    no 0.58  -
 (10) !     1e-13   56.4   0.0  ind_0034_00001    147    182 +  cm    no 0.58  -
 (11) !   1.3e-13   56.0   0.0  ind_0034_00037    147    182 +  cm    no 0.58  -
 (12) !   1.3e-13   56.0   0.0  ind_0034_00044    147    182 +  cm    no 0.58  -
 (13) !   1.3e-13   56.0   0.0  ind_0034_00045    147    182 +  cm    no 0.58  -
 (14) !   1.6e-13   55.7   0.0  ind_0034_00002    147    182 +  cm    no 0.61  -
 (15) !   1.6e-13   55.7   0.0  ind_0034_00003    147    182 +  cm    no 0.61  -
 (16) !   1.6e-13   55.7   0.0  ind_0034_00010    147    182 +  cm    no 0.61  -
 (17) !   1.6e-13   55.7   0.0  ind_0034_00032    147    182 +  cm    no 0.61  -
 (18) !   1.6e-13   55.7   0.0  ind_0034_00039    147    182 +  cm    no 0.61  -
 (19) !   1.8e-13   55.4   0.0  ind_0034_00014    147    182 +  cm    no 0.61  -
 (20) !   2.1e-13   55.2   0.0  ind_0034_00007    147    182 +  cm    no 0.61  -
 (21) !   2.1e-13   55.2   0.0  ind_0034_00021    147    182 +  cm    no 0.61  -
 (22) !   2.1e-13   55.2   0.0  ind_0034_00027    147    182 +  cm    no 0.61  -
 (23) !   2.1e-13   55.2   0.0  ind_0034_00028    147    182 +  cm    no 0.61  -
 (24) !   2.3e-13   55.1   0.0  ind_0034_00018    147    182 +  cm    no 0.61  -
 (25) !   1.5e-12   51.9   0.0  ind_0034_00026    147    182 +  cm    no 0.56  -
 (26) !     2e-12   51.5   0.0  ind_0034_00013    147    182 +  cm    no 0.56  -
 (27) !     2e-12   51.5   0.0  ind_0034_00005    147    182 +  cm    no 0.61  -
 (28) !   2.5e-12   51.2   0.0  ind_0034_00024    147    182 +  cm    no 0.56  -
 (29) !   2.5e-12   51.2   0.0  ind_0034_00038    147    182 +  cm    no 0.56  -
 (30) !   2.5e-12   51.1   0.0  ind_0034_00033    147    182 +  cm    no 0.61  -
 (31) !   3.5e-12   50.6   0.0  ind_0034_00043    147    182 +  cm    no 0.58  -
 (32) !   4.2e-12   50.3   0.0  ind_0034_00025    147    182 +  cm    no 0.56  -
 (33) !   4.3e-12   50.3   0.0  ind_0034_00041    147    182 +  cm    no 0.58  -
 (34) !   4.3e-12   50.3   0.0  ind_0034_00049    147    182 +  cm    no 0.58  -
 (35) !   5.1e-12   50.0   0.0  ind_0034_00016    147    182 +  cm    no 0.58  -
 (36) !   5.1e-12   50.0   0.0  ind_0034_00012    147    182 +  cm    no 0.58  -
 (37) !   1.9e-11   47.8   0.0  ind_0034_00034    147    182 +  cm    no 0.56  -
 (38) !   2.5e-11   47.4   0.0  ind_0034_00042    147    182 +  cm    no 0.56  -
 (39) !   3.7e-11   46.7   0.0  ind_0034_00011    147    182 +  cm    no 0.58  -
 (40) !   4.6e-11   46.4   0.0  ind_0034_00029    147    182 +  cm    no 0.61  -
 (41) !   4.7e-11   46.3   0.0  ind_0034_00022    147    182 +  cm    no 0.58  -
 (42) !   1.3e-10   44.7   0.0  ind_0034_00046    147    182 +  cm    no 0.61  -
 (43) !   5.1e-10   42.5   0.0  ind_0034_00047    148    182 +  cm    no 0.63  -
 (44) !   5.6e-10   42.3   0.0  ind_0034_00015    147    182 +  cm    no 0.61  -
 (45) !     6e-10   42.2   0.0  ind_0034_00031    147    182 +  cm    no 0.67  -
 (46) !   7.1e-10   41.9   0.0  ind_0034_00020    147    182 +  cm    no 0.61  -
 (47) !   8.3e-09   37.9   0.0  ind_0034_00009    147    182 +  cm    no 0.69  -
 (48) !   1.6e-08   36.8   0.0  ind_0034_00019    147    182 +  cm    no 0.67  -
 (49) !   1.9e-07   32.8   0.0  ind_0034_00017    147    182 +  cm    no 0.64  -
 (50) !   2.2e-07   32.6   0.0  ind_0034_00035    147    182 +  cm    no 0.67  -
 ------ inclusion threshold ------
 (51) ?       0.7    8.0   0.0  ind_0034_00031      7     24 +  cm    no 0.67  -
 (52) ?   6.7e+02   -3.2   0.0  ind_0034_00009    140    143 +  cm    no 0.50  -


Hit alignments:
>> ind_0034_00000  
 rank     E-value  score  bias mdl mdl from   mdl to       seq from      seq to       acc trunc   gc
 ----   --------- ------ ----- --- -------- --------    ----------- -----------      ---- ----- ----
  (1) !     5e-15   61.3   0.0  cm        1       36 []         147         182 + .. 1.00    no 0.61

                                                          NC
                     :::::<<<--<<<<<<_________>>>>>>-->>> CS
  patent_aligned   1 GGUCAGACCCUGGUCCGGGGCAAUGGGACCACUGUU 36 
                     GGUCAGACCCUGGUCCGGG CAAUGGGACCACUGUU
  ind_0034_00000 147 GGUCAGACCCUGGUCCGGGACAAUGGGACCACUGUU 182
                     ************************************ PP

>> ind_0034_00004  
 rank     E-value  score  bias mdl mdl from   mdl to       seq from      seq to       acc trunc   gc
 ----   --------- ------ ----- --- -------- --------    ----------- -----------      ---- ----- ----
  (2) !     5e-15   61.3   0.0  cm        1       36 []         147         182 + .. 1.00    no 0.61

                                                          NC
                     :::::<<<--<<<<<<_________>>>>>>-->>> CS
  patent_aligned   1 GGUCAGACCCUGGUCCGGGGCAAUGGGACCACUGUU 36 
                     GGUCAGACCCUGGUCCGGG CAAUGGGACCACUGUU
  ind_0034_00004 147 GGUCAGACCCUGGUCCGGGACAAUGGGACCACUGUU 182
                     ************************************ PP

>> ind_0034_00006  
 rank     E-value  score  bias mdl mdl from   mdl to       seq from      seq to       acc trunc   gc
 ----   --------- ------ ----- --- -------- --------    ----------- -----------      ---- ----- ----
  (3) !     5e-15   61.3   0.0  cm        1       36 []         147         182 + .. 1.00    no 0.61

                                                          NC
                     :::::<<<--<<<<<<_________>>>>>>-->>> CS
  patent_aligned   1 GGUCAGACCCUGGUCCGGGGCAAUGGGACCACUGUU 36 
                     GGUCAGACCCUGGUCCGGG CAAUGGGACCACUGUU
  ind_0034_00006 147 GGUCAGACCCUGGUCCGGGACAAUGGGACCACUGUU 182
                     ************************************ PP

>> ind_0034_00008  
 rank     E-value  score  bias mdl mdl from   mdl to       seq from      seq to       acc trunc   gc
 ----   --------- ------ ----- --- -------- --------    ----------- -----------      ---- ----- ----
  (4) !     5e-15   61.3   0.0  cm        1       36 []         147         182 + .. 1.00    no 0.61

                                                          NC
                     :::::<<<--<<<<<<_________>>>>>>-->>> CS
  patent_aligned   1 GGUCAGACCCUGGUCCGGGGCAAUGGGACCACUGUU 36 
                     GGUCAGACCCUGGUCCGGG CAAUGGGACCACUGUU
  ind_0034_00008 147 GGUCAGACCCUGGUCCGGGACAAUGGGACCACUGUU 182
                     ************************************ PP

>> ind_0034_00023  
 rank     E-value  score  bias mdl mdl from   mdl to       seq from      seq to       acc trunc   gc
 ----   --------- ------ ----- --- -------- --------    ----------- -----------      ---- ----- ----
  (5) !     5e-15   61.3   0.0  cm        1       36 []         147         182 + .. 1.00    no 0.61

                                                          NC
                     :::::<<<--<<<<<<_________>>>>>>-->>> CS
  patent_aligned   1 GGUCAGACCCUGGUCCGGGGCAAUGGGACCACUGUU 36 
                     GGUCAGACCCUGGUCCGGG CAAUGGGACCACUGUU
  ind_0034_00023 147 GGUCAGACCCUGGUCCGGGACAAUGGGACCACUGUU 182
                     ************************************ PP

>> ind_0034_00036  
 rank     E-value  score  bias mdl mdl from   mdl to       seq from      seq to       acc trunc   gc
 ----   --------- ------ ----- --- -------- --------    ----------- -----------      ---- ----- ----
  (6) !     5e-15   61.3   0.0  cm        1       36 []         147         182 + .. 1.00    no 0.61

                                                          NC
                     :::::<<<--<<<<<<_________>>>>>>-->>> CS
  patent_aligned   1 GGUCAGACCCUGGUCCGGGGCAAUGGGACCACUGUU 36 
                     GGUCAGACCCUGGUCCGGG CAAUGGGACCACUGUU
  ind_0034_00036 147 GGUCAGACCCUGGUCCGGGACAAUGGGACCACUGUU 182
                     ************************************ PP

>> ind_0034_00040  
 rank     E-value  score  bias mdl mdl from   mdl to       seq from      seq to       acc trunc   gc
 ----   --------- ------ ----- --- -------- --------    ----------- -----------      ---- ----- ----
  (7) !     5e-15   61.3   0.0  cm        1       36 []         147         182 + .. 1.00    no 0.61

                                                          NC
                     :::::<<<--<<<<<<_________>>>>>>-->>> CS
  patent_aligned   1 GGUCAGACCCUGGUCCGGGGCAAUGGGACCACUGUU 36 
                     GGUCAGACCCUGGUCCGGG CAAUGGGACCACUGUU
  ind_0034_00040 147 GGUCAGACCCUGGUCCGGGACAAUGGGACCACUGUU 182
                     ************************************ PP

>> ind_0034_00048  
 rank     E-value  score  bias mdl mdl from   mdl to       seq from      seq to       acc trunc   gc
 ----   --------- ------ ----- --- -------- --------    ----------- -----------      ---- ----- ----
  (8) !     5e-15   61.3   0.0  cm        1       36 []         147         182 + .. 1.00    no 0.61

                                                          NC
                     :::::<<<--<<<<<<_________>>>>>>-->>> CS
  patent_aligned   1 GGUCAGACCCUGGUCCGGGGCAAUGGGACCACUGUU 36 
                     GGUCAGACCCUGGUCCGGG CAAUGGGACCACUGUU
  ind_0034_00048 147 GGUCAGACCCUGGUCCGGGACAAUGGGACCACUGUU 182
                     ************************************ PP

>> ind_0034_00030  
 rank     E-value  score  bias mdl mdl from   mdl to       seq from      seq to       acc trunc   gc
 ----   --------- ------ ----- --- -------- --------    ----------- -----------      ---- ----- ----
  (9) !   8.2e-14   56.7   0.0  cm        1       36 []         147         182 + .. 1.00    no 0.58

                                                          NC
                     :::::<<<--<<<<<<_________>>>>>>-->>> CS
  patent_aligned   1 GGUCAGACCCUGGUCCGGGGCAAUGGGACCACUGUU 36 
                      GUCAGACCCUGGUCCGGG CAAUGGGACCACUGUU
  ind_0034_00030 147 UGUCAGACCCUGGUCCGGGACAAUGGGACCACUGUU 182
                     ************************************ PP

>> ind_0034_00001  
 rank     E-value  score  bias mdl mdl from   mdl to       seq from      seq to       acc trunc   gc
 ----   --------- ------ ----- --- -------- --------    ----------- -----------      ---- ----- ----
 (10) !     1e-13   56.4   0.0  cm        1       36 []         147         182 + .. 1.00    no 0.58

                                                          NC
                     :::::<<<--<<<<<<_________>>>>>>-->>> CS
  patent_aligned   1 GGUCAGACCCUGGUCCGGGGCAAUGGGACCACUGUU 36 
                     GGUCAGACCCUGGUCC GG CAAUGGGACCACUGUU
  ind_0034_00001 147 GGUCAGACCCUGGUCCAGGACAAUGGGACCACUGUU 182
                     ************************************ PP

>> ind_0034_00037  
 rank     E-value  score  bias mdl mdl from   mdl to       seq from      seq to       acc trunc   gc
 ----   --------- ------ ----- --- -------- --------    ----------- -----------      ---- ----- ----
 (11) !   1.3e-13   56.0   0.0  cm        1       36 []         147         182 + .. 1.00    no 0.58

                                                          NC
                     :::::<<<--<<<<<<_________>>>>>>-->>> CS
  patent_aligned   1 GGUCAGACCCUGGUCCGGGGCAAUGGGACCACUGUU 36 
                      GUCAGACCCUGGUCCGGG CAAUGGGACCACUGUU
  ind_0034_00037 147 UGUCAGACCCUGGUCCGGGUCAAUGGGACCACUGUU 182
                     ************************************ PP

>> ind_0034_00044  
 rank     E-value  score  bias mdl mdl from   mdl to       seq from      seq to       acc trunc   gc
 ----   --------- ------ ----- --- -------- --------    ----------- -----------      ---- ----- ----
 (12) !   1.3e-13   56.0   0.0  cm        1       36 []         147         182 + .. 1.00    no 0.58

                                                          NC
                     :::::<<<--<<<<<<_________>>>>>>-->>> CS
  patent_aligned   1 GGUCAGACCCUGGUCCGGGGCAAUGGGACCACUGUU 36 
                      GUCAGACCCUGGUCCGGG CAAUGGGACCACUGUU
  ind_0034_00044 147 UGUCAGACCCUGGUCCGGGUCAAUGGGACCACUGUU 182
                     ************************************ PP

>> ind_0034_00045  
 rank     E-value  score  bias mdl mdl from   mdl to       seq from      seq to       acc trunc   gc
 ----   --------- ------ ----- --- -------- --------    ----------- -----------      ---- ----- ----
 (13) !   1.3e-13   56.0   0.0  cm        1       36 []         147         182 + .. 1.00    no 0.58

                                                          NC
                     :::::<<<--<<<<<<_________>>>>>>-->>> CS
  patent_aligned   1 GGUCAGACCCUGGUCCGGGGCAAUGGGACCACUGUU 36 
                      GUCAGACCCUGGUCCGGG CAAUGGGACCACUGUU
  ind_0034_00045 147 UGUCAGACCCUGGUCCGGGUCAAUGGGACCACUGUU 182
                     ************************************ PP

>> ind_0034_00002  
 rank     E-value  score  bias mdl mdl from   mdl to       seq from      seq to       acc trunc   gc
 ----   --------- ------ ----- --- -------- --------    ----------- -----------      ---- ----- ----
 (14) !   1.6e-13   55.7   0.0  cm        1       36 []         147         182 + .. 1.00    no 0.61

                                                          NC
                     :::::<<<--<<<<<<_________>>>>>>-->>> CS
  patent_aligned   1 GGUCAGACCCUGGUCCGGGGCAAUGGGACCACUGUU 36 
                     G UCAGACCCUGGUCCGGG CAAUGGGACCACUGUU
  ind_0034_00002 147 GCUCAGACCCUGGUCCGGGACAAUGGGACCACUGUU 182
                     ************************************ PP

>> ind_0034_00003  
 rank     E-value  score  bias mdl mdl from   mdl to       seq from      seq to       acc trunc   gc
 ----   --------- ------ ----- --- -------- --------    ----------- -----------      ---- ----- ----
 (15) !   1.6e-13   55.7   0.0  cm        1       36 []         147         182 + .. 1.00    no 0.61

                                                          NC
                     :::::<<<--<<<<<<_________>>>>>>-->>> CS
  patent_aligned   1 GGUCAGACCCUGGUCCGGGGCAAUGGGACCACUGUU 36 
                     G UCAGACCCUGGUCCGGG CAAUGGGACCACUGUU
  ind_0034_00003 147 GCUCAGACCCUGGUCCGGGACAAUGGGACCACUGUU 182
                     ************************************ PP

>> ind_0034_00010  
 rank     E-value  score  bias mdl mdl from   mdl to       seq from      seq to       acc trunc   gc
 ----   --------- ------ ----- --- -------- --------    ----------- -----------      ---- ----- ----
 (16) !   1.6e-13   55.7   0.0  cm        1       36 []         147         182 + .. 1.00    no 0.61

                                                          NC
                     :::::<<<--<<<<<<_________>>>>>>-->>> CS
  patent_aligned   1 GGUCAGACCCUGGUCCGGGGCAAUGGGACCACUGUU 36 
                     G UCAGACCCUGGUCCGGG CAAUGGGACCACUGUU
  ind_0034_00010 147 GCUCAGACCCUGGUCCGGGACAAUGGGACCACUGUU 182
                     ************************************ PP

>> ind_0034_00032  
 rank     E-value  score  bias mdl mdl from   mdl to       seq from      seq to       acc trunc   gc
 ----   --------- ------ ----- --- -------- --------    ----------- -----------      ---- ----- ----
 (17) !   1.6e-13   55.7   0.0  cm        1       36 []         147         182 + .. 1.00    no 0.61

                                                          NC
                     :::::<<<--<<<<<<_________>>>>>>-->>> CS
  patent_aligned   1 GGUCAGACCCUGGUCCGGGGCAAUGGGACCACUGUU 36 
                     G UCAGACCCUGGUCCGGG CAAUGGGACCACUGUU
  ind_0034_00032 147 GCUCAGACCCUGGUCCGGGACAAUGGGACCACUGUU 182
                     ************************************ PP

>> ind_0034_00039  
 rank     E-value  score  bias mdl mdl from   mdl to       seq from      seq to       acc trunc   gc
 ----   --------- ------ ----- --- -------- --------    ----------- -----------      ---- ----- ----
 (18) !   1.6e-13   55.7   0.0  cm        1       36 []         147         182 + .. 1.00    no 0.61

                                                          NC
                     :::::<<<--<<<<<<_________>>>>>>-->>> CS
  patent_aligned   1 GGUCAGACCCUGGUCCGGGGCAAUGGGACCACUGUU 36 
                     G UCAGACCCUGGUCCGGG CAAUGGGACCACUGUU
  ind_0034_00039 147 GCUCAGACCCUGGUCCGGGACAAUGGGACCACUGUU 182
                     ************************************ PP

>> ind_0034_00014  
 rank     E-value  score  bias mdl mdl from   mdl to       seq from      seq to       acc trunc   gc
 ----   --------- ------ ----- --- -------- --------    ----------- -----------      ---- ----- ----
 (19) !   1.8e-13   55.4   0.0  cm        1       36 []         147         182 + .. 0.99    no 0.61

                                                          NC
                     :::::<<<--<<<<<<_________>>>>>>-->>> CS
  patent_aligned   1 GGUCAGACCCUGGUCCGGGGCAAUGGGACCACUGUU 36 
                      GUCAGACCCUGGUCCGGG CAAUGGGACCACUGUU
  ind_0034_00014 147 UGUCAGACCCUGGUCCGGGCCAAUGGGACCACUGUU 182
                     ******************999*************** PP

>> ind_0034_00007  
 rank     E-value  score  bias mdl mdl from   mdl to       seq from      seq to       acc trunc   gc
 ----   --------- ------ ----- --- -------- --------    ----------- -----------      ---- ----- ----
 (20) !   2.1e-13   55.2   0.0  cm        1       36 []         147         182 + .. 1.00    no 0.61

                                                          NC
                     :::::<<<--<<<<<<_________>>>>>>-->>> CS
  patent_aligned   1 GGUCAGACCCUGGUCCGGGGCAAUGGGACCACUGUU 36 
                     GGUCAGAC CUGGUCCGGG CAAUGGGACCACUGUU
  ind_0034_00007 147 GGUCAGACGCUGGUCCGGGACAAUGGGACCACUGUU 182
                     ************************************ PP

>> ind_0034_00021  
 rank     E-value  score  bias mdl mdl from   mdl to       seq from      seq to       acc trunc   gc
 ----   --------- ------ ----- --- -------- --------    ----------- -----------      ---- ----- ----
 (21) !   2.1e-13   55.2   0.0  cm        1       36 []         147         182 + .. 1.00    no 0.61

                                                          NC
                     :::::<<<--<<<<<<_________>>>>>>-->>> CS
  patent_aligned   1 GGUCAGACCCUGGUCCGGGGCAAUGGGACCACUGUU 36 
                     GGUCAGAC CUGGUCCGGG CAAUGGGACCACUGUU
  ind_0034_00021 147 GGUCAGACGCUGGUCCGGGACAAUGGGACCACUGUU 182
                     ************************************ PP

>> ind_0034_00027  
 rank     E-value  score  bias mdl mdl from   mdl to       seq from      seq to       acc trunc   gc
 ----   --------- ------ ----- --- -------- --------    ----------- -----------      ---- ----- ----
 (22) !   2.1e-13   55.2   0.0  cm        1       36 []         147         182 + .. 1.00    no 0.61

                                                          NC
                     :::::<<<--<<<<<<_________>>>>>>-->>> CS
  patent_aligned   1 GGUCAGACCCUGGUCCGGGGCAAUGGGACCACUGUU 36 
                     GGUCAGAC CUGGUCCGGG CAAUGGGACCACUGUU
  ind_0034_00027 147 GGUCAGACGCUGGUCCGGGACAAUGGGACCACUGUU 182
                     ************************************ PP

>> ind_0034_00028  
 rank     E-value  score  bias mdl mdl from   mdl to       seq from      seq to       acc trunc   gc
 ----   --------- ------ ----- --- -------- --------    ----------- -----------      ---- ----- ----
 (23) !   2.1e-13   55.2   0.0  cm        1       36 []         147         182 + .. 1.00    no 0.61

                                                          NC
                     :::::<<<--<<<<<<_________>>>>>>-->>> CS
  patent_aligned   1 GGUCAGACCCUGGUCCGGGGCAAUGGGACCACUGUU 36 
                     GGUCAGAC CUGGUCCGGG CAAUGGGACCACUGUU
  ind_0034_00028 147 GGUCAGACGCUGGUCCGGGACAAUGGGACCACUGUU 182
                     ************************************ PP

>> ind_0034_00018  
 rank     E-value  score  bias mdl mdl from   mdl to       seq from      seq to       acc trunc   gc
 ----   --------- ------ ----- --- -------- --------    ----------- -----------      ---- ----- ----
 (24) !   2.3e-13   55.1   0.0  cm        1       36 []         147         182 + .. 1.00    no 0.61

                                                          NC
                     :::::<<<--<<<<<<_________>>>>>>-->>> CS
  patent_aligned   1 GGUCAGACCCUGGUCCGGGGCAAUGGGACCACUGUU 36 
                     GGUCAGACCCUGGUCCGGG CAAU GGACCACUGUU
  ind_0034_00018 147 GGUCAGACCCUGGUCCGGGACAAUCGGACCACUGUU 182
                     ************************9*********** PP

>> ind_0034_00026  
 rank     E-value  score  bias mdl mdl from   mdl to       seq from      seq to       acc trunc   gc
 ----   --------- ------ ----- --- -------- --------    ----------- -----------      ---- ----- ----
 (25) !   1.5e-12   51.9   0.0  cm        1       36 []         147         182 + .. 1.00    no 0.56

                                                          NC
                     :::::<<<--<<<<<<_________>>>>>>-->>> CS
  patent_aligned   1 GGUCAGACCCUGGUCCGGGGCAAUGGGACCACUGUU 36 
                     GGUCAGACCCUGGUCC GG  AAUGGGACCACUGUU
  ind_0034_00026 147 GGUCAGACCCUGGUCCAGGAUAAUGGGACCACUGUU 182
                     ************************************ PP

>> ind_0034_00013  
 rank     E-value  score  bias mdl mdl from   mdl to       seq from      seq to       acc trunc   gc
 ----   --------- ------ ----- --- -------- --------    ----------- -----------      ---- ----- ----
 (26) !     2e-12   51.5   0.0  cm        1       36 []         147         182 + .. 1.00    no 0.56

                                                          NC
                     :::::<<<--<<<<<<_________>>>>>>-->>> CS
  patent_aligned   1 GGUCAGACCCUGGUCCGGGGCAAUGGGACCACUGUU 36 
                     GGUCAGAC CUGGUCCGGG CAAUGGGACCA UGUU
  ind_0034_00013 147 GGUCAGACACUGGUCCGGGACAAUGGGACCAUUGUU 182
                     ************************************ PP

>> ind_0034_00005  
 rank     E-value  score  bias mdl mdl from   mdl to       seq from      seq to       acc trunc   gc
 ----   --------- ------ ----- --- -------- --------    ----------- -----------      ---- ----- ----
 (27) !     2e-12   51.5   0.0  cm        1       36 []         147         182 + .. 1.00    no 0.61

                                                          NC
                     :::::<<<--<<<<<<_________>>>>>>-->>> CS
  patent_aligned   1 GGUCAGACCCUGGUCCGGGGCAAUGGGACCACUGUU 36 
                      GUCAGACCCUGGUCCGGG CA UGGGACCACUGUU
  ind_0034_00005 147 UGUCAGACCCUGGUCCGGGACAGUGGGACCACUGUU 182
                     ************************************ PP

>> ind_0034_00024  
 rank     E-value  score  bias mdl mdl from   mdl to       seq from      seq to       acc trunc   gc
 ----   --------- ------ ----- --- -------- --------    ----------- -----------      ---- ----- ----
 (28) !   2.5e-12   51.2   0.0  cm        1       36 []         147         182 + .. 1.00    no 0.56

                                                          NC
                     :::::<<<--<<<<<<_________>>>>>>-->>> CS
  patent_aligned   1 GGUCAGACCCUGGUCCGGGGCAAUGGGACCACUGUU 36 
                     GGUCAGACC UGGUCCGG  CAAUGGGACCACUGUU
  ind_0034_00024 147 GGUCAGACCUUGGUCCGGAUCAAUGGGACCACUGUU 182
                     ************************************ PP

>> ind_0034_00038  
 rank     E-value  score  bias mdl mdl from   mdl to       seq from      seq to       acc trunc   gc
 ----   --------- ------ ----- --- -------- --------    ----------- -----------      ---- ----- ----
 (29) !   2.5e-12   51.2   0.0  cm        1       36 []         147         182 + .. 1.00    no 0.56

                                                          NC
                     :::::<<<--<<<<<<_________>>>>>>-->>> CS
  patent_aligned   1 GGUCAGACCCUGGUCCGGGGCAAUGGGACCACUGUU 36 
                     GGUCAGACC UGGUCCGG  CAAUGGGACCACUGUU
  ind_0034_00038 147 GGUCAGACCUUGGUCCGGAUCAAUGGGACCACUGUU 182
                     ************************************ PP

>> ind_0034_00033  
 rank     E-value  score  bias mdl mdl from   mdl to       seq from      seq to       acc trunc   gc
 ----   --------- ------ ----- --- -------- --------    ----------- -----------      ---- ----- ----
 (30) !   2.5e-12   51.1   0.0  cm        1       36 []         147         182 + .. 1.00    no 0.61

                                                          NC
                     :::::<<<--<<<<<<_________>>>>>>-->>> CS
  patent_aligned   1 GGUCAGACCCUGGUCCGGGGCAAUGGGACCACUGUU 36 
                     GGUCAGACCCUGGUCC GG CAAUGGGACCAC GUU
  ind_0034_00033 147 GGUCAGACCCUGGUCCUGGACAAUGGGACCACCGUU 182
                     ************************************ PP

>> ind_0034_00043  
 rank     E-value  score  bias mdl mdl from   mdl to       seq from      seq to       acc trunc   gc
 ----   --------- ------ ----- --- -------- --------    ----------- -----------      ---- ----- ----
 (31) !   3.5e-12   50.6   0.0  cm        1       36 []         147         182 + .. 1.00    no 0.58

                                                          NC
                     :::::<<<--<<<<<<_________>>>>>>-->>> CS
  patent_aligned   1 GGUCAGACCCUGGUCCGGGGCAAUGGGACCACUGUU 36 
                     GGUCAGAC CUGGUCCGGG CAAU GGACCACUGUU
  ind_0034_00043 147 GGUCAGACUCUGGUCCGGGACAAUCGGACCACUGUU 182
                     ************************9*********** PP

>> ind_0034_00025  
 rank     E-value  score  bias mdl mdl from   mdl to       seq from      seq to       acc trunc   gc
 ----   --------- ------ ----- --- -------- --------    ----------- -----------      ---- ----- ----
 (32) !   4.2e-12   50.3   0.0  cm        1       36 []         147         182 + .. 1.00    no 0.56

                                                          NC
                     :::::<<<--<<<<<<_________>>>>>>-->>> CS
  patent_aligned   1 GGUCAGACCCUGGUCCGGGGCAAUGGGACCACUGUU 36 
                      GUCAGACCCUGGU CGGG CAAUGG ACCACUGUU
  ind_0034_00025 147 UGUCAGACCCUGGUUCGGGUCAAUGGGACCACUGUU 182
                     ************************************ PP

>> ind_0034_00041  
 rank     E-value  score  bias mdl mdl from   mdl to       seq from      seq to       acc trunc   gc
 ----   --------- ------ ----- --- -------- --------    ----------- -----------      ---- ----- ----
 (33) !   4.3e-12   50.3   0.0  cm        1       36 []         147         182 + .. 1.00    no 0.58

                                                          NC
                     :::::<<<--<<<<<<_________>>>>>>-->>> CS
  patent_aligned   1 GGUCAGACCCUGGUCCGGGGCAAUGGGACCACUGUU 36 
                     GGUCAGAC CUGGUCC GG CAAUGGGACCACUGUU
  ind_0034_00041 147 GGUCAGACGCUGGUCCAGGACAAUGGGACCACUGUU 182
                     ************************************ PP

>> ind_0034_00049  
 rank     E-value  score  bias mdl mdl from   mdl to       seq from      seq to       acc trunc   gc
 ----   --------- ------ ----- --- -------- --------    ----------- -----------      ---- ----- ----
 (34) !   4.3e-12   50.3   0.0  cm        1       36 []         147         182 + .. 1.00    no 0.58

                                                          NC
                     :::::<<<--<<<<<<_________>>>>>>-->>> CS
  patent_aligned   1 GGUCAGACCCUGGUCCGGGGCAAUGGGACCACUGUU 36 
                     GGUCAGAC CUGGUCC GG CAAUGGGACCACUGUU
  ind_0034_00049 147 GGUCAGACGCUGGUCCAGGACAAUGGGACCACUGUU 182
                     ************************************ PP

>> ind_0034_00016  
 rank     E-value  score  bias mdl mdl from   mdl to       seq from      seq to       acc trunc   gc
 ----   --------- ------ ----- --- -------- --------    ----------- -----------      ---- ----- ----
 (35) !   5.1e-12   50.0   0.0  cm        1       36 []         147         182 + .. 1.00    no 0.58

                                                          NC
                     :::::<<<--<<<<<<_________>>>>>>-->>> CS
  patent_aligned   1 GGUCAGACCCUGGUCCGGGGCAAUGGGACCACUGUU 36 
                     G UCAGACCCUGGUCC GG CAAUGGGACCACUGUU
  ind_0034_00016 147 GCUCAGACCCUGGUCCUGGACAAUGGGACCACUGUU 182
                     ************************************ PP

>> ind_0034_00012  
 rank     E-value  score  bias mdl mdl from   mdl to       seq from      seq to       acc trunc   gc
 ----   --------- ------ ----- --- -------- --------    ----------- -----------      ---- ----- ----
 (36) !   5.1e-12   50.0   0.0  cm        1       36 []         147         182 + .. 1.00    no 0.58

                                                          NC
                     :::::<<<--<<<<<<_________>>>>>>-->>> CS
  patent_aligned   1 GGUCAGACCCUGGUCCGGGGCAAUGGGACCACUGUU 36 
                     G UCAGACCCUGGUCCG G CAAUGGGACCACUGUU
  ind_0034_00012 147 GCUCAGACCCUGGUCCGUGACAAUGGGACCACUGUU 182
                     ************************************ PP

>> ind_0034_00034  
 rank     E-value  score  bias mdl mdl from   mdl to       seq from      seq to       acc trunc   gc
 ----   --------- ------ ----- --- -------- --------    ----------- -----------      ---- ----- ----
 (37) !   1.9e-11   47.8   0.0  cm        1       36 []         147         182 + .. 1.00    no 0.56

                                                          NC
                     :::::<<<--<<<<<<_________>>>>>>-->>> CS
  patent_aligned   1 GGUCAGACCCUGGUCCGGGGCAAUGGGACCACUGUU 36 
                     GGUCA:AC CUGGUCC GG CAAUGGGACCACUGU:
  ind_0034_00034 147 GGUCAAACGCUGGUCCAGGACAAUGGGACCACUGUU 182
                     ************************************ PP

>> ind_0034_00042  
 rank     E-value  score  bias mdl mdl from   mdl to       seq from      seq to       acc trunc   gc
 ----   --------- ------ ----- --- -------- --------    ----------- -----------      ---- ----- ----
 (38) !   2.5e-11   47.4   0.0  cm        1       36 []         147         182 + .. 1.00    no 0.56

                                v                 v       NC
                     :::::<<<--<<<<<<_________>>>>>>-->>> CS
  patent_aligned   1 GGUCAGACCCUGGUCCGGGGCAAUGGGACCACUGUU 36 
                     GGUCAGACCCU GUCC GG CAAUGGGAC ACUGUU
  ind_0034_00042 147 GGUCAGACCCUGGUCCAGGACAAUGGGACAACUGUU 182
                     ************************************ PP

>> ind_0034_00011  
 rank     E-value  score  bias mdl mdl from   mdl to       seq from      seq to       acc trunc   gc
 ----   --------- ------ ----- --- -------- --------    ----------- -----------      ---- ----- ----
 (39) !   3.7e-11   46.7   0.0  cm        1       36 []         147         182 + .. 1.00    no 0.58

                                v                 v       NC
                     :::::<<<--<<<<<<_________>>>>>>-->>> CS
  patent_aligned   1 GGUCAGACCCUGGUCCGGGGCAAUGGGACCACUGUU 36 
                      GUCAGACCCU GUCCGGG CAAUGGGAC ACUGUU
  ind_0034_00011 147 UGUCAGACCCUGGUCCGGGUCAAUGGGACGACUGUU 182
                     ************************************ PP

>> ind_0034_00029  
 rank     E-value  score  bias mdl mdl from   mdl to       seq from      seq to       acc trunc   gc
 ----   --------- ------ ----- --- -------- --------    ----------- -----------      ---- ----- ----
 (40) !   4.6e-11   46.4   0.0  cm        1       36 []         147         182 + .. 1.00    no 0.61

                                 v               v        NC
                     :::::<<<--<<<<<<_________>>>>>>-->>> CS
  patent_aligned   1 GGUCAGACCCUGGUCCGGGGCAAUGGGACCACUGUU 36 
                     G UCAGACCCUG UCCGGG CAAUGGGA CACUGUU
  ind_0034_00029 147 GCUCAGACCCUGGUCCGGGACAAUGGGAGCACUGUU 182
                     ************************************ PP

>> ind_0034_00022  
 rank     E-value  score  bias mdl mdl from   mdl to       seq from      seq to       acc trunc   gc
 ----   --------- ------ ----- --- -------- --------    ----------- -----------      ---- ----- ----
 (41) !   4.7e-11   46.3   0.0  cm        1       36 []         147         182 + .. 1.00    no 0.58

                            v                         v   NC
                     :::::<<<--<<<<<<_________>>>>>>-->>> CS
  patent_aligned   1 GGUCAGACCCUGGUCCGGGGCAAUGGGACCACUGUU 36 
                     G UCAGA CCUGGUCCGGG CAAUGGGACCACU UU
  ind_0034_00022 147 GCUCAGACCCUGGUCCGGGUCAAUGGGACCACUUUU 182
                     ************************************ PP

>> ind_0034_00046  
 rank     E-value  score  bias mdl mdl from   mdl to       seq from      seq to       acc trunc   gc
 ----   --------- ------ ----- --- -------- --------    ----------- -----------      ---- ----- ----
 (42) !   1.3e-10   44.7   0.0  cm        1       36 []         147         182 + .. 1.00    no 0.61

                                                          NC
                     :::::<<<--<<<<<<_________>>>>>>-->>> CS
  patent_aligned   1 GGUCAGACCCUGGUCCGGGGCAAUGGGACCACUGUU 36 
                     GG CAGAC  UGGUCCGGG CAAUGGGACCACUGUU
  ind_0034_00046 147 GGACAGACGGUGGUCCGGGACAAUGGGACCACUGUU 182
                     ************************************ PP

>> ind_0034_00047  
 rank     E-value  score  bias mdl mdl from   mdl to       seq from      seq to       acc trunc   gc
 ----   --------- ------ ----- --- -------- --------    ----------- -----------      ---- ----- ----
 (43) !   5.1e-10   42.5   0.0  cm        1       36 []         148         182 + .. 1.00    no 0.63

                                    v         v           NC
                     :::::<<<--<<<<<<_________>>>>>>-->>> CS
  patent_aligned   1 GGUCAGACCCUGGUCCGGGGCAAUGGGACCACUGUU 36 
                     GG CAGACCCUGGUC GGG CAAUG GACCACUGUU
  ind_0034_00047 148 GG-CAGACCCUGGUCCGGGACAAUGCGACCACUGUU 182
                     **.********************************* PP

>> ind_0034_00015  
 rank     E-value  score  bias mdl mdl from   mdl to       seq from      seq to       acc trunc   gc
 ----   --------- ------ ----- --- -------- --------    ----------- -----------      ---- ----- ----
 (44) !   5.6e-10   42.3   0.0  cm        1       36 []         147         182 + .. 0.99    no 0.61

                                    v         v           NC
                     :::::<<<--<<<<<<_________>>>>>>-->>> CS
  patent_aligned   1 GGUCAGACCCUGGUCCGGGGCAAUGGGACCACUGUU 36 
                     GGUCAGACCCUGGUC  GG CAAUG GACCAC GUU
  ind_0034_00015 147 GGUCAGACCCUGGUCGAGGACAAUGGGACCACCGUU 182
                     ************************************ PP

>> ind_0034_00031  
 rank     E-value  score  bias mdl mdl from   mdl to       seq from      seq to       acc trunc   gc
 ----   --------- ------ ----- --- -------- --------    ----------- -----------      ---- ----- ----
 (45) !     6e-10   42.2   0.0  cm        1       36 []         147         182 + .. 1.00    no 0.67

                                                          NC
                     :::::<<<--<<<<<<_________>>>>>>-->>> CS
  patent_aligned   1 GGUCAGACCCUGGUCCGGGGCAAUGGGACCACUGUU 36 
                      G CAG CCCUGGUCCGG GCA UGGGACCACUG U
  ind_0034_00031 147 UGCCAGGCCCUGGUCCGGAGCACUGGGACCACUGUU 182
                     ************************************ PP

>> ind_0034_00020  
 rank     E-value  score  bias mdl mdl from   mdl to       seq from      seq to       acc trunc   gc
 ----   --------- ------ ----- --- -------- --------    ----------- -----------      ---- ----- ----
 (46) !   7.1e-10   41.9   0.0  cm        1       36 []         147         182 + .. 1.00    no 0.61

                                 v               v        NC
                     :::::<<<--<<<<<<_________>>>>>>-->>> CS
  patent_aligned   1 GGUCAGACCCUGGUCCGGGGCAAUGGGACCACUGUU 36 
                     GGUCAGAC CUG UCCGGG C AUGGGA CACUGUU
  ind_0034_00020 147 GGUCAGACGCUGAUCCGGGACCAUGGGACCACUGUU 182
                     *********************9************** PP

>> ind_0034_00009  
 rank     E-value  score  bias mdl mdl from   mdl to       seq from      seq to       acc trunc   gc
 ----   --------- ------ ----- --- -------- --------    ----------- -----------      ---- ----- ----
 (47) !   8.3e-09   37.9   0.0  cm        1       36 []         147         182 + .. 1.00    no 0.69

                           v                           v  NC
                     :::::<<<--<<<<<<_________>>>>>>-->>> CS
  patent_aligned   1 GGUCAGACCCUGGUCCGGGGCAAUGGGACCACUGUU 36 
                      G CAG CCCUGGUCCGG GCA UGGGACCACUG U
  ind_0034_00009 147 AGCCAGGCCCUGGUCCGGCGCACUGGGACCACUGAU 182
                     ************************************ PP

>> ind_0034_00019  
 rank     E-value  score  bias mdl mdl from   mdl to       seq from      seq to       acc trunc   gc
 ----   --------- ------ ----- --- -------- --------    ----------- -----------      ---- ----- ----
 (48) !   1.6e-08   36.8   0.0  cm        1       36 []         147         182 + .. 1.00    no 0.67

                                  v             v         NC
                     :::::<<<--<<<<<<_________>>>>>>-->>> CS
  patent_aligned   1 GGUCAGACCCUGGUCCGGGGCAAUGGGACCACUGUU 36 
                      GUCAG CCCUGG CCGG GCA UGGG CCACUG U
  ind_0034_00019 147 UGUCAGGCCCUGGGCCGGAGCACUGGGACCACUGUU 182
                     ************************************ PP

>> ind_0034_00017  
 rank     E-value  score  bias mdl mdl from   mdl to       seq from      seq to       acc trunc   gc
 ----   --------- ------ ----- --- -------- --------    ----------- -----------      ---- ----- ----
 (49) !   1.9e-07   32.8   0.0  cm        1       36 []         147         182 + .. 1.00    no 0.64

                               v  v             v  v      NC
                     :::::<<<--<<<<<<_________>>>>>>-->>> CS
  patent_aligned   1 GGUCAGACCCUGGUCCGGGGCAAUGGGACCACUGUU 36 
                      G CAGACCC GG CCGGG CAAUGGG CC CUGUU
  ind_0034_00017 147 UGCCAGACCCAGGGCCGGGACAAUGGGACCACUGUU 182
                     ************************************ PP

>> ind_0034_00035  
 rank     E-value  score  bias mdl mdl from   mdl to       seq from      seq to       acc trunc   gc
 ----   --------- ------ ----- --- -------- --------    ----------- -----------      ---- ----- ----
 (50) !   2.2e-07   32.6   0.0  cm        1       36 []         147         182 + .. 1.00    no 0.67

                                   v           v          NC
                     :::::<<<--<<<<<<_________>>>>>>-->>> CS
  patent_aligned   1 GGUCAGACCCUGGUCCGGGGCAAUGGGACCACUGUU 36 
                      G CAG CCCUGGU CGG GCA UGG ACCACUG U
  ind_0034_00035 147 UGCCAGGCCCUGGUCCGGAGCACUGGCACCACUGUU 182
                     ************************************ PP

>> ind_0034_00031  
 rank     E-value  score  bias mdl mdl from   mdl to       seq from      seq to       acc trunc   gc
 ----   --------- ------ ----- --- -------- --------    ----------- -----------      ---- ----- ----
 (51) ?       0.7    8.0   0.0  cm        1       36 []           7          24 + .. 0.94    no 0.67

                                      NC
                    :::::<<<~~~~~~>>> CS
  patent_aligned  1 GGUCAGAC*[25]*GUU 36
                    GGUCA:AC      GU:
  ind_0034_00031  7 GGUCAGAC*[ 7]*GUC 24
                    ********...8..9** PP

>> ind_0034_00009  
 rank     E-value  score  bias mdl mdl from   mdl to       seq from      seq to       acc trunc   gc
 ----   --------- ------ ----- --- -------- --------    ----------- -----------      ---- ----- ----
 (52) ?   6.7e+02   -3.2   0.0  cm        1       36 []         140         143 + .. 0.91    no 0.50

                               NC
                     :::~~~~~~ CS
  patent_aligned   1 GGU*[33]* 36 
                     GGU      
  ind_0034_00009 140 GGU*[ 1]* 143
                     **8...9.. PP



Internal CM pipeline statistics summary:
----------------------------------------
Query model(s):                                                  1  (36 consensus positions)
Target sequences:                                               50  (19700 residues searched)
Target sequences re-searched for truncated hits:                50  (10200 residues re-searched)
Windows   passing  local HMM SSV           filter:             225  (0.4429); expected (0.35)
Windows   passing  local HMM Viterbi       filter:                  (off)
Windows   passing  local HMM Viterbi  bias filter:                  (off)
Windows   passing  local HMM Forward       filter:             115  (0.2088); expected (0.02)
Windows   passing  local HMM Forward  bias filter:             113  (0.2039); expected (0.02)
Windows   passing glocal HMM Forward       filter:              62  (0.1305); expected (0.02)
Windows   passing glocal HMM Forward  bias filter:              62  (0.1305); expected (0.02)
Envelopes passing glocal HMM envelope defn filter:              62  (0.07866); expected (0.02)
Envelopes passing  local CM  CYK           filter:              56  (0.06963); expected (0.0001)
Total CM hits reported:                                         52  (0.0609); includes 0 truncated hit(s)

# CPU time: 0.07u 0.00s 00:00:00.07 Elapsed: 00:00:00.08
# Alignment of 50 hits satisfying inclusion thresholds saved to: optimization_a7/100gen/_workspace/cmsearch_logs/gen_0034/patent_cmsearch.sto
//
[ok]
