# cmsearch :: search CM(s) against a sequence database
# INFERNAL 1.1.5 (Sep 2023)
# Copyright (C) 2023 Howard Hughes Medical Institute.
# Freely distributed under the BSD open source license.
# - - - - - - - - - - - - - - - - - - - - - - - - - - - - - - - - - - - -
# query CM file:                         A7_analysis/patent.cm
# target sequence database:              /tmp/tmpejqvipob/queries.fa
# output directed to file:               optimization_a7/100gen/_workspace/cmsearch_logs/gen_0020/patent_cmsearch.out
# MSA of significant hits saved to file: optimization_a7/100gen/_workspace/cmsearch_logs/gen_0020/patent_cmsearch.sto
# tabular output of hits:                optimization_a7/100gen/_workspace/cmsearch_logs/gen_0020/patent_cmsearch.tblout
# max ASCII text line length:            unlimited
# sequence reporting threshold:          E-value <= 1000
# number of worker threads:              4
# - - - - - - - - - - - - - - - - - - - - - - - - - - - - - - - - - - - -

Query:       patent_aligned  [CLEN=36]
Hit scores:
 rank     E-value  score  bias  sequence        start    end   mdl trunc   gc  description
 ----   --------- ------ -----  -------------- ------ ------   --- ----- ----  -----------
  (1) !   1.5e-08   36.9   0.0  ind_0020_00005    147    182 +  cm    no 0.64  -
  (2) !   6.8e-08   34.4   0.0  ind_0020_00024    147    182 +  cm    no 0.61  -
  (3) !   3.1e-07   32.0   0.0  ind_0020_00015    147    182 +  cm    no 0.64  -
  (4) !   3.1e-07   32.0   0.0  ind_0020_00029    147    182 +  cm    no 0.64  -
  (5) !   1.4e-06   29.5   0.0  ind_0020_00047    147    182 +  cm    no 0.64  -
  (6) !   1.6e-06   29.3   0.0  ind_0020_00001    147    182 +  cm    no 0.64  -
  (7) !   1.6e-06   29.3   0.0  ind_0020_00004    147    182 +  cm    no 0.64  -
  (8) !     3e-06   28.2   0.0  ind_0020_00043    147    182 +  cm    no 0.67  -
  (9) !   3.6e-06   28.0   0.0  ind_0020_00000    147    182 +  cm    no 0.67  -
 (10) !   3.6e-06   28.0   0.0  ind_0020_00002    147    182 +  cm    no 0.67  -
 (11) !   3.6e-06   28.0   0.0  ind_0020_00003    147    182 +  cm    no 0.67  -
 (12) !   3.6e-06   28.0   0.0  ind_0020_00008    147    182 +  cm    no 0.67  -
 (13) !   3.6e-06   28.0   0.0  ind_0020_00011    147    182 +  cm    no 0.67  -
 (14) !   3.6e-06   28.0   0.0  ind_0020_00013    147    182 +  cm    no 0.67  -
 (15) !   3.6e-06   28.0   0.0  ind_0020_00016    147    182 +  cm    no 0.67  -
 (16) !   3.6e-06   28.0   0.0  ind_0020_00030    147    182 +  cm    no 0.67  -
 (17) !   3.6e-06   28.0   0.0  ind_0020_00034    147    182 +  cm    no 0.67  -
 (18) !   3.7e-06   27.9   0.0  ind_0020_00048    147    182 +  cm    no 0.67  -
 (19) !   6.9e-06   26.9   0.0  ind_0020_00036    147    182 +  cm    no 0.64  -
 (20) !   6.9e-06   26.9   0.0  ind_0020_00037    147    182 +  cm    no 0.56  -
 (21) !   7.2e-06   26.8   0.0  ind_0020_00009    147    182 +  cm    no 0.61  -
 (22) !   7.2e-06   26.8   0.0  ind_0020_00018    147    182 +  cm    no 0.61  -
 (23) !     1e-05   26.3   0.0  ind_0020_00023    147    182 +  cm    no 0.64  -
 (24) !   1.4e-05   25.7   0.0  ind_0020_00046    147    182 +  cm    no 0.64  -
 (25) !   2.4e-05   24.9   0.0  ind_0020_00026    147    181 +  cm    no 0.66  -
 (26) !   3.3e-05   24.3   0.0  ind_0020_00032    147    182 +  cm    no 0.69  -
 (27) !   4.1e-05   24.0   0.0  ind_0020_00022    147    182 +  cm    no 0.61  -
 (28) !   4.2e-05   23.9   0.0  ind_0020_00006    147    182 +  cm    no 0.69  -
 (29) !   5.7e-05   23.4   0.0  ind_0020_00041    147    182 +  cm    no 0.69  -
 (30) !   7.1e-05   23.1   0.0  ind_0020_00033    147    182 +  cm    no 0.61  -
 (31) !   0.00017   21.7   0.0  ind_0020_00019    147    182 +  cm    no 0.61  -
 (32) !   0.00059   19.6   0.0  ind_0020_00042    147    182 +  cm    no 0.69  -
 (33) !   0.00066   19.4   0.0  ind_0020_00039    147    182 +  cm    no 0.56  -
 (34) !   0.00077   19.2   0.0  ind_0020_00021    147    182 +  cm    no 0.67  -
 (35) !    0.0017   17.9   0.0  ind_0020_00049    147    182 +  cm    no 0.69  -
 (36) !     0.003   16.9   0.0  ind_0020_00035    147    182 +  cm    no 0.64  -
 (37) !    0.0032   16.9   0.0  ind_0020_00017    147    180 +  cm    no 0.71  -
 (38) !    0.0038   16.6   0.0  ind_0020_00038    147    182 +  cm    no 0.67  -
 (39) !     0.004   16.5   0.0  ind_0020_00014    147    182 +  cm    no 0.64  -
 (40) !    0.0048   16.2   0.0  ind_0020_00010    147    182 +  cm    no 0.56  -
 (41) !    0.0056   15.9   0.0  ind_0020_00020    147    182 +  cm    no 0.58  -
 (42) !    0.0064   15.7   0.0  ind_0020_00044    147    182 +  cm    no 0.67  -
 (43) !    0.0081   15.3   0.0  ind_0020_00045    147    182 +  cm    no 0.61  -
 ------ inclusion threshold ------
 (44) ?     0.045   12.5   0.0  ind_0020_00006    155    141 -  cm    no 0.53  -
 (45) ?     0.047   12.5   0.0  ind_0020_00030    155    140 -  cm    no 0.56  -
 (46) ?     0.047   12.5   0.0  ind_0020_00040    155    140 -  cm    no 0.56  -
 (47) ?     0.099   11.2   0.0  ind_0020_00025    147    182 +  cm    no 0.61  -
 (48) ?      0.14   10.6   0.0  ind_0020_00019    155    119 -  cm    no 0.49  -
 (49) ?      0.14   10.6   0.0  ind_0020_00016    155    119 -  cm    no 0.46  -
 (50) ?      0.17   10.3   0.0  ind_0020_00012    147    182 +  cm    no 0.69  -
 (51) ?      0.17   10.3   0.0  ind_0020_00013    155    114 -  cm    no 0.55  -
 (52) ?      0.22    9.9   0.0  ind_0020_00033     35     59 +  cm    no 0.56  -
 (53) ?      0.37    9.1   0.0  ind_0020_00004    155    119 -  cm    no 0.51  -
 (54) ?      0.37    9.1   0.0  ind_0020_00026    155    119 -  cm    no 0.51  -
 (55) ?      0.44    8.8   0.0  ind_0020_00017    155    134 -  cm    no 0.45  -
 (56) ?      0.45    8.8   0.0  ind_0020_00040    147    181 +  cm    no 0.60  -
 (57) ?        30    1.9   0.0  ind_0020_00007    147    182 +  cm    no 0.58  -
 (58) ?   4.5e+02   -2.5   0.0  ind_0020_00015    194    197 +  cm    3' 0.50  -
 (59) ?   6.5e+02   -3.1   0.0  ind_0020_00037    194    197 +  cm    3' 0.75  -
 (60) ?   7.9e+02   -3.5   0.0  ind_0020_00024    197    197 +  cm    3' 1.00  -


Hit alignments:
>> ind_0020_00005  
 rank     E-value  score  bias mdl mdl from   mdl to       seq from      seq to       acc trunc   gc
 ----   --------- ------ ----- --- -------- --------    ----------- -----------      ---- ----- ----
  (1) !   1.5e-08   36.9   0.0  cm        1       36 []         147         182 + .. 1.00    no 0.64

                               v                   v      NC
                     :::::<<<--<<<<<<_________>>>>>>-->>> CS
  patent_aligned   1 GGUCAGACCCUGGUCCGGGGCAAUGGGACCACUGUU 36 
                     G UCAGACC  GGUCCG GGCAAUGGGACC C GUU
  ind_0020_00005 147 GCUCAGACCGUGGUCCGAGGCAAUGGGACCUCCGUU 182
                     ************************************ PP

>> ind_0020_00024  
 rank     E-value  score  bias mdl mdl from   mdl to       seq from      seq to       acc trunc   gc
 ----   --------- ------ ----- --- -------- --------    ----------- -----------      ---- ----- ----
  (2) !   6.8e-08   34.4   0.0  cm        1       36 []         147         182 + .. 1.00    no 0.61

                                                          NC
                     :::::<<<--<<<<<<_________>>>>>>-->>> CS
  patent_aligned   1 GGUCAGACCCUGGUCCGGGGCAAUGGGACCACUGUU 36 
                     GGUC GACC  GGUCC  GGCAA GGGACC CUGUU
  ind_0020_00024 147 GGUCGGACCAUGGUCCUAGGCAAAGGGACCGCUGUU 182
                     ************************************ PP

>> ind_0020_00015  
 rank     E-value  score  bias mdl mdl from   mdl to       seq from      seq to       acc trunc   gc
 ----   --------- ------ ----- --- -------- --------    ----------- -----------      ---- ----- ----
  (3) !   3.1e-07   32.0   0.0  cm        1       36 []         147         182 + .. 0.99    no 0.64

                                                          NC
                     :::::<<<--<<<<<<_________>>>>>>-->>> CS
  patent_aligned   1 GGUCAGACCCUGGUCCGGGGCAAUGGGACCACUGUU 36 
                     GGUCAGACC  G  CCG G CAAUGGG  C CUGUU
  ind_0020_00015 147 GGUCAGACCAUGCUCCGAGCCAAUGGGGGCGCUGUU 182
                     ******************999*************** PP

>> ind_0020_00029  
 rank     E-value  score  bias mdl mdl from   mdl to       seq from      seq to       acc trunc   gc
 ----   --------- ------ ----- --- -------- --------    ----------- -----------      ---- ----- ----
  (4) !   3.1e-07   32.0   0.0  cm        1       36 []         147         182 + .. 0.99    no 0.64

                                                          NC
                     :::::<<<--<<<<<<_________>>>>>>-->>> CS
  patent_aligned   1 GGUCAGACCCUGGUCCGGGGCAAUGGGACCACUGUU 36 
                     GGUCAGACC  G  CCG G CAAUGGG  C CUGUU
  ind_0020_00029 147 GGUCAGACCAUGCUCCGAGCCAAUGGGGGCGCUGUU 182
                     ******************999*************** PP

>> ind_0020_00047  
 rank     E-value  score  bias mdl mdl from   mdl to       seq from      seq to       acc trunc   gc
 ----   --------- ------ ----- --- -------- --------    ----------- -----------      ---- ----- ----
  (5) !   1.4e-06   29.5   0.0  cm        1       36 []         147         182 + .. 1.00    no 0.64

                                 v               v        NC
                     :::::<<<--<<<<<<_________>>>>>>-->>> CS
  patent_aligned   1 GGUCAGACCCUGGUCCGGGGCAAUGGGACCACUGUU 36 
                     GGUC GACC  G  CCG GGCAAUGGG  C CUGUU
  ind_0020_00047 147 GGUCUGACCAUGGUCCGAGGCAAUGGGGGCGCUGUU 182
                     ************************************ PP

>> ind_0020_00001  
 rank     E-value  score  bias mdl mdl from   mdl to       seq from      seq to       acc trunc   gc
 ----   --------- ------ ----- --- -------- --------    ----------- -----------      ---- ----- ----
  (6) !   1.6e-06   29.3   0.0  cm        1       36 []         147         182 + .. 1.00    no 0.64

                                                          NC
                     :::::<<<--<<<<<<_________>>>>>>-->>> CS
  patent_aligned   1 GGUCAGACCCUGGUCCGGGGCAAUGGGACCACUGUU 36 
                     GGUC GACC  GG CC  GGCAA GGG CC CUGUU
  ind_0020_00001 147 GGUCUGACCAUGGUCCAAGGCAACGGGGCCGCUGUU 182
                     ************************************ PP

>> ind_0020_00004  
 rank     E-value  score  bias mdl mdl from   mdl to       seq from      seq to       acc trunc   gc
 ----   --------- ------ ----- --- -------- --------    ----------- -----------      ---- ----- ----
  (7) !   1.6e-06   29.3   0.0  cm        1       36 []         147         182 + .. 1.00    no 0.64

                                                          NC
                     :::::<<<--<<<<<<_________>>>>>>-->>> CS
  patent_aligned   1 GGUCAGACCCUGGUCCGGGGCAAUGGGACCACUGUU 36 
                     GGUC GACC  GG CC  GGCAA GGG CC CUGUU
  ind_0020_00004 147 GGUCUGACCAUGGUCCAAGGCAACGGGGCCGCUGUU 182
                     ************************************ PP

>> ind_0020_00043  
 rank     E-value  score  bias mdl mdl from   mdl to       seq from      seq to       acc trunc   gc
 ----   --------- ------ ----- --- -------- --------    ----------- -----------      ---- ----- ----
  (8) !     3e-06   28.2   0.0  cm        1       36 []         147         182 + .. 0.99    no 0.67

                                                          NC
                     :::::<<<--<<<<<<_________>>>>>>-->>> CS
  patent_aligned   1 GGUCAGACCCUGGUCCGGGGCAAUGGGACCACUGUU 36 
                     G UCAGACC  G  CCG G CAAUGGG  C CUGUU
  ind_0020_00043 147 GCUCAGACCACGCUCCGAGCCAAUGGGGGCGCUGUU 182
                     ******************999*************** PP

>> ind_0020_00000  
 rank     E-value  score  bias mdl mdl from   mdl to       seq from      seq to       acc trunc   gc
 ----   --------- ------ ----- --- -------- --------    ----------- -----------      ---- ----- ----
  (9) !   3.6e-06   28.0   0.0  cm        1       36 []         147         182 + .. 1.00    no 0.67

                                                          NC
                     :::::<<<--<<<<<<_________>>>>>>-->>> CS
  patent_aligned   1 GGUCAGACCCUGGUCCGGGGCAAUGGGACCACUGUU 36 
                     GGUC GACC  GG CC  GGCAA GGG CC CUGUU
  ind_0020_00000 147 GGUCUGACCAUGGUCCCAGGCAACGGGGCCGCUGUU 182
                     ************************************ PP

>> ind_0020_00002  
 rank     E-value  score  bias mdl mdl from   mdl to       seq from      seq to       acc trunc   gc
 ----   --------- ------ ----- --- -------- --------    ----------- -----------      ---- ----- ----
 (10) !   3.6e-06   28.0   0.0  cm        1       36 []         147         182 + .. 1.00    no 0.67

                                                          NC
                     :::::<<<--<<<<<<_________>>>>>>-->>> CS
  patent_aligned   1 GGUCAGACCCUGGUCCGGGGCAAUGGGACCACUGUU 36 
                     GGUC GACC  GG CC  GGCAA GGG CC CUGUU
  ind_0020_00002 147 GGUCUGACCAUGGUCCCAGGCAACGGGGCCGCUGUU 182
                     ************************************ PP

>> ind_0020_00003  
 rank     E-value  score  bias mdl mdl from   mdl to       seq from      seq to       acc trunc   gc
 ----   --------- ------ ----- --- -------- --------    ----------- -----------      ---- ----- ----
 (11) !   3.6e-06   28.0   0.0  cm        1       36 []         147         182 + .. 1.00    no 0.67

                                                          NC
                     :::::<<<--<<<<<<_________>>>>>>-->>> CS
  patent_aligned   1 GGUCAGACCCUGGUCCGGGGCAAUGGGACCACUGUU 36 
                     GGUC GACC  GG CC  GGCAA GGG CC CUGUU
  ind_0020_00003 147 GGUCUGACCAUGGUCCCAGGCAACGGGGCCGCUGUU 182
                     ************************************ PP

>> ind_0020_00008  
 rank     E-value  score  bias mdl mdl from   mdl to       seq from      seq to       acc trunc   gc
 ----   --------- ------ ----- --- -------- --------    ----------- -----------      ---- ----- ----
 (12) !   3.6e-06   28.0   0.0  cm        1       36 []         147         182 + .. 1.00    no 0.67

                                                          NC
                     :::::<<<--<<<<<<_________>>>>>>-->>> CS
  patent_aligned   1 GGUCAGACCCUGGUCCGGGGCAAUGGGACCACUGUU 36 
                     GGUC GACC  GG CC  GGCAA GGG CC CUGUU
  ind_0020_00008 147 GGUCUGACCAUGGUCCCAGGCAACGGGGCCGCUGUU 182
                     ************************************ PP

>> ind_0020_00011  
 rank     E-value  score  bias mdl mdl from   mdl to       seq from      seq to       acc trunc   gc
 ----   --------- ------ ----- --- -------- --------    ----------- -----------      ---- ----- ----
 (13) !   3.6e-06   28.0   0.0  cm        1       36 []         147         182 + .. 1.00    no 0.67

                                                          NC
                     :::::<<<--<<<<<<_________>>>>>>-->>> CS
  patent_aligned   1 GGUCAGACCCUGGUCCGGGGCAAUGGGACCACUGUU 36 
                     GGUC GACC  GG CC  GGCAA GGG CC CUGUU
  ind_0020_00011 147 GGUCUGACCAUGGUCCCAGGCAACGGGGCCGCUGUU 182
                     ************************************ PP

>> ind_0020_00013  
 rank     E-value  score  bias mdl mdl from   mdl to       seq from      seq to       acc trunc   gc
 ----   --------- ------ ----- --- -------- --------    ----------- -----------      ---- ----- ----
 (14) !   3.6e-06   28.0   0.0  cm        1       36 []         147         182 + .. 1.00    no 0.67

                                                          NC
                     :::::<<<--<<<<<<_________>>>>>>-->>> CS
  patent_aligned   1 GGUCAGACCCUGGUCCGGGGCAAUGGGACCACUGUU 36 
                     GGUC GACC  GG CC  GGCAA GGG CC CUGUU
  ind_0020_00013 147 GGUCUGACCAUGGUCCCAGGCAACGGGGCCGCUGUU 182
                     ************************************ PP

>> ind_0020_00016  
 rank     E-value  score  bias mdl mdl from   mdl to       seq from      seq to       acc trunc   gc
 ----   --------- ------ ----- --- -------- --------    ----------- -----------      ---- ----- ----
 (15) !   3.6e-06   28.0   0.0  cm        1       36 []         147         182 + .. 1.00    no 0.67

                                                          NC
                     :::::<<<--<<<<<<_________>>>>>>-->>> CS
  patent_aligned   1 GGUCAGACCCUGGUCCGGGGCAAUGGGACCACUGUU 36 
                     GGUC GACC  GG CC  GGCAA GGG CC CUGUU
  ind_0020_00016 147 GGUCUGACCAUGGUCCCAGGCAACGGGGCCGCUGUU 182
                     ************************************ PP

>> ind_0020_00030  
 rank     E-value  score  bias mdl mdl from   mdl to       seq from      seq to       acc trunc   gc
 ----   --------- ------ ----- --- -------- --------    ----------- -----------      ---- ----- ----
 (16) !   3.6e-06   28.0   0.0  cm        1       36 []         147         182 + .. 1.00    no 0.67

                                                          NC
                     :::::<<<--<<<<<<_________>>>>>>-->>> CS
  patent_aligned   1 GGUCAGACCCUGGUCCGGGGCAAUGGGACCACUGUU 36 
                     GGUC GACC  GG CC  GGCAA GGG CC CUGUU
  ind_0020_00030 147 GGUCUGACCAUGGUCCCAGGCAACGGGGCCGCUGUU 182
                     ************************************ PP

>> ind_0020_00034  
 rank     E-value  score  bias mdl mdl from   mdl to       seq from      seq to       acc trunc   gc
 ----   --------- ------ ----- --- -------- --------    ----------- -----------      ---- ----- ----
 (17) !   3.6e-06   28.0   0.0  cm        1       36 []         147         182 + .. 1.00    no 0.67

                                                          NC
                     :::::<<<--<<<<<<_________>>>>>>-->>> CS
  patent_aligned   1 GGUCAGACCCUGGUCCGGGGCAAUGGGACCACUGUU 36 
                     GGUC GACC  GG CC  GGCAA GGG CC CUGUU
  ind_0020_00034 147 GGUCUGACCAUGGUCCCAGGCAACGGGGCCGCUGUU 182
                     ************************************ PP

>> ind_0020_00048  
 rank     E-value  score  bias mdl mdl from   mdl to       seq from      seq to       acc trunc   gc
 ----   --------- ------ ----- --- -------- --------    ----------- -----------      ---- ----- ----
 (18) !   3.7e-06   27.9   0.0  cm        1       36 []         147         182 + .. 0.99    no 0.67

                               v                   v      NC
                     :::::<<<--<<<<<<_________>>>>>>-->>> CS
  patent_aligned   1 GGUCAGACCCUGGUCCGGGGCAAUGGGACCACUGUU 36 
                     GGUCAGACC  G  CCG G CAAUGGG  C CUGUU
  ind_0020_00048 147 GGUCAGACCAGGCUCCGAGCCAAUGGGGGCGCUGUU 182
                     ******************999*************** PP

>> ind_0020_00036  
 rank     E-value  score  bias mdl mdl from   mdl to       seq from      seq to       acc trunc   gc
 ----   --------- ------ ----- --- -------- --------    ----------- -----------      ---- ----- ----
 (19) !   6.9e-06   26.9   0.0  cm        1       36 []         147         182 + .. 0.99    no 0.64

                                                          NC
                     :::::<<<--<<<<<<_________>>>>>>-->>> CS
  patent_aligned   1 GGUCAGACCCUGGUCCGGGGCAAUGGGACCACUGUU 36 
                     G UC GACC  GG CCG G CAAUGGG CC CUGUU
  ind_0020_00036 147 GCUCUGACCAUGGUCCGAGCCAAUGGGGCCGCUGUU 182
                     ******************999*************** PP

>> ind_0020_00037  
 rank     E-value  score  bias mdl mdl from   mdl to       seq from      seq to       acc trunc   gc
 ----   --------- ------ ----- --- -------- --------    ----------- -----------      ---- ----- ----
 (20) !   6.9e-06   26.9   0.0  cm        1       36 []         147         182 + .. 1.00    no 0.56

                                  v             v         NC
                     :::::<<<--<<<<<<_________>>>>>>-->>> CS
  patent_aligned   1 GGUCAGACCCUGGUCCGGGGCAAUGGGACCACUGUU 36 
                     GGUCAGACC  G  CC  GGCAA GGG  C CUGUU
  ind_0020_00037 147 GGUCAGACCAUGGUCCAAGGCAAAGGGUUCGCUGUU 182
                     ************************************ PP

>> ind_0020_00009  
 rank     E-value  score  bias mdl mdl from   mdl to       seq from      seq to       acc trunc   gc
 ----   --------- ------ ----- --- -------- --------    ----------- -----------      ---- ----- ----
 (21) !   7.2e-06   26.8   0.0  cm        1       36 []         147         182 + .. 1.00    no 0.61

                                                          NC
                     :::::<<<--<<<<<<_________>>>>>>-->>> CS
  patent_aligned   1 GGUCAGACCCUGGUCCGGGGCAAUGGGACCACUGUU 36 
                     G UCAGACC  G  CCG G CAAUGGG  C CUGUU
  ind_0020_00009 147 GCUCAGACCAUGCUCCGAGUCAAUGGGGGCGCUGUU 182
                     ************************************ PP

>> ind_0020_00018  
 rank     E-value  score  bias mdl mdl from   mdl to       seq from      seq to       acc trunc   gc
 ----   --------- ------ ----- --- -------- --------    ----------- -----------      ---- ----- ----
 (22) !   7.2e-06   26.8   0.0  cm        1       36 []         147         182 + .. 1.00    no 0.61

                                                          NC
                     :::::<<<--<<<<<<_________>>>>>>-->>> CS
  patent_aligned   1 GGUCAGACCCUGGUCCGGGGCAAUGGGACCACUGUU 36 
                     G UCAGACC  G  CCG G CAAUGGG  C CUGUU
  ind_0020_00018 147 GCUCAGACCAUGCUCCGAGUCAAUGGGGGCGCUGUU 182
                     ************************************ PP

>> ind_0020_00023  
 rank     E-value  score  bias mdl mdl from   mdl to       seq from      seq to       acc trunc   gc
 ----   --------- ------ ----- --- -------- --------    ----------- -----------      ---- ----- ----
 (23) !     1e-05   26.3   0.0  cm        1       36 []         147         182 + .. 0.99    no 0.64

                                                          NC
                     :::::<<<--<<<<<<_________>>>>>>-->>> CS
  patent_aligned   1 GGUCAGACCCUGGUCCGGGGCAAUGGGACCACUGUU 36 
                     G UCAGACC  G  CCG G CAAUGGG  C CUGUU
  ind_0020_00023 147 GCUCAGACCAUGCUCCGAGCCAAUGGGGGCGCUGUU 182
                     ******************999*************** PP

>> ind_0020_00046  
 rank     E-value  score  bias mdl mdl from   mdl to       seq from      seq to       acc trunc   gc
 ----   --------- ------ ----- --- -------- --------    ----------- -----------      ---- ----- ----
 (24) !   1.4e-05   25.7   0.0  cm        1       36 []         147         182 + .. 1.00    no 0.64

                               v                   v      NC
                     :::::<<<--<<<<<<_________>>>>>>-->>> CS
  patent_aligned   1 GGUCAGACCCUGGUCCGGGGCAAUGGGACCACUGUU 36 
                     GGUC GACC  GG CC  GGCAA GGG CC CUGUU
  ind_0020_00046 147 GGUCUGACCAUGGUCCCAGGCAACGGGGCCUCUGUU 182
                     ************************************ PP

>> ind_0020_00026  
 rank     E-value  score  bias mdl mdl from   mdl to       seq from      seq to       acc trunc   gc
 ----   --------- ------ ----- --- -------- --------    ----------- -----------      ---- ----- ----
 (25) !   2.4e-05   24.9   0.0  cm        1       36 []         147         181 + .. 1.00    no 0.66

                          v                             v NC
                     :::::<<<--<<<<<<_________>>>>>>-->>> CS
  patent_aligned   1 GGUCAGACCCUGGUCCGGGGCAAUGGGACCACUGUU 36 
                     GGUC GACC  GG CC  GGCAA GGG CC CUGU 
  ind_0020_00026 147 GGUCUGACCAUGGUCCAAGGCAACGGGGCCGCUGU- 181
                     ***********************************. PP

>> ind_0020_00032  
 rank     E-value  score  bias mdl mdl from   mdl to       seq from      seq to       acc trunc   gc
 ----   --------- ------ ----- --- -------- --------    ----------- -----------      ---- ----- ----
 (26) !   3.3e-05   24.3   0.0  cm        1       36 []         147         182 + .. 1.00    no 0.69

                                                          NC
                     :::::<<<--<<<<<<_________>>>>>>-->>> CS
  patent_aligned   1 GGUCAGACCCUGGUCCGGGGCAAUGGGACCACUGUU 36 
                     G  C GACC  GG CCG GGCAA GGG CC CUGUU
  ind_0020_00032 147 GCCCUGACCAUGGUCCGAGGCAACGGGGCCGCUGUU 182
                     ************************************ PP

>> ind_0020_00022  
 rank     E-value  score  bias mdl mdl from   mdl to       seq from      seq to       acc trunc   gc
 ----   --------- ------ ----- --- -------- --------    ----------- -----------      ---- ----- ----
 (27) !   4.1e-05   24.0   0.0  cm        1       36 []         147         182 + .. 1.00    no 0.61

                                                          NC
                     :::::<<<--<<<<<<_________>>>>>>-->>> CS
  patent_aligned   1 GGUCAGACCCUGGUCCGGGGCAAUGGGACCACUGUU 36 
                     GGU  GACC  GG CC  GGCAA GGG CC CUGUU
  ind_0020_00022 147 GGUAUGACCAUGGUCCAAGGCAACGGGGCCGCUGUU 182
                     ************************************ PP

>> ind_0020_00006  
 rank     E-value  score  bias mdl mdl from   mdl to       seq from      seq to       acc trunc   gc
 ----   --------- ------ ----- --- -------- --------    ----------- -----------      ---- ----- ----
 (28) !   4.2e-05   23.9   0.0  cm        1       36 []         147         182 + .. 1.00    no 0.69

                               v                   v      NC
                     :::::<<<--<<<<<<_________>>>>>>-->>> CS
  patent_aligned   1 GGUCAGACCCUGGUCCGGGGCAAUGGGACCACUGUU 36 
                     GGUC GACC  GG CC  GGCAA GGG CC CUGUU
  ind_0020_00006 147 GGUCUGACCAGGGUCCCAGGCAACGGGGCCGCUGUU 182
                     ************************************ PP

>> ind_0020_00041  
 rank     E-value  score  bias mdl mdl from   mdl to       seq from      seq to       acc trunc   gc
 ----   --------- ------ ----- --- -------- --------    ----------- -----------      ---- ----- ----
 (29) !   5.7e-05   23.4   0.0  cm        1       36 []         147         182 + .. 1.00    no 0.69

                                                          NC
                     :::::<<<--<<<<<<_________>>>>>>-->>> CS
  patent_aligned   1 GGUCAGACCCUGGUCCGGGGCAAUGGGACCACUGUU 36 
                     GGUC GACC  GG CC  GGCAA GGG CC C GUU
  ind_0020_00041 147 GGUCUGACCAUGGUCCCAGGCAACGGGGCCGCCGUU 182
                     ************************************ PP

>> ind_0020_00033  
 rank     E-value  score  bias mdl mdl from   mdl to       seq from      seq to       acc trunc   gc
 ----   --------- ------ ----- --- -------- --------    ----------- -----------      ---- ----- ----
 (30) !   7.1e-05   23.1   0.0  cm        1       36 []         147         182 + .. 1.00    no 0.61

                                                          NC
                     :::::<<<--<<<<<<_________>>>>>>-->>> CS
  patent_aligned   1 GGUCAGACCCUGGUCCGGGGCAAUGGGACCACUGUU 36 
                     GG C GACC  G UCC  GGCAA GGGA C CUGUU
  ind_0020_00033 147 GGGCUGACCAUGGUCCUUGGCAACGGGAUCGCUGUU 182
                     ************************************ PP

>> ind_0020_00019  
 rank     E-value  score  bias mdl mdl from   mdl to       seq from      seq to       acc trunc   gc
 ----   --------- ------ ----- --- -------- --------    ----------- -----------      ---- ----- ----
 (31) !   0.00017   21.7   0.0  cm        1       36 []         147         182 + .. 1.00    no 0.61

                                v                 v       NC
                     :::::<<<--<<<<<<_________>>>>>>-->>> CS
  patent_aligned   1 GGUCAGACCCUGGUCCGGGGCAAUGGGACCACUGUU 36 
                     GGUC GACC   G CC  GGCAA GGG C  CUGUU
  ind_0020_00019 147 GGUCUGACCAUAGUCCAAGGCAACGGGGCCGCUGUU 182
                     ************************************ PP

>> ind_0020_00042  
 rank     E-value  score  bias mdl mdl from   mdl to       seq from      seq to       acc trunc   gc
 ----   --------- ------ ----- --- -------- --------    ----------- -----------      ---- ----- ----
 (32) !   0.00059   19.6   0.0  cm        1       36 []         147         182 + .. 0.99    no 0.69

                                 v               v        NC
                     :::::<<<--<<<<<<_________>>>>>>-->>> CS
  patent_aligned   1 GGUCAGACCCUGGUCCGGGGCAAUGGGACCACUGUU 36 
                     GGUC GACC  G  CCG GGC A GGG  C CUGUU
  ind_0020_00042 147 GGUCUGACCAUGCUCCGAGGCCACGGGGCCGCUGUU 182
                     *********************999************ PP

>> ind_0020_00039  
 rank     E-value  score  bias mdl mdl from   mdl to       seq from      seq to       acc trunc   gc
 ----   --------- ------ ----- --- -------- --------    ----------- -----------      ---- ----- ----
 (33) !   0.00066   19.4   0.0  cm        1       36 []         147         182 + .. 1.00    no 0.56

                          v                             v NC
                     :::::<<<--<<<<<<_________>>>>>>-->>> CS
  patent_aligned   1 GGUCAGACCCUGGUCCGGGGCAAUGGGACCACUGUU 36 
                     GG C  ACC  G UCC  GGCAA GGGA C CUGU 
  ind_0020_00039 147 GGCCUUACCAUGAUCCUAGGCAACGGGAUCGCUGUU 182
                     ************************************ PP

>> ind_0020_00021  
 rank     E-value  score  bias mdl mdl from   mdl to       seq from      seq to       acc trunc   gc
 ----   --------- ------ ----- --- -------- --------    ----------- -----------      ---- ----- ----
 (34) !   0.00077   19.2   0.0  cm        1       36 []         147         182 + .. 1.00    no 0.67

                                  v             v         NC
                     :::::<<<--<<<<<<_________>>>>>>-->>> CS
  patent_aligned   1 GGUCAGACCCUGGUCCGGGGCAAUGGGACCACUGUU 36 
                     GGUC GACC  GG CC  GGCAA GGG CC  UGUU
  ind_0020_00021 147 GGUCUGACCAUGGGCCAAGGCAACGGGGCCGGUGUU 182
                     ************************************ PP

>> ind_0020_00049  
 rank     E-value  score  bias mdl mdl from   mdl to       seq from      seq to       acc trunc   gc
 ----   --------- ------ ----- --- -------- --------    ----------- -----------      ---- ----- ----
 (35) !    0.0017   17.9   0.0  cm        1       36 []         147         182 + .. 0.99    no 0.69

                                  v             v         NC
                     :::::<<<--<<<<<<_________>>>>>>-->>> CS
  patent_aligned   1 GGUCAGACCCUGGUCCGGGGCAAUGGGACCACUGUU 36 
                     GGUC GACC  G  CC  GGCAA GGG  C CUGUU
  ind_0020_00049 147 GGUCUGACCAUGCGCCCAGGCAACGGGGGCGCUGUU 182
                     ************************************ PP

>> ind_0020_00035  
 rank     E-value  score  bias mdl mdl from   mdl to       seq from      seq to       acc trunc   gc
 ----   --------- ------ ----- --- -------- --------    ----------- -----------      ---- ----- ----
 (36) !     0.003   16.9   0.0  cm        1       36 []         147         182 + .. 0.99    no 0.64

                            v                         v   NC
                     :::::<<<--<<<<<<_________>>>>>>-->>> CS
  patent_aligned   1 GGUCAGACCCUGGUCCGGGGCAAUGGGACCACUGUU 36 
                     G UCAGA C  G  CCG G CAAUGGG  C CU UU
  ind_0020_00035 147 GCUCAGAGCAUGCUCCGAGCCAAUGGGGGCGCUGUU 182
                     ******************999*************** PP

>> ind_0020_00017  
 rank     E-value  score  bias mdl mdl from   mdl to       seq from      seq to       acc trunc   gc
 ----   --------- ------ ----- --- -------- --------    ----------- -----------      ---- ----- ----
 (37) !    0.0032   16.9   0.0  cm        1       36 []         147         180 + .. 1.00    no 0.71

                          vv      v             v      vv NC
                     :::::<<<--<<<<<<_________>>>>>>-->>> CS
  patent_aligned   1 GGUCAGACCCUGGUCCGGGGCAAUGGGACCACUGUU 36 
                     GGUC GACC  GG CC  GGCAA GGG CC CUG  
  ind_0020_00017 147 GGUCUGACCAUGGUCCCAGGCAACGGGCCCGCUG-- 180
                     **********************************.. PP

>> ind_0020_00038  
 rank     E-value  score  bias mdl mdl from   mdl to       seq from      seq to       acc trunc   gc
 ----   --------- ------ ----- --- -------- --------    ----------- -----------      ---- ----- ----
 (38) !    0.0038   16.6   0.0  cm        1       36 []         147         182 + .. 0.98    no 0.67

                                                          NC
                     :::::<<<--<<<<<<_________>>>>>>-->>> CS
  patent_aligned   1 GGUCAGACCCUGGUCCGGGGCAAUGGGACCACUGUU 36 
                      GUC GACC  GG CC  GGCAA  GG CC CUGUU
  ind_0020_00038 147 UGUCUGACCGUGGUCCCCGGCAACAGGGCCGCUGUU 182
                     ****************999999988*********** PP

>> ind_0020_00014  
 rank     E-value  score  bias mdl mdl from   mdl to       seq from      seq to       acc trunc   gc
 ----   --------- ------ ----- --- -------- --------    ----------- -----------      ---- ----- ----
 (39) !     0.004   16.5   0.0  cm        1       36 []         147         182 + .. 0.95    no 0.64

                               v v                v v      NC
                     :::::<<<--<<<<<<_____.____>>>>>>-->>> CS
  patent_aligned   1 GGUCAGACCCUGGUCCGGGGC.AAUGGGACCACUGUU 36 
                     G UCAGACC  G   CGG GC AAUGG   C CUGUU
  ind_0020_00014 147 GCUCAGACCAAG-CUCGGAGCcAAUGGGGGCGCUGUU 182
                     ***********9.578999999*************** PP

>> ind_0020_00010  
 rank     E-value  score  bias mdl mdl from   mdl to       seq from      seq to       acc trunc   gc
 ----   --------- ------ ----- --- -------- --------    ----------- -----------      ---- ----- ----
 (40) !    0.0048   16.2   0.0  cm        1       36 []         147         182 + .. 0.99    no 0.56

                                    v         v           NC
                     :::::<<<--<<<<<<_________>>>>>>-->>> CS
  patent_aligned   1 GGUCAGACCCUGGUCCGGGGCAAUGGGACCACUGUU 36 
                     GG C GACC  G UC   GGCAA G GA C CUGUU
  ind_0020_00010 147 GGCCUGACCAUGAUCAUAGGCAACGGGAUCGCUGUU 182
                     ************************************ PP

>> ind_0020_00020  
 rank     E-value  score  bias mdl mdl from   mdl to       seq from      seq to       acc trunc   gc
 ----   --------- ------ ----- --- -------- --------    ----------- -----------      ---- ----- ----
 (41) !    0.0056   15.9   0.0  cm        1       36 []         147         182 + .. 1.00    no 0.58

                                   v           v          NC
                     :::::<<<--<<<<<<_________>>>>>>-->>> CS
  patent_aligned   1 GGUCAGACCCUGGUCCGGGGCAAUGGGACCACUGUU 36 
                     GG C GACC  G U C  GGCAA GG A C CUGUU
  ind_0020_00020 147 GGCCUGACCAUGAUGCUAGGCAACGGGAUCGCUGUU 182
                     ************************************ PP

>> ind_0020_00044  
 rank     E-value  score  bias mdl mdl from   mdl to       seq from      seq to       acc trunc   gc
 ----   --------- ------ ----- --- -------- --------    ----------- -----------      ---- ----- ----
 (42) !    0.0064   15.7   0.0  cm        1       36 []         147         182 + .. 0.82    no 0.67

                                 v v           v v        NC
                     :::::<<<--<<<<<<_________>>>>>>-->>> CS
  patent_aligned   1 GGUCAGACCCUGGUCCGGGGCAAUGGGACCACUGUU 36 
                     GGUCAGACC  G   C  GGCAA GG   C CUGUU
  ind_0020_00044 147 GGUCAGACCAUGGUCCCAGGCAACGGCGGCGCUGUU 182
                     **********998888777777766544499***** PP

>> ind_0020_00045  
 rank     E-value  score  bias mdl mdl from   mdl to       seq from      seq to       acc trunc   gc
 ----   --------- ------ ----- --- -------- --------    ----------- -----------      ---- ----- ----
 (43) !    0.0081   15.3   0.0  cm        1       36 []         147         182 + .. 0.85    no 0.61

                                    v         v           NC
                     :::::<<<--<<<<<<_________>>>>>>-->>> CS
  patent_aligned   1 GGUCAGACCCUGGUCCGGGGCAAUGGGACCACUGUU 36 
                     GGUC GACC  GG C    GCAA G G CC CUGUU
  ind_0020_00045 147 GGUCUGACCAUGGUCCUACGCAACGAGGCCGCUGUU 182
                     *************996555666666699******** PP

>> ind_0020_00006  
 rank     E-value  score  bias mdl mdl from   mdl to       seq from      seq to       acc trunc   gc
 ----   --------- ------ ----- --- -------- --------    ----------- -----------      ---- ----- ----
 (44) ?     0.045   12.5   0.0  cm        1       36 []         155         141 - .. 0.98    no 0.53

                                        NC
                     :::::<<<-~~~~~~>>> CS
  patent_aligned   1 GGUCAGACC*[24]*GUU 36 
                     GGUCAGACC      GUU
  ind_0020_00006 155 GGUCAGACC*[ 3]*GUU 141
                     ********8...9..*** PP

>> ind_0020_00030  
 rank     E-value  score  bias mdl mdl from   mdl to       seq from      seq to       acc trunc   gc
 ----   --------- ------ ----- --- -------- --------    ----------- -----------      ---- ----- ----
 (45) ?     0.047   12.5   0.0  cm        1       36 []         155         140 - .. 0.97    no 0.56

                                        NC
                     :::::<<<-~~~~~~>>> CS
  patent_aligned   1 GGUCAGACC*[24]*GUU 36 
                     GGUCAGACC      GUU
  ind_0020_00030 155 GGUCAGACC*[ 4]*GUU 140
                     ********8...*..*** PP

>> ind_0020_00040  
 rank     E-value  score  bias mdl mdl from   mdl to       seq from      seq to       acc trunc   gc
 ----   --------- ------ ----- --- -------- --------    ----------- -----------      ---- ----- ----
 (46) ?     0.047   12.5   0.0  cm        1       36 []         155         140 - .. 0.97    no 0.56

                                        NC
                     :::::<<<-~~~~~~>>> CS
  patent_aligned   1 GGUCAGACC*[24]*GUU 36 
                     GGUCAGACC      GUU
  ind_0020_00040 155 GGUCAGACC*[ 4]*GUU 140
                     ********8...*..*** PP

>> ind_0020_00025  
 rank     E-value  score  bias mdl mdl from   mdl to       seq from      seq to       acc trunc   gc
 ----   --------- ------ ----- --- -------- --------    ----------- -----------      ---- ----- ----
 (47) ?     0.099   11.2   0.0  cm        1       36 []         147         182 + .. 0.99    no 0.61

                            v       v         v       v   NC
                     :::::<<<--<<<<<<_________>>>>>>-->>> CS
  patent_aligned   1 GGUCAGACCCUGGUCCGGGGCAAUGGGACCACUGUU 36 
                     GGUC GA C  GG C   GGCAA G G CC CU UU
  ind_0020_00025 147 GGUCUGACCAUGGUCCAAGGCAACGCGGCCGCUUUU 182
                     ************************99********** PP

>> ind_0020_00019  
 rank     E-value  score  bias mdl mdl from   mdl to       seq from      seq to       acc trunc   gc
 ----   --------- ------ ----- --- -------- --------    ----------- -----------      ---- ----- ----
 (48) ?      0.14   10.6   0.0  cm        1       36 []         155         119 - .. 0.99    no 0.49

                                        NC
                     :::::<<<-~~~~~~>>> CS
  patent_aligned   1 GGUCAGACC*[24]*GUU 36 
                     GGUCAGACC      GUU
  ind_0020_00019 155 GGUCAGACC*[25]*GUU 119
                     ********8...*..*** PP

>> ind_0020_00016  
 rank     E-value  score  bias mdl mdl from   mdl to       seq from      seq to       acc trunc   gc
 ----   --------- ------ ----- --- -------- --------    ----------- -----------      ---- ----- ----
 (49) ?      0.14   10.6   0.0  cm        1       36 []         155         119 - .. 0.99    no 0.46

                                        NC
                     :::::<<<-~~~~~~>>> CS
  patent_aligned   1 GGUCAGACC*[24]*GUU 36 
                     GGUCAGACC      GUU
  ind_0020_00016 155 GGUCAGACC*[25]*GUU 119
                     ********8...*..*** PP

>> ind_0020_00012  
 rank     E-value  score  bias mdl mdl from   mdl to       seq from      seq to       acc trunc   gc
 ----   --------- ------ ----- --- -------- --------    ----------- -----------      ---- ----- ----
 (50) ?      0.17   10.3   0.0  cm        1       36 []         147         182 + .. 0.99    no 0.69

                            v                         v   NC
                     :::::<<<--<<<<<<_________>>>>>>-->>> CS
  patent_aligned   1 GGUCAGACCCUGGUCCGGGGCAAUGGGACCACUGUU 36 
                     GGUC GA C  GG CC  GGCA  GGG CC C  UU
  ind_0020_00012 147 GGUCCGACCAUGGUCCAAGGCACCGGGGCCGCCUUU 182
                     **********************999*********** PP

>> ind_0020_00013  
 rank     E-value  score  bias mdl mdl from   mdl to       seq from      seq to       acc trunc   gc
 ----   --------- ------ ----- --- -------- --------    ----------- -----------      ---- ----- ----
 (51) ?      0.17   10.3   0.0  cm        1       36 []         155         114 - .. 0.97    no 0.55

                          v                  v NC
                     :::::<<<--<<~~~~~~>>-->>> CS
  patent_aligned   1 GGUCAGACCCUG*[17]*CACUGUU 36 
                     GGUCAGACC  G      C CUGU 
  ind_0020_00013 155 GGUCAGACCACG*[24]*CGCUGU- 114
                     **********99...*..999***. PP

>> ind_0020_00033  
 rank     E-value  score  bias mdl mdl from   mdl to       seq from      seq to       acc trunc   gc
 ----   --------- ------ ----- --- -------- --------    ----------- -----------      ---- ----- ----
 (52) ?      0.22    9.9   0.0  cm        1       36 []          35          59 + .. 0.97    no 0.56

                                          NC
                    :::::<<<--~~~~~~-->>> CS
  patent_aligned  1 GGUCAGACCC*[21]*CUGUU 36
                     GUCA:ACCC      CUGU:
  ind_0020_00033 35 CGUCAAACCC*[10]*CUGUU 59
                    **********...*..89*** PP

>> ind_0020_00004  
 rank     E-value  score  bias mdl mdl from   mdl to       seq from      seq to       acc trunc   gc
 ----   --------- ------ ----- --- -------- --------    ----------- -----------      ---- ----- ----
 (53) ?      0.37    9.1   0.0  cm        1       36 []         155         119 - .. 0.93    no 0.51

                                         NC
                     :::::<<<--~~~~~~>>> CS
  patent_aligned   1 GGUCAGACCC*[23]*GUU 36 
                     GGUCA:ACC       GU:
  ind_0020_00004 155 GGUCAGACCA*[24]*GUC 119
                     ********95...9..*** PP

>> ind_0020_00026  
 rank     E-value  score  bias mdl mdl from   mdl to       seq from      seq to       acc trunc   gc
 ----   --------- ------ ----- --- -------- --------    ----------- -----------      ---- ----- ----
 (54) ?      0.37    9.1   0.0  cm        1       36 []         155         119 - .. 0.93    no 0.51

                                         NC
                     :::::<<<--~~~~~~>>> CS
  patent_aligned   1 GGUCAGACCC*[23]*GUU 36 
                     GGUCA:ACC       GU:
  ind_0020_00026 155 GGUCAGACCA*[24]*GUC 119
                     ********95...9..*** PP

>> ind_0020_00017  
 rank     E-value  score  bias mdl mdl from   mdl to       seq from      seq to       acc trunc   gc
 ----   --------- ------ ----- --- -------- --------    ----------- -----------      ---- ----- ----
 (55) ?      0.44    8.8   0.0  cm        1       36 []         155         134 - .. 0.92    no 0.45

                          v              v NC
                     :::::<<<--~~~~~~-->>> CS
  patent_aligned   1 GGUCAGACCC*[21]*CUGUU 36 
                     GGUCAGACC       CUGU 
  ind_0020_00017 155 GGUCAGACCA*[ 8]*CUGU- 134
                     ********96...*..56**. PP

>> ind_0020_00040  
 rank     E-value  score  bias mdl mdl from   mdl to       seq from      seq to       acc trunc   gc
 ----   --------- ------ ----- --- -------- --------    ----------- -----------      ---- ----- ----
 (56) ?      0.45    8.8   0.0  cm        1       36 []         147         181 + .. 0.97    no 0.60

                          v     v                 v     v NC
                     :::::<<<--<<<<<<_________>>>>>>-->>> CS
  patent_aligned   1 GGUCAGACCCUGGUCCGGGGCAAUGGGACCACUGUU 36 
                     GGUC GACC   G CC  G CAA GGG C  CUGU 
  ind_0020_00040 147 GGUCUGACCAUGGUCCCAGUCAAAGGGGCAGCUGU- 181
                     ****************999999999**********. PP

>> ind_0020_00007  
 rank     E-value  score  bias mdl mdl from   mdl to       seq from      seq to       acc trunc   gc
 ----   --------- ------ ----- --- -------- --------    ----------- -----------      ---- ----- ----
 (57) ?        30    1.9   0.0  cm        1       36 []         147         182 + .. 1.00    no 0.58

                            v   v                 v   v   NC
                     :::::<<<--<<<<<<_________>>>>>>-->>> CS
  patent_aligned   1 GGUCAGACCCUGGUCCGGGGCAAUGGGACCACUGUU 36 
                     G UC GA C   G CC  GGCAA GGG C  CU UU
  ind_0020_00007 147 GCUCUGACCAUGGUCCAAGGCAACGGGGCAGCUAUU 182
                     ************************************ PP

>> ind_0020_00015  
 rank     E-value  score  bias mdl mdl from   mdl to       seq from      seq to       acc trunc   gc
 ----   --------- ------ ----- --- -------- --------    ----------- -----------      ---- ----- ----
 (58) ?   4.5e+02   -2.5   0.0  cm        1        4 [~         194         197 + .~ 1.00    3' 0.50

                                NC
                     ::::~~~~~~ CS
  patent_aligned   1 GGUC*[32]> 36 
                      GUC      
  ind_0020_00015 194 UGUC*[ 0]> 197
                     ****...... PP

>> ind_0020_00037  
 rank     E-value  score  bias mdl mdl from   mdl to       seq from      seq to       acc trunc   gc
 ----   --------- ------ ----- --- -------- --------    ----------- -----------      ---- ----- ----
 (59) ?   6.5e+02   -3.1   0.0  cm        1        4 [~         194         197 + .~ 1.00    3' 0.75

                                NC
                     ::::~~~~~~ CS
  patent_aligned   1 GGUC*[32]> 36 
                      GUC      
  ind_0020_00037 194 CGUC*[ 0]> 197
                     ****...... PP

>> ind_0020_00024  
 rank     E-value  score  bias mdl mdl from   mdl to       seq from      seq to       acc trunc   gc
 ----   --------- ------ ----- --- -------- --------    ----------- -----------      ---- ----- ----
 (60) ?   7.9e+02   -3.5   0.0  cm        1        1 [~         197         197 + .~ 0.99    3' 1.00

                             NC
                     :~~~~~~ CS
  patent_aligned   1 G*[35]> 36 
                     G      
  ind_0020_00024 197 G*[ 0]> 197
                     *...... PP



Internal CM pipeline statistics summary:
----------------------------------------
Query model(s):                                                  1  (36 consensus positions)
Target sequences:                                               50  (19700 residues searched)
Target sequences re-searched for truncated hits:                50  (10200 residues re-searched)
Windows   passing  local HMM SSV           filter:             254  (0.5125); expected (0.35)
Windows   passing  local HMM Viterbi       filter:                  (off)
Windows   passing  local HMM Viterbi  bias filter:                  (off)
Windows   passing  local HMM Forward       filter:             173  (0.3698); expected (0.02)
Windows   passing  local HMM Forward  bias filter:             173  (0.3698); expected (0.02)
Windows   passing glocal HMM Forward       filter:             116  (0.2682); expected (0.02)
Windows   passing glocal HMM Forward  bias filter:             112  (0.2545); expected (0.02)
Envelopes passing glocal HMM envelope defn filter:             112  (0.1621); expected (0.02)
Envelopes passing  local CM  CYK           filter:              90  (0.1257); expected (0.0001)
Total CM hits reported:                                         60  (0.06776); includes 4 truncated hit(s)

# CPU time: 0.73u 0.00s 00:00:00.73 Elapsed: 00:00:00.74
# Alignment of 43 hits satisfying inclusion thresholds saved to: optimization_a7/100gen/_workspace/cmsearch_logs/gen_0020/patent_cmsearch.sto
//
[ok]
