# cmsearch :: search CM(s) against a sequence database
# INFERNAL 1.1.5 (Sep 2023)
# Copyright (C) 2023 Howard Hughes Medical Institute.
# Freely distributed under the BSD open source license.
# - - - - - - - - - - - - - - - - - - - - - - - - - - - - - - - - - - - -
# query CM file:                         A7_analysis/patent.cm
# target sequence database:              /tmp/tmpltaa1tsl/queries.fa
# output directed to file:               optimization_a7/38gen/_workspace/cmsearch_logs/gen_0025/patent_cmsearch.out
# MSA of significant hits saved to file: optimization_a7/38gen/_workspace/cmsearch_logs/gen_0025/patent_cmsearch.sto
# tabular output of hits:                optimization_a7/38gen/_workspace/cmsearch_logs/gen_0025/patent_cmsearch.tblout
# max ASCII text line length:            unlimited
# sequence reporting threshold:          E-value <= 1000
# number of worker threads:              4
# - - - - - - - - - - - - - - - - - - - - - - - - - - - - - - - - - - - -

Query:       patent_aligned  [CLEN=36]
Hit scores:
 rank     E-value  score  bias  sequence        start    end   mdl trunc   gc  description
 ----   --------- ------ -----  -------------- ------ ------   --- ----- ----  -----------
  (1) !   3.8e-15   61.8   0.0  ind_0025_00005    147    182 +  cm    no 0.61  -
  (2) !   3.8e-15   61.8   0.0  ind_0025_00010    147    182 +  cm    no 0.61  -
  (3) !   3.8e-15   61.8   0.0  ind_0025_00017    147    182 +  cm    no 0.61  -
  (4) !   3.8e-15   61.8   0.0  ind_0025_00024    147    182 +  cm    no 0.61  -
  (5) !   3.8e-15   61.8   0.0  ind_0025_00029    147    182 +  cm    no 0.61  -
  (6) !   3.8e-15   61.8   0.0  ind_0025_00030    147    182 +  cm    no 0.61  -
  (7) !   3.8e-15   61.8   0.0  ind_0025_00041    147    182 +  cm    no 0.61  -
  (8) !   3.8e-15   61.8   0.0  ind_0025_00046    147    182 +  cm    no 0.61  -
  (9) !   7.7e-14   56.8   0.0  ind_0025_00036    147    182 +  cm    no 0.58  -
 (10) !   9.3e-14   56.5   0.0  ind_0025_00000    147    182 +  cm    no 0.64  -
 (11) !   9.3e-14   56.5   0.0  ind_0025_00001    147    182 +  cm    no 0.64  -
 (12) !   9.3e-14   56.5   0.0  ind_0025_00002    147    182 +  cm    no 0.64  -
 (13) !   9.3e-14   56.5   0.0  ind_0025_00003    147    182 +  cm    no 0.64  -
 (14) !   9.3e-14   56.5   0.0  ind_0025_00004    147    182 +  cm    no 0.64  -
 (15) !   9.3e-14   56.5   0.0  ind_0025_00007    147    182 +  cm    no 0.64  -
 (16) !   9.3e-14   56.5   0.0  ind_0025_00009    147    182 +  cm    no 0.64  -
 (17) !   9.3e-14   56.5   0.0  ind_0025_00011    147    182 +  cm    no 0.64  -
 (18) !   9.3e-14   56.5   0.0  ind_0025_00012    147    182 +  cm    no 0.64  -
 (19) !   9.3e-14   56.5   0.0  ind_0025_00014    147    182 +  cm    no 0.64  -
 (20) !   9.3e-14   56.5   0.0  ind_0025_00015    147    182 +  cm    no 0.64  -
 (21) !   9.3e-14   56.5   0.0  ind_0025_00016    147    182 +  cm    no 0.64  -
 (22) !   9.3e-14   56.5   0.0  ind_0025_00018    147    182 +  cm    no 0.64  -
 (23) !   9.3e-14   56.5   0.0  ind_0025_00020    147    182 +  cm    no 0.64  -
 (24) !   9.3e-14   56.5   0.0  ind_0025_00021    147    182 +  cm    no 0.64  -
 (25) !   9.3e-14   56.5   0.0  ind_0025_00023    147    182 +  cm    no 0.64  -
 (26) !   9.3e-14   56.5   0.0  ind_0025_00025    147    182 +  cm    no 0.64  -
 (27) !   9.3e-14   56.5   0.0  ind_0025_00027    147    182 +  cm    no 0.64  -
 (28) !   9.3e-14   56.5   0.0  ind_0025_00028    147    182 +  cm    no 0.64  -
 (29) !   9.3e-14   56.5   0.0  ind_0025_00031    147    182 +  cm    no 0.64  -
 (30) !   9.3e-14   56.5   0.0  ind_0025_00033    147    182 +  cm    no 0.64  -
 (31) !   9.3e-14   56.5   0.0  ind_0025_00034    147    182 +  cm    no 0.64  -
 (32) !   9.3e-14   56.5   0.0  ind_0025_00035    147    182 +  cm    no 0.64  -
 (33) !   9.3e-14   56.5   0.0  ind_0025_00038    147    182 +  cm    no 0.64  -
 (34) !   9.3e-14   56.5   0.0  ind_0025_00042    147    182 +  cm    no 0.64  -
 (35) !   9.3e-14   56.5   0.0  ind_0025_00047    147    182 +  cm    no 0.64  -
 (36) !   9.3e-14   56.5   0.0  ind_0025_00048    147    182 +  cm    no 0.64  -
 (37) !   9.9e-14   56.4   0.0  ind_0025_00032    147    182 +  cm    no 0.58  -
 (38) !   1.8e-13   55.5   0.0  ind_0025_00040    147    182 +  cm    no 0.61  -
 (39) !   9.1e-13   52.8   0.0  ind_0025_00037    147    182 +  cm    no 0.58  -
 (40) !     1e-12   52.6   0.0  ind_0025_00049    147    182 +  cm    no 0.58  -
 (41) !   1.4e-12   52.1   0.0  ind_0025_00043    147    182 +  cm    no 0.64  -
 (42) !   1.7e-12   51.8   0.0  ind_0025_00019    147    182 +  cm    no 0.64  -
 (43) !   2.4e-12   51.2   0.0  ind_0025_00008    147    182 +  cm    no 0.61  -
 (44) !   2.6e-12   51.1   0.0  ind_0025_00039    147    182 +  cm    no 0.64  -
 (45) !   6.3e-12   49.6   0.0  ind_0025_00044    147    180 +  cm    no 0.68  -
 (46) !   9.9e-12   48.9   0.0  ind_0025_00006    147    182 +  cm    no 0.61  -
 (47) !   1.2e-11   48.6   0.0  ind_0025_00013    147    182 +  cm    no 0.61  -
 (48) !   3.3e-11   46.9   0.0  ind_0025_00045    147    182 +  cm    no 0.64  -
 (49) !   3.4e-11   46.9   0.0  ind_0025_00022    147    182 +  cm    no 0.58  -
 (50) !   2.3e-09   40.0   0.0  ind_0025_00026    147    180 +  cm    no 0.62  -
 ------ inclusion threshold ------
 (51) ?       0.7    8.0   0.0  ind_0025_00005     35     21 -  cm    no 0.53  -
 (52) ?       0.7    8.0   0.0  ind_0025_00022     35     21 -  cm    no 0.53  -
 (53) ?       0.7    8.0   0.0  ind_0025_00026     35     21 -  cm    no 0.53  -
 (54) ?       0.7    8.0   0.0  ind_0025_00029     35     21 -  cm    no 0.53  -
 (55) ?       0.7    8.0   0.0  ind_0025_00032     35     21 -  cm    no 0.53  -
 (56) ?       0.7    8.0   0.0  ind_0025_00036     35     21 -  cm    no 0.53  -
 (57) ?       0.7    8.0   0.0  ind_0025_00037     35     21 -  cm    no 0.53  -
 (58) ?       0.7    8.0   0.0  ind_0025_00040     35     21 -  cm    no 0.53  -
 (59) ?       0.7    8.0   0.0  ind_0025_00041     35     21 -  cm    no 0.53  -
 (60) ?       0.7    8.0   0.0  ind_0025_00046     35     21 -  cm    no 0.53  -
 (61) ?       0.7    8.0   0.0  ind_0025_00049     35     21 -  cm    no 0.53  -
 (62) ?      0.89    7.6   0.0  ind_0025_00008    187    152 -  cm    no 0.64  -


Hit alignments:
>> ind_0025_00005  
 rank     E-value  score  bias mdl mdl from   mdl to       seq from      seq to       acc trunc   gc
 ----   --------- ------ ----- --- -------- --------    ----------- -----------      ---- ----- ----
  (1) !   3.8e-15   61.8   0.0  cm        1       36 []         147         182 + .. 1.00    no 0.61

                                                          NC
                     :::::<<<--<<<<<<_________>>>>>>-->>> CS
  patent_aligned   1 GGUCAGACCCUGGUCCGGGGCAAUGGGACCACUGUU 36 
                     GGUCAGACC UGGUCCGGGGCAAUGGGACCACUGUU
  ind_0025_00005 147 GGUCAGACCUUGGUCCGGGGCAAUGGGACCACUGUU 182
                     ************************************ PP

>> ind_0025_00010  
 rank     E-value  score  bias mdl mdl from   mdl to       seq from      seq to       acc trunc   gc
 ----   --------- ------ ----- --- -------- --------    ----------- -----------      ---- ----- ----
  (2) !   3.8e-15   61.8   0.0  cm        1       36 []         147         182 + .. 1.00    no 0.61

                                                          NC
                     :::::<<<--<<<<<<_________>>>>>>-->>> CS
  patent_aligned   1 GGUCAGACCCUGGUCCGGGGCAAUGGGACCACUGUU 36 
                     GGUCAGACC UGGUCCGGGGCAAUGGGACCACUGUU
  ind_0025_00010 147 GGUCAGACCUUGGUCCGGGGCAAUGGGACCACUGUU 182
                     ************************************ PP

>> ind_0025_00017  
 rank     E-value  score  bias mdl mdl from   mdl to       seq from      seq to       acc trunc   gc
 ----   --------- ------ ----- --- -------- --------    ----------- -----------      ---- ----- ----
  (3) !   3.8e-15   61.8   0.0  cm        1       36 []         147         182 + .. 1.00    no 0.61

                                                          NC
                     :::::<<<--<<<<<<_________>>>>>>-->>> CS
  patent_aligned   1 GGUCAGACCCUGGUCCGGGGCAAUGGGACCACUGUU 36 
                     GGUCAGACC UGGUCCGGGGCAAUGGGACCACUGUU
  ind_0025_00017 147 GGUCAGACCUUGGUCCGGGGCAAUGGGACCACUGUU 182
                     ************************************ PP

>> ind_0025_00024  
 rank     E-value  score  bias mdl mdl from   mdl to       seq from      seq to       acc trunc   gc
 ----   --------- ------ ----- --- -------- --------    ----------- -----------      ---- ----- ----
  (4) !   3.8e-15   61.8   0.0  cm        1       36 []         147         182 + .. 1.00    no 0.61

                                                          NC
                     :::::<<<--<<<<<<_________>>>>>>-->>> CS
  patent_aligned   1 GGUCAGACCCUGGUCCGGGGCAAUGGGACCACUGUU 36 
                     GGUCAGACC UGGUCCGGGGCAAUGGGACCACUGUU
  ind_0025_00024 147 GGUCAGACCUUGGUCCGGGGCAAUGGGACCACUGUU 182
                     ************************************ PP

>> ind_0025_00029  
 rank     E-value  score  bias mdl mdl from   mdl to       seq from      seq to       acc trunc   gc
 ----   --------- ------ ----- --- -------- --------    ----------- -----------      ---- ----- ----
  (5) !   3.8e-15   61.8   0.0  cm        1       36 []         147         182 + .. 1.00    no 0.61

                                                          NC
                     :::::<<<--<<<<<<_________>>>>>>-->>> CS
  patent_aligned   1 GGUCAGACCCUGGUCCGGGGCAAUGGGACCACUGUU 36 
                     GGUCAGACC UGGUCCGGGGCAAUGGGACCACUGUU
  ind_0025_00029 147 GGUCAGACCUUGGUCCGGGGCAAUGGGACCACUGUU 182
                     ************************************ PP

>> ind_0025_00030  
 rank     E-value  score  bias mdl mdl from   mdl to       seq from      seq to       acc trunc   gc
 ----   --------- ------ ----- --- -------- --------    ----------- -----------      ---- ----- ----
  (6) !   3.8e-15   61.8   0.0  cm        1       36 []         147         182 + .. 1.00    no 0.61

                                                          NC
                     :::::<<<--<<<<<<_________>>>>>>-->>> CS
  patent_aligned   1 GGUCAGACCCUGGUCCGGGGCAAUGGGACCACUGUU 36 
                     GGUCAGACC UGGUCCGGGGCAAUGGGACCACUGUU
  ind_0025_00030 147 GGUCAGACCUUGGUCCGGGGCAAUGGGACCACUGUU 182
                     ************************************ PP

>> ind_0025_00041  
 rank     E-value  score  bias mdl mdl from   mdl to       seq from      seq to       acc trunc   gc
 ----   --------- ------ ----- --- -------- --------    ----------- -----------      ---- ----- ----
  (7) !   3.8e-15   61.8   0.0  cm        1       36 []         147         182 + .. 1.00    no 0.61

                                                          NC
                     :::::<<<--<<<<<<_________>>>>>>-->>> CS
  patent_aligned   1 GGUCAGACCCUGGUCCGGGGCAAUGGGACCACUGUU 36 
                     GGUCAGACC UGGUCCGGGGCAAUGGGACCACUGUU
  ind_0025_00041 147 GGUCAGACCUUGGUCCGGGGCAAUGGGACCACUGUU 182
                     ************************************ PP

>> ind_0025_00046  
 rank     E-value  score  bias mdl mdl from   mdl to       seq from      seq to       acc trunc   gc
 ----   --------- ------ ----- --- -------- --------    ----------- -----------      ---- ----- ----
  (8) !   3.8e-15   61.8   0.0  cm        1       36 []         147         182 + .. 1.00    no 0.61

                                                          NC
                     :::::<<<--<<<<<<_________>>>>>>-->>> CS
  patent_aligned   1 GGUCAGACCCUGGUCCGGGGCAAUGGGACCACUGUU 36 
                     GGUCAGACC UGGUCCGGGGCAAUGGGACCACUGUU
  ind_0025_00046 147 GGUCAGACCUUGGUCCGGGGCAAUGGGACCACUGUU 182
                     ************************************ PP

>> ind_0025_00036  
 rank     E-value  score  bias mdl mdl from   mdl to       seq from      seq to       acc trunc   gc
 ----   --------- ------ ----- --- -------- --------    ----------- -----------      ---- ----- ----
  (9) !   7.7e-14   56.8   0.0  cm        1       36 []         147         182 + .. 1.00    no 0.58

                                                          NC
                     :::::<<<--<<<<<<_________>>>>>>-->>> CS
  patent_aligned   1 GGUCAGACCCUGGUCCGGGGCAAUGGGACCACUGUU 36 
                     GGUCAGACC UGGUCCGGG CAAUGGGACCACUGUU
  ind_0025_00036 147 GGUCAGACCUUGGUCCGGGACAAUGGGACCACUGUU 182
                     ************************************ PP

>> ind_0025_00000  
 rank     E-value  score  bias mdl mdl from   mdl to       seq from      seq to       acc trunc   gc
 ----   --------- ------ ----- --- -------- --------    ----------- -----------      ---- ----- ----
 (10) !   9.3e-14   56.5   0.0  cm        1       36 []         147         182 + .. 1.00    no 0.64

                                                          NC
                     :::::<<<--<<<<<<_________>>>>>>-->>> CS
  patent_aligned   1 GGUCAGACCCUGGUCCGGGGCAAUGGGACCACUGUU 36 
                     GGUC GACC UGGUCCGGGGCAAUGGGACCACUGUU
  ind_0025_00000 147 GGUCGGACCUUGGUCCGGGGCAAUGGGACCACUGUU 182
                     ************************************ PP

>> ind_0025_00001  
 rank     E-value  score  bias mdl mdl from   mdl to       seq from      seq to       acc trunc   gc
 ----   --------- ------ ----- --- -------- --------    ----------- -----------      ---- ----- ----
 (11) !   9.3e-14   56.5   0.0  cm        1       36 []         147         182 + .. 1.00    no 0.64

                                                          NC
                     :::::<<<--<<<<<<_________>>>>>>-->>> CS
  patent_aligned   1 GGUCAGACCCUGGUCCGGGGCAAUGGGACCACUGUU 36 
                     GGUC GACC UGGUCCGGGGCAAUGGGACCACUGUU
  ind_0025_00001 147 GGUCGGACCUUGGUCCGGGGCAAUGGGACCACUGUU 182
                     ************************************ PP

>> ind_0025_00002  
 rank     E-value  score  bias mdl mdl from   mdl to       seq from      seq to       acc trunc   gc
 ----   --------- ------ ----- --- -------- --------    ----------- -----------      ---- ----- ----
 (12) !   9.3e-14   56.5   0.0  cm        1       36 []         147         182 + .. 1.00    no 0.64

                                                          NC
                     :::::<<<--<<<<<<_________>>>>>>-->>> CS
  patent_aligned   1 GGUCAGACCCUGGUCCGGGGCAAUGGGACCACUGUU 36 
                     GGUC GACC UGGUCCGGGGCAAUGGGACCACUGUU
  ind_0025_00002 147 GGUCGGACCUUGGUCCGGGGCAAUGGGACCACUGUU 182
                     ************************************ PP

>> ind_0025_00003  
 rank     E-value  score  bias mdl mdl from   mdl to       seq from      seq to       acc trunc   gc
 ----   --------- ------ ----- --- -------- --------    ----------- -----------      ---- ----- ----
 (13) !   9.3e-14   56.5   0.0  cm        1       36 []         147         182 + .. 1.00    no 0.64

                                                          NC
                     :::::<<<--<<<<<<_________>>>>>>-->>> CS
  patent_aligned   1 GGUCAGACCCUGGUCCGGGGCAAUGGGACCACUGUU 36 
                     GGUC GACC UGGUCCGGGGCAAUGGGACCACUGUU
  ind_0025_00003 147 GGUCGGACCUUGGUCCGGGGCAAUGGGACCACUGUU 182
                     ************************************ PP

>> ind_0025_00004  
 rank     E-value  score  bias mdl mdl from   mdl to       seq from      seq to       acc trunc   gc
 ----   --------- ------ ----- --- -------- --------    ----------- -----------      ---- ----- ----
 (14) !   9.3e-14   56.5   0.0  cm        1       36 []         147         182 + .. 1.00    no 0.64

                                                          NC
                     :::::<<<--<<<<<<_________>>>>>>-->>> CS
  patent_aligned   1 GGUCAGACCCUGGUCCGGGGCAAUGGGACCACUGUU 36 
                     GGUC GACC UGGUCCGGGGCAAUGGGACCACUGUU
  ind_0025_00004 147 GGUCGGACCUUGGUCCGGGGCAAUGGGACCACUGUU 182
                     ************************************ PP

>> ind_0025_00007  
 rank     E-value  score  bias mdl mdl from   mdl to       seq from      seq to       acc trunc   gc
 ----   --------- ------ ----- --- -------- --------    ----------- -----------      ---- ----- ----
 (15) !   9.3e-14   56.5   0.0  cm        1       36 []         147         182 + .. 1.00    no 0.64

                                                          NC
                     :::::<<<--<<<<<<_________>>>>>>-->>> CS
  patent_aligned   1 GGUCAGACCCUGGUCCGGGGCAAUGGGACCACUGUU 36 
                     GGUC GACC UGGUCCGGGGCAAUGGGACCACUGUU
  ind_0025_00007 147 GGUCGGACCUUGGUCCGGGGCAAUGGGACCACUGUU 182
                     ************************************ PP

>> ind_0025_00009  
 rank     E-value  score  bias mdl mdl from   mdl to       seq from      seq to       acc trunc   gc
 ----   --------- ------ ----- --- -------- --------    ----------- -----------      ---- ----- ----
 (16) !   9.3e-14   56.5   0.0  cm        1       36 []         147         182 + .. 1.00    no 0.64

                                                          NC
                     :::::<<<--<<<<<<_________>>>>>>-->>> CS
  patent_aligned   1 GGUCAGACCCUGGUCCGGGGCAAUGGGACCACUGUU 36 
                     GGUC GACC UGGUCCGGGGCAAUGGGACCACUGUU
  ind_0025_00009 147 GGUCGGACCUUGGUCCGGGGCAAUGGGACCACUGUU 182
                     ************************************ PP

>> ind_0025_00011  
 rank     E-value  score  bias mdl mdl from   mdl to       seq from      seq to       acc trunc   gc
 ----   --------- ------ ----- --- -------- --------    ----------- -----------      ---- ----- ----
 (17) !   9.3e-14   56.5   0.0  cm        1       36 []         147         182 + .. 1.00    no 0.64

                                                          NC
                     :::::<<<--<<<<<<_________>>>>>>-->>> CS
  patent_aligned   1 GGUCAGACCCUGGUCCGGGGCAAUGGGACCACUGUU 36 
                     GGUC GACC UGGUCCGGGGCAAUGGGACCACUGUU
  ind_0025_00011 147 GGUCGGACCUUGGUCCGGGGCAAUGGGACCACUGUU 182
                     ************************************ PP

>> ind_0025_00012  
 rank     E-value  score  bias mdl mdl from   mdl to       seq from      seq to       acc trunc   gc
 ----   --------- ------ ----- --- -------- --------    ----------- -----------      ---- ----- ----
 (18) !   9.3e-14   56.5   0.0  cm        1       36 []         147         182 + .. 1.00    no 0.64

                                                          NC
                     :::::<<<--<<<<<<_________>>>>>>-->>> CS
  patent_aligned   1 GGUCAGACCCUGGUCCGGGGCAAUGGGACCACUGUU 36 
                     GGUC GACC UGGUCCGGGGCAAUGGGACCACUGUU
  ind_0025_00012 147 GGUCGGACCUUGGUCCGGGGCAAUGGGACCACUGUU 182
                     ************************************ PP

>> ind_0025_00014  
 rank     E-value  score  bias mdl mdl from   mdl to       seq from      seq to       acc trunc   gc
 ----   --------- ------ ----- --- -------- --------    ----------- -----------      ---- ----- ----
 (19) !   9.3e-14   56.5   0.0  cm        1       36 []         147         182 + .. 1.00    no 0.64

                                                          NC
                     :::::<<<--<<<<<<_________>>>>>>-->>> CS
  patent_aligned   1 GGUCAGACCCUGGUCCGGGGCAAUGGGACCACUGUU 36 
                     GGUC GACC UGGUCCGGGGCAAUGGGACCACUGUU
  ind_0025_00014 147 GGUCGGACCUUGGUCCGGGGCAAUGGGACCACUGUU 182
                     ************************************ PP

>> ind_0025_00015  
 rank     E-value  score  bias mdl mdl from   mdl to       seq from      seq to       acc trunc   gc
 ----   --------- ------ ----- --- -------- --------    ----------- -----------      ---- ----- ----
 (20) !   9.3e-14   56.5   0.0  cm        1       36 []         147         182 + .. 1.00    no 0.64

                                                          NC
                     :::::<<<--<<<<<<_________>>>>>>-->>> CS
  patent_aligned   1 GGUCAGACCCUGGUCCGGGGCAAUGGGACCACUGUU 36 
                     GGUC GACC UGGUCCGGGGCAAUGGGACCACUGUU
  ind_0025_00015 147 GGUCGGACCUUGGUCCGGGGCAAUGGGACCACUGUU 182
                     ************************************ PP

>> ind_0025_00016  
 rank     E-value  score  bias mdl mdl from   mdl to       seq from      seq to       acc trunc   gc
 ----   --------- ------ ----- --- -------- --------    ----------- -----------      ---- ----- ----
 (21) !   9.3e-14   56.5   0.0  cm        1       36 []         147         182 + .. 1.00    no 0.64

                                                          NC
                     :::::<<<--<<<<<<_________>>>>>>-->>> CS
  patent_aligned   1 GGUCAGACCCUGGUCCGGGGCAAUGGGACCACUGUU 36 
                     GGUC GACC UGGUCCGGGGCAAUGGGACCACUGUU
  ind_0025_00016 147 GGUCGGACCUUGGUCCGGGGCAAUGGGACCACUGUU 182
                     ************************************ PP

>> ind_0025_00018  
 rank     E-value  score  bias mdl mdl from   mdl to       seq from      seq to       acc trunc   gc
 ----   --------- ------ ----- --- -------- --------    ----------- -----------      ---- ----- ----
 (22) !   9.3e-14   56.5   0.0  cm        1       36 []         147         182 + .. 1.00    no 0.64

                                                          NC
                     :::::<<<--<<<<<<_________>>>>>>-->>> CS
  patent_aligned   1 GGUCAGACCCUGGUCCGGGGCAAUGGGACCACUGUU 36 
                     GGUC GACC UGGUCCGGGGCAAUGGGACCACUGUU
  ind_0025_00018 147 GGUCGGACCUUGGUCCGGGGCAAUGGGACCACUGUU 182
                     ************************************ PP

>> ind_0025_00020  
 rank     E-value  score  bias mdl mdl from   mdl to       seq from      seq to       acc trunc   gc
 ----   --------- ------ ----- --- -------- --------    ----------- -----------      ---- ----- ----
 (23) !   9.3e-14   56.5   0.0  cm        1       36 []         147         182 + .. 1.00    no 0.64

                                                          NC
                     :::::<<<--<<<<<<_________>>>>>>-->>> CS
  patent_aligned   1 GGUCAGACCCUGGUCCGGGGCAAUGGGACCACUGUU 36 
                     GGUC GACC UGGUCCGGGGCAAUGGGACCACUGUU
  ind_0025_00020 147 GGUCGGACCUUGGUCCGGGGCAAUGGGACCACUGUU 182
                     ************************************ PP

>> ind_0025_00021  
 rank     E-value  score  bias mdl mdl from   mdl to       seq from      seq to       acc trunc   gc
 ----   --------- ------ ----- --- -------- --------    ----------- -----------      ---- ----- ----
 (24) !   9.3e-14   56.5   0.0  cm        1       36 []         147         182 + .. 1.00    no 0.64

                                                          NC
                     :::::<<<--<<<<<<_________>>>>>>-->>> CS
  patent_aligned   1 GGUCAGACCCUGGUCCGGGGCAAUGGGACCACUGUU 36 
                     GGUC GACC UGGUCCGGGGCAAUGGGACCACUGUU
  ind_0025_00021 147 GGUCGGACCUUGGUCCGGGGCAAUGGGACCACUGUU 182
                     ************************************ PP

>> ind_0025_00023  
 rank     E-value  score  bias mdl mdl from   mdl to       seq from      seq to       acc trunc   gc
 ----   --------- ------ ----- --- -------- --------    ----------- -----------      ---- ----- ----
 (25) !   9.3e-14   56.5   0.0  cm        1       36 []         147         182 + .. 1.00    no 0.64

                                                          NC
                     :::::<<<--<<<<<<_________>>>>>>-->>> CS
  patent_aligned   1 GGUCAGACCCUGGUCCGGGGCAAUGGGACCACUGUU 36 
                     GGUC GACC UGGUCCGGGGCAAUGGGACCACUGUU
  ind_0025_00023 147 GGUCGGACCUUGGUCCGGGGCAAUGGGACCACUGUU 182
                     ************************************ PP

>> ind_0025_00025  
 rank     E-value  score  bias mdl mdl from   mdl to       seq from      seq to       acc trunc   gc
 ----   --------- ------ ----- --- -------- --------    ----------- -----------      ---- ----- ----
 (26) !   9.3e-14   56.5   0.0  cm        1       36 []         147         182 + .. 1.00    no 0.64

                                                          NC
                     :::::<<<--<<<<<<_________>>>>>>-->>> CS
  patent_aligned   1 GGUCAGACCCUGGUCCGGGGCAAUGGGACCACUGUU 36 
                     GGUC GACC UGGUCCGGGGCAAUGGGACCACUGUU
  ind_0025_00025 147 GGUCGGACCUUGGUCCGGGGCAAUGGGACCACUGUU 182
                     ************************************ PP

>> ind_0025_00027  
 rank     E-value  score  bias mdl mdl from   mdl to       seq from      seq to       acc trunc   gc
 ----   --------- ------ ----- --- -------- --------    ----------- -----------      ---- ----- ----
 (27) !   9.3e-14   56.5   0.0  cm        1       36 []         147         182 + .. 1.00    no 0.64

                                                          NC
                     :::::<<<--<<<<<<_________>>>>>>-->>> CS
  patent_aligned   1 GGUCAGACCCUGGUCCGGGGCAAUGGGACCACUGUU 36 
                     GGUC GACC UGGUCCGGGGCAAUGGGACCACUGUU
  ind_0025_00027 147 GGUCGGACCUUGGUCCGGGGCAAUGGGACCACUGUU 182
                     ************************************ PP

>> ind_0025_00028  
 rank     E-value  score  bias mdl mdl from   mdl to       seq from      seq to       acc trunc   gc
 ----   --------- ------ ----- --- -------- --------    ----------- -----------      ---- ----- ----
 (28) !   9.3e-14   56.5   0.0  cm        1       36 []         147         182 + .. 1.00    no 0.64

                                                          NC
                     :::::<<<--<<<<<<_________>>>>>>-->>> CS
  patent_aligned   1 GGUCAGACCCUGGUCCGGGGCAAUGGGACCACUGUU 36 
                     GGUC GACC UGGUCCGGGGCAAUGGGACCACUGUU
  ind_0025_00028 147 GGUCGGACCUUGGUCCGGGGCAAUGGGACCACUGUU 182
                     ************************************ PP

>> ind_0025_00031  
 rank     E-value  score  bias mdl mdl from   mdl to       seq from      seq to       acc trunc   gc
 ----   --------- ------ ----- --- -------- --------    ----------- -----------      ---- ----- ----
 (29) !   9.3e-14   56.5   0.0  cm        1       36 []         147         182 + .. 1.00    no 0.64

                                                          NC
                     :::::<<<--<<<<<<_________>>>>>>-->>> CS
  patent_aligned   1 GGUCAGACCCUGGUCCGGGGCAAUGGGACCACUGUU 36 
                     GGUC GACC UGGUCCGGGGCAAUGGGACCACUGUU
  ind_0025_00031 147 GGUCGGACCUUGGUCCGGGGCAAUGGGACCACUGUU 182
                     ************************************ PP

>> ind_0025_00033  
 rank     E-value  score  bias mdl mdl from   mdl to       seq from      seq to       acc trunc   gc
 ----   --------- ------ ----- --- -------- --------    ----------- -----------      ---- ----- ----
 (30) !   9.3e-14   56.5   0.0  cm        1       36 []         147         182 + .. 1.00    no 0.64

                                                          NC
                     :::::<<<--<<<<<<_________>>>>>>-->>> CS
  patent_aligned   1 GGUCAGACCCUGGUCCGGGGCAAUGGGACCACUGUU 36 
                     GGUC GACC UGGUCCGGGGCAAUGGGACCACUGUU
  ind_0025_00033 147 GGUCGGACCUUGGUCCGGGGCAAUGGGACCACUGUU 182
                     ************************************ PP

>> ind_0025_00034  
 rank     E-value  score  bias mdl mdl from   mdl to       seq from      seq to       acc trunc   gc
 ----   --------- ------ ----- --- -------- --------    ----------- -----------      ---- ----- ----
 (31) !   9.3e-14   56.5   0.0  cm        1       36 []         147         182 + .. 1.00    no 0.64

                                                          NC
                     :::::<<<--<<<<<<_________>>>>>>-->>> CS
  patent_aligned   1 GGUCAGACCCUGGUCCGGGGCAAUGGGACCACUGUU 36 
                     GGUC GACC UGGUCCGGGGCAAUGGGACCACUGUU
  ind_0025_00034 147 GGUCGGACCUUGGUCCGGGGCAAUGGGACCACUGUU 182
                     ************************************ PP

>> ind_0025_00035  
 rank     E-value  score  bias mdl mdl from   mdl to       seq from      seq to       acc trunc   gc
 ----   --------- ------ ----- --- -------- --------    ----------- -----------      ---- ----- ----
 (32) !   9.3e-14   56.5   0.0  cm        1       36 []         147         182 + .. 1.00    no 0.64

                                                          NC
                     :::::<<<--<<<<<<_________>>>>>>-->>> CS
  patent_aligned   1 GGUCAGACCCUGGUCCGGGGCAAUGGGACCACUGUU 36 
                     GGUC GACC UGGUCCGGGGCAAUGGGACCACUGUU
  ind_0025_00035 147 GGUCGGACCUUGGUCCGGGGCAAUGGGACCACUGUU 182
                     ************************************ PP

>> ind_0025_00038  
 rank     E-value  score  bias mdl mdl from   mdl to       seq from      seq to       acc trunc   gc
 ----   --------- ------ ----- --- -------- --------    ----------- -----------      ---- ----- ----
 (33) !   9.3e-14   56.5   0.0  cm        1       36 []         147         182 + .. 1.00    no 0.64

                                                          NC
                     :::::<<<--<<<<<<_________>>>>>>-->>> CS
  patent_aligned   1 GGUCAGACCCUGGUCCGGGGCAAUGGGACCACUGUU 36 
                     GGUC GACC UGGUCCGGGGCAAUGGGACCACUGUU
  ind_0025_00038 147 GGUCGGACCUUGGUCCGGGGCAAUGGGACCACUGUU 182
                     ************************************ PP

>> ind_0025_00042  
 rank     E-value  score  bias mdl mdl from   mdl to       seq from      seq to       acc trunc   gc
 ----   --------- ------ ----- --- -------- --------    ----------- -----------      ---- ----- ----
 (34) !   9.3e-14   56.5   0.0  cm        1       36 []         147         182 + .. 1.00    no 0.64

                                                          NC
                     :::::<<<--<<<<<<_________>>>>>>-->>> CS
  patent_aligned   1 GGUCAGACCCUGGUCCGGGGCAAUGGGACCACUGUU 36 
                     GGUC GACC UGGUCCGGGGCAAUGGGACCACUGUU
  ind_0025_00042 147 GGUCGGACCUUGGUCCGGGGCAAUGGGACCACUGUU 182
                     ************************************ PP

>> ind_0025_00047  
 rank     E-value  score  bias mdl mdl from   mdl to       seq from      seq to       acc trunc   gc
 ----   --------- ------ ----- --- -------- --------    ----------- -----------      ---- ----- ----
 (35) !   9.3e-14   56.5   0.0  cm        1       36 []         147         182 + .. 1.00    no 0.64

                                                          NC
                     :::::<<<--<<<<<<_________>>>>>>-->>> CS
  patent_aligned   1 GGUCAGACCCUGGUCCGGGGCAAUGGGACCACUGUU 36 
                     GGUC GACC UGGUCCGGGGCAAUGGGACCACUGUU
  ind_0025_00047 147 GGUCGGACCUUGGUCCGGGGCAAUGGGACCACUGUU 182
                     ************************************ PP

>> ind_0025_00048  
 rank     E-value  score  bias mdl mdl from   mdl to       seq from      seq to       acc trunc   gc
 ----   --------- ------ ----- --- -------- --------    ----------- -----------      ---- ----- ----
 (36) !   9.3e-14   56.5   0.0  cm        1       36 []         147         182 + .. 1.00    no 0.64

                                                          NC
                     :::::<<<--<<<<<<_________>>>>>>-->>> CS
  patent_aligned   1 GGUCAGACCCUGGUCCGGGGCAAUGGGACCACUGUU 36 
                     GGUC GACC UGGUCCGGGGCAAUGGGACCACUGUU
  ind_0025_00048 147 GGUCGGACCUUGGUCCGGGGCAAUGGGACCACUGUU 182
                     ************************************ PP

>> ind_0025_00032  
 rank     E-value  score  bias mdl mdl from   mdl to       seq from      seq to       acc trunc   gc
 ----   --------- ------ ----- --- -------- --------    ----------- -----------      ---- ----- ----
 (37) !   9.9e-14   56.4   0.0  cm        1       36 []         147         182 + .. 1.00    no 0.58

                                                          NC
                     :::::<<<--<<<<<<_________>>>>>>-->>> CS
  patent_aligned   1 GGUCAGACCCUGGUCCGGGGCAAUGGGACCACUGUU 36 
                     GGUCAGACC UGGUCCGGGG AAUGGGACCACUGUU
  ind_0025_00032 147 GGUCAGACCUUGGUCCGGGGAAAUGGGACCACUGUU 182
                     ************************************ PP

>> ind_0025_00040  
 rank     E-value  score  bias mdl mdl from   mdl to       seq from      seq to       acc trunc   gc
 ----   --------- ------ ----- --- -------- --------    ----------- -----------      ---- ----- ----
 (38) !   1.8e-13   55.5   0.0  cm        1       36 []         147         182 + .. 1.00    no 0.61

                                                          NC
                     :::::<<<--<<<<<<_________>>>>>>-->>> CS
  patent_aligned   1 GGUCAGACCCUGGUCCGGGGCAAUGGGACCACUGUU 36 
                     GGUCAGACC UGGUCCG GGCAAUGGGACCACUGUU
  ind_0025_00040 147 GGUCAGACCUUGGUCCGCGGCAAUGGGACCACUGUU 182
                     ************************************ PP

>> ind_0025_00037  
 rank     E-value  score  bias mdl mdl from   mdl to       seq from      seq to       acc trunc   gc
 ----   --------- ------ ----- --- -------- --------    ----------- -----------      ---- ----- ----
 (39) !   9.1e-13   52.8   0.0  cm        1       36 []         147         182 + .. 1.00    no 0.58

                                 v               v        NC
                     :::::<<<--<<<<<<_________>>>>>>-->>> CS
  patent_aligned   1 GGUCAGACCCUGGUCCGGGGCAAUGGGACCACUGUU 36 
                     GGUCAGACC UG UCCGGGGCAAUGGGA CACUGUU
  ind_0025_00037 147 GGUCAGACCUUGGUCCGGGGCAAUGGGAACACUGUU 182
                     ************************************ PP

>> ind_0025_00049  
 rank     E-value  score  bias mdl mdl from   mdl to       seq from      seq to       acc trunc   gc
 ----   --------- ------ ----- --- -------- --------    ----------- -----------      ---- ----- ----
 (40) !     1e-12   52.6   0.0  cm        1       36 []         147         182 + .. 1.00    no 0.58

                            v                         v   NC
                     :::::<<<--<<<<<<_________>>>>>>-->>> CS
  patent_aligned   1 GGUCAGACCCUGGUCCGGGGCAAUGGGACCACUGUU 36 
                     GGUCAGA C UGGUCCGGGGCAAUGGGACCACU UU
  ind_0025_00049 147 GGUCAGAACUUGGUCCGGGGCAAUGGGACCACUGUU 182
                     ************************************ PP

>> ind_0025_00043  
 rank     E-value  score  bias mdl mdl from   mdl to       seq from      seq to       acc trunc   gc
 ----   --------- ------ ----- --- -------- --------    ----------- -----------      ---- ----- ----
 (41) !   1.4e-12   52.1   0.0  cm        1       36 []         147         182 + .. 1.00    no 0.64

                                                          NC
                     :::::<<<--<<<<<<_________>>>>>>-->>> CS
  patent_aligned   1 GGUCAGACCCUGGUCCGGGGCAAUGGGACCACUGUU 36 
                     GG C GACC UGGUCCGGGGCAAUGGGACCACUGUU
  ind_0025_00043 147 GGACGGACCUUGGUCCGGGGCAAUGGGACCACUGUU 182
                     ************************************ PP

>> ind_0025_00019  
 rank     E-value  score  bias mdl mdl from   mdl to       seq from      seq to       acc trunc   gc
 ----   --------- ------ ----- --- -------- --------    ----------- -----------      ---- ----- ----
 (42) !   1.7e-12   51.8   0.0  cm        1       36 []         147         182 + .. 1.00    no 0.64

                                                          NC
                     :::::<<<--<<<<<<_________>>>>>>-->>> CS
  patent_aligned   1 GGUCAGACCCUGGUCCGGGGCAAUGGGACCACUGUU 36 
                     GGUC GACC UGGUCCGGGGCAAUGGGACCAC GUU
  ind_0025_00019 147 GGUCGGACCUUGGUCCGGGGCAAUGGGACCACAGUU 182
                     ************************************ PP

>> ind_0025_00008  
 rank     E-value  score  bias mdl mdl from   mdl to       seq from      seq to       acc trunc   gc
 ----   --------- ------ ----- --- -------- --------    ----------- -----------      ---- ----- ----
 (43) !   2.4e-12   51.2   0.0  cm        1       36 []         147         182 + .. 1.00    no 0.61

                                                          NC
                     :::::<<<--<<<<<<_________>>>>>>-->>> CS
  patent_aligned   1 GGUCAGACCCUGGUCCGGGGCAAUGGGACCACUGUU 36 
                     GG CAGACC UGGUCCGGGGCAAUGGGACCA UGUU
  ind_0025_00008 147 GGACAGACCUUGGUCCGGGGCAAUGGGACCAGUGUU 182
                     ************************************ PP

>> ind_0025_00039  
 rank     E-value  score  bias mdl mdl from   mdl to       seq from      seq to       acc trunc   gc
 ----   --------- ------ ----- --- -------- --------    ----------- -----------      ---- ----- ----
 (44) !   2.6e-12   51.1   0.0  cm        1       36 []         147         182 + .. 1.00    no 0.64

                                                          NC
                     :::::<<<--<<<<<<_________>>>>>>-->>> CS
  patent_aligned   1 GGUCAGACCCUGGUCCGGGGCAAUGGGACCACUGUU 36 
                     GGUC GACC UGGUCCGGGGCA UGGGACCACUGUU
  ind_0025_00039 147 GGUCGGACCUUGGUCCGGGGCAUUGGGACCACUGUU 182
                     ************************************ PP

>> ind_0025_00044  
 rank     E-value  score  bias mdl mdl from   mdl to       seq from      seq to       acc trunc   gc
 ----   --------- ------ ----- --- -------- --------    ----------- -----------      ---- ----- ----
 (45) !   6.3e-12   49.6   0.0  cm        1       36 []         147         180 + .. 1.00    no 0.68

                          vv                           vv NC
                     :::::<<<--<<<<<<_________>>>>>>-->>> CS
  patent_aligned   1 GGUCAGACCCUGGUCCGGGGCAAUGGGACCACUGUU 36 
                     GGUC GACC UGGUCCGGGGCAAUGGGACCACUG  
  ind_0025_00044 147 GGUCGGACCUUGGUCCGGGGCAAUGGGACCACUG-- 180
                     **********************************.. PP

>> ind_0025_00006  
 rank     E-value  score  bias mdl mdl from   mdl to       seq from      seq to       acc trunc   gc
 ----   --------- ------ ----- --- -------- --------    ----------- -----------      ---- ----- ----
 (46) !   9.9e-12   48.9   0.0  cm        1       36 []         147         182 + .. 1.00    no 0.61

                                v                 v       NC
                     :::::<<<--<<<<<<_________>>>>>>-->>> CS
  patent_aligned   1 GGUCAGACCCUGGUCCGGGGCAAUGGGACCACUGUU 36 
                     GGUC GACC U GUCCGGGGCAAUGGGAC ACUGUU
  ind_0025_00006 147 GGUCGGACCUUAGUCCGGGGCAAUGGGACCACUGUU 182
                     ************************************ PP

>> ind_0025_00013  
 rank     E-value  score  bias mdl mdl from   mdl to       seq from      seq to       acc trunc   gc
 ----   --------- ------ ----- --- -------- --------    ----------- -----------      ---- ----- ----
 (47) !   1.2e-11   48.6   0.0  cm        1       36 []         147         182 + .. 1.00    no 0.61

                                   v           v          NC
                     :::::<<<--<<<<<<_________>>>>>>-->>> CS
  patent_aligned   1 GGUCAGACCCUGGUCCGGGGCAAUGGGACCACUGUU 36 
                     GGUC GACC UGGU CGGGGCAAUGG ACCACUGUU
  ind_0025_00013 147 GGUCGGACCUUGGUCCGGGGCAAUGGAACCACUGUU 182
                     ************************************ PP

>> ind_0025_00045  
 rank     E-value  score  bias mdl mdl from   mdl to       seq from      seq to       acc trunc   gc
 ----   --------- ------ ----- --- -------- --------    ----------- -----------      ---- ----- ----
 (48) !   3.3e-11   46.9   0.0  cm        1       36 []         147         182 + .. 1.00    no 0.64

                                    v         v           NC
                     :::::<<<--<<<<<<_________>>>>>>-->>> CS
  patent_aligned   1 GGUCAGACCCUGGUCCGGGGCAAUGGGACCACUGUU 36 
                     GGUC GACC UGGUC GGGGCAAUG GACCACUGUU
  ind_0025_00045 147 GGUCGGACCUUGGUCGGGGGCAAUGGGACCACUGUU 182
                     ************************************ PP

>> ind_0025_00022  
 rank     E-value  score  bias mdl mdl from   mdl to       seq from      seq to       acc trunc   gc
 ----   --------- ------ ----- --- -------- --------    ----------- -----------      ---- ----- ----
 (49) !   3.4e-11   46.9   0.0  cm        1       36 []         147         182 + .. 1.00    no 0.58

                               v                   v      NC
                     :::::<<<--<<<<<<_________>>>>>>-->>> CS
  patent_aligned   1 GGUCAGACCCUGGUCCGGGGCAAUGGGACCACUGUU 36 
                     GGUCAGACC  GGUCCGGG CAAUGGGACC CUGUU
  ind_0025_00022 147 GGUCAGACCUAGGUCCGGGACAAUGGGACCACUGUU 182
                     ************************************ PP

>> ind_0025_00026  
 rank     E-value  score  bias mdl mdl from   mdl to       seq from      seq to       acc trunc   gc
 ----   --------- ------ ----- --- -------- --------    ----------- -----------      ---- ----- ----
 (50) !   2.3e-09   40.0   0.0  cm        1       36 []         147         180 + .. 1.00    no 0.62

                          vv   v                   v   vv NC
                     :::::<<<--<<<<<<_________>>>>>>-->>> CS
  patent_aligned   1 GGUCAGACCCUGGUCCGGGGCAAUGGGACCACUGUU 36 
                     GGUCAGACC  GGUCCGGG CAAUGGGACC CUG  
  ind_0025_00026 147 GGUCAGACCUAGGUCCGGGACAAUGGGACCACUG-- 180
                     **********9***********************.. PP

>> ind_0025_00005  
 rank     E-value  score  bias mdl mdl from   mdl to       seq from      seq to       acc trunc   gc
 ----   --------- ------ ----- --- -------- --------    ----------- -----------      ---- ----- ----
 (51) ?       0.7    8.0   0.0  cm       14       28 ..          35          21 - .. 0.98    no 0.53

                                    NC
                    <<<_________>>> CS
  patent_aligned 14 UCCGGGGCAAUGGGA 28
                    U CGGG CAAUGG A
  ind_0025_00005 35 UUCGGGCCAAUGGAA 21
                    *****999******* PP

>> ind_0025_00022  
 rank     E-value  score  bias mdl mdl from   mdl to       seq from      seq to       acc trunc   gc
 ----   --------- ------ ----- --- -------- --------    ----------- -----------      ---- ----- ----
 (52) ?       0.7    8.0   0.0  cm       14       28 ..          35          21 - .. 0.98    no 0.53

                                    NC
                    <<<_________>>> CS
  patent_aligned 14 UCCGGGGCAAUGGGA 28
                    U CGGG CAAUGG A
  ind_0025_00022 35 UUCGGGCCAAUGGAA 21
                    *****999******* PP

>> ind_0025_00026  
 rank     E-value  score  bias mdl mdl from   mdl to       seq from      seq to       acc trunc   gc
 ----   --------- ------ ----- --- -------- --------    ----------- -----------      ---- ----- ----
 (53) ?       0.7    8.0   0.0  cm       14       28 ..          35          21 - .. 0.98    no 0.53

                                    NC
                    <<<_________>>> CS
  patent_aligned 14 UCCGGGGCAAUGGGA 28
                    U CGGG CAAUGG A
  ind_0025_00026 35 UUCGGGCCAAUGGAA 21
                    *****999******* PP

>> ind_0025_00029  
 rank     E-value  score  bias mdl mdl from   mdl to       seq from      seq to       acc trunc   gc
 ----   --------- ------ ----- --- -------- --------    ----------- -----------      ---- ----- ----
 (54) ?       0.7    8.0   0.0  cm       14       28 ..          35          21 - .. 0.98    no 0.53

                                    NC
                    <<<_________>>> CS
  patent_aligned 14 UCCGGGGCAAUGGGA 28
                    U CGGG CAAUGG A
  ind_0025_00029 35 UUCGGGCCAAUGGAA 21
                    *****999******* PP

>> ind_0025_00032  
 rank     E-value  score  bias mdl mdl from   mdl to       seq from      seq to       acc trunc   gc
 ----   --------- ------ ----- --- -------- --------    ----------- -----------      ---- ----- ----
 (55) ?       0.7    8.0   0.0  cm       14       28 ..          35          21 - .. 0.98    no 0.53

                                    NC
                    <<<_________>>> CS
  patent_aligned 14 UCCGGGGCAAUGGGA 28
                    U CGGG CAAUGG A
  ind_0025_00032 35 UUCGGGCCAAUGGAA 21
                    *****999******* PP

>> ind_0025_00036  
 rank     E-value  score  bias mdl mdl from   mdl to       seq from      seq to       acc trunc   gc
 ----   --------- ------ ----- --- -------- --------    ----------- -----------      ---- ----- ----
 (56) ?       0.7    8.0   0.0  cm       14       28 ..          35          21 - .. 0.98    no 0.53

                                    NC
                    <<<_________>>> CS
  patent_aligned 14 UCCGGGGCAAUGGGA 28
                    U CGGG CAAUGG A
  ind_0025_00036 35 UUCGGGCCAAUGGAA 21
                    *****999******* PP

>> ind_0025_00037  
 rank     E-value  score  bias mdl mdl from   mdl to       seq from      seq to       acc trunc   gc
 ----   --------- ------ ----- --- -------- --------    ----------- -----------      ---- ----- ----
 (57) ?       0.7    8.0   0.0  cm       14       28 ..          35          21 - .. 0.98    no 0.53

                                    NC
                    <<<_________>>> CS
  patent_aligned 14 UCCGGGGCAAUGGGA 28
                    U CGGG CAAUGG A
  ind_0025_00037 35 UUCGGGCCAAUGGAA 21
                    *****999******* PP

>> ind_0025_00040  
 rank     E-value  score  bias mdl mdl from   mdl to       seq from      seq to       acc trunc   gc
 ----   --------- ------ ----- --- -------- --------    ----------- -----------      ---- ----- ----
 (58) ?       0.7    8.0   0.0  cm       14       28 ..          35          21 - .. 0.98    no 0.53

                                    NC
                    <<<_________>>> CS
  patent_aligned 14 UCCGGGGCAAUGGGA 28
                    U CGGG CAAUGG A
  ind_0025_00040 35 UUCGGGCCAAUGGAA 21
                    *****999******* PP

>> ind_0025_00041  
 rank     E-value  score  bias mdl mdl from   mdl to       seq from      seq to       acc trunc   gc
 ----   --------- ------ ----- --- -------- --------    ----------- -----------      ---- ----- ----
 (59) ?       0.7    8.0   0.0  cm       14       28 ..          35          21 - .. 0.98    no 0.53

                                    NC
                    <<<_________>>> CS
  patent_aligned 14 UCCGGGGCAAUGGGA 28
                    U CGGG CAAUGG A
  ind_0025_00041 35 UUCGGGCCAAUGGAA 21
                    *****999******* PP

>> ind_0025_00046  
 rank     E-value  score  bias mdl mdl from   mdl to       seq from      seq to       acc trunc   gc
 ----   --------- ------ ----- --- -------- --------    ----------- -----------      ---- ----- ----
 (60) ?       0.7    8.0   0.0  cm       14       28 ..          35          21 - .. 0.98    no 0.53

                                    NC
                    <<<_________>>> CS
  patent_aligned 14 UCCGGGGCAAUGGGA 28
                    U CGGG CAAUGG A
  ind_0025_00046 35 UUCGGGCCAAUGGAA 21
                    *****999******* PP

>> ind_0025_00049  
 rank     E-value  score  bias mdl mdl from   mdl to       seq from      seq to       acc trunc   gc
 ----   --------- ------ ----- --- -------- --------    ----------- -----------      ---- ----- ----
 (61) ?       0.7    8.0   0.0  cm       14       28 ..          35          21 - .. 0.98    no 0.53

                                    NC
                    <<<_________>>> CS
  patent_aligned 14 UCCGGGGCAAUGGGA 28
                    U CGGG CAAUGG A
  ind_0025_00049 35 UUCGGGCCAAUGGAA 21
                    *****999******* PP

>> ind_0025_00008  
 rank     E-value  score  bias mdl mdl from   mdl to       seq from      seq to       acc trunc   gc
 ----   --------- ------ ----- --- -------- --------    ----------- -----------      ---- ----- ----
 (62) ?      0.89    7.6   0.0  cm        1       36 []         187         152 - .. 0.99    no 0.64

                          v                         v NC
                     :::::<<<--<<<<<<~~~~~>>>>>>-->>> CS
  patent_aligned   1 GGUCAGACCCUGGUCC*[9]*GGACCACUGUU 36 
                     GG  A AC CUGGUCC     GGACCA  GU 
  ind_0025_00008 187 GGCGAAACACUGGUCC*[9]*GGACCAAGGUC 152
                     ***************9..*..9********** PP



Internal CM pipeline statistics summary:
----------------------------------------
Query model(s):                                                  1  (36 consensus positions)
Target sequences:                                               50  (19700 residues searched)
Target sequences re-searched for truncated hits:                50  (10200 residues re-searched)
Windows   passing  local HMM SSV           filter:             309  (0.6115); expected (0.35)
Windows   passing  local HMM Viterbi       filter:                  (off)
Windows   passing  local HMM Viterbi  bias filter:                  (off)
Windows   passing  local HMM Forward       filter:             130  (0.2293); expected (0.02)
Windows   passing  local HMM Forward  bias filter:             129  (0.2283); expected (0.02)
Windows   passing glocal HMM Forward       filter:              65  (0.1355); expected (0.02)
Windows   passing glocal HMM Forward  bias filter:              65  (0.1355); expected (0.02)
Envelopes passing glocal HMM envelope defn filter:              65  (0.08151); expected (0.02)
Envelopes passing  local CM  CYK           filter:              64  (0.0704); expected (0.0001)
Total CM hits reported:                                         62  (0.06679); includes 0 truncated hit(s)

# CPU time: 0.09u 0.00s 00:00:00.09 Elapsed: 00:00:00.09
# Alignment of 50 hits satisfying inclusion thresholds saved to: optimization_a7/38gen/_workspace/cmsearch_logs/gen_0025/patent_cmsearch.sto
//
[ok]
