# cmsearch :: search CM(s) against a sequence database
# INFERNAL 1.1.5 (Sep 2023)
# Copyright (C) 2023 Howard Hughes Medical Institute.
# Freely distributed under the BSD open source license.
# - - - - - - - - - - - - - - - - - - - - - - - - - - - - - - - - - - - -
# query CM file:                         A7_analysis/patent.cm
# target sequence database:              /tmp/tmpm83298x_/queries.fa
# output directed to file:               /projects/health_sciences/bms/biochemistry/gardner_group/nadia/UTR_optimization/A7_analysis/patent_cmsearch.out
# MSA of significant hits saved to file: /projects/health_sciences/bms/biochemistry/gardner_group/nadia/UTR_optimization/A7_analysis/patent_cmsearch.sto
# tabular output of hits:                /projects/health_sciences/bms/biochemistry/gardner_group/nadia/UTR_optimization/A7_analysis/patent_cmsearch.tblout
# max ASCII text line length:            unlimited
# sequence reporting threshold:          E-value <= 1000
# number of worker threads:              4
# - - - - - - - - - - - - - - - - - - - - - - - - - - - - - - - - - - - -

Query:       patent_aligned  [CLEN=36]
Hit scores:
 rank     E-value  score  bias  sequence                                      start    end   mdl trunc   gc  description
 ----   --------- ------ -----  -------------------------------------------- ------ ------   --- ----- ----  -----------
  (1) !   3.1e-16   66.3   0.0  patent-max                                        3     38 +  cm    no 0.64  -
  (2) !   3.1e-16   66.3   0.0  MH806866.1/9465-9549                             41     76 +  cm    no 0.64  -
  (3) !   3.1e-16   66.3   0.0  NC_023858.1/9607-9691                            41     76 +  cm    no 0.64  -
  (4) !   3.1e-16   66.3   0.0  KF961188.1/9387-9593_downstream_plus_to_end      54     89 +  cm    no 0.64  -
  (5) !   3.1e-16   66.3   0.0  NC_023858.1/9387-9593_downstream_plus_to_end     54     89 +  cm    no 0.64  -
  (6) !   6.2e-15   61.4   0.0  MW684814.1/9588-9672                             41     76 +  cm    no 0.61  -
  (7) !   6.2e-15   61.4   0.0  OR590795.1/9438-9522                             41     76 +  cm    no 0.61  -
  (8) !   6.2e-15   61.4   0.0  KF979335.1/9192-9418_downstream_plus_to_end      54     89 +  cm    no 0.61  -
  (9) !   6.2e-15   61.4   0.0  NC_024768.1/9192-9418_downstream_plus_to_end     54     89 +  cm    no 0.61  -
 (10) !   8.8e-14   57.0   0.0  MH125198.1/9438-9522                             41     76 +  cm    no 0.58  -
 (11) !   8.8e-14   57.0   0.0  PP228891.1/9316-9400                             41     76 +  cm    no 0.58  -
 (12) !   8.8e-14   57.0   0.0  PP228891.1/9072-9302_downstream_plus_to_end      54     89 +  cm    no 0.58  -
 (13) !   8.8e-14   57.0   0.0  PP228890.1/9171-9401_downstream_plus_to_end      54     89 +  cm    no 0.58  -
 (14) !   8.8e-14   57.0   0.0  PP228897.1/9189-9419_downstream_plus_to_end      54     89 +  cm    no 0.58  -
 (15) !   8.8e-14   57.0   0.0  KF961187.1/9169-9420_downstream_plus_to_end      54     89 +  cm    no 0.58  -
 (16) !   2.3e-13   55.5   0.0  NC_024769.1/9459-9543                            41     76 +  cm    no 0.64  -
 (17) !   2.3e-13   55.5   0.0  KF979336.1/9220-9445_downstream_plus_to_end      54     89 +  cm    no 0.64  -
 (18) !   2.3e-13   55.5   0.0  NC_024769.1/9220-9445_downstream_plus_to_end     54     89 +  cm    no 0.64  -
 (19) !   6.2e-13   53.8   0.0  knot-flipped                                      3     38 +  cm    no 0.64  -
 (20) !   3.2e-12   51.1   0.0  MG846465.1/9394-9478                             41     76 +  cm    no 0.61  -
 (21) !   4.2e-11   46.9   0.0  PX095761.1/9884-9969                             42     77 +  cm    no 0.61  -
 (22) !   7.1e-11   46.1   0.0  patent-min                                        1     30 +  cm 5'&3' 0.67  -
 (23) !   3.2e-10   43.6   0.0  joch-7S-Hybrid_one_loop_variant_2                47     82 +  cm    no 0.61  -
 (24) !   3.3e-10   43.6   0.0  joch-7S-Hybrid_one_loop_variant_3                47     82 +  cm    no 0.67  -
 (25) !   4.2e-10   43.2   0.0  joch-7S-Hybrid_one_loop                          47     82 +  cm    no 0.61  -
 (26) !     1e-08   37.9   0.0  joch-7S-Hybrid_2_loops                           45     80 +  cm    no 0.64  -
 (27) !     1e-08   37.9   0.0  joch-Picornavirus                                62     97 +  cm    no 0.64  -
 (28) !     1e-08   37.9   0.0  NC_038957.1/8957-9038                            38     73 +  cm    no 0.64  -
 (29) !     1e-08   37.9   0.0  KC811837.1/9077-9158                             38     73 +  cm    no 0.64  -
 (30) !     1e-08   37.9   0.0  OR364988.1/8823-9030_downstream_plus_to_end      42     77 +  cm    no 0.64  -
 (31) !     1e-08   37.9   0.0  KC811837.1/8865-9072_downstream_plus_to_end      42     77 +  cm    no 0.64  -
 (32) !     1e-08   37.9   0.0  NC_038957.1/8746-8952_downstream_plus_to_end     42     77 +  cm    no 0.64  -
 (33) !   1.3e-08   37.5   0.0  NC_039235.1/9432-9515                            41     75 +  cm    no 0.57  -
 (34) !   1.3e-08   37.5   0.0  KF961186.1/9187-9418_downstream_plus_to_end      54     88 +  cm    no 0.57  -
 (35) !   1.3e-08   37.5   0.0  NC_039235.1/9187-9418_downstream_plus_to_end     54     88 +  cm    no 0.57  -
 (36) !   2.9e-06   28.7   0.0  OP169446.1/9072-9153                             39     73 +  cm    no 0.60  -
 (37) !   2.9e-06   28.7   0.0  OP169446.1/8869-9067_downstream_plus_to_end      43     77 +  cm    no 0.60  -
 (38) !    0.0044   16.7   0.0  consensus-based-variant2                          3     37 +  cm    no 0.69  -
 ------ inclusion threshold ------
 (39) ?     0.024   14.0   0.0  MK204417.1/9581-9663                             39     71 +  cm    no 0.73  -
 (40) ?     0.025   13.9   0.0  consensus-based-variant1                          3     37 +  cm    no 0.69  -
 (41) ?      0.24   10.2   0.0  KC663628.1/9558-9640                             53     65 +  cm    no 0.69  -
 (42) ?      0.24   10.2   0.0  MW588052.1/9851-9933                             53     65 +  cm    no 0.69  -
 (43) ?      0.24   10.2   0.0  PQ368551.1/9858-9940                             53     65 +  cm    no 0.69  -
 (44) ?      0.24   10.2   0.0  KY369300.1/9959-10041                            53     65 +  cm    no 0.69  -
 (45) ?      0.24   10.2   0.0  KY369300.1/9710-9957_downstream_plus_to_end      54     66 +  cm    no 0.69  -
 (46) ?      0.24   10.2   0.0  NC_033793.1/9710-9957_downstream_plus_to_end     54     66 +  cm    no 0.69  -
 (47) ?      0.24   10.2   0.0  KC663628.1/9310-9555_downstream_plus_to_end      55     67 +  cm    no 0.69  -
 (48) ?      0.24   10.2   0.0  NC_024120.1/9310-9555_downstream_plus_to_end     55     67 +  cm    no 0.69  -
 (49) ?      0.24   10.2   0.0  PQ368551.1/9611-9854_downstream_plus_to_end      56     68 +  cm    no 0.69  -
 (50) ?      0.24   10.2   0.0  MW588051.1/9582-9664                             53     65 +  cm    no 0.69  -
 (51) ?      0.24   10.2   0.0  PX095799.1/9375-9460                             56     68 +  cm    no 0.69  -
 (52) ?   4.5e+02   -2.1   0.0  MW588051.1/9582-9664                             38     48 +  cm    no 0.45  -
 (53) ?   4.7e+02   -2.2   0.0  KY369300.1/9959-10041                            38     48 +  cm    no 0.55  -
 (54) ?   4.7e+02   -2.2   0.0  KY369300.1/9710-9957_downstream_plus_to_end      39     49 +  cm    no 0.55  -
 (55) ?   4.7e+02   -2.2   0.0  NC_033793.1/9710-9957_downstream_plus_to_end     39     49 +  cm    no 0.55  -
 (56) ?   8.1e+02   -3.1   0.0  MK204417.1/9581-9663                             35     38 +  cm    no 0.50  -


Hit alignments:
>> patent-max  
 rank     E-value  score  bias mdl mdl from   mdl to       seq from      seq to       acc trunc   gc
 ----   --------- ------ ----- --- -------- --------    ----------- -----------      ---- ----- ----
  (1) !   3.1e-16   66.3   0.0  cm        1       36 []           3          38 + .. 1.00    no 0.64

                                                         NC
                    :::::<<<--<<<<<<_________>>>>>>-->>> CS
  patent_aligned  1 GGUCAGACCCUGGUCCGGGGCAAUGGGACCACUGUU 36
                    GGUCAGACCCUGGUCCGGGGCAAUGGGACCACUGUU
      patent-max  3 GGUCAGACCCUGGUCCGGGGCAAUGGGACCACUGUU 38
                    ************************************ PP

>> MH806866.1/9465-9549  
 rank     E-value  score  bias mdl mdl from   mdl to       seq from      seq to       acc trunc   gc
 ----   --------- ------ ----- --- -------- --------    ----------- -----------      ---- ----- ----
  (2) !   3.1e-16   66.3   0.0  cm        1       36 []          41          76 + .. 1.00    no 0.64

                                                               NC
                          :::::<<<--<<<<<<_________>>>>>>-->>> CS
        patent_aligned  1 GGUCAGACCCUGGUCCGGGGCAAUGGGACCACUGUU 36
                          GGUCAGACCCUGGUCCGGGGCAAUGGGACCACUGUU
  MH806866.1/9465-9549 41 GGUCAGACCCUGGUCCGGGGCAAUGGGACCACUGUU 76
                          ************************************ PP

>> NC_023858.1/9607-9691  
 rank     E-value  score  bias mdl mdl from   mdl to       seq from      seq to       acc trunc   gc
 ----   --------- ------ ----- --- -------- --------    ----------- -----------      ---- ----- ----
  (3) !   3.1e-16   66.3   0.0  cm        1       36 []          41          76 + .. 1.00    no 0.64

                                                                NC
                           :::::<<<--<<<<<<_________>>>>>>-->>> CS
         patent_aligned  1 GGUCAGACCCUGGUCCGGGGCAAUGGGACCACUGUU 36
                           GGUCAGACCCUGGUCCGGGGCAAUGGGACCACUGUU
  NC_023858.1/9607-9691 41 GGUCAGACCCUGGUCCGGGGCAAUGGGACCACUGUU 76
                           ************************************ PP

>> KF961188.1/9387-9593_downstream_plus_to_end  
 rank     E-value  score  bias mdl mdl from   mdl to       seq from      seq to       acc trunc   gc
 ----   --------- ------ ----- --- -------- --------    ----------- -----------      ---- ----- ----
  (4) !   3.1e-16   66.3   0.0  cm        1       36 []          54          89 + .. 1.00    no 0.64

                                                                                      NC
                                                 :::::<<<--<<<<<<_________>>>>>>-->>> CS
                               patent_aligned  1 GGUCAGACCCUGGUCCGGGGCAAUGGGACCACUGUU 36
                                                 GGUCAGACCCUGGUCCGGGGCAAUGGGACCACUGUU
  KF961188.1/9387-9593_downstream_plus_to_end 54 GGUCAGACCCUGGUCCGGGGCAAUGGGACCACUGUU 89
                                                 ************************************ PP

>> NC_023858.1/9387-9593_downstream_plus_to_end  
 rank     E-value  score  bias mdl mdl from   mdl to       seq from      seq to       acc trunc   gc
 ----   --------- ------ ----- --- -------- --------    ----------- -----------      ---- ----- ----
  (5) !   3.1e-16   66.3   0.0  cm        1       36 []          54          89 + .. 1.00    no 0.64

                                                                                       NC
                                                  :::::<<<--<<<<<<_________>>>>>>-->>> CS
                                patent_aligned  1 GGUCAGACCCUGGUCCGGGGCAAUGGGACCACUGUU 36
                                                  GGUCAGACCCUGGUCCGGGGCAAUGGGACCACUGUU
  NC_023858.1/9387-9593_downstream_plus_to_end 54 GGUCAGACCCUGGUCCGGGGCAAUGGGACCACUGUU 89
                                                  ************************************ PP

>> MW684814.1/9588-9672  
 rank     E-value  score  bias mdl mdl from   mdl to       seq from      seq to       acc trunc   gc
 ----   --------- ------ ----- --- -------- --------    ----------- -----------      ---- ----- ----
  (6) !   6.2e-15   61.4   0.0  cm        1       36 []          41          76 + .. 1.00    no 0.61

                                                               NC
                          :::::<<<--<<<<<<_________>>>>>>-->>> CS
        patent_aligned  1 GGUCAGACCCUGGUCCGGGGCAAUGGGACCACUGUU 36
                          GGUCAGACCCUGGUCCGGGGCAAU GGACCACUGUU
  MW684814.1/9588-9672 41 GGUCAGACCCUGGUCCGGGGCAAUAGGACCACUGUU 76
                          ************************************ PP

>> OR590795.1/9438-9522  
 rank     E-value  score  bias mdl mdl from   mdl to       seq from      seq to       acc trunc   gc
 ----   --------- ------ ----- --- -------- --------    ----------- -----------      ---- ----- ----
  (7) !   6.2e-15   61.4   0.0  cm        1       36 []          41          76 + .. 1.00    no 0.61

                                                               NC
                          :::::<<<--<<<<<<_________>>>>>>-->>> CS
        patent_aligned  1 GGUCAGACCCUGGUCCGGGGCAAUGGGACCACUGUU 36
                          GGUCAGACCCUGGUCCGGGGCAAU GGACCACUGUU
  OR590795.1/9438-9522 41 GGUCAGACCCUGGUCCGGGGCAAUAGGACCACUGUU 76
                          ************************************ PP

>> KF979335.1/9192-9418_downstream_plus_to_end  
 rank     E-value  score  bias mdl mdl from   mdl to       seq from      seq to       acc trunc   gc
 ----   --------- ------ ----- --- -------- --------    ----------- -----------      ---- ----- ----
  (8) !   6.2e-15   61.4   0.0  cm        1       36 []          54          89 + .. 1.00    no 0.61

                                                                                      NC
                                                 :::::<<<--<<<<<<_________>>>>>>-->>> CS
                               patent_aligned  1 GGUCAGACCCUGGUCCGGGGCAAUGGGACCACUGUU 36
                                                 GGUCAGACCCUGGUCCGGGGCAAU GGACCACUGUU
  KF979335.1/9192-9418_downstream_plus_to_end 54 GGUCAGACCCUGGUCCGGGGCAAUAGGACCACUGUU 89
                                                 ************************************ PP

>> NC_024768.1/9192-9418_downstream_plus_to_end  
 rank     E-value  score  bias mdl mdl from   mdl to       seq from      seq to       acc trunc   gc
 ----   --------- ------ ----- --- -------- --------    ----------- -----------      ---- ----- ----
  (9) !   6.2e-15   61.4   0.0  cm        1       36 []          54          89 + .. 1.00    no 0.61

                                                                                       NC
                                                  :::::<<<--<<<<<<_________>>>>>>-->>> CS
                                patent_aligned  1 GGUCAGACCCUGGUCCGGGGCAAUGGGACCACUGUU 36
                                                  GGUCAGACCCUGGUCCGGGGCAAU GGACCACUGUU
  NC_024768.1/9192-9418_downstream_plus_to_end 54 GGUCAGACCCUGGUCCGGGGCAAUAGGACCACUGUU 89
                                                  ************************************ PP

>> MH125198.1/9438-9522  
 rank     E-value  score  bias mdl mdl from   mdl to       seq from      seq to       acc trunc   gc
 ----   --------- ------ ----- --- -------- --------    ----------- -----------      ---- ----- ----
 (10) !   8.8e-14   57.0   0.0  cm        1       36 []          41          76 + .. 1.00    no 0.58

                                                               NC
                          :::::<<<--<<<<<<_________>>>>>>-->>> CS
        patent_aligned  1 GGUCAGACCCUGGUCCGGGGCAAUGGGACCACUGUU 36
                          G UCAGACCCUGGUCCGGGGCAAU GGACCACUGUU
  MH125198.1/9438-9522 41 GAUCAGACCCUGGUCCGGGGCAAUAGGACCACUGUU 76
                          ************************************ PP

>> PP228891.1/9316-9400  
 rank     E-value  score  bias mdl mdl from   mdl to       seq from      seq to       acc trunc   gc
 ----   --------- ------ ----- --- -------- --------    ----------- -----------      ---- ----- ----
 (11) !   8.8e-14   57.0   0.0  cm        1       36 []          41          76 + .. 1.00    no 0.58

                                                               NC
                          :::::<<<--<<<<<<_________>>>>>>-->>> CS
        patent_aligned  1 GGUCAGACCCUGGUCCGGGGCAAUGGGACCACUGUU 36
                          G UCAGACCCUGGUCCGGGGCAAU GGACCACUGUU
  PP228891.1/9316-9400 41 GAUCAGACCCUGGUCCGGGGCAAUAGGACCACUGUU 76
                          ************************************ PP

>> PP228891.1/9072-9302_downstream_plus_to_end  
 rank     E-value  score  bias mdl mdl from   mdl to       seq from      seq to       acc trunc   gc
 ----   --------- ------ ----- --- -------- --------    ----------- -----------      ---- ----- ----
 (12) !   8.8e-14   57.0   0.0  cm        1       36 []          54          89 + .. 1.00    no 0.58

                                                                                      NC
                                                 :::::<<<--<<<<<<_________>>>>>>-->>> CS
                               patent_aligned  1 GGUCAGACCCUGGUCCGGGGCAAUGGGACCACUGUU 36
                                                 G UCAGACCCUGGUCCGGGGCAAU GGACCACUGUU
  PP228891.1/9072-9302_downstream_plus_to_end 54 GAUCAGACCCUGGUCCGGGGCAAUAGGACCACUGUU 89
                                                 ************************************ PP

>> PP228890.1/9171-9401_downstream_plus_to_end  
 rank     E-value  score  bias mdl mdl from   mdl to       seq from      seq to       acc trunc   gc
 ----   --------- ------ ----- --- -------- --------    ----------- -----------      ---- ----- ----
 (13) !   8.8e-14   57.0   0.0  cm        1       36 []          54          89 + .. 1.00    no 0.58

                                                                                      NC
                                                 :::::<<<--<<<<<<_________>>>>>>-->>> CS
                               patent_aligned  1 GGUCAGACCCUGGUCCGGGGCAAUGGGACCACUGUU 36
                                                 G UCAGACCCUGGUCCGGGGCAAU GGACCACUGUU
  PP228890.1/9171-9401_downstream_plus_to_end 54 GAUCAGACCCUGGUCCGGGGCAAUAGGACCACUGUU 89
                                                 ************************************ PP

>> PP228897.1/9189-9419_downstream_plus_to_end  
 rank     E-value  score  bias mdl mdl from   mdl to       seq from      seq to       acc trunc   gc
 ----   --------- ------ ----- --- -------- --------    ----------- -----------      ---- ----- ----
 (14) !   8.8e-14   57.0   0.0  cm        1       36 []          54          89 + .. 1.00    no 0.58

                                                                                      NC
                                                 :::::<<<--<<<<<<_________>>>>>>-->>> CS
                               patent_aligned  1 GGUCAGACCCUGGUCCGGGGCAAUGGGACCACUGUU 36
                                                 G UCAGACCCUGGUCCGGGGCAAU GGACCACUGUU
  PP228897.1/9189-9419_downstream_plus_to_end 54 GAUCAGACCCUGGUCCGGGGCAAUAGGACCACUGUU 89
                                                 ************************************ PP

>> KF961187.1/9169-9420_downstream_plus_to_end  
 rank     E-value  score  bias mdl mdl from   mdl to       seq from      seq to       acc trunc   gc
 ----   --------- ------ ----- --- -------- --------    ----------- -----------      ---- ----- ----
 (15) !   8.8e-14   57.0   0.0  cm        1       36 []          54          89 + .. 1.00    no 0.58

                                                                                      NC
                                                 :::::<<<--<<<<<<_________>>>>>>-->>> CS
                               patent_aligned  1 GGUCAGACCCUGGUCCGGGGCAAUGGGACCACUGUU 36
                                                 G UCAGACCCUGGUCCGGGGCAAU GGACCACUGUU
  KF961187.1/9169-9420_downstream_plus_to_end 54 GAUCAGACCCUGGUCCGGGGCAAUAGGACCACUGUU 89
                                                 ************************************ PP

>> NC_024769.1/9459-9543  
 rank     E-value  score  bias mdl mdl from   mdl to       seq from      seq to       acc trunc   gc
 ----   --------- ------ ----- --- -------- --------    ----------- -----------      ---- ----- ----
 (16) !   2.3e-13   55.5   0.0  cm        1       36 []          41          76 + .. 1.00    no 0.64

                                                                NC
                           :::::<<<--<<<<<<_________>>>>>>-->>> CS
         patent_aligned  1 GGUCAGACCCUGGUCCGGGGCAAUGGGACCACUGUU 36
                           GGUCAGACCCUGG CCGGGGCAAU GG CCACUGUU
  NC_024769.1/9459-9543 41 GGUCAGACCCUGGUCCGGGGCAAUAGGGCCACUGUU 76
                           ************************************ PP

>> KF979336.1/9220-9445_downstream_plus_to_end  
 rank     E-value  score  bias mdl mdl from   mdl to       seq from      seq to       acc trunc   gc
 ----   --------- ------ ----- --- -------- --------    ----------- -----------      ---- ----- ----
 (17) !   2.3e-13   55.5   0.0  cm        1       36 []          54          89 + .. 1.00    no 0.64

                                                                                      NC
                                                 :::::<<<--<<<<<<_________>>>>>>-->>> CS
                               patent_aligned  1 GGUCAGACCCUGGUCCGGGGCAAUGGGACCACUGUU 36
                                                 GGUCAGACCCUGG CCGGGGCAAU GG CCACUGUU
  KF979336.1/9220-9445_downstream_plus_to_end 54 GGUCAGACCCUGGUCCGGGGCAAUAGGGCCACUGUU 89
                                                 ************************************ PP

>> NC_024769.1/9220-9445_downstream_plus_to_end  
 rank     E-value  score  bias mdl mdl from   mdl to       seq from      seq to       acc trunc   gc
 ----   --------- ------ ----- --- -------- --------    ----------- -----------      ---- ----- ----
 (18) !   2.3e-13   55.5   0.0  cm        1       36 []          54          89 + .. 1.00    no 0.64

                                                                                       NC
                                                  :::::<<<--<<<<<<_________>>>>>>-->>> CS
                                patent_aligned  1 GGUCAGACCCUGGUCCGGGGCAAUGGGACCACUGUU 36
                                                  GGUCAGACCCUGG CCGGGGCAAU GG CCACUGUU
  NC_024769.1/9220-9445_downstream_plus_to_end 54 GGUCAGACCCUGGUCCGGGGCAAUAGGGCCACUGUU 89
                                                  ************************************ PP

>> knot-flipped  
 rank     E-value  score  bias mdl mdl from   mdl to       seq from      seq to       acc trunc   gc
 ----   --------- ------ ----- --- -------- --------    ----------- -----------      ---- ----- ----
 (19) !   6.2e-13   53.8   0.0  cm        1       36 []           3          38 + .. 1.00    no 0.64

                                                         NC
                    :::::<<<--<<<<<<_________>>>>>>-->>> CS
  patent_aligned  1 GGUCAGACCCUGGUCCGGGGCAAUGGGACCACUGUU 36
                    GGUCAGAC CUGGUCCGG GCAAUGGGACCACUGUU
    knot-flipped  3 GGUCAGACGCUGGUCCGGCGCAAUGGGACCACUGUU 38
                    ************************************ PP

>> MG846465.1/9394-9478  
 rank     E-value  score  bias mdl mdl from   mdl to       seq from      seq to       acc trunc   gc
 ----   --------- ------ ----- --- -------- --------    ----------- -----------      ---- ----- ----
 (20) !   3.2e-12   51.1   0.0  cm        1       36 []          41          76 + .. 1.00    no 0.61

                                                               NC
                          :::::<<<--<<<<<<_________>>>>>>-->>> CS
        patent_aligned  1 GGUCAGACCCUGGUCCGGGGCAAUGGGACCACUGUU 36
                          G UCAGACCCUGG CCGGGGCAAU GG CCACUGUU
  MG846465.1/9394-9478 41 GAUCAGACCCUGGUCCGGGGCAAUAGGGCCACUGUU 76
                          ************************************ PP

>> PX095761.1/9884-9969  
 rank     E-value  score  bias mdl mdl from   mdl to       seq from      seq to       acc trunc   gc
 ----   --------- ------ ----- --- -------- --------    ----------- -----------      ---- ----- ----
 (21) !   4.2e-11   46.9   0.0  cm        1       36 []          42          77 + .. 1.00    no 0.61

                                                               NC
                          :::::<<<--<<<<<<_________>>>>>>-->>> CS
        patent_aligned  1 GGUCAGACCCUGGUCCGGGGCAAUGGGACCACUGUU 36
                          GGU  GACCCUGGUCCGGGGCAAU GGACCAC GUU
  PX095761.1/9884-9969 42 GGUUUGACCCUGGUCCGGGGCAAUAGGACCACCGUU 77
                          ************************************ PP

>> patent-min  
 rank     E-value  score  bias mdl mdl from   mdl to       seq from      seq to       acc trunc   gc
 ----   --------- ------ ----- --- -------- --------    ----------- -----------      ---- ----- ----
 (22) !   7.1e-11   46.1   0.0  cm        4       33 ~~           1          30 + ~~ 1.00 5'&3' 0.67

                           ???                               NC
                    ~~~~~::<<<--<<<<<<_________>>>>>>--~~~~~ CS
  patent_aligned  1 <[3]*CAGACCCUGGUCCGGGGCAAUGGGACCACU*[3]> 36
                         CAGACCCUGGUCCGGGGCAAUGGGACCACU     
      patent-min  1 <[0]*CAGACCCUGGUCCGGGGCAAUGGGACCACU*[0]> 30
                    .....******************************..... PP

>> joch-7S-Hybrid_one_loop_variant_2  
 rank     E-value  score  bias mdl mdl from   mdl to       seq from      seq to       acc trunc   gc
 ----   --------- ------ ----- --- -------- --------    ----------- -----------      ---- ----- ----
 (23) !   3.2e-10   43.6   0.0  cm        1       36 []          47          82 + .. 1.00    no 0.61

                                                                            NC
                                       :::::<<<--<<<<<<_________>>>>>>-->>> CS
                     patent_aligned  1 GGUCAGACCCUGGUCCGGGGCAAUGGGACCACUGUU 36
                                       GGUCAGACCCU   CCGGGG AAUGGG   ACUGUU
  joch-7S-Hybrid_one_loop_variant_2 47 GGUCAGACCCUCCACCGGGGUAAUGGGUGGACUGUU 82
                                       ************************************ PP

>> joch-7S-Hybrid_one_loop_variant_3  
 rank     E-value  score  bias mdl mdl from   mdl to       seq from      seq to       acc trunc   gc
 ----   --------- ------ ----- --- -------- --------    ----------- -----------      ---- ----- ----
 (24) !   3.3e-10   43.6   0.0  cm        1       36 []          47          82 + .. 1.00    no 0.67

                                                                            NC
                                       :::::<<<--<<<<<<_________>>>>>>-->>> CS
                     patent_aligned  1 GGUCAGACCCUGGUCCGGGGCAAUGGGACCACUGUU 36
                                       GGUCAGACCCU   CCGGGGCAAUGGG   AC GUU
  joch-7S-Hybrid_one_loop_variant_3 47 GGUCAGACCCUCCACCGGGGCAAUGGGUGGACCGUU 82
                                       ************************************ PP

>> joch-7S-Hybrid_one_loop  
 rank     E-value  score  bias mdl mdl from   mdl to       seq from      seq to       acc trunc   gc
 ----   --------- ------ ----- --- -------- --------    ----------- -----------      ---- ----- ----
 (25) !   4.2e-10   43.2   0.0  cm        1       36 []          47          82 + .. 1.00    no 0.61

                                                                  NC
                             :::::<<<--<<<<<<_________>>>>>>-->>> CS
           patent_aligned  1 GGUCAGACCCUGGUCCGGGGCAAUGGGACCACUGUU 36
                             GGUCAGACCCU   CCGGGGCAAU GG   ACUGUU
  joch-7S-Hybrid_one_loop 47 GGUCAGACCCUCCACCGGGGCAAUAGGUGGACUGUU 82
                             ************************************ PP

>> joch-7S-Hybrid_2_loops  
 rank     E-value  score  bias mdl mdl from   mdl to       seq from      seq to       acc trunc   gc
 ----   --------- ------ ----- --- -------- --------    ----------- -----------      ---- ----- ----
 (26) !     1e-08   37.9   0.0  cm        1       36 []          45          80 + .. 1.00    no 0.64

                                                                 NC
                            :::::<<<--<<<<<<_________>>>>>>-->>> CS
          patent_aligned  1 GGUCAGACCCUGGUCCGGGGCAAUGGGACCACUGUU 36
                            GG CAGACCCU   CCGGGGCAAU GG   ACUGUU
  joch-7S-Hybrid_2_loops 45 GGGCAGACCCUCCACCGGGGCAAUAGGUGGACUGUU 80
                            ************************************ PP

>> joch-Picornavirus  
 rank     E-value  score  bias mdl mdl from   mdl to       seq from      seq to       acc trunc   gc
 ----   --------- ------ ----- --- -------- --------    ----------- -----------      ---- ----- ----
 (27) !     1e-08   37.9   0.0  cm        1       36 []          62          97 + .. 1.00    no 0.64

                                                            NC
                       :::::<<<--<<<<<<_________>>>>>>-->>> CS
     patent_aligned  1 GGUCAGACCCUGGUCCGGGGCAAUGGGACCACUGUU 36
                       GG CAGACCCU   CCGGGGCAAU GG   ACUGUU
  joch-Picornavirus 62 GGGCAGACCCUCCACCGGGGCAAUAGGUGGACUGUU 97
                       ************************************ PP

>> NC_038957.1/8957-9038  
 rank     E-value  score  bias mdl mdl from   mdl to       seq from      seq to       acc trunc   gc
 ----   --------- ------ ----- --- -------- --------    ----------- -----------      ---- ----- ----
 (28) !     1e-08   37.9   0.0  cm        1       36 []          38          73 + .. 1.00    no 0.64

                                                                NC
                           :::::<<<--<<<<<<_________>>>>>>-->>> CS
         patent_aligned  1 GGUCAGACCCUGGUCCGGGGCAAUGGGACCACUGUU 36
                           GG CAGACCCU   CCGGGGCAAU GG   ACUGUU
  NC_038957.1/8957-9038 38 GGGCAGACCCUCCACCGGGGCAAUAGGUGGACUGUU 73
                           ************************************ PP

>> KC811837.1/9077-9158  
 rank     E-value  score  bias mdl mdl from   mdl to       seq from      seq to       acc trunc   gc
 ----   --------- ------ ----- --- -------- --------    ----------- -----------      ---- ----- ----
 (29) !     1e-08   37.9   0.0  cm        1       36 []          38          73 + .. 1.00    no 0.64

                                                               NC
                          :::::<<<--<<<<<<_________>>>>>>-->>> CS
        patent_aligned  1 GGUCAGACCCUGGUCCGGGGCAAUGGGACCACUGUU 36
                          GG CAGACCCU   CCGGGGCAAU GG   ACUGUU
  KC811837.1/9077-9158 38 GGGCAGACCCUCCACCGGGGCAAUAGGUGGACUGUU 73
                          ************************************ PP

>> OR364988.1/8823-9030_downstream_plus_to_end  
 rank     E-value  score  bias mdl mdl from   mdl to       seq from      seq to       acc trunc   gc
 ----   --------- ------ ----- --- -------- --------    ----------- -----------      ---- ----- ----
 (30) !     1e-08   37.9   0.0  cm        1       36 []          42          77 + .. 1.00    no 0.64

                                                                                      NC
                                                 :::::<<<--<<<<<<_________>>>>>>-->>> CS
                               patent_aligned  1 GGUCAGACCCUGGUCCGGGGCAAUGGGACCACUGUU 36
                                                 GG CAGACCCU   CCGGGGCAAU GG   ACUGUU
  OR364988.1/8823-9030_downstream_plus_to_end 42 GGGCAGACCCUCCACCGGGGCAAUAGGUGGACUGUU 77
                                                 ************************************ PP

>> KC811837.1/8865-9072_downstream_plus_to_end  
 rank     E-value  score  bias mdl mdl from   mdl to       seq from      seq to       acc trunc   gc
 ----   --------- ------ ----- --- -------- --------    ----------- -----------      ---- ----- ----
 (31) !     1e-08   37.9   0.0  cm        1       36 []          42          77 + .. 1.00    no 0.64

                                                                                      NC
                                                 :::::<<<--<<<<<<_________>>>>>>-->>> CS
                               patent_aligned  1 GGUCAGACCCUGGUCCGGGGCAAUGGGACCACUGUU 36
                                                 GG CAGACCCU   CCGGGGCAAU GG   ACUGUU
  KC811837.1/8865-9072_downstream_plus_to_end 42 GGGCAGACCCUCCACCGGGGCAAUAGGUGGACUGUU 77
                                                 ************************************ PP

>> NC_038957.1/8746-8952_downstream_plus_to_end  
 rank     E-value  score  bias mdl mdl from   mdl to       seq from      seq to       acc trunc   gc
 ----   --------- ------ ----- --- -------- --------    ----------- -----------      ---- ----- ----
 (32) !     1e-08   37.9   0.0  cm        1       36 []          42          77 + .. 1.00    no 0.64

                                                                                       NC
                                                  :::::<<<--<<<<<<_________>>>>>>-->>> CS
                                patent_aligned  1 GGUCAGACCCUGGUCCGGGGCAAUGGGACCACUGUU 36
                                                  GG CAGACCCU   CCGGGGCAAU GG   ACUGUU
  NC_038957.1/8746-8952_downstream_plus_to_end 42 GGGCAGACCCUCCACCGGGGCAAUAGGUGGACUGUU 77
                                                  ************************************ PP

>> NC_039235.1/9432-9515  
 rank     E-value  score  bias mdl mdl from   mdl to       seq from      seq to       acc trunc   gc
 ----   --------- ------ ----- --- -------- --------    ----------- -----------      ---- ----- ----
 (33) !   1.3e-08   37.5   0.0  cm        1       36 []          41          75 + .. 0.98    no 0.57

                                      v                 v       NC
                           :::::<<<--<<<<<<_________>>>>>>-->>> CS
         patent_aligned  1 GGUCAGACCCUGGUCCGGGGCAAUGGGACCACUGUU 36
                           G UCAGACCCUGGUCC GGGCAAU GGAC ACUGUU
  NC_039235.1/9432-9515 41 GAUCAGACCCUGGUCCCGGGCAAUUGGAC-ACUGUU 75
                           ****************************5.****** PP

>> KF961186.1/9187-9418_downstream_plus_to_end  
 rank     E-value  score  bias mdl mdl from   mdl to       seq from      seq to       acc trunc   gc
 ----   --------- ------ ----- --- -------- --------    ----------- -----------      ---- ----- ----
 (34) !   1.3e-08   37.5   0.0  cm        1       36 []          54          88 + .. 0.98    no 0.57

                                                            v                 v       NC
                                                 :::::<<<--<<<<<<_________>>>>>>-->>> CS
                               patent_aligned  1 GGUCAGACCCUGGUCCGGGGCAAUGGGACCACUGUU 36
                                                 G UCAGACCCUGGUCC GGGCAAU GGAC ACUGUU
  KF961186.1/9187-9418_downstream_plus_to_end 54 GAUCAGACCCUGGUCCCGGGCAAUUGGAC-ACUGUU 88
                                                 ****************************5.****** PP

>> NC_039235.1/9187-9418_downstream_plus_to_end  
 rank     E-value  score  bias mdl mdl from   mdl to       seq from      seq to       acc trunc   gc
 ----   --------- ------ ----- --- -------- --------    ----------- -----------      ---- ----- ----
 (35) !   1.3e-08   37.5   0.0  cm        1       36 []          54          88 + .. 0.98    no 0.57

                                                             v                 v       NC
                                                  :::::<<<--<<<<<<_________>>>>>>-->>> CS
                                patent_aligned  1 GGUCAGACCCUGGUCCGGGGCAAUGGGACCACUGUU 36
                                                  G UCAGACCCUGGUCC GGGCAAU GGAC ACUGUU
  NC_039235.1/9187-9418_downstream_plus_to_end 54 GAUCAGACCCUGGUCCCGGGCAAUUGGAC-ACUGUU 88
                                                  ****************************5.****** PP

>> OP169446.1/9072-9153  
 rank     E-value  score  bias mdl mdl from   mdl to       seq from      seq to       acc trunc   gc
 ----   --------- ------ ----- --- -------- --------    ----------- -----------      ---- ----- ----
 (36) !   2.9e-06   28.7   0.0  cm        1       36 []          39          73 + .. 1.00    no 0.60

                                                               NC
                          :::::<<<--<<<<<<_________>>>>>>-->>> CS
        patent_aligned  1 GGUCAGACCCUGGUCCGGGGCAAUGGGACCACUGUU 36
                          GG CAGACCCU   CCGGGG AAU GG   ACUGUU
  OP169446.1/9072-9153 39 GG-CAGACCCUCCACCGGGGUAAUUGGUGGACUGUU 73
                          **.********************************* PP

>> OP169446.1/8869-9067_downstream_plus_to_end  
 rank     E-value  score  bias mdl mdl from   mdl to       seq from      seq to       acc trunc   gc
 ----   --------- ------ ----- --- -------- --------    ----------- -----------      ---- ----- ----
 (37) !   2.9e-06   28.7   0.0  cm        1       36 []          43          77 + .. 1.00    no 0.60

                                                                                      NC
                                                 :::::<<<--<<<<<<_________>>>>>>-->>> CS
                               patent_aligned  1 GGUCAGACCCUGGUCCGGGGCAAUGGGACCACUGUU 36
                                                 GG CAGACCCU   CCGGGG AAU GG   ACUGUU
  OP169446.1/8869-9067_downstream_plus_to_end 43 GG-CAGACCCUCCACCGGGGUAAUUGGUGGACUGUU 77
                                                 **.********************************* PP

>> consensus-based-variant2  
 rank     E-value  score  bias mdl mdl from   mdl to       seq from      seq to       acc trunc   gc
 ----   --------- ------ ----- --- -------- --------    ----------- -----------      ---- ----- ----
 (38) !    0.0044   16.7   0.0  cm        1       36 []           3          37 + .. 0.97    no 0.69

                                   v                              v NC
                              :::::<<<--.<<<<<<_________>>>>>>-->>> CS
            patent_aligned  1 GGUCAGACCC.UGGUCCGGGGCAAUGGGACCACUGUU 36
                              GGU AGACCC  G  CCGGGG AAU GG  C CUGU 
  consensus-based-variant2  3 GGU-AGACCCuCGCGCCGGGGUAAUAGGCGCGCUGU- 37
                              **9.****9879************************. PP

>> MK204417.1/9581-9663  
 rank     E-value  score  bias mdl mdl from   mdl to       seq from      seq to       acc trunc   gc
 ----   --------- ------ ----- --- -------- --------    ----------- -----------      ---- ----- ----
 (39) ?     0.024   14.0   0.0  cm        1       36 []          39          71 + .. 0.91    no 0.73

                               vvv                          vvv NC
                          :::::<<<--.<<<<<<_________>>>>>>-->>> CS
        patent_aligned  1 GGUCAGACCC.UGGUCCGGGGCAAUGGGACCACUGUU 36
                          GG CAGACCC U   CCGGGGCAAU GG   AC    
  MK204417.1/9581-9663 39 GG-CAGACCCuUCCCCCGGGGCAAUAGGGGGACC--- 71
                          **.*****873578889*****************... PP

>> consensus-based-variant1  
 rank     E-value  score  bias mdl mdl from   mdl to       seq from      seq to       acc trunc   gc
 ----   --------- ------ ----- --- -------- --------    ----------- -----------      ---- ----- ----
 (40) ?     0.025   13.9   0.0  cm        1       36 []           3          37 + .. 0.88    no 0.69

                                   v                              v NC
                              :::::<<<--.<<<<<<_________>>>>>>-->>> CS
            patent_aligned  1 GGUCAGACCC.UGGUCCGGGGCAAUGGGACCACUGUU 36
                              GGU AGACCC     CCGGGG AAU GG    CUGU 
  consensus-based-variant1  3 GGU-AGACCCuCCCCCCGGGGUAAUAGGGGGGCUGU- 37
                              **9.****99345567799999**************. PP

>> KC663628.1/9558-9640  
 rank     E-value  score  bias mdl mdl from   mdl to       seq from      seq to       acc trunc   gc
 ----   --------- ------ ----- --- -------- --------    ----------- -----------      ---- ----- ----
 (41) ?      0.24   10.2   0.0  cm       15       27 ..          53          65 + .. 1.00    no 0.69

                                        NC
                          <<_________>> CS
        patent_aligned 15 CCGGGGCAAUGGG 27
                          CCGGGGCAAU GG
  KC663628.1/9558-9640 53 CCGGGGCAAUAGG 65
                          ************* PP

>> MW588052.1/9851-9933  
 rank     E-value  score  bias mdl mdl from   mdl to       seq from      seq to       acc trunc   gc
 ----   --------- ------ ----- --- -------- --------    ----------- -----------      ---- ----- ----
 (42) ?      0.24   10.2   0.0  cm       15       27 ..          53          65 + .. 1.00    no 0.69

                                        NC
                          <<_________>> CS
        patent_aligned 15 CCGGGGCAAUGGG 27
                          CCGGGGCAAU GG
  MW588052.1/9851-9933 53 CCGGGGCAAUAGG 65
                          ************* PP

>> PQ368551.1/9858-9940  
 rank     E-value  score  bias mdl mdl from   mdl to       seq from      seq to       acc trunc   gc
 ----   --------- ------ ----- --- -------- --------    ----------- -----------      ---- ----- ----
 (43) ?      0.24   10.2   0.0  cm       15       27 ..          53          65 + .. 1.00    no 0.69

                                        NC
                          <<_________>> CS
        patent_aligned 15 CCGGGGCAAUGGG 27
                          CCGGGGCAAU GG
  PQ368551.1/9858-9940 53 CCGGGGCAAUAGG 65
                          ************* PP

>> KY369300.1/9959-10041  
 rank     E-value  score  bias mdl mdl from   mdl to       seq from      seq to       acc trunc   gc
 ----   --------- ------ ----- --- -------- --------    ----------- -----------      ---- ----- ----
 (44) ?      0.24   10.2   0.0  cm       15       27 ..          53          65 + .. 1.00    no 0.69

                                         NC
                           <<_________>> CS
         patent_aligned 15 CCGGGGCAAUGGG 27
                           CCGGGGCAAU GG
  KY369300.1/9959-10041 53 CCGGGGCAAUAGG 65
                           ************* PP

>> KY369300.1/9710-9957_downstream_plus_to_end  
 rank     E-value  score  bias mdl mdl from   mdl to       seq from      seq to       acc trunc   gc
 ----   --------- ------ ----- --- -------- --------    ----------- -----------      ---- ----- ----
 (45) ?      0.24   10.2   0.0  cm       15       27 ..          54          66 + .. 1.00    no 0.69

                                                               NC
                                                 <<_________>> CS
                               patent_aligned 15 CCGGGGCAAUGGG 27
                                                 CCGGGGCAAU GG
  KY369300.1/9710-9957_downstream_plus_to_end 54 CCGGGGCAAUAGG 66
                                                 ************* PP

>> NC_033793.1/9710-9957_downstream_plus_to_end  
 rank     E-value  score  bias mdl mdl from   mdl to       seq from      seq to       acc trunc   gc
 ----   --------- ------ ----- --- -------- --------    ----------- -----------      ---- ----- ----
 (46) ?      0.24   10.2   0.0  cm       15       27 ..          54          66 + .. 1.00    no 0.69

                                                                NC
                                                  <<_________>> CS
                                patent_aligned 15 CCGGGGCAAUGGG 27
                                                  CCGGGGCAAU GG
  NC_033793.1/9710-9957_downstream_plus_to_end 54 CCGGGGCAAUAGG 66
                                                  ************* PP

>> KC663628.1/9310-9555_downstream_plus_to_end  
 rank     E-value  score  bias mdl mdl from   mdl to       seq from      seq to       acc trunc   gc
 ----   --------- ------ ----- --- -------- --------    ----------- -----------      ---- ----- ----
 (47) ?      0.24   10.2   0.0  cm       15       27 ..          55          67 + .. 1.00    no 0.69

                                                               NC
                                                 <<_________>> CS
                               patent_aligned 15 CCGGGGCAAUGGG 27
                                                 CCGGGGCAAU GG
  KC663628.1/9310-9555_downstream_plus_to_end 55 CCGGGGCAAUAGG 67
                                                 ************* PP

>> NC_024120.1/9310-9555_downstream_plus_to_end  
 rank     E-value  score  bias mdl mdl from   mdl to       seq from      seq to       acc trunc   gc
 ----   --------- ------ ----- --- -------- --------    ----------- -----------      ---- ----- ----
 (48) ?      0.24   10.2   0.0  cm       15       27 ..          55          67 + .. 1.00    no 0.69

                                                                NC
                                                  <<_________>> CS
                                patent_aligned 15 CCGGGGCAAUGGG 27
                                                  CCGGGGCAAU GG
  NC_024120.1/9310-9555_downstream_plus_to_end 55 CCGGGGCAAUAGG 67
                                                  ************* PP

>> PQ368551.1/9611-9854_downstream_plus_to_end  
 rank     E-value  score  bias mdl mdl from   mdl to       seq from      seq to       acc trunc   gc
 ----   --------- ------ ----- --- -------- --------    ----------- -----------      ---- ----- ----
 (49) ?      0.24   10.2   0.0  cm       15       27 ..          56          68 + .. 1.00    no 0.69

                                                               NC
                                                 <<_________>> CS
                               patent_aligned 15 CCGGGGCAAUGGG 27
                                                 CCGGGGCAAU GG
  PQ368551.1/9611-9854_downstream_plus_to_end 56 CCGGGGCAAUAGG 68
                                                 ************* PP

>> MW588051.1/9582-9664  
 rank     E-value  score  bias mdl mdl from   mdl to       seq from      seq to       acc trunc   gc
 ----   --------- ------ ----- --- -------- --------    ----------- -----------      ---- ----- ----
 (50) ?      0.24   10.2   0.0  cm       15       27 ..          53          65 + .. 1.00    no 0.69

                                        NC
                          <<_________>> CS
        patent_aligned 15 CCGGGGCAAUGGG 27
                          CCGGGGCAAU GG
  MW588051.1/9582-9664 53 CCGGGGCAAUAGG 65
                          ************* PP

>> PX095799.1/9375-9460  
 rank     E-value  score  bias mdl mdl from   mdl to       seq from      seq to       acc trunc   gc
 ----   --------- ------ ----- --- -------- --------    ----------- -----------      ---- ----- ----
 (51) ?      0.24   10.2   0.0  cm       15       27 ..          56          68 + .. 1.00    no 0.69

                                        NC
                          <<_________>> CS
        patent_aligned 15 CCGGGGCAAUGGG 27
                          CCGGGGCAAU GG
  PX095799.1/9375-9460 56 CCGGGGCAAUAGG 68
                          ************* PP

>> MW588051.1/9582-9664  
 rank     E-value  score  bias mdl mdl from   mdl to       seq from      seq to       acc trunc   gc
 ----   --------- ------ ----- --- -------- --------    ----------- -----------      ---- ----- ----
 (52) ?   4.5e+02   -2.1   0.0  cm        1       36 []          38          48 + .. 0.93    no 0.45

                                          NC
                          :::::<<~~~~~~>> CS
        patent_aligned  1 GGUCAGA*[27]*UU 36
                           G CAGA      UU
  MW588051.1/9582-9664 38 UGACAGA*[ 2]*UU 48
                          ******9...8..89 PP

>> KY369300.1/9959-10041  
 rank     E-value  score  bias mdl mdl from   mdl to       seq from      seq to       acc trunc   gc
 ----   --------- ------ ----- --- -------- --------    ----------- -----------      ---- ----- ----
 (53) ?   4.7e+02   -2.2   0.0  cm        1       36 []          38          48 + .. 0.91    no 0.55

                                vvv         vvv NC
                           :::::<<<--~~~~~~->>> CS
         patent_aligned  1 GGUCAGACCC*[22]*UGUU 36
                            G CAGACCC      U   
  KY369300.1/9959-10041 38 UGACAGACCC*[ 0]*U--- 48
                           ******9988......7... PP

>> KY369300.1/9710-9957_downstream_plus_to_end  
 rank     E-value  score  bias mdl mdl from   mdl to       seq from      seq to       acc trunc   gc
 ----   --------- ------ ----- --- -------- --------    ----------- -----------      ---- ----- ----
 (54) ?   4.7e+02   -2.2   0.0  cm        1       36 []          39          49 + .. 0.91    no 0.55

                                                      vvv         vvv NC
                                                 :::::<<<--~~~~~~->>> CS
                               patent_aligned  1 GGUCAGACCC*[22]*UGUU 36
                                                  G CAGACCC      U   
  KY369300.1/9710-9957_downstream_plus_to_end 39 UGACAGACCC*[ 0]*U--- 49
                                                 ******9988......7... PP

>> NC_033793.1/9710-9957_downstream_plus_to_end  
 rank     E-value  score  bias mdl mdl from   mdl to       seq from      seq to       acc trunc   gc
 ----   --------- ------ ----- --- -------- --------    ----------- -----------      ---- ----- ----
 (55) ?   4.7e+02   -2.2   0.0  cm        1       36 []          39          49 + .. 0.91    no 0.55

                                                       vvv         vvv NC
                                                  :::::<<<--~~~~~~->>> CS
                                patent_aligned  1 GGUCAGACCC*[22]*UGUU 36
                                                   G CAGACCC      U   
  NC_033793.1/9710-9957_downstream_plus_to_end 39 UGACAGACCC*[ 0]*U--- 49
                                                  ******9988......7... PP

>> MK204417.1/9581-9663  
 rank     E-value  score  bias mdl mdl from   mdl to       seq from      seq to       acc trunc   gc
 ----   --------- ------ ----- --- -------- --------    ----------- -----------      ---- ----- ----
 (56) ?   8.1e+02   -3.1   0.0  cm        1       36 []          35          38 + .. 0.90    no 0.50

                                    NC
                          :::~~~~~~ CS
        patent_aligned  1 GGU*[33]* 36
                          GGU      
  MK204417.1/9581-9663 35 GGU*[ 1]* 38
                          **8...9.. PP



Internal CM pipeline statistics summary:
----------------------------------------
Query model(s):                                                  1  (36 consensus positions)
Target sequences:                                               96  (25050 residues searched)
Target sequences re-searched for truncated hits:                96  (18972 residues re-searched)
Windows   passing  local HMM SSV           filter:             296  (0.3912); expected (0.35)
Windows   passing  local HMM Viterbi       filter:                  (off)
Windows   passing  local HMM Viterbi  bias filter:                  (off)
Windows   passing  local HMM Forward       filter:             138  (0.1873); expected (0.02)
Windows   passing  local HMM Forward  bias filter:             138  (0.1873); expected (0.02)
Windows   passing glocal HMM Forward       filter:              74  (0.119); expected (0.02)
Windows   passing glocal HMM Forward  bias filter:              74  (0.119); expected (0.02)
Envelopes passing glocal HMM envelope defn filter:              74  (0.06744); expected (0.02)
Envelopes passing  local CM  CYK           filter:              66  (0.05531); expected (0.0001)
Total CM hits reported:                                         56  (0.03737); includes 1 truncated hit(s)

# CPU time: 0.23u 0.00s 00:00:00.23 Elapsed: 00:00:00.50
# Alignment of 38 hits satisfying inclusion thresholds saved to: /projects/health_sciences/bms/biochemistry/gardner_group/nadia/UTR_optimization/A7_analysis/patent_cmsearch.sto
//
[ok]
