# cmsearch :: search CM(s) against a sequence database
# INFERNAL 1.1.5 (Sep 2023)
# Copyright (C) 2023 Howard Hughes Medical Institute.
# Freely distributed under the BSD open source license.
# - - - - - - - - - - - - - - - - - - - - - - - - - - - - - - - - - - - -
# query CM file:                         A7_analysis/patent.cm
# target sequence database:              /tmp/tmpzfik1e0t/queries.fa
# output directed to file:               /projects/health_sciences/bms/biochemistry/gardner_group/nadia/UTR_optimization/optimization_a7/patent_cmsearch.out
# MSA of significant hits saved to file: /projects/health_sciences/bms/biochemistry/gardner_group/nadia/UTR_optimization/optimization_a7/patent_cmsearch.sto
# tabular output of hits:                /projects/health_sciences/bms/biochemistry/gardner_group/nadia/UTR_optimization/optimization_a7/patent_cmsearch.tblout
# max ASCII text line length:            unlimited
# sequence reporting threshold:          E-value <= 1000
# number of worker threads:              4
# - - - - - - - - - - - - - - - - - - - - - - - - - - - - - - - - - - - -

Query:       patent_aligned  [CLEN=36]
Hit scores:
 rank     E-value  score  bias  sequence  start    end   mdl trunc   gc  description
 ----   --------- ------ -----  -------- ------ ------   --- ----- ----  -----------
  (1) !   4.8e-17   66.3   0.0  A7_test     915    950 +  cm    no 0.64  -
  (2) !   9.7e-16   61.3   0.0  A7_test     915    950 +  cm    no 0.61  -


Hit alignments:
>> A7_test  
 rank     E-value  score  bias mdl mdl from   mdl to       seq from      seq to       acc trunc   gc
 ----   --------- ------ ----- --- -------- --------    ----------- -----------      ---- ----- ----
  (1) !   4.8e-17   66.3   0.0  cm        1       36 []         915         950 + .. 1.00    no 0.64

                                                          NC
                     :::::<<<--<<<<<<_________>>>>>>-->>> CS
  patent_aligned   1 GGUCAGACCCUGGUCCGGGGCAAUGGGACCACUGUU 36 
                     GGUCAGACCCUGGUCCGGGGCAAUGGGACCACUGUU
         A7_test 915 GGUCAGACCCUGGUCCGGGGCAAUGGGACCACUGUU 950
                     ************************************ PP

>> A7_test  
 rank     E-value  score  bias mdl mdl from   mdl to       seq from      seq to       acc trunc   gc
 ----   --------- ------ ----- --- -------- --------    ----------- -----------      ---- ----- ----
  (2) !   9.7e-16   61.3   0.0  cm        1       36 []         915         950 + .. 1.00    no 0.61

                                                          NC
                     :::::<<<--<<<<<<_________>>>>>>-->>> CS
  patent_aligned   1 GGUCAGACCCUGGUCCGGGGCAAUGGGACCACUGUU 36 
                     GGUCAGACCCUGGUCCGGG CAAUGGGACCACUGUU
         A7_test 915 GGUCAGACCCUGGUCCGGGACAAUGGGACCACUGUU 950
                     ************************************ PP



Internal CM pipeline statistics summary:
----------------------------------------
Query model(s):                                                  1  (36 consensus positions)
Target sequences:                                                2  (3860 residues searched)
Target sequences re-searched for truncated hits:                 2  (408 residues re-searched)
Windows   passing  local HMM SSV           filter:              43  (0.6525); expected (0.35)
Windows   passing  local HMM Viterbi       filter:                  (off)
Windows   passing  local HMM Viterbi  bias filter:                  (off)
Windows   passing  local HMM Forward       filter:               5  (0.05811); expected (0.02)
Windows   passing  local HMM Forward  bias filter:               5  (0.05811); expected (0.02)
Windows   passing glocal HMM Forward       filter:               2  (0.03749); expected (0.02)
Windows   passing glocal HMM Forward  bias filter:               2  (0.03749); expected (0.02)
Envelopes passing glocal HMM envelope defn filter:               2  (0.01687); expected (0.02)
Envelopes passing  local CM  CYK           filter:               2  (0.01687); expected (0.0001)
Total CM hits reported:                                          2  (0.01687); includes 0 truncated hit(s)

# CPU time: 0.00u 0.00s 00:00:00.00 Elapsed: 00:00:00.00
# Alignment of 2 hits satisfying inclusion thresholds saved to: /projects/health_sciences/bms/biochemistry/gardner_group/nadia/UTR_optimization/optimization_a7/patent_cmsearch.sto
//
[ok]
