# cmsearch :: search CM(s) against a sequence database
# INFERNAL 1.1.5 (Sep 2023)
# Copyright (C) 2023 Howard Hughes Medical Institute.
# Freely distributed under the BSD open source license.
# - - - - - - - - - - - - - - - - - - - - - - - - - - - - - - - - - - - -
# query CM file:                         A7_analysis/patent.cm
# target sequence database:              /tmp/tmp_m7g62ss/queries.fa
# output directed to file:               optimization_a7/100gen/_workspace/cmsearch_logs/gen_0005/patent_cmsearch.out
# MSA of significant hits saved to file: optimization_a7/100gen/_workspace/cmsearch_logs/gen_0005/patent_cmsearch.sto
# tabular output of hits:                optimization_a7/100gen/_workspace/cmsearch_logs/gen_0005/patent_cmsearch.tblout
# max ASCII text line length:            unlimited
# sequence reporting threshold:          E-value <= 1000
# number of worker threads:              4
# - - - - - - - - - - - - - - - - - - - - - - - - - - - - - - - - - - - -

Query:       patent_aligned  [CLEN=36]
Hit scores:
 rank     E-value  score  bias  sequence        start    end   mdl trunc   gc  description
 ----   --------- ------ -----  -------------- ------ ------   --- ----- ----  -----------
  (1) !   2.4e-16   66.3   0.0  ind_0005_00002    147    182 +  cm    no 0.64  -
  (2) !   1.2e-14   59.9   0.0  ind_0005_00024    147    182 +  cm    no 0.64  -
  (3) !   5.9e-14   57.3   0.0  ind_0005_00046    147    182 +  cm    no 0.61  -
  (4) !   9.8e-14   56.4   0.0  ind_0005_00020    147    181 +  cm    no 0.63  -
  (5) !   1.4e-13   55.9   0.0  ind_0005_00004    147    182 +  cm    no 0.64  -
  (6) !   1.9e-13   55.4   0.0  ind_0005_00042    147    182 +  cm    no 0.61  -
  (7) !   9.9e-12   48.9   0.0  ind_0005_00011    147    182 +  cm    no 0.69  -
  (8) !   1.1e-11   48.7   0.0  ind_0005_00028    147    182 +  cm    no 0.58  -
  (9) !   1.4e-11   48.3   0.0  ind_0005_00010    147    182 +  cm    no 0.61  -
 (10) !     2e-11   47.8   0.0  ind_0005_00005    147    182 +  cm    no 0.64  -
 (11) !   2.1e-11   47.7   0.0  ind_0005_00034    147    182 +  cm    no 0.61  -
 (12) !   3.4e-10   43.1   0.0  ind_0005_00022    146    182 +  cm    no 0.62  -
 (13) !     1e-09   41.3   0.0  ind_0005_00012    147    182 +  cm    no 0.61  -
 (14) !   7.8e-09   38.0   0.0  ind_0005_00000    147    182 +  cm    no 0.58  -
 (15) !   9.1e-08   34.0   0.0  ind_0005_00047    147    180 +  cm    no 0.65  -
 (16) !   1.4e-07   33.2   0.0  ind_0005_00014    147    179 +  cm    no 0.73  -
 (17) !   1.6e-07   33.0   0.0  ind_0005_00048    147    182 +  cm    no 0.58  -
 (18) !   1.8e-07   32.9   0.0  ind_0005_00038    147    182 +  cm    no 0.64  -
 (19) !   1.9e-07   32.8   0.0  ind_0005_00019    149    182 +  cm    no 0.65  -
 (20) !   3.3e-07   31.8   0.0  ind_0005_00036    147    179 +  cm    no 0.76  -
 (21) !   4.4e-07   31.4   0.0  ind_0005_00033    147    179 +  cm    no 0.76  -
 (22) !   1.5e-06   29.4   0.0  ind_0005_00040    147    182 +  cm    no 0.64  -
 (23) !   2.9e-06   28.3   0.0  ind_0005_00023    147    179 +  cm    no 0.76  -
 (24) !   6.1e-06   27.1   0.0  ind_0005_00016    147    180 +  cm    no 0.68  -
 (25) !     1e-05   26.2   0.0  ind_0005_00037    147    182 +  cm    no 0.61  -
 (26) !   1.1e-05   26.1   0.0  ind_0005_00041    147    182 +  cm    no 0.61  -
 (27) !   1.3e-05   25.8   0.0  ind_0005_00017    147    182 +  cm    no 0.53  -
 (28) !     2e-05   25.1   0.0  ind_0005_00003    146    182 +  cm    no 0.70  -
 (29) !     2e-05   25.1   0.0  ind_0005_00027    146    182 +  cm    no 0.70  -
 (30) !     2e-05   25.1   0.0  ind_0005_00035    146    182 +  cm    no 0.70  -
 (31) !   2.2e-05   25.0   0.0  ind_0005_00001    146    182 +  cm    no 0.65  -
 (32) !   3.9e-05   24.1   0.0  ind_0005_00031    146    182 +  cm    no 0.70  -
 (33) !   4.5e-05   23.8   0.0  ind_0005_00032    147    182 +  cm    no 0.67  -
 (34) !   4.7e-05   23.8   0.0  ind_0005_00021    147    182 +  cm    no 0.67  -
 (35) !   5.2e-05   23.6   0.0  ind_0005_00015    147    182 +  cm    no 0.64  -
 (36) !   0.00016   21.8   0.0  ind_0005_00025    146    182 +  cm    no 0.68  -
 (37) !   0.00034   20.5   0.0  ind_0005_00030    147    181 +  cm    no 0.60  -
 (38) !   0.00049   19.9   0.0  ind_0005_00044    147    182 +  cm    no 0.56  -
 (39) !   0.00055   19.7   0.0  ind_0005_00039    146    182 +  cm    no 0.68  -
 (40) !    0.0032   16.8   0.0  ind_0005_00049    157    178 +  cm    no 0.73  -
 (41) !    0.0045   16.3   0.0  ind_0005_00008    147    182 +  cm    no 0.58  -
 (42) !    0.0076   15.4   0.0  ind_0005_00007    147    179 +  cm    no 0.64  -
 (43) !    0.0088   15.2   0.0  ind_0005_00006    147    179 +  cm    no 0.73  -
 ------ inclusion threshold ------
 (44) ?     0.015   14.3   0.0  ind_0005_00026    146    180 +  cm    no 0.69  -
 (45) ?     0.027   13.4   0.0  ind_0005_00043    147    182 +  cm    no 0.72  -
 (46) ?     0.082   11.5   0.0  ind_0005_00029    146    182 +  cm    no 0.68  -
 (47) ?      0.18   10.2   0.0  ind_0005_00045    146    182 +  cm    no 0.59  -
 (48) ?      0.41    8.9   0.0  ind_0005_00018    147    182 +  cm    no 0.50  -
 (49) ?        27    2.1   0.0  ind_0005_00047    194    197 +  cm    3' 0.75  -
 (50) ?   6.5e+02   -3.1   0.0  ind_0005_00031    194    197 +  cm    3' 0.75  -


Hit alignments:
>> ind_0005_00002  
 rank     E-value  score  bias mdl mdl from   mdl to       seq from      seq to       acc trunc   gc
 ----   --------- ------ ----- --- -------- --------    ----------- -----------      ---- ----- ----
  (1) !   2.4e-16   66.3   0.0  cm        1       36 []         147         182 + .. 1.00    no 0.64

                                                          NC
                     :::::<<<--<<<<<<_________>>>>>>-->>> CS
  patent_aligned   1 GGUCAGACCCUGGUCCGGGGCAAUGGGACCACUGUU 36 
                     GGUCAGACCCUGGUCCGGGGCAAUGGGACCACUGUU
  ind_0005_00002 147 GGUCAGACCCUGGUCCGGGGCAAUGGGACCACUGUU 182
                     ************************************ PP

>> ind_0005_00024  
 rank     E-value  score  bias mdl mdl from   mdl to       seq from      seq to       acc trunc   gc
 ----   --------- ------ ----- --- -------- --------    ----------- -----------      ---- ----- ----
  (2) !   1.2e-14   59.9   0.0  cm        1       36 []         147         182 + .. 1.00    no 0.64

                                                          NC
                     :::::<<<--<<<<<<_________>>>>>>-->>> CS
  patent_aligned   1 GGUCAGACCCUGGUCCGGGGCAAUGGGACCACUGUU 36 
                     GGUCAGACCCUGGUCC GGGCAAUGGGACCACUGUU
  ind_0005_00024 147 GGUCAGACCCUGGUCCCGGGCAAUGGGACCACUGUU 182
                     ************************************ PP

>> ind_0005_00046  
 rank     E-value  score  bias mdl mdl from   mdl to       seq from      seq to       acc trunc   gc
 ----   --------- ------ ----- --- -------- --------    ----------- -----------      ---- ----- ----
  (3) !   5.9e-14   57.3   0.0  cm        1       36 []         147         182 + .. 1.00    no 0.61

                                v                 v       NC
                     :::::<<<--<<<<<<_________>>>>>>-->>> CS
  patent_aligned   1 GGUCAGACCCUGGUCCGGGGCAAUGGGACCACUGUU 36 
                     GGUCAGACCCU GUCCGGGGCAAUGGGAC ACUGUU
  ind_0005_00046 147 GGUCAGACCCUGGUCCGGGGCAAUGGGACAACUGUU 182
                     ************************************ PP

>> ind_0005_00020  
 rank     E-value  score  bias mdl mdl from   mdl to       seq from      seq to       acc trunc   gc
 ----   --------- ------ ----- --- -------- --------    ----------- -----------      ---- ----- ----
  (4) !   9.8e-14   56.4   0.0  cm        1       36 []         147         181 + .. 1.00    no 0.63

                          v                             v NC
                     :::::<<<--<<<<<<_________>>>>>>-->>> CS
  patent_aligned   1 GGUCAGACCCUGGUCCGGGGCAAUGGGACCACUGUU 36 
                     GGUCAGACCCUGGUCCGGGG AAUGGGACCACUGU 
  ind_0005_00020 147 GGUCAGACCCUGGUCCGGGGAAAUGGGACCACUGU- 181
                     ***********************************. PP

>> ind_0005_00004  
 rank     E-value  score  bias mdl mdl from   mdl to       seq from      seq to       acc trunc   gc
 ----   --------- ------ ----- --- -------- --------    ----------- -----------      ---- ----- ----
  (5) !   1.4e-13   55.9   0.0  cm        1       36 []         147         182 + .. 1.00    no 0.64

                          v                             v NC
                     :::::<<<--<<<<<<_________>>>>>>-->>> CS
  patent_aligned   1 GGUCAGACCCUGGUCCGGGGCAAUGGGACCACUGUU 36 
                     GG CA ACCCUGGUCCGGGGCAAUGGGACCACUGU 
  ind_0005_00004 147 GGCCAUACCCUGGUCCGGGGCAAUGGGACCACUGUU 182
                     ************************************ PP

>> ind_0005_00042  
 rank     E-value  score  bias mdl mdl from   mdl to       seq from      seq to       acc trunc   gc
 ----   --------- ------ ----- --- -------- --------    ----------- -----------      ---- ----- ----
  (6) !   1.9e-13   55.4   0.0  cm        1       36 []         147         182 + .. 1.00    no 0.61

                                                          NC
                     :::::<<<--<<<<<<_________>>>>>>-->>> CS
  patent_aligned   1 GGUCAGACCCUGGUCCGGGGCAAUGGGACCACUGUU 36 
                     GGUCAGACCCU GUCCGGGGCA UGGGAC ACUGUU
  ind_0005_00042 147 GGUCAGACCCUGGUCCGGGGCAUUGGGACUACUGUU 182
                     ************************************ PP

>> ind_0005_00011  
 rank     E-value  score  bias mdl mdl from   mdl to       seq from      seq to       acc trunc   gc
 ----   --------- ------ ----- --- -------- --------    ----------- -----------      ---- ----- ----
  (7) !   9.9e-12   48.9   0.0  cm        1       36 []         147         182 + .. 0.96    no 0.69

                                                          NC
                     :::::<<<--<<<<<<____~~~~~>>>>>>-->>> CS
  patent_aligned   1 GGUCAGACCCUGGUCCGGGG*[5]*GGACCACUGUU 36 
                     GGUCAGACCCUGGUCCGGGG     GGACCACUGUU
  ind_0005_00011 147 GGUCAGACCCUGGUCCGGGG*[5]*GGACCACUGUU 182
                     *******************8..8..*********** PP

>> ind_0005_00028  
 rank     E-value  score  bias mdl mdl from   mdl to       seq from      seq to       acc trunc   gc
 ----   --------- ------ ----- --- -------- --------    ----------- -----------      ---- ----- ----
  (8) !   1.1e-11   48.7   0.0  cm        1       36 []         147         182 + .. 1.00    no 0.58

                                v                 v       NC
                     :::::<<<--<<<<<<_________>>>>>>-->>> CS
  patent_aligned   1 GGUCAGACCCUGGUCCGGGGCAAUGGGACCACUGUU 36 
                     GGUCA:ACCCU GUCCGGGGCAAUGGGAC A UGU:
  ind_0005_00028 147 GGUCAAACCCUGGUCCGGGGCAAUGGGACAAGUGUU 182
                     ************************************ PP

>> ind_0005_00010  
 rank     E-value  score  bias mdl mdl from   mdl to       seq from      seq to       acc trunc   gc
 ----   --------- ------ ----- --- -------- --------    ----------- -----------      ---- ----- ----
  (9) !   1.4e-11   48.3   0.0  cm        1       36 []         147         182 + .. 1.00    no 0.61

                                 v               v        NC
                     :::::<<<--<<<<<<_________>>>>>>-->>> CS
  patent_aligned   1 GGUCAGACCCUGGUCCGGGGCAAUGGGACCACUGUU 36 
                     GGUCAGACCCUG UCCGGGG AA GGGA CACUGUU
  ind_0005_00010 147 GGUCAGACCCUGGUCCGGGGUAACGGGAACACUGUU 182
                     ************************************ PP

>> ind_0005_00005  
 rank     E-value  score  bias mdl mdl from   mdl to       seq from      seq to       acc trunc   gc
 ----   --------- ------ ----- --- -------- --------    ----------- -----------      ---- ----- ----
 (10) !     2e-11   47.8   0.0  cm        1       36 []         147         182 + .. 1.00    no 0.64

                          v       v             v       v NC
                     :::::<<<--<<<<<<_________>>>>>>-->>> CS
  patent_aligned   1 GGUCAGACCCUGGUCCGGGGCAAUGGGACCACUGUU 36 
                     GG CA ACCCUGG CCGGGGCAAUGGG CCACUGU 
  ind_0005_00005 147 GGCCAUACCCUGGUCCGGGGCAAUGGGUCCACUGUU 182
                     ************************************ PP

>> ind_0005_00034  
 rank     E-value  score  bias mdl mdl from   mdl to       seq from      seq to       acc trunc   gc
 ----   --------- ------ ----- --- -------- --------    ----------- -----------      ---- ----- ----
 (11) !   2.1e-11   47.7   0.0  cm        1       36 []         147         182 + .. 1.00    no 0.61

                                v  v           v  v       NC
                     :::::<<<--<<<<<<_________>>>>>>-->>> CS
  patent_aligned   1 GGUCAGACCCUGGUCCGGGGCAAUGGGACCACUGUU 36 
                     GGUCAGACCCU GU CGGGGCAAUGG AC ACUGUU
  ind_0005_00034 147 GGUCAGACCCUGGUGCGGGGCAAUGGGACAACUGUU 182
                     ************************************ PP

>> ind_0005_00022  
 rank     E-value  score  bias mdl mdl from   mdl to       seq from      seq to       acc trunc   gc
 ----   --------- ------ ----- --- -------- --------    ----------- -----------      ---- ----- ----
 (12) !   3.4e-10   43.1   0.0  cm        1       36 []         146         182 + .. 1.00    no 0.62

                                   v             v         NC
                     :::.::<<<--<<<<<<_________>>>>>>-->>> CS
  patent_aligned   1 GGU.CAGACCCUGGUCCGGGGCAAUGGGACCACUGUU 36 
                     GGU CAGACCCUGG C GGGGCAAUG G CCACUGUU
  ind_0005_00022 146 GGUaCAGACCCUGGCCUGGGGCAAUGGGACCACUGUU 182
                     **99********************************* PP

>> ind_0005_00012  
 rank     E-value  score  bias mdl mdl from   mdl to       seq from      seq to       acc trunc   gc
 ----   --------- ------ ----- --- -------- --------    ----------- -----------      ---- ----- ----
 (13) !     1e-09   41.3   0.0  cm        1       36 []         147         182 + .. 1.00    no 0.61

                                v                 v       NC
                     :::::<<<--<<<<<<_________>>>>>>-->>> CS
  patent_aligned   1 GGUCAGACCCUGGUCCGGGGCAAUGGGACCACUGUU 36 
                      GUC GACCCU GUCCGGGGCAAUGGGAC A UGUU
  ind_0005_00012 147 UGUCGGACCCUGGUCCGGGGCAAUGGGACAAGUGUU 182
                     ************************************ PP

>> ind_0005_00000  
 rank     E-value  score  bias mdl mdl from   mdl to       seq from      seq to       acc trunc   gc
 ----   --------- ------ ----- --- -------- --------    ----------- -----------      ---- ----- ----
 (14) !   7.8e-09   38.0   0.0  cm        1       36 []         147         182 + .. 0.89    no 0.58

                                    v         v           NC
                     :::::<<<--<<<<<<____~~~~~>>>>>>-->>> CS
  patent_aligned   1 GGUCAGACCCUGGUCCGGGG*[5]*GGACCACUGUU 36 
                     GGUCAGACCCUGGUC GG G      GACCACUGUU
  ind_0005_00000 147 GGUCAGACCCUGGUCCGGAG*[5]*UGACCACUGUU 182
                     ***************77755..6..7********** PP

>> ind_0005_00047  
 rank     E-value  score  bias mdl mdl from   mdl to       seq from      seq to       acc trunc   gc
 ----   --------- ------ ----- --- -------- --------    ----------- -----------      ---- ----- ----
 (15) !   9.1e-08   34.0   0.0  cm        1       36 []         147         180 + .. 0.99    no 0.65

                          vv                           vv NC
                     :::::<<<--<<<<<<_________>>>>>>-->>> CS
  patent_aligned   1 GGUCAGACCCUGGUCCGGGGCAAUGGGACCACUGUU 36 
                     GG CA ACCCUGGUC GGG C AUG GACCACUG  
  ind_0005_00047 147 GGACAUACCCUGGUCUGGGCCGAUGGGACCACUG-- 180
                     ******************999*************.. PP

>> ind_0005_00014  
 rank     E-value  score  bias mdl mdl from   mdl to       seq from      seq to       acc trunc   gc
 ----   --------- ------ ----- --- -------- --------    ----------- -----------      ---- ----- ----
 (16) !   1.4e-07   33.2   0.0  cm        1       36 []         147         179 + .. 0.92    no 0.73

                          vvv                          vvv NC
                     :::::<<<--<<<<<<_____~~~~~>>>>>>-->>> CS
  patent_aligned   1 GGUCAGACCCUGGUCCGGGGC*[4]*GGACCACUGUU 36 
                     GG CAGACCCUGGUCCGGG C     GGACCACU   
  ind_0005_00014 147 GGACAGACCCUGGUCCGGGAC*[4]*GGACCACU--- 179
                     ******************965..6..********... PP

>> ind_0005_00048  
 rank     E-value  score  bias mdl mdl from   mdl to       seq from      seq to       acc trunc   gc
 ----   --------- ------ ----- --- -------- --------    ----------- -----------      ---- ----- ----
 (17) !   1.6e-07   33.0   0.0  cm        1       36 []         147         182 + .. 1.00    no 0.58

                                  vv           vv         NC
                     :::::<<<--<<<<<<_________>>>>>>-->>> CS
  patent_aligned   1 GGUCAGACCCUGGUCCGGGGCAAUGGGACCACUGUU 36 
                     GGUCAGACCCUGG  CGG GC AUGG  CCA UGUU
  ind_0005_00048 147 GGUCAGACCCUGGGCCGGAGCUAUGGUACCAUUGUU 182
                     *********************9************** PP

>> ind_0005_00038  
 rank     E-value  score  bias mdl mdl from   mdl to       seq from      seq to       acc trunc   gc
 ----   --------- ------ ----- --- -------- --------    ----------- -----------      ---- ----- ----
 (18) !   1.8e-07   32.9   0.0  cm        1       36 []         147         182 + .. 0.99    no 0.64

                          v                             v NC
                     :::::<<<--<<<<<<_________>>>>>>-->>> CS
  patent_aligned   1 GGUCAGACCCUGGUCCGGGGCAAUGGGACCACUGUU 36 
                     GG CA ACCCU GUCCGGG CA UGGGAC A UGU 
  ind_0005_00038 147 GGCCAUACCCUGGUCCGGGCCAGUGGGACUAGUGUU 182
                     ******************999*************** PP

>> ind_0005_00019  
 rank     E-value  score  bias mdl mdl from   mdl to       seq from      seq to       acc trunc   gc
 ----   --------- ------ ----- --- -------- --------    ----------- -----------      ---- ----- ----
 (19) !   1.9e-07   32.8   0.0  cm        3       36 .]         149         182 + .. 0.95    no 0.65

                                                          NC
                     :::<<<--<<<<<<______~~~~~>>>>>>-->>> CS
  patent_aligned   3 UCAGACCCUGGUCCGGGGCA*[3]*GGACCACUGUU 36 
                     UCA:ACCCUGGUCCGG GCA     GGACCACUGU:
  ind_0005_00019 149 UCAGACCCUGGUCCGGAGCA*[3]*GGACCACUGUC 182
                     9***************9997..7..*********** PP

>> ind_0005_00036  
 rank     E-value  score  bias mdl mdl from   mdl to       seq from      seq to       acc trunc   gc
 ----   --------- ------ ----- --- -------- --------    ----------- -----------      ---- ----- ----
 (20) !   3.3e-07   31.8   0.0  cm        1       36 []         147         179 + .. 0.99    no 0.76

                          vvv     v             v     vvv NC
                     :::::<<<--<<<<<<_________>>>>>>-->>> CS
  patent_aligned   1 GGUCAGACCCUGGUCCGGGGCAAUGGGACCACUGUU 36 
                     GG CAGA CCUGG CCGGGGC A GGG CCACU   
  ind_0005_00036 147 GGACAGAGCCUGGCCCGGGGCGACGGGACCACU--- 179
                     *********************9***********... PP

>> ind_0005_00033  
 rank     E-value  score  bias mdl mdl from   mdl to       seq from      seq to       acc trunc   gc
 ----   --------- ------ ----- --- -------- --------    ----------- -----------      ---- ----- ----
 (21) !   4.4e-07   31.4   0.0  cm        1       36 []         147         179 + .. 0.98    no 0.76

                          vvv      v           v      vvv NC
                     :::::<<<--<<<<<<_________>>>>>>-->>> CS
  patent_aligned   1 GGUCAGACCCUGGUCCGGGGCAAUGGGACCACUGUU 36 
                     GGUCAGACCCUGGU CGGGGCA  GG ACCAC    
  ind_0005_00033 147 GGUCAGACCCUGGUCCGGGGCACCGGCACCACG--- 179
                     **********************99999*****8... PP

>> ind_0005_00040  
 rank     E-value  score  bias mdl mdl from   mdl to       seq from      seq to       acc trunc   gc
 ----   --------- ------ ----- --- -------- --------    ----------- -----------      ---- ----- ----
 (22) !   1.5e-06   29.4   0.0  cm        1       36 []         147         182 + .. 0.90    no 0.64

                                   v        v          NC
                     :::::<<<--<<<<<<_~~~~~>>>>>>-->>> CS
  patent_aligned   1 GGUCAGACCCUGGUCCG*[8]*GGACCACUGUU 36 
                     GG CAGACCCUGGU CG     G ACCACUGUU
  ind_0005_00040 147 GGGCAGACCCUGGUCCG*[8]*GCACCACUGUU 182
                     **************887..8..55********* PP

>> ind_0005_00023  
 rank     E-value  score  bias mdl mdl from   mdl to       seq from      seq to       acc trunc   gc
 ----   --------- ------ ----- --- -------- --------    ----------- -----------      ---- ----- ----
 (23) !   2.9e-06   28.3   0.0  cm        1       36 []         147         179 + .. 0.94    no 0.76

                          vvv   v                 v   vvv NC
                     :::::<<<--<<<<<<_________>>>>>>-->>> CS
  patent_aligned   1 GGUCAGACCCUGGUCCGGGGCAAUGGGACCACUGUU 36 
                     GG CAGACCCU GUCCGGGGC   GGGAC ACU   
  ind_0005_00023 147 GGACAGACCCUCGUCCGGGGCGCCGGGACCACU--- 179
                     ********************95566********... PP

>> ind_0005_00016  
 rank     E-value  score  bias mdl mdl from   mdl to       seq from      seq to       acc trunc   gc
 ----   --------- ------ ----- --- -------- --------    ----------- -----------      ---- ----- ----
 (24) !   6.1e-06   27.1   0.0  cm        1       36 []         147         180 + .. 0.99    no 0.68

                                                          NC
                     :::::<<<--<<<<<<_________>>>>>>-->>> CS
  patent_aligned   1 GGUCAGACCCUGGUCCGGGGCAAUGGGACCACUGUU 36 
                     G  CA:ACC UGGUCCGGGGC A GGGACCA  GU:
  ind_0005_00016 147 GUACAGACCAUGGUCCGGGGCGACGGGACCA--GUC 180
                     *********9***********9*********..*** PP

>> ind_0005_00037  
 rank     E-value  score  bias mdl mdl from   mdl to       seq from      seq to       acc trunc   gc
 ----   --------- ------ ----- --- -------- --------    ----------- -----------      ---- ----- ----
 (25) !     1e-05   26.2   0.0  cm        1       36 []         147         182 + .. 0.99    no 0.61

                                    v         v           NC
                     :::::<<<--<<<<<<_________>>>>>>-->>> CS
  patent_aligned   1 GGUCAGACCCUGGUCCGGGGCAAUGGGACCACUGUU 36 
                     G  CAGACC UGGUC GGGGC A G GACCA UGUU
  ind_0005_00037 147 GUACAGACCGUGGUCAGGGGCGACGGGACCAAUGUU 182
                     *********************9999*********** PP

>> ind_0005_00041  
 rank     E-value  score  bias mdl mdl from   mdl to       seq from      seq to       acc trunc   gc
 ----   --------- ------ ----- --- -------- --------    ----------- -----------      ---- ----- ----
 (26) !   1.1e-05   26.1   0.0  cm        1       36 []         147         182 + .. 0.98    no 0.61

                          v                      v NC
                     :::::<<<--<<<<~~~~~~>>>>-->>> CS
  patent_aligned   1 GGUCAGACCCUGGU*[13]*ACCACUGUU 36 
                     GGUCA ACCCUGGU      ACCACUGU 
  ind_0005_00041 147 GGUCAUACCCUGGU*[13]*ACCACUGUU 182
                     *************9...9..9******** PP

>> ind_0005_00017  
 rank     E-value  score  bias mdl mdl from   mdl to       seq from      seq to       acc trunc   gc
 ----   --------- ------ ----- --- -------- --------    ----------- -----------      ---- ----- ----
 (27) !   1.3e-05   25.8   0.0  cm        1       36 []         147         182 + .. 0.91    no 0.53

                                   v            v          NC
                     :::::<<<--<<<<<<_____.____>>>>>>-->>> CS
  patent_aligned   1 GGUCAGACCCUGGUCCGGGGC.AAUGGGACCACUGUU 36 
                     G UCAGAC CUGGU CG GG  AAU G ACCACUGUU
  ind_0005_00017 147 GCUCAGACACUGGUCCGUGGAaAAU-GCACCACUGUU 182
                     ****************999984444.99********* PP

>> ind_0005_00003  
 rank     E-value  score  bias mdl mdl from   mdl to       seq from      seq to       acc trunc   gc
 ----   --------- ------ ----- --- -------- --------    ----------- -----------      ---- ----- ----
 (28) !     2e-05   25.1   0.0  cm        1       36 []         146         182 + .. 0.98    no 0.70

                                v  v             v  v      NC
                     :::.::<<<--<<<<<<_________>>>>>>-->>> CS
  patent_aligned   1 GGU.CAGACCCUGGUCCGGGGCAAUGGGACCACUGUU 36 
                     GGU CAGACCC GG CCGGGG  A GGG CC CUGUU
  ind_0005_00003 146 GGUaCAGACCCGGGCCCGGGGUGACGGGACCACUGUU 182
                     **99*****************99999*********** PP

>> ind_0005_00027  
 rank     E-value  score  bias mdl mdl from   mdl to       seq from      seq to       acc trunc   gc
 ----   --------- ------ ----- --- -------- --------    ----------- -----------      ---- ----- ----
 (29) !     2e-05   25.1   0.0  cm        1       36 []         146         182 + .. 0.98    no 0.70

                                v  v             v  v      NC
                     :::.::<<<--<<<<<<_________>>>>>>-->>> CS
  patent_aligned   1 GGU.CAGACCCUGGUCCGGGGCAAUGGGACCACUGUU 36 
                     GGU CAGACCC GG CCGGGG  A GGG CC CUGUU
  ind_0005_00027 146 GGUaCAGACCCGGGCCCGGGGUGACGGGACCACUGUU 182
                     **99*****************99999*********** PP

>> ind_0005_00035  
 rank     E-value  score  bias mdl mdl from   mdl to       seq from      seq to       acc trunc   gc
 ----   --------- ------ ----- --- -------- --------    ----------- -----------      ---- ----- ----
 (30) !     2e-05   25.1   0.0  cm        1       36 []         146         182 + .. 0.98    no 0.70

                                v  v             v  v      NC
                     :::.::<<<--<<<<<<_________>>>>>>-->>> CS
  patent_aligned   1 GGU.CAGACCCUGGUCCGGGGCAAUGGGACCACUGUU 36 
                     GGU CAGACCC GG CCGGGG  A GGG CC CUGUU
  ind_0005_00035 146 GGUaCAGACCCGGGCCCGGGGUGACGGGACCACUGUU 182
                     **99*****************99999*********** PP

>> ind_0005_00001  
 rank     E-value  score  bias mdl mdl from   mdl to       seq from      seq to       acc trunc   gc
 ----   --------- ------ ----- --- -------- --------    ----------- -----------      ---- ----- ----
 (31) !   2.2e-05   25.0   0.0  cm        1       36 []         146         182 + .. 0.99    no 0.65

                                v  v             v  v      NC
                     :::.::<<<--<<<<<<_________>>>>>>-->>> CS
  patent_aligned   1 GGU.CAGACCCUGGUCCGGGGCAAUGGGACCACUGUU 36 
                     GGU CAGACCC GG CC GGGCAA  GG CC CUGUU
  ind_0005_00001 146 GGUaCAGACCCGGGCCCAGGGCAACAGGACCACUGUU 182
                     **99********************99*********** PP

>> ind_0005_00031  
 rank     E-value  score  bias mdl mdl from   mdl to       seq from      seq to       acc trunc   gc
 ----   --------- ------ ----- --- -------- --------    ----------- -----------      ---- ----- ----
 (32) !   3.9e-05   24.1   0.0  cm        1       36 []         146         182 + .. 0.89    no 0.70

                                v                    v      NC
                     :::.::<<<--<<<<<<_____.____>>>>>>-->>> CS
  patent_aligned   1 GGU.CAGACCCUGGUCCGGGGC.AAUGGGACCACUGUU 36 
                     GGU CAGACC  GGUCCGGG C  A GGGACC CUGUU
  ind_0005_00031 146 GGUaCAGACCGCGGUCCGGG-CgGACGGGACCACUGUU 182
                     **99*************875.545555*********** PP

>> ind_0005_00032  
 rank     E-value  score  bias mdl mdl from   mdl to       seq from      seq to       acc trunc   gc
 ----   --------- ------ ----- --- -------- --------    ----------- -----------      ---- ----- ----
 (33) !   4.5e-05   23.8   0.0  cm        1       36 []         147         182 + .. 0.99    no 0.67

                                    v         v           NC
                     :::::<<<--<<<<<<_________>>>>>>-->>> CS
  patent_aligned   1 GGUCAGACCCUGGUCCGGGGCAAUGGGACCACUGUU 36 
                     G  CAGACC  GGUC GGGGC A G GACC CUGUU
  ind_0005_00032 147 GUACAGACCGGGGUCAGGGGCGACGGGACCUCUGUU 182
                     *********************9999*********** PP

>> ind_0005_00021  
 rank     E-value  score  bias mdl mdl from   mdl to       seq from      seq to       acc trunc   gc
 ----   --------- ------ ----- --- -------- --------    ----------- -----------      ---- ----- ----
 (34) !   4.7e-05   23.8   0.0  cm        1       36 []         147         182 + .. 0.90    no 0.67

                                   v        v          NC
                     :::::<<<--<<<<<<_~~~~~>>>>>>-->>> CS
  patent_aligned   1 GGUCAGACCCUGGUCCG*[8]*GGACCACUGUU 36 
                     G  CAGACCCUGGU CG     G ACCACUGUU
  ind_0005_00021 147 GCGCAGACCCUGGUCCG*[8]*GCACCACUGUU 182
                     **************887..7..55********* PP

>> ind_0005_00015  
 rank     E-value  score  bias mdl mdl from   mdl to       seq from      seq to       acc trunc   gc
 ----   --------- ------ ----- --- -------- --------    ----------- -----------      ---- ----- ----
 (35) !   5.2e-05   23.6   0.0  cm        1       36 []         147         182 + .. 0.82    no 0.64

                                 vvvv            vvvv        NC
                     :::::<<<--<<<<<<_________...>>>>>>-->>> CS
  patent_aligned   1 GGUCAGACCCUGGUCCGGGGCAAUG...GGACCACUGUU 36 
                     GGUCA:ACCCUG UCCG GGCAAUG       CACUGU:
  ind_0005_00015 147 GGUCAGACCCUGCUCCGUGGCAAUGccu---CCACUGUC 182
                     ************7777777777777443...4******* PP

>> ind_0005_00025  
 rank     E-value  score  bias mdl mdl from   mdl to       seq from      seq to       acc trunc   gc
 ----   --------- ------ ----- --- -------- --------    ----------- -----------      ---- ----- ----
 (36) !   0.00016   21.8   0.0  cm        1       36 []         146         182 + .. 0.98    no 0.68

                                v    v         v    v      NC
                     :::.::<<<--<<<<<<_________>>>>>>-->>> CS
  patent_aligned   1 GGU.CAGACCCUGGUCCGGGGCAAUGGGACCACUGUU 36 
                     GGU CAGACC  GGUC GGGGC A G GACC CUGUU
  ind_0005_00025 146 GGUaCAGACCGGGGUCAGGGGCCACGGGACCACUGUU 182
                     **99******************9999*********** PP

>> ind_0005_00030  
 rank     E-value  score  bias mdl mdl from   mdl to       seq from      seq to       acc trunc   gc
 ----   --------- ------ ----- --- -------- --------    ----------- -----------      ---- ----- ----
 (37) !   0.00034   20.5   0.0  cm        1       36 []         147         181 + .. 1.00    no 0.60

                          v      v v           v v      v NC
                     :::::<<<--<<<<<<_________>>>>>>-->>> CS
  patent_aligned   1 GGUCAGACCCUGGUCCGGGGCAAUGGGACCACUGUU 36 
                     GGU AGACCCUG U  GGGG AAUG  A CA UGU 
  ind_0005_00030 147 GGUUAGACCCUGGUGUGGGGGAAUGGGAGCAGUGU- 181
                     ***********************************. PP

>> ind_0005_00044  
 rank     E-value  score  bias mdl mdl from   mdl to       seq from      seq to       acc trunc   gc
 ----   --------- ------ ----- --- -------- --------    ----------- -----------      ---- ----- ----
 (38) !   0.00049   19.9   0.0  cm        1       36 []         147         182 + .. 0.88    no 0.56

                          v                        v NC
                     :::::<<<--<<<<<~~~~~~>>>>>-->>> CS
  patent_aligned   1 GGUCAGACCCUGGUC*[11]*GACCACUGUU 36 
                     G UCA ACC UGGUC      GACCACUGU 
  ind_0005_00044 147 GUUCACACCUUGGUC*[11]*GACCACUGUU 182
                     ***************...6..********** PP

>> ind_0005_00039  
 rank     E-value  score  bias mdl mdl from   mdl to       seq from      seq to       acc trunc   gc
 ----   --------- ------ ----- --- -------- --------    ----------- -----------      ---- ----- ----
 (39) !   0.00055   19.7   0.0  cm        1       36 []         146         182 + .. 0.98    no 0.68

                                v  v             v  v      NC
                     :::.::<<<--<<<<<<_________>>>>>>-->>> CS
  patent_aligned   1 GGU.CAGACCCUGGUCCGGGGCAAUGGGACCACUGUU 36 
                     GGU CAGACCC GG CC GGG A  GGG CC CUGUU
  ind_0005_00039 146 GGUaCAGACCCGGGCCCAGGGUAUCGGGACCGCUGUU 182
                     **99*****************99999*********** PP

>> ind_0005_00049  
 rank     E-value  score  bias mdl mdl from   mdl to       seq from      seq to       acc trunc   gc
 ----   --------- ------ ----- --- -------- --------    ----------- -----------      ---- ----- ----
 (40) !    0.0032   16.8   0.0  cm       11       32 ..         157         178 + .. 0.99    no 0.73

                                            NC
                     <<<<<<_________>>>>>>- CS
  patent_aligned  11 UGGUCCGGGGCAAUGGGACCAC 32 
                     UGGUC GGGGC A G GACCAC
  ind_0005_00049 157 UGGUCUGGGGCGACGGGACCAC 178
                     ***********9********** PP

>> ind_0005_00008  
 rank     E-value  score  bias mdl mdl from   mdl to       seq from      seq to       acc trunc   gc
 ----   --------- ------ ----- --- -------- --------    ----------- -----------      ---- ----- ----
 (41) !    0.0045   16.3   0.0  cm        1       36 []         147         182 + .. 0.90    no 0.58

                                   v            v          NC
                     :::::<<<--<<<<<<_____.____>>>>>>-->>> CS
  patent_aligned   1 GGUCAGACCCUGGUCCGGGGC.AAUGGGACCACUGUU 36 
                     G  CAGAC CU GU CG  GC  AUGG AC ACUGUU
  ind_0005_00008 147 GAGCAGACACUGGUCCG-UGCgGAUGGCACUACUGUU 182
                     **************996.4677788899********* PP

>> ind_0005_00007  
 rank     E-value  score  bias mdl mdl from   mdl to       seq from      seq to       acc trunc   gc
 ----   --------- ------ ----- --- -------- --------    ----------- -----------      ---- ----- ----
 (42) !    0.0076   15.4   0.0  cm        1       36 []         147         179 + .. 0.98    no 0.64

                          vvv   vv               vv   vvv NC
                     :::::<<<--<<<<<<_________>>>>>>-->>> CS
  patent_aligned   1 GGUCAGACCCUGGUCCGGGGCAAUGGGACCACUGUU 36 
                     GG C  ACCCU  UCCGGGGCA  GGGA  ACU   
  ind_0005_00007 147 GGACGUACCCUAGUCCGGGGCAUGGGGAACACU--- 179
                     *********************9999********... PP

>> ind_0005_00006  
 rank     E-value  score  bias mdl mdl from   mdl to       seq from      seq to       acc trunc   gc
 ----   --------- ------ ----- --- -------- --------    ----------- -----------      ---- ----- ----
 (43) !    0.0088   15.2   0.0  cm        1       36 []         147         179 + .. 0.92    no 0.73

                          vvv   v                  v   vvv NC
                     :::::<<<--<<<<<<_____~~~~~>>>>>>-->>> CS
  patent_aligned   1 GGUCAGACCCUGGUCCGGGGC*[4]*GGACCACUGUU 36 
                     GG CAG CCCU GUCCGG GC     GGAC A U   
  ind_0005_00006 147 GGACAGCCCCUCGUCCGGUGC*[4]*GGACCAUU--- 179
                     *****************9877..5..********... PP

>> ind_0005_00026  
 rank     E-value  score  bias mdl mdl from   mdl to       seq from      seq to       acc trunc   gc
 ----   --------- ------ ----- --- -------- --------    ----------- -----------      ---- ----- ----
 (44) ?     0.015   14.3   0.0  cm        1       36 []         146         180 + .. 0.98    no 0.69

                           vv   v                   v   vv NC
                     :::.::<<<--<<<<<<_________>>>>>>-->>> CS
  patent_aligned   1 GGU.CAGACCCUGGUCCGGGGCAAUGGGACCACUGUU 36 
                     GGU CA  CCC GGUCC GGG  A GGGACC CUG  
  ind_0005_00026 146 GGUaCACUCCCGGGUCCAGGGUGACGGGACCACUG-- 180
                     **99*****************99999*********.. PP

>> ind_0005_00043  
 rank     E-value  score  bias mdl mdl from   mdl to       seq from      seq to       acc trunc   gc
 ----   --------- ------ ----- --- -------- --------    ----------- -----------      ---- ----- ----
 (45) ?     0.027   13.4   0.0  cm        1       36 []         147         182 + .. 0.99    no 0.72

                            v  v  v             v  v  v   NC
                     :::::<<<--<<<<<<_________>>>>>>-->>> CS
  patent_aligned   1 GGUCAGACCCUGGUCCGGGGCAAUGGGACCACUGUU 36 
                     G  CAGA C  GG CCGGGGC A GGG CC CU UU
  ind_0005_00043 147 GUACAGACCGUGGCCCGGGGCGACGGGACCCCUCUU 182
                     *********************9************** PP

>> ind_0005_00029  
 rank     E-value  score  bias mdl mdl from   mdl to       seq from      seq to       acc trunc   gc
 ----   --------- ------ ----- --- -------- --------    ----------- -----------      ---- ----- ----
 (46) ?     0.082   11.5   0.0  cm        1       36 []         146         182 + .. 0.82    no 0.68

                                v vv             vv v      NC
                     :::.::<<<--<<<<<<_________>>>>>>-->>> CS
  patent_aligned   1 GGU.CAGACCCUGGUCCGGGGCAAUGGGACCACUGUU 36 
                     GGU CAGACCC G   CGGGG  A GG   C CUGUU
  ind_0005_00029 146 GGUaCAGACCCGGGCUCGGGGUGACGGGAGCACUGUU 182
                     **99*******999999999974444444478***** PP

>> ind_0005_00045  
 rank     E-value  score  bias mdl mdl from   mdl to       seq from      seq to       acc trunc   gc
 ----   --------- ------ ----- --- -------- --------    ----------- -----------      ---- ----- ----
 (47) ?      0.18   10.2   0.0  cm        1       36 []         146         182 + .. 0.97    no 0.59

                           v v  v  v             v  v  v v NC
                     :::.::<<<--<<<<<<_________>>>>>>-->>> CS
  patent_aligned   1 GGU.CAGACCCUGGUCCGGGGCAAUGGGACCACUGUU 36 
                     GGU CA A CC GG CC GGG AA GGG CC CU U 
  ind_0005_00045 146 GGUaCAUAACCGGGCCCAGGGUAACGGGACCACUGUU 182
                     **999*998999************************* PP

>> ind_0005_00018  
 rank     E-value  score  bias mdl mdl from   mdl to       seq from      seq to       acc trunc   gc
 ----   --------- ------ ----- --- -------- --------    ----------- -----------      ---- ----- ----
 (48) ?      0.41    8.9   0.0  cm        1       36 []         147         182 + .. 0.89    no 0.50

                          v                v NC
                     :::::<<<--<~~~~~~>-->>> CS
  patent_aligned   1 GGUCAGACCCU*[19]*ACUGUU 36 
                     GGUCA ACC U      ACUGU 
  ind_0005_00018 147 GGUCAUACCGU*[19]*ACUGUU 182
                     *********99...8..99**** PP

>> ind_0005_00047  
 rank     E-value  score  bias mdl mdl from   mdl to       seq from      seq to       acc trunc   gc
 ----   --------- ------ ----- --- -------- --------    ----------- -----------      ---- ----- ----
 (49) ?        27    2.1   0.0  cm        1        4 [~         194         197 + .~ 1.00    3' 0.75

                                NC
                     ::::~~~~~~ CS
  patent_aligned   1 GGUC*[32]> 36 
                     GGUC      
  ind_0005_00047 194 GGUC*[ 0]> 197
                     ****...... PP

>> ind_0005_00031  
 rank     E-value  score  bias mdl mdl from   mdl to       seq from      seq to       acc trunc   gc
 ----   --------- ------ ----- --- -------- --------    ----------- -----------      ---- ----- ----
 (50) ?   6.5e+02   -3.1   0.0  cm        1        4 [~         194         197 + .~ 1.00    3' 0.75

                                NC
                     ::::~~~~~~ CS
  patent_aligned   1 GGUC*[32]> 36 
                      GUC      
  ind_0005_00031 194 CGUC*[ 0]> 197
                     ****...... PP



Internal CM pipeline statistics summary:
----------------------------------------
Query model(s):                                                  1  (36 consensus positions)
Target sequences:                                               50  (19700 residues searched)
Target sequences re-searched for truncated hits:                50  (10200 residues re-searched)
Windows   passing  local HMM SSV           filter:             227  (0.451); expected (0.35)
Windows   passing  local HMM Viterbi       filter:                  (off)
Windows   passing  local HMM Viterbi  bias filter:                  (off)
Windows   passing  local HMM Forward       filter:             136  (0.2574); expected (0.02)
Windows   passing  local HMM Forward  bias filter:             134  (0.2528); expected (0.02)
Windows   passing glocal HMM Forward       filter:              64  (0.1859); expected (0.02)
Windows   passing glocal HMM Forward  bias filter:              64  (0.1859); expected (0.02)
Envelopes passing glocal HMM envelope defn filter:              64  (0.08525); expected (0.02)
Envelopes passing  local CM  CYK           filter:              59  (0.07736); expected (0.0001)
Total CM hits reported:                                         50  (0.05729); includes 2 truncated hit(s)

# CPU time: 0.22u 0.00s 00:00:00.22 Elapsed: 00:00:00.23
# Alignment of 43 hits satisfying inclusion thresholds saved to: optimization_a7/100gen/_workspace/cmsearch_logs/gen_0005/patent_cmsearch.sto
//
[ok]
