# cmsearch :: search CM(s) against a sequence database
# INFERNAL 1.1.5 (Sep 2023)
# Copyright (C) 2023 Howard Hughes Medical Institute.
# Freely distributed under the BSD open source license.
# - - - - - - - - - - - - - - - - - - - - - - - - - - - - - - - - - - - -
# query CM file:                         A7_analysis/patent.cm
# target sequence database:              /tmp/tmpb0c64pj8/queries.fa
# output directed to file:               optimization_a7/100gen/_workspace/cmsearch_logs/gen_0026/patent_cmsearch.out
# MSA of significant hits saved to file: optimization_a7/100gen/_workspace/cmsearch_logs/gen_0026/patent_cmsearch.sto
# tabular output of hits:                optimization_a7/100gen/_workspace/cmsearch_logs/gen_0026/patent_cmsearch.tblout
# max ASCII text line length:            unlimited
# sequence reporting threshold:          E-value <= 1000
# number of worker threads:              4
# - - - - - - - - - - - - - - - - - - - - - - - - - - - - - - - - - - - -

Query:       patent_aligned  [CLEN=36]
Hit scores:
 rank     E-value  score  bias  sequence        start    end   mdl trunc   gc  description
 ----   --------- ------ -----  -------------- ------ ------   --- ----- ----  -----------
  (1) !     5e-15   61.3   0.0  ind_0026_00000    147    182 +  cm    no 0.61  -
  (2) !     5e-15   61.3   0.0  ind_0026_00019    147    182 +  cm    no 0.61  -
  (3) !   2.2e-14   58.9   0.0  ind_0026_00003    147    182 +  cm    no 0.64  -
  (4) !   2.2e-14   58.9   0.0  ind_0026_00004    147    182 +  cm    no 0.64  -
  (5) !   2.2e-14   58.9   0.0  ind_0026_00010    147    182 +  cm    no 0.64  -
  (6) !   2.2e-14   58.9   0.0  ind_0026_00014    147    182 +  cm    no 0.64  -
  (7) !   2.2e-14   58.9   0.0  ind_0026_00023    147    182 +  cm    no 0.64  -
  (8) !     7e-14   57.0   0.0  ind_0026_00001    147    182 +  cm    no 0.58  -
  (9) !     1e-13   56.4   0.0  ind_0026_00032    147    182 +  cm    no 0.58  -
 (10) !     4e-13   54.2   0.0  ind_0026_00025    147    182 +  cm    no 0.64  -
 (11) !   5.3e-13   53.7   0.0  ind_0026_00005    147    182 +  cm    no 0.58  -
 (12) !   7.3e-13   53.2   0.0  ind_0026_00043    147    182 +  cm    no 0.67  -
 (13) !     1e-12   52.7   0.0  ind_0026_00002    147    182 +  cm    no 0.64  -
 (14) !     1e-12   52.7   0.0  ind_0026_00029    147    182 +  cm    no 0.64  -
 (15) !     1e-12   52.7   0.0  ind_0026_00030    147    182 +  cm    no 0.64  -
 (16) !     1e-12   52.6   0.0  ind_0026_00048    147    182 +  cm    no 0.64  -
 (17) !   1.4e-12   52.1   0.0  ind_0026_00007    147    182 +  cm    no 0.56  -
 (18) !   1.9e-12   51.6   0.0  ind_0026_00037    147    182 +  cm    no 0.67  -
 (19) !   2.3e-12   51.3   0.0  ind_0026_00026    147    182 +  cm    no 0.61  -
 (20) !   2.3e-12   51.3   0.0  ind_0026_00049    147    182 +  cm    no 0.61  -
 (21) !   5.6e-12   49.8   0.0  ind_0026_00040    147    182 +  cm    no 0.64  -
 (22) !   7.9e-12   49.3   0.0  ind_0026_00027    147    182 +  cm    no 0.64  -
 (23) !   1.1e-11   48.7   0.0  ind_0026_00018    147    182 +  cm    no 0.58  -
 (24) !   1.7e-11   48.0   0.0  ind_0026_00012    147    182 +  cm    no 0.61  -
 (25) !   1.7e-11   48.0   0.0  ind_0026_00021    147    182 +  cm    no 0.61  -
 (26) !   1.9e-11   47.8   0.0  ind_0026_00047    147    182 +  cm    no 0.67  -
 (27) !     2e-11   47.7   0.0  ind_0026_00017    147    182 +  cm    no 0.61  -
 (28) !   5.5e-11   46.1   0.0  ind_0026_00035    147    182 +  cm    no 0.58  -
 (29) !   7.2e-11   45.7   0.0  ind_0026_00039    147    179 +  cm    no 0.67  -
 (30) !   7.5e-11   45.6   0.0  ind_0026_00046    147    182 +  cm    no 0.61  -
 (31) !   8.3e-11   45.4   0.0  ind_0026_00028    147    182 +  cm    no 0.64  -
 (32) !   1.7e-10   44.2   0.0  ind_0026_00006    147    179 +  cm    no 0.61  -
 (33) !   1.9e-10   44.1   0.0  ind_0026_00038    147    182 +  cm    no 0.58  -
 (34) !   2.3e-10   43.8   0.0  ind_0026_00036    147    182 +  cm    no 0.61  -
 (35) !   2.4e-10   43.7   0.0  ind_0026_00020    147    182 +  cm    no 0.61  -
 (36) !   3.3e-10   43.1   0.0  ind_0026_00034    147    182 +  cm    no 0.61  -
 (37) !   3.3e-10   43.1   0.0  ind_0026_00041    147    182 +  cm    no 0.64  -
 (38) !     4e-10   42.9   0.0  ind_0026_00024    147    182 +  cm    no 0.69  -
 (39) !   1.3e-09   40.9   0.0  ind_0026_00045    147    182 +  cm    no 0.64  -
 (40) !   1.7e-09   40.5   0.0  ind_0026_00015    147    180 +  cm    no 0.62  -
 (41) !   1.9e-09   40.3   0.0  ind_0026_00022    147    182 +  cm    no 0.58  -
 (42) !     2e-09   40.2   0.0  ind_0026_00013    147    182 +  cm    no 0.67  -
 (43) !   2.2e-09   40.1   0.0  ind_0026_00044    147    182 +  cm    no 0.53  -
 (44) !   3.2e-09   39.4   0.0  ind_0026_00016    147    182 +  cm    no 0.67  -
 (45) !   4.6e-09   38.9   0.0  ind_0026_00033    147    182 +  cm    no 0.64  -
 (46) !   7.2e-09   38.1   0.0  ind_0026_00008    147    182 +  cm    no 0.61  -
 (47) !   1.3e-08   37.2   0.0  ind_0026_00031    147    179 +  cm    no 0.70  -
 (48) !   1.5e-08   37.0   0.0  ind_0026_00009    147    179 +  cm    no 0.64  -
 (49) !   1.7e-06   29.2   0.0  ind_0026_00042    147    179 +  cm    no 0.64  -
 (50) !   4.4e-05   23.9   0.0  ind_0026_00011    147    182 +  cm    no 0.64  -
 ------ inclusion threshold ------
 (51) ?   8.6e+02   -3.6   0.0  ind_0026_00016    194    197 +  cm    3' 0.75  -
 (52) ?   8.6e+02   -3.6   0.0  ind_0026_00045    194    197 +  cm    3' 0.75  -


Hit alignments:
>> ind_0026_00000  
 rank     E-value  score  bias mdl mdl from   mdl to       seq from      seq to       acc trunc   gc
 ----   --------- ------ ----- --- -------- --------    ----------- -----------      ---- ----- ----
  (1) !     5e-15   61.3   0.0  cm        1       36 []         147         182 + .. 1.00    no 0.61

                                                          NC
                     :::::<<<--<<<<<<_________>>>>>>-->>> CS
  patent_aligned   1 GGUCAGACCCUGGUCCGGGGCAAUGGGACCACUGUU 36 
                     GGUCAGACCCUGGUCCGGG CAAUGGGACCACUGUU
  ind_0026_00000 147 GGUCAGACCCUGGUCCGGGACAAUGGGACCACUGUU 182
                     ************************************ PP

>> ind_0026_00019  
 rank     E-value  score  bias mdl mdl from   mdl to       seq from      seq to       acc trunc   gc
 ----   --------- ------ ----- --- -------- --------    ----------- -----------      ---- ----- ----
  (2) !     5e-15   61.3   0.0  cm        1       36 []         147         182 + .. 1.00    no 0.61

                                                          NC
                     :::::<<<--<<<<<<_________>>>>>>-->>> CS
  patent_aligned   1 GGUCAGACCCUGGUCCGGGGCAAUGGGACCACUGUU 36 
                     GGUCAGACCCUGGUCCGGG CAAUGGGACCACUGUU
  ind_0026_00019 147 GGUCAGACCCUGGUCCGGGACAAUGGGACCACUGUU 182
                     ************************************ PP

>> ind_0026_00003  
 rank     E-value  score  bias mdl mdl from   mdl to       seq from      seq to       acc trunc   gc
 ----   --------- ------ ----- --- -------- --------    ----------- -----------      ---- ----- ----
  (3) !   2.2e-14   58.9   0.0  cm        1       36 []         147         182 + .. 1.00    no 0.64

                                                          NC
                     :::::<<<--<<<<<<_________>>>>>>-->>> CS
  patent_aligned   1 GGUCAGACCCUGGUCCGGGGCAAUGGGACCACUGUU 36 
                     GGUCA:ACCCUGGUCCGGG CAAUGGGACCACUGU:
  ind_0026_00003 147 GGUCAGACCCUGGUCCGGGACAAUGGGACCACUGUC 182
                     ************************************ PP

>> ind_0026_00004  
 rank     E-value  score  bias mdl mdl from   mdl to       seq from      seq to       acc trunc   gc
 ----   --------- ------ ----- --- -------- --------    ----------- -----------      ---- ----- ----
  (4) !   2.2e-14   58.9   0.0  cm        1       36 []         147         182 + .. 1.00    no 0.64

                                                          NC
                     :::::<<<--<<<<<<_________>>>>>>-->>> CS
  patent_aligned   1 GGUCAGACCCUGGUCCGGGGCAAUGGGACCACUGUU 36 
                     GGUCA:ACCCUGGUCCGGG CAAUGGGACCACUGU:
  ind_0026_00004 147 GGUCAGACCCUGGUCCGGGACAAUGGGACCACUGUC 182
                     ************************************ PP

>> ind_0026_00010  
 rank     E-value  score  bias mdl mdl from   mdl to       seq from      seq to       acc trunc   gc
 ----   --------- ------ ----- --- -------- --------    ----------- -----------      ---- ----- ----
  (5) !   2.2e-14   58.9   0.0  cm        1       36 []         147         182 + .. 1.00    no 0.64

                                                          NC
                     :::::<<<--<<<<<<_________>>>>>>-->>> CS
  patent_aligned   1 GGUCAGACCCUGGUCCGGGGCAAUGGGACCACUGUU 36 
                     GGUCA:ACCCUGGUCCGGG CAAUGGGACCACUGU:
  ind_0026_00010 147 GGUCAGACCCUGGUCCGGGACAAUGGGACCACUGUC 182
                     ************************************ PP

>> ind_0026_00014  
 rank     E-value  score  bias mdl mdl from   mdl to       seq from      seq to       acc trunc   gc
 ----   --------- ------ ----- --- -------- --------    ----------- -----------      ---- ----- ----
  (6) !   2.2e-14   58.9   0.0  cm        1       36 []         147         182 + .. 1.00    no 0.64

                                                          NC
                     :::::<<<--<<<<<<_________>>>>>>-->>> CS
  patent_aligned   1 GGUCAGACCCUGGUCCGGGGCAAUGGGACCACUGUU 36 
                     GGUCA:ACCCUGGUCCGGG CAAUGGGACCACUGU:
  ind_0026_00014 147 GGUCAGACCCUGGUCCGGGACAAUGGGACCACUGUC 182
                     ************************************ PP

>> ind_0026_00023  
 rank     E-value  score  bias mdl mdl from   mdl to       seq from      seq to       acc trunc   gc
 ----   --------- ------ ----- --- -------- --------    ----------- -----------      ---- ----- ----
  (7) !   2.2e-14   58.9   0.0  cm        1       36 []         147         182 + .. 1.00    no 0.64

                                                          NC
                     :::::<<<--<<<<<<_________>>>>>>-->>> CS
  patent_aligned   1 GGUCAGACCCUGGUCCGGGGCAAUGGGACCACUGUU 36 
                     GGUCA:ACCCUGGUCCGGG CAAUGGGACCACUGU:
  ind_0026_00023 147 GGUCAGACCCUGGUCCGGGACAAUGGGACCACUGUC 182
                     ************************************ PP

>> ind_0026_00001  
 rank     E-value  score  bias mdl mdl from   mdl to       seq from      seq to       acc trunc   gc
 ----   --------- ------ ----- --- -------- --------    ----------- -----------      ---- ----- ----
  (8) !     7e-14   57.0   0.0  cm        1       36 []         147         182 + .. 1.00    no 0.58

                                                          NC
                     :::::<<<--<<<<<<_________>>>>>>-->>> CS
  patent_aligned   1 GGUCAGACCCUGGUCCGGGGCAAUGGGACCACUGUU 36 
                     G UCAGACCCUGGUCCGGG CAAUGGGACCACUGUU
  ind_0026_00001 147 GAUCAGACCCUGGUCCGGGACAAUGGGACCACUGUU 182
                     ************************************ PP

>> ind_0026_00032  
 rank     E-value  score  bias mdl mdl from   mdl to       seq from      seq to       acc trunc   gc
 ----   --------- ------ ----- --- -------- --------    ----------- -----------      ---- ----- ----
  (9) !     1e-13   56.4   0.0  cm        1       36 []         147         182 + .. 1.00    no 0.58

                                                          NC
                     :::::<<<--<<<<<<_________>>>>>>-->>> CS
  patent_aligned   1 GGUCAGACCCUGGUCCGGGGCAAUGGGACCACUGUU 36 
                     GGUCAGACCCUGGUCCG G CAAUGGGACCACUGUU
  ind_0026_00032 147 GGUCAGACCCUGGUCCGAGACAAUGGGACCACUGUU 182
                     ************************************ PP

>> ind_0026_00025  
 rank     E-value  score  bias mdl mdl from   mdl to       seq from      seq to       acc trunc   gc
 ----   --------- ------ ----- --- -------- --------    ----------- -----------      ---- ----- ----
 (10) !     4e-13   54.2   0.0  cm        1       36 []         147         182 + .. 1.00    no 0.64

                                                          NC
                     :::::<<<--<<<<<<_________>>>>>>-->>> CS
  patent_aligned   1 GGUCAGACCCUGGUCCGGGGCAAUGGGACCACUGUU 36 
                     GGUCA:ACCCUGGUCCGGG CAA GGGACCACUGU:
  ind_0026_00025 147 GGUCAGACCCUGGUCCGGGACAAAGGGACCACUGUC 182
                     ************************************ PP

>> ind_0026_00005  
 rank     E-value  score  bias mdl mdl from   mdl to       seq from      seq to       acc trunc   gc
 ----   --------- ------ ----- --- -------- --------    ----------- -----------      ---- ----- ----
 (11) !   5.3e-13   53.7   0.0  cm        1       36 []         147         182 + .. 1.00    no 0.58

                                 v               v        NC
                     :::::<<<--<<<<<<_________>>>>>>-->>> CS
  patent_aligned   1 GGUCAGACCCUGGUCCGGGGCAAUGGGACCACUGUU 36 
                     GGUCAGACCCUG UCCGGG CAAUGGGA CACUGUU
  ind_0026_00005 147 GGUCAGACCCUGAUCCGGGACAAUGGGACCACUGUU 182
                     ************************************ PP

>> ind_0026_00043  
 rank     E-value  score  bias mdl mdl from   mdl to       seq from      seq to       acc trunc   gc
 ----   --------- ------ ----- --- -------- --------    ----------- -----------      ---- ----- ----
 (12) !   7.3e-13   53.2   0.0  cm        1       36 []         147         182 + .. 1.00    no 0.67

                                                          NC
                     :::::<<<--<<<<<<_________>>>>>>-->>> CS
  patent_aligned   1 GGUCAGACCCUGGUCCGGGGCAAUGGGACCACUGUU 36 
                     GGUC :ACCCUGGUCCGGG CAAUGGGACCACUGU:
  ind_0026_00043 147 GGUCCGACCCUGGUCCGGGACAAUGGGACCACUGUC 182
                     ************************************ PP

>> ind_0026_00002  
 rank     E-value  score  bias mdl mdl from   mdl to       seq from      seq to       acc trunc   gc
 ----   --------- ------ ----- --- -------- --------    ----------- -----------      ---- ----- ----
 (13) !     1e-12   52.7   0.0  cm        1       36 []         147         182 + .. 1.00    no 0.64

                                                          NC
                     :::::<<<--<<<<<<_________>>>>>>-->>> CS
  patent_aligned   1 GGUCAGACCCUGGUCCGGGGCAAUGGGACCACUGUU 36 
                     GGUCA:ACCCUGGUCCGGG CAAU GGACCACUGU:
  ind_0026_00002 147 GGUCAGACCCUGGUCCGGGACAAUCGGACCACUGUC 182
                     ************************9*********** PP

>> ind_0026_00029  
 rank     E-value  score  bias mdl mdl from   mdl to       seq from      seq to       acc trunc   gc
 ----   --------- ------ ----- --- -------- --------    ----------- -----------      ---- ----- ----
 (14) !     1e-12   52.7   0.0  cm        1       36 []         147         182 + .. 1.00    no 0.64

                                                          NC
                     :::::<<<--<<<<<<_________>>>>>>-->>> CS
  patent_aligned   1 GGUCAGACCCUGGUCCGGGGCAAUGGGACCACUGUU 36 
                     GGUCA:ACCCUGGUCCGGG CAAU GGACCACUGU:
  ind_0026_00029 147 GGUCAGACCCUGGUCCGGGACAAUCGGACCACUGUC 182
                     ************************9*********** PP

>> ind_0026_00030  
 rank     E-value  score  bias mdl mdl from   mdl to       seq from      seq to       acc trunc   gc
 ----   --------- ------ ----- --- -------- --------    ----------- -----------      ---- ----- ----
 (15) !     1e-12   52.7   0.0  cm        1       36 []         147         182 + .. 1.00    no 0.64

                                                          NC
                     :::::<<<--<<<<<<_________>>>>>>-->>> CS
  patent_aligned   1 GGUCAGACCCUGGUCCGGGGCAAUGGGACCACUGUU 36 
                     GGUCA:ACCCUGGUCCGGG CAAU GGACCACUGU:
  ind_0026_00030 147 GGUCAGACCCUGGUCCGGGACAAUCGGACCACUGUC 182
                     ************************9*********** PP

>> ind_0026_00048  
 rank     E-value  score  bias mdl mdl from   mdl to       seq from      seq to       acc trunc   gc
 ----   --------- ------ ----- --- -------- --------    ----------- -----------      ---- ----- ----
 (16) !     1e-12   52.6   0.0  cm        1       36 []         147         182 + .. 1.00    no 0.64

                                                          NC
                     :::::<<<--<<<<<<_________>>>>>>-->>> CS
  patent_aligned   1 GGUCAGACCCUGGUCCGGGGCAAUGGGACCACUGUU 36 
                     GGUCA:ACCCUGGUCC GG CAAUGGGACCACUGU:
  ind_0026_00048 147 GGUCAGACCCUGGUCCCGGACAAUGGGACCACUGUC 182
                     ************************************ PP

>> ind_0026_00007  
 rank     E-value  score  bias mdl mdl from   mdl to       seq from      seq to       acc trunc   gc
 ----   --------- ------ ----- --- -------- --------    ----------- -----------      ---- ----- ----
 (17) !   1.4e-12   52.1   0.0  cm        1       36 []         147         182 + .. 1.00    no 0.56

                                                          NC
                     :::::<<<--<<<<<<_________>>>>>>-->>> CS
  patent_aligned   1 GGUCAGACCCUGGUCCGGGGCAAUGGGACCACUGUU 36 
                     G UCAGACCCUGGUCC GG CAAUGGGACCACUGUU
  ind_0026_00007 147 GAUCAGACCCUGGUCCAGGACAAUGGGACCACUGUU 182
                     ************************************ PP

>> ind_0026_00037  
 rank     E-value  score  bias mdl mdl from   mdl to       seq from      seq to       acc trunc   gc
 ----   --------- ------ ----- --- -------- --------    ----------- -----------      ---- ----- ----
 (18) !   1.9e-12   51.6   0.0  cm        1       36 []         147         182 + .. 1.00    no 0.67

                                                          NC
                     :::::<<<--<<<<<<_________>>>>>>-->>> CS
  patent_aligned   1 GGUCAGACCCUGGUCCGGGGCAAUGGGACCACUGUU 36 
                     G  CAGACCCUGGUCCGGGGCAA GGGACCACUGUU
  ind_0026_00037 147 GCCCAGACCCUGGUCCGGGGCAAAGGGACCACUGUU 182
                     ************************************ PP

>> ind_0026_00026  
 rank     E-value  score  bias mdl mdl from   mdl to       seq from      seq to       acc trunc   gc
 ----   --------- ------ ----- --- -------- --------    ----------- -----------      ---- ----- ----
 (19) !   2.3e-12   51.3   0.0  cm        1       36 []         147         182 + .. 1.00    no 0.61

                                v                 v       NC
                     :::::<<<--<<<<<<_________>>>>>>-->>> CS
  patent_aligned   1 GGUCAGACCCUGGUCCGGGGCAAUGGGACCACUGUU 36 
                     GGUCA:ACCCU GUCCGGG CAAUGGGAC ACUGU:
  ind_0026_00026 147 GGUCAGACCCUAGUCCGGGACAAUGGGACCACUGUC 182
                     ************************************ PP

>> ind_0026_00049  
 rank     E-value  score  bias mdl mdl from   mdl to       seq from      seq to       acc trunc   gc
 ----   --------- ------ ----- --- -------- --------    ----------- -----------      ---- ----- ----
 (20) !   2.3e-12   51.3   0.0  cm        1       36 []         147         182 + .. 1.00    no 0.61

                                 v               v        NC
                     :::::<<<--<<<<<<_________>>>>>>-->>> CS
  patent_aligned   1 GGUCAGACCCUGGUCCGGGGCAAUGGGACCACUGUU 36 
                     GGUCA:ACCCUG UCCGGG CAAUGGGA CACUGU:
  ind_0026_00049 147 GGUCAGACCCUGAUCCGGGACAAUGGGACCACUGUC 182
                     ************************************ PP

>> ind_0026_00040  
 rank     E-value  score  bias mdl mdl from   mdl to       seq from      seq to       acc trunc   gc
 ----   --------- ------ ----- --- -------- --------    ----------- -----------      ---- ----- ----
 (21) !   5.6e-12   49.8   0.0  cm        1       36 []         147         182 + .. 1.00    no 0.64

                                 v               v        NC
                     :::::<<<--<<<<<<_________>>>>>>-->>> CS
  patent_aligned   1 GGUCAGACCCUGGUCCGGGGCAAUGGGACCACUGUU 36 
                     GGUCA:ACCCUG UCCGGG CAAUGGGA CACUGU:
  ind_0026_00040 147 GGUCAGACCCUGCUCCGGGACAAUGGGACCACUGUC 182
                     ************************************ PP

>> ind_0026_00027  
 rank     E-value  score  bias mdl mdl from   mdl to       seq from      seq to       acc trunc   gc
 ----   --------- ------ ----- --- -------- --------    ----------- -----------      ---- ----- ----
 (22) !   7.9e-12   49.3   0.0  cm        1       36 []         147         182 + .. 1.00    no 0.64

                                   v           v          NC
                     :::::<<<--<<<<<<_________>>>>>>-->>> CS
  patent_aligned   1 GGUCAGACCCUGGUCCGGGGCAAUGGGACCACUGUU 36 
                     GGUCA:ACCCUGGU CGGG CAAUGG ACCACUGU:
  ind_0026_00027 147 GGUCAGACCCUGGUCCGGGACAAUGGCACCACUGUC 182
                     ************************************ PP

>> ind_0026_00018  
 rank     E-value  score  bias mdl mdl from   mdl to       seq from      seq to       acc trunc   gc
 ----   --------- ------ ----- --- -------- --------    ----------- -----------      ---- ----- ----
 (23) !   1.1e-11   48.7   0.0  cm        1       36 []         147         182 + .. 1.00    no 0.58

                                                          NC
                     :::::<<<--<<<<<<_________>>>>>>-->>> CS
  patent_aligned   1 GGUCAGACCCUGGUCCGGGGCAAUGGGACCACUGUU 36 
                     GGUCA:AC CUGGUCC GG CAAUGGGACCACUGU:
  ind_0026_00018 147 GGUCAGACUCUGGUCCUGGACAAUGGGACCACUGUC 182
                     ************************************ PP

>> ind_0026_00012  
 rank     E-value  score  bias mdl mdl from   mdl to       seq from      seq to       acc trunc   gc
 ----   --------- ------ ----- --- -------- --------    ----------- -----------      ---- ----- ----
 (24) !   1.7e-11   48.0   0.0  cm        1       36 []         147         182 + .. 1.00    no 0.61

                                                          NC
                     :::::<<<--<<<<<<_________>>>>>>-->>> CS
  patent_aligned   1 GGUCAGACCCUGGUCCGGGGCAAUGGGACCACUGUU 36 
                      GUCA:ACCCUGGUCC GG CAAUGGGACCACUGU:
  ind_0026_00012 147 UGUCAGACCCUGGUCCCGGACAAUGGGACCACUGUC 182
                     ************************************ PP

>> ind_0026_00021  
 rank     E-value  score  bias mdl mdl from   mdl to       seq from      seq to       acc trunc   gc
 ----   --------- ------ ----- --- -------- --------    ----------- -----------      ---- ----- ----
 (25) !   1.7e-11   48.0   0.0  cm        1       36 []         147         182 + .. 1.00    no 0.61

                                                          NC
                     :::::<<<--<<<<<<_________>>>>>>-->>> CS
  patent_aligned   1 GGUCAGACCCUGGUCCGGGGCAAUGGGACCACUGUU 36 
                      GUCA:ACCCUGGUCC GG CAAUGGGACCACUGU:
  ind_0026_00021 147 UGUCAGACCCUGGUCCCGGACAAUGGGACCACUGUC 182
                     ************************************ PP

>> ind_0026_00047  
 rank     E-value  score  bias mdl mdl from   mdl to       seq from      seq to       acc trunc   gc
 ----   --------- ------ ----- --- -------- --------    ----------- -----------      ---- ----- ----
 (26) !   1.9e-11   47.8   0.0  cm        1       36 []         147         182 + .. 1.00    no 0.67

                                                          NC
                     :::::<<<--<<<<<<_________>>>>>>-->>> CS
  patent_aligned   1 GGUCAGACCCUGGUCCGGGGCAAUGGGACCACUGUU 36 
                     GGUC :ACCCUGGUCCGGG C AUGGGACCACUGU:
  ind_0026_00047 147 GGUCCGACCCUGGUCCGGGACUAUGGGACCACUGUC 182
                     *********************9************** PP

>> ind_0026_00017  
 rank     E-value  score  bias mdl mdl from   mdl to       seq from      seq to       acc trunc   gc
 ----   --------- ------ ----- --- -------- --------    ----------- -----------      ---- ----- ----
 (27) !     2e-11   47.7   0.0  cm        1       36 []         147         182 + .. 1.00    no 0.61

                                                          NC
                     :::::<<<--<<<<<<_________>>>>>>-->>> CS
  patent_aligned   1 GGUCAGACCCUGGUCCGGGGCAAUGGGACCACUGUU 36 
                     GGUCA:ACCCUGGUCCG G CAAU GGACCACUGU:
  ind_0026_00017 147 GGUCAGACCCUGGUCCGAGACAAUCGGACCACUGUC 182
                     ************************9*********** PP

>> ind_0026_00035  
 rank     E-value  score  bias mdl mdl from   mdl to       seq from      seq to       acc trunc   gc
 ----   --------- ------ ----- --- -------- --------    ----------- -----------      ---- ----- ----
 (28) !   5.5e-11   46.1   0.0  cm        1       36 []         147         182 + .. 1.00    no 0.58

                                    v         v           NC
                     :::::<<<--<<<<<<_________>>>>>>-->>> CS
  patent_aligned   1 GGUCAGACCCUGGUCCGGGGCAAUGGGACCACUGUU 36 
                     GGUCA:ACCCUGGUC GGG CAAU  GACCACUGU:
  ind_0026_00035 147 GGUCAGACCCUGGUCCGGGACAAUAAGACCACUGUC 182
                     ************************************ PP

>> ind_0026_00039  
 rank     E-value  score  bias mdl mdl from   mdl to       seq from      seq to       acc trunc   gc
 ----   --------- ------ ----- --- -------- --------    ----------- -----------      ---- ----- ----
 (29) !   7.2e-11   45.7   0.0  cm        1       36 []         147         179 + .. 1.00    no 0.67

                          vvv                         vvv NC
                     :::::<<<--<<<<<<_________>>>>>>-->>> CS
  patent_aligned   1 GGUCAGACCCUGGUCCGGGGCAAUGGGACCACUGUU 36 
                     GGUC GACCCUGGUCCGGG CAAUGGGACCACU   
  ind_0026_00039 147 GGUCCGACCCUGGUCCGGGACAAUGGGACCACU--- 179
                     *********************************... PP

>> ind_0026_00046  
 rank     E-value  score  bias mdl mdl from   mdl to       seq from      seq to       acc trunc   gc
 ----   --------- ------ ----- --- -------- --------    ----------- -----------      ---- ----- ----
 (30) !   7.5e-11   45.6   0.0  cm        1       36 []         147         182 + .. 0.98    no 0.61

                                   v           v          NC
                     :::::<<<--<<<<<<_________>>>>>>-->>> CS
  patent_aligned   1 GGUCAGACCCUGGUCCGGGGCAAUGGGACCACUGUU 36 
                     GGUCAGACCCUGGU C GG CAAUGG ACCACUGUU
  ind_0026_00046 147 GGUCAGACCCUGGUGCCGGACAAUGGGACCACUGUU 182
                     **************99999***************** PP

>> ind_0026_00028  
 rank     E-value  score  bias mdl mdl from   mdl to       seq from      seq to       acc trunc   gc
 ----   --------- ------ ----- --- -------- --------    ----------- -----------      ---- ----- ----
 (31) !   8.3e-11   45.4   0.0  cm        1       36 []         147         182 + .. 1.00    no 0.64

                                                          NC
                     :::::<<<--<<<<<<_________>>>>>>-->>> CS
  patent_aligned   1 GGUCAGACCCUGGUCCGGGGCAAUGGGACCACUGUU 36 
                     GG CA:ACCCUGGUCC GGG AA GGGACCACUGU:
  ind_0026_00028 147 GGCCAGACCCUGGUCCAGGGUAAAGGGACCACUGUC 182
                     ************************************ PP

>> ind_0026_00006  
 rank     E-value  score  bias mdl mdl from   mdl to       seq from      seq to       acc trunc   gc
 ----   --------- ------ ----- --- -------- --------    ----------- -----------      ---- ----- ----
 (32) !   1.7e-10   44.2   0.0  cm        1       36 []         147         179 + .. 1.00    no 0.61

                          vvv                         vvv NC
                     :::::<<<--<<<<<<_________>>>>>>-->>> CS
  patent_aligned   1 GGUCAGACCCUGGUCCGGGGCAAUGGGACCACUGUU 36 
                     G UCAG CCCUGGUCCGGG CAAUGGGACCACU   
  ind_0026_00006 147 GAUCAGUCCCUGGUCCGGGACAAUGGGACCACU--- 179
                     *********************************... PP

>> ind_0026_00038  
 rank     E-value  score  bias mdl mdl from   mdl to       seq from      seq to       acc trunc   gc
 ----   --------- ------ ----- --- -------- --------    ----------- -----------      ---- ----- ----
 (33) !   1.9e-10   44.1   0.0  cm        1       36 []         147         182 + .. 1.00    no 0.58

                                 v v           v v        NC
                     :::::<<<--<<<<<<_________>>>>>>-->>> CS
  patent_aligned   1 GGUCAGACCCUGGUCCGGGGCAAUGGGACCACUGUU 36 
                     GGUCAGACCCUG U CGGG CAAUGG A CACUGUU
  ind_0026_00038 147 GGUCAGACCCUGAUCCGGGACAAUGGCACCACUGUU 182
                     ************************************ PP

>> ind_0026_00036  
 rank     E-value  score  bias mdl mdl from   mdl to       seq from      seq to       acc trunc   gc
 ----   --------- ------ ----- --- -------- --------    ----------- -----------      ---- ----- ----
 (34) !   2.3e-10   43.8   0.0  cm        1       36 []         147         182 + .. 1.00    no 0.61

                                   v           v          NC
                     :::::<<<--<<<<<<_________>>>>>>-->>> CS
  patent_aligned   1 GGUCAGACCCUGGUCCGGGGCAAUGGGACCACUGUU 36 
                     GGUCA:ACCCUGGU CGGG CAAU G ACCACUGU:
  ind_0026_00036 147 GGUCAGACCCUGGUCCGGGACAAUCGUACCACUGUC 182
                     ************************9*********** PP

>> ind_0026_00020  
 rank     E-value  score  bias mdl mdl from   mdl to       seq from      seq to       acc trunc   gc
 ----   --------- ------ ----- --- -------- --------    ----------- -----------      ---- ----- ----
 (35) !   2.4e-10   43.7   0.0  cm        1       36 []         147         182 + .. 1.00    no 0.61

                                    v         v           NC
                     :::::<<<--<<<<<<_________>>>>>>-->>> CS
  patent_aligned   1 GGUCAGACCCUGGUCCGGGGCAAUGGGACCACUGUU 36 
                     GGUCA:ACCCUGGUC  GG CAAUG GACCACUGU:
  ind_0026_00020 147 GGUCAGACCCUGGUCCCGGACAAUGUGACCACUGUC 182
                     ************************************ PP

>> ind_0026_00034  
 rank     E-value  score  bias mdl mdl from   mdl to       seq from      seq to       acc trunc   gc
 ----   --------- ------ ----- --- -------- --------    ----------- -----------      ---- ----- ----
 (36) !   3.3e-10   43.1   0.0  cm        1       36 []         147         182 + .. 1.00    no 0.61

                               v v               v v      NC
                     :::::<<<--<<<<<<_________>>>>>>-->>> CS
  patent_aligned   1 GGUCAGACCCUGGUCCGGGGCAAUGGGACCACUGUU 36 
                     GGUCA:ACCC G UCCGGG CAAUGGGA C CUGU:
  ind_0026_00034 147 GGUCAGACCCUGAUCCGGGACAAUGGGACCUCUGUC 182
                     ************************************ PP

>> ind_0026_00041  
 rank     E-value  score  bias mdl mdl from   mdl to       seq from      seq to       acc trunc   gc
 ----   --------- ------ ----- --- -------- --------    ----------- -----------      ---- ----- ----
 (37) !   3.3e-10   43.1   0.0  cm        1       36 []         147         182 + .. 1.00    no 0.64

                                   v           v          NC
                     :::::<<<--<<<<<<_________>>>>>>-->>> CS
  patent_aligned   1 GGUCAGACCCUGGUCCGGGGCAAUGGGACCACUGUU 36 
                     GGU A:ACCCUGGU CGGG CAAUGG ACCACUGU:
  ind_0026_00041 147 GGUGAGACCCUGGUCCGGGACAAUGGCACCACUGUC 182
                     ************************************ PP

>> ind_0026_00024  
 rank     E-value  score  bias mdl mdl from   mdl to       seq from      seq to       acc trunc   gc
 ----   --------- ------ ----- --- -------- --------    ----------- -----------      ---- ----- ----
 (38) !     4e-10   42.9   0.0  cm        1       36 []         147         182 + .. 1.00    no 0.69

                                                          NC
                     :::::<<<--<<<<<<_________>>>>>>-->>> CS
  patent_aligned   1 GGUCAGACCCUGGUCCGGGGCAAUGGGACCACUGUU 36 
                     GG CA:ACCCUGGUCCGGG CAAU GGACCAC GU:
  ind_0026_00024 147 GGCCAGACCCUGGUCCGGGACAAUCGGACCACGGUC 182
                     ************************9*********** PP

>> ind_0026_00045  
 rank     E-value  score  bias mdl mdl from   mdl to       seq from      seq to       acc trunc   gc
 ----   --------- ------ ----- --- -------- --------    ----------- -----------      ---- ----- ----
 (39) !   1.3e-09   40.9   0.0  cm        1       36 []         147         182 + .. 0.99    no 0.64

                                 v               v        NC
                     :::::<<<--<<<<<<_________>>>>>>-->>> CS
  patent_aligned   1 GGUCAGACCCUGGUCCGGGGCAAUGGGACCACUGUU 36 
                     GG CAGACCCUG UCC GG CAAUGGGA CACUGUU
  ind_0026_00045 147 GGGCAGACCCUGAUCCCGGCCAAUGGGACCACUGUU 182
                     ****************99999*************** PP

>> ind_0026_00015  
 rank     E-value  score  bias mdl mdl from   mdl to       seq from      seq to       acc trunc   gc
 ----   --------- ------ ----- --- -------- --------    ----------- -----------      ---- ----- ----
 (40) !   1.7e-09   40.5   0.0  cm        1       36 []         147         180 + .. 1.00    no 0.62

                          vv     v               v     vv NC
                     :::::<<<--<<<<<<_________>>>>>>-->>> CS
  patent_aligned   1 GGUCAGACCCUGGUCCGGGGCAAUGGGACCACUGUU 36 
                     GGUCAGACCCUG UCC GG CAAUGGGA CACUG  
  ind_0026_00015 147 GGUCAGACCCUGAUCCCGGACAAUGGGACCACUG-- 180
                     **********************************.. PP

>> ind_0026_00022  
 rank     E-value  score  bias mdl mdl from   mdl to       seq from      seq to       acc trunc   gc
 ----   --------- ------ ----- --- -------- --------    ----------- -----------      ---- ----- ----
 (41) !   1.9e-09   40.3   0.0  cm        1       36 []         147         182 + .. 1.00    no 0.58

                            v                         v   NC
                     :::::<<<--<<<<<<_________>>>>>>-->>> CS
  patent_aligned   1 GGUCAGACCCUGGUCCGGGGCAAUGGGACCACUGUU 36 
                     GGUCAGA  CUGGUCC GG CAAUGGGACCACU UU
  ind_0026_00022 147 GGUCAGACGCUGGUCCCGGACAAUGGGACCACUUUU 182
                     ************************************ PP

>> ind_0026_00013  
 rank     E-value  score  bias mdl mdl from   mdl to       seq from      seq to       acc trunc   gc
 ----   --------- ------ ----- --- -------- --------    ----------- -----------      ---- ----- ----
 (42) !     2e-09   40.2   0.0  cm        1       36 []         147         182 + .. 1.00    no 0.67

                                v                 v       NC
                     :::::<<<--<<<<<<_________>>>>>>-->>> CS
  patent_aligned   1 GGUCAGACCCUGGUCCGGGGCAAUGGGACCACUGUU 36 
                     GG CA:ACCCU GUCCGGG C AUGGGAC ACUGU:
  ind_0026_00013 147 GGCCAGACCCUCGUCCGGGACUAUGGGACCACUGUC 182
                     *********************9************** PP

>> ind_0026_00044  
 rank     E-value  score  bias mdl mdl from   mdl to       seq from      seq to       acc trunc   gc
 ----   --------- ------ ----- --- -------- --------    ----------- -----------      ---- ----- ----
 (43) !   2.2e-09   40.1   0.0  cm        1       36 []         147         182 + .. 1.00    no 0.53

                                                          NC
                     :::::<<<--<<<<<<_________>>>>>>-->>> CS
  patent_aligned   1 GGUCAGACCCUGGUCCGGGGCAAUGGGACCACUGUU 36 
                       UCA:ACCCUGGUCCG   CAAUGGGACCACUGU:
  ind_0026_00044 147 AAUCAGACCCUGGUCCGUAACAAUGGGACCACUGUC 182
                     ************************************ PP

>> ind_0026_00016  
 rank     E-value  score  bias mdl mdl from   mdl to       seq from      seq to       acc trunc   gc
 ----   --------- ------ ----- --- -------- --------    ----------- -----------      ---- ----- ----
 (44) !   3.2e-09   39.4   0.0  cm        1       36 []         147         182 + .. 0.99    no 0.67

                                 v               v        NC
                     :::::<<<--<<<<<<_________>>>>>>-->>> CS
  patent_aligned   1 GGUCAGACCCUGGUCCGGGGCAAUGGGACCACUGUU 36 
                     GGUCAGACCCUG UCC GG CA UGGGA CACUGUU
  ind_0026_00016 147 GGUCAGACCCUGCUCCCGGCCAGUGGGACCACUGUU 182
                     ****************99999*************** PP

>> ind_0026_00033  
 rank     E-value  score  bias mdl mdl from   mdl to       seq from      seq to       acc trunc   gc
 ----   --------- ------ ----- --- -------- --------    ----------- -----------      ---- ----- ----
 (45) !   4.6e-09   38.9   0.0  cm        1       36 []         147         182 + .. 1.00    no 0.64

                                v                 v       NC
                     :::::<<<--<<<<<<_________>>>>>>-->>> CS
  patent_aligned   1 GGUCAGACCCUGGUCCGGGGCAAUGGGACCACUGUU 36 
                     GG CA:ACCCU GUCC GG CAAUGGGAC ACUGU:
  ind_0026_00033 147 GGACAGACCCUGGUCCCGGACAAUGGGACGACUGUC 182
                     ************************************ PP

>> ind_0026_00008  
 rank     E-value  score  bias mdl mdl from   mdl to       seq from      seq to       acc trunc   gc
 ----   --------- ------ ----- --- -------- --------    ----------- -----------      ---- ----- ----
 (46) !   7.2e-09   38.1   0.0  cm        1       36 []         147         182 + .. 0.98    no 0.61

                                    v         v           NC
                     :::::<<<--<<<<<<_________>>>>>>-->>> CS
  patent_aligned   1 GGUCAGACCCUGGUCCGGGGCAAUGGGACCACUGUU 36 
                     GGUCA:ACCCUGGUC  G  CAAUG GACCACUGU:
  ind_0026_00008 147 GGUCAGACCCUGGUCCCGAACAAUGCGACCACUGUC 182
                     ***************9999999**99********** PP

>> ind_0026_00031  
 rank     E-value  score  bias mdl mdl from   mdl to       seq from      seq to       acc trunc   gc
 ----   --------- ------ ----- --- -------- --------    ----------- -----------      ---- ----- ----
 (47) !   1.3e-08   37.2   0.0  cm        1       36 []         147         179 + .. 0.99    no 0.70

                          vvv                         vvv NC
                     :::::<<<--<<<<<<_________>>>>>>-->>> CS
  patent_aligned   1 GGUCAGACCCUGGUCCGGGGCAAUGGGACCACUGUU 36 
                     GG CAGACCCUGGUCCGGG CAA GGGACCAC    
  ind_0026_00031 147 GGCCAGACCCUGGUCCGGGACAAAGGGACCACG--- 179
                     ********************************8... PP

>> ind_0026_00009  
 rank     E-value  score  bias mdl mdl from   mdl to       seq from      seq to       acc trunc   gc
 ----   --------- ------ ----- --- -------- --------    ----------- -----------      ---- ----- ----
 (48) !   1.5e-08   37.0   0.0  cm        1       36 []         147         179 + .. 1.00    no 0.64

                          vvv     v             v     vvv NC
                     :::::<<<--<<<<<<_________>>>>>>-->>> CS
  patent_aligned   1 GGUCAGACCCUGGUCCGGGGCAAUGGGACCACUGUU 36 
                     GGUCAGACCCUGG CC GG CAAUGGG CCACU   
  ind_0026_00009 147 GGUCAGACCCUGGUCCCGGACAAUGGGUCCACU--- 179
                     *********************************... PP

>> ind_0026_00042  
 rank     E-value  score  bias mdl mdl from   mdl to       seq from      seq to       acc trunc   gc
 ----   --------- ------ ----- --- -------- --------    ----------- -----------      ---- ----- ----
 (49) !   1.7e-06   29.2   0.0  cm        1       36 []         147         179 + .. 0.96    no 0.64

                          vvv    v               v    vvv NC
                     :::::<<<--<<<<<<_________>>>>>>-->>> CS
  patent_aligned   1 GGUCAGACCCUGGUCCGGGGCAAUGGGACCACUGUU 36 
                     GG CAGACCCUG UCCGGG CAA  GGA CACU   
  ind_0026_00042 147 GGCCAGACCCUGAUCCGGGACAAACGGACCACU--- 179
                     *********************8866********... PP

>> ind_0026_00011  
 rank     E-value  score  bias mdl mdl from   mdl to       seq from      seq to       acc trunc   gc
 ----   --------- ------ ----- --- -------- --------    ----------- -----------      ---- ----- ----
 (50) !   4.4e-05   23.9   0.0  cm        1       36 []         147         182 + .. 1.00    no 0.64

                               v   v           v   v      NC
                     :::::<<<--<<<<<<_________>>>>>>-->>> CS
  patent_aligned   1 GGUCAGACCCUGGUCCGGGGCAAUGGGACCACUGUU 36 
                     GGUC :ACCC G U CG G CAAUGG A C CUGU:
  ind_0026_00011 147 GGUCCGACCCGGGUCCGCGACAAUGGAAUCACUGUC 182
                     ************************************ PP

>> ind_0026_00016  
 rank     E-value  score  bias mdl mdl from   mdl to       seq from      seq to       acc trunc   gc
 ----   --------- ------ ----- --- -------- --------    ----------- -----------      ---- ----- ----
 (51) ?   8.6e+02   -3.6   0.0  cm        1        4 [~         194         197 + .~ 1.00    3' 0.75

                                NC
                     ::::~~~~~~ CS
  patent_aligned   1 GGUC*[32]> 36 
                     G UC      
  ind_0026_00016 194 GCUC*[ 0]> 197
                     ****...... PP

>> ind_0026_00045  
 rank     E-value  score  bias mdl mdl from   mdl to       seq from      seq to       acc trunc   gc
 ----   --------- ------ ----- --- -------- --------    ----------- -----------      ---- ----- ----
 (52) ?   8.6e+02   -3.6   0.0  cm        1        4 [~         194         197 + .~ 0.99    3' 0.75

                                NC
                     ::::~~~~~~ CS
  patent_aligned   1 GGUC*[32]> 36 
                     G UC      
  ind_0026_00045 194 GCUC*[ 0]> 197
                     ****...... PP



Internal CM pipeline statistics summary:
----------------------------------------
Query model(s):                                                  1  (36 consensus positions)
Target sequences:                                               50  (19700 residues searched)
Target sequences re-searched for truncated hits:                50  (10200 residues re-searched)
Windows   passing  local HMM SSV           filter:             237  (0.4816); expected (0.35)
Windows   passing  local HMM Viterbi       filter:                  (off)
Windows   passing  local HMM Viterbi  bias filter:                  (off)
Windows   passing  local HMM Forward       filter:             128  (0.2454); expected (0.02)
Windows   passing  local HMM Forward  bias filter:             126  (0.2416); expected (0.02)
Windows   passing glocal HMM Forward       filter:              78  (0.1795); expected (0.02)
Windows   passing glocal HMM Forward  bias filter:              78  (0.1795); expected (0.02)
Envelopes passing glocal HMM envelope defn filter:              78  (0.1039); expected (0.02)
Envelopes passing  local CM  CYK           filter:              67  (0.0892); expected (0.0001)
Total CM hits reported:                                         52  (0.06017); includes 2 truncated hit(s)

# CPU time: 0.17u 0.00s 00:00:00.17 Elapsed: 00:00:00.17
# Alignment of 50 hits satisfying inclusion thresholds saved to: optimization_a7/100gen/_workspace/cmsearch_logs/gen_0026/patent_cmsearch.sto
//
[ok]
