# cmsearch :: search CM(s) against a sequence database
# INFERNAL 1.1.5 (Sep 2023)
# Copyright (C) 2023 Howard Hughes Medical Institute.
# Freely distributed under the BSD open source license.
# - - - - - - - - - - - - - - - - - - - - - - - - - - - - - - - - - - - -
# query CM file:                         A7_analysis/patent.cm
# target sequence database:              /tmp/tmp7rfbtrr3/queries.fa
# output directed to file:               optimization_a7/38gen/_workspace/cmsearch_logs/gen_0013/patent_cmsearch.out
# MSA of significant hits saved to file: optimization_a7/38gen/_workspace/cmsearch_logs/gen_0013/patent_cmsearch.sto
# tabular output of hits:                optimization_a7/38gen/_workspace/cmsearch_logs/gen_0013/patent_cmsearch.tblout
# max ASCII text line length:            unlimited
# sequence reporting threshold:          E-value <= 1000
# number of worker threads:              4
# - - - - - - - - - - - - - - - - - - - - - - - - - - - - - - - - - - - -

Query:       patent_aligned  [CLEN=36]
Hit scores:
 rank     E-value  score  bias  sequence        start    end   mdl trunc   gc  description
 ----   --------- ------ -----  -------------- ------ ------   --- ----- ----  -----------
  (1) !   2.8e-14   58.5   0.0  ind_0013_00000    147    182 +  cm    no 0.64  -
  (2) !   2.8e-14   58.5   0.0  ind_0013_00013    147    182 +  cm    no 0.64  -
  (3) !   3.3e-13   54.5   0.0  ind_0013_00022    147    182 +  cm    no 0.61  -
  (4) !   4.8e-13   53.8   0.0  ind_0013_00002    147    182 +  cm    no 0.64  -
  (5) !   4.8e-13   53.8   0.0  ind_0013_00003    147    182 +  cm    no 0.64  -
  (6) !   4.8e-13   53.8   0.0  ind_0013_00004    147    182 +  cm    no 0.64  -
  (7) !   4.8e-13   53.8   0.0  ind_0013_00029    147    182 +  cm    no 0.64  -
  (8) !   4.8e-13   53.8   0.0  ind_0013_00049    147    182 +  cm    no 0.64  -
  (9) !   7.5e-13   53.1   0.0  ind_0013_00006    147    182 +  cm    no 0.61  -
 (10) !   8.5e-13   52.9   0.0  ind_0013_00015    147    182 +  cm    no 0.58  -
 (11) !   2.2e-12   51.3   0.0  ind_0013_00047    147    182 +  cm    no 0.58  -
 (12) !   7.4e-12   49.4   0.0  ind_0013_00040    147    182 +  cm    no 0.64  -
 (13) !   7.4e-12   49.4   0.0  ind_0013_00023    147    181 +  cm    no 0.66  -
 (14) !   7.4e-12   49.4   0.0  ind_0013_00032    147    181 +  cm    no 0.66  -
 (15) !   9.6e-12   49.0   0.0  ind_0013_00024    147    182 +  cm    no 0.61  -
 (16) !   1.1e-11   48.8   0.0  ind_0013_00041    147    182 +  cm    no 0.61  -
 (17) !   1.2e-11   48.6   0.0  ind_0013_00039    147    182 +  cm    no 0.67  -
 (18) !   2.6e-11   47.3   0.0  ind_0013_00018    147    182 +  cm    no 0.58  -
 (19) !   1.1e-10   45.0   0.0  ind_0013_00019    147    182 +  cm    no 0.61  -
 (20) !   1.1e-10   45.0   0.0  ind_0013_00014    147    182 +  cm    no 0.61  -
 (21) !   1.2e-10   44.9   0.0  ind_0013_00001    147    182 +  cm    no 0.61  -
 (22) !   1.2e-10   44.9   0.0  ind_0013_00026    147    182 +  cm    no 0.61  -
 (23) !   1.2e-10   44.9   0.0  ind_0013_00048    147    182 +  cm    no 0.61  -
 (24) !   1.6e-10   44.4   0.0  ind_0013_00038    147    182 +  cm    no 0.61  -
 (25) !   2.1e-10   43.9   0.0  ind_0013_00035    147    182 +  cm    no 0.67  -
 (26) !   7.8e-10   41.7   0.0  ind_0013_00012    147    182 +  cm    no 0.64  -
 (27) !   8.1e-10   41.7   0.0  ind_0013_00027    147    180 +  cm    no 0.71  -
 (28) !   1.1e-09   41.1   0.0  ind_0013_00030    147    181 +  cm    no 0.69  -
 (29) !   1.4e-09   40.8   0.0  ind_0013_00007    147    182 +  cm    no 0.58  -
 (30) !   1.5e-09   40.7   0.0  ind_0013_00042    147    182 +  cm    no 0.58  -
 (31) !   1.9e-09   40.3   0.0  ind_0013_00043    147    182 +  cm    no 0.69  -
 (32) !   2.2e-09   40.1   0.0  ind_0013_00046    147    182 +  cm    no 0.61  -
 (33) !   3.4e-09   39.3   0.0  ind_0013_00028    147    182 +  cm    no 0.64  -
 (34) !   7.8e-09   38.0   0.0  ind_0013_00044    147    182 +  cm    no 0.61  -
 (35) !   1.3e-08   37.2   0.0  ind_0013_00033    147    179 +  cm    no 0.61  -
 (36) !   1.7e-08   36.7   0.0  ind_0013_00005    147    182 +  cm    no 0.67  -
 (37) !   1.9e-08   36.6   0.0  ind_0013_00016    147    181 +  cm    no 0.60  -
 (38) !   2.1e-08   36.4   0.0  ind_0013_00017    147    182 +  cm    no 0.56  -
 (39) !   2.5e-08   36.1   0.0  ind_0013_00036    147    182 +  cm    no 0.56  -
 (40) !   2.9e-08   35.9   0.0  ind_0013_00009    147    182 +  cm    no 0.58  -
 (41) !   5.1e-08   34.9   0.0  ind_0013_00025    147    182 +  cm    no 0.61  -
 (42) !   5.5e-08   34.8   0.0  ind_0013_00010    147    182 +  cm    no 0.61  -
 (43) !   8.5e-08   34.1   0.0  ind_0013_00037    147    182 +  cm    no 0.61  -
 (44) !   1.2e-07   33.5   0.0  ind_0013_00045    147    182 +  cm    no 0.61  -
 (45) !   3.2e-07   31.9   0.0  ind_0013_00011    147    179 +  cm    no 0.61  -
 (46) !     5e-07   31.2   0.0  ind_0013_00008    147    182 +  cm    no 0.67  -
 (47) !     6e-07   30.9   0.0  ind_0013_00020    147    182 +  cm    no 0.61  -
 (48) !   9.7e-07   30.1   0.0  ind_0013_00021    147    182 +  cm    no 0.61  -
 (49) !   1.1e-05   26.2   0.0  ind_0013_00031    147    182 +  cm    no 0.56  -
 (50) !   0.00014   22.0   0.0  ind_0013_00034    147    182 +  cm    no 0.56  -
 ------ inclusion threshold ------
 (51) ?      0.09   11.4   0.0  ind_0013_00035    155    128 -  cm    no 0.50  -
 (52) ?       8.8    3.9   0.0  ind_0013_00035    127    112 -  cm    no 0.44  -
 (53) ?   4.2e+02   -2.4   0.0  ind_0013_00023    187    197 +  cm    3' 0.45  -
 (54) ?   5.4e+02   -2.8   0.0  ind_0013_00011    187    197 +  cm    3' 0.45  -
 (55) ?   5.8e+02   -2.9   0.0  ind_0013_00043    187    197 +  cm    3' 0.64  -


Hit alignments:
>> ind_0013_00000  
 rank     E-value  score  bias mdl mdl from   mdl to       seq from      seq to       acc trunc   gc
 ----   --------- ------ ----- --- -------- --------    ----------- -----------      ---- ----- ----
  (1) !   2.8e-14   58.5   0.0  cm        1       36 []         147         182 + .. 1.00    no 0.64

                                                          NC
                     :::::<<<--<<<<<<_________>>>>>>-->>> CS
  patent_aligned   1 GGUCAGACCCUGGUCCGGGGCAAUGGGACCACUGUU 36 
                     GGUCA:ACCCUGGUCCGGGG AAUGGGACCACUGU:
  ind_0013_00000 147 GGUCAGACCCUGGUCCGGGGAAAUGGGACCACUGUC 182
                     ************************************ PP

>> ind_0013_00013  
 rank     E-value  score  bias mdl mdl from   mdl to       seq from      seq to       acc trunc   gc
 ----   --------- ------ ----- --- -------- --------    ----------- -----------      ---- ----- ----
  (2) !   2.8e-14   58.5   0.0  cm        1       36 []         147         182 + .. 1.00    no 0.64

                                                          NC
                     :::::<<<--<<<<<<_________>>>>>>-->>> CS
  patent_aligned   1 GGUCAGACCCUGGUCCGGGGCAAUGGGACCACUGUU 36 
                     GGUCA:ACCCUGGUCCGGGG AAUGGGACCACUGU:
  ind_0013_00013 147 GGUCAGACCCUGGUCCGGGGAAAUGGGACCACUGUC 182
                     ************************************ PP

>> ind_0013_00022  
 rank     E-value  score  bias mdl mdl from   mdl to       seq from      seq to       acc trunc   gc
 ----   --------- ------ ----- --- -------- --------    ----------- -----------      ---- ----- ----
  (3) !   3.3e-13   54.5   0.0  cm        1       36 []         147         182 + .. 1.00    no 0.61

                                                          NC
                     :::::<<<--<<<<<<_________>>>>>>-->>> CS
  patent_aligned   1 GGUCAGACCCUGGUCCGGGGCAAUGGGACCACUGUU 36 
                     GGUCAGACCCUGGUCCG GG AAUGGGACCACUGUU
  ind_0013_00022 147 GGUCAGACCCUGGUCCGUGGGAAUGGGACCACUGUU 182
                     ************************************ PP

>> ind_0013_00002  
 rank     E-value  score  bias mdl mdl from   mdl to       seq from      seq to       acc trunc   gc
 ----   --------- ------ ----- --- -------- --------    ----------- -----------      ---- ----- ----
  (4) !   4.8e-13   53.8   0.0  cm        1       36 []         147         182 + .. 1.00    no 0.64

                                                          NC
                     :::::<<<--<<<<<<_________>>>>>>-->>> CS
  patent_aligned   1 GGUCAGACCCUGGUCCGGGGCAAUGGGACCACUGUU 36 
                     GGUCAGACCCUGGUCCG GG AAUGGGACCACUGUU
  ind_0013_00002 147 GGUCAGACCCUGGUCCGCGGGAAUGGGACCACUGUU 182
                     ************************************ PP

>> ind_0013_00003  
 rank     E-value  score  bias mdl mdl from   mdl to       seq from      seq to       acc trunc   gc
 ----   --------- ------ ----- --- -------- --------    ----------- -----------      ---- ----- ----
  (5) !   4.8e-13   53.8   0.0  cm        1       36 []         147         182 + .. 1.00    no 0.64

                                                          NC
                     :::::<<<--<<<<<<_________>>>>>>-->>> CS
  patent_aligned   1 GGUCAGACCCUGGUCCGGGGCAAUGGGACCACUGUU 36 
                     GGUCAGACCCUGGUCCG GG AAUGGGACCACUGUU
  ind_0013_00003 147 GGUCAGACCCUGGUCCGCGGGAAUGGGACCACUGUU 182
                     ************************************ PP

>> ind_0013_00004  
 rank     E-value  score  bias mdl mdl from   mdl to       seq from      seq to       acc trunc   gc
 ----   --------- ------ ----- --- -------- --------    ----------- -----------      ---- ----- ----
  (6) !   4.8e-13   53.8   0.0  cm        1       36 []         147         182 + .. 1.00    no 0.64

                                                          NC
                     :::::<<<--<<<<<<_________>>>>>>-->>> CS
  patent_aligned   1 GGUCAGACCCUGGUCCGGGGCAAUGGGACCACUGUU 36 
                     GGUCAGACCCUGGUCCG GG AAUGGGACCACUGUU
  ind_0013_00004 147 GGUCAGACCCUGGUCCGCGGGAAUGGGACCACUGUU 182
                     ************************************ PP

>> ind_0013_00029  
 rank     E-value  score  bias mdl mdl from   mdl to       seq from      seq to       acc trunc   gc
 ----   --------- ------ ----- --- -------- --------    ----------- -----------      ---- ----- ----
  (7) !   4.8e-13   53.8   0.0  cm        1       36 []         147         182 + .. 1.00    no 0.64

                                                          NC
                     :::::<<<--<<<<<<_________>>>>>>-->>> CS
  patent_aligned   1 GGUCAGACCCUGGUCCGGGGCAAUGGGACCACUGUU 36 
                     GGUCAGACCCUGGUCCG GG AAUGGGACCACUGUU
  ind_0013_00029 147 GGUCAGACCCUGGUCCGCGGGAAUGGGACCACUGUU 182
                     ************************************ PP

>> ind_0013_00049  
 rank     E-value  score  bias mdl mdl from   mdl to       seq from      seq to       acc trunc   gc
 ----   --------- ------ ----- --- -------- --------    ----------- -----------      ---- ----- ----
  (8) !   4.8e-13   53.8   0.0  cm        1       36 []         147         182 + .. 1.00    no 0.64

                                                          NC
                     :::::<<<--<<<<<<_________>>>>>>-->>> CS
  patent_aligned   1 GGUCAGACCCUGGUCCGGGGCAAUGGGACCACUGUU 36 
                     GGUCAGACCCUGGUCCG GG AAUGGGACCACUGUU
  ind_0013_00049 147 GGUCAGACCCUGGUCCGCGGGAAUGGGACCACUGUU 182
                     ************************************ PP

>> ind_0013_00006  
 rank     E-value  score  bias mdl mdl from   mdl to       seq from      seq to       acc trunc   gc
 ----   --------- ------ ----- --- -------- --------    ----------- -----------      ---- ----- ----
  (9) !   7.5e-13   53.1   0.0  cm        1       36 []         147         182 + .. 1.00    no 0.61

                                                          NC
                     :::::<<<--<<<<<<_________>>>>>>-->>> CS
  patent_aligned   1 GGUCAGACCCUGGUCCGGGGCAAUGGGACCACUGUU 36 
                     GGUCA:ACC UGGUCCGGGG AAUGGGACCACUGU:
  ind_0013_00006 147 GGUCAGACCAUGGUCCGGGGAAAUGGGACCACUGUC 182
                     ************************************ PP

>> ind_0013_00015  
 rank     E-value  score  bias mdl mdl from   mdl to       seq from      seq to       acc trunc   gc
 ----   --------- ------ ----- --- -------- --------    ----------- -----------      ---- ----- ----
 (10) !   8.5e-13   52.9   0.0  cm        1       36 []         147         182 + .. 1.00    no 0.58

                                    v         v           NC
                     :::::<<<--<<<<<<_________>>>>>>-->>> CS
  patent_aligned   1 GGUCAGACCCUGGUCCGGGGCAAUGGGACCACUGUU 36 
                     GGUCAGACC UGGUC GGGGCAAUG GACCACUGUU
  ind_0013_00015 147 GGUCAGACCUUGGUCCGGGGCAAUGUGACCACUGUU 182
                     ************************************ PP

>> ind_0013_00047  
 rank     E-value  score  bias mdl mdl from   mdl to       seq from      seq to       acc trunc   gc
 ----   --------- ------ ----- --- -------- --------    ----------- -----------      ---- ----- ----
 (11) !   2.2e-12   51.3   0.0  cm        1       36 []         147         182 + .. 1.00    no 0.58

                                                          NC
                     :::::<<<--<<<<<<_________>>>>>>-->>> CS
  patent_aligned   1 GGUCAGACCCUGGUCCGGGGCAAUGGGACCACUGUU 36 
                     GGUCAGACCCUGGUC GGGG AA G GACCACUGUU
  ind_0013_00047 147 GGUCAGACCCUGGUCUGGGGUAAAGGGACCACUGUU 182
                     ************************************ PP

>> ind_0013_00040  
 rank     E-value  score  bias mdl mdl from   mdl to       seq from      seq to       acc trunc   gc
 ----   --------- ------ ----- --- -------- --------    ----------- -----------      ---- ----- ----
 (12) !   7.4e-12   49.4   0.0  cm        1       36 []         147         182 + .. 1.00    no 0.64

                                                          NC
                     :::::<<<--<<<<<<_________>>>>>>-->>> CS
  patent_aligned   1 GGUCAGACCCUGGUCCGGGGCAAUGGGACCACUGUU 36 
                     GG CAGACCCUGGUCCG GG AAUGGGACCACUGUU
  ind_0013_00040 147 GGACAGACCCUGGUCCGCGGGAAUGGGACCACUGUU 182
                     ************************************ PP

>> ind_0013_00023  
 rank     E-value  score  bias mdl mdl from   mdl to       seq from      seq to       acc trunc   gc
 ----   --------- ------ ----- --- -------- --------    ----------- -----------      ---- ----- ----
 (13) !   7.4e-12   49.4   0.0  cm        1       36 []         147         181 + .. 1.00    no 0.66

                          v                             v NC
                     :::::<<<--<<<<<<_________>>>>>>-->>> CS
  patent_aligned   1 GGUCAGACCCUGGUCCGGGGCAAUGGGACCACUGUU 36 
                     GGUCAGACCCUGGUCCG GG AAUGGGACCACUGU 
  ind_0013_00023 147 GGUCAGACCCUGGUCCGCGGGAAUGGGACCACUGU- 181
                     ***********************************. PP

>> ind_0013_00032  
 rank     E-value  score  bias mdl mdl from   mdl to       seq from      seq to       acc trunc   gc
 ----   --------- ------ ----- --- -------- --------    ----------- -----------      ---- ----- ----
 (14) !   7.4e-12   49.4   0.0  cm        1       36 []         147         181 + .. 1.00    no 0.66

                          v                             v NC
                     :::::<<<--<<<<<<_________>>>>>>-->>> CS
  patent_aligned   1 GGUCAGACCCUGGUCCGGGGCAAUGGGACCACUGUU 36 
                     GGUCAGACCCUGGUCCG GG AAUGGGACCACUGU 
  ind_0013_00032 147 GGUCAGACCCUGGUCCGCGGGAAUGGGACCACUGU- 181
                     ***********************************. PP

>> ind_0013_00024  
 rank     E-value  score  bias mdl mdl from   mdl to       seq from      seq to       acc trunc   gc
 ----   --------- ------ ----- --- -------- --------    ----------- -----------      ---- ----- ----
 (15) !   9.6e-12   49.0   0.0  cm        1       36 []         147         182 + .. 0.99    no 0.61

                                                          NC
                     :::::<<<--<<<<<<_________>>>>>>-->>> CS
  patent_aligned   1 GGUCAGACCCUGGUCCGGGGCAAUGGGACCACUGUU 36 
                     GGUCAGACCCUGGUCCG GG AAU GGACCACUGUU
  ind_0013_00024 147 GGUCAGACCCUGGUCCGCGGGAAUAGGACCACUGUU 182
                     ************************************ PP

>> ind_0013_00041  
 rank     E-value  score  bias mdl mdl from   mdl to       seq from      seq to       acc trunc   gc
 ----   --------- ------ ----- --- -------- --------    ----------- -----------      ---- ----- ----
 (16) !   1.1e-11   48.8   0.0  cm        1       36 []         147         182 + .. 1.00    no 0.61

                                                          NC
                     :::::<<<--<<<<<<_________>>>>>>-->>> CS
  patent_aligned   1 GGUCAGACCCUGGUCCGGGGCAAUGGGACCACUGUU 36 
                     G UCAGACCCUGGUCCG GG AAUGGGACCACUGUU
  ind_0013_00041 147 GUUCAGACCCUGGUCCGCGGGAAUGGGACCACUGUU 182
                     ************************************ PP

>> ind_0013_00039  
 rank     E-value  score  bias mdl mdl from   mdl to       seq from      seq to       acc trunc   gc
 ----   --------- ------ ----- --- -------- --------    ----------- -----------      ---- ----- ----
 (17) !   1.2e-11   48.6   0.0  cm        1       36 []         147         182 + .. 1.00    no 0.67

                                                          NC
                     :::::<<<--<<<<<<_________>>>>>>-->>> CS
  patent_aligned   1 GGUCAGACCCUGGUCCGGGGCAAUGGGACCACUGUU 36 
                     GGUC GACCCUGGUCCG GG AAUGGGACCACUGUU
  ind_0013_00039 147 GGUCGGACCCUGGUCCGCGGGAAUGGGACCACUGUU 182
                     ************************************ PP

>> ind_0013_00018  
 rank     E-value  score  bias mdl mdl from   mdl to       seq from      seq to       acc trunc   gc
 ----   --------- ------ ----- --- -------- --------    ----------- -----------      ---- ----- ----
 (18) !   2.6e-11   47.3   0.0  cm        1       36 []         147         182 + .. 1.00    no 0.58

                                                          NC
                     :::::<<<--<<<<<<_________>>>>>>-->>> CS
  patent_aligned   1 GGUCAGACCCUGGUCCGGGGCAAUGGGACCACUGUU 36 
                     GGUCA:ACCCUG UC GGGG AAUG GA CACUGU:
  ind_0013_00018 147 GGUCAGACCCUGGUCUGGGGAAAUGGGAUCACUGUC 182
                     ************************************ PP

>> ind_0013_00019  
 rank     E-value  score  bias mdl mdl from   mdl to       seq from      seq to       acc trunc   gc
 ----   --------- ------ ----- --- -------- --------    ----------- -----------      ---- ----- ----
 (19) !   1.1e-10   45.0   0.0  cm        1       36 []         147         182 + .. 1.00    no 0.61

                                    v         v           NC
                     :::::<<<--<<<<<<_________>>>>>>-->>> CS
  patent_aligned   1 GGUCAGACCCUGGUCCGGGGCAAUGGGACCACUGUU 36 
                     GGUCAGACCCUGGUC G GG AAUG GACCACUGUU
  ind_0013_00019 147 GGUCAGACCCUGGUCCGCGGGAAUGUGACCACUGUU 182
                     ************************************ PP

>> ind_0013_00014  
 rank     E-value  score  bias mdl mdl from   mdl to       seq from      seq to       acc trunc   gc
 ----   --------- ------ ----- --- -------- --------    ----------- -----------      ---- ----- ----
 (20) !   1.1e-10   45.0   0.0  cm        1       36 []         147         182 + .. 1.00    no 0.61

                                   v           v          NC
                     :::::<<<--<<<<<<_________>>>>>>-->>> CS
  patent_aligned   1 GGUCAGACCCUGGUCCGGGGCAAUGGGACCACUGUU 36 
                     GGUCAGACCCUGGU CG GG AAUGG ACCACUGUU
  ind_0013_00014 147 GGUCAGACCCUGGUCCGCGGGAAUGGUACCACUGUU 182
                     ************************************ PP

>> ind_0013_00001  
 rank     E-value  score  bias mdl mdl from   mdl to       seq from      seq to       acc trunc   gc
 ----   --------- ------ ----- --- -------- --------    ----------- -----------      ---- ----- ----
 (21) !   1.2e-10   44.9   0.0  cm        1       36 []         147         182 + .. 1.00    no 0.61

                                                          NC
                     :::::<<<--<<<<<<_________>>>>>>-->>> CS
  patent_aligned   1 GGUCAGACCCUGGUCCGGGGCAAUGGGACCACUGUU 36 
                     GGUC GACC UGGUCCG GG AAUGGGACCACUGUU
  ind_0013_00001 147 GGUCGGACCUUGGUCCGCGGAAAUGGGACCACUGUU 182
                     ************************************ PP

>> ind_0013_00026  
 rank     E-value  score  bias mdl mdl from   mdl to       seq from      seq to       acc trunc   gc
 ----   --------- ------ ----- --- -------- --------    ----------- -----------      ---- ----- ----
 (22) !   1.2e-10   44.9   0.0  cm        1       36 []         147         182 + .. 1.00    no 0.61

                                                          NC
                     :::::<<<--<<<<<<_________>>>>>>-->>> CS
  patent_aligned   1 GGUCAGACCCUGGUCCGGGGCAAUGGGACCACUGUU 36 
                     GGUC GACC UGGUCCG GG AAUGGGACCACUGUU
  ind_0013_00026 147 GGUCGGACCUUGGUCCGCGGAAAUGGGACCACUGUU 182
                     ************************************ PP

>> ind_0013_00048  
 rank     E-value  score  bias mdl mdl from   mdl to       seq from      seq to       acc trunc   gc
 ----   --------- ------ ----- --- -------- --------    ----------- -----------      ---- ----- ----
 (23) !   1.2e-10   44.9   0.0  cm        1       36 []         147         182 + .. 1.00    no 0.61

                                                          NC
                     :::::<<<--<<<<<<_________>>>>>>-->>> CS
  patent_aligned   1 GGUCAGACCCUGGUCCGGGGCAAUGGGACCACUGUU 36 
                     GGUC GACC UGGUCCG GG AAUGGGACCACUGUU
  ind_0013_00048 147 GGUCGGACCUUGGUCCGCGGAAAUGGGACCACUGUU 182
                     ************************************ PP

>> ind_0013_00038  
 rank     E-value  score  bias mdl mdl from   mdl to       seq from      seq to       acc trunc   gc
 ----   --------- ------ ----- --- -------- --------    ----------- -----------      ---- ----- ----
 (24) !   1.6e-10   44.4   0.0  cm        1       36 []         147         182 + .. 1.00    no 0.61

                                   v           v          NC
                     :::::<<<--<<<<<<_________>>>>>>-->>> CS
  patent_aligned   1 GGUCAGACCCUGGUCCGGGGCAAUGGGACCACUGUU 36 
                     GGUCAGACCCUGGU CG GG AAUGG ACCACUGUU
  ind_0013_00038 147 GGUCAGACCCUGGUACGCGGGAAUGGGACCACUGUU 182
                     ************************************ PP

>> ind_0013_00035  
 rank     E-value  score  bias mdl mdl from   mdl to       seq from      seq to       acc trunc   gc
 ----   --------- ------ ----- --- -------- --------    ----------- -----------      ---- ----- ----
 (25) !   2.1e-10   43.9   0.0  cm        1       36 []         147         182 + .. 1.00    no 0.67

                                                          NC
                     :::::<<<--<<<<<<_________>>>>>>-->>> CS
  patent_aligned   1 GGUCAGACCCUGGUCCGGGGCAAUGGGACCACUGUU 36 
                     GGUC GACCCUGGUCCG GG AAUGGGACCAC GUU
  ind_0013_00035 147 GGUCUGACCCUGGUCCGCGGGAAUGGGACCACCGUU 182
                     ************************************ PP

>> ind_0013_00012  
 rank     E-value  score  bias mdl mdl from   mdl to       seq from      seq to       acc trunc   gc
 ----   --------- ------ ----- --- -------- --------    ----------- -----------      ---- ----- ----
 (26) !   7.8e-10   41.7   0.0  cm        1       36 []         147         182 + .. 1.00    no 0.64

                               v                   v      NC
                     :::::<<<--<<<<<<_________>>>>>>-->>> CS
  patent_aligned   1 GGUCAGACCCUGGUCCGGGGCAAUGGGACCACUGUU 36 
                     GG CAGACCC GGUCCG GG AAUGGGACC CUGUU
  ind_0013_00012 147 GGGCAGACCCCGGUCCGUGGAAAUGGGACCACUGUU 182
                     ************************************ PP

>> ind_0013_00027  
 rank     E-value  score  bias mdl mdl from   mdl to       seq from      seq to       acc trunc   gc
 ----   --------- ------ ----- --- -------- --------    ----------- -----------      ---- ----- ----
 (27) !   8.1e-10   41.7   0.0  cm        1       36 []         147         180 + .. 1.00    no 0.71

                          vv                           vv NC
                     :::::<<<--<<<<<<_________>>>>>>-->>> CS
  patent_aligned   1 GGUCAGACCCUGGUCCGGGGCAAUGGGACCACUGUU 36 
                     GGUC GACCCUGGUCCG GG AAUGGGACCACUG  
  ind_0013_00027 147 GGUCGGACCCUGGUCCGCGGGAAUGGGACCACUG-- 180
                     **********************************.. PP

>> ind_0013_00030  
 rank     E-value  score  bias mdl mdl from   mdl to       seq from      seq to       acc trunc   gc
 ----   --------- ------ ----- --- -------- --------    ----------- -----------      ---- ----- ----
 (28) !   1.1e-09   41.1   0.0  cm        1       36 []         147         181 + .. 1.00    no 0.69

                          v    v                   v    v NC
                     :::::<<<--<<<<<<_________>>>>>>-->>> CS
  patent_aligned   1 GGUCAGACCCUGGUCCGGGGCAAUGGGACCACUGUU 36 
                     GGUCAGACCC GGUCCG GG AAUGGGACC CUGU 
  ind_0013_00030 147 GGUCAGACCCCGGUCCGCGGGAAUGGGACCACUGU- 181
                     ***********************************. PP

>> ind_0013_00007  
 rank     E-value  score  bias mdl mdl from   mdl to       seq from      seq to       acc trunc   gc
 ----   --------- ------ ----- --- -------- --------    ----------- -----------      ---- ----- ----
 (29) !   1.4e-09   40.8   0.0  cm        1       36 []         147         182 + .. 1.00    no 0.58

                                                          NC
                     :::::<<<--<<<<<<_________>>>>>>-->>> CS
  patent_aligned   1 GGUCAGACCCUGGUCCGGGGCAAUGGGACCACUGUU 36 
                     GGUC GACC UGGUCCG GG AA GGGACCACUGUU
  ind_0013_00007 147 GGUCGGACCUUGGUCCGUGGAAAAGGGACCACUGUU 182
                     ************************************ PP

>> ind_0013_00042  
 rank     E-value  score  bias mdl mdl from   mdl to       seq from      seq to       acc trunc   gc
 ----   --------- ------ ----- --- -------- --------    ----------- -----------      ---- ----- ----
 (30) !   1.5e-09   40.7   0.0  cm        1       36 []         147         182 + .. 1.00    no 0.58

                                    v         v           NC
                     :::::<<<--<<<<<<_________>>>>>>-->>> CS
  patent_aligned   1 GGUCAGACCCUGGUCCGGGGCAAUGGGACCACUGUU 36 
                     GGUCAGACCCUGGUC G GG AAUG GACCAC GUU
  ind_0013_00042 147 GGUCAGACCCUGGUCUGCGGGAAUGUGACCACAGUU 182
                     ************************************ PP

>> ind_0013_00043  
 rank     E-value  score  bias mdl mdl from   mdl to       seq from      seq to       acc trunc   gc
 ----   --------- ------ ----- --- -------- --------    ----------- -----------      ---- ----- ----
 (31) !   1.9e-09   40.3   0.0  cm        1       36 []         147         182 + .. 1.00    no 0.69

                                   v           v          NC
                     :::::<<<--<<<<<<_________>>>>>>-->>> CS
  patent_aligned   1 GGUCAGACCCUGGUCCGGGGCAAUGGGACCACUGUU 36 
                     GGUCAGACCCUGG  CG GG AAUGG  CCACUGUU
  ind_0013_00043 147 GGUCAGACCCUGGCCCGCGGGAAUGGCGCCACUGUU 182
                     ************************************ PP

>> ind_0013_00046  
 rank     E-value  score  bias mdl mdl from   mdl to       seq from      seq to       acc trunc   gc
 ----   --------- ------ ----- --- -------- --------    ----------- -----------      ---- ----- ----
 (32) !   2.2e-09   40.1   0.0  cm        1       36 []         147         182 + .. 1.00    no 0.61

                                 v               v        NC
                     :::::<<<--<<<<<<_________>>>>>>-->>> CS
  patent_aligned   1 GGUCAGACCCUGGUCCGGGGCAAUGGGACCACUGUU 36 
                     GGU AGACCCUG UCCG GG AAUGGGA CACUGUU
  ind_0013_00046 147 GGUGAGACCCUGAUCCGCGGGAAUGGGACCACUGUU 182
                     ************************************ PP

>> ind_0013_00028  
 rank     E-value  score  bias mdl mdl from   mdl to       seq from      seq to       acc trunc   gc
 ----   --------- ------ ----- --- -------- --------    ----------- -----------      ---- ----- ----
 (33) !   3.4e-09   39.3   0.0  cm        1       36 []         147         182 + .. 1.00    no 0.64

                                                          NC
                     :::::<<<--<<<<<<_________>>>>>>-->>> CS
  patent_aligned   1 GGUCAGACCCUGGUCCGGGGCAAUGGGACCACUGUU 36 
                     GGUC GACC UGGUCCG GG AAUGGGACCAC GUU
  ind_0013_00028 147 GGUCGGACCUUGGUCCGCGGAAAUGGGACCACGGUU 182
                     ************************************ PP

>> ind_0013_00044  
 rank     E-value  score  bias mdl mdl from   mdl to       seq from      seq to       acc trunc   gc
 ----   --------- ------ ----- --- -------- --------    ----------- -----------      ---- ----- ----
 (34) !   7.8e-09   38.0   0.0  cm        1       36 []         147         182 + .. 0.97    no 0.61

                               v                   v      NC
                     :::::<<<--<<<<<<_________>>>>>>-->>> CS
  patent_aligned   1 GGUCAGACCCUGGUCCGGGGCAAUGGGACCACUGUU 36 
                     GGUC GACCC GGUC GGGGCAA   GACC CUGUU
  ind_0013_00044 147 GGUCGGACCCUGGUCUGGGGCAAAAGGACCUCUGUU 182
                     *********************88779********** PP

>> ind_0013_00033  
 rank     E-value  score  bias mdl mdl from   mdl to       seq from      seq to       acc trunc   gc
 ----   --------- ------ ----- --- -------- --------    ----------- -----------      ---- ----- ----
 (35) !   1.3e-08   37.2   0.0  cm        1       36 []         147         179 + .. 1.00    no 0.61

                          vvv                         vvv NC
                     :::::<<<--<<<<<<_________>>>>>>-->>> CS
  patent_aligned   1 GGUCAGACCCUGGUCCGGGGCAAUGGGACCACUGUU 36 
                     GGUCAGA CCUGGUCCG GG AAUGGGACCA U   
  ind_0013_00033 147 GGUCAGAACCUGGUCCGCGGGAAUGGGACCAAU--- 179
                     *********************************... PP

>> ind_0013_00005  
 rank     E-value  score  bias mdl mdl from   mdl to       seq from      seq to       acc trunc   gc
 ----   --------- ------ ----- --- -------- --------    ----------- -----------      ---- ----- ----
 (36) !   1.7e-08   36.7   0.0  cm        1       36 []         147         182 + .. 1.00    no 0.67

                           v      v             v      v  NC
                     :::::<<<--<<<<<<_________>>>>>>-->>> CS
  patent_aligned   1 GGUCAGACCCUGGUCCGGGGCAAUGGGACCACUGUU 36 
                     GGUCAG CCCUGG CCG GG AAUGGG CCACUG U
  ind_0013_00005 147 GGUCAGUCCCUGGUCCGCGGGAAUGGGCCCACUGUU 182
                     ************************************ PP

>> ind_0013_00016  
 rank     E-value  score  bias mdl mdl from   mdl to       seq from      seq to       acc trunc   gc
 ----   --------- ------ ----- --- -------- --------    ----------- -----------      ---- ----- ----
 (37) !   1.9e-08   36.6   0.0  cm        1       36 []         147         181 + .. 1.00    no 0.60

                          v                             v NC
                     :::::<<<--<<<<<<_________>>>>>>-->>> CS
  patent_aligned   1 GGUCAGACCCUGGUCCGGGGCAAUGGGACCACUGUU 36 
                     GGUC  ACC UGGUCCG GG AAUGGGACCACUGU 
  ind_0013_00016 147 GGUCGCACCUUGGUCCGUGGAAAUGGGACCACUGU- 181
                     ***********************************. PP

>> ind_0013_00017  
 rank     E-value  score  bias mdl mdl from   mdl to       seq from      seq to       acc trunc   gc
 ----   --------- ------ ----- --- -------- --------    ----------- -----------      ---- ----- ----
 (38) !   2.1e-08   36.4   0.0  cm        1       36 []         147         182 + .. 1.00    no 0.56

                            v                         v   NC
                     :::::<<<--<<<<<<_________>>>>>>-->>> CS
  patent_aligned   1 GGUCAGACCCUGGUCCGGGGCAAUGGGACCACUGUU 36 
                     GGUC GA C UGGUCCG GG AAUGGGACCACU UU
  ind_0013_00017 147 GGUCGGAACUUGGUCCGUGGAAAUGGGACCACUGUU 182
                     ************************************ PP

>> ind_0013_00036  
 rank     E-value  score  bias mdl mdl from   mdl to       seq from      seq to       acc trunc   gc
 ----   --------- ------ ----- --- -------- --------    ----------- -----------      ---- ----- ----
 (39) !   2.5e-08   36.1   0.0  cm        1       36 []         147         182 + .. 0.97    no 0.56

                                                          NC
                     :::::<<<--<<<<<<_________>>>>>>-->>> CS
  patent_aligned   1 GGUCAGACCCUGGUCCGGGGCAAUGGGACCACUGUU 36 
                     GGUC GACC UGGUCCG G  AA GGGACCACUGUU
  ind_0013_00036 147 GGUCGGACCUUGGUCCGUGAAAAAGGGACCACUGUU 182
                     *****************99889999*********** PP

>> ind_0013_00009  
 rank     E-value  score  bias mdl mdl from   mdl to       seq from      seq to       acc trunc   gc
 ----   --------- ------ ----- --- -------- --------    ----------- -----------      ---- ----- ----
 (40) !   2.9e-08   35.9   0.0  cm        1       36 []         147         182 + .. 1.00    no 0.58

                                 v               v        NC
                     :::::<<<--<<<<<<_________>>>>>>-->>> CS
  patent_aligned   1 GGUCAGACCCUGGUCCGGGGCAAUGGGACCACUGUU 36 
                     GGUC GACC UG UCCG GG AAUGGGA CACUGUU
  ind_0013_00009 147 GGUCGGACCUUGGUCCGCGGAAAUGGGAACACUGUU 182
                     ************************************ PP

>> ind_0013_00025  
 rank     E-value  score  bias mdl mdl from   mdl to       seq from      seq to       acc trunc   gc
 ----   --------- ------ ----- --- -------- --------    ----------- -----------      ---- ----- ----
 (41) !   5.1e-08   34.9   0.0  cm        1       36 []         147         182 + .. 0.99    no 0.61

                                                          NC
                     :::::<<<--<<<<<<_________>>>>>>-->>> CS
  patent_aligned   1 GGUCAGACCCUGGUCCGGGGCAAUGGGACCACUGUU 36 
                     GGU  GACC UGGUCCG GG AA GGGACCACUGUU
  ind_0013_00025 147 GGUUGGACCUUGGUCCGCGGGAAAGGGACCACUGUU 182
                     ************************************ PP

>> ind_0013_00010  
 rank     E-value  score  bias mdl mdl from   mdl to       seq from      seq to       acc trunc   gc
 ----   --------- ------ ----- --- -------- --------    ----------- -----------      ---- ----- ----
 (42) !   5.5e-08   34.8   0.0  cm        1       36 []         147         182 + .. 0.99    no 0.61

                                                          NC
                     :::::<<<--<<<<<<_________>>>>>>-->>> CS
  patent_aligned   1 GGUCAGACCCUGGUCCGGGGCAAUGGGACCACUGUU 36 
                      GUC GACC UGGUCCG GG AA GGGACCACUGUU
  ind_0013_00010 147 UGUCGGACCUUGGUCCGCGGGAAAGGGACCACUGUU 182
                     ************************************ PP

>> ind_0013_00037  
 rank     E-value  score  bias mdl mdl from   mdl to       seq from      seq to       acc trunc   gc
 ----   --------- ------ ----- --- -------- --------    ----------- -----------      ---- ----- ----
 (43) !   8.5e-08   34.1   0.0  cm        1       36 []         147         182 + .. 0.93    no 0.61

                                                          NC
                     :::::<<<--<<<<<<_________>>>>>>-->>> CS
  patent_aligned   1 GGUCAGACCCUGGUCCGGGGCAAUGGGACCACUGUU 36 
                     GGUC GACCCUG UCCG G  AA GGGA CACUGUU
  ind_0013_00037 147 GGUCGGACCCUGGUCCGCGAGAAAGGGAUCACUGUU 182
                     ****************977778888*********** PP

>> ind_0013_00045  
 rank     E-value  score  bias mdl mdl from   mdl to       seq from      seq to       acc trunc   gc
 ----   --------- ------ ----- --- -------- --------    ----------- -----------      ---- ----- ----
 (44) !   1.2e-07   33.5   0.0  cm        1       36 []         147         182 + .. 1.00    no 0.61

                               v v               v v      NC
                     :::::<<<--<<<<<<_________>>>>>>-->>> CS
  patent_aligned   1 GGUCAGACCCUGGUCCGGGGCAAUGGGACCACUGUU 36 
                      GUCAGACCC G UCCG GG AAUGGGA C CUGUU
  ind_0013_00045 147 CGUCAGACCCCGAUCCGCGGAAAUGGGACCACUGUU 182
                     ************************************ PP

>> ind_0013_00011  
 rank     E-value  score  bias mdl mdl from   mdl to       seq from      seq to       acc trunc   gc
 ----   --------- ------ ----- --- -------- --------    ----------- -----------      ---- ----- ----
 (45) !   3.2e-07   31.9   0.0  cm        1       36 []         147         179 + .. 1.00    no 0.61

                          vvv                         vvv NC
                     :::::<<<--<<<<<<_________>>>>>>-->>> CS
  patent_aligned   1 GGUCAGACCCUGGUCCGGGGCAAUGGGACCACUGUU 36 
                     GGU AGA CCUGG CCGG G AAUGGG CCACU   
  ind_0013_00011 147 GGUGAGAACCUGGUCCGGUGAAAUGGGGCCACU--- 179
                     *********************************... PP

>> ind_0013_00008  
 rank     E-value  score  bias mdl mdl from   mdl to       seq from      seq to       acc trunc   gc
 ----   --------- ------ ----- --- -------- --------    ----------- -----------      ---- ----- ----
 (46) !     5e-07   31.2   0.0  cm        1       36 []         147         182 + .. 0.99    no 0.67

                               v                   v      NC
                     :::::<<<--<<<<<<_________>>>>>>-->>> CS
  patent_aligned   1 GGUCAGACCCUGGUCCGGGGCAAUGGGACCACUGUU 36 
                     GGUC GACC  GGUCCG GG AA GGGACC CUGUU
  ind_0013_00008 147 GGUCGGACCUCGGUCCGCGGGAAAGGGACCACUGUU 182
                     ************************************ PP

>> ind_0013_00020  
 rank     E-value  score  bias mdl mdl from   mdl to       seq from      seq to       acc trunc   gc
 ----   --------- ------ ----- --- -------- --------    ----------- -----------      ---- ----- ----
 (47) !     6e-07   30.9   0.0  cm        1       36 []         147         182 + .. 0.99    no 0.61

                          v                             v NC
                     :::::<<<--<<<<<<_________>>>>>>-->>> CS
  patent_aligned   1 GGUCAGACCCUGGUCCGGGGCAAUGGGACCACUGUU 36 
                     GGUC  ACC UGGUCCG GG AA GGGACCACUGU 
  ind_0013_00020 147 GGUCUCACCAUGGUCCGCGGGAAAGGGACCACUGUU 182
                     ************************************ PP

>> ind_0013_00021  
 rank     E-value  score  bias mdl mdl from   mdl to       seq from      seq to       acc trunc   gc
 ----   --------- ------ ----- --- -------- --------    ----------- -----------      ---- ----- ----
 (48) !   9.7e-07   30.1   0.0  cm        1       36 []         147         182 + .. 0.87    no 0.61

                                   v           v          NC
                     :::::<<<--<<<<<<_________>>>>>>-->>> CS
  patent_aligned   1 GGUCAGACCCUGGUCCGGGGCAAUGGGACCACUGUU 36 
                     GGUC GACCCUGGU CG  G AA GG ACCACUGUU
  ind_0013_00021 147 GGUCGGACCCUGGUCCGUUGGAAAGGCACCACUGUU 182
                     **************9986555555577********* PP

>> ind_0013_00031  
 rank     E-value  score  bias mdl mdl from   mdl to       seq from      seq to       acc trunc   gc
 ----   --------- ------ ----- --- -------- --------    ----------- -----------      ---- ----- ----
 (49) !   1.1e-05   26.2   0.0  cm        1       36 []         147         182 + .. 1.00    no 0.56

                            v    v               v    v   NC
                     :::::<<<--<<<<<<_________>>>>>>-->>> CS
  patent_aligned   1 GGUCAGACCCUGGUCCGGGGCAAUGGGACCACUGUU 36 
                     GGUCAGA C UG UCCG GG AAUGGGA CA U UU
  ind_0013_00031 147 GGUCAGACCUUGGUCCGCGGGAAUGGGAGCAAUUUU 182
                     ************************************ PP

>> ind_0013_00034  
 rank     E-value  score  bias mdl mdl from   mdl to       seq from      seq to       acc trunc   gc
 ----   --------- ------ ----- --- -------- --------    ----------- -----------      ---- ----- ----
 (50) !   0.00014   22.0   0.0  cm        1       36 []         147         182 + .. 0.94    no 0.56

                                                       NC
                     :::::<<<--<<<<<<_~~~~~>>>>>>-->>> CS
  patent_aligned   1 GGUCAGACCCUGGUCCG*[8]*GGACCACUGUU 36 
                     GGU  GACC UGGUC G      GACCACUGUU
  ind_0013_00034 147 GGUGGGACCUUGGUCUG*[8]*GGACCACUGUU 182
                     ***************76..9..7********** PP

>> ind_0013_00035  
 rank     E-value  score  bias mdl mdl from   mdl to       seq from      seq to       acc trunc   gc
 ----   --------- ------ ----- --- -------- --------    ----------- -----------      ---- ----- ----
 (51) ?      0.09   11.4   0.0  cm        1       36 []         155         128 - .. 0.99    no 0.50

                                        NC
                     :::::<<<-~~~~~~>>> CS
  patent_aligned   1 GGUCAGACC*[24]*GUU 36 
                     GGUCAGACC      GUU
  ind_0013_00035 155 GGUCAGACC*[16]*GUU 128
                     ********8...*..*** PP

>> ind_0013_00035  
 rank     E-value  score  bias mdl mdl from   mdl to       seq from      seq to       acc trunc   gc
 ----   --------- ------ ----- --- -------- --------    ----------- -----------      ---- ----- ----
 (52) ?       8.8    3.9   0.0  cm        1       36 []         127         112 - .. 0.88    no 0.44

                                        NC
                     :::::<<<-~~~~~~>>> CS
  patent_aligned   1 GGUCAGACC*[24]*GUU 36 
                     GGUCA A C       U 
  ind_0013_00035 127 GGUCACAAC*[ 4]*UUG 112
                     *****9966...9..699 PP

>> ind_0013_00023  
 rank     E-value  score  bias mdl mdl from   mdl to       seq from      seq to       acc trunc   gc
 ----   --------- ------ ----- --- -------- --------    ----------- -----------      ---- ----- ----
 (53) ?   4.2e+02   -2.4   0.0  cm        1       11 [~         187         197 + .~ 1.00    3' 0.45

                          ???  ?       NC
                     :::::<<<--<~~~~~~ CS
  patent_aligned   1 GGUCAGACCCU*[25]> 36 
                     G UCA  CC U      
  ind_0013_00023 187 GCUCAAUCCUU*[ 0]> 197
                     ***********...... PP

>> ind_0013_00011  
 rank     E-value  score  bias mdl mdl from   mdl to       seq from      seq to       acc trunc   gc
 ----   --------- ------ ----- --- -------- --------    ----------- -----------      ---- ----- ----
 (54) ?   5.4e+02   -2.8   0.0  cm        1       11 [~         187         197 + .~ 0.99    3' 0.45

                          ???  ?       NC
                     :::::<<<--<~~~~~~ CS
  patent_aligned   1 GGUCAGACCCU*[25]> 36 
                     G  CA ACC U      
  ind_0013_00011 187 GUGCAAACCUU*[ 0]> 197
                     ***********...... PP

>> ind_0013_00043  
 rank     E-value  score  bias mdl mdl from   mdl to       seq from      seq to       acc trunc   gc
 ----   --------- ------ ----- --- -------- --------    ----------- -----------      ---- ----- ----
 (55) ?   5.8e+02   -2.9   0.0  cm        1       11 [~         187         197 + .~ 1.00    3' 0.64

                          ???  ?       NC
                     :::::<<<--<~~~~~~ CS
  patent_aligned   1 GGUCAGACCCU*[25]> 36 
                     GG C   CCCU      
  ind_0013_00043 187 GGGCUAUCCCU*[ 0]> 197
                     ***********...... PP



Internal CM pipeline statistics summary:
----------------------------------------
Query model(s):                                                  1  (36 consensus positions)
Target sequences:                                               50  (19700 residues searched)
Target sequences re-searched for truncated hits:                50  (10200 residues re-searched)
Windows   passing  local HMM SSV           filter:             259  (0.5168); expected (0.35)
Windows   passing  local HMM Viterbi       filter:                  (off)
Windows   passing  local HMM Viterbi  bias filter:                  (off)
Windows   passing  local HMM Forward       filter:             127  (0.2511); expected (0.02)
Windows   passing  local HMM Forward  bias filter:             124  (0.2422); expected (0.02)
Windows   passing glocal HMM Forward       filter:              89  (0.2202); expected (0.02)
Windows   passing glocal HMM Forward  bias filter:              89  (0.2202); expected (0.02)
Envelopes passing glocal HMM envelope defn filter:              89  (0.1257); expected (0.02)
Envelopes passing  local CM  CYK           filter:              88  (0.1249); expected (0.0001)
Total CM hits reported:                                         55  (0.06348); includes 3 truncated hit(s)

# CPU time: 0.36u 0.00s 00:00:00.36 Elapsed: 00:00:00.37
# Alignment of 50 hits satisfying inclusion thresholds saved to: optimization_a7/38gen/_workspace/cmsearch_logs/gen_0013/patent_cmsearch.sto
//
[ok]
