# cmsearch :: search CM(s) against a sequence database
# INFERNAL 1.1.5 (Sep 2023)
# Copyright (C) 2023 Howard Hughes Medical Institute.
# Freely distributed under the BSD open source license.
# - - - - - - - - - - - - - - - - - - - - - - - - - - - - - - - - - - - -
# query CM file:                         A7_analysis/patent.cm
# target sequence database:              /tmp/tmp5bgl4ork/queries.fa
# output directed to file:               optimization_a7/38gen/_workspace/cmsearch_logs/gen_0024/patent_cmsearch.out
# MSA of significant hits saved to file: optimization_a7/38gen/_workspace/cmsearch_logs/gen_0024/patent_cmsearch.sto
# tabular output of hits:                optimization_a7/38gen/_workspace/cmsearch_logs/gen_0024/patent_cmsearch.tblout
# max ASCII text line length:            unlimited
# sequence reporting threshold:          E-value <= 1000
# number of worker threads:              4
# - - - - - - - - - - - - - - - - - - - - - - - - - - - - - - - - - - - -

Query:       patent_aligned  [CLEN=36]
Hit scores:
 rank     E-value  score  bias  sequence        start    end   mdl trunc   gc  description
 ----   --------- ------ -----  -------------- ------ ------   --- ----- ----  -----------
  (1) !   3.8e-15   61.8   0.0  ind_0024_00000    147    182 +  cm    no 0.61  -
  (2) !   3.8e-15   61.8   0.0  ind_0024_00025    147    182 +  cm    no 0.61  -
  (3) !   3.8e-15   61.8   0.0  ind_0024_00033    147    182 +  cm    no 0.61  -
  (4) !   3.8e-15   61.8   0.0  ind_0024_00036    147    182 +  cm    no 0.61  -
  (5) !   3.8e-15   61.8   0.0  ind_0024_00046    147    182 +  cm    no 0.61  -
  (6) !   3.8e-15   61.8   0.0  ind_0024_00047    147    182 +  cm    no 0.61  -
  (7) !   5.8e-14   57.3   0.0  ind_0024_00035    147    182 +  cm    no 0.58  -
  (8) !   7.7e-14   56.8   0.0  ind_0024_00004    147    182 +  cm    no 0.58  -
  (9) !   9.3e-14   56.5   0.0  ind_0024_00001    147    182 +  cm    no 0.64  -
 (10) !   9.3e-14   56.5   0.0  ind_0024_00002    147    182 +  cm    no 0.64  -
 (11) !   9.3e-14   56.5   0.0  ind_0024_00003    147    182 +  cm    no 0.64  -
 (12) !   9.3e-14   56.5   0.0  ind_0024_00006    147    182 +  cm    no 0.64  -
 (13) !   9.3e-14   56.5   0.0  ind_0024_00007    147    182 +  cm    no 0.64  -
 (14) !   9.3e-14   56.5   0.0  ind_0024_00008    147    182 +  cm    no 0.64  -
 (15) !   9.3e-14   56.5   0.0  ind_0024_00009    147    182 +  cm    no 0.64  -
 (16) !   9.3e-14   56.5   0.0  ind_0024_00011    147    182 +  cm    no 0.64  -
 (17) !   9.3e-14   56.5   0.0  ind_0024_00014    147    182 +  cm    no 0.64  -
 (18) !   9.3e-14   56.5   0.0  ind_0024_00015    147    182 +  cm    no 0.64  -
 (19) !   9.3e-14   56.5   0.0  ind_0024_00018    147    182 +  cm    no 0.64  -
 (20) !   9.3e-14   56.5   0.0  ind_0024_00020    147    182 +  cm    no 0.64  -
 (21) !   9.3e-14   56.5   0.0  ind_0024_00021    147    182 +  cm    no 0.64  -
 (22) !   9.3e-14   56.5   0.0  ind_0024_00027    147    182 +  cm    no 0.64  -
 (23) !   9.3e-14   56.5   0.0  ind_0024_00029    147    182 +  cm    no 0.64  -
 (24) !   9.3e-14   56.5   0.0  ind_0024_00030    147    182 +  cm    no 0.64  -
 (25) !   9.3e-14   56.5   0.0  ind_0024_00031    147    182 +  cm    no 0.64  -
 (26) !   9.3e-14   56.5   0.0  ind_0024_00032    147    182 +  cm    no 0.64  -
 (27) !   9.3e-14   56.5   0.0  ind_0024_00037    147    182 +  cm    no 0.64  -
 (28) !   9.3e-14   56.5   0.0  ind_0024_00038    147    182 +  cm    no 0.64  -
 (29) !   9.3e-14   56.5   0.0  ind_0024_00040    147    182 +  cm    no 0.64  -
 (30) !   9.3e-14   56.5   0.0  ind_0024_00041    147    182 +  cm    no 0.64  -
 (31) !   9.3e-14   56.5   0.0  ind_0024_00044    147    182 +  cm    no 0.64  -
 (32) !   9.3e-14   56.5   0.0  ind_0024_00049    147    182 +  cm    no 0.64  -
 (33) !   2.3e-13   55.0   0.0  ind_0024_00022    147    182 +  cm    no 0.64  -
 (34) !   1.3e-12   52.3   0.0  ind_0024_00043    147    182 +  cm    no 0.67  -
 (35) !   1.4e-12   52.1   0.0  ind_0024_00010    147    182 +  cm    no 0.64  -
 (36) !   1.9e-12   51.6   0.0  ind_0024_00005    147    182 +  cm    no 0.61  -
 (37) !   1.9e-12   51.6   0.0  ind_0024_00012    147    182 +  cm    no 0.61  -
 (38) !   2.4e-12   51.2   0.0  ind_0024_00045    147    182 +  cm    no 0.61  -
 (39) !   2.6e-12   51.1   0.0  ind_0024_00017    147    182 +  cm    no 0.64  -
 (40) !   2.7e-12   51.0   0.0  ind_0024_00048    147    182 +  cm    no 0.67  -
 (41) !   3.1e-12   50.8   0.0  ind_0024_00028    147    182 +  cm    no 0.58  -
 (42) !   3.4e-12   50.7   0.0  ind_0024_00026    147    182 +  cm    no 0.67  -
 (43) !   4.4e-12   50.2   0.0  ind_0024_00023    147    182 +  cm    no 0.64  -
 (44) !   1.2e-11   48.6   0.0  ind_0024_00042    147    182 +  cm    no 0.61  -
 (45) !   3.4e-11   46.9   0.0  ind_0024_00013    147    182 +  cm    no 0.58  -
 (46) !   5.1e-11   46.2   0.0  ind_0024_00034    147    182 +  cm    no 0.69  -
 (47) !   7.3e-11   45.6   0.0  ind_0024_00039    147    182 +  cm    no 0.58  -
 (48) !   1.5e-10   44.4   0.0  ind_0024_00019    147    182 +  cm    no 0.58  -
 (49) !   2.6e-10   43.6   0.0  ind_0024_00016    147    182 +  cm    no 0.58  -
 (50) !   1.7e-09   40.5   0.0  ind_0024_00024    147    182 +  cm    no 0.67  -
 ------ inclusion threshold ------
 (51) ?       0.7    8.0   0.0  ind_0024_00000     35     21 -  cm    no 0.53  -
 (52) ?       0.7    8.0   0.0  ind_0024_00004     35     21 -  cm    no 0.53  -
 (53) ?       0.7    8.0   0.0  ind_0024_00013     35     21 -  cm    no 0.53  -
 (54) ?       0.7    8.0   0.0  ind_0024_00016     35     21 -  cm    no 0.53  -
 (55) ?       0.7    8.0   0.0  ind_0024_00028     35     21 -  cm    no 0.53  -
 (56) ?       0.7    8.0   0.0  ind_0024_00033     35     21 -  cm    no 0.53  -
 (57) ?       0.7    8.0   0.0  ind_0024_00035     35     21 -  cm    no 0.53  -
 (58) ?       0.7    8.0   0.0  ind_0024_00036     35     21 -  cm    no 0.53  -
 (59) ?       0.7    8.0   0.0  ind_0024_00039     35     21 -  cm    no 0.53  -
 (60) ?       0.7    8.0   0.0  ind_0024_00046     35     21 -  cm    no 0.53  -
 (61) ?      0.89    7.6   0.0  ind_0024_00045    187    152 -  cm    no 0.64  -


Hit alignments:
>> ind_0024_00000  
 rank     E-value  score  bias mdl mdl from   mdl to       seq from      seq to       acc trunc   gc
 ----   --------- ------ ----- --- -------- --------    ----------- -----------      ---- ----- ----
  (1) !   3.8e-15   61.8   0.0  cm        1       36 []         147         182 + .. 1.00    no 0.61

                                                          NC
                     :::::<<<--<<<<<<_________>>>>>>-->>> CS
  patent_aligned   1 GGUCAGACCCUGGUCCGGGGCAAUGGGACCACUGUU 36 
                     GGUCAGACC UGGUCCGGGGCAAUGGGACCACUGUU
  ind_0024_00000 147 GGUCAGACCUUGGUCCGGGGCAAUGGGACCACUGUU 182
                     ************************************ PP

>> ind_0024_00025  
 rank     E-value  score  bias mdl mdl from   mdl to       seq from      seq to       acc trunc   gc
 ----   --------- ------ ----- --- -------- --------    ----------- -----------      ---- ----- ----
  (2) !   3.8e-15   61.8   0.0  cm        1       36 []         147         182 + .. 1.00    no 0.61

                                                          NC
                     :::::<<<--<<<<<<_________>>>>>>-->>> CS
  patent_aligned   1 GGUCAGACCCUGGUCCGGGGCAAUGGGACCACUGUU 36 
                     GGUCAGACC UGGUCCGGGGCAAUGGGACCACUGUU
  ind_0024_00025 147 GGUCAGACCUUGGUCCGGGGCAAUGGGACCACUGUU 182
                     ************************************ PP

>> ind_0024_00033  
 rank     E-value  score  bias mdl mdl from   mdl to       seq from      seq to       acc trunc   gc
 ----   --------- ------ ----- --- -------- --------    ----------- -----------      ---- ----- ----
  (3) !   3.8e-15   61.8   0.0  cm        1       36 []         147         182 + .. 1.00    no 0.61

                                                          NC
                     :::::<<<--<<<<<<_________>>>>>>-->>> CS
  patent_aligned   1 GGUCAGACCCUGGUCCGGGGCAAUGGGACCACUGUU 36 
                     GGUCAGACC UGGUCCGGGGCAAUGGGACCACUGUU
  ind_0024_00033 147 GGUCAGACCUUGGUCCGGGGCAAUGGGACCACUGUU 182
                     ************************************ PP

>> ind_0024_00036  
 rank     E-value  score  bias mdl mdl from   mdl to       seq from      seq to       acc trunc   gc
 ----   --------- ------ ----- --- -------- --------    ----------- -----------      ---- ----- ----
  (4) !   3.8e-15   61.8   0.0  cm        1       36 []         147         182 + .. 1.00    no 0.61

                                                          NC
                     :::::<<<--<<<<<<_________>>>>>>-->>> CS
  patent_aligned   1 GGUCAGACCCUGGUCCGGGGCAAUGGGACCACUGUU 36 
                     GGUCAGACC UGGUCCGGGGCAAUGGGACCACUGUU
  ind_0024_00036 147 GGUCAGACCUUGGUCCGGGGCAAUGGGACCACUGUU 182
                     ************************************ PP

>> ind_0024_00046  
 rank     E-value  score  bias mdl mdl from   mdl to       seq from      seq to       acc trunc   gc
 ----   --------- ------ ----- --- -------- --------    ----------- -----------      ---- ----- ----
  (5) !   3.8e-15   61.8   0.0  cm        1       36 []         147         182 + .. 1.00    no 0.61

                                                          NC
                     :::::<<<--<<<<<<_________>>>>>>-->>> CS
  patent_aligned   1 GGUCAGACCCUGGUCCGGGGCAAUGGGACCACUGUU 36 
                     GGUCAGACC UGGUCCGGGGCAAUGGGACCACUGUU
  ind_0024_00046 147 GGUCAGACCUUGGUCCGGGGCAAUGGGACCACUGUU 182
                     ************************************ PP

>> ind_0024_00047  
 rank     E-value  score  bias mdl mdl from   mdl to       seq from      seq to       acc trunc   gc
 ----   --------- ------ ----- --- -------- --------    ----------- -----------      ---- ----- ----
  (6) !   3.8e-15   61.8   0.0  cm        1       36 []         147         182 + .. 1.00    no 0.61

                                                          NC
                     :::::<<<--<<<<<<_________>>>>>>-->>> CS
  patent_aligned   1 GGUCAGACCCUGGUCCGGGGCAAUGGGACCACUGUU 36 
                     GGUCAGACC UGGUCCGGGGCAAUGGGACCACUGUU
  ind_0024_00047 147 GGUCAGACCUUGGUCCGGGGCAAUGGGACCACUGUU 182
                     ************************************ PP

>> ind_0024_00035  
 rank     E-value  score  bias mdl mdl from   mdl to       seq from      seq to       acc trunc   gc
 ----   --------- ------ ----- --- -------- --------    ----------- -----------      ---- ----- ----
  (7) !   5.8e-14   57.3   0.0  cm        1       36 []         147         182 + .. 1.00    no 0.58

                                                          NC
                     :::::<<<--<<<<<<_________>>>>>>-->>> CS
  patent_aligned   1 GGUCAGACCCUGGUCCGGGGCAAUGGGACCACUGUU 36 
                     GGU AGACC UGGUCCGGGGCAAUGGGACCACUGUU
  ind_0024_00035 147 GGUUAGACCUUGGUCCGGGGCAAUGGGACCACUGUU 182
                     ************************************ PP

>> ind_0024_00004  
 rank     E-value  score  bias mdl mdl from   mdl to       seq from      seq to       acc trunc   gc
 ----   --------- ------ ----- --- -------- --------    ----------- -----------      ---- ----- ----
  (8) !   7.7e-14   56.8   0.0  cm        1       36 []         147         182 + .. 1.00    no 0.58

                                                          NC
                     :::::<<<--<<<<<<_________>>>>>>-->>> CS
  patent_aligned   1 GGUCAGACCCUGGUCCGGGGCAAUGGGACCACUGUU 36 
                     GGUCAGACC UGGUCCGGG CAAUGGGACCACUGUU
  ind_0024_00004 147 GGUCAGACCUUGGUCCGGGACAAUGGGACCACUGUU 182
                     ************************************ PP

>> ind_0024_00001  
 rank     E-value  score  bias mdl mdl from   mdl to       seq from      seq to       acc trunc   gc
 ----   --------- ------ ----- --- -------- --------    ----------- -----------      ---- ----- ----
  (9) !   9.3e-14   56.5   0.0  cm        1       36 []         147         182 + .. 1.00    no 0.64

                                                          NC
                     :::::<<<--<<<<<<_________>>>>>>-->>> CS
  patent_aligned   1 GGUCAGACCCUGGUCCGGGGCAAUGGGACCACUGUU 36 
                     GGUC GACC UGGUCCGGGGCAAUGGGACCACUGUU
  ind_0024_00001 147 GGUCGGACCUUGGUCCGGGGCAAUGGGACCACUGUU 182
                     ************************************ PP

>> ind_0024_00002  
 rank     E-value  score  bias mdl mdl from   mdl to       seq from      seq to       acc trunc   gc
 ----   --------- ------ ----- --- -------- --------    ----------- -----------      ---- ----- ----
 (10) !   9.3e-14   56.5   0.0  cm        1       36 []         147         182 + .. 1.00    no 0.64

                                                          NC
                     :::::<<<--<<<<<<_________>>>>>>-->>> CS
  patent_aligned   1 GGUCAGACCCUGGUCCGGGGCAAUGGGACCACUGUU 36 
                     GGUC GACC UGGUCCGGGGCAAUGGGACCACUGUU
  ind_0024_00002 147 GGUCGGACCUUGGUCCGGGGCAAUGGGACCACUGUU 182
                     ************************************ PP

>> ind_0024_00003  
 rank     E-value  score  bias mdl mdl from   mdl to       seq from      seq to       acc trunc   gc
 ----   --------- ------ ----- --- -------- --------    ----------- -----------      ---- ----- ----
 (11) !   9.3e-14   56.5   0.0  cm        1       36 []         147         182 + .. 1.00    no 0.64

                                                          NC
                     :::::<<<--<<<<<<_________>>>>>>-->>> CS
  patent_aligned   1 GGUCAGACCCUGGUCCGGGGCAAUGGGACCACUGUU 36 
                     GGUC GACC UGGUCCGGGGCAAUGGGACCACUGUU
  ind_0024_00003 147 GGUCGGACCUUGGUCCGGGGCAAUGGGACCACUGUU 182
                     ************************************ PP

>> ind_0024_00006  
 rank     E-value  score  bias mdl mdl from   mdl to       seq from      seq to       acc trunc   gc
 ----   --------- ------ ----- --- -------- --------    ----------- -----------      ---- ----- ----
 (12) !   9.3e-14   56.5   0.0  cm        1       36 []         147         182 + .. 1.00    no 0.64

                                                          NC
                     :::::<<<--<<<<<<_________>>>>>>-->>> CS
  patent_aligned   1 GGUCAGACCCUGGUCCGGGGCAAUGGGACCACUGUU 36 
                     GGUC GACC UGGUCCGGGGCAAUGGGACCACUGUU
  ind_0024_00006 147 GGUCGGACCUUGGUCCGGGGCAAUGGGACCACUGUU 182
                     ************************************ PP

>> ind_0024_00007  
 rank     E-value  score  bias mdl mdl from   mdl to       seq from      seq to       acc trunc   gc
 ----   --------- ------ ----- --- -------- --------    ----------- -----------      ---- ----- ----
 (13) !   9.3e-14   56.5   0.0  cm        1       36 []         147         182 + .. 1.00    no 0.64

                                                          NC
                     :::::<<<--<<<<<<_________>>>>>>-->>> CS
  patent_aligned   1 GGUCAGACCCUGGUCCGGGGCAAUGGGACCACUGUU 36 
                     GGUC GACC UGGUCCGGGGCAAUGGGACCACUGUU
  ind_0024_00007 147 GGUCGGACCUUGGUCCGGGGCAAUGGGACCACUGUU 182
                     ************************************ PP

>> ind_0024_00008  
 rank     E-value  score  bias mdl mdl from   mdl to       seq from      seq to       acc trunc   gc
 ----   --------- ------ ----- --- -------- --------    ----------- -----------      ---- ----- ----
 (14) !   9.3e-14   56.5   0.0  cm        1       36 []         147         182 + .. 1.00    no 0.64

                                                          NC
                     :::::<<<--<<<<<<_________>>>>>>-->>> CS
  patent_aligned   1 GGUCAGACCCUGGUCCGGGGCAAUGGGACCACUGUU 36 
                     GGUC GACC UGGUCCGGGGCAAUGGGACCACUGUU
  ind_0024_00008 147 GGUCGGACCUUGGUCCGGGGCAAUGGGACCACUGUU 182
                     ************************************ PP

>> ind_0024_00009  
 rank     E-value  score  bias mdl mdl from   mdl to       seq from      seq to       acc trunc   gc
 ----   --------- ------ ----- --- -------- --------    ----------- -----------      ---- ----- ----
 (15) !   9.3e-14   56.5   0.0  cm        1       36 []         147         182 + .. 1.00    no 0.64

                                                          NC
                     :::::<<<--<<<<<<_________>>>>>>-->>> CS
  patent_aligned   1 GGUCAGACCCUGGUCCGGGGCAAUGGGACCACUGUU 36 
                     GGUC GACC UGGUCCGGGGCAAUGGGACCACUGUU
  ind_0024_00009 147 GGUCGGACCUUGGUCCGGGGCAAUGGGACCACUGUU 182
                     ************************************ PP

>> ind_0024_00011  
 rank     E-value  score  bias mdl mdl from   mdl to       seq from      seq to       acc trunc   gc
 ----   --------- ------ ----- --- -------- --------    ----------- -----------      ---- ----- ----
 (16) !   9.3e-14   56.5   0.0  cm        1       36 []         147         182 + .. 1.00    no 0.64

                                                          NC
                     :::::<<<--<<<<<<_________>>>>>>-->>> CS
  patent_aligned   1 GGUCAGACCCUGGUCCGGGGCAAUGGGACCACUGUU 36 
                     GGUC GACC UGGUCCGGGGCAAUGGGACCACUGUU
  ind_0024_00011 147 GGUCGGACCUUGGUCCGGGGCAAUGGGACCACUGUU 182
                     ************************************ PP

>> ind_0024_00014  
 rank     E-value  score  bias mdl mdl from   mdl to       seq from      seq to       acc trunc   gc
 ----   --------- ------ ----- --- -------- --------    ----------- -----------      ---- ----- ----
 (17) !   9.3e-14   56.5   0.0  cm        1       36 []         147         182 + .. 1.00    no 0.64

                                                          NC
                     :::::<<<--<<<<<<_________>>>>>>-->>> CS
  patent_aligned   1 GGUCAGACCCUGGUCCGGGGCAAUGGGACCACUGUU 36 
                     GGUC GACC UGGUCCGGGGCAAUGGGACCACUGUU
  ind_0024_00014 147 GGUCGGACCUUGGUCCGGGGCAAUGGGACCACUGUU 182
                     ************************************ PP

>> ind_0024_00015  
 rank     E-value  score  bias mdl mdl from   mdl to       seq from      seq to       acc trunc   gc
 ----   --------- ------ ----- --- -------- --------    ----------- -----------      ---- ----- ----
 (18) !   9.3e-14   56.5   0.0  cm        1       36 []         147         182 + .. 1.00    no 0.64

                                                          NC
                     :::::<<<--<<<<<<_________>>>>>>-->>> CS
  patent_aligned   1 GGUCAGACCCUGGUCCGGGGCAAUGGGACCACUGUU 36 
                     GGUC GACC UGGUCCGGGGCAAUGGGACCACUGUU
  ind_0024_00015 147 GGUCGGACCUUGGUCCGGGGCAAUGGGACCACUGUU 182
                     ************************************ PP

>> ind_0024_00018  
 rank     E-value  score  bias mdl mdl from   mdl to       seq from      seq to       acc trunc   gc
 ----   --------- ------ ----- --- -------- --------    ----------- -----------      ---- ----- ----
 (19) !   9.3e-14   56.5   0.0  cm        1       36 []         147         182 + .. 1.00    no 0.64

                                                          NC
                     :::::<<<--<<<<<<_________>>>>>>-->>> CS
  patent_aligned   1 GGUCAGACCCUGGUCCGGGGCAAUGGGACCACUGUU 36 
                     GGUC GACC UGGUCCGGGGCAAUGGGACCACUGUU
  ind_0024_00018 147 GGUCGGACCUUGGUCCGGGGCAAUGGGACCACUGUU 182
                     ************************************ PP

>> ind_0024_00020  
 rank     E-value  score  bias mdl mdl from   mdl to       seq from      seq to       acc trunc   gc
 ----   --------- ------ ----- --- -------- --------    ----------- -----------      ---- ----- ----
 (20) !   9.3e-14   56.5   0.0  cm        1       36 []         147         182 + .. 1.00    no 0.64

                                                          NC
                     :::::<<<--<<<<<<_________>>>>>>-->>> CS
  patent_aligned   1 GGUCAGACCCUGGUCCGGGGCAAUGGGACCACUGUU 36 
                     GGUC GACC UGGUCCGGGGCAAUGGGACCACUGUU
  ind_0024_00020 147 GGUCGGACCUUGGUCCGGGGCAAUGGGACCACUGUU 182
                     ************************************ PP

>> ind_0024_00021  
 rank     E-value  score  bias mdl mdl from   mdl to       seq from      seq to       acc trunc   gc
 ----   --------- ------ ----- --- -------- --------    ----------- -----------      ---- ----- ----
 (21) !   9.3e-14   56.5   0.0  cm        1       36 []         147         182 + .. 1.00    no 0.64

                                                          NC
                     :::::<<<--<<<<<<_________>>>>>>-->>> CS
  patent_aligned   1 GGUCAGACCCUGGUCCGGGGCAAUGGGACCACUGUU 36 
                     GGUC GACC UGGUCCGGGGCAAUGGGACCACUGUU
  ind_0024_00021 147 GGUCGGACCUUGGUCCGGGGCAAUGGGACCACUGUU 182
                     ************************************ PP

>> ind_0024_00027  
 rank     E-value  score  bias mdl mdl from   mdl to       seq from      seq to       acc trunc   gc
 ----   --------- ------ ----- --- -------- --------    ----------- -----------      ---- ----- ----
 (22) !   9.3e-14   56.5   0.0  cm        1       36 []         147         182 + .. 1.00    no 0.64

                                                          NC
                     :::::<<<--<<<<<<_________>>>>>>-->>> CS
  patent_aligned   1 GGUCAGACCCUGGUCCGGGGCAAUGGGACCACUGUU 36 
                     GGUC GACC UGGUCCGGGGCAAUGGGACCACUGUU
  ind_0024_00027 147 GGUCGGACCUUGGUCCGGGGCAAUGGGACCACUGUU 182
                     ************************************ PP

>> ind_0024_00029  
 rank     E-value  score  bias mdl mdl from   mdl to       seq from      seq to       acc trunc   gc
 ----   --------- ------ ----- --- -------- --------    ----------- -----------      ---- ----- ----
 (23) !   9.3e-14   56.5   0.0  cm        1       36 []         147         182 + .. 1.00    no 0.64

                                                          NC
                     :::::<<<--<<<<<<_________>>>>>>-->>> CS
  patent_aligned   1 GGUCAGACCCUGGUCCGGGGCAAUGGGACCACUGUU 36 
                     GGUC GACC UGGUCCGGGGCAAUGGGACCACUGUU
  ind_0024_00029 147 GGUCGGACCUUGGUCCGGGGCAAUGGGACCACUGUU 182
                     ************************************ PP

>> ind_0024_00030  
 rank     E-value  score  bias mdl mdl from   mdl to       seq from      seq to       acc trunc   gc
 ----   --------- ------ ----- --- -------- --------    ----------- -----------      ---- ----- ----
 (24) !   9.3e-14   56.5   0.0  cm        1       36 []         147         182 + .. 1.00    no 0.64

                                                          NC
                     :::::<<<--<<<<<<_________>>>>>>-->>> CS
  patent_aligned   1 GGUCAGACCCUGGUCCGGGGCAAUGGGACCACUGUU 36 
                     GGUC GACC UGGUCCGGGGCAAUGGGACCACUGUU
  ind_0024_00030 147 GGUCGGACCUUGGUCCGGGGCAAUGGGACCACUGUU 182
                     ************************************ PP

>> ind_0024_00031  
 rank     E-value  score  bias mdl mdl from   mdl to       seq from      seq to       acc trunc   gc
 ----   --------- ------ ----- --- -------- --------    ----------- -----------      ---- ----- ----
 (25) !   9.3e-14   56.5   0.0  cm        1       36 []         147         182 + .. 1.00    no 0.64

                                                          NC
                     :::::<<<--<<<<<<_________>>>>>>-->>> CS
  patent_aligned   1 GGUCAGACCCUGGUCCGGGGCAAUGGGACCACUGUU 36 
                     GGUC GACC UGGUCCGGGGCAAUGGGACCACUGUU
  ind_0024_00031 147 GGUCGGACCUUGGUCCGGGGCAAUGGGACCACUGUU 182
                     ************************************ PP

>> ind_0024_00032  
 rank     E-value  score  bias mdl mdl from   mdl to       seq from      seq to       acc trunc   gc
 ----   --------- ------ ----- --- -------- --------    ----------- -----------      ---- ----- ----
 (26) !   9.3e-14   56.5   0.0  cm        1       36 []         147         182 + .. 1.00    no 0.64

                                                          NC
                     :::::<<<--<<<<<<_________>>>>>>-->>> CS
  patent_aligned   1 GGUCAGACCCUGGUCCGGGGCAAUGGGACCACUGUU 36 
                     GGUC GACC UGGUCCGGGGCAAUGGGACCACUGUU
  ind_0024_00032 147 GGUCGGACCUUGGUCCGGGGCAAUGGGACCACUGUU 182
                     ************************************ PP

>> ind_0024_00037  
 rank     E-value  score  bias mdl mdl from   mdl to       seq from      seq to       acc trunc   gc
 ----   --------- ------ ----- --- -------- --------    ----------- -----------      ---- ----- ----
 (27) !   9.3e-14   56.5   0.0  cm        1       36 []         147         182 + .. 1.00    no 0.64

                                                          NC
                     :::::<<<--<<<<<<_________>>>>>>-->>> CS
  patent_aligned   1 GGUCAGACCCUGGUCCGGGGCAAUGGGACCACUGUU 36 
                     GGUC GACC UGGUCCGGGGCAAUGGGACCACUGUU
  ind_0024_00037 147 GGUCGGACCUUGGUCCGGGGCAAUGGGACCACUGUU 182
                     ************************************ PP

>> ind_0024_00038  
 rank     E-value  score  bias mdl mdl from   mdl to       seq from      seq to       acc trunc   gc
 ----   --------- ------ ----- --- -------- --------    ----------- -----------      ---- ----- ----
 (28) !   9.3e-14   56.5   0.0  cm        1       36 []         147         182 + .. 1.00    no 0.64

                                                          NC
                     :::::<<<--<<<<<<_________>>>>>>-->>> CS
  patent_aligned   1 GGUCAGACCCUGGUCCGGGGCAAUGGGACCACUGUU 36 
                     GGUC GACC UGGUCCGGGGCAAUGGGACCACUGUU
  ind_0024_00038 147 GGUCGGACCUUGGUCCGGGGCAAUGGGACCACUGUU 182
                     ************************************ PP

>> ind_0024_00040  
 rank     E-value  score  bias mdl mdl from   mdl to       seq from      seq to       acc trunc   gc
 ----   --------- ------ ----- --- -------- --------    ----------- -----------      ---- ----- ----
 (29) !   9.3e-14   56.5   0.0  cm        1       36 []         147         182 + .. 1.00    no 0.64

                                                          NC
                     :::::<<<--<<<<<<_________>>>>>>-->>> CS
  patent_aligned   1 GGUCAGACCCUGGUCCGGGGCAAUGGGACCACUGUU 36 
                     GGUC GACC UGGUCCGGGGCAAUGGGACCACUGUU
  ind_0024_00040 147 GGUCGGACCUUGGUCCGGGGCAAUGGGACCACUGUU 182
                     ************************************ PP

>> ind_0024_00041  
 rank     E-value  score  bias mdl mdl from   mdl to       seq from      seq to       acc trunc   gc
 ----   --------- ------ ----- --- -------- --------    ----------- -----------      ---- ----- ----
 (30) !   9.3e-14   56.5   0.0  cm        1       36 []         147         182 + .. 1.00    no 0.64

                                                          NC
                     :::::<<<--<<<<<<_________>>>>>>-->>> CS
  patent_aligned   1 GGUCAGACCCUGGUCCGGGGCAAUGGGACCACUGUU 36 
                     GGUC GACC UGGUCCGGGGCAAUGGGACCACUGUU
  ind_0024_00041 147 GGUCGGACCUUGGUCCGGGGCAAUGGGACCACUGUU 182
                     ************************************ PP

>> ind_0024_00044  
 rank     E-value  score  bias mdl mdl from   mdl to       seq from      seq to       acc trunc   gc
 ----   --------- ------ ----- --- -------- --------    ----------- -----------      ---- ----- ----
 (31) !   9.3e-14   56.5   0.0  cm        1       36 []         147         182 + .. 1.00    no 0.64

                                                          NC
                     :::::<<<--<<<<<<_________>>>>>>-->>> CS
  patent_aligned   1 GGUCAGACCCUGGUCCGGGGCAAUGGGACCACUGUU 36 
                     GGUC GACC UGGUCCGGGGCAAUGGGACCACUGUU
  ind_0024_00044 147 GGUCGGACCUUGGUCCGGGGCAAUGGGACCACUGUU 182
                     ************************************ PP

>> ind_0024_00049  
 rank     E-value  score  bias mdl mdl from   mdl to       seq from      seq to       acc trunc   gc
 ----   --------- ------ ----- --- -------- --------    ----------- -----------      ---- ----- ----
 (32) !   9.3e-14   56.5   0.0  cm        1       36 []         147         182 + .. 1.00    no 0.64

                                                          NC
                     :::::<<<--<<<<<<_________>>>>>>-->>> CS
  patent_aligned   1 GGUCAGACCCUGGUCCGGGGCAAUGGGACCACUGUU 36 
                     GGUC GACC UGGUCCGGGGCAAUGGGACCACUGUU
  ind_0024_00049 147 GGUCGGACCUUGGUCCGGGGCAAUGGGACCACUGUU 182
                     ************************************ PP

>> ind_0024_00022  
 rank     E-value  score  bias mdl mdl from   mdl to       seq from      seq to       acc trunc   gc
 ----   --------- ------ ----- --- -------- --------    ----------- -----------      ---- ----- ----
 (33) !   2.3e-13   55.0   0.0  cm        1       36 []         147         182 + .. 1.00    no 0.64

                                                          NC
                     :::::<<<--<<<<<<_________>>>>>>-->>> CS
  patent_aligned   1 GGUCAGACCCUGGUCCGGGGCAAUGGGACCACUGUU 36 
                     GGUCAGACC UGG CCGGGGCAAUGGG CCACUGUU
  ind_0024_00022 147 GGUCAGACCAUGGUCCGGGGCAAUGGGGCCACUGUU 182
                     ************************************ PP

>> ind_0024_00043  
 rank     E-value  score  bias mdl mdl from   mdl to       seq from      seq to       acc trunc   gc
 ----   --------- ------ ----- --- -------- --------    ----------- -----------      ---- ----- ----
 (34) !   1.3e-12   52.3   0.0  cm        1       36 []         147         182 + .. 1.00    no 0.67

                                                          NC
                     :::::<<<--<<<<<<_________>>>>>>-->>> CS
  patent_aligned   1 GGUCAGACCCUGGUCCGGGGCAAUGGGACCACUGUU 36 
                     GG C GACC UGGUCCGGGGCAAUGGGACCACUGUU
  ind_0024_00043 147 GGCCGGACCUUGGUCCGGGGCAAUGGGACCACUGUU 182
                     ************************************ PP

>> ind_0024_00010  
 rank     E-value  score  bias mdl mdl from   mdl to       seq from      seq to       acc trunc   gc
 ----   --------- ------ ----- --- -------- --------    ----------- -----------      ---- ----- ----
 (35) !   1.4e-12   52.1   0.0  cm        1       36 []         147         182 + .. 1.00    no 0.64

                                                          NC
                     :::::<<<--<<<<<<_________>>>>>>-->>> CS
  patent_aligned   1 GGUCAGACCCUGGUCCGGGGCAAUGGGACCACUGUU 36 
                     GG C GACC UGGUCCGGGGCAAUGGGACCACUGUU
  ind_0024_00010 147 GGACGGACCUUGGUCCGGGGCAAUGGGACCACUGUU 182
                     ************************************ PP

>> ind_0024_00005  
 rank     E-value  score  bias mdl mdl from   mdl to       seq from      seq to       acc trunc   gc
 ----   --------- ------ ----- --- -------- --------    ----------- -----------      ---- ----- ----
 (36) !   1.9e-12   51.6   0.0  cm        1       36 []         147         182 + .. 1.00    no 0.61

                                                          NC
                     :::::<<<--<<<<<<_________>>>>>>-->>> CS
  patent_aligned   1 GGUCAGACCCUGGUCCGGGGCAAUGGGACCACUGUU 36 
                     GGUC GACC UGGUCCGGG CAAUGGGACCACUGUU
  ind_0024_00005 147 GGUCGGACCUUGGUCCGGGACAAUGGGACCACUGUU 182
                     ************************************ PP

>> ind_0024_00012  
 rank     E-value  score  bias mdl mdl from   mdl to       seq from      seq to       acc trunc   gc
 ----   --------- ------ ----- --- -------- --------    ----------- -----------      ---- ----- ----
 (37) !   1.9e-12   51.6   0.0  cm        1       36 []         147         182 + .. 1.00    no 0.61

                                                          NC
                     :::::<<<--<<<<<<_________>>>>>>-->>> CS
  patent_aligned   1 GGUCAGACCCUGGUCCGGGGCAAUGGGACCACUGUU 36 
                     GGUC GACC UGGUCCGGG CAAUGGGACCACUGUU
  ind_0024_00012 147 GGUCGGACCUUGGUCCGGGACAAUGGGACCACUGUU 182
                     ************************************ PP

>> ind_0024_00045  
 rank     E-value  score  bias mdl mdl from   mdl to       seq from      seq to       acc trunc   gc
 ----   --------- ------ ----- --- -------- --------    ----------- -----------      ---- ----- ----
 (38) !   2.4e-12   51.2   0.0  cm        1       36 []         147         182 + .. 1.00    no 0.61

                                                          NC
                     :::::<<<--<<<<<<_________>>>>>>-->>> CS
  patent_aligned   1 GGUCAGACCCUGGUCCGGGGCAAUGGGACCACUGUU 36 
                     GG CAGACC UGGUCCGGGGCAAUGGGACCA UGUU
  ind_0024_00045 147 GGACAGACCUUGGUCCGGGGCAAUGGGACCAGUGUU 182
                     ************************************ PP

>> ind_0024_00017  
 rank     E-value  score  bias mdl mdl from   mdl to       seq from      seq to       acc trunc   gc
 ----   --------- ------ ----- --- -------- --------    ----------- -----------      ---- ----- ----
 (39) !   2.6e-12   51.1   0.0  cm        1       36 []         147         182 + .. 1.00    no 0.64

                                                          NC
                     :::::<<<--<<<<<<_________>>>>>>-->>> CS
  patent_aligned   1 GGUCAGACCCUGGUCCGGGGCAAUGGGACCACUGUU 36 
                     GGUC GACC UGGUCCGGGGCA UGGGACCACUGUU
  ind_0024_00017 147 GGUCGGACCUUGGUCCGGGGCAUUGGGACCACUGUU 182
                     ************************************ PP

>> ind_0024_00048  
 rank     E-value  score  bias mdl mdl from   mdl to       seq from      seq to       acc trunc   gc
 ----   --------- ------ ----- --- -------- --------    ----------- -----------      ---- ----- ----
 (40) !   2.7e-12   51.0   0.0  cm        1       36 []         147         182 + .. 1.00    no 0.67

                                                          NC
                     :::::<<<--<<<<<<_________>>>>>>-->>> CS
  patent_aligned   1 GGUCAGACCCUGGUCCGGGGCAAUGGGACCACUGUU 36 
                     GGUC GACC UGGUCCGGGGCAAUGGGACCAC GUU
  ind_0024_00048 147 GGUCGGACCUUGGUCCGGGGCAAUGGGACCACGGUU 182
                     ************************************ PP

>> ind_0024_00028  
 rank     E-value  score  bias mdl mdl from   mdl to       seq from      seq to       acc trunc   gc
 ----   --------- ------ ----- --- -------- --------    ----------- -----------      ---- ----- ----
 (41) !   3.1e-12   50.8   0.0  cm        1       36 []         147         182 + .. 0.99    no 0.58

                                                          NC
                     :::::<<<--<<<<<<_________>>>>>>-->>> CS
  patent_aligned   1 GGUCAGACCCUGGUCCGGGGCAAUGGGACCACUGUU 36 
                     GGUCAGACC UGGUCCGGG  AAUGGGACCACUGUU
  ind_0024_00028 147 GGUCAGACCUUGGUCCGGGAGAAUGGGACCACUGUU 182
                     *******************99*************** PP

>> ind_0024_00026  
 rank     E-value  score  bias mdl mdl from   mdl to       seq from      seq to       acc trunc   gc
 ----   --------- ------ ----- --- -------- --------    ----------- -----------      ---- ----- ----
 (42) !   3.4e-12   50.7   0.0  cm        1       36 []         147         182 + .. 1.00    no 0.67

                                                          NC
                     :::::<<<--<<<<<<_________>>>>>>-->>> CS
  patent_aligned   1 GGUCAGACCCUGGUCCGGGGCAAUGGGACCACUGUU 36 
                     GGUC GACC UGG CCGGGGCAAUGGG CCACUGUU
  ind_0024_00026 147 GGUCGGACCUUGGUCCGGGGCAAUGGGGCCACUGUU 182
                     ************************************ PP

>> ind_0024_00023  
 rank     E-value  score  bias mdl mdl from   mdl to       seq from      seq to       acc trunc   gc
 ----   --------- ------ ----- --- -------- --------    ----------- -----------      ---- ----- ----
 (43) !   4.4e-12   50.2   0.0  cm        1       36 []         147         182 + .. 1.00    no 0.64

                                                          NC
                     :::::<<<--<<<<<<_________>>>>>>-->>> CS
  patent_aligned   1 GGUCAGACCCUGGUCCGGGGCAAUGGGACCACUGUU 36 
                     GGUC GACC UGGUCCG GGCAAUGGGACCACUGUU
  ind_0024_00023 147 GGUCGGACCUUGGUCCGCGGCAAUGGGACCACUGUU 182
                     ************************************ PP

>> ind_0024_00042  
 rank     E-value  score  bias mdl mdl from   mdl to       seq from      seq to       acc trunc   gc
 ----   --------- ------ ----- --- -------- --------    ----------- -----------      ---- ----- ----
 (44) !   1.2e-11   48.6   0.0  cm        1       36 []         147         182 + .. 1.00    no 0.61

                                   v           v          NC
                     :::::<<<--<<<<<<_________>>>>>>-->>> CS
  patent_aligned   1 GGUCAGACCCUGGUCCGGGGCAAUGGGACCACUGUU 36 
                     GGUC GACC UGGU CGGGGCAAUGG ACCACUGUU
  ind_0024_00042 147 GGUCGGACCUUGGUCCGGGGCAAUGGAACCACUGUU 182
                     ************************************ PP

>> ind_0024_00013  
 rank     E-value  score  bias mdl mdl from   mdl to       seq from      seq to       acc trunc   gc
 ----   --------- ------ ----- --- -------- --------    ----------- -----------      ---- ----- ----
 (45) !   3.4e-11   46.9   0.0  cm        1       36 []         147         182 + .. 1.00    no 0.58

                               v                   v      NC
                     :::::<<<--<<<<<<_________>>>>>>-->>> CS
  patent_aligned   1 GGUCAGACCCUGGUCCGGGGCAAUGGGACCACUGUU 36 
                     GGUCAGACC  GGUCCGGG CAAUGGGACC CUGUU
  ind_0024_00013 147 GGUCAGACCUAGGUCCGGGACAAUGGGACCACUGUU 182
                     ************************************ PP

>> ind_0024_00034  
 rank     E-value  score  bias mdl mdl from   mdl to       seq from      seq to       acc trunc   gc
 ----   --------- ------ ----- --- -------- --------    ----------- -----------      ---- ----- ----
 (46) !   5.1e-11   46.2   0.0  cm        1       36 []         147         182 + .. 1.00    no 0.69

                                                          NC
                     :::::<<<--<<<<<<_________>>>>>>-->>> CS
  patent_aligned   1 GGUCAGACCCUGGUCCGGGGCAAUGGGACCACUGUU 36 
                     GG CAG CC UGG CCGGGGCAAUGGG CCACUG U
  ind_0024_00034 147 GGCCAGGCCAUGGUCCGGGGCAAUGGGGCCACUGUU 182
                     ************************************ PP

>> ind_0024_00039  
 rank     E-value  score  bias mdl mdl from   mdl to       seq from      seq to       acc trunc   gc
 ----   --------- ------ ----- --- -------- --------    ----------- -----------      ---- ----- ----
 (47) !   7.3e-11   45.6   0.0  cm        1       36 []         147         182 + .. 1.00    no 0.58

                          v       v             v       v NC
                     :::::<<<--<<<<<<_________>>>>>>-->>> CS
  patent_aligned   1 GGUCAGACCCUGGUCCGGGGCAAUGGGACCACUGUU 36 
                     GGUCA ACC UGG CCGGGGCAAUGGG CCACUGU 
  ind_0024_00039 147 GGUCAUACCUUGGACCGGGGCAAUGGGACCACUGUU 182
                     ************************************ PP

>> ind_0024_00019  
 rank     E-value  score  bias mdl mdl from   mdl to       seq from      seq to       acc trunc   gc
 ----   --------- ------ ----- --- -------- --------    ----------- -----------      ---- ----- ----
 (48) !   1.5e-10   44.4   0.0  cm        1       36 []         147         182 + .. 1.00    no 0.58

                            v                         v   NC
                     :::::<<<--<<<<<<_________>>>>>>-->>> CS
  patent_aligned   1 GGUCAGACCCUGGUCCGGGGCAAUGGGACCACUGUU 36 
                     GGUC GA C UGGUCCGGGGCAAUGGGACCA U UU
  ind_0024_00019 147 GGUCGGACCUUGGUCCGGGGCAAUGGGACCAUUAUU 182
                     ************************************ PP

>> ind_0024_00016  
 rank     E-value  score  bias mdl mdl from   mdl to       seq from      seq to       acc trunc   gc
 ----   --------- ------ ----- --- -------- --------    ----------- -----------      ---- ----- ----
 (49) !   2.6e-10   43.6   0.0  cm        1       36 []         147         182 + .. 1.00    no 0.58

                                v                 v       NC
                     :::::<<<--<<<<<<_________>>>>>>-->>> CS
  patent_aligned   1 GGUCAGACCCUGGUCCGGGGCAAUGGGACCACUGUU 36 
                     GGUCAGACC U GUCCGGG C AUGGGAC ACUGUU
  ind_0024_00016 147 GGUCAGACCUUAGUCCGGGACCAUGGGACCACUGUU 182
                     *********************9************** PP

>> ind_0024_00024  
 rank     E-value  score  bias mdl mdl from   mdl to       seq from      seq to       acc trunc   gc
 ----   --------- ------ ----- --- -------- --------    ----------- -----------      ---- ----- ----
 (50) !   1.7e-09   40.5   0.0  cm        1       36 []         147         182 + .. 1.00    no 0.67

                                                          NC
                     :::::<<<--<<<<<<_________>>>>>>-->>> CS
  patent_aligned   1 GGUCAGACCCUGGUCCGGGGCAAUGGGACCACUGUU 36 
                      GUC GACC UGG CCGGGGCAAUGGG CCAC GUU
  ind_0024_00024 147 UGUCGGACCUUGGUCCGGGGCAAUGGGGCCACGGUU 182
                     ************************************ PP

>> ind_0024_00000  
 rank     E-value  score  bias mdl mdl from   mdl to       seq from      seq to       acc trunc   gc
 ----   --------- ------ ----- --- -------- --------    ----------- -----------      ---- ----- ----
 (51) ?       0.7    8.0   0.0  cm       14       28 ..          35          21 - .. 0.98    no 0.53

                                    NC
                    <<<_________>>> CS
  patent_aligned 14 UCCGGGGCAAUGGGA 28
                    U CGGG CAAUGG A
  ind_0024_00000 35 UUCGGGCCAAUGGAA 21
                    *****999******* PP

>> ind_0024_00004  
 rank     E-value  score  bias mdl mdl from   mdl to       seq from      seq to       acc trunc   gc
 ----   --------- ------ ----- --- -------- --------    ----------- -----------      ---- ----- ----
 (52) ?       0.7    8.0   0.0  cm       14       28 ..          35          21 - .. 0.98    no 0.53

                                    NC
                    <<<_________>>> CS
  patent_aligned 14 UCCGGGGCAAUGGGA 28
                    U CGGG CAAUGG A
  ind_0024_00004 35 UUCGGGCCAAUGGAA 21
                    *****999******* PP

>> ind_0024_00013  
 rank     E-value  score  bias mdl mdl from   mdl to       seq from      seq to       acc trunc   gc
 ----   --------- ------ ----- --- -------- --------    ----------- -----------      ---- ----- ----
 (53) ?       0.7    8.0   0.0  cm       14       28 ..          35          21 - .. 0.98    no 0.53

                                    NC
                    <<<_________>>> CS
  patent_aligned 14 UCCGGGGCAAUGGGA 28
                    U CGGG CAAUGG A
  ind_0024_00013 35 UUCGGGCCAAUGGAA 21
                    *****999******* PP

>> ind_0024_00016  
 rank     E-value  score  bias mdl mdl from   mdl to       seq from      seq to       acc trunc   gc
 ----   --------- ------ ----- --- -------- --------    ----------- -----------      ---- ----- ----
 (54) ?       0.7    8.0   0.0  cm       14       28 ..          35          21 - .. 0.98    no 0.53

                                    NC
                    <<<_________>>> CS
  patent_aligned 14 UCCGGGGCAAUGGGA 28
                    U CGGG CAAUGG A
  ind_0024_00016 35 UUCGGGCCAAUGGAA 21
                    *****999******* PP

>> ind_0024_00028  
 rank     E-value  score  bias mdl mdl from   mdl to       seq from      seq to       acc trunc   gc
 ----   --------- ------ ----- --- -------- --------    ----------- -----------      ---- ----- ----
 (55) ?       0.7    8.0   0.0  cm       14       28 ..          35          21 - .. 0.98    no 0.53

                                    NC
                    <<<_________>>> CS
  patent_aligned 14 UCCGGGGCAAUGGGA 28
                    U CGGG CAAUGG A
  ind_0024_00028 35 UUCGGGCCAAUGGAA 21
                    *****999******* PP

>> ind_0024_00033  
 rank     E-value  score  bias mdl mdl from   mdl to       seq from      seq to       acc trunc   gc
 ----   --------- ------ ----- --- -------- --------    ----------- -----------      ---- ----- ----
 (56) ?       0.7    8.0   0.0  cm       14       28 ..          35          21 - .. 0.98    no 0.53

                                    NC
                    <<<_________>>> CS
  patent_aligned 14 UCCGGGGCAAUGGGA 28
                    U CGGG CAAUGG A
  ind_0024_00033 35 UUCGGGCCAAUGGAA 21
                    *****999******* PP

>> ind_0024_00035  
 rank     E-value  score  bias mdl mdl from   mdl to       seq from      seq to       acc trunc   gc
 ----   --------- ------ ----- --- -------- --------    ----------- -----------      ---- ----- ----
 (57) ?       0.7    8.0   0.0  cm       14       28 ..          35          21 - .. 0.98    no 0.53

                                    NC
                    <<<_________>>> CS
  patent_aligned 14 UCCGGGGCAAUGGGA 28
                    U CGGG CAAUGG A
  ind_0024_00035 35 UUCGGGCCAAUGGAA 21
                    *****999******* PP

>> ind_0024_00036  
 rank     E-value  score  bias mdl mdl from   mdl to       seq from      seq to       acc trunc   gc
 ----   --------- ------ ----- --- -------- --------    ----------- -----------      ---- ----- ----
 (58) ?       0.7    8.0   0.0  cm       14       28 ..          35          21 - .. 0.98    no 0.53

                                    NC
                    <<<_________>>> CS
  patent_aligned 14 UCCGGGGCAAUGGGA 28
                    U CGGG CAAUGG A
  ind_0024_00036 35 UUCGGGCCAAUGGAA 21
                    *****999******* PP

>> ind_0024_00039  
 rank     E-value  score  bias mdl mdl from   mdl to       seq from      seq to       acc trunc   gc
 ----   --------- ------ ----- --- -------- --------    ----------- -----------      ---- ----- ----
 (59) ?       0.7    8.0   0.0  cm       14       28 ..          35          21 - .. 0.98    no 0.53

                                    NC
                    <<<_________>>> CS
  patent_aligned 14 UCCGGGGCAAUGGGA 28
                    U CGGG CAAUGG A
  ind_0024_00039 35 UUCGGGCCAAUGGAA 21
                    *****999******* PP

>> ind_0024_00046  
 rank     E-value  score  bias mdl mdl from   mdl to       seq from      seq to       acc trunc   gc
 ----   --------- ------ ----- --- -------- --------    ----------- -----------      ---- ----- ----
 (60) ?       0.7    8.0   0.0  cm       14       28 ..          35          21 - .. 0.98    no 0.53

                                    NC
                    <<<_________>>> CS
  patent_aligned 14 UCCGGGGCAAUGGGA 28
                    U CGGG CAAUGG A
  ind_0024_00046 35 UUCGGGCCAAUGGAA 21
                    *****999******* PP

>> ind_0024_00045  
 rank     E-value  score  bias mdl mdl from   mdl to       seq from      seq to       acc trunc   gc
 ----   --------- ------ ----- --- -------- --------    ----------- -----------      ---- ----- ----
 (61) ?      0.89    7.6   0.0  cm        1       36 []         187         152 - .. 0.99    no 0.64

                          v                         v NC
                     :::::<<<--<<<<<<~~~~~>>>>>>-->>> CS
  patent_aligned   1 GGUCAGACCCUGGUCC*[9]*GGACCACUGUU 36 
                     GG  A AC CUGGUCC     GGACCA  GU 
  ind_0024_00045 187 GGCGAAACACUGGUCC*[9]*GGACCAAGGUC 152
                     ***************9..*..9********** PP



Internal CM pipeline statistics summary:
----------------------------------------
Query model(s):                                                  1  (36 consensus positions)
Target sequences:                                               50  (19700 residues searched)
Target sequences re-searched for truncated hits:                50  (10200 residues re-searched)
Windows   passing  local HMM SSV           filter:             306  (0.6059); expected (0.35)
Windows   passing  local HMM Viterbi       filter:                  (off)
Windows   passing  local HMM Viterbi  bias filter:                  (off)
Windows   passing  local HMM Forward       filter:             129  (0.2264); expected (0.02)
Windows   passing  local HMM Forward  bias filter:             127  (0.2236); expected (0.02)
Windows   passing glocal HMM Forward       filter:              63  (0.1305); expected (0.02)
Windows   passing glocal HMM Forward  bias filter:              63  (0.1305); expected (0.02)
Envelopes passing glocal HMM envelope defn filter:              63  (0.07753); expected (0.02)
Envelopes passing  local CM  CYK           filter:              62  (0.06813); expected (0.0001)
Total CM hits reported:                                         61  (0.06642); includes 0 truncated hit(s)

# CPU time: 0.08u 0.00s 00:00:00.08 Elapsed: 00:00:00.08
# Alignment of 50 hits satisfying inclusion thresholds saved to: optimization_a7/38gen/_workspace/cmsearch_logs/gen_0024/patent_cmsearch.sto
//
[ok]
