# cmsearch :: search CM(s) against a sequence database
# INFERNAL 1.1.5 (Sep 2023)
# Copyright (C) 2023 Howard Hughes Medical Institute.
# Freely distributed under the BSD open source license.
# - - - - - - - - - - - - - - - - - - - - - - - - - - - - - - - - - - - -
# query CM file:                         A7_analysis/patent.cm
# target sequence database:              /tmp/tmpqird8hzp/queries.fa
# output directed to file:               optimization_a7/100gen/_workspace/cmsearch_logs/gen_0039/patent_cmsearch.out
# MSA of significant hits saved to file: optimization_a7/100gen/_workspace/cmsearch_logs/gen_0039/patent_cmsearch.sto
# tabular output of hits:                optimization_a7/100gen/_workspace/cmsearch_logs/gen_0039/patent_cmsearch.tblout
# max ASCII text line length:            unlimited
# sequence reporting threshold:          E-value <= 1000
# number of worker threads:              4
# - - - - - - - - - - - - - - - - - - - - - - - - - - - - - - - - - - - -

Query:       patent_aligned  [CLEN=36]
Hit scores:
 rank     E-value  score  bias  sequence        start    end   mdl trunc   gc  description
 ----   --------- ------ -----  -------------- ------ ------   --- ----- ----  -----------
  (1) !   5.4e-09   38.6   0.0  ind_0039_00008    147    182 +  cm    no 0.72  -
  (2) !   1.7e-08   36.7   0.0  ind_0039_00044    147    182 +  cm    no 0.67  -
  (3) !   7.6e-08   34.3   0.0  ind_0039_00011    147    182 +  cm    no 0.64  -
  (4) !   7.9e-08   34.2   0.0  ind_0039_00000    147    182 +  cm    no 0.67  -
  (5) !   7.9e-08   34.2   0.0  ind_0039_00038    147    182 +  cm    no 0.67  -
  (6) !   1.4e-07   33.2   0.0  ind_0039_00046    147    182 +  cm    no 0.69  -
  (7) !   3.4e-07   31.8   0.0  ind_0039_00015    147    182 +  cm    no 0.64  -
  (8) !   3.5e-07   31.7   0.0  ind_0039_00034    147    181 +  cm    no 0.71  -
  (9) !   4.7e-07   31.3   0.0  ind_0039_00001    147    182 +  cm    no 0.67  -
 (10) !   4.7e-07   31.3   0.0  ind_0039_00002    147    182 +  cm    no 0.67  -
 (11) !   4.7e-07   31.3   0.0  ind_0039_00003    147    182 +  cm    no 0.67  -
 (12) !   4.7e-07   31.3   0.0  ind_0039_00004    147    182 +  cm    no 0.67  -
 (13) !   4.7e-07   31.3   0.0  ind_0039_00005    147    182 +  cm    no 0.67  -
 (14) !   4.7e-07   31.3   0.0  ind_0039_00006    147    182 +  cm    no 0.67  -
 (15) !   4.7e-07   31.3   0.0  ind_0039_00007    147    182 +  cm    no 0.67  -
 (16) !   4.7e-07   31.3   0.0  ind_0039_00010    147    182 +  cm    no 0.67  -
 (17) !   4.7e-07   31.3   0.0  ind_0039_00019    147    182 +  cm    no 0.67  -
 (18) !   4.7e-07   31.3   0.0  ind_0039_00023    147    182 +  cm    no 0.67  -
 (19) !   4.7e-07   31.3   0.0  ind_0039_00025    147    182 +  cm    no 0.67  -
 (20) !   4.7e-07   31.3   0.0  ind_0039_00026    147    182 +  cm    no 0.67  -
 (21) !   4.7e-07   31.3   0.0  ind_0039_00029    147    182 +  cm    no 0.67  -
 (22) !   4.7e-07   31.3   0.0  ind_0039_00037    147    182 +  cm    no 0.67  -
 (23) !   4.7e-07   31.3   0.0  ind_0039_00039    147    182 +  cm    no 0.67  -
 (24) !   2.1e-06   28.8   0.0  ind_0039_00045    147    182 +  cm    no 0.64  -
 (25) !   3.3e-06   28.1   0.0  ind_0039_00016    147    182 +  cm    no 0.67  -
 (26) !   3.7e-06   27.9   0.0  ind_0039_00035    147    182 +  cm    no 0.67  -
 (27) !   6.4e-06   27.0   0.0  ind_0039_00021    147    182 +  cm    no 0.69  -
 (28) !   7.3e-06   26.8   0.0  ind_0039_00032    147    182 +  cm    no 0.64  -
 (29) !   7.3e-06   26.8   0.0  ind_0039_00042    147    182 +  cm    no 0.64  -
 (30) !   7.4e-06   26.8   0.0  ind_0039_00024    147    182 +  cm    no 0.67  -
 (31) !   9.5e-06   26.4   0.0  ind_0039_00009    147    182 +  cm    no 0.64  -
 (32) !   1.1e-05   26.1   0.0  ind_0039_00020    147    182 +  cm    no 0.69  -
 (33) !   1.2e-05   26.0   0.0  ind_0039_00030    147    182 +  cm    no 0.64  -
 (34) !   1.4e-05   25.8   0.0  ind_0039_00012    147    182 +  cm    no 0.67  -
 (35) !   1.5e-05   25.7   0.0  ind_0039_00049    147    182 +  cm    no 0.69  -
 (36) !     2e-05   25.1   0.0  ind_0039_00040    147    182 +  cm    no 0.67  -
 (37) !   2.2e-05   25.0   0.0  ind_0039_00013    147    182 +  cm    no 0.67  -
 (38) !   2.5e-05   24.8   0.0  ind_0039_00047    147    182 +  cm    no 0.64  -
 (39) !   2.7e-05   24.7   0.0  ind_0039_00017    147    182 +  cm    no 0.67  -
 (40) !   3.2e-05   24.4   0.0  ind_0039_00018    147    180 +  cm    no 0.71  -
 (41) !   4.8e-05   23.7   0.0  ind_0039_00048    147    182 +  cm    no 0.69  -
 (42) !     6e-05   23.4   0.0  ind_0039_00014    147    182 +  cm    no 0.67  -
 (43) !   0.00011   22.4   0.0  ind_0039_00028    147    182 +  cm    no 0.64  -
 (44) !   0.00012   22.2   0.0  ind_0039_00036    147    182 +  cm    no 0.67  -
 (45) !   0.00014   21.9   0.0  ind_0039_00031    147    182 +  cm    no 0.67  -
 (46) !   0.00025   21.0   0.0  ind_0039_00041    147    182 +  cm    no 0.67  -
 (47) !   0.00054   19.8   0.0  ind_0039_00043    147    182 +  cm    no 0.64  -
 (48) !   0.00056   19.7   0.0  ind_0039_00033    147    182 +  cm    no 0.58  -
 (49) !    0.0025   17.3   0.0  ind_0039_00022    147    182 +  cm    no 0.64  -
 ------ inclusion threshold ------
 (50) ?     0.017   14.1   0.0  ind_0039_00027    147    182 +  cm    no 0.64  -
 (51) ?     0.045   12.5   0.0  ind_0039_00048    155    141 -  cm    no 0.53  -
 (52) ?      0.08   11.6   0.0  ind_0039_00035    155    119 -  cm    no 0.41  -
 (53) ?     0.084   11.5   0.0  ind_0039_00008    155    119 -  cm    no 0.41  -
 (54) ?      0.14   10.6   0.0  ind_0039_00027    155    119 -  cm    no 0.49  -
 (55) ?      0.14   10.6   0.0  ind_0039_00020    155    119 -  cm    no 0.43  -
 (56) ?      0.14   10.6   0.0  ind_0039_00026    155    119 -  cm    no 0.49  -
 (57) ?      0.14   10.6   0.0  ind_0039_00003    155    119 -  cm    no 0.46  -
 (58) ?      0.14   10.6   0.0  ind_0039_00004    155    119 -  cm    no 0.46  -
 (59) ?      0.14   10.6   0.0  ind_0039_00010    155    119 -  cm    no 0.46  -
 (60) ?      0.14   10.6   0.0  ind_0039_00023    155    119 -  cm    no 0.46  -
 (61) ?      0.14   10.6   0.0  ind_0039_00028    155    119 -  cm    no 0.46  -
 (62) ?      0.14   10.6   0.0  ind_0039_00034    155    119 -  cm    no 0.46  -
 (63) ?      0.14   10.6   0.0  ind_0039_00046    155    119 -  cm    no 0.46  -
 (64) ?      0.14   10.6   0.0  ind_0039_00013    155    119 -  cm    no 0.49  -
 (65) ?      0.15   10.6   0.0  ind_0039_00036    155    119 -  cm    no 0.49  -
 (66) ?      0.15   10.6   0.0  ind_0039_00039    155    119 -  cm    no 0.49  -
 (67) ?        39    1.5   0.0  ind_0039_00027    108    102 -  cm    no 0.43  -
 (68) ?   6.7e+02   -3.2   0.0  ind_0039_00027    101     99 -  cm    no 0.67  -


Hit alignments:
>> ind_0039_00008  
 rank     E-value  score  bias mdl mdl from   mdl to       seq from      seq to       acc trunc   gc
 ----   --------- ------ ----- --- -------- --------    ----------- -----------      ---- ----- ----
  (1) !   5.4e-09   38.6   0.0  cm        1       36 []         147         182 + .. 1.00    no 0.72

                                                          NC
                     :::::<<<--<<<<<<_________>>>>>>-->>> CS
  patent_aligned   1 GGUCAGACCCUGGUCCGGGGCAAUGGGACCACUGUU 36 
                     GGUC GACCC GG CC  GGCAA GGG CC CUGUU
  ind_0039_00008 147 GGUCUGACCCCGGCCCAAGGCAACGGGGCCGCUGUU 182
                     ************************************ PP

>> ind_0039_00044  
 rank     E-value  score  bias mdl mdl from   mdl to       seq from      seq to       acc trunc   gc
 ----   --------- ------ ----- --- -------- --------    ----------- -----------      ---- ----- ----
  (2) !   1.7e-08   36.7   0.0  cm        1       36 []         147         182 + .. 1.00    no 0.67

                                                          NC
                     :::::<<<--<<<<<<_________>>>>>>-->>> CS
  patent_aligned   1 GGUCAGACCCUGGUCCGGGGCAAUGGGACCACUGUU 36 
                     GGUCAGACC  GG CC  GGCAA GGG CC CUGUU
  ind_0039_00044 147 GGUCAGACCACGGUCCAAGGCAACGGGGCCGCUGUU 182
                     ************************************ PP

>> ind_0039_00011  
 rank     E-value  score  bias mdl mdl from   mdl to       seq from      seq to       acc trunc   gc
 ----   --------- ------ ----- --- -------- --------    ----------- -----------      ---- ----- ----
  (3) !   7.6e-08   34.3   0.0  cm        1       36 []         147         182 + .. 1.00    no 0.64

                                                          NC
                     :::::<<<--<<<<<<_________>>>>>>-->>> CS
  patent_aligned   1 GGUCAGACCCUGGUCCGGGGCAAUGGGACCACUGUU 36 
                     GGUCA:ACC  GG CC  GGCAA GGG CC CUGU:
  ind_0039_00011 147 GGUCAAACCACGGUCCAAGGCAACGGGGCCGCUGUU 182
                     ************************************ PP

>> ind_0039_00000  
 rank     E-value  score  bias mdl mdl from   mdl to       seq from      seq to       acc trunc   gc
 ----   --------- ------ ----- --- -------- --------    ----------- -----------      ---- ----- ----
  (4) !   7.9e-08   34.2   0.0  cm        1       36 []         147         182 + .. 1.00    no 0.67

                                                          NC
                     :::::<<<--<<<<<<_________>>>>>>-->>> CS
  patent_aligned   1 GGUCAGACCCUGGUCCGGGGCAAUGGGACCACUGUU 36 
                     GGUC :ACCC GG CC  GGCAA GGG CC CUGU:
  ind_0039_00000 147 GGUCUAACCCCGGUCCAAGGCAACGGGGCCGCUGUU 182
                     ************************************ PP

>> ind_0039_00038  
 rank     E-value  score  bias mdl mdl from   mdl to       seq from      seq to       acc trunc   gc
 ----   --------- ------ ----- --- -------- --------    ----------- -----------      ---- ----- ----
  (5) !   7.9e-08   34.2   0.0  cm        1       36 []         147         182 + .. 1.00    no 0.67

                                                          NC
                     :::::<<<--<<<<<<_________>>>>>>-->>> CS
  patent_aligned   1 GGUCAGACCCUGGUCCGGGGCAAUGGGACCACUGUU 36 
                     GGUC :ACCC GG CC  GGCAA GGG CC CUGU:
  ind_0039_00038 147 GGUCUAACCCCGGUCCAAGGCAACGGGGCCGCUGUU 182
                     ************************************ PP

>> ind_0039_00046  
 rank     E-value  score  bias mdl mdl from   mdl to       seq from      seq to       acc trunc   gc
 ----   --------- ------ ----- --- -------- --------    ----------- -----------      ---- ----- ----
  (6) !   1.4e-07   33.2   0.0  cm        1       36 []         147         182 + .. 1.00    no 0.69

                                                          NC
                     :::::<<<--<<<<<<_________>>>>>>-->>> CS
  patent_aligned   1 GGUCAGACCCUGGUCCGGGGCAAUGGGACCACUGUU 36 
                     GGUC GACC  GG CC  GGCAA GGG CC CUGUU
  ind_0039_00046 147 GGUCUGACCACGGCCCAAGGCAACGGGGCCGCUGUU 182
                     ************************************ PP

>> ind_0039_00015  
 rank     E-value  score  bias mdl mdl from   mdl to       seq from      seq to       acc trunc   gc
 ----   --------- ------ ----- --- -------- --------    ----------- -----------      ---- ----- ----
  (7) !   3.4e-07   31.8   0.0  cm        1       36 []         147         182 + .. 1.00    no 0.64

                                                          NC
                     :::::<<<--<<<<<<_________>>>>>>-->>> CS
  patent_aligned   1 GGUCAGACCCUGGUCCGGGGCAAUGGGACCACUGUU 36 
                     GGUCAGACC  GG CC   GCAA GGG CC CUGUU
  ind_0039_00015 147 GGUCAGACCACGGUCCAAAGCAACGGGGCCGCUGUU 182
                     ************************************ PP

>> ind_0039_00034  
 rank     E-value  score  bias mdl mdl from   mdl to       seq from      seq to       acc trunc   gc
 ----   --------- ------ ----- --- -------- --------    ----------- -----------      ---- ----- ----
  (8) !   3.5e-07   31.7   0.0  cm        1       36 []         147         181 + .. 1.00    no 0.71

                          v                             v NC
                     :::::<<<--<<<<<<_________>>>>>>-->>> CS
  patent_aligned   1 GGUCAGACCCUGGUCCGGGGCAAUGGGACCACUGUU 36 
                     GGUC GACC  GG CC GGGCAA GGG CC CUGU 
  ind_0039_00034 147 GGUCUGACCACGGUCCAGGGCAACGGGGCCGCUGU- 181
                     ***********************************. PP

>> ind_0039_00001  
 rank     E-value  score  bias mdl mdl from   mdl to       seq from      seq to       acc trunc   gc
 ----   --------- ------ ----- --- -------- --------    ----------- -----------      ---- ----- ----
  (9) !   4.7e-07   31.3   0.0  cm        1       36 []         147         182 + .. 1.00    no 0.67

                                                          NC
                     :::::<<<--<<<<<<_________>>>>>>-->>> CS
  patent_aligned   1 GGUCAGACCCUGGUCCGGGGCAAUGGGACCACUGUU 36 
                     GGUC GACC  GG CC  GGCAA GGG CC CUGUU
  ind_0039_00001 147 GGUCUGACCACGGUCCAAGGCAACGGGGCCGCUGUU 182
                     ************************************ PP

>> ind_0039_00002  
 rank     E-value  score  bias mdl mdl from   mdl to       seq from      seq to       acc trunc   gc
 ----   --------- ------ ----- --- -------- --------    ----------- -----------      ---- ----- ----
 (10) !   4.7e-07   31.3   0.0  cm        1       36 []         147         182 + .. 1.00    no 0.67

                                                          NC
                     :::::<<<--<<<<<<_________>>>>>>-->>> CS
  patent_aligned   1 GGUCAGACCCUGGUCCGGGGCAAUGGGACCACUGUU 36 
                     GGUC GACC  GG CC  GGCAA GGG CC CUGUU
  ind_0039_00002 147 GGUCUGACCACGGUCCAAGGCAACGGGGCCGCUGUU 182
                     ************************************ PP

>> ind_0039_00003  
 rank     E-value  score  bias mdl mdl from   mdl to       seq from      seq to       acc trunc   gc
 ----   --------- ------ ----- --- -------- --------    ----------- -----------      ---- ----- ----
 (11) !   4.7e-07   31.3   0.0  cm        1       36 []         147         182 + .. 1.00    no 0.67

                                                          NC
                     :::::<<<--<<<<<<_________>>>>>>-->>> CS
  patent_aligned   1 GGUCAGACCCUGGUCCGGGGCAAUGGGACCACUGUU 36 
                     GGUC GACC  GG CC  GGCAA GGG CC CUGUU
  ind_0039_00003 147 GGUCUGACCACGGUCCAAGGCAACGGGGCCGCUGUU 182
                     ************************************ PP

>> ind_0039_00004  
 rank     E-value  score  bias mdl mdl from   mdl to       seq from      seq to       acc trunc   gc
 ----   --------- ------ ----- --- -------- --------    ----------- -----------      ---- ----- ----
 (12) !   4.7e-07   31.3   0.0  cm        1       36 []         147         182 + .. 1.00    no 0.67

                                                          NC
                     :::::<<<--<<<<<<_________>>>>>>-->>> CS
  patent_aligned   1 GGUCAGACCCUGGUCCGGGGCAAUGGGACCACUGUU 36 
                     GGUC GACC  GG CC  GGCAA GGG CC CUGUU
  ind_0039_00004 147 GGUCUGACCACGGUCCAAGGCAACGGGGCCGCUGUU 182
                     ************************************ PP

>> ind_0039_00005  
 rank     E-value  score  bias mdl mdl from   mdl to       seq from      seq to       acc trunc   gc
 ----   --------- ------ ----- --- -------- --------    ----------- -----------      ---- ----- ----
 (13) !   4.7e-07   31.3   0.0  cm        1       36 []         147         182 + .. 1.00    no 0.67

                                                          NC
                     :::::<<<--<<<<<<_________>>>>>>-->>> CS
  patent_aligned   1 GGUCAGACCCUGGUCCGGGGCAAUGGGACCACUGUU 36 
                     GGUC GACC  GG CC  GGCAA GGG CC CUGUU
  ind_0039_00005 147 GGUCUGACCACGGUCCAAGGCAACGGGGCCGCUGUU 182
                     ************************************ PP

>> ind_0039_00006  
 rank     E-value  score  bias mdl mdl from   mdl to       seq from      seq to       acc trunc   gc
 ----   --------- ------ ----- --- -------- --------    ----------- -----------      ---- ----- ----
 (14) !   4.7e-07   31.3   0.0  cm        1       36 []         147         182 + .. 1.00    no 0.67

                                                          NC
                     :::::<<<--<<<<<<_________>>>>>>-->>> CS
  patent_aligned   1 GGUCAGACCCUGGUCCGGGGCAAUGGGACCACUGUU 36 
                     GGUC GACC  GG CC  GGCAA GGG CC CUGUU
  ind_0039_00006 147 GGUCUGACCACGGUCCAAGGCAACGGGGCCGCUGUU 182
                     ************************************ PP

>> ind_0039_00007  
 rank     E-value  score  bias mdl mdl from   mdl to       seq from      seq to       acc trunc   gc
 ----   --------- ------ ----- --- -------- --------    ----------- -----------      ---- ----- ----
 (15) !   4.7e-07   31.3   0.0  cm        1       36 []         147         182 + .. 1.00    no 0.67

                                                          NC
                     :::::<<<--<<<<<<_________>>>>>>-->>> CS
  patent_aligned   1 GGUCAGACCCUGGUCCGGGGCAAUGGGACCACUGUU 36 
                     GGUC GACC  GG CC  GGCAA GGG CC CUGUU
  ind_0039_00007 147 GGUCUGACCACGGUCCAAGGCAACGGGGCCGCUGUU 182
                     ************************************ PP

>> ind_0039_00010  
 rank     E-value  score  bias mdl mdl from   mdl to       seq from      seq to       acc trunc   gc
 ----   --------- ------ ----- --- -------- --------    ----------- -----------      ---- ----- ----
 (16) !   4.7e-07   31.3   0.0  cm        1       36 []         147         182 + .. 1.00    no 0.67

                                                          NC
                     :::::<<<--<<<<<<_________>>>>>>-->>> CS
  patent_aligned   1 GGUCAGACCCUGGUCCGGGGCAAUGGGACCACUGUU 36 
                     GGUC GACC  GG CC  GGCAA GGG CC CUGUU
  ind_0039_00010 147 GGUCUGACCACGGUCCAAGGCAACGGGGCCGCUGUU 182
                     ************************************ PP

>> ind_0039_00019  
 rank     E-value  score  bias mdl mdl from   mdl to       seq from      seq to       acc trunc   gc
 ----   --------- ------ ----- --- -------- --------    ----------- -----------      ---- ----- ----
 (17) !   4.7e-07   31.3   0.0  cm        1       36 []         147         182 + .. 1.00    no 0.67

                                                          NC
                     :::::<<<--<<<<<<_________>>>>>>-->>> CS
  patent_aligned   1 GGUCAGACCCUGGUCCGGGGCAAUGGGACCACUGUU 36 
                     GGUC GACC  GG CC  GGCAA GGG CC CUGUU
  ind_0039_00019 147 GGUCUGACCACGGUCCAAGGCAACGGGGCCGCUGUU 182
                     ************************************ PP

>> ind_0039_00023  
 rank     E-value  score  bias mdl mdl from   mdl to       seq from      seq to       acc trunc   gc
 ----   --------- ------ ----- --- -------- --------    ----------- -----------      ---- ----- ----
 (18) !   4.7e-07   31.3   0.0  cm        1       36 []         147         182 + .. 1.00    no 0.67

                                                          NC
                     :::::<<<--<<<<<<_________>>>>>>-->>> CS
  patent_aligned   1 GGUCAGACCCUGGUCCGGGGCAAUGGGACCACUGUU 36 
                     GGUC GACC  GG CC  GGCAA GGG CC CUGUU
  ind_0039_00023 147 GGUCUGACCACGGUCCAAGGCAACGGGGCCGCUGUU 182
                     ************************************ PP

>> ind_0039_00025  
 rank     E-value  score  bias mdl mdl from   mdl to       seq from      seq to       acc trunc   gc
 ----   --------- ------ ----- --- -------- --------    ----------- -----------      ---- ----- ----
 (19) !   4.7e-07   31.3   0.0  cm        1       36 []         147         182 + .. 1.00    no 0.67

                                                          NC
                     :::::<<<--<<<<<<_________>>>>>>-->>> CS
  patent_aligned   1 GGUCAGACCCUGGUCCGGGGCAAUGGGACCACUGUU 36 
                     GGUC GACC  GG CC  GGCAA GGG CC CUGUU
  ind_0039_00025 147 GGUCUGACCACGGUCCAAGGCAACGGGGCCGCUGUU 182
                     ************************************ PP

>> ind_0039_00026  
 rank     E-value  score  bias mdl mdl from   mdl to       seq from      seq to       acc trunc   gc
 ----   --------- ------ ----- --- -------- --------    ----------- -----------      ---- ----- ----
 (20) !   4.7e-07   31.3   0.0  cm        1       36 []         147         182 + .. 1.00    no 0.67

                                                          NC
                     :::::<<<--<<<<<<_________>>>>>>-->>> CS
  patent_aligned   1 GGUCAGACCCUGGUCCGGGGCAAUGGGACCACUGUU 36 
                     GGUC GACC  GG CC  GGCAA GGG CC CUGUU
  ind_0039_00026 147 GGUCUGACCACGGUCCAAGGCAACGGGGCCGCUGUU 182
                     ************************************ PP

>> ind_0039_00029  
 rank     E-value  score  bias mdl mdl from   mdl to       seq from      seq to       acc trunc   gc
 ----   --------- ------ ----- --- -------- --------    ----------- -----------      ---- ----- ----
 (21) !   4.7e-07   31.3   0.0  cm        1       36 []         147         182 + .. 1.00    no 0.67

                                                          NC
                     :::::<<<--<<<<<<_________>>>>>>-->>> CS
  patent_aligned   1 GGUCAGACCCUGGUCCGGGGCAAUGGGACCACUGUU 36 
                     GGUC GACC  GG CC  GGCAA GGG CC CUGUU
  ind_0039_00029 147 GGUCUGACCACGGUCCAAGGCAACGGGGCCGCUGUU 182
                     ************************************ PP

>> ind_0039_00037  
 rank     E-value  score  bias mdl mdl from   mdl to       seq from      seq to       acc trunc   gc
 ----   --------- ------ ----- --- -------- --------    ----------- -----------      ---- ----- ----
 (22) !   4.7e-07   31.3   0.0  cm        1       36 []         147         182 + .. 1.00    no 0.67

                                                          NC
                     :::::<<<--<<<<<<_________>>>>>>-->>> CS
  patent_aligned   1 GGUCAGACCCUGGUCCGGGGCAAUGGGACCACUGUU 36 
                     GGUC GACC  GG CC  GGCAA GGG CC CUGUU
  ind_0039_00037 147 GGUCUGACCACGGUCCAAGGCAACGGGGCCGCUGUU 182
                     ************************************ PP

>> ind_0039_00039  
 rank     E-value  score  bias mdl mdl from   mdl to       seq from      seq to       acc trunc   gc
 ----   --------- ------ ----- --- -------- --------    ----------- -----------      ---- ----- ----
 (23) !   4.7e-07   31.3   0.0  cm        1       36 []         147         182 + .. 1.00    no 0.67

                                                          NC
                     :::::<<<--<<<<<<_________>>>>>>-->>> CS
  patent_aligned   1 GGUCAGACCCUGGUCCGGGGCAAUGGGACCACUGUU 36 
                     GGUC GACC  GG CC  GGCAA GGG CC CUGUU
  ind_0039_00039 147 GGUCUGACCACGGUCCAAGGCAACGGGGCCGCUGUU 182
                     ************************************ PP

>> ind_0039_00045  
 rank     E-value  score  bias mdl mdl from   mdl to       seq from      seq to       acc trunc   gc
 ----   --------- ------ ----- --- -------- --------    ----------- -----------      ---- ----- ----
 (24) !   2.1e-06   28.8   0.0  cm        1       36 []         147         182 + .. 1.00    no 0.64

                                                          NC
                     :::::<<<--<<<<<<_________>>>>>>-->>> CS
  patent_aligned   1 GGUCAGACCCUGGUCCGGGGCAAUGGGACCACUGUU 36 
                     GGUC :ACC  GG CC  GGCAA GGG CC CUGU:
  ind_0039_00045 147 GGUCUAACCACGGUCCAAGGCAACGGGGCCGCUGUU 182
                     ************************************ PP

>> ind_0039_00016  
 rank     E-value  score  bias mdl mdl from   mdl to       seq from      seq to       acc trunc   gc
 ----   --------- ------ ----- --- -------- --------    ----------- -----------      ---- ----- ----
 (25) !   3.3e-06   28.1   0.0  cm        1       36 []         147         182 + .. 1.00    no 0.67

                                                          NC
                     :::::<<<--<<<<<<_________>>>>>>-->>> CS
  patent_aligned   1 GGUCAGACCCUGGUCCGGGGCAAUGGGACCACUGUU 36 
                     GGUC :ACC  GG CC  GGCAA GGG CC CUGU:
  ind_0039_00016 147 GGUCUAACCGCGGUCCAAGGCAACGGGGCCGCUGUU 182
                     ************************************ PP

>> ind_0039_00035  
 rank     E-value  score  bias mdl mdl from   mdl to       seq from      seq to       acc trunc   gc
 ----   --------- ------ ----- --- -------- --------    ----------- -----------      ---- ----- ----
 (26) !   3.7e-06   27.9   0.0  cm        1       36 []         147         182 + .. 1.00    no 0.67

                                                          NC
                     :::::<<<--<<<<<<_________>>>>>>-->>> CS
  patent_aligned   1 GGUCAGACCCUGGUCCGGGGCAAUGGGACCACUGUU 36 
                     GGUC GACC  GG CC  GG AA GGG CC CUGUU
  ind_0039_00035 147 GGUCUGACCACGGCCCAAGGAAACGGGGCCGCUGUU 182
                     ************************************ PP

>> ind_0039_00021  
 rank     E-value  score  bias mdl mdl from   mdl to       seq from      seq to       acc trunc   gc
 ----   --------- ------ ----- --- -------- --------    ----------- -----------      ---- ----- ----
 (27) !   6.4e-06   27.0   0.0  cm        1       36 []         147         182 + .. 1.00    no 0.69

                                                          NC
                     :::::<<<--<<<<<<_________>>>>>>-->>> CS
  patent_aligned   1 GGUCAGACCCUGGUCCGGGGCAAUGGGACCACUGUU 36 
                     GG C GACC  GG CC  GGCAA GGG CC CUGUU
  ind_0039_00021 147 GGCCUGACCACGGUCCAAGGCAACGGGGCCGCUGUU 182
                     ************************************ PP

>> ind_0039_00032  
 rank     E-value  score  bias mdl mdl from   mdl to       seq from      seq to       acc trunc   gc
 ----   --------- ------ ----- --- -------- --------    ----------- -----------      ---- ----- ----
 (28) !   7.3e-06   26.8   0.0  cm        1       36 []         147         182 + .. 1.00    no 0.64

                                                          NC
                     :::::<<<--<<<<<<_________>>>>>>-->>> CS
  patent_aligned   1 GGUCAGACCCUGGUCCGGGGCAAUGGGACCACUGUU 36 
                     GGU  GACC  GG CC  GGCAA GGG CC CUGUU
  ind_0039_00032 147 GGUUUGACCACGGUCCAAGGCAACGGGGCCGCUGUU 182
                     ************************************ PP

>> ind_0039_00042  
 rank     E-value  score  bias mdl mdl from   mdl to       seq from      seq to       acc trunc   gc
 ----   --------- ------ ----- --- -------- --------    ----------- -----------      ---- ----- ----
 (29) !   7.3e-06   26.8   0.0  cm        1       36 []         147         182 + .. 1.00    no 0.64

                                                          NC
                     :::::<<<--<<<<<<_________>>>>>>-->>> CS
  patent_aligned   1 GGUCAGACCCUGGUCCGGGGCAAUGGGACCACUGUU 36 
                     GGUC GAC   GG CC  GGCAA GGG CC CUGUU
  ind_0039_00042 147 GGUCUGACUACGGUCCAAGGCAACGGGGCCGCUGUU 182
                     ************************************ PP

>> ind_0039_00024  
 rank     E-value  score  bias mdl mdl from   mdl to       seq from      seq to       acc trunc   gc
 ----   --------- ------ ----- --- -------- --------    ----------- -----------      ---- ----- ----
 (30) !   7.4e-06   26.8   0.0  cm        1       36 []         147         182 + .. 0.98    no 0.67

                                    v         v           NC
                     :::::<<<--<<<<<<_________>>>>>>-->>> CS
  patent_aligned   1 GGUCAGACCCUGGUCCGGGGCAAUGGGACCACUGUU 36 
                     GGUCA:ACC  GG C   GGCAA G G CC CUGU:
  ind_0039_00024 147 GGUCAAACCACGGCCGAAGGCAACGGGGCCGCUGUU 182
                     *************99999****************** PP

>> ind_0039_00009  
 rank     E-value  score  bias mdl mdl from   mdl to       seq from      seq to       acc trunc   gc
 ----   --------- ------ ----- --- -------- --------    ----------- -----------      ---- ----- ----
 (31) !   9.5e-06   26.4   0.0  cm        1       36 []         147         182 + .. 1.00    no 0.64

                                                          NC
                     :::::<<<--<<<<<<_________>>>>>>-->>> CS
  patent_aligned   1 GGUCAGACCCUGGUCCGGGGCAAUGGGACCACUGUU 36 
                     GGUC GACC  GG CC   GCAA GGG CC CUGUU
  ind_0039_00009 147 GGUCUGACCACGGUCCAAAGCAACGGGGCCGCUGUU 182
                     ************************************ PP

>> ind_0039_00020  
 rank     E-value  score  bias mdl mdl from   mdl to       seq from      seq to       acc trunc   gc
 ----   --------- ------ ----- --- -------- --------    ----------- -----------      ---- ----- ----
 (32) !   1.1e-05   26.1   0.0  cm        1       36 []         147         182 + .. 0.99    no 0.69

                                                          NC
                     :::::<<<--<<<<<<_________>>>>>>-->>> CS
  patent_aligned   1 GGUCAGACCCUGGUCCGGGGCAAUGGGACCACUGUU 36 
                     GGUC GACC  GG CC  GGCA  GGG CC CUGUU
  ind_0039_00020 147 GGUCUGACCACGGUCCAAGGCAGCGGGGCCGCUGUU 182
                     **********************999*********** PP

>> ind_0039_00030  
 rank     E-value  score  bias mdl mdl from   mdl to       seq from      seq to       acc trunc   gc
 ----   --------- ------ ----- --- -------- --------    ----------- -----------      ---- ----- ----
 (33) !   1.2e-05   26.0   0.0  cm        1       36 []         147         182 + .. 1.00    no 0.64

                                                          NC
                     :::::<<<--<<<<<<_________>>>>>>-->>> CS
  patent_aligned   1 GGUCAGACCCUGGUCCGGGGCAAUGGGACCACUGUU 36 
                     GGUC GACC  GG CC  GG AA GGG CC CUGUU
  ind_0039_00030 147 GGUCUGACCACGGUCCAAGGAAACGGGGCCGCUGUU 182
                     ************************************ PP

>> ind_0039_00012  
 rank     E-value  score  bias mdl mdl from   mdl to       seq from      seq to       acc trunc   gc
 ----   --------- ------ ----- --- -------- --------    ----------- -----------      ---- ----- ----
 (34) !   1.4e-05   25.8   0.0  cm        1       36 []         147         182 + .. 1.00    no 0.67

                               v                   v      NC
                     :::::<<<--<<<<<<_________>>>>>>-->>> CS
  patent_aligned   1 GGUCAGACCCUGGUCCGGGGCAAUGGGACCACUGUU 36 
                     GGUC GACC  GG CC  GGCAA GGG CC CUGUU
  ind_0039_00012 147 GGUCGGACCAAGGUCCAAGGCAACGGGGCCGCUGUU 182
                     ************************************ PP

>> ind_0039_00049  
 rank     E-value  score  bias mdl mdl from   mdl to       seq from      seq to       acc trunc   gc
 ----   --------- ------ ----- --- -------- --------    ----------- -----------      ---- ----- ----
 (35) !   1.5e-05   25.7   0.0  cm        1       36 []         147         182 + .. 0.99    no 0.69

                                                          NC
                     :::::<<<--<<<<<<_________>>>>>>-->>> CS
  patent_aligned   1 GGUCAGACCCUGGUCCGGGGCAAUGGGACCACUGUU 36 
                     GGUC GACC  GG CC  GGCA  GGG CC CUGUU
  ind_0039_00049 147 GGUCUGACCACGGUCCAAGGCACCGGGGCCGCUGUU 182
                     **********************999*********** PP

>> ind_0039_00040  
 rank     E-value  score  bias mdl mdl from   mdl to       seq from      seq to       acc trunc   gc
 ----   --------- ------ ----- --- -------- --------    ----------- -----------      ---- ----- ----
 (36) !     2e-05   25.1   0.0  cm        1       36 []         147         182 + .. 1.00    no 0.67

                                 v               v        NC
                     :::::<<<--<<<<<<_________>>>>>>-->>> CS
  patent_aligned   1 GGUCAGACCCUGGUCCGGGGCAAUGGGACCACUGUU 36 
                     GGUC :ACCC G  CC  GGCAA GGG  C CUGU:
  ind_0039_00040 147 GGUCUAACCCCGCUCCAAGGCAACGGGGCCGCUGUU 182
                     ************************************ PP

>> ind_0039_00013  
 rank     E-value  score  bias mdl mdl from   mdl to       seq from      seq to       acc trunc   gc
 ----   --------- ------ ----- --- -------- --------    ----------- -----------      ---- ----- ----
 (37) !   2.2e-05   25.0   0.0  cm        1       36 []         147         182 + .. 0.99    no 0.67

                                                          NC
                     :::::<<<--<<<<<<_________>>>>>>-->>> CS
  patent_aligned   1 GGUCAGACCCUGGUCCGGGGCAAUGGGACCACUGUU 36 
                     GGUC GACC  GG CC   GCAA GGG CC CUGUU
  ind_0039_00013 147 GGUCUGACCACGGUCCAACGCAACGGGGCCGCUGUU 182
                     *****************99***************** PP

>> ind_0039_00047  
 rank     E-value  score  bias mdl mdl from   mdl to       seq from      seq to       acc trunc   gc
 ----   --------- ------ ----- --- -------- --------    ----------- -----------      ---- ----- ----
 (38) !   2.5e-05   24.8   0.0  cm        1       36 []         147         182 + .. 0.99    no 0.64

                                    v         v           NC
                     :::::<<<--<<<<<<_________>>>>>>-->>> CS
  patent_aligned   1 GGUCAGACCCUGGUCCGGGGCAAUGGGACCACUGUU 36 
                     GGUCA:ACC  GG C   GGCAA G G CC CUGU:
  ind_0039_00047 147 GGUCAAACCACGGUCCAAGGCAACGCGGCCGCUGUU 182
                     ************************99********** PP

>> ind_0039_00017  
 rank     E-value  score  bias mdl mdl from   mdl to       seq from      seq to       acc trunc   gc
 ----   --------- ------ ----- --- -------- --------    ----------- -----------      ---- ----- ----
 (39) !   2.7e-05   24.7   0.0  cm        1       36 []         147         182 + .. 0.99    no 0.67

                                    v         v           NC
                     :::::<<<--<<<<<<_________>>>>>>-->>> CS
  patent_aligned   1 GGUCAGACCCUGGUCCGGGGCAAUGGGACCACUGUU 36 
                     GGUC :ACCC GG C   GGCAA G G CC CUGU:
  ind_0039_00017 147 GGUCUAACCCCGGUCGAAGGCAACGGGGCCGCUGUU 182
                     ****************9******************* PP

>> ind_0039_00018  
 rank     E-value  score  bias mdl mdl from   mdl to       seq from      seq to       acc trunc   gc
 ----   --------- ------ ----- --- -------- --------    ----------- -----------      ---- ----- ----
 (40) !   3.2e-05   24.4   0.0  cm        1       36 []         147         180 + .. 1.00    no 0.71

                          vv                           vv NC
                     :::::<<<--<<<<<<_________>>>>>>-->>> CS
  patent_aligned   1 GGUCAGACCCUGGUCCGGGGCAAUGGGACCACUGUU 36 
                     GGUC GACC  GG CC  GGCAA GGG CC CUG  
  ind_0039_00018 147 GGUCUGACCACGGUCCAAGGCAACGGGGCCGCUG-- 180
                     **********************************.. PP

>> ind_0039_00048  
 rank     E-value  score  bias mdl mdl from   mdl to       seq from      seq to       acc trunc   gc
 ----   --------- ------ ----- --- -------- --------    ----------- -----------      ---- ----- ----
 (41) !   4.8e-05   23.7   0.0  cm        1       36 []         147         182 + .. 0.98    no 0.69

                                                          NC
                     :::::<<<--<<<<<<_________>>>>>>-->>> CS
  patent_aligned   1 GGUCAGACCCUGGUCCGGGGCAAUGGGACCACUGUU 36 
                     GGUC GACC  GG CC   GCAA GGG CC CUGUU
  ind_0039_00048 147 GGUCUGACCACGGUCCCACGCAACGGGGCCGCUGUU 182
                     ****************999999999*********** PP

>> ind_0039_00014  
 rank     E-value  score  bias mdl mdl from   mdl to       seq from      seq to       acc trunc   gc
 ----   --------- ------ ----- --- -------- --------    ----------- -----------      ---- ----- ----
 (42) !     6e-05   23.4   0.0  cm        1       36 []         147         182 + .. 1.00    no 0.67

                            v                         v   NC
                     :::::<<<--<<<<<<_________>>>>>>-->>> CS
  patent_aligned   1 GGUCAGACCCUGGUCCGGGGCAAUGGGACCACUGUU 36 
                      GUC GA C  GG CCG GGCAA GGG CC CU UU
  ind_0039_00014 147 CGUCUGACCACGGUCCGAGGCAACGGGGCCGCUAUU 182
                     ************************************ PP

>> ind_0039_00028  
 rank     E-value  score  bias mdl mdl from   mdl to       seq from      seq to       acc trunc   gc
 ----   --------- ------ ----- --- -------- --------    ----------- -----------      ---- ----- ----
 (43) !   0.00011   22.4   0.0  cm        1       36 []         147         182 + .. 1.00    no 0.64

                                   v           v          NC
                     :::::<<<--<<<<<<_________>>>>>>-->>> CS
  patent_aligned   1 GGUCAGACCCUGGUCCGGGGCAAUGGGACCACUGUU 36 
                     GGUC GACC  GG  C  GGCAA GG  CC CUGUU
  ind_0039_00028 147 GGUCUGACCACGGUCCAAGGCAACGGUGCCGCUGUU 182
                     ************************************ PP

>> ind_0039_00036  
 rank     E-value  score  bias mdl mdl from   mdl to       seq from      seq to       acc trunc   gc
 ----   --------- ------ ----- --- -------- --------    ----------- -----------      ---- ----- ----
 (44) !   0.00012   22.2   0.0  cm        1       36 []         147         182 + .. 1.00    no 0.67

                                v                 v       NC
                     :::::<<<--<<<<<<_________>>>>>>-->>> CS
  patent_aligned   1 GGUCAGACCCUGGUCCGGGGCAAUGGGACCACUGUU 36 
                     GGUC GACC   G CC  GGCAA GGG C  CUGUU
  ind_0039_00036 147 GGUCUGACCACCGUCCAAGGCAACGGGGCCGCUGUU 182
                     ************************************ PP

>> ind_0039_00031  
 rank     E-value  score  bias mdl mdl from   mdl to       seq from      seq to       acc trunc   gc
 ----   --------- ------ ----- --- -------- --------    ----------- -----------      ---- ----- ----
 (45) !   0.00014   21.9   0.0  cm        1       36 []         147         182 + .. 1.00    no 0.67

                            v                         v   NC
                     :::::<<<--<<<<<<_________>>>>>>-->>> CS
  patent_aligned   1 GGUCAGACCCUGGUCCGGGGCAAUGGGACCACUGUU 36 
                     GGUC GA C  GG CC  GGCAA GGG CC CU UU
  ind_0039_00031 147 GGUCUGACCACGGUCCAAGGCAACGGGGCCGCUCUU 182
                     ************************************ PP

>> ind_0039_00041  
 rank     E-value  score  bias mdl mdl from   mdl to       seq from      seq to       acc trunc   gc
 ----   --------- ------ ----- --- -------- --------    ----------- -----------      ---- ----- ----
 (46) !   0.00025   21.0   0.0  cm        1       36 []         147         182 + .. 1.00    no 0.67

                                 v               v        NC
                     :::::<<<--<<<<<<_________>>>>>>-->>> CS
  patent_aligned   1 GGUCAGACCCUGGUCCGGGGCAAUGGGACCACUGUU 36 
                     GGUC GACC  G  CC  GGCAA GGG  C CUGUU
  ind_0039_00041 147 GGUCUGACCACGGUCCAAGGCAAGGGGGGCGCUGUU 182
                     ************************************ PP

>> ind_0039_00043  
 rank     E-value  score  bias mdl mdl from   mdl to       seq from      seq to       acc trunc   gc
 ----   --------- ------ ----- --- -------- --------    ----------- -----------      ---- ----- ----
 (47) !   0.00054   19.8   0.0  cm        1       36 []         147         182 + .. 1.00    no 0.64

                           v                           v  NC
                     :::::<<<--<<<<<<_________>>>>>>-->>> CS
  patent_aligned   1 GGUCAGACCCUGGUCCGGGGCAAUGGGACCACUGUU 36 
                     GGUC G C   GG CC  GGCAA GGG CC CUG U
  ind_0039_00043 147 GGUCUGUCUACGGUCCAAGGCAACGGGGCCGCUGUU 182
                     ************************************ PP

>> ind_0039_00033  
 rank     E-value  score  bias mdl mdl from   mdl to       seq from      seq to       acc trunc   gc
 ----   --------- ------ ----- --- -------- --------    ----------- -----------      ---- ----- ----
 (48) !   0.00056   19.7   0.0  cm        1       36 []         147         182 + .. 0.94    no 0.58

                                    v         v           NC
                     :::::<<<--<<<<<<_________>>>>>>-->>> CS
  patent_aligned   1 GGUCAGACCCUGGUCCGGGGCAAUGGGACCACUGUU 36 
                     GGUCAGAC   GG C    GCAA G G CC CUGUU
  ind_0039_00033 147 GGUCAGACUACGGUCCAAAGCAACGAGGCCGCUGUU 182
                     ***************988888888889********* PP

>> ind_0039_00022  
 rank     E-value  score  bias mdl mdl from   mdl to       seq from      seq to       acc trunc   gc
 ----   --------- ------ ----- --- -------- --------    ----------- -----------      ---- ----- ----
 (49) !    0.0025   17.3   0.0  cm        1       36 []         147         182 + .. 0.99    no 0.64

                                    v         v           NC
                     :::::<<<--<<<<<<_________>>>>>>-->>> CS
  patent_aligned   1 GGUCAGACCCUGGUCCGGGGCAAUGGGACCACUGUU 36 
                     GGUC GAC   GG C   GGCAA G G CC CUGUU
  ind_0039_00022 147 GGUCUGACUACGGUCGAAGGCAACGGGGCCGCUGUU 182
                     ****************9******************* PP

>> ind_0039_00027  
 rank     E-value  score  bias mdl mdl from   mdl to       seq from      seq to       acc trunc   gc
 ----   --------- ------ ----- --- -------- --------    ----------- -----------      ---- ----- ----
 (50) ?     0.017   14.1   0.0  cm        1       36 []         147         182 + .. 0.98    no 0.64

                                v   v         v   v       NC
                     :::::<<<--<<<<<<_________>>>>>>-->>> CS
  patent_aligned   1 GGUCAGACCCUGGUCCGGGGCAAUGGGACCACUGUU 36 
                     GGUC GACC   G C   GGCAA G G C  CUGUU
  ind_0039_00027 147 GGUCUGACCACAGUCCAAGGCAACGCGGCCGCUGUU 182
                     ***********************99999******** PP

>> ind_0039_00048  
 rank     E-value  score  bias mdl mdl from   mdl to       seq from      seq to       acc trunc   gc
 ----   --------- ------ ----- --- -------- --------    ----------- -----------      ---- ----- ----
 (51) ?     0.045   12.5   0.0  cm        1       36 []         155         141 - .. 0.98    no 0.53

                                        NC
                     :::::<<<-~~~~~~>>> CS
  patent_aligned   1 GGUCAGACC*[24]*GUU 36 
                     GGUCAGACC      GUU
  ind_0039_00048 155 GGUCAGACC*[ 3]*GUU 141
                     ********8...9..*** PP

>> ind_0039_00035  
 rank     E-value  score  bias mdl mdl from   mdl to       seq from      seq to       acc trunc   gc
 ----   --------- ------ ----- --- -------- --------    ----------- -----------      ---- ----- ----
 (52) ?      0.08   11.6   0.0  cm        1       36 []         155         119 - .. 0.92    no 0.41

                                           NC
                     :::::<<<--~~~~~~-->>> CS
  patent_aligned   1 GGUCAGACCC*[21]*CUGUU 36 
                     GGUCAGACC       C GUU
  ind_0039_00035 155 GGUCAGACCA*[22]*CAGUU 119
                     ********95...9..55*** PP

>> ind_0039_00008  
 rank     E-value  score  bias mdl mdl from   mdl to       seq from      seq to       acc trunc   gc
 ----   --------- ------ ----- --- -------- --------    ----------- -----------      ---- ----- ----
 (53) ?     0.084   11.5   0.0  cm        1       36 []         155         119 - .. 0.92    no 0.41

                                         NC
                     :::::<<<--~~~~~~>>> CS
  patent_aligned   1 GGUCAGACCC*[23]*GUU 36 
                     GGUCAGACC       GUU
  ind_0039_00008 155 GGUCAGACCA*[24]*GUU 119
                     ********95...9..*** PP

>> ind_0039_00027  
 rank     E-value  score  bias mdl mdl from   mdl to       seq from      seq to       acc trunc   gc
 ----   --------- ------ ----- --- -------- --------    ----------- -----------      ---- ----- ----
 (54) ?      0.14   10.6   0.0  cm        1       36 []         155         119 - .. 0.99    no 0.49

                                        NC
                     :::::<<<-~~~~~~>>> CS
  patent_aligned   1 GGUCAGACC*[24]*GUU 36 
                     GGUCAGACC      GUU
  ind_0039_00027 155 GGUCAGACC*[25]*GUU 119
                     ********8...*..*** PP

>> ind_0039_00020  
 rank     E-value  score  bias mdl mdl from   mdl to       seq from      seq to       acc trunc   gc
 ----   --------- ------ ----- --- -------- --------    ----------- -----------      ---- ----- ----
 (55) ?      0.14   10.6   0.0  cm        1       36 []         155         119 - .. 0.99    no 0.43

                                        NC
                     :::::<<<-~~~~~~>>> CS
  patent_aligned   1 GGUCAGACC*[24]*GUU 36 
                     GGUCAGACC      GUU
  ind_0039_00020 155 GGUCAGACC*[25]*GUU 119
                     ********8...*..*** PP

>> ind_0039_00026  
 rank     E-value  score  bias mdl mdl from   mdl to       seq from      seq to       acc trunc   gc
 ----   --------- ------ ----- --- -------- --------    ----------- -----------      ---- ----- ----
 (56) ?      0.14   10.6   0.0  cm        1       36 []         155         119 - .. 0.99    no 0.49

                                        NC
                     :::::<<<-~~~~~~>>> CS
  patent_aligned   1 GGUCAGACC*[24]*GUU 36 
                     GGUCAGACC      GUU
  ind_0039_00026 155 GGUCAGACC*[25]*GUU 119
                     ********8...*..*** PP

>> ind_0039_00003  
 rank     E-value  score  bias mdl mdl from   mdl to       seq from      seq to       acc trunc   gc
 ----   --------- ------ ----- --- -------- --------    ----------- -----------      ---- ----- ----
 (57) ?      0.14   10.6   0.0  cm        1       36 []         155         119 - .. 0.99    no 0.46

                                        NC
                     :::::<<<-~~~~~~>>> CS
  patent_aligned   1 GGUCAGACC*[24]*GUU 36 
                     GGUCAGACC      GUU
  ind_0039_00003 155 GGUCAGACC*[25]*GUU 119
                     ********8...*..*** PP

>> ind_0039_00004  
 rank     E-value  score  bias mdl mdl from   mdl to       seq from      seq to       acc trunc   gc
 ----   --------- ------ ----- --- -------- --------    ----------- -----------      ---- ----- ----
 (58) ?      0.14   10.6   0.0  cm        1       36 []         155         119 - .. 0.99    no 0.46

                                        NC
                     :::::<<<-~~~~~~>>> CS
  patent_aligned   1 GGUCAGACC*[24]*GUU 36 
                     GGUCAGACC      GUU
  ind_0039_00004 155 GGUCAGACC*[25]*GUU 119
                     ********8...*..*** PP

>> ind_0039_00010  
 rank     E-value  score  bias mdl mdl from   mdl to       seq from      seq to       acc trunc   gc
 ----   --------- ------ ----- --- -------- --------    ----------- -----------      ---- ----- ----
 (59) ?      0.14   10.6   0.0  cm        1       36 []         155         119 - .. 0.99    no 0.46

                                        NC
                     :::::<<<-~~~~~~>>> CS
  patent_aligned   1 GGUCAGACC*[24]*GUU 36 
                     GGUCAGACC      GUU
  ind_0039_00010 155 GGUCAGACC*[25]*GUU 119
                     ********8...*..*** PP

>> ind_0039_00023  
 rank     E-value  score  bias mdl mdl from   mdl to       seq from      seq to       acc trunc   gc
 ----   --------- ------ ----- --- -------- --------    ----------- -----------      ---- ----- ----
 (60) ?      0.14   10.6   0.0  cm        1       36 []         155         119 - .. 0.99    no 0.46

                                        NC
                     :::::<<<-~~~~~~>>> CS
  patent_aligned   1 GGUCAGACC*[24]*GUU 36 
                     GGUCAGACC      GUU
  ind_0039_00023 155 GGUCAGACC*[25]*GUU 119
                     ********8...*..*** PP

>> ind_0039_00028  
 rank     E-value  score  bias mdl mdl from   mdl to       seq from      seq to       acc trunc   gc
 ----   --------- ------ ----- --- -------- --------    ----------- -----------      ---- ----- ----
 (61) ?      0.14   10.6   0.0  cm        1       36 []         155         119 - .. 0.99    no 0.46

                                        NC
                     :::::<<<-~~~~~~>>> CS
  patent_aligned   1 GGUCAGACC*[24]*GUU 36 
                     GGUCAGACC      GUU
  ind_0039_00028 155 GGUCAGACC*[25]*GUU 119
                     ********8...*..*** PP

>> ind_0039_00034  
 rank     E-value  score  bias mdl mdl from   mdl to       seq from      seq to       acc trunc   gc
 ----   --------- ------ ----- --- -------- --------    ----------- -----------      ---- ----- ----
 (62) ?      0.14   10.6   0.0  cm        1       36 []         155         119 - .. 0.99    no 0.46

                                        NC
                     :::::<<<-~~~~~~>>> CS
  patent_aligned   1 GGUCAGACC*[24]*GUU 36 
                     GGUCAGACC      GUU
  ind_0039_00034 155 GGUCAGACC*[25]*GUU 119
                     ********8...*..*** PP

>> ind_0039_00046  
 rank     E-value  score  bias mdl mdl from   mdl to       seq from      seq to       acc trunc   gc
 ----   --------- ------ ----- --- -------- --------    ----------- -----------      ---- ----- ----
 (63) ?      0.14   10.6   0.0  cm        1       36 []         155         119 - .. 0.99    no 0.46

                                        NC
                     :::::<<<-~~~~~~>>> CS
  patent_aligned   1 GGUCAGACC*[24]*GUU 36 
                     GGUCAGACC      GUU
  ind_0039_00046 155 GGUCAGACC*[25]*GUU 119
                     ********8...*..*** PP

>> ind_0039_00013  
 rank     E-value  score  bias mdl mdl from   mdl to       seq from      seq to       acc trunc   gc
 ----   --------- ------ ----- --- -------- --------    ----------- -----------      ---- ----- ----
 (64) ?      0.14   10.6   0.0  cm        1       36 []         155         119 - .. 0.99    no 0.49

                                        NC
                     :::::<<<-~~~~~~>>> CS
  patent_aligned   1 GGUCAGACC*[24]*GUU 36 
                     GGUCAGACC      GUU
  ind_0039_00013 155 GGUCAGACC*[25]*GUU 119
                     ********8...*..*** PP

>> ind_0039_00036  
 rank     E-value  score  bias mdl mdl from   mdl to       seq from      seq to       acc trunc   gc
 ----   --------- ------ ----- --- -------- --------    ----------- -----------      ---- ----- ----
 (65) ?      0.15   10.6   0.0  cm        1       36 []         155         119 - .. 0.99    no 0.49

                                        NC
                     :::::<<<-~~~~~~>>> CS
  patent_aligned   1 GGUCAGACC*[24]*GUU 36 
                     GGUCAGACC      GUU
  ind_0039_00036 155 GGUCAGACC*[25]*GUU 119
                     ********8...*..*** PP

>> ind_0039_00039  
 rank     E-value  score  bias mdl mdl from   mdl to       seq from      seq to       acc trunc   gc
 ----   --------- ------ ----- --- -------- --------    ----------- -----------      ---- ----- ----
 (66) ?      0.15   10.6   0.0  cm        1       36 []         155         119 - .. 0.99    no 0.49

                                        NC
                     :::::<<<-~~~~~~>>> CS
  patent_aligned   1 GGUCAGACC*[24]*GUU 36 
                     GGUCAGACC      GUU
  ind_0039_00039 155 GGUCAGACC*[25]*GUU 119
                     ********8...*..*** PP

>> ind_0039_00027  
 rank     E-value  score  bias mdl mdl from   mdl to       seq from      seq to       acc trunc   gc
 ----   --------- ------ ----- --- -------- --------    ----------- -----------      ---- ----- ----
 (67) ?        39    1.5   0.0  cm        1       36 []         108         102 - .. 0.84    no 0.43

                                   NC
                     :::::<~~~~~~> CS
  patent_aligned   1 GGUCAG*[29]*U 36 
                     GGUCA:      :
  ind_0039_00027 108 GGUCAA*[ 0]*U 102
                     ****95......5 PP

>> ind_0039_00027  
 rank     E-value  score  bias mdl mdl from   mdl to       seq from      seq to       acc trunc   gc
 ----   --------- ------ ----- --- -------- --------    ----------- -----------      ---- ----- ----
 (68) ?   6.7e+02   -3.2   0.0  cm        1       36 []         101          99 - .. 0.90    no 0.67

                               NC
                     :::~~~~~~ CS
  patent_aligned   1 GGU*[33]* 36 
                     GGU      
  ind_0039_00027 101 GGU*[ 0]* 99 
                     *97...... PP



Internal CM pipeline statistics summary:
----------------------------------------
Query model(s):                                                  1  (36 consensus positions)
Target sequences:                                               50  (19700 residues searched)
Target sequences re-searched for truncated hits:                50  (10200 residues re-searched)
Windows   passing  local HMM SSV           filter:             283  (0.5368); expected (0.35)
Windows   passing  local HMM Viterbi       filter:                  (off)
Windows   passing  local HMM Viterbi  bias filter:                  (off)
Windows   passing  local HMM Forward       filter:             166  (0.3219); expected (0.02)
Windows   passing  local HMM Forward  bias filter:             162  (0.3083); expected (0.02)
Windows   passing glocal HMM Forward       filter:             119  (0.2543); expected (0.02)
Windows   passing glocal HMM Forward  bias filter:             114  (0.2372); expected (0.02)
Envelopes passing glocal HMM envelope defn filter:             114  (0.1605); expected (0.02)
Envelopes passing  local CM  CYK           filter:             107  (0.1511); expected (0.0001)
Total CM hits reported:                                         68  (0.0795); includes 0 truncated hit(s)

# CPU time: 0.89u 0.00s 00:00:00.89 Elapsed: 00:00:00.90
# Alignment of 49 hits satisfying inclusion thresholds saved to: optimization_a7/100gen/_workspace/cmsearch_logs/gen_0039/patent_cmsearch.sto
//
[ok]
