# cmsearch :: search CM(s) against a sequence database
# INFERNAL 1.1.5 (Sep 2023)
# Copyright (C) 2023 Howard Hughes Medical Institute.
# Freely distributed under the BSD open source license.
# - - - - - - - - - - - - - - - - - - - - - - - - - - - - - - - - - - - -
# query CM file:                         A7_analysis/patent.cm
# target sequence database:              /tmp/tmpva_hushr/queries.fa
# output directed to file:               optimization_a7/100gen/_workspace/cmsearch_logs/gen_0055/patent_cmsearch.out
# MSA of significant hits saved to file: optimization_a7/100gen/_workspace/cmsearch_logs/gen_0055/patent_cmsearch.sto
# tabular output of hits:                optimization_a7/100gen/_workspace/cmsearch_logs/gen_0055/patent_cmsearch.tblout
# max ASCII text line length:            unlimited
# sequence reporting threshold:          E-value <= 1000
# number of worker threads:              4
# - - - - - - - - - - - - - - - - - - - - - - - - - - - - - - - - - - - -

Query:       patent_aligned  [CLEN=36]
Hit scores:
 rank     E-value  score  bias  sequence        start    end   mdl trunc   gc  description
 ----   --------- ------ -----  -------------- ------ ------   --- ----- ----  -----------
  (1) !   2.4e-16   66.3   0.0  ind_0055_00000    147    182 +  cm    no 0.64  -
  (2) !   2.4e-16   66.3   0.0  ind_0055_00001    147    182 +  cm    no 0.64  -
  (3) !   2.4e-16   66.3   0.0  ind_0055_00012    147    182 +  cm    no 0.64  -
  (4) !   2.4e-16   66.3   0.0  ind_0055_00027    147    182 +  cm    no 0.64  -
  (5) !   2.4e-16   66.3   0.0  ind_0055_00035    147    182 +  cm    no 0.64  -
  (6) !   2.4e-16   66.3   0.0  ind_0055_00045    147    182 +  cm    no 0.64  -
  (7) !   2.4e-16   66.3   0.0  ind_0055_00046    147    182 +  cm    no 0.64  -
  (8) !   2.4e-16   66.3   0.0  ind_0055_00049    147    182 +  cm    no 0.64  -
  (9) !   3.4e-15   61.9   0.0  ind_0055_00048    147    182 +  cm    no 0.61  -
 (10) !   3.7e-15   61.8   0.0  ind_0055_00005    147    181 +  cm    no 0.66  -
 (11) !     5e-15   61.3   0.0  ind_0055_00002    147    182 +  cm    no 0.61  -
 (12) !     5e-15   61.3   0.0  ind_0055_00003    147    182 +  cm    no 0.61  -
 (13) !     5e-15   61.3   0.0  ind_0055_00004    147    182 +  cm    no 0.61  -
 (14) !     5e-15   61.3   0.0  ind_0055_00006    147    182 +  cm    no 0.61  -
 (15) !     5e-15   61.3   0.0  ind_0055_00008    147    182 +  cm    no 0.61  -
 (16) !     5e-15   61.3   0.0  ind_0055_00010    147    182 +  cm    no 0.61  -
 (17) !     5e-15   61.3   0.0  ind_0055_00011    147    182 +  cm    no 0.61  -
 (18) !     5e-15   61.3   0.0  ind_0055_00013    147    182 +  cm    no 0.61  -
 (19) !     5e-15   61.3   0.0  ind_0055_00016    147    182 +  cm    no 0.61  -
 (20) !     5e-15   61.3   0.0  ind_0055_00018    147    182 +  cm    no 0.61  -
 (21) !     5e-15   61.3   0.0  ind_0055_00019    147    182 +  cm    no 0.61  -
 (22) !     5e-15   61.3   0.0  ind_0055_00020    147    182 +  cm    no 0.61  -
 (23) !     5e-15   61.3   0.0  ind_0055_00021    147    182 +  cm    no 0.61  -
 (24) !     5e-15   61.3   0.0  ind_0055_00022    147    182 +  cm    no 0.61  -
 (25) !     5e-15   61.3   0.0  ind_0055_00023    147    182 +  cm    no 0.61  -
 (26) !     5e-15   61.3   0.0  ind_0055_00026    147    182 +  cm    no 0.61  -
 (27) !     5e-15   61.3   0.0  ind_0055_00029    147    182 +  cm    no 0.61  -
 (28) !     5e-15   61.3   0.0  ind_0055_00030    147    182 +  cm    no 0.61  -
 (29) !     5e-15   61.3   0.0  ind_0055_00031    147    182 +  cm    no 0.61  -
 (30) !     5e-15   61.3   0.0  ind_0055_00032    147    182 +  cm    no 0.61  -
 (31) !     5e-15   61.3   0.0  ind_0055_00034    147    182 +  cm    no 0.61  -
 (32) !     5e-15   61.3   0.0  ind_0055_00036    147    182 +  cm    no 0.61  -
 (33) !     5e-15   61.3   0.0  ind_0055_00038    147    182 +  cm    no 0.61  -
 (34) !     5e-15   61.3   0.0  ind_0055_00039    147    182 +  cm    no 0.61  -
 (35) !     5e-15   61.3   0.0  ind_0055_00040    147    182 +  cm    no 0.61  -
 (36) !     5e-15   61.3   0.0  ind_0055_00047    147    182 +  cm    no 0.61  -
 (37) !   2.2e-14   58.9   0.0  ind_0055_00042    147    182 +  cm    no 0.58  -
 (38) !   2.2e-14   58.9   0.0  ind_0055_00044    147    182 +  cm    no 0.58  -
 (39) !   7.9e-14   56.8   0.0  ind_0055_00015    147    182 +  cm    no 0.64  -
 (40) !   1.3e-13   56.0   0.0  ind_0055_00041    147    182 +  cm    no 0.61  -
 (41) !   1.4e-13   55.9   0.0  ind_0055_00014    147    182 +  cm    no 0.58  -
 (42) !   1.4e-13   55.9   0.0  ind_0055_00009    147    182 +  cm    no 0.61  -
 (43) !   1.6e-13   55.7   0.0  ind_0055_00024    147    182 +  cm    no 0.64  -
 (44) !   1.6e-13   55.7   0.0  ind_0055_00028    147    182 +  cm    no 0.64  -
 (45) !   1.7e-13   55.6   0.0  ind_0055_00043    147    182 +  cm    no 0.64  -
 (46) !   2.1e-13   55.2   0.0  ind_0055_00017    147    182 +  cm    no 0.61  -
 (47) !   2.4e-13   55.0   0.0  ind_0055_00033    147    182 +  cm    no 0.61  -
 (48) !   3.4e-13   54.4   0.0  ind_0055_00025    147    180 +  cm    no 0.65  -
 (49) !   2.8e-11   47.2   0.0  ind_0055_00007    147    182 +  cm    no 0.64  -
 (50) !   4.3e-11   46.5   0.0  ind_0055_00037    147    182 +  cm    no 0.61  -
 ------ inclusion threshold ------
 (51) ?     0.029   13.3   0.0  ind_0055_00009    155    142 -  cm    no 0.50  -
 (52) ?     0.034   13.0   0.0  ind_0055_00040    155    100 -  cm    no 0.54  -
 (53) ?      0.11   11.0   0.0  ind_0055_00030    155    142 -  cm    no 0.57  -
 (54) ?      0.11   11.0   0.0  ind_0055_00031    155    142 -  cm    no 0.57  -
 (55) ?   6.7e+02   -3.2   0.0  ind_0055_00009    135    133 -  cm    no 0.67  -
 (56) ?   7.5e+02   -3.4   0.0  ind_0055_00009    129    127 -  cm    no 0.33  -


Hit alignments:
>> ind_0055_00000  
 rank     E-value  score  bias mdl mdl from   mdl to       seq from      seq to       acc trunc   gc
 ----   --------- ------ ----- --- -------- --------    ----------- -----------      ---- ----- ----
  (1) !   2.4e-16   66.3   0.0  cm        1       36 []         147         182 + .. 1.00    no 0.64

                                                          NC
                     :::::<<<--<<<<<<_________>>>>>>-->>> CS
  patent_aligned   1 GGUCAGACCCUGGUCCGGGGCAAUGGGACCACUGUU 36 
                     GGUCAGACCCUGGUCCGGGGCAAUGGGACCACUGUU
  ind_0055_00000 147 GGUCAGACCCUGGUCCGGGGCAAUGGGACCACUGUU 182
                     ************************************ PP

>> ind_0055_00001  
 rank     E-value  score  bias mdl mdl from   mdl to       seq from      seq to       acc trunc   gc
 ----   --------- ------ ----- --- -------- --------    ----------- -----------      ---- ----- ----
  (2) !   2.4e-16   66.3   0.0  cm        1       36 []         147         182 + .. 1.00    no 0.64

                                                          NC
                     :::::<<<--<<<<<<_________>>>>>>-->>> CS
  patent_aligned   1 GGUCAGACCCUGGUCCGGGGCAAUGGGACCACUGUU 36 
                     GGUCAGACCCUGGUCCGGGGCAAUGGGACCACUGUU
  ind_0055_00001 147 GGUCAGACCCUGGUCCGGGGCAAUGGGACCACUGUU 182
                     ************************************ PP

>> ind_0055_00012  
 rank     E-value  score  bias mdl mdl from   mdl to       seq from      seq to       acc trunc   gc
 ----   --------- ------ ----- --- -------- --------    ----------- -----------      ---- ----- ----
  (3) !   2.4e-16   66.3   0.0  cm        1       36 []         147         182 + .. 1.00    no 0.64

                                                          NC
                     :::::<<<--<<<<<<_________>>>>>>-->>> CS
  patent_aligned   1 GGUCAGACCCUGGUCCGGGGCAAUGGGACCACUGUU 36 
                     GGUCAGACCCUGGUCCGGGGCAAUGGGACCACUGUU
  ind_0055_00012 147 GGUCAGACCCUGGUCCGGGGCAAUGGGACCACUGUU 182
                     ************************************ PP

>> ind_0055_00027  
 rank     E-value  score  bias mdl mdl from   mdl to       seq from      seq to       acc trunc   gc
 ----   --------- ------ ----- --- -------- --------    ----------- -----------      ---- ----- ----
  (4) !   2.4e-16   66.3   0.0  cm        1       36 []         147         182 + .. 1.00    no 0.64

                                                          NC
                     :::::<<<--<<<<<<_________>>>>>>-->>> CS
  patent_aligned   1 GGUCAGACCCUGGUCCGGGGCAAUGGGACCACUGUU 36 
                     GGUCAGACCCUGGUCCGGGGCAAUGGGACCACUGUU
  ind_0055_00027 147 GGUCAGACCCUGGUCCGGGGCAAUGGGACCACUGUU 182
                     ************************************ PP

>> ind_0055_00035  
 rank     E-value  score  bias mdl mdl from   mdl to       seq from      seq to       acc trunc   gc
 ----   --------- ------ ----- --- -------- --------    ----------- -----------      ---- ----- ----
  (5) !   2.4e-16   66.3   0.0  cm        1       36 []         147         182 + .. 1.00    no 0.64

                                                          NC
                     :::::<<<--<<<<<<_________>>>>>>-->>> CS
  patent_aligned   1 GGUCAGACCCUGGUCCGGGGCAAUGGGACCACUGUU 36 
                     GGUCAGACCCUGGUCCGGGGCAAUGGGACCACUGUU
  ind_0055_00035 147 GGUCAGACCCUGGUCCGGGGCAAUGGGACCACUGUU 182
                     ************************************ PP

>> ind_0055_00045  
 rank     E-value  score  bias mdl mdl from   mdl to       seq from      seq to       acc trunc   gc
 ----   --------- ------ ----- --- -------- --------    ----------- -----------      ---- ----- ----
  (6) !   2.4e-16   66.3   0.0  cm        1       36 []         147         182 + .. 1.00    no 0.64

                                                          NC
                     :::::<<<--<<<<<<_________>>>>>>-->>> CS
  patent_aligned   1 GGUCAGACCCUGGUCCGGGGCAAUGGGACCACUGUU 36 
                     GGUCAGACCCUGGUCCGGGGCAAUGGGACCACUGUU
  ind_0055_00045 147 GGUCAGACCCUGGUCCGGGGCAAUGGGACCACUGUU 182
                     ************************************ PP

>> ind_0055_00046  
 rank     E-value  score  bias mdl mdl from   mdl to       seq from      seq to       acc trunc   gc
 ----   --------- ------ ----- --- -------- --------    ----------- -----------      ---- ----- ----
  (7) !   2.4e-16   66.3   0.0  cm        1       36 []         147         182 + .. 1.00    no 0.64

                                                          NC
                     :::::<<<--<<<<<<_________>>>>>>-->>> CS
  patent_aligned   1 GGUCAGACCCUGGUCCGGGGCAAUGGGACCACUGUU 36 
                     GGUCAGACCCUGGUCCGGGGCAAUGGGACCACUGUU
  ind_0055_00046 147 GGUCAGACCCUGGUCCGGGGCAAUGGGACCACUGUU 182
                     ************************************ PP

>> ind_0055_00049  
 rank     E-value  score  bias mdl mdl from   mdl to       seq from      seq to       acc trunc   gc
 ----   --------- ------ ----- --- -------- --------    ----------- -----------      ---- ----- ----
  (8) !   2.4e-16   66.3   0.0  cm        1       36 []         147         182 + .. 1.00    no 0.64

                                                          NC
                     :::::<<<--<<<<<<_________>>>>>>-->>> CS
  patent_aligned   1 GGUCAGACCCUGGUCCGGGGCAAUGGGACCACUGUU 36 
                     GGUCAGACCCUGGUCCGGGGCAAUGGGACCACUGUU
  ind_0055_00049 147 GGUCAGACCCUGGUCCGGGGCAAUGGGACCACUGUU 182
                     ************************************ PP

>> ind_0055_00048  
 rank     E-value  score  bias mdl mdl from   mdl to       seq from      seq to       acc trunc   gc
 ----   --------- ------ ----- --- -------- --------    ----------- -----------      ---- ----- ----
  (9) !   3.4e-15   61.9   0.0  cm        1       36 []         147         182 + .. 1.00    no 0.61

                                                          NC
                     :::::<<<--<<<<<<_________>>>>>>-->>> CS
  patent_aligned   1 GGUCAGACCCUGGUCCGGGGCAAUGGGACCACUGUU 36 
                     G UCAGACCCUGGUCCGGGGCAAUGGGACCACUGUU
  ind_0055_00048 147 GAUCAGACCCUGGUCCGGGGCAAUGGGACCACUGUU 182
                     ************************************ PP

>> ind_0055_00005  
 rank     E-value  score  bias mdl mdl from   mdl to       seq from      seq to       acc trunc   gc
 ----   --------- ------ ----- --- -------- --------    ----------- -----------      ---- ----- ----
 (10) !   3.7e-15   61.8   0.0  cm        1       36 []         147         181 + .. 1.00    no 0.66

                          v                             v NC
                     :::::<<<--<<<<<<_________>>>>>>-->>> CS
  patent_aligned   1 GGUCAGACCCUGGUCCGGGGCAAUGGGACCACUGUU 36 
                     GGUCAGACCCUGGUCCGGGGCAAUGGGACCACUGU 
  ind_0055_00005 147 GGUCAGACCCUGGUCCGGGGCAAUGGGACCACUGU- 181
                     ***********************************. PP

>> ind_0055_00002  
 rank     E-value  score  bias mdl mdl from   mdl to       seq from      seq to       acc trunc   gc
 ----   --------- ------ ----- --- -------- --------    ----------- -----------      ---- ----- ----
 (11) !     5e-15   61.3   0.0  cm        1       36 []         147         182 + .. 1.00    no 0.61

                                                          NC
                     :::::<<<--<<<<<<_________>>>>>>-->>> CS
  patent_aligned   1 GGUCAGACCCUGGUCCGGGGCAAUGGGACCACUGUU 36 
                     GGUCAGACCCUGGUCCGGG CAAUGGGACCACUGUU
  ind_0055_00002 147 GGUCAGACCCUGGUCCGGGACAAUGGGACCACUGUU 182
                     ************************************ PP

>> ind_0055_00003  
 rank     E-value  score  bias mdl mdl from   mdl to       seq from      seq to       acc trunc   gc
 ----   --------- ------ ----- --- -------- --------    ----------- -----------      ---- ----- ----
 (12) !     5e-15   61.3   0.0  cm        1       36 []         147         182 + .. 1.00    no 0.61

                                                          NC
                     :::::<<<--<<<<<<_________>>>>>>-->>> CS
  patent_aligned   1 GGUCAGACCCUGGUCCGGGGCAAUGGGACCACUGUU 36 
                     GGUCAGACCCUGGUCCGGG CAAUGGGACCACUGUU
  ind_0055_00003 147 GGUCAGACCCUGGUCCGGGACAAUGGGACCACUGUU 182
                     ************************************ PP

>> ind_0055_00004  
 rank     E-value  score  bias mdl mdl from   mdl to       seq from      seq to       acc trunc   gc
 ----   --------- ------ ----- --- -------- --------    ----------- -----------      ---- ----- ----
 (13) !     5e-15   61.3   0.0  cm        1       36 []         147         182 + .. 1.00    no 0.61

                                                          NC
                     :::::<<<--<<<<<<_________>>>>>>-->>> CS
  patent_aligned   1 GGUCAGACCCUGGUCCGGGGCAAUGGGACCACUGUU 36 
                     GGUCAGACCCUGGUCCGGG CAAUGGGACCACUGUU
  ind_0055_00004 147 GGUCAGACCCUGGUCCGGGACAAUGGGACCACUGUU 182
                     ************************************ PP

>> ind_0055_00006  
 rank     E-value  score  bias mdl mdl from   mdl to       seq from      seq to       acc trunc   gc
 ----   --------- ------ ----- --- -------- --------    ----------- -----------      ---- ----- ----
 (14) !     5e-15   61.3   0.0  cm        1       36 []         147         182 + .. 1.00    no 0.61

                                                          NC
                     :::::<<<--<<<<<<_________>>>>>>-->>> CS
  patent_aligned   1 GGUCAGACCCUGGUCCGGGGCAAUGGGACCACUGUU 36 
                     GGUCAGACCCUGGUCCGGG CAAUGGGACCACUGUU
  ind_0055_00006 147 GGUCAGACCCUGGUCCGGGACAAUGGGACCACUGUU 182
                     ************************************ PP

>> ind_0055_00008  
 rank     E-value  score  bias mdl mdl from   mdl to       seq from      seq to       acc trunc   gc
 ----   --------- ------ ----- --- -------- --------    ----------- -----------      ---- ----- ----
 (15) !     5e-15   61.3   0.0  cm        1       36 []         147         182 + .. 1.00    no 0.61

                                                          NC
                     :::::<<<--<<<<<<_________>>>>>>-->>> CS
  patent_aligned   1 GGUCAGACCCUGGUCCGGGGCAAUGGGACCACUGUU 36 
                     GGUCAGACCCUGGUCCGGG CAAUGGGACCACUGUU
  ind_0055_00008 147 GGUCAGACCCUGGUCCGGGACAAUGGGACCACUGUU 182
                     ************************************ PP

>> ind_0055_00010  
 rank     E-value  score  bias mdl mdl from   mdl to       seq from      seq to       acc trunc   gc
 ----   --------- ------ ----- --- -------- --------    ----------- -----------      ---- ----- ----
 (16) !     5e-15   61.3   0.0  cm        1       36 []         147         182 + .. 1.00    no 0.61

                                                          NC
                     :::::<<<--<<<<<<_________>>>>>>-->>> CS
  patent_aligned   1 GGUCAGACCCUGGUCCGGGGCAAUGGGACCACUGUU 36 
                     GGUCAGACCCUGGUCCGGG CAAUGGGACCACUGUU
  ind_0055_00010 147 GGUCAGACCCUGGUCCGGGACAAUGGGACCACUGUU 182
                     ************************************ PP

>> ind_0055_00011  
 rank     E-value  score  bias mdl mdl from   mdl to       seq from      seq to       acc trunc   gc
 ----   --------- ------ ----- --- -------- --------    ----------- -----------      ---- ----- ----
 (17) !     5e-15   61.3   0.0  cm        1       36 []         147         182 + .. 1.00    no 0.61

                                                          NC
                     :::::<<<--<<<<<<_________>>>>>>-->>> CS
  patent_aligned   1 GGUCAGACCCUGGUCCGGGGCAAUGGGACCACUGUU 36 
                     GGUCAGACCCUGGUCCGGG CAAUGGGACCACUGUU
  ind_0055_00011 147 GGUCAGACCCUGGUCCGGGACAAUGGGACCACUGUU 182
                     ************************************ PP

>> ind_0055_00013  
 rank     E-value  score  bias mdl mdl from   mdl to       seq from      seq to       acc trunc   gc
 ----   --------- ------ ----- --- -------- --------    ----------- -----------      ---- ----- ----
 (18) !     5e-15   61.3   0.0  cm        1       36 []         147         182 + .. 1.00    no 0.61

                                                          NC
                     :::::<<<--<<<<<<_________>>>>>>-->>> CS
  patent_aligned   1 GGUCAGACCCUGGUCCGGGGCAAUGGGACCACUGUU 36 
                     GGUCAGACCCUGGUCCGGG CAAUGGGACCACUGUU
  ind_0055_00013 147 GGUCAGACCCUGGUCCGGGACAAUGGGACCACUGUU 182
                     ************************************ PP

>> ind_0055_00016  
 rank     E-value  score  bias mdl mdl from   mdl to       seq from      seq to       acc trunc   gc
 ----   --------- ------ ----- --- -------- --------    ----------- -----------      ---- ----- ----
 (19) !     5e-15   61.3   0.0  cm        1       36 []         147         182 + .. 1.00    no 0.61

                                                          NC
                     :::::<<<--<<<<<<_________>>>>>>-->>> CS
  patent_aligned   1 GGUCAGACCCUGGUCCGGGGCAAUGGGACCACUGUU 36 
                     GGUCAGACCCUGGUCCGGG CAAUGGGACCACUGUU
  ind_0055_00016 147 GGUCAGACCCUGGUCCGGGACAAUGGGACCACUGUU 182
                     ************************************ PP

>> ind_0055_00018  
 rank     E-value  score  bias mdl mdl from   mdl to       seq from      seq to       acc trunc   gc
 ----   --------- ------ ----- --- -------- --------    ----------- -----------      ---- ----- ----
 (20) !     5e-15   61.3   0.0  cm        1       36 []         147         182 + .. 1.00    no 0.61

                                                          NC
                     :::::<<<--<<<<<<_________>>>>>>-->>> CS
  patent_aligned   1 GGUCAGACCCUGGUCCGGGGCAAUGGGACCACUGUU 36 
                     GGUCAGACCCUGGUCCGGG CAAUGGGACCACUGUU
  ind_0055_00018 147 GGUCAGACCCUGGUCCGGGACAAUGGGACCACUGUU 182
                     ************************************ PP

>> ind_0055_00019  
 rank     E-value  score  bias mdl mdl from   mdl to       seq from      seq to       acc trunc   gc
 ----   --------- ------ ----- --- -------- --------    ----------- -----------      ---- ----- ----
 (21) !     5e-15   61.3   0.0  cm        1       36 []         147         182 + .. 1.00    no 0.61

                                                          NC
                     :::::<<<--<<<<<<_________>>>>>>-->>> CS
  patent_aligned   1 GGUCAGACCCUGGUCCGGGGCAAUGGGACCACUGUU 36 
                     GGUCAGACCCUGGUCCGGG CAAUGGGACCACUGUU
  ind_0055_00019 147 GGUCAGACCCUGGUCCGGGACAAUGGGACCACUGUU 182
                     ************************************ PP

>> ind_0055_00020  
 rank     E-value  score  bias mdl mdl from   mdl to       seq from      seq to       acc trunc   gc
 ----   --------- ------ ----- --- -------- --------    ----------- -----------      ---- ----- ----
 (22) !     5e-15   61.3   0.0  cm        1       36 []         147         182 + .. 1.00    no 0.61

                                                          NC
                     :::::<<<--<<<<<<_________>>>>>>-->>> CS
  patent_aligned   1 GGUCAGACCCUGGUCCGGGGCAAUGGGACCACUGUU 36 
                     GGUCAGACCCUGGUCCGGG CAAUGGGACCACUGUU
  ind_0055_00020 147 GGUCAGACCCUGGUCCGGGACAAUGGGACCACUGUU 182
                     ************************************ PP

>> ind_0055_00021  
 rank     E-value  score  bias mdl mdl from   mdl to       seq from      seq to       acc trunc   gc
 ----   --------- ------ ----- --- -------- --------    ----------- -----------      ---- ----- ----
 (23) !     5e-15   61.3   0.0  cm        1       36 []         147         182 + .. 1.00    no 0.61

                                                          NC
                     :::::<<<--<<<<<<_________>>>>>>-->>> CS
  patent_aligned   1 GGUCAGACCCUGGUCCGGGGCAAUGGGACCACUGUU 36 
                     GGUCAGACCCUGGUCCGGG CAAUGGGACCACUGUU
  ind_0055_00021 147 GGUCAGACCCUGGUCCGGGACAAUGGGACCACUGUU 182
                     ************************************ PP

>> ind_0055_00022  
 rank     E-value  score  bias mdl mdl from   mdl to       seq from      seq to       acc trunc   gc
 ----   --------- ------ ----- --- -------- --------    ----------- -----------      ---- ----- ----
 (24) !     5e-15   61.3   0.0  cm        1       36 []         147         182 + .. 1.00    no 0.61

                                                          NC
                     :::::<<<--<<<<<<_________>>>>>>-->>> CS
  patent_aligned   1 GGUCAGACCCUGGUCCGGGGCAAUGGGACCACUGUU 36 
                     GGUCAGACCCUGGUCCGGG CAAUGGGACCACUGUU
  ind_0055_00022 147 GGUCAGACCCUGGUCCGGGACAAUGGGACCACUGUU 182
                     ************************************ PP

>> ind_0055_00023  
 rank     E-value  score  bias mdl mdl from   mdl to       seq from      seq to       acc trunc   gc
 ----   --------- ------ ----- --- -------- --------    ----------- -----------      ---- ----- ----
 (25) !     5e-15   61.3   0.0  cm        1       36 []         147         182 + .. 1.00    no 0.61

                                                          NC
                     :::::<<<--<<<<<<_________>>>>>>-->>> CS
  patent_aligned   1 GGUCAGACCCUGGUCCGGGGCAAUGGGACCACUGUU 36 
                     GGUCAGACCCUGGUCCGGG CAAUGGGACCACUGUU
  ind_0055_00023 147 GGUCAGACCCUGGUCCGGGACAAUGGGACCACUGUU 182
                     ************************************ PP

>> ind_0055_00026  
 rank     E-value  score  bias mdl mdl from   mdl to       seq from      seq to       acc trunc   gc
 ----   --------- ------ ----- --- -------- --------    ----------- -----------      ---- ----- ----
 (26) !     5e-15   61.3   0.0  cm        1       36 []         147         182 + .. 1.00    no 0.61

                                                          NC
                     :::::<<<--<<<<<<_________>>>>>>-->>> CS
  patent_aligned   1 GGUCAGACCCUGGUCCGGGGCAAUGGGACCACUGUU 36 
                     GGUCAGACCCUGGUCCGGG CAAUGGGACCACUGUU
  ind_0055_00026 147 GGUCAGACCCUGGUCCGGGACAAUGGGACCACUGUU 182
                     ************************************ PP

>> ind_0055_00029  
 rank     E-value  score  bias mdl mdl from   mdl to       seq from      seq to       acc trunc   gc
 ----   --------- ------ ----- --- -------- --------    ----------- -----------      ---- ----- ----
 (27) !     5e-15   61.3   0.0  cm        1       36 []         147         182 + .. 1.00    no 0.61

                                                          NC
                     :::::<<<--<<<<<<_________>>>>>>-->>> CS
  patent_aligned   1 GGUCAGACCCUGGUCCGGGGCAAUGGGACCACUGUU 36 
                     GGUCAGACCCUGGUCCGGG CAAUGGGACCACUGUU
  ind_0055_00029 147 GGUCAGACCCUGGUCCGGGACAAUGGGACCACUGUU 182
                     ************************************ PP

>> ind_0055_00030  
 rank     E-value  score  bias mdl mdl from   mdl to       seq from      seq to       acc trunc   gc
 ----   --------- ------ ----- --- -------- --------    ----------- -----------      ---- ----- ----
 (28) !     5e-15   61.3   0.0  cm        1       36 []         147         182 + .. 1.00    no 0.61

                                                          NC
                     :::::<<<--<<<<<<_________>>>>>>-->>> CS
  patent_aligned   1 GGUCAGACCCUGGUCCGGGGCAAUGGGACCACUGUU 36 
                     GGUCAGACCCUGGUCCGGG CAAUGGGACCACUGUU
  ind_0055_00030 147 GGUCAGACCCUGGUCCGGGACAAUGGGACCACUGUU 182
                     ************************************ PP

>> ind_0055_00031  
 rank     E-value  score  bias mdl mdl from   mdl to       seq from      seq to       acc trunc   gc
 ----   --------- ------ ----- --- -------- --------    ----------- -----------      ---- ----- ----
 (29) !     5e-15   61.3   0.0  cm        1       36 []         147         182 + .. 1.00    no 0.61

                                                          NC
                     :::::<<<--<<<<<<_________>>>>>>-->>> CS
  patent_aligned   1 GGUCAGACCCUGGUCCGGGGCAAUGGGACCACUGUU 36 
                     GGUCAGACCCUGGUCCGGG CAAUGGGACCACUGUU
  ind_0055_00031 147 GGUCAGACCCUGGUCCGGGACAAUGGGACCACUGUU 182
                     ************************************ PP

>> ind_0055_00032  
 rank     E-value  score  bias mdl mdl from   mdl to       seq from      seq to       acc trunc   gc
 ----   --------- ------ ----- --- -------- --------    ----------- -----------      ---- ----- ----
 (30) !     5e-15   61.3   0.0  cm        1       36 []         147         182 + .. 1.00    no 0.61

                                                          NC
                     :::::<<<--<<<<<<_________>>>>>>-->>> CS
  patent_aligned   1 GGUCAGACCCUGGUCCGGGGCAAUGGGACCACUGUU 36 
                     GGUCAGACCCUGGUCCGGG CAAUGGGACCACUGUU
  ind_0055_00032 147 GGUCAGACCCUGGUCCGGGACAAUGGGACCACUGUU 182
                     ************************************ PP

>> ind_0055_00034  
 rank     E-value  score  bias mdl mdl from   mdl to       seq from      seq to       acc trunc   gc
 ----   --------- ------ ----- --- -------- --------    ----------- -----------      ---- ----- ----
 (31) !     5e-15   61.3   0.0  cm        1       36 []         147         182 + .. 1.00    no 0.61

                                                          NC
                     :::::<<<--<<<<<<_________>>>>>>-->>> CS
  patent_aligned   1 GGUCAGACCCUGGUCCGGGGCAAUGGGACCACUGUU 36 
                     GGUCAGACCCUGGUCCGGG CAAUGGGACCACUGUU
  ind_0055_00034 147 GGUCAGACCCUGGUCCGGGACAAUGGGACCACUGUU 182
                     ************************************ PP

>> ind_0055_00036  
 rank     E-value  score  bias mdl mdl from   mdl to       seq from      seq to       acc trunc   gc
 ----   --------- ------ ----- --- -------- --------    ----------- -----------      ---- ----- ----
 (32) !     5e-15   61.3   0.0  cm        1       36 []         147         182 + .. 1.00    no 0.61

                                                          NC
                     :::::<<<--<<<<<<_________>>>>>>-->>> CS
  patent_aligned   1 GGUCAGACCCUGGUCCGGGGCAAUGGGACCACUGUU 36 
                     GGUCAGACCCUGGUCCGGG CAAUGGGACCACUGUU
  ind_0055_00036 147 GGUCAGACCCUGGUCCGGGACAAUGGGACCACUGUU 182
                     ************************************ PP

>> ind_0055_00038  
 rank     E-value  score  bias mdl mdl from   mdl to       seq from      seq to       acc trunc   gc
 ----   --------- ------ ----- --- -------- --------    ----------- -----------      ---- ----- ----
 (33) !     5e-15   61.3   0.0  cm        1       36 []         147         182 + .. 1.00    no 0.61

                                                          NC
                     :::::<<<--<<<<<<_________>>>>>>-->>> CS
  patent_aligned   1 GGUCAGACCCUGGUCCGGGGCAAUGGGACCACUGUU 36 
                     GGUCAGACCCUGGUCCGGG CAAUGGGACCACUGUU
  ind_0055_00038 147 GGUCAGACCCUGGUCCGGGACAAUGGGACCACUGUU 182
                     ************************************ PP

>> ind_0055_00039  
 rank     E-value  score  bias mdl mdl from   mdl to       seq from      seq to       acc trunc   gc
 ----   --------- ------ ----- --- -------- --------    ----------- -----------      ---- ----- ----
 (34) !     5e-15   61.3   0.0  cm        1       36 []         147         182 + .. 1.00    no 0.61

                                                          NC
                     :::::<<<--<<<<<<_________>>>>>>-->>> CS
  patent_aligned   1 GGUCAGACCCUGGUCCGGGGCAAUGGGACCACUGUU 36 
                     GGUCAGACCCUGGUCCGGG CAAUGGGACCACUGUU
  ind_0055_00039 147 GGUCAGACCCUGGUCCGGGACAAUGGGACCACUGUU 182
                     ************************************ PP

>> ind_0055_00040  
 rank     E-value  score  bias mdl mdl from   mdl to       seq from      seq to       acc trunc   gc
 ----   --------- ------ ----- --- -------- --------    ----------- -----------      ---- ----- ----
 (35) !     5e-15   61.3   0.0  cm        1       36 []         147         182 + .. 1.00    no 0.61

                                                          NC
                     :::::<<<--<<<<<<_________>>>>>>-->>> CS
  patent_aligned   1 GGUCAGACCCUGGUCCGGGGCAAUGGGACCACUGUU 36 
                     GGUCAGACCCUGGUCCGGG CAAUGGGACCACUGUU
  ind_0055_00040 147 GGUCAGACCCUGGUCCGGGACAAUGGGACCACUGUU 182
                     ************************************ PP

>> ind_0055_00047  
 rank     E-value  score  bias mdl mdl from   mdl to       seq from      seq to       acc trunc   gc
 ----   --------- ------ ----- --- -------- --------    ----------- -----------      ---- ----- ----
 (36) !     5e-15   61.3   0.0  cm        1       36 []         147         182 + .. 1.00    no 0.61

                                                          NC
                     :::::<<<--<<<<<<_________>>>>>>-->>> CS
  patent_aligned   1 GGUCAGACCCUGGUCCGGGGCAAUGGGACCACUGUU 36 
                     GGUCAGACCCUGGUCCGGG CAAUGGGACCACUGUU
  ind_0055_00047 147 GGUCAGACCCUGGUCCGGGACAAUGGGACCACUGUU 182
                     ************************************ PP

>> ind_0055_00042  
 rank     E-value  score  bias mdl mdl from   mdl to       seq from      seq to       acc trunc   gc
 ----   --------- ------ ----- --- -------- --------    ----------- -----------      ---- ----- ----
 (37) !   2.2e-14   58.9   0.0  cm        1       36 []         147         182 + .. 1.00    no 0.58

                                                          NC
                     :::::<<<--<<<<<<_________>>>>>>-->>> CS
  patent_aligned   1 GGUCAGACCCUGGUCCGGGGCAAUGGGACCACUGUU 36 
                     GGUCA:ACCCUGGUCCGGG CAAUGGGACCACUGU:
  ind_0055_00042 147 GGUCAAACCCUGGUCCGGGACAAUGGGACCACUGUU 182
                     ************************************ PP

>> ind_0055_00044  
 rank     E-value  score  bias mdl mdl from   mdl to       seq from      seq to       acc trunc   gc
 ----   --------- ------ ----- --- -------- --------    ----------- -----------      ---- ----- ----
 (38) !   2.2e-14   58.9   0.0  cm        1       36 []         147         182 + .. 1.00    no 0.58

                                                          NC
                     :::::<<<--<<<<<<_________>>>>>>-->>> CS
  patent_aligned   1 GGUCAGACCCUGGUCCGGGGCAAUGGGACCACUGUU 36 
                     GGUCA:ACCCUGGUCCGGG CAAUGGGACCACUGU:
  ind_0055_00044 147 GGUCAAACCCUGGUCCGGGACAAUGGGACCACUGUU 182
                     ************************************ PP

>> ind_0055_00015  
 rank     E-value  score  bias mdl mdl from   mdl to       seq from      seq to       acc trunc   gc
 ----   --------- ------ ----- --- -------- --------    ----------- -----------      ---- ----- ----
 (39) !   7.9e-14   56.8   0.0  cm        1       36 []         147         182 + .. 1.00    no 0.64

                                                          NC
                     :::::<<<--<<<<<<_________>>>>>>-->>> CS
  patent_aligned   1 GGUCAGACCCUGGUCCGGGGCAAUGGGACCACUGUU 36 
                     GGUCAGACCCUGGUCCGGG CAAUGGGACCAC GUU
  ind_0055_00015 147 GGUCAGACCCUGGUCCGGGACAAUGGGACCACCGUU 182
                     ************************************ PP

>> ind_0055_00041  
 rank     E-value  score  bias mdl mdl from   mdl to       seq from      seq to       acc trunc   gc
 ----   --------- ------ ----- --- -------- --------    ----------- -----------      ---- ----- ----
 (40) !   1.3e-13   56.0   0.0  cm        1       36 []         147         182 + .. 1.00    no 0.61

                                                          NC
                     :::::<<<--<<<<<<_________>>>>>>-->>> CS
  patent_aligned   1 GGUCAGACCCUGGUCCGGGGCAAUGGGACCACUGUU 36 
                     GGUCAGACCCUGGUCCGGG C AUGGGACCACUGUU
  ind_0055_00041 147 GGUCAGACCCUGGUCCGGGACUAUGGGACCACUGUU 182
                     *********************9************** PP

>> ind_0055_00014  
 rank     E-value  score  bias mdl mdl from   mdl to       seq from      seq to       acc trunc   gc
 ----   --------- ------ ----- --- -------- --------    ----------- -----------      ---- ----- ----
 (41) !   1.4e-13   55.9   0.0  cm        1       36 []         147         182 + .. 1.00    no 0.58

                                                          NC
                     :::::<<<--<<<<<<_________>>>>>>-->>> CS
  patent_aligned   1 GGUCAGACCCUGGUCCGGGGCAAUGGGACCACUGUU 36 
                     GGUCAGA CCUGGUCCGGG CAAUGGGACCACU UU
  ind_0055_00014 147 GGUCAGAUCCUGGUCCGGGACAAUGGGACCACUGUU 182
                     ************************************ PP

>> ind_0055_00009  
 rank     E-value  score  bias mdl mdl from   mdl to       seq from      seq to       acc trunc   gc
 ----   --------- ------ ----- --- -------- --------    ----------- -----------      ---- ----- ----
 (42) !   1.4e-13   55.9   0.0  cm        1       36 []         147         182 + .. 1.00    no 0.61

                                                          NC
                     :::::<<<--<<<<<<_________>>>>>>-->>> CS
  patent_aligned   1 GGUCAGACCCUGGUCCGGGGCAAUGGGACCACUGUU 36 
                     GGUC GACCCUGGUCCGGG CAAUGGGACCACUGUU
  ind_0055_00009 147 GGUCUGACCCUGGUCCGGGACAAUGGGACCACUGUU 182
                     ************************************ PP

>> ind_0055_00024  
 rank     E-value  score  bias mdl mdl from   mdl to       seq from      seq to       acc trunc   gc
 ----   --------- ------ ----- --- -------- --------    ----------- -----------      ---- ----- ----
 (43) !   1.6e-13   55.7   0.0  cm        1       36 []         147         182 + .. 1.00    no 0.64

                                                          NC
                     :::::<<<--<<<<<<_________>>>>>>-->>> CS
  patent_aligned   1 GGUCAGACCCUGGUCCGGGGCAAUGGGACCACUGUU 36 
                     GGUCAGACCCUGGUCCGGG C AUGGGACCACUGUU
  ind_0055_00024 147 GGUCAGACCCUGGUCCGGGACCAUGGGACCACUGUU 182
                     *********************9************** PP

>> ind_0055_00028  
 rank     E-value  score  bias mdl mdl from   mdl to       seq from      seq to       acc trunc   gc
 ----   --------- ------ ----- --- -------- --------    ----------- -----------      ---- ----- ----
 (44) !   1.6e-13   55.7   0.0  cm        1       36 []         147         182 + .. 1.00    no 0.64

                                                          NC
                     :::::<<<--<<<<<<_________>>>>>>-->>> CS
  patent_aligned   1 GGUCAGACCCUGGUCCGGGGCAAUGGGACCACUGUU 36 
                     GGUCAGACCCUGGUCCGGG C AUGGGACCACUGUU
  ind_0055_00028 147 GGUCAGACCCUGGUCCGGGACCAUGGGACCACUGUU 182
                     *********************9************** PP

>> ind_0055_00043  
 rank     E-value  score  bias mdl mdl from   mdl to       seq from      seq to       acc trunc   gc
 ----   --------- ------ ----- --- -------- --------    ----------- -----------      ---- ----- ----
 (45) !   1.7e-13   55.6   0.0  cm        1       36 []         147         182 + .. 1.00    no 0.64

                                                          NC
                     :::::<<<--<<<<<<_________>>>>>>-->>> CS
  patent_aligned   1 GGUCAGACCCUGGUCCGGGGCAAUGGGACCACUGUU 36 
                     GGUC GACCCUGGUCCGGG CAAUGGGACCACUGUU
  ind_0055_00043 147 GGUCCGACCCUGGUCCGGGACAAUGGGACCACUGUU 182
                     ************************************ PP

>> ind_0055_00017  
 rank     E-value  score  bias mdl mdl from   mdl to       seq from      seq to       acc trunc   gc
 ----   --------- ------ ----- --- -------- --------    ----------- -----------      ---- ----- ----
 (46) !   2.1e-13   55.2   0.0  cm        1       36 []         147         182 + .. 1.00    no 0.61

                                                          NC
                     :::::<<<--<<<<<<_________>>>>>>-->>> CS
  patent_aligned   1 GGUCAGACCCUGGUCCGGGGCAAUGGGACCACUGUU 36 
                     GGUCAGACCCUGGUCCGGG CAAUGGGACCA UGUU
  ind_0055_00017 147 GGUCAGACCCUGGUCCGGGACAAUGGGACCAGUGUU 182
                     ************************************ PP

>> ind_0055_00033  
 rank     E-value  score  bias mdl mdl from   mdl to       seq from      seq to       acc trunc   gc
 ----   --------- ------ ----- --- -------- --------    ----------- -----------      ---- ----- ----
 (47) !   2.4e-13   55.0   0.0  cm        1       36 []         147         182 + .. 1.00    no 0.61

                                                          NC
                     :::::<<<--<<<<<<_________>>>>>>-->>> CS
  patent_aligned   1 GGUCAGACCCUGGUCCGGGGCAAUGGGACCACUGUU 36 
                     GGUCAGACCCUGGUCCG G CAAUGGGACCACUGUU
  ind_0055_00033 147 GGUCAGACCCUGGUCCGCGACAAUGGGACCACUGUU 182
                     ************************************ PP

>> ind_0055_00025  
 rank     E-value  score  bias mdl mdl from   mdl to       seq from      seq to       acc trunc   gc
 ----   --------- ------ ----- --- -------- --------    ----------- -----------      ---- ----- ----
 (48) !   3.4e-13   54.4   0.0  cm        1       36 []         147         180 + .. 1.00    no 0.65

                          vv                           vv NC
                     :::::<<<--<<<<<<_________>>>>>>-->>> CS
  patent_aligned   1 GGUCAGACCCUGGUCCGGGGCAAUGGGACCACUGUU 36 
                     GGUCAGACCCUGGUCCGGG CAAUGGGACCACUG  
  ind_0055_00025 147 GGUCAGACCCUGGUCCGGGACAAUGGGACCACUG-- 180
                     **********************************.. PP

>> ind_0055_00007  
 rank     E-value  score  bias mdl mdl from   mdl to       seq from      seq to       acc trunc   gc
 ----   --------- ------ ----- --- -------- --------    ----------- -----------      ---- ----- ----
 (49) !   2.8e-11   47.2   0.0  cm        1       36 []         147         182 + .. 0.99    no 0.64

                                    v         v           NC
                     :::::<<<--<<<<<<_________>>>>>>-->>> CS
  patent_aligned   1 GGUCAGACCCUGGUCCGGGGCAAUGGGACCACUGUU 36 
                     GGUCAG CCCUGGUC GGG CAAUG GACCACUG U
  ind_0055_00007 147 GGUCAGGCCCUGGUCGGGGACAAUGGGACCACUGUU 182
                     ************************************ PP

>> ind_0055_00037  
 rank     E-value  score  bias mdl mdl from   mdl to       seq from      seq to       acc trunc   gc
 ----   --------- ------ ----- --- -------- --------    ----------- -----------      ---- ----- ----
 (50) !   4.3e-11   46.5   0.0  cm        1       36 []         147         182 + .. 1.00    no 0.61

                                    v         v           NC
                     :::::<<<--<<<<<<_________>>>>>>-->>> CS
  patent_aligned   1 GGUCAGACCCUGGUCCGGGGCAAUGGGACCACUGUU 36 
                      GUCAGACCCUGGUC GGG CAAUG GACCACUGUU
  ind_0055_00037 147 CGUCAGACCCUGGUCCGGGACAAUGCGACCACUGUU 182
                     ************************************ PP

>> ind_0055_00009  
 rank     E-value  score  bias mdl mdl from   mdl to       seq from      seq to       acc trunc   gc
 ----   --------- ------ ----- --- -------- --------    ----------- -----------      ---- ----- ----
 (51) ?     0.029   13.3   0.0  cm        1       36 []         155         142 - .. 0.94    no 0.50

                                        NC
                     :::::<<<-~~~~~~>>> CS
  patent_aligned   1 GGUCAGACC*[24]*GUU 36 
                     GGUCAGACC      GUU
  ind_0055_00009 155 GGUCAGACC*[ 2]*GUU 142
                     ********9...6..*** PP

>> ind_0055_00040  
 rank     E-value  score  bias mdl mdl from   mdl to       seq from      seq to       acc trunc   gc
 ----   --------- ------ ----- --- -------- --------    ----------- -----------      ---- ----- ----
 (52) ?     0.034   13.0   0.0  cm        1       36 []         155         100 - .. 0.97    no 0.54

                                               NC
                     :::::<<<--<<~~~~~~>>-->>> CS
  patent_aligned   1 GGUCAGACCCUG*[17]*CACUGUU 36 
                     GGUC GACC UG      CACUGUU
  ind_0055_00040 155 GGUCUGACCUUG*[37]*CACUGUU 100
                     ***********9...9..******* PP

>> ind_0055_00030  
 rank     E-value  score  bias mdl mdl from   mdl to       seq from      seq to       acc trunc   gc
 ----   --------- ------ ----- --- -------- --------    ----------- -----------      ---- ----- ----
 (53) ?      0.11   11.0   0.0  cm        1       36 []         155         142 - .. 0.97    no 0.57

                                          NC
                     :::::<<<--~~~~~~->>> CS
  patent_aligned   1 GGUCAGACCC*[22]*UGUU 36 
                     GGUC GACCC      UGUU
  ind_0055_00030 155 GGUCUGACCC*[ 0]*UGUU 142
                     *********9......7*** PP

>> ind_0055_00031  
 rank     E-value  score  bias mdl mdl from   mdl to       seq from      seq to       acc trunc   gc
 ----   --------- ------ ----- --- -------- --------    ----------- -----------      ---- ----- ----
 (54) ?      0.11   11.0   0.0  cm        1       36 []         155         142 - .. 0.97    no 0.57

                                          NC
                     :::::<<<--~~~~~~->>> CS
  patent_aligned   1 GGUCAGACCC*[22]*UGUU 36 
                     GGUC GACCC      UGUU
  ind_0055_00031 155 GGUCUGACCC*[ 0]*UGUU 142
                     *********9......7*** PP

>> ind_0055_00009  
 rank     E-value  score  bias mdl mdl from   mdl to       seq from      seq to       acc trunc   gc
 ----   --------- ------ ----- --- -------- --------    ----------- -----------      ---- ----- ----
 (55) ?   6.7e+02   -3.2   0.0  cm        1       36 []         135         133 - .. 0.90    no 0.67

                               NC
                     :::~~~~~~ CS
  patent_aligned   1 GGU*[33]* 36 
                     GGU      
  ind_0055_00009 135 GGU*[ 0]* 133
                     *97...... PP

>> ind_0055_00009  
 rank     E-value  score  bias mdl mdl from   mdl to       seq from      seq to       acc trunc   gc
 ----   --------- ------ ----- --- -------- --------    ----------- -----------      ---- ----- ----
 (56) ?   7.5e+02   -3.4   0.0  cm       23       25 ..         129         127 - .. 1.00    no 0.33

                         NC
                     ___ CS
  patent_aligned  23 AUG 25 
                     AUG
  ind_0055_00009 129 AUG 127
                     *** PP



Internal CM pipeline statistics summary:
----------------------------------------
Query model(s):                                                  1  (36 consensus positions)
Target sequences:                                               50  (19700 residues searched)
Target sequences re-searched for truncated hits:                50  (10200 residues re-searched)
Windows   passing  local HMM SSV           filter:             268  (0.5534); expected (0.35)
Windows   passing  local HMM Viterbi       filter:                  (off)
Windows   passing  local HMM Viterbi  bias filter:                  (off)
Windows   passing  local HMM Forward       filter:             110  (0.1886); expected (0.02)
Windows   passing  local HMM Forward  bias filter:             110  (0.1886); expected (0.02)
Windows   passing glocal HMM Forward       filter:              57  (0.1156); expected (0.02)
Windows   passing glocal HMM Forward  bias filter:              57  (0.1156); expected (0.02)
Envelopes passing glocal HMM envelope defn filter:              57  (0.07064); expected (0.02)
Envelopes passing  local CM  CYK           filter:              56  (0.06816); expected (0.0001)
Total CM hits reported:                                         56  (0.06358); includes 0 truncated hit(s)

# CPU time: 0.06u 0.00s 00:00:00.06 Elapsed: 00:00:00.07
# Alignment of 50 hits satisfying inclusion thresholds saved to: optimization_a7/100gen/_workspace/cmsearch_logs/gen_0055/patent_cmsearch.sto
//
[ok]
